HTTPConnectionPool(host='web.dmi.unict.itcorsi', port=80): Max retries exceeded with url: /l-31 (Caused by NewConnectionError('<urllib3.connection.HTTPConnection object at 0x7fea6c1d9be0>: Failed to establish a new connection: [Errno -2] Name or service not known',))
HTTPConnectionPool(host='web.dmi.unict.itcorsi', port=80): Max retries exceeded with url: /l-35 (Caused by NewConnectionError('<urllib3.connection.HTTPConnection object at 0x7fea6c1d9c88>: Failed to establish a new connection: [Errno -2] Name or service not known',))
HTTPConnectionPool(host='web.dmi.unict.itcorsi', port=80): Max retries exceeded with url: /lm-18 (Caused by NewConnectionError('<urllib3.connection.HTTPConnection object at 0x7fea6c1d9780>: Failed to establish a new connection: [Errno -2] Name or service not known',))
HTTPConnectionPool(host='web.dmi.unict.itcorsi', port=80): Max retries exceeded with url: /lm-40 (Caused by NewConnectionError('<urllib3.connection.HTTPConnection object at 0x7fea6c1d9ef0>: Failed to establish a new connection: [Errno -2] Name or service not known',))
HTTPConnectionPool(host='web.dmi.unict.itcorsi', port=80): Max retries exceeded with url: /l-31 (Caused by NewConnectionError('<urllib3.connection.HTTPConnection object at 0x7f971808de48>: Failed to establish a new connection: [Errno -2] Name or service not known',))
HTTPConnectionPool(host='web.dmi.unict.itcorsi', port=80): Max retries exceeded with url: /l-35 (Caused by NewConnectionError('<urllib3.connection.HTTPConnection object at 0x7f971808ddd8>: Failed to establish a new connection: [Errno -2] Name or service not known',))
HTTPConnectionPool(host='web.dmi.unict.itcorsi', port=80): Max retries exceeded with url: /lm-18 (Caused by NewConnectionError('<urllib3.connection.HTTPConnection object at 0x7f971808dd30>: Failed to establish a new connection: [Errno -2] Name or service not known',))
HTTPConnectionPool(host='web.dmi.unict.itcorsi', port=80): Max retries exceeded with url: /lm-40 (Caused by NewConnectionError('<urllib3.connection.HTTPConnection object at 0x7f971808deb8>: Failed to establish a new connection: [Errno -2] Name or service not known',))
'NoneType' object has no attribute 'find_all'
HTTPConnectionPool(host='www.dieei.unict.itcorsi', port=80): Max retries exceeded with url: /l-8-ele (Caused by NewConnectionError('<urllib3.connection.HTTPConnection object at 0x7f9718972438>: Failed to establish a new connection: [Errno -2] Name or service not known',))
HTTPConnectionPool(host='www.dieei.unict.itcorsi', port=80): Max retries exceeded with url: /l-9 (Caused by NewConnectionError('<urllib3.connection.HTTPConnection object at 0x7f9718972d68>: Failed to establish a new connection: [Errno -2] Name or service not known',))
HTTPConnectionPool(host='www.dieei.unict.itcorsi', port=80): Max retries exceeded with url: /l-8-inf (Caused by NewConnectionError('<urllib3.connection.HTTPConnection object at 0x7f97189724a8>: Failed to establish a new connection: [Errno -2] Name or service not known',))
HTTPConnectionPool(host='www.dieei.unict.itcorsi', port=80): Max retries exceeded with url: /lm-25 (Caused by NewConnectionError('<urllib3.connection.HTTPConnection object at 0x7f9718972d68>: Failed to establish a new connection: [Errno -2] Name or service not known',))
HTTPConnectionPool(host='www.dieei.unict.itcorsi', port=80): Max retries exceeded with url: /lm-28 (Caused by NewConnectionError('<urllib3.connection.HTTPConnection object at 0x7f97189724a8>: Failed to establish a new connection: [Errno -2] Name or service not known',))
HTTPConnectionPool(host='www.dieei.unict.itcorsi', port=80): Max retries exceeded with url: /lm-29 (Caused by NewConnectionError('<urllib3.connection.HTTPConnection object at 0x7f96f3efca20>: Failed to establish a new connection: [Errno -2] Name or service not known',))
HTTPConnectionPool(host='www.dieei.unict.itcorsi', port=80): Max retries exceeded with url: /lm-27 (Caused by NewConnectionError('<urllib3.connection.HTTPConnection object at 0x7f96f3efc978>: Failed to establish a new connection: [Errno -2] Name or service not known',))
HTTPConnectionPool(host='www.dieei.unict.itcorsi', port=80): Max retries exceeded with url: /lm-32 (Caused by NewConnectionError('<urllib3.connection.HTTPConnection object at 0x7f97189720b8>: Failed to establish a new connection: [Errno -2] Name or service not known',))
HTTPConnectionPool(host='www.dieei.unict.itcorsi', port=80): Max retries exceeded with url: /l-8-ele (Caused by NewConnectionError('<urllib3.connection.HTTPConnection object at 0x7f97180a9c18>: Failed to establish a new connection: [Errno -2] Name or service not known',))
HTTPConnectionPool(host='www.dieei.unict.itcorsi', port=80): Max retries exceeded with url: /l-9 (Caused by NewConnectionError('<urllib3.connection.HTTPConnection object at 0x7f97180a9128>: Failed to establish a new connection: [Errno -2] Name or service not known',))
HTTPConnectionPool(host='www.dieei.unict.itcorsi', port=80): Max retries exceeded with url: /l-8-inf (Caused by NewConnectionError('<urllib3.connection.HTTPConnection object at 0x7f97180a9c18>: Failed to establish a new connection: [Errno -2] Name or service not known',))
HTTPConnectionPool(host='www.dieei.unict.itcorsi', port=80): Max retries exceeded with url: /lm-25 (Caused by NewConnectionError('<urllib3.connection.HTTPConnection object at 0x7f97180a9d68>: Failed to establish a new connection: [Errno -2] Name or service not known',))
HTTPConnectionPool(host='www.dieei.unict.itcorsi', port=80): Max retries exceeded with url: /lm-28 (Caused by NewConnectionError('<urllib3.connection.HTTPConnection object at 0x7f97180a9278>: Failed to establish a new connection: [Errno -2] Name or service not known',))
HTTPConnectionPool(host='www.dieei.unict.itcorsi', port=80): Max retries exceeded with url: /lm-29 (Caused by NewConnectionError('<urllib3.connection.HTTPConnection object at 0x7f97180a9b00>: Failed to establish a new connection: [Errno -2] Name or service not known',))
HTTPConnectionPool(host='www.dieei.unict.itcorsi', port=80): Max retries exceeded with url: /lm-27 (Caused by NewConnectionError('<urllib3.connection.HTTPConnection object at 0x7f97180a9d68>: Failed to establish a new connection: [Errno -2] Name or service not known',))
HTTPConnectionPool(host='www.dieei.unict.itcorsi', port=80): Max retries exceeded with url: /lm-32 (Caused by NewConnectionError('<urllib3.connection.HTTPConnection object at 0x7f97189c7860>: Failed to establish a new connection: [Errno -2] Name or service not known',))
Flood control exceeded. Retry in 9.0 seconds -298020067
Flood control exceeded. Retry in 3.0 seconds -298020067
Flood control exceeded. Retry in 35.0 seconds -298020067
Flood control exceeded. Retry in 21.0 seconds -298020067
Flood control exceeded. Retry in 20.0 seconds -298020067
Flood control exceeded. Retry in 18.0 seconds -298020067
Flood control exceeded. Retry in 17.0 seconds -298020067
Flood control exceeded. Retry in 15.0 seconds -298020067
Flood control exceeded. Retry in 29.0 seconds -298020067
Flood control exceeded. Retry in 28.0 seconds -298020067
Flood control exceeded. Retry in 26.0 seconds -298020067
Flood control exceeded. Retry in 25.0 seconds -298020067
Flood control exceeded. Retry in 24.0 seconds -298020067
Flood control exceeded. Retry in 22.0 seconds -298020067
Flood control exceeded. Retry in 21.0 seconds -298020067
Flood control exceeded. Retry in 9.0 seconds -298020067
HTTPConnectionPool(host='web.dmi.unict.itcorsi', port=80): Max retries exceeded with url: /l-31 (Caused by NewConnectionError('<urllib3.connection.HTTPConnection object at 0x7f6a30162fd0>: Failed to establish a new connection: [Errno -2] Name or service not known',))
HTTPConnectionPool(host='web.dmi.unict.itcorsi', port=80): Max retries exceeded with url: /l-35 (Caused by NewConnectionError('<urllib3.connection.HTTPConnection object at 0x7f6a300f1080>: Failed to establish a new connection: [Errno -2] Name or service not known',))
HTTPConnectionPool(host='web.dmi.unict.itcorsi', port=80): Max retries exceeded with url: /lm-18 (Caused by NewConnectionError('<urllib3.connection.HTTPConnection object at 0x7f6a30162e10>: Failed to establish a new connection: [Errno -2] Name or service not known',))
HTTPConnectionPool(host='web.dmi.unict.itcorsi', port=80): Max retries exceeded with url: /lm-40 (Caused by NewConnectionError('<urllib3.connection.HTTPConnection object at 0x7f6a30162be0>: Failed to establish a new connection: [Errno -2] Name or service not known',))
'NoneType' object has no attribute 'find_all'
HTTPConnectionPool(host='www.dieei.unict.itcorsi', port=80): Max retries exceeded with url: /l-8-ele (Caused by NewConnectionError('<urllib3.connection.HTTPConnection object at 0x7f6a28122ef0>: Failed to establish a new connection: [Errno -2] Name or service not known',))
HTTPConnectionPool(host='www.dieei.unict.itcorsi', port=80): Max retries exceeded with url: /l-9 (Caused by NewConnectionError('<urllib3.connection.HTTPConnection object at 0x7f6a28119e80>: Failed to establish a new connection: [Errno -2] Name or service not known',))
HTTPConnectionPool(host='www.dieei.unict.itcorsi', port=80): Max retries exceeded with url: /l-8-inf (Caused by NewConnectionError('<urllib3.connection.HTTPConnection object at 0x7f6a28119e80>: Failed to establish a new connection: [Errno -2] Name or service not known',))
HTTPConnectionPool(host='www.dieei.unict.itcorsi', port=80): Max retries exceeded with url: /lm-25 (Caused by NewConnectionError('<urllib3.connection.HTTPConnection object at 0x7f6a28119358>: Failed to establish a new connection: [Errno -2] Name or service not known',))
HTTPConnectionPool(host='www.dieei.unict.itcorsi', port=80): Max retries exceeded with url: /lm-28 (Caused by NewConnectionError('<urllib3.connection.HTTPConnection object at 0x7f6a28119a20>: Failed to establish a new connection: [Errno -2] Name or service not known',))
HTTPConnectionPool(host='www.dieei.unict.itcorsi', port=80): Max retries exceeded with url: /lm-29 (Caused by NewConnectionError('<urllib3.connection.HTTPConnection object at 0x7f6a28119eb8>: Failed to establish a new connection: [Errno -2] Name or service not known',))
HTTPConnectionPool(host='www.dieei.unict.itcorsi', port=80): Max retries exceeded with url: /lm-27 (Caused by NewConnectionError('<urllib3.connection.HTTPConnection object at 0x7f6a28119e80>: Failed to establish a new connection: [Errno -2] Name or service not known',))
HTTPConnectionPool(host='www.dieei.unict.itcorsi', port=80): Max retries exceeded with url: /lm-32 (Caused by NewConnectionError('<urllib3.connection.HTTPConnection object at 0x7f6a28119240>: Failed to establish a new connection: [Errno -2] Name or service not known',))
HTTPConnectionPool(host='www.dieei.unict.itcorsi', port=80): Max retries exceeded with url: /l-8-ele (Caused by NewConnectionError('<urllib3.connection.HTTPConnection object at 0x7f6a30116780>: Failed to establish a new connection: [Errno -2] Name or service not known',))
HTTPConnectionPool(host='www.dieei.unict.itcorsi', port=80): Max retries exceeded with url: /l-9 (Caused by NewConnectionError('<urllib3.connection.HTTPConnection object at 0x7f6a301165f8>: Failed to establish a new connection: [Errno -2] Name or service not known',))
HTTPConnectionPool(host='www.dieei.unict.itcorsi', port=80): Max retries exceeded with url: /l-8-inf (Caused by NewConnectionError('<urllib3.connection.HTTPConnection object at 0x7f6a301167f0>: Failed to establish a new connection: [Errno -2] Name or service not known',))
HTTPConnectionPool(host='www.dieei.unict.itcorsi', port=80): Max retries exceeded with url: /lm-25 (Caused by NewConnectionError('<urllib3.connection.HTTPConnection object at 0x7f6a301166a0>: Failed to establish a new connection: [Errno -2] Name or service not known',))
HTTPConnectionPool(host='www.dieei.unict.itcorsi', port=80): Max retries exceeded with url: /lm-28 (Caused by NewConnectionError('<urllib3.connection.HTTPConnection object at 0x7f6a30116908>: Failed to establish a new connection: [Errno -2] Name or service not known',))
HTTPConnectionPool(host='www.dieei.unict.itcorsi', port=80): Max retries exceeded with url: /lm-29 (Caused by NewConnectionError('<urllib3.connection.HTTPConnection object at 0x7f6a0bf99c88>: Failed to establish a new connection: [Errno -2] Name or service not known',))
HTTPConnectionPool(host='www.dieei.unict.itcorsi', port=80): Max retries exceeded with url: /lm-27 (Caused by NewConnectionError('<urllib3.connection.HTTPConnection object at 0x7f6a3012f400>: Failed to establish a new connection: [Errno -2] Name or service not known',))
HTTPConnectionPool(host='www.dieei.unict.itcorsi', port=80): Max retries exceeded with url: /lm-32 (Caused by NewConnectionError('<urllib3.connection.HTTPConnection object at 0x7f6a3012f588>: Failed to establish a new connection: [Errno -2] Name or service not known',))
HTTPConnectionPool(host='web.dmi.unict.itcorsi', port=80): Max retries exceeded with url: /l-31 (Caused by NewConnectionError('<urllib3.connection.HTTPConnection object at 0x7ff2c40c06d8>: Failed to establish a new connection: [Errno -2] Name or service not known',))
HTTPConnectionPool(host='web.dmi.unict.itcorsi', port=80): Max retries exceeded with url: /l-35 (Caused by NewConnectionError('<urllib3.connection.HTTPConnection object at 0x7ff2c40c0668>: Failed to establish a new connection: [Errno -2] Name or service not known',))
HTTPConnectionPool(host='web.dmi.unict.itcorsi', port=80): Max retries exceeded with url: /lm-18 (Caused by NewConnectionError('<urllib3.connection.HTTPConnection object at 0x7ff2c40c05c0>: Failed to establish a new connection: [Errno -2] Name or service not known',))
HTTPConnectionPool(host='web.dmi.unict.itcorsi', port=80): Max retries exceeded with url: /lm-40 (Caused by NewConnectionError('<urllib3.connection.HTTPConnection object at 0x7ff2c40c0748>: Failed to establish a new connection: [Errno -2] Name or service not known',))
'NoneType' object has no attribute 'find_all'
HTTPConnectionPool(host='www.dieei.unict.itcorsi', port=80): Max retries exceeded with url: /l-8-ele (Caused by NewConnectionError('<urllib3.connection.HTTPConnection object at 0x7ff2ae4e2860>: Failed to establish a new connection: [Errno -2] Name or service not known',))
HTTPConnectionPool(host='www.dieei.unict.itcorsi', port=80): Max retries exceeded with url: /l-9 (Caused by NewConnectionError('<urllib3.connection.HTTPConnection object at 0x7ff2ae5c5160>: Failed to establish a new connection: [Errno -2] Name or service not known',))
HTTPConnectionPool(host='www.dieei.unict.itcorsi', port=80): Max retries exceeded with url: /l-8-inf (Caused by NewConnectionError('<urllib3.connection.HTTPConnection object at 0x7ff2ae5c5160>: Failed to establish a new connection: [Errno -2] Name or service not known',))
HTTPConnectionPool(host='www.dieei.unict.itcorsi', port=80): Max retries exceeded with url: /lm-25 (Caused by NewConnectionError('<urllib3.connection.HTTPConnection object at 0x7ff2c70203c8>: Failed to establish a new connection: [Errno -2] Name or service not known',))
HTTPConnectionPool(host='www.dieei.unict.itcorsi', port=80): Max retries exceeded with url: /lm-28 (Caused by NewConnectionError('<urllib3.connection.HTTPConnection object at 0x7ff2c7020128>: Failed to establish a new connection: [Errno -2] Name or service not known',))
HTTPConnectionPool(host='www.dieei.unict.itcorsi', port=80): Max retries exceeded with url: /lm-29 (Caused by NewConnectionError('<urllib3.connection.HTTPConnection object at 0x7ff2c70209b0>: Failed to establish a new connection: [Errno -2] Name or service not known',))
HTTPConnectionPool(host='www.dieei.unict.itcorsi', port=80): Max retries exceeded with url: /lm-27 (Caused by NewConnectionError('<urllib3.connection.HTTPConnection object at 0x7ff2c7020f98>: Failed to establish a new connection: [Errno -2] Name or service not known',))
HTTPConnectionPool(host='www.dieei.unict.itcorsi', port=80): Max retries exceeded with url: /lm-32 (Caused by NewConnectionError('<urllib3.connection.HTTPConnection object at 0x7ff2c7020128>: Failed to establish a new connection: [Errno -2] Name or service not known',))
HTTPConnectionPool(host='www.dieei.unict.itcorsi', port=80): Max retries exceeded with url: /l-8-ele (Caused by NewConnectionError('<urllib3.connection.HTTPConnection object at 0x7ff2ae4f7ac8>: Failed to establish a new connection: [Errno -2] Name or service not known',))
HTTPConnectionPool(host='www.dieei.unict.itcorsi', port=80): Max retries exceeded with url: /l-9 (Caused by NewConnectionError('<urllib3.connection.HTTPConnection object at 0x7ff2ae4f7a58>: Failed to establish a new connection: [Errno -2] Name or service not known',))
HTTPConnectionPool(host='www.dieei.unict.itcorsi', port=80): Max retries exceeded with url: /l-8-inf (Caused by NewConnectionError('<urllib3.connection.HTTPConnection object at 0x7ff2ae4f7b70>: Failed to establish a new connection: [Errno -2] Name or service not known',))
HTTPConnectionPool(host='www.dieei.unict.itcorsi', port=80): Max retries exceeded with url: /lm-25 (Caused by NewConnectionError('<urllib3.connection.HTTPConnection object at 0x7ff2ae4f7b38>: Failed to establish a new connection: [Errno -2] Name or service not known',))
HTTPConnectionPool(host='www.dieei.unict.itcorsi', port=80): Max retries exceeded with url: /lm-28 (Caused by NewConnectionError('<urllib3.connection.HTTPConnection object at 0x7ff2ae4f78d0>: Failed to establish a new connection: [Errno -2] Name or service not known',))
HTTPConnectionPool(host='www.dieei.unict.itcorsi', port=80): Max retries exceeded with url: /lm-29 (Caused by NewConnectionError('<urllib3.connection.HTTPConnection object at 0x7ff2ae48b5c0>: Failed to establish a new connection: [Errno -2] Name or service not known',))
HTTPConnectionPool(host='www.dieei.unict.itcorsi', port=80): Max retries exceeded with url: /lm-27 (Caused by NewConnectionError('<urllib3.connection.HTTPConnection object at 0x7ff2ae64a828>: Failed to establish a new connection: [Errno -2] Name or service not known',))
HTTPConnectionPool(host='www.dieei.unict.itcorsi', port=80): Max retries exceeded with url: /lm-32 (Caused by NewConnectionError('<urllib3.connection.HTTPConnection object at 0x7ff2ae4f7940>: Failed to establish a new connection: [Errno -2] Name or service not known',))
HTTPConnectionPool(host='web.dmi.unict.itcorsi', port=80): Max retries exceeded with url: /l-31 (Caused by NewConnectionError('<urllib3.connection.HTTPConnection object at 0x7f3c8841cef0>: Failed to establish a new connection: [Errno -2] Name or service not known',))
HTTPConnectionPool(host='web.dmi.unict.itcorsi', port=80): Max retries exceeded with url: /l-35 (Caused by NewConnectionError('<urllib3.connection.HTTPConnection object at 0x7f3c8841ce80>: Failed to establish a new connection: [Errno -2] Name or service not known',))
HTTPConnectionPool(host='web.dmi.unict.itcorsi', port=80): Max retries exceeded with url: /lm-18 (Caused by NewConnectionError('<urllib3.connection.HTTPConnection object at 0x7f3c8841ce48>: Failed to establish a new connection: [Errno -2] Name or service not known',))
HTTPConnectionPool(host='web.dmi.unict.itcorsi', port=80): Max retries exceeded with url: /lm-40 (Caused by NewConnectionError('<urllib3.connection.HTTPConnection object at 0x7f3c883ad080>: Failed to establish a new connection: [Errno -2] Name or service not known',))
'NoneType' object has no attribute 'find_all'
HTTPConnectionPool(host='www.dieei.unict.itcorsi', port=80): Max retries exceeded with url: /l-8-ele (Caused by NewConnectionError('<urllib3.connection.HTTPConnection object at 0x7f3c8b395c50>: Failed to establish a new connection: [Errno -2] Name or service not known',))
HTTPConnectionPool(host='www.dieei.unict.itcorsi', port=80): Max retries exceeded with url: /l-9 (Caused by NewConnectionError('<urllib3.connection.HTTPConnection object at 0x7f3c8b395d68>: Failed to establish a new connection: [Errno -2] Name or service not known',))
HTTPConnectionPool(host='www.dieei.unict.itcorsi', port=80): Max retries exceeded with url: /l-8-inf (Caused by NewConnectionError('<urllib3.connection.HTTPConnection object at 0x7f3c8b395da0>: Failed to establish a new connection: [Errno -2] Name or service not known',))
HTTPConnectionPool(host='www.dieei.unict.itcorsi', port=80): Max retries exceeded with url: /lm-25 (Caused by NewConnectionError('<urllib3.connection.HTTPConnection object at 0x7f3c8b395c50>: Failed to establish a new connection: [Errno -2] Name or service not known',))
HTTPConnectionPool(host='www.dieei.unict.itcorsi', port=80): Max retries exceeded with url: /lm-28 (Caused by NewConnectionError('<urllib3.connection.HTTPConnection object at 0x7f3c8b3957b8>: Failed to establish a new connection: [Errno -2] Name or service not known',))
HTTPConnectionPool(host='www.dieei.unict.itcorsi', port=80): Max retries exceeded with url: /lm-29 (Caused by NewConnectionError('<urllib3.connection.HTTPConnection object at 0x7f3c8b395d68>: Failed to establish a new connection: [Errno -2] Name or service not known',))
HTTPConnectionPool(host='www.dieei.unict.itcorsi', port=80): Max retries exceeded with url: /lm-27 (Caused by NewConnectionError('<urllib3.connection.HTTPConnection object at 0x7f3c8b395c50>: Failed to establish a new connection: [Errno -2] Name or service not known',))
HTTPConnectionPool(host='www.dieei.unict.itcorsi', port=80): Max retries exceeded with url: /lm-32 (Caused by NewConnectionError('<urllib3.connection.HTTPConnection object at 0x7f3c8b3957b8>: Failed to establish a new connection: [Errno -2] Name or service not known',))
HTTPConnectionPool(host='www.dieei.unict.itcorsi', port=80): Max retries exceeded with url: /l-8-ele (Caused by NewConnectionError('<urllib3.connection.HTTPConnection object at 0x7f3c8806b9b0>: Failed to establish a new connection: [Errno -2] Name or service not known',))
HTTPConnectionPool(host='www.dieei.unict.itcorsi', port=80): Max retries exceeded with url: /l-9 (Caused by NewConnectionError('<urllib3.connection.HTTPConnection object at 0x7f3c8806b828>: Failed to establish a new connection: [Errno -2] Name or service not known',))
HTTPConnectionPool(host='www.dieei.unict.itcorsi', port=80): Max retries exceeded with url: /l-8-inf (Caused by NewConnectionError('<urllib3.connection.HTTPConnection object at 0x7f3c8806ba20>: Failed to establish a new connection: [Errno -2] Name or service not known',))
HTTPConnectionPool(host='www.dieei.unict.itcorsi', port=80): Max retries exceeded with url: /lm-25 (Caused by NewConnectionError('<urllib3.connection.HTTPConnection object at 0x7f3c8806b8d0>: Failed to establish a new connection: [Errno -2] Name or service not known',))
HTTPConnectionPool(host='www.dieei.unict.itcorsi', port=80): Max retries exceeded with url: /lm-28 (Caused by NewConnectionError('<urllib3.connection.HTTPConnection object at 0x7f3c8806bb38>: Failed to establish a new connection: [Errno -2] Name or service not known',))
HTTPConnectionPool(host='www.dieei.unict.itcorsi', port=80): Max retries exceeded with url: /lm-29 (Caused by NewConnectionError('<urllib3.connection.HTTPConnection object at 0x7f3c882373c8>: Failed to establish a new connection: [Errno -2] Name or service not known',))
HTTPConnectionPool(host='www.dieei.unict.itcorsi', port=80): Max retries exceeded with url: /lm-27 (Caused by NewConnectionError('<urllib3.connection.HTTPConnection object at 0x7f3c880400f0>: Failed to establish a new connection: [Errno -2] Name or service not known',))
HTTPConnectionPool(host='www.dieei.unict.itcorsi', port=80): Max retries exceeded with url: /lm-32 (Caused by NewConnectionError('<urllib3.connection.HTTPConnection object at 0x7f3c88040898>: Failed to establish a new connection: [Errno -2] Name or service not known',))
'NoneType' object has no attribute 'find_all'
HTTPConnectionPool(host='web.dmi.unict.itcorsi', port=80): Max retries exceeded with url: /l-31 (Caused by NewConnectionError('<urllib3.connection.HTTPConnection object at 0x7feeb811da20>: Failed to establish a new connection: [Errno -2] Name or service not known',))
HTTPConnectionPool(host='web.dmi.unict.itcorsi', port=80): Max retries exceeded with url: /l-35 (Caused by NewConnectionError('<urllib3.connection.HTTPConnection object at 0x7feeb811d9b0>: Failed to establish a new connection: [Errno -2] Name or service not known',))
HTTPConnectionPool(host='web.dmi.unict.itcorsi', port=80): Max retries exceeded with url: /lm-18 (Caused by NewConnectionError('<urllib3.connection.HTTPConnection object at 0x7feeb811d908>: Failed to establish a new connection: [Errno -2] Name or service not known',))
HTTPConnectionPool(host='web.dmi.unict.itcorsi', port=80): Max retries exceeded with url: /lm-40 (Caused by NewConnectionError('<urllib3.connection.HTTPConnection object at 0x7feeb811da90>: Failed to establish a new connection: [Errno -2] Name or service not known',))
'NoneType' object has no attribute 'find_all'
HTTPConnectionPool(host='www.dieei.unict.itcorsi', port=80): Max retries exceeded with url: /l-8-ele (Caused by NewConnectionError('<urllib3.connection.HTTPConnection object at 0x7feeb0748c50>: Failed to establish a new connection: [Errno -2] Name or service not known',))
HTTPConnectionPool(host='www.dieei.unict.itcorsi', port=80): Max retries exceeded with url: /l-9 (Caused by NewConnectionError('<urllib3.connection.HTTPConnection object at 0x7feeb0748ba8>: Failed to establish a new connection: [Errno -2] Name or service not known',))
HTTPConnectionPool(host='www.dieei.unict.itcorsi', port=80): Max retries exceeded with url: /l-8-inf (Caused by NewConnectionError('<urllib3.connection.HTTPConnection object at 0x7feeb0748ac8>: Failed to establish a new connection: [Errno -2] Name or service not known',))
HTTPConnectionPool(host='www.dieei.unict.itcorsi', port=80): Max retries exceeded with url: /lm-25 (Caused by NewConnectionError('<urllib3.connection.HTTPConnection object at 0x7feeb91c5a20>: Failed to establish a new connection: [Errno -2] Name or service not known',))
HTTPConnectionPool(host='www.dieei.unict.itcorsi', port=80): Max retries exceeded with url: /lm-28 (Caused by NewConnectionError('<urllib3.connection.HTTPConnection object at 0x7feeb91c5da0>: Failed to establish a new connection: [Errno -2] Name or service not known',))
HTTPConnectionPool(host='www.dieei.unict.itcorsi', port=80): Max retries exceeded with url: /lm-29 (Caused by NewConnectionError('<urllib3.connection.HTTPConnection object at 0x7feeb91c5f60>: Failed to establish a new connection: [Errno -2] Name or service not known',))
HTTPConnectionPool(host='www.dieei.unict.itcorsi', port=80): Max retries exceeded with url: /lm-27 (Caused by NewConnectionError('<urllib3.connection.HTTPConnection object at 0x7feeb91c5a20>: Failed to establish a new connection: [Errno -2] Name or service not known',))
HTTPConnectionPool(host='www.dieei.unict.itcorsi', port=80): Max retries exceeded with url: /lm-32 (Caused by NewConnectionError('<urllib3.connection.HTTPConnection object at 0x7feeb91c5da0>: Failed to establish a new connection: [Errno -2] Name or service not known',))
HTTPConnectionPool(host='www.dieei.unict.itcorsi', port=80): Max retries exceeded with url: /l-8-ele (Caused by NewConnectionError('<urllib3.connection.HTTPConnection object at 0x7feeb809b358>: Failed to establish a new connection: [Errno -2] Name or service not known',))
HTTPConnectionPool(host='www.dieei.unict.itcorsi', port=80): Max retries exceeded with url: /l-9 (Caused by NewConnectionError('<urllib3.connection.HTTPConnection object at 0x7feeb809b198>: Failed to establish a new connection: [Errno -2] Name or service not known',))
HTTPConnectionPool(host='www.dieei.unict.itcorsi', port=80): Max retries exceeded with url: /l-8-inf (Caused by NewConnectionError('<urllib3.connection.HTTPConnection object at 0x7feeb809b240>: Failed to establish a new connection: [Errno -2] Name or service not known',))
HTTPConnectionPool(host='www.dieei.unict.itcorsi', port=80): Max retries exceeded with url: /lm-25 (Caused by NewConnectionError('<urllib3.connection.HTTPConnection object at 0x7feeb809b198>: Failed to establish a new connection: [Errno -2] Name or service not known',))
HTTPConnectionPool(host='www.dieei.unict.itcorsi', port=80): Max retries exceeded with url: /lm-28 (Caused by NewConnectionError('<urllib3.connection.HTTPConnection object at 0x7feeb809b2e8>: Failed to establish a new connection: [Errno -2] Name or service not known',))
HTTPConnectionPool(host='www.dieei.unict.itcorsi', port=80): Max retries exceeded with url: /lm-29 (Caused by NewConnectionError('<urllib3.connection.HTTPConnection object at 0x7feeb05f0ac8>: Failed to establish a new connection: [Errno -2] Name or service not known',))
HTTPConnectionPool(host='www.dieei.unict.itcorsi', port=80): Max retries exceeded with url: /lm-27 (Caused by NewConnectionError('<urllib3.connection.HTTPConnection object at 0x7feeb91d2ba8>: Failed to establish a new connection: [Errno -2] Name or service not known',))
HTTPConnectionPool(host='www.dieei.unict.itcorsi', port=80): Max retries exceeded with url: /lm-32 (Caused by NewConnectionError('<urllib3.connection.HTTPConnection object at 0x7feeb09befd0>: Failed to establish a new connection: [Errno -2] Name or service not known',))
HTTPConnectionPool(host='web.dmi.unict.itcorsi', port=80): Max retries exceeded with url: /l-31 (Caused by NewConnectionError('<urllib3.connection.HTTPConnection object at 0x7feb3001f320>: Failed to establish a new connection: [Errno -2] Name or service not known',))
HTTPConnectionPool(host='web.dmi.unict.itcorsi', port=80): Max retries exceeded with url: /l-35 (Caused by NewConnectionError('<urllib3.connection.HTTPConnection object at 0x7feb3001f2b0>: Failed to establish a new connection: [Errno -2] Name or service not known',))
HTTPConnectionPool(host='web.dmi.unict.itcorsi', port=80): Max retries exceeded with url: /lm-18 (Caused by NewConnectionError('<urllib3.connection.HTTPConnection object at 0x7feb3001f208>: Failed to establish a new connection: [Errno -2] Name or service not known',))
HTTPConnectionPool(host='web.dmi.unict.itcorsi', port=80): Max retries exceeded with url: /lm-40 (Caused by NewConnectionError('<urllib3.connection.HTTPConnection object at 0x7feb3001f320>: Failed to establish a new connection: [Errno -2] Name or service not known',))
'NoneType' object has no attribute 'find_all'
HTTPConnectionPool(host='www.dieei.unict.itcorsi', port=80): Max retries exceeded with url: /l-8-ele (Caused by NewConnectionError('<urllib3.connection.HTTPConnection object at 0x7feb30017fd0>: Failed to establish a new connection: [Errno -2] Name or service not known',))
HTTPConnectionPool(host='www.dieei.unict.itcorsi', port=80): Max retries exceeded with url: /l-9 (Caused by NewConnectionError('<urllib3.connection.HTTPConnection object at 0x7feb30017588>: Failed to establish a new connection: [Errno -2] Name or service not known',))
HTTPConnectionPool(host='www.dieei.unict.itcorsi', port=80): Max retries exceeded with url: /l-8-inf (Caused by NewConnectionError('<urllib3.connection.HTTPConnection object at 0x7feb30017b38>: Failed to establish a new connection: [Errno -2] Name or service not known',))
HTTPConnectionPool(host='www.dieei.unict.itcorsi', port=80): Max retries exceeded with url: /lm-25 (Caused by NewConnectionError('<urllib3.connection.HTTPConnection object at 0x7feb30017400>: Failed to establish a new connection: [Errno -2] Name or service not known',))
HTTPConnectionPool(host='www.dieei.unict.itcorsi', port=80): Max retries exceeded with url: /lm-28 (Caused by NewConnectionError('<urllib3.connection.HTTPConnection object at 0x7feb30017b38>: Failed to establish a new connection: [Errno -2] Name or service not known',))
HTTPConnectionPool(host='www.dieei.unict.itcorsi', port=80): Max retries exceeded with url: /lm-29 (Caused by NewConnectionError('<urllib3.connection.HTTPConnection object at 0x7feb30017588>: Failed to establish a new connection: [Errno -2] Name or service not known',))
HTTPConnectionPool(host='www.dieei.unict.itcorsi', port=80): Max retries exceeded with url: /lm-27 (Caused by NewConnectionError('<urllib3.connection.HTTPConnection object at 0x7feb30017400>: Failed to establish a new connection: [Errno -2] Name or service not known',))
HTTPConnectionPool(host='www.dieei.unict.itcorsi', port=80): Max retries exceeded with url: /lm-32 (Caused by NewConnectionError('<urllib3.connection.HTTPConnection object at 0x7feb30017b38>: Failed to establish a new connection: [Errno -2] Name or service not known',))
HTTPConnectionPool(host='www.dieei.unict.itcorsi', port=80): Max retries exceeded with url: /l-8-ele (Caused by NewConnectionError('<urllib3.connection.HTTPConnection object at 0x7feb21f51390>: Failed to establish a new connection: [Errno -2] Name or service not known',))
HTTPConnectionPool(host='www.dieei.unict.itcorsi', port=80): Max retries exceeded with url: /l-9 (Caused by NewConnectionError('<urllib3.connection.HTTPConnection object at 0x7feb21f512e8>: Failed to establish a new connection: [Errno -2] Name or service not known',))
HTTPConnectionPool(host='www.dieei.unict.itcorsi', port=80): Max retries exceeded with url: /l-8-inf (Caused by NewConnectionError('<urllib3.connection.HTTPConnection object at 0x7feb21f51400>: Failed to establish a new connection: [Errno -2] Name or service not known',))
HTTPConnectionPool(host='www.dieei.unict.itcorsi', port=80): Max retries exceeded with url: /lm-25 (Caused by NewConnectionError('<urllib3.connection.HTTPConnection object at 0x7feb21f51550>: Failed to establish a new connection: [Errno -2] Name or service not known',))
HTTPConnectionPool(host='www.dieei.unict.itcorsi', port=80): Max retries exceeded with url: /lm-28 (Caused by NewConnectionError('<urllib3.connection.HTTPConnection object at 0x7feb21f512e8>: Failed to establish a new connection: [Errno -2] Name or service not known',))
HTTPConnectionPool(host='www.dieei.unict.itcorsi', port=80): Max retries exceeded with url: /lm-29 (Caused by NewConnectionError('<urllib3.connection.HTTPConnection object at 0x7feb21fa6908>: Failed to establish a new connection: [Errno -2] Name or service not known',))
HTTPConnectionPool(host='www.dieei.unict.itcorsi', port=80): Max retries exceeded with url: /lm-27 (Caused by NewConnectionError('<urllib3.connection.HTTPConnection object at 0x7feb21dc77b8>: Failed to establish a new connection: [Errno -2] Name or service not known',))
HTTPConnectionPool(host='www.dieei.unict.itcorsi', port=80): Max retries exceeded with url: /lm-32 (Caused by NewConnectionError('<urllib3.connection.HTTPConnection object at 0x7feb21f43f98>: Failed to establish a new connection: [Errno -2] Name or service not known',))
HTTPConnectionPool(host='web.dmi.unict.itcorsi', port=80): Max retries exceeded with url: /l-31 (Caused by NewConnectionError('<urllib3.connection.HTTPConnection object at 0x7fcf7044bc88>: Failed to establish a new connection: [Errno -2] Name or service not known',))
HTTPConnectionPool(host='web.dmi.unict.itcorsi', port=80): Max retries exceeded with url: /l-35 (Caused by NewConnectionError('<urllib3.connection.HTTPConnection object at 0x7fcf7044bc18>: Failed to establish a new connection: [Errno -2] Name or service not known',))
HTTPConnectionPool(host='web.dmi.unict.itcorsi', port=80): Max retries exceeded with url: /lm-18 (Caused by NewConnectionError('<urllib3.connection.HTTPConnection object at 0x7fcf7044bb70>: Failed to establish a new connection: [Errno -2] Name or service not known',))
HTTPConnectionPool(host='web.dmi.unict.itcorsi', port=80): Max retries exceeded with url: /lm-40 (Caused by NewConnectionError('<urllib3.connection.HTTPConnection object at 0x7fcf7044bcf8>: Failed to establish a new connection: [Errno -2] Name or service not known',))
'NoneType' object has no attribute 'find_all'
HTTPConnectionPool(host='www.dieei.unict.itcorsi', port=80): Max retries exceeded with url: /l-8-ele (Caused by NewConnectionError('<urllib3.connection.HTTPConnection object at 0x7fcf7027fc50>: Failed to establish a new connection: [Errno -2] Name or service not known',))
HTTPConnectionPool(host='www.dieei.unict.itcorsi', port=80): Max retries exceeded with url: /l-9 (Caused by NewConnectionError('<urllib3.connection.HTTPConnection object at 0x7fcf7027fac8>: Failed to establish a new connection: [Errno -2] Name or service not known',))
HTTPConnectionPool(host='www.dieei.unict.itcorsi', port=80): Max retries exceeded with url: /l-8-inf (Caused by NewConnectionError('<urllib3.connection.HTTPConnection object at 0x7fcf700b9b00>: Failed to establish a new connection: [Errno -2] Name or service not known',))
HTTPConnectionPool(host='www.dieei.unict.itcorsi', port=80): Max retries exceeded with url: /lm-25 (Caused by NewConnectionError('<urllib3.connection.HTTPConnection object at 0x7fcf700b9a90>: Failed to establish a new connection: [Errno -2] Name or service not known',))
HTTPConnectionPool(host='www.dieei.unict.itcorsi', port=80): Max retries exceeded with url: /lm-28 (Caused by NewConnectionError('<urllib3.connection.HTTPConnection object at 0x7fcf700b9a20>: Failed to establish a new connection: [Errno -2] Name or service not known',))
HTTPConnectionPool(host='www.dieei.unict.itcorsi', port=80): Max retries exceeded with url: /lm-29 (Caused by NewConnectionError('<urllib3.connection.HTTPConnection object at 0x7fcf700b9f28>: Failed to establish a new connection: [Errno -2] Name or service not known',))
HTTPConnectionPool(host='www.dieei.unict.itcorsi', port=80): Max retries exceeded with url: /lm-27 (Caused by NewConnectionError('<urllib3.connection.HTTPConnection object at 0x7fcf700b9a90>: Failed to establish a new connection: [Errno -2] Name or service not known',))
HTTPConnectionPool(host='www.dieei.unict.itcorsi', port=80): Max retries exceeded with url: /lm-32 (Caused by NewConnectionError('<urllib3.connection.HTTPConnection object at 0x7fcf700b9588>: Failed to establish a new connection: [Errno -2] Name or service not known',))
HTTPConnectionPool(host='www.dieei.unict.itcorsi', port=80): Max retries exceeded with url: /l-8-ele (Caused by NewConnectionError('<urllib3.connection.HTTPConnection object at 0x7fcf702573c8>: Failed to establish a new connection: [Errno -2] Name or service not known',))
HTTPConnectionPool(host='www.dieei.unict.itcorsi', port=80): Max retries exceeded with url: /l-9 (Caused by NewConnectionError('<urllib3.connection.HTTPConnection object at 0x7fcf70257208>: Failed to establish a new connection: [Errno -2] Name or service not known',))
HTTPConnectionPool(host='www.dieei.unict.itcorsi', port=80): Max retries exceeded with url: /l-8-inf (Caused by NewConnectionError('<urllib3.connection.HTTPConnection object at 0x7fcf70257160>: Failed to establish a new connection: [Errno -2] Name or service not known',))
HTTPConnectionPool(host='www.dieei.unict.itcorsi', port=80): Max retries exceeded with url: /lm-25 (Caused by NewConnectionError('<urllib3.connection.HTTPConnection object at 0x7fcf702570b8>: Failed to establish a new connection: [Errno -2] Name or service not known',))
HTTPConnectionPool(host='www.dieei.unict.itcorsi', port=80): Max retries exceeded with url: /lm-28 (Caused by NewConnectionError('<urllib3.connection.HTTPConnection object at 0x7fcf702572b0>: Failed to establish a new connection: [Errno -2] Name or service not known',))
HTTPConnectionPool(host='www.dieei.unict.itcorsi', port=80): Max retries exceeded with url: /lm-29 (Caused by NewConnectionError('<urllib3.connection.HTTPConnection object at 0x7fcf70038748>: Failed to establish a new connection: [Errno -2] Name or service not known',))
HTTPConnectionPool(host='www.dieei.unict.itcorsi', port=80): Max retries exceeded with url: /lm-27 (Caused by NewConnectionError('<urllib3.connection.HTTPConnection object at 0x7fcf7008ed68>: Failed to establish a new connection: [Errno -2] Name or service not known',))
HTTPConnectionPool(host='www.dieei.unict.itcorsi', port=80): Max retries exceeded with url: /lm-32 (Caused by NewConnectionError('<urllib3.connection.HTTPConnection object at 0x7fcf7008ef60>: Failed to establish a new connection: [Errno -2] Name or service not known',))
HTTPConnectionPool(host='web.dmi.unict.itcorsi', port=80): Max retries exceeded with url: /l-31 (Caused by NewConnectionError('<urllib3.connection.HTTPConnection object at 0x7f5f8c75a908>: Failed to establish a new connection: [Errno -2] Name or service not known',))
HTTPConnectionPool(host='web.dmi.unict.itcorsi', port=80): Max retries exceeded with url: /l-35 (Caused by NewConnectionError('<urllib3.connection.HTTPConnection object at 0x7f5f8c75a898>: Failed to establish a new connection: [Errno -2] Name or service not known',))
HTTPConnectionPool(host='web.dmi.unict.itcorsi', port=80): Max retries exceeded with url: /lm-18 (Caused by NewConnectionError('<urllib3.connection.HTTPConnection object at 0x7f5f8c75a7f0>: Failed to establish a new connection: [Errno -2] Name or service not known',))
HTTPConnectionPool(host='web.dmi.unict.itcorsi', port=80): Max retries exceeded with url: /lm-40 (Caused by NewConnectionError('<urllib3.connection.HTTPConnection object at 0x7f5f8c75a978>: Failed to establish a new connection: [Errno -2] Name or service not known',))
'NoneType' object has no attribute 'find_all'
HTTPConnectionPool(host='www.dieei.unict.itcorsi', port=80): Max retries exceeded with url: /l-8-ele (Caused by NewConnectionError('<urllib3.connection.HTTPConnection object at 0x7f5f8c70fc18>: Failed to establish a new connection: [Errno -2] Name or service not known',))
HTTPConnectionPool(host='www.dieei.unict.itcorsi', port=80): Max retries exceeded with url: /l-9 (Caused by NewConnectionError('<urllib3.connection.HTTPConnection object at 0x7f5f8c70fa90>: Failed to establish a new connection: [Errno -2] Name or service not known',))
HTTPConnectionPool(host='www.dieei.unict.itcorsi', port=80): Max retries exceeded with url: /l-8-inf (Caused by NewConnectionError('<urllib3.connection.HTTPConnection object at 0x7f5f8e6556d8>: Failed to establish a new connection: [Errno -2] Name or service not known',))
HTTPConnectionPool(host='www.dieei.unict.itcorsi', port=80): Max retries exceeded with url: /lm-25 (Caused by NewConnectionError('<urllib3.connection.HTTPConnection object at 0x7f5f8e6550f0>: Failed to establish a new connection: [Errno -2] Name or service not known',))
HTTPConnectionPool(host='www.dieei.unict.itcorsi', port=80): Max retries exceeded with url: /lm-28 (Caused by NewConnectionError('<urllib3.connection.HTTPConnection object at 0x7f5f8e655f60>: Failed to establish a new connection: [Errno -2] Name or service not known',))
HTTPConnectionPool(host='www.dieei.unict.itcorsi', port=80): Max retries exceeded with url: /lm-29 (Caused by NewConnectionError('<urllib3.connection.HTTPConnection object at 0x7f5f8e655eb8>: Failed to establish a new connection: [Errno -2] Name or service not known',))
HTTPConnectionPool(host='www.dieei.unict.itcorsi', port=80): Max retries exceeded with url: /lm-27 (Caused by NewConnectionError('<urllib3.connection.HTTPConnection object at 0x7f5f8e6552b0>: Failed to establish a new connection: [Errno -2] Name or service not known',))
HTTPConnectionPool(host='www.dieei.unict.itcorsi', port=80): Max retries exceeded with url: /lm-32 (Caused by NewConnectionError('<urllib3.connection.HTTPConnection object at 0x7f5f8e655c50>: Failed to establish a new connection: [Errno -2] Name or service not known',))
HTTPConnectionPool(host='www.dieei.unict.itcorsi', port=80): Max retries exceeded with url: /l-8-ele (Caused by NewConnectionError('<urllib3.connection.HTTPConnection object at 0x7f5f8c70c278>: Failed to establish a new connection: [Errno -2] Name or service not known',))
HTTPConnectionPool(host='www.dieei.unict.itcorsi', port=80): Max retries exceeded with url: /l-9 (Caused by NewConnectionError('<urllib3.connection.HTTPConnection object at 0x7f5f8c70c160>: Failed to establish a new connection: [Errno -2] Name or service not known',))
HTTPConnectionPool(host='www.dieei.unict.itcorsi', port=80): Max retries exceeded with url: /l-8-inf (Caused by NewConnectionError('<urllib3.connection.HTTPConnection object at 0x7f5f8c70c400>: Failed to establish a new connection: [Errno -2] Name or service not known',))
HTTPConnectionPool(host='www.dieei.unict.itcorsi', port=80): Max retries exceeded with url: /lm-25 (Caused by NewConnectionError('<urllib3.connection.HTTPConnection object at 0x7f5f8c70c390>: Failed to establish a new connection: [Errno -2] Name or service not known',))
HTTPConnectionPool(host='www.dieei.unict.itcorsi', port=80): Max retries exceeded with url: /lm-28 (Caused by NewConnectionError('<urllib3.connection.HTTPConnection object at 0x7f5f8c70c160>: Failed to establish a new connection: [Errno -2] Name or service not known',))
HTTPConnectionPool(host='www.dieei.unict.itcorsi', port=80): Max retries exceeded with url: /lm-29 (Caused by NewConnectionError('<urllib3.connection.HTTPConnection object at 0x7f5f8c5ef3c8>: Failed to establish a new connection: [Errno -2] Name or service not known',))
HTTPConnectionPool(host='www.dieei.unict.itcorsi', port=80): Max retries exceeded with url: /lm-27 (Caused by NewConnectionError('<urllib3.connection.HTTPConnection object at 0x7f5f8c338668>: Failed to establish a new connection: [Errno -2] Name or service not known',))
HTTPConnectionPool(host='www.dieei.unict.itcorsi', port=80): Max retries exceeded with url: /lm-32 (Caused by NewConnectionError('<urllib3.connection.HTTPConnection object at 0x7f5f8c338be0>: Failed to establish a new connection: [Errno -2] Name or service not known',))
HTTPConnectionPool(host='web.dmi.unict.itcorsi', port=80): Max retries exceeded with url: /l-31 (Caused by NewConnectionError('<urllib3.connection.HTTPConnection object at 0x7f349c217198>: Failed to establish a new connection: [Errno -2] Name or service not known',))
HTTPConnectionPool(host='web.dmi.unict.itcorsi', port=80): Max retries exceeded with url: /l-35 (Caused by NewConnectionError('<urllib3.connection.HTTPConnection object at 0x7f349c21ad30>: Failed to establish a new connection: [Errno -2] Name or service not known',))
HTTPConnectionPool(host='web.dmi.unict.itcorsi', port=80): Max retries exceeded with url: /lm-18 (Caused by NewConnectionError('<urllib3.connection.HTTPConnection object at 0x7f349c217160>: Failed to establish a new connection: [Errno -2] Name or service not known',))
HTTPConnectionPool(host='web.dmi.unict.itcorsi', port=80): Max retries exceeded with url: /lm-40 (Caused by NewConnectionError('<urllib3.connection.HTTPConnection object at 0x7f349c217128>: Failed to establish a new connection: [Errno -2] Name or service not known',))
'NoneType' object has no attribute 'find_all'
HTTPConnectionPool(host='web.dmi.unict.itcorsi', port=80): Max retries exceeded with url: /l-31 (Caused by NewConnectionError('<urllib3.connection.HTTPConnection object at 0x7f349c11dfd0>: Failed to establish a new connection: [Errno -2] Name or service not known',))
HTTPConnectionPool(host='web.dmi.unict.itcorsi', port=80): Max retries exceeded with url: /l-35 (Caused by NewConnectionError('<urllib3.connection.HTTPConnection object at 0x7f349c11def0>: Failed to establish a new connection: [Errno -2] Name or service not known',))
HTTPConnectionPool(host='web.dmi.unict.itcorsi', port=80): Max retries exceeded with url: /lm-18 (Caused by NewConnectionError('<urllib3.connection.HTTPConnection object at 0x7f349c11dc18>: Failed to establish a new connection: [Errno -2] Name or service not known',))
HTTPConnectionPool(host='web.dmi.unict.itcorsi', port=80): Max retries exceeded with url: /lm-40 (Caused by NewConnectionError('<urllib3.connection.HTTPConnection object at 0x7f349c11de80>: Failed to establish a new connection: [Errno -2] Name or service not known',))
'NoneType' object has no attribute 'find_all'
HTTPConnectionPool(host='www.dieei.unict.itcorsi', port=80): Max retries exceeded with url: /l-8-ele (Caused by NewConnectionError('<urllib3.connection.HTTPConnection object at 0x7f34865c07f0>: Failed to establish a new connection: [Errno -2] Name or service not known',))
HTTPConnectionPool(host='www.dieei.unict.itcorsi', port=80): Max retries exceeded with url: /l-9 (Caused by NewConnectionError('<urllib3.connection.HTTPConnection object at 0x7f34865c04e0>: Failed to establish a new connection: [Errno -2] Name or service not known',))
HTTPConnectionPool(host='www.dieei.unict.itcorsi', port=80): Max retries exceeded with url: /l-8-inf (Caused by NewConnectionError('<urllib3.connection.HTTPConnection object at 0x7f349c1d9ac8>: Failed to establish a new connection: [Errno -2] Name or service not known',))
HTTPConnectionPool(host='www.dieei.unict.itcorsi', port=80): Max retries exceeded with url: /lm-25 (Caused by NewConnectionError('<urllib3.connection.HTTPConnection object at 0x7f348652bb00>: Failed to establish a new connection: [Errno -2] Name or service not known',))
HTTPConnectionPool(host='www.dieei.unict.itcorsi', port=80): Max retries exceeded with url: /lm-28 (Caused by NewConnectionError('<urllib3.connection.HTTPConnection object at 0x7f348652b978>: Failed to establish a new connection: [Errno -2] Name or service not known',))
HTTPConnectionPool(host='www.dieei.unict.itcorsi', port=80): Max retries exceeded with url: /lm-29 (Caused by NewConnectionError('<urllib3.connection.HTTPConnection object at 0x7f348652b668>: Failed to establish a new connection: [Errno -2] Name or service not known',))
HTTPConnectionPool(host='www.dieei.unict.itcorsi', port=80): Max retries exceeded with url: /lm-27 (Caused by NewConnectionError('<urllib3.connection.HTTPConnection object at 0x7f348652bb00>: Failed to establish a new connection: [Errno -2] Name or service not known',))
HTTPConnectionPool(host='www.dieei.unict.itcorsi', port=80): Max retries exceeded with url: /lm-32 (Caused by NewConnectionError('<urllib3.connection.HTTPConnection object at 0x7f348652b978>: Failed to establish a new connection: [Errno -2] Name or service not known',))
HTTPConnectionPool(host='www.dieei.unict.itcorsi', port=80): Max retries exceeded with url: /l-8-ele (Caused by NewConnectionError('<urllib3.connection.HTTPConnection object at 0x7f348673ab00>: Failed to establish a new connection: [Errno -2] Name or service not known',))
HTTPConnectionPool(host='www.dieei.unict.itcorsi', port=80): Max retries exceeded with url: /l-9 (Caused by NewConnectionError('<urllib3.connection.HTTPConnection object at 0x7f348673a710>: Failed to establish a new connection: [Errno -2] Name or service not known',))
HTTPConnectionPool(host='www.dieei.unict.itcorsi', port=80): Max retries exceeded with url: /l-8-inf (Caused by NewConnectionError('<urllib3.connection.HTTPConnection object at 0x7f348673a588>: Failed to establish a new connection: [Errno -2] Name or service not known',))
HTTPConnectionPool(host='www.dieei.unict.itcorsi', port=80): Max retries exceeded with url: /lm-25 (Caused by NewConnectionError('<urllib3.connection.HTTPConnection object at 0x7f348673a438>: Failed to establish a new connection: [Errno -2] Name or service not known',))
HTTPConnectionPool(host='www.dieei.unict.itcorsi', port=80): Max retries exceeded with url: /lm-28 (Caused by NewConnectionError('<urllib3.connection.HTTPConnection object at 0x7f348673a588>: Failed to establish a new connection: [Errno -2] Name or service not known',))
HTTPConnectionPool(host='www.dieei.unict.itcorsi', port=80): Max retries exceeded with url: /lm-29 (Caused by NewConnectionError('<urllib3.connection.HTTPConnection object at 0x7f348673a710>: Failed to establish a new connection: [Errno -2] Name or service not known',))
HTTPConnectionPool(host='www.dieei.unict.itcorsi', port=80): Max retries exceeded with url: /lm-27 (Caused by NewConnectionError('<urllib3.connection.HTTPConnection object at 0x7f348673a438>: Failed to establish a new connection: [Errno -2] Name or service not known',))
HTTPConnectionPool(host='www.dieei.unict.itcorsi', port=80): Max retries exceeded with url: /lm-32 (Caused by NewConnectionError('<urllib3.connection.HTTPConnection object at 0x7f348673a588>: Failed to establish a new connection: [Errno -2] Name or service not known',))
HTTPConnectionPool(host='web.dmi.unict.itcorsi', port=80): Max retries exceeded with url: /l-31 (Caused by NewConnectionError('<urllib3.connection.HTTPConnection object at 0x7f7eccb41080>: Failed to establish a new connection: [Errno -2] Name or service not known',))
HTTPConnectionPool(host='web.dmi.unict.itcorsi', port=80): Max retries exceeded with url: /l-35 (Caused by NewConnectionError('<urllib3.connection.HTTPConnection object at 0x7f7eccb41358>: Failed to establish a new connection: [Errno -2] Name or service not known',))
HTTPConnectionPool(host='web.dmi.unict.itcorsi', port=80): Max retries exceeded with url: /lm-18 (Caused by NewConnectionError('<urllib3.connection.HTTPConnection object at 0x7f7eccb41470>: Failed to establish a new connection: [Errno -2] Name or service not known',))
HTTPConnectionPool(host='web.dmi.unict.itcorsi', port=80): Max retries exceeded with url: /lm-40 (Caused by NewConnectionError('<urllib3.connection.HTTPConnection object at 0x7f7eccb41828>: Failed to establish a new connection: [Errno -2] Name or service not known',))
'NoneType' object has no attribute 'find_all'
HTTPConnectionPool(host='web.dmi.unict.itcorsi', port=80): Max retries exceeded with url: /l-31 (Caused by NewConnectionError('<urllib3.connection.HTTPConnection object at 0x7f7eccb5bb00>: Failed to establish a new connection: [Errno -2] Name or service not known',))
HTTPConnectionPool(host='web.dmi.unict.itcorsi', port=80): Max retries exceeded with url: /l-35 (Caused by NewConnectionError('<urllib3.connection.HTTPConnection object at 0x7f7eccb5b908>: Failed to establish a new connection: [Errno -2] Name or service not known',))
HTTPConnectionPool(host='web.dmi.unict.itcorsi', port=80): Max retries exceeded with url: /lm-18 (Caused by NewConnectionError('<urllib3.connection.HTTPConnection object at 0x7f7eccb5bd30>: Failed to establish a new connection: [Errno -2] Name or service not known',))
HTTPConnectionPool(host='web.dmi.unict.itcorsi', port=80): Max retries exceeded with url: /lm-40 (Caused by NewConnectionError('<urllib3.connection.HTTPConnection object at 0x7f7eccb5bb70>: Failed to establish a new connection: [Errno -2] Name or service not known',))
'NoneType' object has no attribute 'find_all'
HTTPConnectionPool(host='www.dieei.unict.itcorsi', port=80): Max retries exceeded with url: /l-8-ele (Caused by NewConnectionError('<urllib3.connection.HTTPConnection object at 0x7f7ecc8b9f28>: Failed to establish a new connection: [Errno -2] Name or service not known',))
HTTPConnectionPool(host='www.dieei.unict.itcorsi', port=80): Max retries exceeded with url: /l-9 (Caused by NewConnectionError('<urllib3.connection.HTTPConnection object at 0x7f7ecc8b9da0>: Failed to establish a new connection: [Errno -2] Name or service not known',))
HTTPConnectionPool(host='www.dieei.unict.itcorsi', port=80): Max retries exceeded with url: /l-8-inf (Caused by NewConnectionError('<urllib3.connection.HTTPConnection object at 0x7f7ecc84fa20>: Failed to establish a new connection: [Errno -2] Name or service not known',))
HTTPConnectionPool(host='www.dieei.unict.itcorsi', port=80): Max retries exceeded with url: /lm-25 (Caused by NewConnectionError('<urllib3.connection.HTTPConnection object at 0x7f7ecc8b9cc0>: Failed to establish a new connection: [Errno -2] Name or service not known',))
HTTPConnectionPool(host='www.dieei.unict.itcorsi', port=80): Max retries exceeded with url: /lm-28 (Caused by NewConnectionError('<urllib3.connection.HTTPConnection object at 0x7f7ecc8b9c88>: Failed to establish a new connection: [Errno -2] Name or service not known',))
HTTPConnectionPool(host='www.dieei.unict.itcorsi', port=80): Max retries exceeded with url: /lm-29 (Caused by NewConnectionError('<urllib3.connection.HTTPConnection object at 0x7f7ecc8b99e8>: Failed to establish a new connection: [Errno -2] Name or service not known',))
HTTPConnectionPool(host='www.dieei.unict.itcorsi', port=80): Max retries exceeded with url: /lm-27 (Caused by NewConnectionError('<urllib3.connection.HTTPConnection object at 0x7f7ecc8b9dd8>: Failed to establish a new connection: [Errno -2] Name or service not known',))
HTTPConnectionPool(host='www.dieei.unict.itcorsi', port=80): Max retries exceeded with url: /lm-32 (Caused by NewConnectionError('<urllib3.connection.HTTPConnection object at 0x7f7ecc8b9c88>: Failed to establish a new connection: [Errno -2] Name or service not known',))
HTTPConnectionPool(host='www.dieei.unict.itcorsi', port=80): Max retries exceeded with url: /l-8-ele (Caused by NewConnectionError('<urllib3.connection.HTTPConnection object at 0x7f7ecc92bb00>: Failed to establish a new connection: [Errno -2] Name or service not known',))
HTTPConnectionPool(host='www.dieei.unict.itcorsi', port=80): Max retries exceeded with url: /l-9 (Caused by NewConnectionError('<urllib3.connection.HTTPConnection object at 0x7f7ecc92b400>: Failed to establish a new connection: [Errno -2] Name or service not known',))
HTTPConnectionPool(host='www.dieei.unict.itcorsi', port=80): Max retries exceeded with url: /l-8-inf (Caused by NewConnectionError('<urllib3.connection.HTTPConnection object at 0x7f7ecc92b898>: Failed to establish a new connection: [Errno -2] Name or service not known',))
HTTPConnectionPool(host='www.dieei.unict.itcorsi', port=80): Max retries exceeded with url: /lm-25 (Caused by NewConnectionError('<urllib3.connection.HTTPConnection object at 0x7f7ecc92b588>: Failed to establish a new connection: [Errno -2] Name or service not known',))
HTTPConnectionPool(host='www.dieei.unict.itcorsi', port=80): Max retries exceeded with url: /lm-28 (Caused by NewConnectionError('<urllib3.connection.HTTPConnection object at 0x7f7ecc92b518>: Failed to establish a new connection: [Errno -2] Name or service not known',))
HTTPConnectionPool(host='www.dieei.unict.itcorsi', port=80): Max retries exceeded with url: /lm-29 (Caused by NewConnectionError('<urllib3.connection.HTTPConnection object at 0x7f7ecc92b358>: Failed to establish a new connection: [Errno -2] Name or service not known',))
HTTPConnectionPool(host='www.dieei.unict.itcorsi', port=80): Max retries exceeded with url: /lm-27 (Caused by NewConnectionError('<urllib3.connection.HTTPConnection object at 0x7f7ecc92b2b0>: Failed to establish a new connection: [Errno -2] Name or service not known',))
HTTPConnectionPool(host='www.dieei.unict.itcorsi', port=80): Max retries exceeded with url: /lm-32 (Caused by NewConnectionError('<urllib3.connection.HTTPConnection object at 0x7f7ecc92b358>: Failed to establish a new connection: [Errno -2] Name or service not known',))
HTTPConnectionPool(host='web.dmi.unict.itcorsi', port=80): Max retries exceeded with url: /l-31 (Caused by NewConnectionError('<urllib3.connection.HTTPConnection object at 0x7fee68383240>: Failed to establish a new connection: [Errno -2] Name or service not known',))
HTTPConnectionPool(host='web.dmi.unict.itcorsi', port=80): Max retries exceeded with url: /l-35 (Caused by NewConnectionError('<urllib3.connection.HTTPConnection object at 0x7fee68383160>: Failed to establish a new connection: [Errno -2] Name or service not known',))
HTTPConnectionPool(host='web.dmi.unict.itcorsi', port=80): Max retries exceeded with url: /lm-18 (Caused by NewConnectionError('<urllib3.connection.HTTPConnection object at 0x7fee68370f60>: Failed to establish a new connection: [Errno -2] Name or service not known',))
HTTPConnectionPool(host='web.dmi.unict.itcorsi', port=80): Max retries exceeded with url: /lm-40 (Caused by NewConnectionError('<urllib3.connection.HTTPConnection object at 0x7fee68370d30>: Failed to establish a new connection: [Errno -2] Name or service not known',))
'NoneType' object has no attribute 'find_all'
HTTPConnectionPool(host='web.dmi.unict.itcorsi', port=80): Max retries exceeded with url: /l-31 (Caused by NewConnectionError('<urllib3.connection.HTTPConnection object at 0x7fee681f7780>: Failed to establish a new connection: [Errno -2] Name or service not known',))
HTTPConnectionPool(host='web.dmi.unict.itcorsi', port=80): Max retries exceeded with url: /l-35 (Caused by NewConnectionError('<urllib3.connection.HTTPConnection object at 0x7fee681f7588>: Failed to establish a new connection: [Errno -2] Name or service not known',))
HTTPConnectionPool(host='web.dmi.unict.itcorsi', port=80): Max retries exceeded with url: /lm-18 (Caused by NewConnectionError('<urllib3.connection.HTTPConnection object at 0x7fee681f75c0>: Failed to establish a new connection: [Errno -2] Name or service not known',))
HTTPConnectionPool(host='web.dmi.unict.itcorsi', port=80): Max retries exceeded with url: /lm-40 (Caused by NewConnectionError('<urllib3.connection.HTTPConnection object at 0x7fee681f7748>: Failed to establish a new connection: [Errno -2] Name or service not known',))
'NoneType' object has no attribute 'find_all'
HTTPConnectionPool(host='www.dieei.unict.itcorsi', port=80): Max retries exceeded with url: /l-8-ele (Caused by NewConnectionError('<urllib3.connection.HTTPConnection object at 0x7fee682b2828>: Failed to establish a new connection: [Errno -2] Name or service not known',))
HTTPConnectionPool(host='www.dieei.unict.itcorsi', port=80): Max retries exceeded with url: /l-9 (Caused by NewConnectionError('<urllib3.connection.HTTPConnection object at 0x7fee682b2780>: Failed to establish a new connection: [Errno -2] Name or service not known',))
HTTPConnectionPool(host='www.dieei.unict.itcorsi', port=80): Max retries exceeded with url: /l-8-inf (Caused by NewConnectionError('<urllib3.connection.HTTPConnection object at 0x7fee682b2f98>: Failed to establish a new connection: [Errno -2] Name or service not known',))
HTTPConnectionPool(host='www.dieei.unict.itcorsi', port=80): Max retries exceeded with url: /lm-25 (Caused by NewConnectionError('<urllib3.connection.HTTPConnection object at 0x7fee682b2940>: Failed to establish a new connection: [Errno -2] Name or service not known',))
HTTPConnectionPool(host='www.dieei.unict.itcorsi', port=80): Max retries exceeded with url: /lm-28 (Caused by NewConnectionError('<urllib3.connection.HTTPConnection object at 0x7fee682b26d8>: Failed to establish a new connection: [Errno -2] Name or service not known',))
HTTPConnectionPool(host='www.dieei.unict.itcorsi', port=80): Max retries exceeded with url: /lm-29 (Caused by NewConnectionError('<urllib3.connection.HTTPConnection object at 0x7fee682b2780>: Failed to establish a new connection: [Errno -2] Name or service not known',))
HTTPConnectionPool(host='www.dieei.unict.itcorsi', port=80): Max retries exceeded with url: /lm-27 (Caused by NewConnectionError('<urllib3.connection.HTTPConnection object at 0x7fee682b2940>: Failed to establish a new connection: [Errno -2] Name or service not known',))
HTTPConnectionPool(host='www.dieei.unict.itcorsi', port=80): Max retries exceeded with url: /lm-32 (Caused by NewConnectionError('<urllib3.connection.HTTPConnection object at 0x7fee682b26d8>: Failed to establish a new connection: [Errno -2] Name or service not known',))
HTTPConnectionPool(host='www.dieei.unict.itcorsi', port=80): Max retries exceeded with url: /l-8-ele (Caused by NewConnectionError('<urllib3.connection.HTTPConnection object at 0x7fee681c5320>: Failed to establish a new connection: [Errno -2] Name or service not known',))
HTTPConnectionPool(host='www.dieei.unict.itcorsi', port=80): Max retries exceeded with url: /l-9 (Caused by NewConnectionError('<urllib3.connection.HTTPConnection object at 0x7fee681c5390>: Failed to establish a new connection: [Errno -2] Name or service not known',))
HTTPConnectionPool(host='www.dieei.unict.itcorsi', port=80): Max retries exceeded with url: /l-8-inf (Caused by NewConnectionError('<urllib3.connection.HTTPConnection object at 0x7fee681c52b0>: Failed to establish a new connection: [Errno -2] Name or service not known',))
HTTPConnectionPool(host='www.dieei.unict.itcorsi', port=80): Max retries exceeded with url: /lm-25 (Caused by NewConnectionError('<urllib3.connection.HTTPConnection object at 0x7fee681c5390>: Failed to establish a new connection: [Errno -2] Name or service not known',))
HTTPConnectionPool(host='www.dieei.unict.itcorsi', port=80): Max retries exceeded with url: /lm-28 (Caused by NewConnectionError('<urllib3.connection.HTTPConnection object at 0x7fee681c52b0>: Failed to establish a new connection: [Errno -2] Name or service not known',))
HTTPConnectionPool(host='www.dieei.unict.itcorsi', port=80): Max retries exceeded with url: /lm-29 (Caused by NewConnectionError('<urllib3.connection.HTTPConnection object at 0x7fee682f1c88>: Failed to establish a new connection: [Errno -2] Name or service not known',))
HTTPConnectionPool(host='www.dieei.unict.itcorsi', port=80): Max retries exceeded with url: /lm-27 (Caused by NewConnectionError('<urllib3.connection.HTTPConnection object at 0x7fee681c52b0>: Failed to establish a new connection: [Errno -2] Name or service not known',))
HTTPConnectionPool(host='www.dieei.unict.itcorsi', port=80): Max retries exceeded with url: /lm-32 (Caused by NewConnectionError('<urllib3.connection.HTTPConnection object at 0x7fee682f1f60>: Failed to establish a new connection: [Errno -2] Name or service not known',))
HTTPConnectionPool(host='web.dmi.unict.itcorsi', port=80): Max retries exceeded with url: /l-31 (Caused by NewConnectionError('<urllib3.connection.HTTPConnection object at 0x7fdcc067ecc0>: Failed to establish a new connection: [Errno -2] Name or service not known',))
HTTPConnectionPool(host='web.dmi.unict.itcorsi', port=80): Max retries exceeded with url: /l-35 (Caused by NewConnectionError('<urllib3.connection.HTTPConnection object at 0x7fdcc067ef98>: Failed to establish a new connection: [Errno -2] Name or service not known',))
HTTPConnectionPool(host='web.dmi.unict.itcorsi', port=80): Max retries exceeded with url: /lm-18 (Caused by NewConnectionError('<urllib3.connection.HTTPConnection object at 0x7fdcc067ed68>: Failed to establish a new connection: [Errno -2] Name or service not known',))
HTTPConnectionPool(host='web.dmi.unict.itcorsi', port=80): Max retries exceeded with url: /lm-40 (Caused by NewConnectionError('<urllib3.connection.HTTPConnection object at 0x7fdcc0680fd0>: Failed to establish a new connection: [Errno -2] Name or service not known',))
'NoneType' object has no attribute 'find_all'
HTTPConnectionPool(host='web.dmi.unict.itcorsi', port=80): Max retries exceeded with url: /l-31 (Caused by NewConnectionError('<urllib3.connection.HTTPConnection object at 0x7fdcc04f4780>: Failed to establish a new connection: [Errno -2] Name or service not known',))
HTTPConnectionPool(host='web.dmi.unict.itcorsi', port=80): Max retries exceeded with url: /l-35 (Caused by NewConnectionError('<urllib3.connection.HTTPConnection object at 0x7fdcc04f4588>: Failed to establish a new connection: [Errno -2] Name or service not known',))
HTTPConnectionPool(host='web.dmi.unict.itcorsi', port=80): Max retries exceeded with url: /lm-18 (Caused by NewConnectionError('<urllib3.connection.HTTPConnection object at 0x7fdcc04f45c0>: Failed to establish a new connection: [Errno -2] Name or service not known',))
HTTPConnectionPool(host='web.dmi.unict.itcorsi', port=80): Max retries exceeded with url: /lm-40 (Caused by NewConnectionError('<urllib3.connection.HTTPConnection object at 0x7fdcc04f4748>: Failed to establish a new connection: [Errno -2] Name or service not known',))
'NoneType' object has no attribute 'find_all'
HTTPConnectionPool(host='www.dieei.unict.itcorsi', port=80): Max retries exceeded with url: /l-8-ele (Caused by NewConnectionError('<urllib3.connection.HTTPConnection object at 0x7fdcc05c7710>: Failed to establish a new connection: [Errno -2] Name or service not known',))
HTTPConnectionPool(host='www.dieei.unict.itcorsi', port=80): Max retries exceeded with url: /l-9 (Caused by NewConnectionError('<urllib3.connection.HTTPConnection object at 0x7fdcc05c76d8>: Failed to establish a new connection: [Errno -2] Name or service not known',))
HTTPConnectionPool(host='www.dieei.unict.itcorsi', port=80): Max retries exceeded with url: /l-8-inf (Caused by NewConnectionError('<urllib3.connection.HTTPConnection object at 0x7fdcc053d048>: Failed to establish a new connection: [Errno -2] Name or service not known',))
HTTPConnectionPool(host='www.dieei.unict.itcorsi', port=80): Max retries exceeded with url: /lm-25 (Caused by NewConnectionError('<urllib3.connection.HTTPConnection object at 0x7fdcc05c7710>: Failed to establish a new connection: [Errno -2] Name or service not known',))
HTTPConnectionPool(host='www.dieei.unict.itcorsi', port=80): Max retries exceeded with url: /lm-28 (Caused by NewConnectionError('<urllib3.connection.HTTPConnection object at 0x7fdcc05c77b8>: Failed to establish a new connection: [Errno -2] Name or service not known',))
HTTPConnectionPool(host='www.dieei.unict.itcorsi', port=80): Max retries exceeded with url: /lm-29 (Caused by NewConnectionError('<urllib3.connection.HTTPConnection object at 0x7fdcc05c7668>: Failed to establish a new connection: [Errno -2] Name or service not known',))
HTTPConnectionPool(host='www.dieei.unict.itcorsi', port=80): Max retries exceeded with url: /lm-27 (Caused by NewConnectionError('<urllib3.connection.HTTPConnection object at 0x7fdcc05c7978>: Failed to establish a new connection: [Errno -2] Name or service not known',))
HTTPConnectionPool(host='www.dieei.unict.itcorsi', port=80): Max retries exceeded with url: /lm-32 (Caused by NewConnectionError('<urllib3.connection.HTTPConnection object at 0x7fdcc05c7630>: Failed to establish a new connection: [Errno -2] Name or service not known',))
HTTPConnectionPool(host='www.dieei.unict.itcorsi', port=80): Max retries exceeded with url: /l-8-ele (Caused by NewConnectionError('<urllib3.connection.HTTPConnection object at 0x7fdcc250ccc0>: Failed to establish a new connection: [Errno -2] Name or service not known',))
HTTPConnectionPool(host='www.dieei.unict.itcorsi', port=80): Max retries exceeded with url: /l-9 (Caused by NewConnectionError('<urllib3.connection.HTTPConnection object at 0x7fdcc250c8d0>: Failed to establish a new connection: [Errno -2] Name or service not known',))
HTTPConnectionPool(host='www.dieei.unict.itcorsi', port=80): Max retries exceeded with url: /l-8-inf (Caused by NewConnectionError('<urllib3.connection.HTTPConnection object at 0x7fdcc250ce48>: Failed to establish a new connection: [Errno -2] Name or service not known',))
HTTPConnectionPool(host='www.dieei.unict.itcorsi', port=80): Max retries exceeded with url: /lm-25 (Caused by NewConnectionError('<urllib3.connection.HTTPConnection object at 0x7fdcc250c9b0>: Failed to establish a new connection: [Errno -2] Name or service not known',))
HTTPConnectionPool(host='www.dieei.unict.itcorsi', port=80): Max retries exceeded with url: /lm-28 (Caused by NewConnectionError('<urllib3.connection.HTTPConnection object at 0x7fdcc250c8d0>: Failed to establish a new connection: [Errno -2] Name or service not known',))
HTTPConnectionPool(host='www.dieei.unict.itcorsi', port=80): Max retries exceeded with url: /lm-29 (Caused by NewConnectionError('<urllib3.connection.HTTPConnection object at 0x7fdcc250ce48>: Failed to establish a new connection: [Errno -2] Name or service not known',))
HTTPConnectionPool(host='www.dieei.unict.itcorsi', port=80): Max retries exceeded with url: /lm-27 (Caused by NewConnectionError('<urllib3.connection.HTTPConnection object at 0x7fdcc250cc88>: Failed to establish a new connection: [Errno -2] Name or service not known',))
HTTPConnectionPool(host='www.dieei.unict.itcorsi', port=80): Max retries exceeded with url: /lm-32 (Caused by NewConnectionError('<urllib3.connection.HTTPConnection object at 0x7fdcc250c278>: Failed to establish a new connection: [Errno -2] Name or service not known',))
HTTPConnectionPool(host='web.dmi.unict.itcorsi', port=80): Max retries exceeded with url: /l-31 (Caused by NewConnectionError('<urllib3.connection.HTTPConnection object at 0x7f09786b7390>: Failed to establish a new connection: [Errno -2] Name or service not known',))
HTTPConnectionPool(host='web.dmi.unict.itcorsi', port=80): Max retries exceeded with url: /l-35 (Caused by NewConnectionError('<urllib3.connection.HTTPConnection object at 0x7f09786b7470>: Failed to establish a new connection: [Errno -2] Name or service not known',))
HTTPConnectionPool(host='web.dmi.unict.itcorsi', port=80): Max retries exceeded with url: /lm-18 (Caused by NewConnectionError('<urllib3.connection.HTTPConnection object at 0x7f09786b7668>: Failed to establish a new connection: [Errno -2] Name or service not known',))
HTTPConnectionPool(host='web.dmi.unict.itcorsi', port=80): Max retries exceeded with url: /lm-40 (Caused by NewConnectionError('<urllib3.connection.HTTPConnection object at 0x7f09786b7390>: Failed to establish a new connection: [Errno -2] Name or service not known',))
'NoneType' object has no attribute 'find_all'
HTTPConnectionPool(host='web.dmi.unict.itcorsi', port=80): Max retries exceeded with url: /l-31 (Caused by NewConnectionError('<urllib3.connection.HTTPConnection object at 0x7f0978644b38>: Failed to establish a new connection: [Errno -2] Name or service not known',))
HTTPConnectionPool(host='web.dmi.unict.itcorsi', port=80): Max retries exceeded with url: /l-35 (Caused by NewConnectionError('<urllib3.connection.HTTPConnection object at 0x7f0978644d68>: Failed to establish a new connection: [Errno -2] Name or service not known',))
HTTPConnectionPool(host='web.dmi.unict.itcorsi', port=80): Max retries exceeded with url: /lm-18 (Caused by NewConnectionError('<urllib3.connection.HTTPConnection object at 0x7f0978644a90>: Failed to establish a new connection: [Errno -2] Name or service not known',))
HTTPConnectionPool(host='web.dmi.unict.itcorsi', port=80): Max retries exceeded with url: /lm-40 (Caused by NewConnectionError('<urllib3.connection.HTTPConnection object at 0x7f0978644ac8>: Failed to establish a new connection: [Errno -2] Name or service not known',))
'NoneType' object has no attribute 'find_all'
HTTPConnectionPool(host='www.dieei.unict.itcorsi', port=80): Max retries exceeded with url: /l-8-ele (Caused by NewConnectionError('<urllib3.connection.HTTPConnection object at 0x7f09785e8e80>: Failed to establish a new connection: [Errno -2] Name or service not known',))
HTTPConnectionPool(host='www.dieei.unict.itcorsi', port=80): Max retries exceeded with url: /l-9 (Caused by NewConnectionError('<urllib3.connection.HTTPConnection object at 0x7f09785e8dd8>: Failed to establish a new connection: [Errno -2] Name or service not known',))
HTTPConnectionPool(host='www.dieei.unict.itcorsi', port=80): Max retries exceeded with url: /l-8-inf (Caused by NewConnectionError('<urllib3.connection.HTTPConnection object at 0x7f0978653f98>: Failed to establish a new connection: [Errno -2] Name or service not known',))
HTTPConnectionPool(host='www.dieei.unict.itcorsi', port=80): Max retries exceeded with url: /lm-25 (Caused by NewConnectionError('<urllib3.connection.HTTPConnection object at 0x7f09785e8ba8>: Failed to establish a new connection: [Errno -2] Name or service not known',))
HTTPConnectionPool(host='www.dieei.unict.itcorsi', port=80): Max retries exceeded with url: /lm-28 (Caused by NewConnectionError('<urllib3.connection.HTTPConnection object at 0x7f09785e8c50>: Failed to establish a new connection: [Errno -2] Name or service not known',))
HTTPConnectionPool(host='www.dieei.unict.itcorsi', port=80): Max retries exceeded with url: /lm-29 (Caused by NewConnectionError('<urllib3.connection.HTTPConnection object at 0x7f09785e8c18>: Failed to establish a new connection: [Errno -2] Name or service not known',))
HTTPConnectionPool(host='www.dieei.unict.itcorsi', port=80): Max retries exceeded with url: /lm-27 (Caused by NewConnectionError('<urllib3.connection.HTTPConnection object at 0x7f09785e8f28>: Failed to establish a new connection: [Errno -2] Name or service not known',))
HTTPConnectionPool(host='www.dieei.unict.itcorsi', port=80): Max retries exceeded with url: /lm-32 (Caused by NewConnectionError('<urllib3.connection.HTTPConnection object at 0x7f09785e8c50>: Failed to establish a new connection: [Errno -2] Name or service not known',))
HTTPConnectionPool(host='www.dieei.unict.itcorsi', port=80): Max retries exceeded with url: /l-8-ele (Caused by NewConnectionError('<urllib3.connection.HTTPConnection object at 0x7f09783ec7b8>: Failed to establish a new connection: [Errno -2] Name or service not known',))
HTTPConnectionPool(host='www.dieei.unict.itcorsi', port=80): Max retries exceeded with url: /l-9 (Caused by NewConnectionError('<urllib3.connection.HTTPConnection object at 0x7f09783ecc18>: Failed to establish a new connection: [Errno -2] Name or service not known',))
HTTPConnectionPool(host='www.dieei.unict.itcorsi', port=80): Max retries exceeded with url: /l-8-inf (Caused by NewConnectionError('<urllib3.connection.HTTPConnection object at 0x7f09783ecc18>: Failed to establish a new connection: [Errno -2] Name or service not known',))
HTTPConnectionPool(host='www.dieei.unict.itcorsi', port=80): Max retries exceeded with url: /lm-25 (Caused by NewConnectionError('<urllib3.connection.HTTPConnection object at 0x7f09782d4780>: Failed to establish a new connection: [Errno -2] Name or service not known',))
HTTPConnectionPool(host='www.dieei.unict.itcorsi', port=80): Max retries exceeded with url: /lm-28 (Caused by NewConnectionError('<urllib3.connection.HTTPConnection object at 0x7f09783ec748>: Failed to establish a new connection: [Errno -2] Name or service not known',))
HTTPConnectionPool(host='www.dieei.unict.itcorsi', port=80): Max retries exceeded with url: /lm-29 (Caused by NewConnectionError('<urllib3.connection.HTTPConnection object at 0x7f097c62d208>: Failed to establish a new connection: [Errno -2] Name or service not known',))
HTTPConnectionPool(host='www.dieei.unict.itcorsi', port=80): Max retries exceeded with url: /lm-27 (Caused by NewConnectionError('<urllib3.connection.HTTPConnection object at 0x7f09783ec748>: Failed to establish a new connection: [Errno -2] Name or service not known',))
HTTPConnectionPool(host='www.dieei.unict.itcorsi', port=80): Max retries exceeded with url: /lm-32 (Caused by NewConnectionError('<urllib3.connection.HTTPConnection object at 0x7f0978426518>: Failed to establish a new connection: [Errno -2] Name or service not known',))
HTTPConnectionPool(host='web.dmi.unict.itcorsi', port=80): Max retries exceeded with url: /l-31 (Caused by NewConnectionError('<urllib3.connection.HTTPConnection object at 0x7f556875d1d0>: Failed to establish a new connection: [Errno -2] Name or service not known',))
HTTPConnectionPool(host='web.dmi.unict.itcorsi', port=80): Max retries exceeded with url: /l-35 (Caused by NewConnectionError('<urllib3.connection.HTTPConnection object at 0x7f556875d048>: Failed to establish a new connection: [Errno -2] Name or service not known',))
HTTPConnectionPool(host='web.dmi.unict.itcorsi', port=80): Max retries exceeded with url: /lm-18 (Caused by NewConnectionError('<urllib3.connection.HTTPConnection object at 0x7f5568758f60>: Failed to establish a new connection: [Errno -2] Name or service not known',))
HTTPConnectionPool(host='web.dmi.unict.itcorsi', port=80): Max retries exceeded with url: /lm-40 (Caused by NewConnectionError('<urllib3.connection.HTTPConnection object at 0x7f5568758fd0>: Failed to establish a new connection: [Errno -2] Name or service not known',))
'NoneType' object has no attribute 'find_all'
HTTPConnectionPool(host='web.dmi.unict.itcorsi', port=80): Max retries exceeded with url: /l-31 (Caused by NewConnectionError('<urllib3.connection.HTTPConnection object at 0x7f55685d1748>: Failed to establish a new connection: [Errno -2] Name or service not known',))
HTTPConnectionPool(host='web.dmi.unict.itcorsi', port=80): Max retries exceeded with url: /l-35 (Caused by NewConnectionError('<urllib3.connection.HTTPConnection object at 0x7f55685d1550>: Failed to establish a new connection: [Errno -2] Name or service not known',))
HTTPConnectionPool(host='web.dmi.unict.itcorsi', port=80): Max retries exceeded with url: /lm-18 (Caused by NewConnectionError('<urllib3.connection.HTTPConnection object at 0x7f55685d1588>: Failed to establish a new connection: [Errno -2] Name or service not known',))
HTTPConnectionPool(host='web.dmi.unict.itcorsi', port=80): Max retries exceeded with url: /lm-40 (Caused by NewConnectionError('<urllib3.connection.HTTPConnection object at 0x7f55685d1710>: Failed to establish a new connection: [Errno -2] Name or service not known',))
'NoneType' object has no attribute 'find_all'
HTTPConnectionPool(host='www.dieei.unict.itcorsi', port=80): Max retries exceeded with url: /l-8-ele (Caused by NewConnectionError('<urllib3.connection.HTTPConnection object at 0x7f5568758978>: Failed to establish a new connection: [Errno -2] Name or service not known',))
HTTPConnectionPool(host='www.dieei.unict.itcorsi', port=80): Max retries exceeded with url: /l-9 (Caused by NewConnectionError('<urllib3.connection.HTTPConnection object at 0x7f5568758fd0>: Failed to establish a new connection: [Errno -2] Name or service not known',))
HTTPConnectionPool(host='www.dieei.unict.itcorsi', port=80): Max retries exceeded with url: /l-8-inf (Caused by NewConnectionError('<urllib3.connection.HTTPConnection object at 0x7f5568758ef0>: Failed to establish a new connection: [Errno -2] Name or service not known',))
HTTPConnectionPool(host='www.dieei.unict.itcorsi', port=80): Max retries exceeded with url: /lm-25 (Caused by NewConnectionError('<urllib3.connection.HTTPConnection object at 0x7f5568758908>: Failed to establish a new connection: [Errno -2] Name or service not known',))
HTTPConnectionPool(host='www.dieei.unict.itcorsi', port=80): Max retries exceeded with url: /lm-28 (Caused by NewConnectionError('<urllib3.connection.HTTPConnection object at 0x7f5568758f60>: Failed to establish a new connection: [Errno -2] Name or service not known',))
HTTPConnectionPool(host='www.dieei.unict.itcorsi', port=80): Max retries exceeded with url: /lm-29 (Caused by NewConnectionError('<urllib3.connection.HTTPConnection object at 0x7f5568758f98>: Failed to establish a new connection: [Errno -2] Name or service not known',))
HTTPConnectionPool(host='www.dieei.unict.itcorsi', port=80): Max retries exceeded with url: /lm-27 (Caused by NewConnectionError('<urllib3.connection.HTTPConnection object at 0x7f5568758908>: Failed to establish a new connection: [Errno -2] Name or service not known',))
HTTPConnectionPool(host='www.dieei.unict.itcorsi', port=80): Max retries exceeded with url: /lm-32 (Caused by NewConnectionError('<urllib3.connection.HTTPConnection object at 0x7f5568758f60>: Failed to establish a new connection: [Errno -2] Name or service not known',))
HTTPConnectionPool(host='www.dieei.unict.itcorsi', port=80): Max retries exceeded with url: /l-8-ele (Caused by NewConnectionError('<urllib3.connection.HTTPConnection object at 0x7f556b5e6ba8>: Failed to establish a new connection: [Errno -2] Name or service not known',))
HTTPConnectionPool(host='www.dieei.unict.itcorsi', port=80): Max retries exceeded with url: /l-9 (Caused by NewConnectionError('<urllib3.connection.HTTPConnection object at 0x7f556b5e6fd0>: Failed to establish a new connection: [Errno -2] Name or service not known',))
HTTPConnectionPool(host='www.dieei.unict.itcorsi', port=80): Max retries exceeded with url: /l-8-inf (Caused by NewConnectionError('<urllib3.connection.HTTPConnection object at 0x7f556b5e6828>: Failed to establish a new connection: [Errno -2] Name or service not known',))
HTTPConnectionPool(host='www.dieei.unict.itcorsi', port=80): Max retries exceeded with url: /lm-25 (Caused by NewConnectionError('<urllib3.connection.HTTPConnection object at 0x7f556b5e6f28>: Failed to establish a new connection: [Errno -2] Name or service not known',))
HTTPConnectionPool(host='www.dieei.unict.itcorsi', port=80): Max retries exceeded with url: /lm-28 (Caused by NewConnectionError('<urllib3.connection.HTTPConnection object at 0x7f556b5e6fd0>: Failed to establish a new connection: [Errno -2] Name or service not known',))
HTTPConnectionPool(host='www.dieei.unict.itcorsi', port=80): Max retries exceeded with url: /lm-29 (Caused by NewConnectionError('<urllib3.connection.HTTPConnection object at 0x7f556b5e6828>: Failed to establish a new connection: [Errno -2] Name or service not known',))
HTTPConnectionPool(host='www.dieei.unict.itcorsi', port=80): Max retries exceeded with url: /lm-27 (Caused by NewConnectionError('<urllib3.connection.HTTPConnection object at 0x7f556b5e6748>: Failed to establish a new connection: [Errno -2] Name or service not known',))
HTTPConnectionPool(host='www.dieei.unict.itcorsi', port=80): Max retries exceeded with url: /lm-32 (Caused by NewConnectionError('<urllib3.connection.HTTPConnection object at 0x7f556b5e6b00>: Failed to establish a new connection: [Errno -2] Name or service not known',))
HTTPConnectionPool(host='web.dmi.unict.itcorsi', port=80): Max retries exceeded with url: /l-31 (Caused by NewConnectionError('<urllib3.connection.HTTPConnection object at 0x7f6eb0252240>: Failed to establish a new connection: [Errno -2] Name or service not known',))
HTTPConnectionPool(host='web.dmi.unict.itcorsi', port=80): Max retries exceeded with url: /l-35 (Caused by NewConnectionError('<urllib3.connection.HTTPConnection object at 0x7f6eb0252128>: Failed to establish a new connection: [Errno -2] Name or service not known',))
HTTPConnectionPool(host='web.dmi.unict.itcorsi', port=80): Max retries exceeded with url: /lm-18 (Caused by NewConnectionError('<urllib3.connection.HTTPConnection object at 0x7f6eb02521d0>: Failed to establish a new connection: [Errno -2] Name or service not known',))
HTTPConnectionPool(host='web.dmi.unict.itcorsi', port=80): Max retries exceeded with url: /lm-40 (Caused by NewConnectionError('<urllib3.connection.HTTPConnection object at 0x7f6eb0254f98>: Failed to establish a new connection: [Errno -2] Name or service not known',))
'NoneType' object has no attribute 'find_all'
HTTPConnectionPool(host='web.dmi.unict.itcorsi', port=80): Max retries exceeded with url: /l-31 (Caused by NewConnectionError('<urllib3.connection.HTTPConnection object at 0x7f6eb00d5710>: Failed to establish a new connection: [Errno -2] Name or service not known',))
HTTPConnectionPool(host='web.dmi.unict.itcorsi', port=80): Max retries exceeded with url: /l-35 (Caused by NewConnectionError('<urllib3.connection.HTTPConnection object at 0x7f6eb00d5518>: Failed to establish a new connection: [Errno -2] Name or service not known',))
HTTPConnectionPool(host='web.dmi.unict.itcorsi', port=80): Max retries exceeded with url: /lm-18 (Caused by NewConnectionError('<urllib3.connection.HTTPConnection object at 0x7f6eb00d5550>: Failed to establish a new connection: [Errno -2] Name or service not known',))
HTTPConnectionPool(host='web.dmi.unict.itcorsi', port=80): Max retries exceeded with url: /lm-40 (Caused by NewConnectionError('<urllib3.connection.HTTPConnection object at 0x7f6eb00d56d8>: Failed to establish a new connection: [Errno -2] Name or service not known',))
'NoneType' object has no attribute 'find_all'
HTTPConnectionPool(host='www.dieei.unict.itcorsi', port=80): Max retries exceeded with url: /l-8-ele (Caused by NewConnectionError('<urllib3.connection.HTTPConnection object at 0x7f6eb0213860>: Failed to establish a new connection: [Errno -2] Name or service not known',))
HTTPConnectionPool(host='www.dieei.unict.itcorsi', port=80): Max retries exceeded with url: /l-9 (Caused by NewConnectionError('<urllib3.connection.HTTPConnection object at 0x7f6eb02135c0>: Failed to establish a new connection: [Errno -2] Name or service not known',))
HTTPConnectionPool(host='www.dieei.unict.itcorsi', port=80): Max retries exceeded with url: /l-8-inf (Caused by NewConnectionError('<urllib3.connection.HTTPConnection object at 0x7f6eb0213668>: Failed to establish a new connection: [Errno -2] Name or service not known',))
HTTPConnectionPool(host='www.dieei.unict.itcorsi', port=80): Max retries exceeded with url: /lm-25 (Caused by NewConnectionError('<urllib3.connection.HTTPConnection object at 0x7f6eb02137f0>: Failed to establish a new connection: [Errno -2] Name or service not known',))
HTTPConnectionPool(host='www.dieei.unict.itcorsi', port=80): Max retries exceeded with url: /lm-28 (Caused by NewConnectionError('<urllib3.connection.HTTPConnection object at 0x7f6eb0213630>: Failed to establish a new connection: [Errno -2] Name or service not known',))
HTTPConnectionPool(host='www.dieei.unict.itcorsi', port=80): Max retries exceeded with url: /lm-29 (Caused by NewConnectionError('<urllib3.connection.HTTPConnection object at 0x7f6eb0213710>: Failed to establish a new connection: [Errno -2] Name or service not known',))
HTTPConnectionPool(host='www.dieei.unict.itcorsi', port=80): Max retries exceeded with url: /lm-27 (Caused by NewConnectionError('<urllib3.connection.HTTPConnection object at 0x7f6eb0213320>: Failed to establish a new connection: [Errno -2] Name or service not known',))
HTTPConnectionPool(host='www.dieei.unict.itcorsi', port=80): Max retries exceeded with url: /lm-32 (Caused by NewConnectionError('<urllib3.connection.HTTPConnection object at 0x7f6eb0213f60>: Failed to establish a new connection: [Errno -2] Name or service not known',))
HTTPConnectionPool(host='www.dieei.unict.itcorsi', port=80): Max retries exceeded with url: /l-8-ele (Caused by NewConnectionError('<urllib3.connection.HTTPConnection object at 0x7f6eb007b4e0>: Failed to establish a new connection: [Errno -2] Name or service not known',))
HTTPConnectionPool(host='www.dieei.unict.itcorsi', port=80): Max retries exceeded with url: /l-9 (Caused by NewConnectionError('<urllib3.connection.HTTPConnection object at 0x7f6eb01eec50>: Failed to establish a new connection: [Errno -2] Name or service not known',))
HTTPConnectionPool(host='www.dieei.unict.itcorsi', port=80): Max retries exceeded with url: /l-8-inf (Caused by NewConnectionError('<urllib3.connection.HTTPConnection object at 0x7f6eb01eeda0>: Failed to establish a new connection: [Errno -2] Name or service not known',))
HTTPConnectionPool(host='www.dieei.unict.itcorsi', port=80): Max retries exceeded with url: /lm-25 (Caused by NewConnectionError('<urllib3.connection.HTTPConnection object at 0x7f6eb01eefd0>: Failed to establish a new connection: [Errno -2] Name or service not known',))
HTTPConnectionPool(host='www.dieei.unict.itcorsi', port=80): Max retries exceeded with url: /lm-28 (Caused by NewConnectionError('<urllib3.connection.HTTPConnection object at 0x7f6eb01ee780>: Failed to establish a new connection: [Errno -2] Name or service not known',))
HTTPConnectionPool(host='www.dieei.unict.itcorsi', port=80): Max retries exceeded with url: /lm-29 (Caused by NewConnectionError('<urllib3.connection.HTTPConnection object at 0x7f6eb01eee80>: Failed to establish a new connection: [Errno -2] Name or service not known',))
HTTPConnectionPool(host='www.dieei.unict.itcorsi', port=80): Max retries exceeded with url: /lm-27 (Caused by NewConnectionError('<urllib3.connection.HTTPConnection object at 0x7f6eb007b518>: Failed to establish a new connection: [Errno -2] Name or service not known',))
HTTPConnectionPool(host='www.dieei.unict.itcorsi', port=80): Max retries exceeded with url: /lm-32 (Caused by NewConnectionError('<urllib3.connection.HTTPConnection object at 0x7f6eb007b1d0>: Failed to establish a new connection: [Errno -2] Name or service not known',))
HTTPConnectionPool(host='web.dmi.unict.itcorsi', port=80): Max retries exceeded with url: /l-31 (Caused by NewConnectionError('<urllib3.connection.HTTPConnection object at 0x7f73e0240780>: Failed to establish a new connection: [Errno -2] Name or service not known',))
HTTPConnectionPool(host='web.dmi.unict.itcorsi', port=80): Max retries exceeded with url: /l-35 (Caused by NewConnectionError('<urllib3.connection.HTTPConnection object at 0x7f73e0240710>: Failed to establish a new connection: [Errno -2] Name or service not known',))
HTTPConnectionPool(host='web.dmi.unict.itcorsi', port=80): Max retries exceeded with url: /lm-18 (Caused by NewConnectionError('<urllib3.connection.HTTPConnection object at 0x7f73e02405c0>: Failed to establish a new connection: [Errno -2] Name or service not known',))
HTTPConnectionPool(host='web.dmi.unict.itcorsi', port=80): Max retries exceeded with url: /lm-40 (Caused by NewConnectionError('<urllib3.connection.HTTPConnection object at 0x7f73e0240780>: Failed to establish a new connection: [Errno -2] Name or service not known',))
'NoneType' object has no attribute 'find_all'
HTTPConnectionPool(host='web.dmi.unict.itcorsi', port=80): Max retries exceeded with url: /l-31 (Caused by NewConnectionError('<urllib3.connection.HTTPConnection object at 0x7f73e0308b70>: Failed to establish a new connection: [Errno -2] Name or service not known',))
HTTPConnectionPool(host='web.dmi.unict.itcorsi', port=80): Max retries exceeded with url: /l-35 (Caused by NewConnectionError('<urllib3.connection.HTTPConnection object at 0x7f73e0308da0>: Failed to establish a new connection: [Errno -2] Name or service not known',))
HTTPConnectionPool(host='web.dmi.unict.itcorsi', port=80): Max retries exceeded with url: /lm-18 (Caused by NewConnectionError('<urllib3.connection.HTTPConnection object at 0x7f73e0308ac8>: Failed to establish a new connection: [Errno -2] Name or service not known',))
HTTPConnectionPool(host='web.dmi.unict.itcorsi', port=80): Max retries exceeded with url: /lm-40 (Caused by NewConnectionError('<urllib3.connection.HTTPConnection object at 0x7f73e0308b00>: Failed to establish a new connection: [Errno -2] Name or service not known',))
'NoneType' object has no attribute 'find_all'
HTTPConnectionPool(host='www.dieei.unict.itcorsi', port=80): Max retries exceeded with url: /l-8-ele (Caused by NewConnectionError('<urllib3.connection.HTTPConnection object at 0x7f73e0218470>: Failed to establish a new connection: [Errno -2] Name or service not known',))
HTTPConnectionPool(host='www.dieei.unict.itcorsi', port=80): Max retries exceeded with url: /l-9 (Caused by NewConnectionError('<urllib3.connection.HTTPConnection object at 0x7f73e0218f28>: Failed to establish a new connection: [Errno -2] Name or service not known',))
HTTPConnectionPool(host='www.dieei.unict.itcorsi', port=80): Max retries exceeded with url: /l-8-inf (Caused by NewConnectionError('<urllib3.connection.HTTPConnection object at 0x7f73c3ec2748>: Failed to establish a new connection: [Errno -2] Name or service not known',))
HTTPConnectionPool(host='www.dieei.unict.itcorsi', port=80): Max retries exceeded with url: /lm-25 (Caused by NewConnectionError('<urllib3.connection.HTTPConnection object at 0x7f73e028f1d0>: Failed to establish a new connection: [Errno -2] Name or service not known',))
HTTPConnectionPool(host='www.dieei.unict.itcorsi', port=80): Max retries exceeded with url: /lm-28 (Caused by NewConnectionError('<urllib3.connection.HTTPConnection object at 0x7f73e02189e8>: Failed to establish a new connection: [Errno -2] Name or service not known',))
HTTPConnectionPool(host='www.dieei.unict.itcorsi', port=80): Max retries exceeded with url: /lm-29 (Caused by NewConnectionError('<urllib3.connection.HTTPConnection object at 0x7f73e0218f28>: Failed to establish a new connection: [Errno -2] Name or service not known',))
HTTPConnectionPool(host='www.dieei.unict.itcorsi', port=80): Max retries exceeded with url: /lm-27 (Caused by NewConnectionError('<urllib3.connection.HTTPConnection object at 0x7f73e0218748>: Failed to establish a new connection: [Errno -2] Name or service not known',))
HTTPConnectionPool(host='www.dieei.unict.itcorsi', port=80): Max retries exceeded with url: /lm-32 (Caused by NewConnectionError('<urllib3.connection.HTTPConnection object at 0x7f73e02189e8>: Failed to establish a new connection: [Errno -2] Name or service not known',))
HTTPConnectionPool(host='www.dieei.unict.itcorsi', port=80): Max retries exceeded with url: /l-8-ele (Caused by NewConnectionError('<urllib3.connection.HTTPConnection object at 0x7f73c3f0fb38>: Failed to establish a new connection: [Errno -2] Name or service not known',))
HTTPConnectionPool(host='www.dieei.unict.itcorsi', port=80): Max retries exceeded with url: /l-9 (Caused by NewConnectionError('<urllib3.connection.HTTPConnection object at 0x7f73c3f0fac8>: Failed to establish a new connection: [Errno -2] Name or service not known',))
HTTPConnectionPool(host='www.dieei.unict.itcorsi', port=80): Max retries exceeded with url: /l-8-inf (Caused by NewConnectionError('<urllib3.connection.HTTPConnection object at 0x7f73c3f0f828>: Failed to establish a new connection: [Errno -2] Name or service not known',))
HTTPConnectionPool(host='www.dieei.unict.itcorsi', port=80): Max retries exceeded with url: /lm-25 (Caused by NewConnectionError('<urllib3.connection.HTTPConnection object at 0x7f73c3f0fc18>: Failed to establish a new connection: [Errno -2] Name or service not known',))
HTTPConnectionPool(host='www.dieei.unict.itcorsi', port=80): Max retries exceeded with url: /lm-28 (Caused by NewConnectionError('<urllib3.connection.HTTPConnection object at 0x7f73c3f0f0b8>: Failed to establish a new connection: [Errno -2] Name or service not known',))
HTTPConnectionPool(host='www.dieei.unict.itcorsi', port=80): Max retries exceeded with url: /lm-29 (Caused by NewConnectionError('<urllib3.connection.HTTPConnection object at 0x7f73c3e81898>: Failed to establish a new connection: [Errno -2] Name or service not known',))
HTTPConnectionPool(host='www.dieei.unict.itcorsi', port=80): Max retries exceeded with url: /lm-27 (Caused by NewConnectionError('<urllib3.connection.HTTPConnection object at 0x7f73c3f0fc18>: Failed to establish a new connection: [Errno -2] Name or service not known',))
HTTPConnectionPool(host='www.dieei.unict.itcorsi', port=80): Max retries exceeded with url: /lm-32 (Caused by NewConnectionError('<urllib3.connection.HTTPConnection object at 0x7f73c3f0f0f0>: Failed to establish a new connection: [Errno -2] Name or service not known',))
HTTPConnectionPool(host='web.dmi.unict.itcorsi', port=80): Max retries exceeded with url: /l-31 (Caused by NewConnectionError('<urllib3.connection.HTTPConnection object at 0x7f0cec56a160>: Failed to establish a new connection: [Errno -2] Name or service not known',))
HTTPConnectionPool(host='web.dmi.unict.itcorsi', port=80): Max retries exceeded with url: /l-35 (Caused by NewConnectionError('<urllib3.connection.HTTPConnection object at 0x7f0cec55ccf8>: Failed to establish a new connection: [Errno -2] Name or service not known',))
HTTPConnectionPool(host='web.dmi.unict.itcorsi', port=80): Max retries exceeded with url: /lm-18 (Caused by NewConnectionError('<urllib3.connection.HTTPConnection object at 0x7f0cec55cf60>: Failed to establish a new connection: [Errno -2] Name or service not known',))
HTTPConnectionPool(host='web.dmi.unict.itcorsi', port=80): Max retries exceeded with url: /lm-40 (Caused by NewConnectionError('<urllib3.connection.HTTPConnection object at 0x7f0cec56a128>: Failed to establish a new connection: [Errno -2] Name or service not known',))
'NoneType' object has no attribute 'find_all'
HTTPConnectionPool(host='web.dmi.unict.itcorsi', port=80): Max retries exceeded with url: /l-31 (Caused by NewConnectionError('<urllib3.connection.HTTPConnection object at 0x7f0cec3de710>: Failed to establish a new connection: [Errno -2] Name or service not known',))
HTTPConnectionPool(host='web.dmi.unict.itcorsi', port=80): Max retries exceeded with url: /l-35 (Caused by NewConnectionError('<urllib3.connection.HTTPConnection object at 0x7f0cec3de518>: Failed to establish a new connection: [Errno -2] Name or service not known',))
HTTPConnectionPool(host='web.dmi.unict.itcorsi', port=80): Max retries exceeded with url: /lm-18 (Caused by NewConnectionError('<urllib3.connection.HTTPConnection object at 0x7f0cec3de550>: Failed to establish a new connection: [Errno -2] Name or service not known',))
HTTPConnectionPool(host='web.dmi.unict.itcorsi', port=80): Max retries exceeded with url: /lm-40 (Caused by NewConnectionError('<urllib3.connection.HTTPConnection object at 0x7f0cec3de6d8>: Failed to establish a new connection: [Errno -2] Name or service not known',))
'NoneType' object has no attribute 'find_all'
HTTPConnectionPool(host='www.dieei.unict.itcorsi', port=80): Max retries exceeded with url: /l-8-ele (Caused by NewConnectionError('<urllib3.connection.HTTPConnection object at 0x7f0cec406710>: Failed to establish a new connection: [Errno -2] Name or service not known',))
HTTPConnectionPool(host='www.dieei.unict.itcorsi', port=80): Max retries exceeded with url: /l-9 (Caused by NewConnectionError('<urllib3.connection.HTTPConnection object at 0x7f0cec4066a0>: Failed to establish a new connection: [Errno -2] Name or service not known',))
HTTPConnectionPool(host='www.dieei.unict.itcorsi', port=80): Max retries exceeded with url: /l-8-inf (Caused by NewConnectionError('<urllib3.connection.HTTPConnection object at 0x7f0cec406550>: Failed to establish a new connection: [Errno -2] Name or service not known',))
HTTPConnectionPool(host='www.dieei.unict.itcorsi', port=80): Max retries exceeded with url: /lm-25 (Caused by NewConnectionError('<urllib3.connection.HTTPConnection object at 0x7f0cec4062e8>: Failed to establish a new connection: [Errno -2] Name or service not known',))
HTTPConnectionPool(host='www.dieei.unict.itcorsi', port=80): Max retries exceeded with url: /lm-28 (Caused by NewConnectionError('<urllib3.connection.HTTPConnection object at 0x7f0cec406390>: Failed to establish a new connection: [Errno -2] Name or service not known',))
HTTPConnectionPool(host='www.dieei.unict.itcorsi', port=80): Max retries exceeded with url: /lm-29 (Caused by NewConnectionError('<urllib3.connection.HTTPConnection object at 0x7f0cec406828>: Failed to establish a new connection: [Errno -2] Name or service not known',))
HTTPConnectionPool(host='www.dieei.unict.itcorsi', port=80): Max retries exceeded with url: /lm-27 (Caused by NewConnectionError('<urllib3.connection.HTTPConnection object at 0x7f0cec406588>: Failed to establish a new connection: [Errno -2] Name or service not known',))
HTTPConnectionPool(host='www.dieei.unict.itcorsi', port=80): Max retries exceeded with url: /lm-32 (Caused by NewConnectionError('<urllib3.connection.HTTPConnection object at 0x7f0cec406f60>: Failed to establish a new connection: [Errno -2] Name or service not known',))
HTTPConnectionPool(host='www.dieei.unict.itcorsi', port=80): Max retries exceeded with url: /l-8-ele (Caused by NewConnectionError('<urllib3.connection.HTTPConnection object at 0x7f0cef3f3f28>: Failed to establish a new connection: [Errno -2] Name or service not known',))
HTTPConnectionPool(host='www.dieei.unict.itcorsi', port=80): Max retries exceeded with url: /l-9 (Caused by NewConnectionError('<urllib3.connection.HTTPConnection object at 0x7f0cef3f3fd0>: Failed to establish a new connection: [Errno -2] Name or service not known',))
HTTPConnectionPool(host='www.dieei.unict.itcorsi', port=80): Max retries exceeded with url: /l-8-inf (Caused by NewConnectionError('<urllib3.connection.HTTPConnection object at 0x7f0cef3f34e0>: Failed to establish a new connection: [Errno -2] Name or service not known',))
HTTPConnectionPool(host='www.dieei.unict.itcorsi', port=80): Max retries exceeded with url: /lm-25 (Caused by NewConnectionError('<urllib3.connection.HTTPConnection object at 0x7f0cef3f3c50>: Failed to establish a new connection: [Errno -2] Name or service not known',))
HTTPConnectionPool(host='www.dieei.unict.itcorsi', port=80): Max retries exceeded with url: /lm-28 (Caused by NewConnectionError('<urllib3.connection.HTTPConnection object at 0x7f0cef3f3c88>: Failed to establish a new connection: [Errno -2] Name or service not known',))
HTTPConnectionPool(host='www.dieei.unict.itcorsi', port=80): Max retries exceeded with url: /lm-29 (Caused by NewConnectionError('<urllib3.connection.HTTPConnection object at 0x7f0cef3f3198>: Failed to establish a new connection: [Errno -2] Name or service not known',))
HTTPConnectionPool(host='www.dieei.unict.itcorsi', port=80): Max retries exceeded with url: /lm-27 (Caused by NewConnectionError('<urllib3.connection.HTTPConnection object at 0x7f0cef3f3c88>: Failed to establish a new connection: [Errno -2] Name or service not known',))
HTTPConnectionPool(host='www.dieei.unict.itcorsi', port=80): Max retries exceeded with url: /lm-32 (Caused by NewConnectionError('<urllib3.connection.HTTPConnection object at 0x7f0cef3f34e0>: Failed to establish a new connection: [Errno -2] Name or service not known',))
HTTPConnectionPool(host='web.dmi.unict.itcorsi', port=80): Max retries exceeded with url: /l-31 (Caused by NewConnectionError('<urllib3.connection.HTTPConnection object at 0x7f54c8b04390>: Failed to establish a new connection: [Errno -2] Name or service not known',))
HTTPConnectionPool(host='web.dmi.unict.itcorsi', port=80): Max retries exceeded with url: /l-35 (Caused by NewConnectionError('<urllib3.connection.HTTPConnection object at 0x7f54c8b04470>: Failed to establish a new connection: [Errno -2] Name or service not known',))
HTTPConnectionPool(host='web.dmi.unict.itcorsi', port=80): Max retries exceeded with url: /lm-18 (Caused by NewConnectionError('<urllib3.connection.HTTPConnection object at 0x7f54c8b04668>: Failed to establish a new connection: [Errno -2] Name or service not known',))
HTTPConnectionPool(host='web.dmi.unict.itcorsi', port=80): Max retries exceeded with url: /lm-40 (Caused by NewConnectionError('<urllib3.connection.HTTPConnection object at 0x7f54c8b04390>: Failed to establish a new connection: [Errno -2] Name or service not known',))
'NoneType' object has no attribute 'find_all'
HTTPConnectionPool(host='web.dmi.unict.itcorsi', port=80): Max retries exceeded with url: /l-31 (Caused by NewConnectionError('<urllib3.connection.HTTPConnection object at 0x7f54c8bc8b38>: Failed to establish a new connection: [Errno -2] Name or service not known',))
HTTPConnectionPool(host='web.dmi.unict.itcorsi', port=80): Max retries exceeded with url: /l-35 (Caused by NewConnectionError('<urllib3.connection.HTTPConnection object at 0x7f54c8bc8940>: Failed to establish a new connection: [Errno -2] Name or service not known',))
HTTPConnectionPool(host='web.dmi.unict.itcorsi', port=80): Max retries exceeded with url: /lm-18 (Caused by NewConnectionError('<urllib3.connection.HTTPConnection object at 0x7f54c8bc8d68>: Failed to establish a new connection: [Errno -2] Name or service not known',))
HTTPConnectionPool(host='web.dmi.unict.itcorsi', port=80): Max retries exceeded with url: /lm-40 (Caused by NewConnectionError('<urllib3.connection.HTTPConnection object at 0x7f54c8bc8ba8>: Failed to establish a new connection: [Errno -2] Name or service not known',))
'NoneType' object has no attribute 'find_all'
HTTPConnectionPool(host='www.dieei.unict.itcorsi', port=80): Max retries exceeded with url: /l-8-ele (Caused by NewConnectionError('<urllib3.connection.HTTPConnection object at 0x7f54c8ae2eb8>: Failed to establish a new connection: [Errno -2] Name or service not known',))
HTTPConnectionPool(host='www.dieei.unict.itcorsi', port=80): Max retries exceeded with url: /l-9 (Caused by NewConnectionError('<urllib3.connection.HTTPConnection object at 0x7f54c8ae2cf8>: Failed to establish a new connection: [Errno -2] Name or service not known',))
HTTPConnectionPool(host='www.dieei.unict.itcorsi', port=80): Max retries exceeded with url: /l-8-inf (Caused by NewConnectionError('<urllib3.connection.HTTPConnection object at 0x7f54c8b53278>: Failed to establish a new connection: [Errno -2] Name or service not known',))
HTTPConnectionPool(host='www.dieei.unict.itcorsi', port=80): Max retries exceeded with url: /lm-25 (Caused by NewConnectionError('<urllib3.connection.HTTPConnection object at 0x7f54c8a8c710>: Failed to establish a new connection: [Errno -2] Name or service not known',))
HTTPConnectionPool(host='www.dieei.unict.itcorsi', port=80): Max retries exceeded with url: /lm-28 (Caused by NewConnectionError('<urllib3.connection.HTTPConnection object at 0x7f54c8ae2cc0>: Failed to establish a new connection: [Errno -2] Name or service not known',))
HTTPConnectionPool(host='www.dieei.unict.itcorsi', port=80): Max retries exceeded with url: /lm-29 (Caused by NewConnectionError('<urllib3.connection.HTTPConnection object at 0x7f54c8ae2dd8>: Failed to establish a new connection: [Errno -2] Name or service not known',))
HTTPConnectionPool(host='www.dieei.unict.itcorsi', port=80): Max retries exceeded with url: /lm-27 (Caused by NewConnectionError('<urllib3.connection.HTTPConnection object at 0x7f54c8ae2c18>: Failed to establish a new connection: [Errno -2] Name or service not known',))
HTTPConnectionPool(host='www.dieei.unict.itcorsi', port=80): Max retries exceeded with url: /lm-32 (Caused by NewConnectionError('<urllib3.connection.HTTPConnection object at 0x7f54c8ae2ba8>: Failed to establish a new connection: [Errno -2] Name or service not known',))
HTTPConnectionPool(host='www.dieei.unict.itcorsi', port=80): Max retries exceeded with url: /l-8-ele (Caused by NewConnectionError('<urllib3.connection.HTTPConnection object at 0x7f54c87ce1d0>: Failed to establish a new connection: [Errno -2] Name or service not known',))
HTTPConnectionPool(host='www.dieei.unict.itcorsi', port=80): Max retries exceeded with url: /l-9 (Caused by NewConnectionError('<urllib3.connection.HTTPConnection object at 0x7f54c87cec50>: Failed to establish a new connection: [Errno -2] Name or service not known',))
HTTPConnectionPool(host='www.dieei.unict.itcorsi', port=80): Max retries exceeded with url: /l-8-inf (Caused by NewConnectionError('<urllib3.connection.HTTPConnection object at 0x7f54c87cecc0>: Failed to establish a new connection: [Errno -2] Name or service not known',))
HTTPConnectionPool(host='www.dieei.unict.itcorsi', port=80): Max retries exceeded with url: /lm-25 (Caused by NewConnectionError('<urllib3.connection.HTTPConnection object at 0x7f54c87ced68>: Failed to establish a new connection: [Errno -2] Name or service not known',))
HTTPConnectionPool(host='www.dieei.unict.itcorsi', port=80): Max retries exceeded with url: /lm-28 (Caused by NewConnectionError('<urllib3.connection.HTTPConnection object at 0x7f54c87cec50>: Failed to establish a new connection: [Errno -2] Name or service not known',))
HTTPConnectionPool(host='www.dieei.unict.itcorsi', port=80): Max retries exceeded with url: /lm-29 (Caused by NewConnectionError('<urllib3.connection.HTTPConnection object at 0x7f54c87cecc0>: Failed to establish a new connection: [Errno -2] Name or service not known',))
HTTPConnectionPool(host='www.dieei.unict.itcorsi', port=80): Max retries exceeded with url: /lm-27 (Caused by NewConnectionError('<urllib3.connection.HTTPConnection object at 0x7f54c87cec18>: Failed to establish a new connection: [Errno -2] Name or service not known',))
HTTPConnectionPool(host='www.dieei.unict.itcorsi', port=80): Max retries exceeded with url: /lm-32 (Caused by NewConnectionError('<urllib3.connection.HTTPConnection object at 0x7f54c87ce3c8>: Failed to establish a new connection: [Errno -2] Name or service not known',))
HTTPConnectionPool(host='web.dmi.unict.itcorsi', port=80): Max retries exceeded with url: /l-31 (Caused by NewConnectionError('<urllib3.connection.HTTPConnection object at 0x7facb8045518>: Failed to establish a new connection: [Errno -2] Name or service not known',))
HTTPConnectionPool(host='web.dmi.unict.itcorsi', port=80): Max retries exceeded with url: /l-35 (Caused by NewConnectionError('<urllib3.connection.HTTPConnection object at 0x7facb80fe6d8>: Failed to establish a new connection: [Errno -2] Name or service not known',))
HTTPConnectionPool(host='web.dmi.unict.itcorsi', port=80): Max retries exceeded with url: /lm-18 (Caused by NewConnectionError('<urllib3.connection.HTTPConnection object at 0x7facb80fe748>: Failed to establish a new connection: [Errno -2] Name or service not known',))
HTTPConnectionPool(host='web.dmi.unict.itcorsi', port=80): Max retries exceeded with url: /lm-40 (Caused by NewConnectionError('<urllib3.connection.HTTPConnection object at 0x7facb80fe6a0>: Failed to establish a new connection: [Errno -2] Name or service not known',))
'NoneType' object has no attribute 'find_all'
HTTPConnectionPool(host='web.dmi.unict.itcorsi', port=80): Max retries exceeded with url: /l-31 (Caused by NewConnectionError('<urllib3.connection.HTTPConnection object at 0x7faca2fc3dd8>: Failed to establish a new connection: [Errno -2] Name or service not known',))
HTTPConnectionPool(host='web.dmi.unict.itcorsi', port=80): Max retries exceeded with url: /l-35 (Caused by NewConnectionError('<urllib3.connection.HTTPConnection object at 0x7faca2fc3c50>: Failed to establish a new connection: [Errno -2] Name or service not known',))
HTTPConnectionPool(host='web.dmi.unict.itcorsi', port=80): Max retries exceeded with url: /lm-18 (Caused by NewConnectionError('<urllib3.connection.HTTPConnection object at 0x7faca2fc3ac8>: Failed to establish a new connection: [Errno -2] Name or service not known',))
HTTPConnectionPool(host='web.dmi.unict.itcorsi', port=80): Max retries exceeded with url: /lm-40 (Caused by NewConnectionError('<urllib3.connection.HTTPConnection object at 0x7faca2fc3518>: Failed to establish a new connection: [Errno -2] Name or service not known',))
'NoneType' object has no attribute 'find_all'
HTTPConnectionPool(host='www.dieei.unict.itcorsi', port=80): Max retries exceeded with url: /l-8-ele (Caused by NewConnectionError('<urllib3.connection.HTTPConnection object at 0x7faca2d8bd68>: Failed to establish a new connection: [Errno -2] Name or service not known',))
HTTPConnectionPool(host='www.dieei.unict.itcorsi', port=80): Max retries exceeded with url: /l-9 (Caused by NewConnectionError('<urllib3.connection.HTTPConnection object at 0x7faca2d8bda0>: Failed to establish a new connection: [Errno -2] Name or service not known',))
HTTPConnectionPool(host='www.dieei.unict.itcorsi', port=80): Max retries exceeded with url: /l-8-inf (Caused by NewConnectionError('<urllib3.connection.HTTPConnection object at 0x7facb808d198>: Failed to establish a new connection: [Errno -2] Name or service not known',))
HTTPConnectionPool(host='www.dieei.unict.itcorsi', port=80): Max retries exceeded with url: /lm-25 (Caused by NewConnectionError('<urllib3.connection.HTTPConnection object at 0x7faca2fe1eb8>: Failed to establish a new connection: [Errno -2] Name or service not known',))
HTTPConnectionPool(host='www.dieei.unict.itcorsi', port=80): Max retries exceeded with url: /lm-28 (Caused by NewConnectionError('<urllib3.connection.HTTPConnection object at 0x7faca2d8bdd8>: Failed to establish a new connection: [Errno -2] Name or service not known',))
HTTPConnectionPool(host='www.dieei.unict.itcorsi', port=80): Max retries exceeded with url: /lm-29 (Caused by NewConnectionError('<urllib3.connection.HTTPConnection object at 0x7faca2d8be48>: Failed to establish a new connection: [Errno -2] Name or service not known',))
HTTPConnectionPool(host='www.dieei.unict.itcorsi', port=80): Max retries exceeded with url: /lm-27 (Caused by NewConnectionError('<urllib3.connection.HTTPConnection object at 0x7faca2d8bc18>: Failed to establish a new connection: [Errno -2] Name or service not known',))
HTTPConnectionPool(host='www.dieei.unict.itcorsi', port=80): Max retries exceeded with url: /lm-32 (Caused by NewConnectionError('<urllib3.connection.HTTPConnection object at 0x7faca2d8bcc0>: Failed to establish a new connection: [Errno -2] Name or service not known',))
HTTPConnectionPool(host='www.dieei.unict.itcorsi', port=80): Max retries exceeded with url: /l-8-ele (Caused by NewConnectionError('<urllib3.connection.HTTPConnection object at 0x7faca2ea7898>: Failed to establish a new connection: [Errno -2] Name or service not known',))
HTTPConnectionPool(host='www.dieei.unict.itcorsi', port=80): Max retries exceeded with url: /l-9 (Caused by NewConnectionError('<urllib3.connection.HTTPConnection object at 0x7faca2ea7978>: Failed to establish a new connection: [Errno -2] Name or service not known',))
HTTPConnectionPool(host='www.dieei.unict.itcorsi', port=80): Max retries exceeded with url: /l-8-inf (Caused by NewConnectionError('<urllib3.connection.HTTPConnection object at 0x7faca2ea7588>: Failed to establish a new connection: [Errno -2] Name or service not known',))
HTTPConnectionPool(host='www.dieei.unict.itcorsi', port=80): Max retries exceeded with url: /lm-25 (Caused by NewConnectionError('<urllib3.connection.HTTPConnection object at 0x7faca2ea7dd8>: Failed to establish a new connection: [Errno -2] Name or service not known',))
HTTPConnectionPool(host='www.dieei.unict.itcorsi', port=80): Max retries exceeded with url: /lm-28 (Caused by NewConnectionError('<urllib3.connection.HTTPConnection object at 0x7faca2ea7550>: Failed to establish a new connection: [Errno -2] Name or service not known',))
HTTPConnectionPool(host='www.dieei.unict.itcorsi', port=80): Max retries exceeded with url: /lm-29 (Caused by NewConnectionError('<urllib3.connection.HTTPConnection object at 0x7faca2de8588>: Failed to establish a new connection: [Errno -2] Name or service not known',))
HTTPConnectionPool(host='www.dieei.unict.itcorsi', port=80): Max retries exceeded with url: /lm-27 (Caused by NewConnectionError('<urllib3.connection.HTTPConnection object at 0x7faca2ea73c8>: Failed to establish a new connection: [Errno -2] Name or service not known',))
HTTPConnectionPool(host='www.dieei.unict.itcorsi', port=80): Max retries exceeded with url: /lm-32 (Caused by NewConnectionError('<urllib3.connection.HTTPConnection object at 0x7faca2ea7438>: Failed to establish a new connection: [Errno -2] Name or service not known',))
HTTPConnectionPool(host='web.dmi.unict.itcorsi', port=80): Max retries exceeded with url: /l-31 (Caused by NewConnectionError('<urllib3.connection.HTTPConnection object at 0x7f5b9411b240>: Failed to establish a new connection: [Errno -2] Name or service not known',))
HTTPConnectionPool(host='web.dmi.unict.itcorsi', port=80): Max retries exceeded with url: /l-35 (Caused by NewConnectionError('<urllib3.connection.HTTPConnection object at 0x7f5b9411b160>: Failed to establish a new connection: [Errno -2] Name or service not known',))
HTTPConnectionPool(host='web.dmi.unict.itcorsi', port=80): Max retries exceeded with url: /lm-18 (Caused by NewConnectionError('<urllib3.connection.HTTPConnection object at 0x7f5b9412bf60>: Failed to establish a new connection: [Errno -2] Name or service not known',))
HTTPConnectionPool(host='web.dmi.unict.itcorsi', port=80): Max retries exceeded with url: /lm-40 (Caused by NewConnectionError('<urllib3.connection.HTTPConnection object at 0x7f5b9412bd30>: Failed to establish a new connection: [Errno -2] Name or service not known',))
'NoneType' object has no attribute 'find_all'
HTTPConnectionPool(host='web.dmi.unict.itcorsi', port=80): Max retries exceeded with url: /l-31 (Caused by NewConnectionError('<urllib3.connection.HTTPConnection object at 0x7f5b77772780>: Failed to establish a new connection: [Errno -2] Name or service not known',))
HTTPConnectionPool(host='web.dmi.unict.itcorsi', port=80): Max retries exceeded with url: /l-35 (Caused by NewConnectionError('<urllib3.connection.HTTPConnection object at 0x7f5b77772588>: Failed to establish a new connection: [Errno -2] Name or service not known',))
HTTPConnectionPool(host='web.dmi.unict.itcorsi', port=80): Max retries exceeded with url: /lm-18 (Caused by NewConnectionError('<urllib3.connection.HTTPConnection object at 0x7f5b777725c0>: Failed to establish a new connection: [Errno -2] Name or service not known',))
HTTPConnectionPool(host='web.dmi.unict.itcorsi', port=80): Max retries exceeded with url: /lm-40 (Caused by NewConnectionError('<urllib3.connection.HTTPConnection object at 0x7f5b77772748>: Failed to establish a new connection: [Errno -2] Name or service not known',))
'NoneType' object has no attribute 'find_all'
HTTPConnectionPool(host='www.dieei.unict.itcorsi', port=80): Max retries exceeded with url: /l-8-ele (Caused by NewConnectionError('<urllib3.connection.HTTPConnection object at 0x7f5b777ef3c8>: Failed to establish a new connection: [Errno -2] Name or service not known',))
HTTPConnectionPool(host='www.dieei.unict.itcorsi', port=80): Max retries exceeded with url: /l-9 (Caused by NewConnectionError('<urllib3.connection.HTTPConnection object at 0x7f5b777ef198>: Failed to establish a new connection: [Errno -2] Name or service not known',))
HTTPConnectionPool(host='www.dieei.unict.itcorsi', port=80): Max retries exceeded with url: /l-8-inf (Caused by NewConnectionError('<urllib3.connection.HTTPConnection object at 0x7f5b777efbe0>: Failed to establish a new connection: [Errno -2] Name or service not known',))
HTTPConnectionPool(host='www.dieei.unict.itcorsi', port=80): Max retries exceeded with url: /lm-25 (Caused by NewConnectionError('<urllib3.connection.HTTPConnection object at 0x7f5b777ef1d0>: Failed to establish a new connection: [Errno -2] Name or service not known',))
HTTPConnectionPool(host='www.dieei.unict.itcorsi', port=80): Max retries exceeded with url: /lm-28 (Caused by NewConnectionError('<urllib3.connection.HTTPConnection object at 0x7f5b777ef358>: Failed to establish a new connection: [Errno -2] Name or service not known',))
HTTPConnectionPool(host='www.dieei.unict.itcorsi', port=80): Max retries exceeded with url: /lm-29 (Caused by NewConnectionError('<urllib3.connection.HTTPConnection object at 0x7f5b777efbe0>: Failed to establish a new connection: [Errno -2] Name or service not known',))
HTTPConnectionPool(host='www.dieei.unict.itcorsi', port=80): Max retries exceeded with url: /lm-27 (Caused by NewConnectionError('<urllib3.connection.HTTPConnection object at 0x7f5b777ef1d0>: Failed to establish a new connection: [Errno -2] Name or service not known',))
HTTPConnectionPool(host='www.dieei.unict.itcorsi', port=80): Max retries exceeded with url: /lm-32 (Caused by NewConnectionError('<urllib3.connection.HTTPConnection object at 0x7f5b777ef358>: Failed to establish a new connection: [Errno -2] Name or service not known',))
HTTPConnectionPool(host='www.dieei.unict.itcorsi', port=80): Max retries exceeded with url: /l-8-ele (Caused by NewConnectionError('<urllib3.connection.HTTPConnection object at 0x7f5b97fb1940>: Failed to establish a new connection: [Errno -2] Name or service not known',))
HTTPConnectionPool(host='www.dieei.unict.itcorsi', port=80): Max retries exceeded with url: /l-9 (Caused by NewConnectionError('<urllib3.connection.HTTPConnection object at 0x7f5b97fb10b8>: Failed to establish a new connection: [Errno -2] Name or service not known',))
HTTPConnectionPool(host='www.dieei.unict.itcorsi', port=80): Max retries exceeded with url: /l-8-inf (Caused by NewConnectionError('<urllib3.connection.HTTPConnection object at 0x7f5b97ffca20>: Failed to establish a new connection: [Errno -2] Name or service not known',))
HTTPConnectionPool(host='www.dieei.unict.itcorsi', port=80): Max retries exceeded with url: /lm-25 (Caused by NewConnectionError('<urllib3.connection.HTTPConnection object at 0x7f5b97fb19b0>: Failed to establish a new connection: [Errno -2] Name or service not known',))
HTTPConnectionPool(host='www.dieei.unict.itcorsi', port=80): Max retries exceeded with url: /lm-28 (Caused by NewConnectionError('<urllib3.connection.HTTPConnection object at 0x7f5b97ffc630>: Failed to establish a new connection: [Errno -2] Name or service not known',))
HTTPConnectionPool(host='www.dieei.unict.itcorsi', port=80): Max retries exceeded with url: /lm-29 (Caused by NewConnectionError('<urllib3.connection.HTTPConnection object at 0x7f5b7753ff98>: Failed to establish a new connection: [Errno -2] Name or service not known',))
HTTPConnectionPool(host='www.dieei.unict.itcorsi', port=80): Max retries exceeded with url: /lm-27 (Caused by NewConnectionError('<urllib3.connection.HTTPConnection object at 0x7f5b97ffc7b8>: Failed to establish a new connection: [Errno -2] Name or service not known',))
HTTPConnectionPool(host='www.dieei.unict.itcorsi', port=80): Max retries exceeded with url: /lm-32 (Caused by NewConnectionError('<urllib3.connection.HTTPConnection object at 0x7f5b7753fe80>: Failed to establish a new connection: [Errno -2] Name or service not known',))
HTTPConnectionPool(host='web.dmi.unict.itcorsi', port=80): Max retries exceeded with url: /l-31 (Caused by NewConnectionError('<urllib3.connection.HTTPConnection object at 0x7f60f0766ef0>: Failed to establish a new connection: [Errno -2] Name or service not known',))
HTTPConnectionPool(host='web.dmi.unict.itcorsi', port=80): Max retries exceeded with url: /l-35 (Caused by NewConnectionError('<urllib3.connection.HTTPConnection object at 0x7f60f075ae80>: Failed to establish a new connection: [Errno -2] Name or service not known',))
HTTPConnectionPool(host='web.dmi.unict.itcorsi', port=80): Max retries exceeded with url: /lm-18 (Caused by NewConnectionError('<urllib3.connection.HTTPConnection object at 0x7f60f075acc0>: Failed to establish a new connection: [Errno -2] Name or service not known',))
HTTPConnectionPool(host='web.dmi.unict.itcorsi', port=80): Max retries exceeded with url: /lm-40 (Caused by NewConnectionError('<urllib3.connection.HTTPConnection object at 0x7f60f075af98>: Failed to establish a new connection: [Errno -2] Name or service not known',))
'NoneType' object has no attribute 'find_all'
HTTPConnectionPool(host='web.dmi.unict.itcorsi', port=80): Max retries exceeded with url: /l-31 (Caused by NewConnectionError('<urllib3.connection.HTTPConnection object at 0x7f60f05db6d8>: Failed to establish a new connection: [Errno -2] Name or service not known',))
HTTPConnectionPool(host='web.dmi.unict.itcorsi', port=80): Max retries exceeded with url: /l-35 (Caused by NewConnectionError('<urllib3.connection.HTTPConnection object at 0x7f60f05db4e0>: Failed to establish a new connection: [Errno -2] Name or service not known',))
HTTPConnectionPool(host='web.dmi.unict.itcorsi', port=80): Max retries exceeded with url: /lm-18 (Caused by NewConnectionError('<urllib3.connection.HTTPConnection object at 0x7f60f05db518>: Failed to establish a new connection: [Errno -2] Name or service not known',))
HTTPConnectionPool(host='web.dmi.unict.itcorsi', port=80): Max retries exceeded with url: /lm-40 (Caused by NewConnectionError('<urllib3.connection.HTTPConnection object at 0x7f60f05db6a0>: Failed to establish a new connection: [Errno -2] Name or service not known',))
'NoneType' object has no attribute 'find_all'
HTTPConnectionPool(host='www.dieei.unict.itcorsi', port=80): Max retries exceeded with url: /l-8-ele (Caused by NewConnectionError('<urllib3.connection.HTTPConnection object at 0x7f60f0652048>: Failed to establish a new connection: [Errno -2] Name or service not known',))
HTTPConnectionPool(host='www.dieei.unict.itcorsi', port=80): Max retries exceeded with url: /l-9 (Caused by NewConnectionError('<urllib3.connection.HTTPConnection object at 0x7f60f02da630>: Failed to establish a new connection: [Errno -2] Name or service not known',))
HTTPConnectionPool(host='www.dieei.unict.itcorsi', port=80): Max retries exceeded with url: /l-8-inf (Caused by NewConnectionError('<urllib3.connection.HTTPConnection object at 0x7f60f06526a0>: Failed to establish a new connection: [Errno -2] Name or service not known',))
HTTPConnectionPool(host='www.dieei.unict.itcorsi', port=80): Max retries exceeded with url: /lm-25 (Caused by NewConnectionError('<urllib3.connection.HTTPConnection object at 0x7f60f06525c0>: Failed to establish a new connection: [Errno -2] Name or service not known',))
HTTPConnectionPool(host='www.dieei.unict.itcorsi', port=80): Max retries exceeded with url: /lm-28 (Caused by NewConnectionError('<urllib3.connection.HTTPConnection object at 0x7f60f02da6d8>: Failed to establish a new connection: [Errno -2] Name or service not known',))
HTTPConnectionPool(host='www.dieei.unict.itcorsi', port=80): Max retries exceeded with url: /lm-29 (Caused by NewConnectionError('<urllib3.connection.HTTPConnection object at 0x7f60f02da748>: Failed to establish a new connection: [Errno -2] Name or service not known',))
HTTPConnectionPool(host='www.dieei.unict.itcorsi', port=80): Max retries exceeded with url: /lm-27 (Caused by NewConnectionError('<urllib3.connection.HTTPConnection object at 0x7f60f02da6a0>: Failed to establish a new connection: [Errno -2] Name or service not known',))
HTTPConnectionPool(host='www.dieei.unict.itcorsi', port=80): Max retries exceeded with url: /lm-32 (Caused by NewConnectionError('<urllib3.connection.HTTPConnection object at 0x7f60f02da630>: Failed to establish a new connection: [Errno -2] Name or service not known',))
HTTPConnectionPool(host='www.dieei.unict.itcorsi', port=80): Max retries exceeded with url: /l-8-ele (Caused by NewConnectionError('<urllib3.connection.HTTPConnection object at 0x7f60f0721630>: Failed to establish a new connection: [Errno -2] Name or service not known',))
HTTPConnectionPool(host='www.dieei.unict.itcorsi', port=80): Max retries exceeded with url: /l-9 (Caused by NewConnectionError('<urllib3.connection.HTTPConnection object at 0x7f60f0721588>: Failed to establish a new connection: [Errno -2] Name or service not known',))
HTTPConnectionPool(host='www.dieei.unict.itcorsi', port=80): Max retries exceeded with url: /l-8-inf (Caused by NewConnectionError('<urllib3.connection.HTTPConnection object at 0x7f60f0721f60>: Failed to establish a new connection: [Errno -2] Name or service not known',))
HTTPConnectionPool(host='www.dieei.unict.itcorsi', port=80): Max retries exceeded with url: /lm-25 (Caused by NewConnectionError('<urllib3.connection.HTTPConnection object at 0x7f60f0721278>: Failed to establish a new connection: [Errno -2] Name or service not known',))
HTTPConnectionPool(host='www.dieei.unict.itcorsi', port=80): Max retries exceeded with url: /lm-28 (Caused by NewConnectionError('<urllib3.connection.HTTPConnection object at 0x7f60f0721160>: Failed to establish a new connection: [Errno -2] Name or service not known',))
HTTPConnectionPool(host='www.dieei.unict.itcorsi', port=80): Max retries exceeded with url: /lm-29 (Caused by NewConnectionError('<urllib3.connection.HTTPConnection object at 0x7f60f0721f60>: Failed to establish a new connection: [Errno -2] Name or service not known',))
HTTPConnectionPool(host='www.dieei.unict.itcorsi', port=80): Max retries exceeded with url: /lm-27 (Caused by NewConnectionError('<urllib3.connection.HTTPConnection object at 0x7f60f0721f98>: Failed to establish a new connection: [Errno -2] Name or service not known',))
HTTPConnectionPool(host='www.dieei.unict.itcorsi', port=80): Max retries exceeded with url: /lm-32 (Caused by NewConnectionError('<urllib3.connection.HTTPConnection object at 0x7f60f0721f60>: Failed to establish a new connection: [Errno -2] Name or service not known',))
HTTPConnectionPool(host='web.dmi.unict.itcorsi', port=80): Max retries exceeded with url: /l-31 (Caused by NewConnectionError('<urllib3.connection.HTTPConnection object at 0x7f2ef01495f8>: Failed to establish a new connection: [Errno -2] Name or service not known',))
HTTPConnectionPool(host='web.dmi.unict.itcorsi', port=80): Max retries exceeded with url: /l-35 (Caused by NewConnectionError('<urllib3.connection.HTTPConnection object at 0x7f2ef0149630>: Failed to establish a new connection: [Errno -2] Name or service not known',))
HTTPConnectionPool(host='web.dmi.unict.itcorsi', port=80): Max retries exceeded with url: /lm-18 (Caused by NewConnectionError('<urllib3.connection.HTTPConnection object at 0x7f2ef01492e8>: Failed to establish a new connection: [Errno -2] Name or service not known',))
HTTPConnectionPool(host='web.dmi.unict.itcorsi', port=80): Max retries exceeded with url: /lm-40 (Caused by NewConnectionError('<urllib3.connection.HTTPConnection object at 0x7f2ef008ca58>: Failed to establish a new connection: [Errno -2] Name or service not known',))
'NoneType' object has no attribute 'find_all'
HTTPConnectionPool(host='web.dmi.unict.itcorsi', port=80): Max retries exceeded with url: /l-31 (Caused by NewConnectionError('<urllib3.connection.HTTPConnection object at 0x7f2ef0084d68>: Failed to establish a new connection: [Errno -2] Name or service not known',))
HTTPConnectionPool(host='web.dmi.unict.itcorsi', port=80): Max retries exceeded with url: /l-35 (Caused by NewConnectionError('<urllib3.connection.HTTPConnection object at 0x7f2ef0084be0>: Failed to establish a new connection: [Errno -2] Name or service not known',))
HTTPConnectionPool(host='web.dmi.unict.itcorsi', port=80): Max retries exceeded with url: /lm-18 (Caused by NewConnectionError('<urllib3.connection.HTTPConnection object at 0x7f2ef0084a58>: Failed to establish a new connection: [Errno -2] Name or service not known',))
HTTPConnectionPool(host='web.dmi.unict.itcorsi', port=80): Max retries exceeded with url: /lm-40 (Caused by NewConnectionError('<urllib3.connection.HTTPConnection object at 0x7f2ef00844a8>: Failed to establish a new connection: [Errno -2] Name or service not known',))
'NoneType' object has no attribute 'find_all'
HTTPConnectionPool(host='www.dieei.unict.itcorsi', port=80): Max retries exceeded with url: /l-8-ele (Caused by NewConnectionError('<urllib3.connection.HTTPConnection object at 0x7f2ee1412240>: Failed to establish a new connection: [Errno -2] Name or service not known',))
HTTPConnectionPool(host='www.dieei.unict.itcorsi', port=80): Max retries exceeded with url: /l-9 (Caused by NewConnectionError('<urllib3.connection.HTTPConnection object at 0x7f2ef01f44e0>: Failed to establish a new connection: [Errno -2] Name or service not known',))
HTTPConnectionPool(host='www.dieei.unict.itcorsi', port=80): Max retries exceeded with url: /l-8-inf (Caused by NewConnectionError('<urllib3.connection.HTTPConnection object at 0x7f2ee13fc128>: Failed to establish a new connection: [Errno -2] Name or service not known',))
HTTPConnectionPool(host='www.dieei.unict.itcorsi', port=80): Max retries exceeded with url: /lm-25 (Caused by NewConnectionError('<urllib3.connection.HTTPConnection object at 0x7f2ee1412208>: Failed to establish a new connection: [Errno -2] Name or service not known',))
HTTPConnectionPool(host='www.dieei.unict.itcorsi', port=80): Max retries exceeded with url: /lm-28 (Caused by NewConnectionError('<urllib3.connection.HTTPConnection object at 0x7f2ee1412240>: Failed to establish a new connection: [Errno -2] Name or service not known',))
HTTPConnectionPool(host='www.dieei.unict.itcorsi', port=80): Max retries exceeded with url: /lm-29 (Caused by NewConnectionError('<urllib3.connection.HTTPConnection object at 0x7f2ee166b710>: Failed to establish a new connection: [Errno -2] Name or service not known',))
HTTPConnectionPool(host='www.dieei.unict.itcorsi', port=80): Max retries exceeded with url: /lm-27 (Caused by NewConnectionError('<urllib3.connection.HTTPConnection object at 0x7f2ee166b400>: Failed to establish a new connection: [Errno -2] Name or service not known',))
HTTPConnectionPool(host='www.dieei.unict.itcorsi', port=80): Max retries exceeded with url: /lm-32 (Caused by NewConnectionError('<urllib3.connection.HTTPConnection object at 0x7f2ee166bac8>: Failed to establish a new connection: [Errno -2] Name or service not known',))
HTTPConnectionPool(host='www.dieei.unict.itcorsi', port=80): Max retries exceeded with url: /l-8-ele (Caused by NewConnectionError('<urllib3.connection.HTTPConnection object at 0x7f2ee1438198>: Failed to establish a new connection: [Errno -2] Name or service not known',))
HTTPConnectionPool(host='www.dieei.unict.itcorsi', port=80): Max retries exceeded with url: /l-9 (Caused by NewConnectionError('<urllib3.connection.HTTPConnection object at 0x7f2ee17416a0>: Failed to establish a new connection: [Errno -2] Name or service not known',))
HTTPConnectionPool(host='www.dieei.unict.itcorsi', port=80): Max retries exceeded with url: /l-8-inf (Caused by NewConnectionError('<urllib3.connection.HTTPConnection object at 0x7f2ee14382b0>: Failed to establish a new connection: [Errno -2] Name or service not known',))
HTTPConnectionPool(host='www.dieei.unict.itcorsi', port=80): Max retries exceeded with url: /lm-25 (Caused by NewConnectionError('<urllib3.connection.HTTPConnection object at 0x7f2ee1438278>: Failed to establish a new connection: [Errno -2] Name or service not known',))
HTTPConnectionPool(host='www.dieei.unict.itcorsi', port=80): Max retries exceeded with url: /lm-28 (Caused by NewConnectionError('<urllib3.connection.HTTPConnection object at 0x7f2ee1438438>: Failed to establish a new connection: [Errno -2] Name or service not known',))
HTTPConnectionPool(host='www.dieei.unict.itcorsi', port=80): Max retries exceeded with url: /lm-29 (Caused by NewConnectionError('<urllib3.connection.HTTPConnection object at 0x7f2ef2099438>: Failed to establish a new connection: [Errno -2] Name or service not known',))
HTTPConnectionPool(host='www.dieei.unict.itcorsi', port=80): Max retries exceeded with url: /lm-27 (Caused by NewConnectionError('<urllib3.connection.HTTPConnection object at 0x7f2ee1438278>: Failed to establish a new connection: [Errno -2] Name or service not known',))
HTTPConnectionPool(host='www.dieei.unict.itcorsi', port=80): Max retries exceeded with url: /lm-32 (Caused by NewConnectionError('<urllib3.connection.HTTPConnection object at 0x7f2ee14382b0>: Failed to establish a new connection: [Errno -2] Name or service not known',))
HTTPConnectionPool(host='web.dmi.unict.itcorsi', port=80): Max retries exceeded with url: /l-31 (Caused by NewConnectionError('<urllib3.connection.HTTPConnection object at 0x7f29f8126240>: Failed to establish a new connection: [Errno -2] Name or service not known',))
HTTPConnectionPool(host='web.dmi.unict.itcorsi', port=80): Max retries exceeded with url: /l-35 (Caused by NewConnectionError('<urllib3.connection.HTTPConnection object at 0x7f29f8126160>: Failed to establish a new connection: [Errno -2] Name or service not known',))
HTTPConnectionPool(host='web.dmi.unict.itcorsi', port=80): Max retries exceeded with url: /lm-18 (Caused by NewConnectionError('<urllib3.connection.HTTPConnection object at 0x7f29f8122f60>: Failed to establish a new connection: [Errno -2] Name or service not known',))
HTTPConnectionPool(host='web.dmi.unict.itcorsi', port=80): Max retries exceeded with url: /lm-40 (Caused by NewConnectionError('<urllib3.connection.HTTPConnection object at 0x7f29f8122d30>: Failed to establish a new connection: [Errno -2] Name or service not known',))
'NoneType' object has no attribute 'find_all'
HTTPConnectionPool(host='web.dmi.unict.itcorsi', port=80): Max retries exceeded with url: /l-31 (Caused by NewConnectionError('<urllib3.connection.HTTPConnection object at 0x7f29db771748>: Failed to establish a new connection: [Errno -2] Name or service not known',))
HTTPConnectionPool(host='web.dmi.unict.itcorsi', port=80): Max retries exceeded with url: /l-35 (Caused by NewConnectionError('<urllib3.connection.HTTPConnection object at 0x7f29db771550>: Failed to establish a new connection: [Errno -2] Name or service not known',))
HTTPConnectionPool(host='web.dmi.unict.itcorsi', port=80): Max retries exceeded with url: /lm-18 (Caused by NewConnectionError('<urllib3.connection.HTTPConnection object at 0x7f29db771588>: Failed to establish a new connection: [Errno -2] Name or service not known',))
HTTPConnectionPool(host='web.dmi.unict.itcorsi', port=80): Max retries exceeded with url: /lm-40 (Caused by NewConnectionError('<urllib3.connection.HTTPConnection object at 0x7f29db771710>: Failed to establish a new connection: [Errno -2] Name or service not known',))
'NoneType' object has no attribute 'find_all'
HTTPConnectionPool(host='www.dieei.unict.itcorsi', port=80): Max retries exceeded with url: /l-8-ele (Caused by NewConnectionError('<urllib3.connection.HTTPConnection object at 0x7f29f8104c18>: Failed to establish a new connection: [Errno -2] Name or service not known',))
HTTPConnectionPool(host='www.dieei.unict.itcorsi', port=80): Max retries exceeded with url: /l-9 (Caused by NewConnectionError('<urllib3.connection.HTTPConnection object at 0x7f29db500048>: Failed to establish a new connection: [Errno -2] Name or service not known',))
HTTPConnectionPool(host='www.dieei.unict.itcorsi', port=80): Max retries exceeded with url: /l-8-inf (Caused by NewConnectionError('<urllib3.connection.HTTPConnection object at 0x7f29db5009e8>: Failed to establish a new connection: [Errno -2] Name or service not known',))
HTTPConnectionPool(host='www.dieei.unict.itcorsi', port=80): Max retries exceeded with url: /lm-25 (Caused by NewConnectionError('<urllib3.connection.HTTPConnection object at 0x7f29db500128>: Failed to establish a new connection: [Errno -2] Name or service not known',))
HTTPConnectionPool(host='www.dieei.unict.itcorsi', port=80): Max retries exceeded with url: /lm-28 (Caused by NewConnectionError('<urllib3.connection.HTTPConnection object at 0x7f29db500c50>: Failed to establish a new connection: [Errno -2] Name or service not known',))
HTTPConnectionPool(host='www.dieei.unict.itcorsi', port=80): Max retries exceeded with url: /lm-29 (Caused by NewConnectionError('<urllib3.connection.HTTPConnection object at 0x7f29db5009e8>: Failed to establish a new connection: [Errno -2] Name or service not known',))
HTTPConnectionPool(host='www.dieei.unict.itcorsi', port=80): Max retries exceeded with url: /lm-27 (Caused by NewConnectionError('<urllib3.connection.HTTPConnection object at 0x7f29db5e14a8>: Failed to establish a new connection: [Errno -2] Name or service not known',))
HTTPConnectionPool(host='www.dieei.unict.itcorsi', port=80): Max retries exceeded with url: /lm-32 (Caused by NewConnectionError('<urllib3.connection.HTTPConnection object at 0x7f29db5e1400>: Failed to establish a new connection: [Errno -2] Name or service not known',))
HTTPConnectionPool(host='www.dieei.unict.itcorsi', port=80): Max retries exceeded with url: /l-8-ele (Caused by NewConnectionError('<urllib3.connection.HTTPConnection object at 0x7f29fbfc2550>: Failed to establish a new connection: [Errno -2] Name or service not known',))
HTTPConnectionPool(host='www.dieei.unict.itcorsi', port=80): Max retries exceeded with url: /l-9 (Caused by NewConnectionError('<urllib3.connection.HTTPConnection object at 0x7f29fbfc29e8>: Failed to establish a new connection: [Errno -2] Name or service not known',))
HTTPConnectionPool(host='www.dieei.unict.itcorsi', port=80): Max retries exceeded with url: /l-8-inf (Caused by NewConnectionError('<urllib3.connection.HTTPConnection object at 0x7f29fbfc24e0>: Failed to establish a new connection: [Errno -2] Name or service not known',))
HTTPConnectionPool(host='www.dieei.unict.itcorsi', port=80): Max retries exceeded with url: /lm-25 (Caused by NewConnectionError('<urllib3.connection.HTTPConnection object at 0x7f29fbfc2978>: Failed to establish a new connection: [Errno -2] Name or service not known',))
HTTPConnectionPool(host='www.dieei.unict.itcorsi', port=80): Max retries exceeded with url: /lm-28 (Caused by NewConnectionError('<urllib3.connection.HTTPConnection object at 0x7f29fbfc29e8>: Failed to establish a new connection: [Errno -2] Name or service not known',))
HTTPConnectionPool(host='www.dieei.unict.itcorsi', port=80): Max retries exceeded with url: /lm-29 (Caused by NewConnectionError('<urllib3.connection.HTTPConnection object at 0x7f29fbfc24e0>: Failed to establish a new connection: [Errno -2] Name or service not known',))
HTTPConnectionPool(host='www.dieei.unict.itcorsi', port=80): Max retries exceeded with url: /lm-27 (Caused by NewConnectionError('<urllib3.connection.HTTPConnection object at 0x7f29fbfc29e8>: Failed to establish a new connection: [Errno -2] Name or service not known',))
HTTPConnectionPool(host='www.dieei.unict.itcorsi', port=80): Max retries exceeded with url: /lm-32 (Caused by NewConnectionError('<urllib3.connection.HTTPConnection object at 0x7f29fbfc24e0>: Failed to establish a new connection: [Errno -2] Name or service not known',))
HTTPConnectionPool(host='web.dmi.unict.itcorsi', port=80): Max retries exceeded with url: /l-31 (Caused by NewConnectionError('<urllib3.connection.HTTPConnection object at 0x7f36244a5710>: Failed to establish a new connection: [Errno -2] Name or service not known',))
HTTPConnectionPool(host='web.dmi.unict.itcorsi', port=80): Max retries exceeded with url: /l-35 (Caused by NewConnectionError('<urllib3.connection.HTTPConnection object at 0x7f36244a56a0>: Failed to establish a new connection: [Errno -2] Name or service not known',))
HTTPConnectionPool(host='web.dmi.unict.itcorsi', port=80): Max retries exceeded with url: /lm-18 (Caused by NewConnectionError('<urllib3.connection.HTTPConnection object at 0x7f36244a5358>: Failed to establish a new connection: [Errno -2] Name or service not known',))
HTTPConnectionPool(host='web.dmi.unict.itcorsi', port=80): Max retries exceeded with url: /lm-40 (Caused by NewConnectionError('<urllib3.connection.HTTPConnection object at 0x7f36244b4710>: Failed to establish a new connection: [Errno -2] Name or service not known',))
'NoneType' object has no attribute 'find_all'
HTTPConnectionPool(host='web.dmi.unict.itcorsi', port=80): Max retries exceeded with url: /l-31 (Caused by NewConnectionError('<urllib3.connection.HTTPConnection object at 0x7f362444acf8>: Failed to establish a new connection: [Errno -2] Name or service not known',))
HTTPConnectionPool(host='web.dmi.unict.itcorsi', port=80): Max retries exceeded with url: /l-35 (Caused by NewConnectionError('<urllib3.connection.HTTPConnection object at 0x7f362444ab00>: Failed to establish a new connection: [Errno -2] Name or service not known',))
HTTPConnectionPool(host='web.dmi.unict.itcorsi', port=80): Max retries exceeded with url: /lm-18 (Caused by NewConnectionError('<urllib3.connection.HTTPConnection object at 0x7f362444ab38>: Failed to establish a new connection: [Errno -2] Name or service not known',))
HTTPConnectionPool(host='web.dmi.unict.itcorsi', port=80): Max retries exceeded with url: /lm-40 (Caused by NewConnectionError('<urllib3.connection.HTTPConnection object at 0x7f362444acc0>: Failed to establish a new connection: [Errno -2] Name or service not known',))
'NoneType' object has no attribute 'find_all'
HTTPConnectionPool(host='www.dieei.unict.itcorsi', port=80): Max retries exceeded with url: /l-8-ele (Caused by NewConnectionError('<urllib3.connection.HTTPConnection object at 0x7f362754d898>: Failed to establish a new connection: [Errno -2] Name or service not known',))
HTTPConnectionPool(host='www.dieei.unict.itcorsi', port=80): Max retries exceeded with url: /l-9 (Caused by NewConnectionError('<urllib3.connection.HTTPConnection object at 0x7f362754dd30>: Failed to establish a new connection: [Errno -2] Name or service not known',))
HTTPConnectionPool(host='www.dieei.unict.itcorsi', port=80): Max retries exceeded with url: /l-8-inf (Caused by NewConnectionError('<urllib3.connection.HTTPConnection object at 0x7f36245d7f98>: Failed to establish a new connection: [Errno -2] Name or service not known',))
HTTPConnectionPool(host='www.dieei.unict.itcorsi', port=80): Max retries exceeded with url: /lm-25 (Caused by NewConnectionError('<urllib3.connection.HTTPConnection object at 0x7f362422d438>: Failed to establish a new connection: [Errno -2] Name or service not known',))
HTTPConnectionPool(host='www.dieei.unict.itcorsi', port=80): Max retries exceeded with url: /lm-28 (Caused by NewConnectionError('<urllib3.connection.HTTPConnection object at 0x7f362422d2e8>: Failed to establish a new connection: [Errno -2] Name or service not known',))
HTTPConnectionPool(host='www.dieei.unict.itcorsi', port=80): Max retries exceeded with url: /lm-29 (Caused by NewConnectionError('<urllib3.connection.HTTPConnection object at 0x7f362754db70>: Failed to establish a new connection: [Errno -2] Name or service not known',))
HTTPConnectionPool(host='www.dieei.unict.itcorsi', port=80): Max retries exceeded with url: /lm-27 (Caused by NewConnectionError('<urllib3.connection.HTTPConnection object at 0x7f362754de80>: Failed to establish a new connection: [Errno -2] Name or service not known',))
HTTPConnectionPool(host='www.dieei.unict.itcorsi', port=80): Max retries exceeded with url: /lm-32 (Caused by NewConnectionError('<urllib3.connection.HTTPConnection object at 0x7f362754d898>: Failed to establish a new connection: [Errno -2] Name or service not known',))
HTTPConnectionPool(host='www.dieei.unict.itcorsi', port=80): Max retries exceeded with url: /l-8-ele (Caused by NewConnectionError('<urllib3.connection.HTTPConnection object at 0x7f3624270a58>: Failed to establish a new connection: [Errno -2] Name or service not known',))
HTTPConnectionPool(host='www.dieei.unict.itcorsi', port=80): Max retries exceeded with url: /l-9 (Caused by NewConnectionError('<urllib3.connection.HTTPConnection object at 0x7f3624270240>: Failed to establish a new connection: [Errno -2] Name or service not known',))
HTTPConnectionPool(host='www.dieei.unict.itcorsi', port=80): Max retries exceeded with url: /l-8-inf (Caused by NewConnectionError('<urllib3.connection.HTTPConnection object at 0x7f3624270be0>: Failed to establish a new connection: [Errno -2] Name or service not known',))
HTTPConnectionPool(host='www.dieei.unict.itcorsi', port=80): Max retries exceeded with url: /lm-25 (Caused by NewConnectionError('<urllib3.connection.HTTPConnection object at 0x7f3624270748>: Failed to establish a new connection: [Errno -2] Name or service not known',))
HTTPConnectionPool(host='www.dieei.unict.itcorsi', port=80): Max retries exceeded with url: /lm-28 (Caused by NewConnectionError('<urllib3.connection.HTTPConnection object at 0x7f36242702e8>: Failed to establish a new connection: [Errno -2] Name or service not known',))
HTTPConnectionPool(host='www.dieei.unict.itcorsi', port=80): Max retries exceeded with url: /lm-29 (Caused by NewConnectionError('<urllib3.connection.HTTPConnection object at 0x7f36242c9be0>: Failed to establish a new connection: [Errno -2] Name or service not known',))
HTTPConnectionPool(host='www.dieei.unict.itcorsi', port=80): Max retries exceeded with url: /lm-27 (Caused by NewConnectionError('<urllib3.connection.HTTPConnection object at 0x7f3624270710>: Failed to establish a new connection: [Errno -2] Name or service not known',))
HTTPConnectionPool(host='www.dieei.unict.itcorsi', port=80): Max retries exceeded with url: /lm-32 (Caused by NewConnectionError('<urllib3.connection.HTTPConnection object at 0x7f3624270860>: Failed to establish a new connection: [Errno -2] Name or service not known',))
HTTPConnectionPool(host='web.dmi.unict.itcorsi', port=80): Max retries exceeded with url: /l-31 (Caused by NewConnectionError('<urllib3.connection.HTTPConnection object at 0x7fd0fc5cf518>: Failed to establish a new connection: [Errno -2] Name or service not known',))
HTTPConnectionPool(host='web.dmi.unict.itcorsi', port=80): Max retries exceeded with url: /l-35 (Caused by NewConnectionError('<urllib3.connection.HTTPConnection object at 0x7fd0fc5af6d8>: Failed to establish a new connection: [Errno -2] Name or service not known',))
HTTPConnectionPool(host='web.dmi.unict.itcorsi', port=80): Max retries exceeded with url: /lm-18 (Caused by NewConnectionError('<urllib3.connection.HTTPConnection object at 0x7fd0fc5af748>: Failed to establish a new connection: [Errno -2] Name or service not known',))
HTTPConnectionPool(host='web.dmi.unict.itcorsi', port=80): Max retries exceeded with url: /lm-40 (Caused by NewConnectionError('<urllib3.connection.HTTPConnection object at 0x7fd0fc5af6a0>: Failed to establish a new connection: [Errno -2] Name or service not known',))
'NoneType' object has no attribute 'find_all'
HTTPConnectionPool(host='web.dmi.unict.itcorsi', port=80): Max retries exceeded with url: /l-31 (Caused by NewConnectionError('<urllib3.connection.HTTPConnection object at 0x7fd0fc404ba8>: Failed to establish a new connection: [Errno -2] Name or service not known',))
HTTPConnectionPool(host='web.dmi.unict.itcorsi', port=80): Max retries exceeded with url: /l-35 (Caused by NewConnectionError('<urllib3.connection.HTTPConnection object at 0x7fd0fc4049e8>: Failed to establish a new connection: [Errno -2] Name or service not known',))
HTTPConnectionPool(host='web.dmi.unict.itcorsi', port=80): Max retries exceeded with url: /lm-18 (Caused by NewConnectionError('<urllib3.connection.HTTPConnection object at 0x7fd0fc4048d0>: Failed to establish a new connection: [Errno -2] Name or service not known',))
HTTPConnectionPool(host='web.dmi.unict.itcorsi', port=80): Max retries exceeded with url: /lm-40 (Caused by NewConnectionError('<urllib3.connection.HTTPConnection object at 0x7fd0fc404860>: Failed to establish a new connection: [Errno -2] Name or service not known',))
'NoneType' object has no attribute 'find_all'
HTTPConnectionPool(host='www.dieei.unict.itcorsi', port=80): Max retries exceeded with url: /l-8-ele (Caused by NewConnectionError('<urllib3.connection.HTTPConnection object at 0x7fd0fc293ef0>: Failed to establish a new connection: [Errno -2] Name or service not known',))
HTTPConnectionPool(host='www.dieei.unict.itcorsi', port=80): Max retries exceeded with url: /l-9 (Caused by NewConnectionError('<urllib3.connection.HTTPConnection object at 0x7fd0fc293e48>: Failed to establish a new connection: [Errno -2] Name or service not known',))
HTTPConnectionPool(host='www.dieei.unict.itcorsi', port=80): Max retries exceeded with url: /l-8-inf (Caused by NewConnectionError('<urllib3.connection.HTTPConnection object at 0x7fd0fc4da668>: Failed to establish a new connection: [Errno -2] Name or service not known',))
HTTPConnectionPool(host='www.dieei.unict.itcorsi', port=80): Max retries exceeded with url: /lm-25 (Caused by NewConnectionError('<urllib3.connection.HTTPConnection object at 0x7fd0fc293cc0>: Failed to establish a new connection: [Errno -2] Name or service not known',))
HTTPConnectionPool(host='www.dieei.unict.itcorsi', port=80): Max retries exceeded with url: /lm-28 (Caused by NewConnectionError('<urllib3.connection.HTTPConnection object at 0x7fd0fc293cf8>: Failed to establish a new connection: [Errno -2] Name or service not known',))
HTTPConnectionPool(host='www.dieei.unict.itcorsi', port=80): Max retries exceeded with url: /lm-29 (Caused by NewConnectionError('<urllib3.connection.HTTPConnection object at 0x7fd0fc293dd8>: Failed to establish a new connection: [Errno -2] Name or service not known',))
HTTPConnectionPool(host='www.dieei.unict.itcorsi', port=80): Max retries exceeded with url: /lm-27 (Caused by NewConnectionError('<urllib3.connection.HTTPConnection object at 0x7fd0fc2939b0>: Failed to establish a new connection: [Errno -2] Name or service not known',))
HTTPConnectionPool(host='www.dieei.unict.itcorsi', port=80): Max retries exceeded with url: /lm-32 (Caused by NewConnectionError('<urllib3.connection.HTTPConnection object at 0x7fd0fc293cf8>: Failed to establish a new connection: [Errno -2] Name or service not known',))
HTTPConnectionPool(host='www.dieei.unict.itcorsi', port=80): Max retries exceeded with url: /l-8-ele (Caused by NewConnectionError('<urllib3.connection.HTTPConnection object at 0x7fd0fc2493c8>: Failed to establish a new connection: [Errno -2] Name or service not known',))
HTTPConnectionPool(host='www.dieei.unict.itcorsi', port=80): Max retries exceeded with url: /l-9 (Caused by NewConnectionError('<urllib3.connection.HTTPConnection object at 0x7fd0fc249d30>: Failed to establish a new connection: [Errno -2] Name or service not known',))
HTTPConnectionPool(host='www.dieei.unict.itcorsi', port=80): Max retries exceeded with url: /l-8-inf (Caused by NewConnectionError('<urllib3.connection.HTTPConnection object at 0x7fd0fc249780>: Failed to establish a new connection: [Errno -2] Name or service not known',))
HTTPConnectionPool(host='www.dieei.unict.itcorsi', port=80): Max retries exceeded with url: /lm-25 (Caused by NewConnectionError('<urllib3.connection.HTTPConnection object at 0x7fd0fc249e48>: Failed to establish a new connection: [Errno -2] Name or service not known',))
HTTPConnectionPool(host='www.dieei.unict.itcorsi', port=80): Max retries exceeded with url: /lm-28 (Caused by NewConnectionError('<urllib3.connection.HTTPConnection object at 0x7fd0fc249d30>: Failed to establish a new connection: [Errno -2] Name or service not known',))
HTTPConnectionPool(host='www.dieei.unict.itcorsi', port=80): Max retries exceeded with url: /lm-29 (Caused by NewConnectionError('<urllib3.connection.HTTPConnection object at 0x7fd0fc249780>: Failed to establish a new connection: [Errno -2] Name or service not known',))
HTTPConnectionPool(host='www.dieei.unict.itcorsi', port=80): Max retries exceeded with url: /lm-27 (Caused by NewConnectionError('<urllib3.connection.HTTPConnection object at 0x7fd0fc249d30>: Failed to establish a new connection: [Errno -2] Name or service not known',))
HTTPConnectionPool(host='www.dieei.unict.itcorsi', port=80): Max retries exceeded with url: /lm-32 (Caused by NewConnectionError('<urllib3.connection.HTTPConnection object at 0x7fd0fc249780>: Failed to establish a new connection: [Errno -2] Name or service not known',))
HTTPConnectionPool(host='web.dmi.unict.itcorsi', port=80): Max retries exceeded with url: /l-31 (Caused by NewConnectionError('<urllib3.connection.HTTPConnection object at 0x7f162caab828>: Failed to establish a new connection: [Errno -2] Name or service not known',))
HTTPConnectionPool(host='web.dmi.unict.itcorsi', port=80): Max retries exceeded with url: /l-35 (Caused by NewConnectionError('<urllib3.connection.HTTPConnection object at 0x7f162caab748>: Failed to establish a new connection: [Errno -2] Name or service not known',))
HTTPConnectionPool(host='web.dmi.unict.itcorsi', port=80): Max retries exceeded with url: /lm-18 (Caused by NewConnectionError('<urllib3.connection.HTTPConnection object at 0x7f162caab710>: Failed to establish a new connection: [Errno -2] Name or service not known',))
HTTPConnectionPool(host='web.dmi.unict.itcorsi', port=80): Max retries exceeded with url: /lm-40 (Caused by NewConnectionError('<urllib3.connection.HTTPConnection object at 0x7f162cb72470>: Failed to establish a new connection: [Errno -2] Name or service not known',))
'NoneType' object has no attribute 'find_all'
HTTPConnectionPool(host='web.dmi.unict.itcorsi', port=80): Max retries exceeded with url: /l-31 (Caused by NewConnectionError('<urllib3.connection.HTTPConnection object at 0x7f162cb40da0>: Failed to establish a new connection: [Errno -2] Name or service not known',))
HTTPConnectionPool(host='web.dmi.unict.itcorsi', port=80): Max retries exceeded with url: /l-35 (Caused by NewConnectionError('<urllib3.connection.HTTPConnection object at 0x7f162cb40ba8>: Failed to establish a new connection: [Errno -2] Name or service not known',))
HTTPConnectionPool(host='web.dmi.unict.itcorsi', port=80): Max retries exceeded with url: /lm-18 (Caused by NewConnectionError('<urllib3.connection.HTTPConnection object at 0x7f162cb40be0>: Failed to establish a new connection: [Errno -2] Name or service not known',))
HTTPConnectionPool(host='web.dmi.unict.itcorsi', port=80): Max retries exceeded with url: /lm-40 (Caused by NewConnectionError('<urllib3.connection.HTTPConnection object at 0x7f162cb40d68>: Failed to establish a new connection: [Errno -2] Name or service not known',))
'NoneType' object has no attribute 'find_all'
HTTPConnectionPool(host='www.dieei.unict.itcorsi', port=80): Max retries exceeded with url: /l-8-ele (Caused by NewConnectionError('<urllib3.connection.HTTPConnection object at 0x7f162cb7e1d0>: Failed to establish a new connection: [Errno -2] Name or service not known',))
HTTPConnectionPool(host='www.dieei.unict.itcorsi', port=80): Max retries exceeded with url: /l-9 (Caused by NewConnectionError('<urllib3.connection.HTTPConnection object at 0x7f162cab7978>: Failed to establish a new connection: [Errno -2] Name or service not known',))
HTTPConnectionPool(host='www.dieei.unict.itcorsi', port=80): Max retries exceeded with url: /l-8-inf (Caused by NewConnectionError('<urllib3.connection.HTTPConnection object at 0x7f162cab7978>: Failed to establish a new connection: [Errno -2] Name or service not known',))
HTTPConnectionPool(host='www.dieei.unict.itcorsi', port=80): Max retries exceeded with url: /lm-25 (Caused by NewConnectionError('<urllib3.connection.HTTPConnection object at 0x7f162cab7400>: Failed to establish a new connection: [Errno -2] Name or service not known',))
HTTPConnectionPool(host='www.dieei.unict.itcorsi', port=80): Max retries exceeded with url: /lm-28 (Caused by NewConnectionError('<urllib3.connection.HTTPConnection object at 0x7f162cab71d0>: Failed to establish a new connection: [Errno -2] Name or service not known',))
HTTPConnectionPool(host='www.dieei.unict.itcorsi', port=80): Max retries exceeded with url: /lm-29 (Caused by NewConnectionError('<urllib3.connection.HTTPConnection object at 0x7f162cab74e0>: Failed to establish a new connection: [Errno -2] Name or service not known',))
HTTPConnectionPool(host='www.dieei.unict.itcorsi', port=80): Max retries exceeded with url: /lm-27 (Caused by NewConnectionError('<urllib3.connection.HTTPConnection object at 0x7f162cab71d0>: Failed to establish a new connection: [Errno -2] Name or service not known',))
HTTPConnectionPool(host='www.dieei.unict.itcorsi', port=80): Max retries exceeded with url: /lm-32 (Caused by NewConnectionError('<urllib3.connection.HTTPConnection object at 0x7f162cab74e0>: Failed to establish a new connection: [Errno -2] Name or service not known',))
HTTPConnectionPool(host='www.dieei.unict.itcorsi', port=80): Max retries exceeded with url: /l-8-ele (Caused by NewConnectionError('<urllib3.connection.HTTPConnection object at 0x7f162cbbb470>: Failed to establish a new connection: [Errno -2] Name or service not known',))
HTTPConnectionPool(host='www.dieei.unict.itcorsi', port=80): Max retries exceeded with url: /l-9 (Caused by NewConnectionError('<urllib3.connection.HTTPConnection object at 0x7f162cbbb0b8>: Failed to establish a new connection: [Errno -2] Name or service not known',))
HTTPConnectionPool(host='www.dieei.unict.itcorsi', port=80): Max retries exceeded with url: /l-8-inf (Caused by NewConnectionError('<urllib3.connection.HTTPConnection object at 0x7f162cbbb0f0>: Failed to establish a new connection: [Errno -2] Name or service not known',))
HTTPConnectionPool(host='www.dieei.unict.itcorsi', port=80): Max retries exceeded with url: /lm-25 (Caused by NewConnectionError('<urllib3.connection.HTTPConnection object at 0x7f162cbbb668>: Failed to establish a new connection: [Errno -2] Name or service not known',))
HTTPConnectionPool(host='www.dieei.unict.itcorsi', port=80): Max retries exceeded with url: /lm-28 (Caused by NewConnectionError('<urllib3.connection.HTTPConnection object at 0x7f162cbbb7f0>: Failed to establish a new connection: [Errno -2] Name or service not known',))
HTTPConnectionPool(host='www.dieei.unict.itcorsi', port=80): Max retries exceeded with url: /lm-29 (Caused by NewConnectionError('<urllib3.connection.HTTPConnection object at 0x7f162cbbb780>: Failed to establish a new connection: [Errno -2] Name or service not known',))
HTTPConnectionPool(host='www.dieei.unict.itcorsi', port=80): Max retries exceeded with url: /lm-27 (Caused by NewConnectionError('<urllib3.connection.HTTPConnection object at 0x7f162cbbb2b0>: Failed to establish a new connection: [Errno -2] Name or service not known',))
HTTPConnectionPool(host='www.dieei.unict.itcorsi', port=80): Max retries exceeded with url: /lm-32 (Caused by NewConnectionError('<urllib3.connection.HTTPConnection object at 0x7f162cbbb710>: Failed to establish a new connection: [Errno -2] Name or service not known',))
Flood control exceeded. Retry in 13.0 seconds -298020067
Flood control exceeded. Retry in 11.0 seconds -298020067
Flood control exceeded. Retry in 9.0 seconds -298020067
Flood control exceeded. Retry in 23.0 seconds -298020067
Flood control exceeded. Retry in 21.0 seconds -298020067
Flood control exceeded. Retry in 20.0 seconds -298020067
Flood control exceeded. Retry in 18.0 seconds -298020067
Flood control exceeded. Retry in 17.0 seconds -298020067
Flood control exceeded. Retry in 15.0 seconds -298020067
Flood control exceeded. Retry in 14.0 seconds -298020067
Flood control exceeded. Retry in 24.0 seconds -298020067
Flood control exceeded. Retry in 22.0 seconds -298020067
Flood control exceeded. Retry in 21.0 seconds -298020067
Flood control exceeded. Retry in 19.0 seconds -298020067
Flood control exceeded. Retry in 18.0 seconds -298020067
Flood control exceeded. Retry in 16.0 seconds -298020067
Flood control exceeded. Retry in 15.0 seconds -298020067
Flood control exceeded. Retry in 13.0 seconds -298020067
Flood control exceeded. Retry in 12.0 seconds -298020067
Flood control exceeded. Retry in 20.0 seconds -298020067
Flood control exceeded. Retry in 18.0 seconds -298020067
Flood control exceeded. Retry in 17.0 seconds -298020067
Flood control exceeded. Retry in 15.0 seconds -298020067
Flood control exceeded. Retry in 14.0 seconds -298020067
Flood control exceeded. Retry in 12.0 seconds -298020067
Flood control exceeded. Retry in 11.0 seconds -298020067
Flood control exceeded. Retry in 9.0 seconds -298020067
Flood control exceeded. Retry in 12.0 seconds -298020067
Flood control exceeded. Retry in 11.0 seconds -298020067
Flood control exceeded. Retry in 9.0 seconds -298020067
Flood control exceeded. Retry in 28.0 seconds -298020067
Flood control exceeded. Retry in 26.0 seconds -298020067
Flood control exceeded. Retry in 25.0 seconds -298020067
Flood control exceeded. Retry in 23.0 seconds -298020067
Flood control exceeded. Retry in 11.0 seconds -298020067
Flood control exceeded. Retry in 9.0 seconds -298020067
HTTPConnectionPool(host='web.dmi.unict.itcorsi', port=80): Max retries exceeded with url: /l-31 (Caused by NewConnectionError('<urllib3.connection.HTTPConnection object at 0x7f090c125d30>: Failed to establish a new connection: [Errno -2] Name or service not known',))
HTTPConnectionPool(host='web.dmi.unict.itcorsi', port=80): Max retries exceeded with url: /l-35 (Caused by NewConnectionError('<urllib3.connection.HTTPConnection object at 0x7f090c125c88>: Failed to establish a new connection: [Errno -2] Name or service not known',))
HTTPConnectionPool(host='web.dmi.unict.itcorsi', port=80): Max retries exceeded with url: /lm-18 (Caused by NewConnectionError('<urllib3.connection.HTTPConnection object at 0x7f090c125780>: Failed to establish a new connection: [Errno -2] Name or service not known',))
HTTPConnectionPool(host='web.dmi.unict.itcorsi', port=80): Max retries exceeded with url: /lm-40 (Caused by NewConnectionError('<urllib3.connection.HTTPConnection object at 0x7f090c125fd0>: Failed to establish a new connection: [Errno -2] Name or service not known',))
'NoneType' object has no attribute 'find_all'
HTTPConnectionPool(host='web.dmi.unict.itcorsi', port=80): Max retries exceeded with url: /l-31 (Caused by NewConnectionError('<urllib3.connection.HTTPConnection object at 0x7f090c101c88>: Failed to establish a new connection: [Errno -2] Name or service not known',))
HTTPConnectionPool(host='web.dmi.unict.itcorsi', port=80): Max retries exceeded with url: /l-35 (Caused by NewConnectionError('<urllib3.connection.HTTPConnection object at 0x7f090c101da0>: Failed to establish a new connection: [Errno -2] Name or service not known',))
HTTPConnectionPool(host='web.dmi.unict.itcorsi', port=80): Max retries exceeded with url: /lm-18 (Caused by NewConnectionError('<urllib3.connection.HTTPConnection object at 0x7f090c101e10>: Failed to establish a new connection: [Errno -2] Name or service not known',))
HTTPConnectionPool(host='web.dmi.unict.itcorsi', port=80): Max retries exceeded with url: /lm-40 (Caused by NewConnectionError('<urllib3.connection.HTTPConnection object at 0x7f090c101be0>: Failed to establish a new connection: [Errno -2] Name or service not known',))
'NoneType' object has no attribute 'find_all'
HTTPConnectionPool(host='www.dieei.unict.itcorsi', port=80): Max retries exceeded with url: /l-8-ele (Caused by NewConnectionError('<urllib3.connection.HTTPConnection object at 0x7f08efe2e978>: Failed to establish a new connection: [Errno -2] Name or service not known',))
HTTPConnectionPool(host='www.dieei.unict.itcorsi', port=80): Max retries exceeded with url: /l-9 (Caused by NewConnectionError('<urllib3.connection.HTTPConnection object at 0x7f08efe2e908>: Failed to establish a new connection: [Errno -2] Name or service not known',))
HTTPConnectionPool(host='www.dieei.unict.itcorsi', port=80): Max retries exceeded with url: /l-8-inf (Caused by NewConnectionError('<urllib3.connection.HTTPConnection object at 0x7f090c0544e0>: Failed to establish a new connection: [Errno -2] Name or service not known',))
HTTPConnectionPool(host='www.dieei.unict.itcorsi', port=80): Max retries exceeded with url: /lm-25 (Caused by NewConnectionError('<urllib3.connection.HTTPConnection object at 0x7f08efce6908>: Failed to establish a new connection: [Errno -2] Name or service not known',))
HTTPConnectionPool(host='www.dieei.unict.itcorsi', port=80): Max retries exceeded with url: /lm-28 (Caused by NewConnectionError('<urllib3.connection.HTTPConnection object at 0x7f08efce6a20>: Failed to establish a new connection: [Errno -2] Name or service not known',))
HTTPConnectionPool(host='www.dieei.unict.itcorsi', port=80): Max retries exceeded with url: /lm-29 (Caused by NewConnectionError('<urllib3.connection.HTTPConnection object at 0x7f08efce67b8>: Failed to establish a new connection: [Errno -2] Name or service not known',))
HTTPConnectionPool(host='www.dieei.unict.itcorsi', port=80): Max retries exceeded with url: /lm-27 (Caused by NewConnectionError('<urllib3.connection.HTTPConnection object at 0x7f08efce6908>: Failed to establish a new connection: [Errno -2] Name or service not known',))
HTTPConnectionPool(host='www.dieei.unict.itcorsi', port=80): Max retries exceeded with url: /lm-32 (Caused by NewConnectionError('<urllib3.connection.HTTPConnection object at 0x7f08efce6a20>: Failed to establish a new connection: [Errno -2] Name or service not known',))
HTTPConnectionPool(host='www.dieei.unict.itcorsi', port=80): Max retries exceeded with url: /l-8-ele (Caused by NewConnectionError('<urllib3.connection.HTTPConnection object at 0x7f08efe2e9b0>: Failed to establish a new connection: [Errno -2] Name or service not known',))
HTTPConnectionPool(host='www.dieei.unict.itcorsi', port=80): Max retries exceeded with url: /l-9 (Caused by NewConnectionError('<urllib3.connection.HTTPConnection object at 0x7f08efce6940>: Failed to establish a new connection: [Errno -2] Name or service not known',))
HTTPConnectionPool(host='www.dieei.unict.itcorsi', port=80): Max retries exceeded with url: /l-8-inf (Caused by NewConnectionError('<urllib3.connection.HTTPConnection object at 0x7f08efce6940>: Failed to establish a new connection: [Errno -2] Name or service not known',))
HTTPConnectionPool(host='www.dieei.unict.itcorsi', port=80): Max retries exceeded with url: /lm-25 (Caused by NewConnectionError('<urllib3.connection.HTTPConnection object at 0x7f08efce6ba8>: Failed to establish a new connection: [Errno -2] Name or service not known',))
HTTPConnectionPool(host='www.dieei.unict.itcorsi', port=80): Max retries exceeded with url: /lm-28 (Caused by NewConnectionError('<urllib3.connection.HTTPConnection object at 0x7f08efce6dd8>: Failed to establish a new connection: [Errno -2] Name or service not known',))
HTTPConnectionPool(host='www.dieei.unict.itcorsi', port=80): Max retries exceeded with url: /lm-29 (Caused by NewConnectionError('<urllib3.connection.HTTPConnection object at 0x7f08efce6828>: Failed to establish a new connection: [Errno -2] Name or service not known',))
HTTPConnectionPool(host='www.dieei.unict.itcorsi', port=80): Max retries exceeded with url: /lm-27 (Caused by NewConnectionError('<urllib3.connection.HTTPConnection object at 0x7f08efce6dd8>: Failed to establish a new connection: [Errno -2] Name or service not known',))
HTTPConnectionPool(host='www.dieei.unict.itcorsi', port=80): Max retries exceeded with url: /lm-32 (Caused by NewConnectionError('<urllib3.connection.HTTPConnection object at 0x7f08efce6828>: Failed to establish a new connection: [Errno -2] Name or service not known',))
HTTPConnectionPool(host='web.dmi.unict.itcorsi', port=80): Max retries exceeded with url: /l-31 (Caused by NewConnectionError('<urllib3.connection.HTTPConnection object at 0x7f6f10077f28>: Failed to establish a new connection: [Errno -2] Name or service not known',))
HTTPConnectionPool(host='web.dmi.unict.itcorsi', port=80): Max retries exceeded with url: /l-35 (Caused by NewConnectionError('<urllib3.connection.HTTPConnection object at 0x7f6f10077eb8>: Failed to establish a new connection: [Errno -2] Name or service not known',))
HTTPConnectionPool(host='web.dmi.unict.itcorsi', port=80): Max retries exceeded with url: /lm-18 (Caused by NewConnectionError('<urllib3.connection.HTTPConnection object at 0x7f6f10077fd0>: Failed to establish a new connection: [Errno -2] Name or service not known',))
HTTPConnectionPool(host='web.dmi.unict.itcorsi', port=80): Max retries exceeded with url: /lm-40 (Caused by NewConnectionError('<urllib3.connection.HTTPConnection object at 0x7f6f10077f28>: Failed to establish a new connection: [Errno -2] Name or service not known',))
'NoneType' object has no attribute 'find_all'
HTTPConnectionPool(host='web.dmi.unict.itcorsi', port=80): Max retries exceeded with url: /l-31 (Caused by NewConnectionError('<urllib3.connection.HTTPConnection object at 0x7f6f1006b5c0>: Failed to establish a new connection: [Errno -2] Name or service not known',))
HTTPConnectionPool(host='web.dmi.unict.itcorsi', port=80): Max retries exceeded with url: /l-35 (Caused by NewConnectionError('<urllib3.connection.HTTPConnection object at 0x7f6f1006b3c8>: Failed to establish a new connection: [Errno -2] Name or service not known',))
HTTPConnectionPool(host='web.dmi.unict.itcorsi', port=80): Max retries exceeded with url: /lm-18 (Caused by NewConnectionError('<urllib3.connection.HTTPConnection object at 0x7f6f1006b400>: Failed to establish a new connection: [Errno -2] Name or service not known',))
HTTPConnectionPool(host='web.dmi.unict.itcorsi', port=80): Max retries exceeded with url: /lm-40 (Caused by NewConnectionError('<urllib3.connection.HTTPConnection object at 0x7f6f1006b588>: Failed to establish a new connection: [Errno -2] Name or service not known',))
'NoneType' object has no attribute 'find_all'
HTTPConnectionPool(host='www.dieei.unict.itcorsi', port=80): Max retries exceeded with url: /l-8-ele (Caused by NewConnectionError('<urllib3.connection.HTTPConnection object at 0x7f6f081627b8>: Failed to establish a new connection: [Errno -2] Name or service not known',))
HTTPConnectionPool(host='www.dieei.unict.itcorsi', port=80): Max retries exceeded with url: /l-9 (Caused by NewConnectionError('<urllib3.connection.HTTPConnection object at 0x7f6f08162908>: Failed to establish a new connection: [Errno -2] Name or service not known',))
HTTPConnectionPool(host='www.dieei.unict.itcorsi', port=80): Max retries exceeded with url: /l-8-inf (Caused by NewConnectionError('<urllib3.connection.HTTPConnection object at 0x7f6eebd89c88>: Failed to establish a new connection: [Errno -2] Name or service not known',))
HTTPConnectionPool(host='www.dieei.unict.itcorsi', port=80): Max retries exceeded with url: /lm-25 (Caused by NewConnectionError('<urllib3.connection.HTTPConnection object at 0x7f6f08162b70>: Failed to establish a new connection: [Errno -2] Name or service not known',))
HTTPConnectionPool(host='www.dieei.unict.itcorsi', port=80): Max retries exceeded with url: /lm-28 (Caused by NewConnectionError('<urllib3.connection.HTTPConnection object at 0x7f6f08162ac8>: Failed to establish a new connection: [Errno -2] Name or service not known',))
HTTPConnectionPool(host='www.dieei.unict.itcorsi', port=80): Max retries exceeded with url: /lm-29 (Caused by NewConnectionError('<urllib3.connection.HTTPConnection object at 0x7f6f081626a0>: Failed to establish a new connection: [Errno -2] Name or service not known',))
HTTPConnectionPool(host='www.dieei.unict.itcorsi', port=80): Max retries exceeded with url: /lm-27 (Caused by NewConnectionError('<urllib3.connection.HTTPConnection object at 0x7f6f08162b70>: Failed to establish a new connection: [Errno -2] Name or service not known',))
HTTPConnectionPool(host='www.dieei.unict.itcorsi', port=80): Max retries exceeded with url: /lm-32 (Caused by NewConnectionError('<urllib3.connection.HTTPConnection object at 0x7f6f08162ac8>: Failed to establish a new connection: [Errno -2] Name or service not known',))
HTTPConnectionPool(host='www.dieei.unict.itcorsi', port=80): Max retries exceeded with url: /l-8-ele (Caused by NewConnectionError('<urllib3.connection.HTTPConnection object at 0x7f6eebf76c18>: Failed to establish a new connection: [Errno -2] Name or service not known',))
HTTPConnectionPool(host='www.dieei.unict.itcorsi', port=80): Max retries exceeded with url: /l-9 (Caused by NewConnectionError('<urllib3.connection.HTTPConnection object at 0x7f6f08162630>: Failed to establish a new connection: [Errno -2] Name or service not known',))
HTTPConnectionPool(host='www.dieei.unict.itcorsi', port=80): Max retries exceeded with url: /l-8-inf (Caused by NewConnectionError('<urllib3.connection.HTTPConnection object at 0x7f6f08162630>: Failed to establish a new connection: [Errno -2] Name or service not known',))
HTTPConnectionPool(host='www.dieei.unict.itcorsi', port=80): Max retries exceeded with url: /lm-25 (Caused by NewConnectionError('<urllib3.connection.HTTPConnection object at 0x7f6f08162240>: Failed to establish a new connection: [Errno -2] Name or service not known',))
HTTPConnectionPool(host='www.dieei.unict.itcorsi', port=80): Max retries exceeded with url: /lm-28 (Caused by NewConnectionError('<urllib3.connection.HTTPConnection object at 0x7f6f08162b70>: Failed to establish a new connection: [Errno -2] Name or service not known',))
HTTPConnectionPool(host='www.dieei.unict.itcorsi', port=80): Max retries exceeded with url: /lm-29 (Caused by NewConnectionError('<urllib3.connection.HTTPConnection object at 0x7f6f08162160>: Failed to establish a new connection: [Errno -2] Name or service not known',))
HTTPConnectionPool(host='www.dieei.unict.itcorsi', port=80): Max retries exceeded with url: /lm-27 (Caused by NewConnectionError('<urllib3.connection.HTTPConnection object at 0x7f6f08162278>: Failed to establish a new connection: [Errno -2] Name or service not known',))
HTTPConnectionPool(host='www.dieei.unict.itcorsi', port=80): Max retries exceeded with url: /lm-32 (Caused by NewConnectionError('<urllib3.connection.HTTPConnection object at 0x7f6f08162ba8>: Failed to establish a new connection: [Errno -2] Name or service not known',))
HTTPConnectionPool(host='web.dmi.unict.itcorsi', port=80): Max retries exceeded with url: /l-31 (Caused by NewConnectionError('<urllib3.connection.HTTPConnection object at 0x7fe7041554a8>: Failed to establish a new connection: [Errno -2] Name or service not known',))
HTTPConnectionPool(host='web.dmi.unict.itcorsi', port=80): Max retries exceeded with url: /l-35 (Caused by NewConnectionError('<urllib3.connection.HTTPConnection object at 0x7fe704155470>: Failed to establish a new connection: [Errno -2] Name or service not known',))
HTTPConnectionPool(host='web.dmi.unict.itcorsi', port=80): Max retries exceeded with url: /lm-18 (Caused by NewConnectionError('<urllib3.connection.HTTPConnection object at 0x7fe704155358>: Failed to establish a new connection: [Errno -2] Name or service not known',))
HTTPConnectionPool(host='web.dmi.unict.itcorsi', port=80): Max retries exceeded with url: /lm-40 (Caused by NewConnectionError('<urllib3.connection.HTTPConnection object at 0x7fe704155518>: Failed to establish a new connection: [Errno -2] Name or service not known',))
'NoneType' object has no attribute 'find_all'
HTTPConnectionPool(host='web.dmi.unict.itcorsi', port=80): Max retries exceeded with url: /l-31 (Caused by NewConnectionError('<urllib3.connection.HTTPConnection object at 0x7fe704141668>: Failed to establish a new connection: [Errno -2] Name or service not known',))
HTTPConnectionPool(host='web.dmi.unict.itcorsi', port=80): Max retries exceeded with url: /l-35 (Caused by NewConnectionError('<urllib3.connection.HTTPConnection object at 0x7fe704141470>: Failed to establish a new connection: [Errno -2] Name or service not known',))
HTTPConnectionPool(host='web.dmi.unict.itcorsi', port=80): Max retries exceeded with url: /lm-18 (Caused by NewConnectionError('<urllib3.connection.HTTPConnection object at 0x7fe7041414a8>: Failed to establish a new connection: [Errno -2] Name or service not known',))
HTTPConnectionPool(host='web.dmi.unict.itcorsi', port=80): Max retries exceeded with url: /lm-40 (Caused by NewConnectionError('<urllib3.connection.HTTPConnection object at 0x7fe704141630>: Failed to establish a new connection: [Errno -2] Name or service not known',))
'NoneType' object has no attribute 'find_all'
HTTPConnectionPool(host='www.dieei.unict.itcorsi', port=80): Max retries exceeded with url: /l-8-ele (Caused by NewConnectionError('<urllib3.connection.HTTPConnection object at 0x7fe7040889b0>: Failed to establish a new connection: [Errno -2] Name or service not known',))
HTTPConnectionPool(host='www.dieei.unict.itcorsi', port=80): Max retries exceeded with url: /l-9 (Caused by NewConnectionError('<urllib3.connection.HTTPConnection object at 0x7fe704088b38>: Failed to establish a new connection: [Errno -2] Name or service not known',))
HTTPConnectionPool(host='www.dieei.unict.itcorsi', port=80): Max retries exceeded with url: /l-8-inf (Caused by NewConnectionError('<urllib3.connection.HTTPConnection object at 0x7fe704155278>: Failed to establish a new connection: [Errno -2] Name or service not known',))
HTTPConnectionPool(host='www.dieei.unict.itcorsi', port=80): Max retries exceeded with url: /lm-25 (Caused by NewConnectionError('<urllib3.connection.HTTPConnection object at 0x7fe6fcf00668>: Failed to establish a new connection: [Errno -2] Name or service not known',))
HTTPConnectionPool(host='www.dieei.unict.itcorsi', port=80): Max retries exceeded with url: /lm-28 (Caused by NewConnectionError('<urllib3.connection.HTTPConnection object at 0x7fe6fcf006a0>: Failed to establish a new connection: [Errno -2] Name or service not known',))
HTTPConnectionPool(host='www.dieei.unict.itcorsi', port=80): Max retries exceeded with url: /lm-29 (Caused by NewConnectionError('<urllib3.connection.HTTPConnection object at 0x7fe6fcf00b70>: Failed to establish a new connection: [Errno -2] Name or service not known',))
HTTPConnectionPool(host='www.dieei.unict.itcorsi', port=80): Max retries exceeded with url: /lm-27 (Caused by NewConnectionError('<urllib3.connection.HTTPConnection object at 0x7fe6fcf00668>: Failed to establish a new connection: [Errno -2] Name or service not known',))
HTTPConnectionPool(host='www.dieei.unict.itcorsi', port=80): Max retries exceeded with url: /lm-32 (Caused by NewConnectionError('<urllib3.connection.HTTPConnection object at 0x7fe6fcf006a0>: Failed to establish a new connection: [Errno -2] Name or service not known',))
HTTPConnectionPool(host='www.dieei.unict.itcorsi', port=80): Max retries exceeded with url: /l-8-ele (Caused by NewConnectionError('<urllib3.connection.HTTPConnection object at 0x7fe6fce526d8>: Failed to establish a new connection: [Errno -2] Name or service not known',))
HTTPConnectionPool(host='www.dieei.unict.itcorsi', port=80): Max retries exceeded with url: /l-9 (Caused by NewConnectionError('<urllib3.connection.HTTPConnection object at 0x7fe6fce520b8>: Failed to establish a new connection: [Errno -2] Name or service not known',))
HTTPConnectionPool(host='www.dieei.unict.itcorsi', port=80): Max retries exceeded with url: /l-8-inf (Caused by NewConnectionError('<urllib3.connection.HTTPConnection object at 0x7fe6fcf00470>: Failed to establish a new connection: [Errno -2] Name or service not known',))
HTTPConnectionPool(host='www.dieei.unict.itcorsi', port=80): Max retries exceeded with url: /lm-25 (Caused by NewConnectionError('<urllib3.connection.HTTPConnection object at 0x7fe6fcf002e8>: Failed to establish a new connection: [Errno -2] Name or service not known',))
HTTPConnectionPool(host='www.dieei.unict.itcorsi', port=80): Max retries exceeded with url: /lm-28 (Caused by NewConnectionError('<urllib3.connection.HTTPConnection object at 0x7fe6fcf00518>: Failed to establish a new connection: [Errno -2] Name or service not known',))
HTTPConnectionPool(host='www.dieei.unict.itcorsi', port=80): Max retries exceeded with url: /lm-29 (Caused by NewConnectionError('<urllib3.connection.HTTPConnection object at 0x7fe6fce52780>: Failed to establish a new connection: [Errno -2] Name or service not known',))
HTTPConnectionPool(host='www.dieei.unict.itcorsi', port=80): Max retries exceeded with url: /lm-27 (Caused by NewConnectionError('<urllib3.connection.HTTPConnection object at 0x7fe6fce52240>: Failed to establish a new connection: [Errno -2] Name or service not known',))
HTTPConnectionPool(host='www.dieei.unict.itcorsi', port=80): Max retries exceeded with url: /lm-32 (Caused by NewConnectionError('<urllib3.connection.HTTPConnection object at 0x7fe6fce52748>: Failed to establish a new connection: [Errno -2] Name or service not known',))
HTTPConnectionPool(host='web.dmi.unict.itcorsi', port=80): Max retries exceeded with url: /l-31 (Caused by NewConnectionError('<urllib3.connection.HTTPConnection object at 0x7f7a7445b4e0>: Failed to establish a new connection: [Errno -2] Name or service not known',))
HTTPConnectionPool(host='web.dmi.unict.itcorsi', port=80): Max retries exceeded with url: /l-35 (Caused by NewConnectionError('<urllib3.connection.HTTPConnection object at 0x7f7a7445b588>: Failed to establish a new connection: [Errno -2] Name or service not known',))
HTTPConnectionPool(host='web.dmi.unict.itcorsi', port=80): Max retries exceeded with url: /lm-18 (Caused by NewConnectionError('<urllib3.connection.HTTPConnection object at 0x7f7a7445b240>: Failed to establish a new connection: [Errno -2] Name or service not known',))
HTTPConnectionPool(host='web.dmi.unict.itcorsi', port=80): Max retries exceeded with url: /lm-40 (Caused by NewConnectionError('<urllib3.connection.HTTPConnection object at 0x7f7a7445b278>: Failed to establish a new connection: [Errno -2] Name or service not known',))
'NoneType' object has no attribute 'find_all'
HTTPConnectionPool(host='web.dmi.unict.itcorsi', port=80): Max retries exceeded with url: /l-31 (Caused by NewConnectionError('<urllib3.connection.HTTPConnection object at 0x7f7a74410630>: Failed to establish a new connection: [Errno -2] Name or service not known',))
HTTPConnectionPool(host='web.dmi.unict.itcorsi', port=80): Max retries exceeded with url: /l-35 (Caused by NewConnectionError('<urllib3.connection.HTTPConnection object at 0x7f7a74410438>: Failed to establish a new connection: [Errno -2] Name or service not known',))
HTTPConnectionPool(host='web.dmi.unict.itcorsi', port=80): Max retries exceeded with url: /lm-18 (Caused by NewConnectionError('<urllib3.connection.HTTPConnection object at 0x7f7a74410470>: Failed to establish a new connection: [Errno -2] Name or service not known',))
HTTPConnectionPool(host='web.dmi.unict.itcorsi', port=80): Max retries exceeded with url: /lm-40 (Caused by NewConnectionError('<urllib3.connection.HTTPConnection object at 0x7f7a744105f8>: Failed to establish a new connection: [Errno -2] Name or service not known',))
'NoneType' object has no attribute 'find_all'
HTTPConnectionPool(host='www.dieei.unict.itcorsi', port=80): Max retries exceeded with url: /l-8-ele (Caused by NewConnectionError('<urllib3.connection.HTTPConnection object at 0x7f7a744767f0>: Failed to establish a new connection: [Errno -2] Name or service not known',))
HTTPConnectionPool(host='www.dieei.unict.itcorsi', port=80): Max retries exceeded with url: /l-9 (Caused by NewConnectionError('<urllib3.connection.HTTPConnection object at 0x7f7a74476208>: Failed to establish a new connection: [Errno -2] Name or service not known',))
HTTPConnectionPool(host='www.dieei.unict.itcorsi', port=80): Max retries exceeded with url: /l-8-inf (Caused by NewConnectionError('<urllib3.connection.HTTPConnection object at 0x7f7a74476ef0>: Failed to establish a new connection: [Errno -2] Name or service not known',))
HTTPConnectionPool(host='www.dieei.unict.itcorsi', port=80): Max retries exceeded with url: /lm-25 (Caused by NewConnectionError('<urllib3.connection.HTTPConnection object at 0x7f7a74476e48>: Failed to establish a new connection: [Errno -2] Name or service not known',))
HTTPConnectionPool(host='www.dieei.unict.itcorsi', port=80): Max retries exceeded with url: /lm-28 (Caused by NewConnectionError('<urllib3.connection.HTTPConnection object at 0x7f7a744762e8>: Failed to establish a new connection: [Errno -2] Name or service not known',))
HTTPConnectionPool(host='www.dieei.unict.itcorsi', port=80): Max retries exceeded with url: /lm-29 (Caused by NewConnectionError('<urllib3.connection.HTTPConnection object at 0x7f7a74476a58>: Failed to establish a new connection: [Errno -2] Name or service not known',))
HTTPConnectionPool(host='www.dieei.unict.itcorsi', port=80): Max retries exceeded with url: /lm-27 (Caused by NewConnectionError('<urllib3.connection.HTTPConnection object at 0x7f7a74476e48>: Failed to establish a new connection: [Errno -2] Name or service not known',))
HTTPConnectionPool(host='www.dieei.unict.itcorsi', port=80): Max retries exceeded with url: /lm-32 (Caused by NewConnectionError('<urllib3.connection.HTTPConnection object at 0x7f7a744762e8>: Failed to establish a new connection: [Errno -2] Name or service not known',))
HTTPConnectionPool(host='www.dieei.unict.itcorsi', port=80): Max retries exceeded with url: /l-8-ele (Caused by NewConnectionError('<urllib3.connection.HTTPConnection object at 0x7f7a74405748>: Failed to establish a new connection: [Errno -2] Name or service not known',))
HTTPConnectionPool(host='www.dieei.unict.itcorsi', port=80): Max retries exceeded with url: /l-9 (Caused by NewConnectionError('<urllib3.connection.HTTPConnection object at 0x7f7a744056d8>: Failed to establish a new connection: [Errno -2] Name or service not known',))
HTTPConnectionPool(host='www.dieei.unict.itcorsi', port=80): Max retries exceeded with url: /l-8-inf (Caused by NewConnectionError('<urllib3.connection.HTTPConnection object at 0x7f7a74405048>: Failed to establish a new connection: [Errno -2] Name or service not known',))
HTTPConnectionPool(host='www.dieei.unict.itcorsi', port=80): Max retries exceeded with url: /lm-25 (Caused by NewConnectionError('<urllib3.connection.HTTPConnection object at 0x7f7a744056a0>: Failed to establish a new connection: [Errno -2] Name or service not known',))
HTTPConnectionPool(host='www.dieei.unict.itcorsi', port=80): Max retries exceeded with url: /lm-28 (Caused by NewConnectionError('<urllib3.connection.HTTPConnection object at 0x7f7a744056d8>: Failed to establish a new connection: [Errno -2] Name or service not known',))
HTTPConnectionPool(host='www.dieei.unict.itcorsi', port=80): Max retries exceeded with url: /lm-29 (Caused by NewConnectionError('<urllib3.connection.HTTPConnection object at 0x7f7a74405048>: Failed to establish a new connection: [Errno -2] Name or service not known',))
HTTPConnectionPool(host='www.dieei.unict.itcorsi', port=80): Max retries exceeded with url: /lm-27 (Caused by NewConnectionError('<urllib3.connection.HTTPConnection object at 0x7f7a744056d8>: Failed to establish a new connection: [Errno -2] Name or service not known',))
HTTPConnectionPool(host='www.dieei.unict.itcorsi', port=80): Max retries exceeded with url: /lm-32 (Caused by NewConnectionError('<urllib3.connection.HTTPConnection object at 0x7f7a74405048>: Failed to establish a new connection: [Errno -2] Name or service not known',))
HTTPConnectionPool(host='web.dmi.unict.itcorsi', port=80): Max retries exceeded with url: /l-31 (Caused by NewConnectionError('<urllib3.connection.HTTPConnection object at 0x7fe2f0201550>: Failed to establish a new connection: [Errno -2] Name or service not known',))
HTTPConnectionPool(host='web.dmi.unict.itcorsi', port=80): Max retries exceeded with url: /l-35 (Caused by NewConnectionError('<urllib3.connection.HTTPConnection object at 0x7fe2f0201470>: Failed to establish a new connection: [Errno -2] Name or service not known',))
HTTPConnectionPool(host='web.dmi.unict.itcorsi', port=80): Max retries exceeded with url: /lm-18 (Caused by NewConnectionError('<urllib3.connection.HTTPConnection object at 0x7fe2f02014e0>: Failed to establish a new connection: [Errno -2] Name or service not known',))
HTTPConnectionPool(host='web.dmi.unict.itcorsi', port=80): Max retries exceeded with url: /lm-40 (Caused by NewConnectionError('<urllib3.connection.HTTPConnection object at 0x7fe2f0251be0>: Failed to establish a new connection: [Errno -2] Name or service not known',))
'NoneType' object has no attribute 'find_all'
HTTPConnectionPool(host='web.dmi.unict.itcorsi', port=80): Max retries exceeded with url: /l-31 (Caused by NewConnectionError('<urllib3.connection.HTTPConnection object at 0x7fe2f01ed630>: Failed to establish a new connection: [Errno -2] Name or service not known',))
HTTPConnectionPool(host='web.dmi.unict.itcorsi', port=80): Max retries exceeded with url: /l-35 (Caused by NewConnectionError('<urllib3.connection.HTTPConnection object at 0x7fe2f01ed438>: Failed to establish a new connection: [Errno -2] Name or service not known',))
HTTPConnectionPool(host='web.dmi.unict.itcorsi', port=80): Max retries exceeded with url: /lm-18 (Caused by NewConnectionError('<urllib3.connection.HTTPConnection object at 0x7fe2f01ed470>: Failed to establish a new connection: [Errno -2] Name or service not known',))
HTTPConnectionPool(host='web.dmi.unict.itcorsi', port=80): Max retries exceeded with url: /lm-40 (Caused by NewConnectionError('<urllib3.connection.HTTPConnection object at 0x7fe2f01ed5f8>: Failed to establish a new connection: [Errno -2] Name or service not known',))
'NoneType' object has no attribute 'find_all'
HTTPConnectionPool(host='www.dieei.unict.itcorsi', port=80): Max retries exceeded with url: /l-8-ele (Caused by NewConnectionError('<urllib3.connection.HTTPConnection object at 0x7fe2daf1dbe0>: Failed to establish a new connection: [Errno -2] Name or service not known',))
HTTPConnectionPool(host='www.dieei.unict.itcorsi', port=80): Max retries exceeded with url: /l-9 (Caused by NewConnectionError('<urllib3.connection.HTTPConnection object at 0x7fe2daf1dac8>: Failed to establish a new connection: [Errno -2] Name or service not known',))
HTTPConnectionPool(host='www.dieei.unict.itcorsi', port=80): Max retries exceeded with url: /l-8-inf (Caused by NewConnectionError('<urllib3.connection.HTTPConnection object at 0x7fe2f00508d0>: Failed to establish a new connection: [Errno -2] Name or service not known',))
HTTPConnectionPool(host='www.dieei.unict.itcorsi', port=80): Max retries exceeded with url: /lm-25 (Caused by NewConnectionError('<urllib3.connection.HTTPConnection object at 0x7fe2daf1d550>: Failed to establish a new connection: [Errno -2] Name or service not known',))
HTTPConnectionPool(host='www.dieei.unict.itcorsi', port=80): Max retries exceeded with url: /lm-28 (Caused by NewConnectionError('<urllib3.connection.HTTPConnection object at 0x7fe2daf1d668>: Failed to establish a new connection: [Errno -2] Name or service not known',))
HTTPConnectionPool(host='www.dieei.unict.itcorsi', port=80): Max retries exceeded with url: /lm-29 (Caused by NewConnectionError('<urllib3.connection.HTTPConnection object at 0x7fe2daf1d710>: Failed to establish a new connection: [Errno -2] Name or service not known',))
HTTPConnectionPool(host='www.dieei.unict.itcorsi', port=80): Max retries exceeded with url: /lm-27 (Caused by NewConnectionError('<urllib3.connection.HTTPConnection object at 0x7fe2daf1d6a0>: Failed to establish a new connection: [Errno -2] Name or service not known',))
HTTPConnectionPool(host='www.dieei.unict.itcorsi', port=80): Max retries exceeded with url: /lm-32 (Caused by NewConnectionError('<urllib3.connection.HTTPConnection object at 0x7fe2daf1d668>: Failed to establish a new connection: [Errno -2] Name or service not known',))
HTTPConnectionPool(host='www.dieei.unict.itcorsi', port=80): Max retries exceeded with url: /l-8-ele (Caused by NewConnectionError('<urllib3.connection.HTTPConnection object at 0x7fe2daf57a58>: Failed to establish a new connection: [Errno -2] Name or service not known',))
HTTPConnectionPool(host='www.dieei.unict.itcorsi', port=80): Max retries exceeded with url: /l-9 (Caused by NewConnectionError('<urllib3.connection.HTTPConnection object at 0x7fe2daf578d0>: Failed to establish a new connection: [Errno -2] Name or service not known',))
HTTPConnectionPool(host='www.dieei.unict.itcorsi', port=80): Max retries exceeded with url: /l-8-inf (Caused by NewConnectionError('<urllib3.connection.HTTPConnection object at 0x7fe2daf57ac8>: Failed to establish a new connection: [Errno -2] Name or service not known',))
HTTPConnectionPool(host='www.dieei.unict.itcorsi', port=80): Max retries exceeded with url: /lm-25 (Caused by NewConnectionError('<urllib3.connection.HTTPConnection object at 0x7fe2daf57978>: Failed to establish a new connection: [Errno -2] Name or service not known',))
HTTPConnectionPool(host='www.dieei.unict.itcorsi', port=80): Max retries exceeded with url: /lm-28 (Caused by NewConnectionError('<urllib3.connection.HTTPConnection object at 0x7fe2daf57be0>: Failed to establish a new connection: [Errno -2] Name or service not known',))
HTTPConnectionPool(host='www.dieei.unict.itcorsi', port=80): Max retries exceeded with url: /lm-29 (Caused by NewConnectionError('<urllib3.connection.HTTPConnection object at 0x7fe2daf57a20>: Failed to establish a new connection: [Errno -2] Name or service not known',))
HTTPConnectionPool(host='www.dieei.unict.itcorsi', port=80): Max retries exceeded with url: /lm-27 (Caused by NewConnectionError('<urllib3.connection.HTTPConnection object at 0x7fe2daf57be0>: Failed to establish a new connection: [Errno -2] Name or service not known',))
HTTPConnectionPool(host='www.dieei.unict.itcorsi', port=80): Max retries exceeded with url: /lm-32 (Caused by NewConnectionError('<urllib3.connection.HTTPConnection object at 0x7fe2daf57a20>: Failed to establish a new connection: [Errno -2] Name or service not known',))
HTTPConnectionPool(host='web.dmi.unict.itcorsi', port=80): Max retries exceeded with url: /l-31 (Caused by NewConnectionError('<urllib3.connection.HTTPConnection object at 0x7feac4daf550>: Failed to establish a new connection: [Errno -2] Name or service not known',))
HTTPConnectionPool(host='web.dmi.unict.itcorsi', port=80): Max retries exceeded with url: /l-35 (Caused by NewConnectionError('<urllib3.connection.HTTPConnection object at 0x7feac4daf5f8>: Failed to establish a new connection: [Errno -2] Name or service not known',))
HTTPConnectionPool(host='web.dmi.unict.itcorsi', port=80): Max retries exceeded with url: /lm-18 (Caused by NewConnectionError('<urllib3.connection.HTTPConnection object at 0x7feac4daf2b0>: Failed to establish a new connection: [Errno -2] Name or service not known',))
HTTPConnectionPool(host='web.dmi.unict.itcorsi', port=80): Max retries exceeded with url: /lm-40 (Caused by NewConnectionError('<urllib3.connection.HTTPConnection object at 0x7feac4daf2e8>: Failed to establish a new connection: [Errno -2] Name or service not known',))
'NoneType' object has no attribute 'find_all'
HTTPConnectionPool(host='web.dmi.unict.itcorsi', port=80): Max retries exceeded with url: /l-31 (Caused by NewConnectionError('<urllib3.connection.HTTPConnection object at 0x7feac4d7c630>: Failed to establish a new connection: [Errno -2] Name or service not known',))
HTTPConnectionPool(host='web.dmi.unict.itcorsi', port=80): Max retries exceeded with url: /l-35 (Caused by NewConnectionError('<urllib3.connection.HTTPConnection object at 0x7feac4d7c438>: Failed to establish a new connection: [Errno -2] Name or service not known',))
HTTPConnectionPool(host='web.dmi.unict.itcorsi', port=80): Max retries exceeded with url: /lm-18 (Caused by NewConnectionError('<urllib3.connection.HTTPConnection object at 0x7feac4d7c470>: Failed to establish a new connection: [Errno -2] Name or service not known',))
HTTPConnectionPool(host='web.dmi.unict.itcorsi', port=80): Max retries exceeded with url: /lm-40 (Caused by NewConnectionError('<urllib3.connection.HTTPConnection object at 0x7feac4d7c5f8>: Failed to establish a new connection: [Errno -2] Name or service not known',))
'NoneType' object has no attribute 'find_all'
HTTPConnectionPool(host='www.dieei.unict.itcorsi', port=80): Max retries exceeded with url: /l-8-ele (Caused by NewConnectionError('<urllib3.connection.HTTPConnection object at 0x7feac4cce4e0>: Failed to establish a new connection: [Errno -2] Name or service not known',))
HTTPConnectionPool(host='www.dieei.unict.itcorsi', port=80): Max retries exceeded with url: /l-9 (Caused by NewConnectionError('<urllib3.connection.HTTPConnection object at 0x7feac4cce438>: Failed to establish a new connection: [Errno -2] Name or service not known',))
HTTPConnectionPool(host='www.dieei.unict.itcorsi', port=80): Max retries exceeded with url: /l-8-inf (Caused by NewConnectionError('<urllib3.connection.HTTPConnection object at 0x7feac49d8ac8>: Failed to establish a new connection: [Errno -2] Name or service not known',))
HTTPConnectionPool(host='www.dieei.unict.itcorsi', port=80): Max retries exceeded with url: /lm-25 (Caused by NewConnectionError('<urllib3.connection.HTTPConnection object at 0x7feac4dadef0>: Failed to establish a new connection: [Errno -2] Name or service not known',))
HTTPConnectionPool(host='www.dieei.unict.itcorsi', port=80): Max retries exceeded with url: /lm-28 (Caused by NewConnectionError('<urllib3.connection.HTTPConnection object at 0x7feac4cce978>: Failed to establish a new connection: [Errno -2] Name or service not known',))
HTTPConnectionPool(host='www.dieei.unict.itcorsi', port=80): Max retries exceeded with url: /lm-29 (Caused by NewConnectionError('<urllib3.connection.HTTPConnection object at 0x7feac4cce2b0>: Failed to establish a new connection: [Errno -2] Name or service not known',))
HTTPConnectionPool(host='www.dieei.unict.itcorsi', port=80): Max retries exceeded with url: /lm-27 (Caused by NewConnectionError('<urllib3.connection.HTTPConnection object at 0x7feac4cce7f0>: Failed to establish a new connection: [Errno -2] Name or service not known',))
HTTPConnectionPool(host='www.dieei.unict.itcorsi', port=80): Max retries exceeded with url: /lm-32 (Caused by NewConnectionError('<urllib3.connection.HTTPConnection object at 0x7feac4cce160>: Failed to establish a new connection: [Errno -2] Name or service not known',))
HTTPConnectionPool(host='www.dieei.unict.itcorsi', port=80): Max retries exceeded with url: /l-8-ele (Caused by NewConnectionError('<urllib3.connection.HTTPConnection object at 0x7feac4c290f0>: Failed to establish a new connection: [Errno -2] Name or service not known',))
HTTPConnectionPool(host='www.dieei.unict.itcorsi', port=80): Max retries exceeded with url: /l-9 (Caused by NewConnectionError('<urllib3.connection.HTTPConnection object at 0x7feac4c298d0>: Failed to establish a new connection: [Errno -2] Name or service not known',))
HTTPConnectionPool(host='www.dieei.unict.itcorsi', port=80): Max retries exceeded with url: /l-8-inf (Caused by NewConnectionError('<urllib3.connection.HTTPConnection object at 0x7feac4c29748>: Failed to establish a new connection: [Errno -2] Name or service not known',))
HTTPConnectionPool(host='www.dieei.unict.itcorsi', port=80): Max retries exceeded with url: /lm-25 (Caused by NewConnectionError('<urllib3.connection.HTTPConnection object at 0x7feac4dadc18>: Failed to establish a new connection: [Errno -2] Name or service not known',))
HTTPConnectionPool(host='www.dieei.unict.itcorsi', port=80): Max retries exceeded with url: /lm-28 (Caused by NewConnectionError('<urllib3.connection.HTTPConnection object at 0x7feac4dad940>: Failed to establish a new connection: [Errno -2] Name or service not known',))
HTTPConnectionPool(host='www.dieei.unict.itcorsi', port=80): Max retries exceeded with url: /lm-29 (Caused by NewConnectionError('<urllib3.connection.HTTPConnection object at 0x7feac4c290b8>: Failed to establish a new connection: [Errno -2] Name or service not known',))
HTTPConnectionPool(host='www.dieei.unict.itcorsi', port=80): Max retries exceeded with url: /lm-27 (Caused by NewConnectionError('<urllib3.connection.HTTPConnection object at 0x7feac4c29048>: Failed to establish a new connection: [Errno -2] Name or service not known',))
HTTPConnectionPool(host='www.dieei.unict.itcorsi', port=80): Max retries exceeded with url: /lm-32 (Caused by NewConnectionError('<urllib3.connection.HTTPConnection object at 0x7feac4c290b8>: Failed to establish a new connection: [Errno -2] Name or service not known',))
HTTPConnectionPool(host='web.dmi.unict.itcorsi', port=80): Max retries exceeded with url: /l-31 (Caused by NewConnectionError('<urllib3.connection.HTTPConnection object at 0x7f8364748320>: Failed to establish a new connection: [Errno -2] Name or service not known',))
HTTPConnectionPool(host='web.dmi.unict.itcorsi', port=80): Max retries exceeded with url: /l-35 (Caused by NewConnectionError('<urllib3.connection.HTTPConnection object at 0x7f8364748390>: Failed to establish a new connection: [Errno -2] Name or service not known',))
HTTPConnectionPool(host='web.dmi.unict.itcorsi', port=80): Max retries exceeded with url: /lm-18 (Caused by NewConnectionError('<urllib3.connection.HTTPConnection object at 0x7f8367e8b208>: Failed to establish a new connection: [Errno -2] Name or service not known',))
HTTPConnectionPool(host='web.dmi.unict.itcorsi', port=80): Max retries exceeded with url: /lm-40 (Caused by NewConnectionError('<urllib3.connection.HTTPConnection object at 0x7f83647484e0>: Failed to establish a new connection: [Errno -2] Name or service not known',))
'NoneType' object has no attribute 'find_all'
HTTPConnectionPool(host='web.dmi.unict.itcorsi', port=80): Max retries exceeded with url: /l-31 (Caused by NewConnectionError('<urllib3.connection.HTTPConnection object at 0x7f83646fc5f8>: Failed to establish a new connection: [Errno -2] Name or service not known',))
HTTPConnectionPool(host='web.dmi.unict.itcorsi', port=80): Max retries exceeded with url: /l-35 (Caused by NewConnectionError('<urllib3.connection.HTTPConnection object at 0x7f83646fc400>: Failed to establish a new connection: [Errno -2] Name or service not known',))
HTTPConnectionPool(host='web.dmi.unict.itcorsi', port=80): Max retries exceeded with url: /lm-18 (Caused by NewConnectionError('<urllib3.connection.HTTPConnection object at 0x7f83646fc438>: Failed to establish a new connection: [Errno -2] Name or service not known',))
HTTPConnectionPool(host='web.dmi.unict.itcorsi', port=80): Max retries exceeded with url: /lm-40 (Caused by NewConnectionError('<urllib3.connection.HTTPConnection object at 0x7f83646fc5c0>: Failed to establish a new connection: [Errno -2] Name or service not known',))
'NoneType' object has no attribute 'find_all'
HTTPConnectionPool(host='www.dieei.unict.itcorsi', port=80): Max retries exceeded with url: /l-8-ele (Caused by NewConnectionError('<urllib3.connection.HTTPConnection object at 0x7f8364609f60>: Failed to establish a new connection: [Errno -2] Name or service not known',))
HTTPConnectionPool(host='www.dieei.unict.itcorsi', port=80): Max retries exceeded with url: /l-9 (Caused by NewConnectionError('<urllib3.connection.HTTPConnection object at 0x7f8364609828>: Failed to establish a new connection: [Errno -2] Name or service not known',))
HTTPConnectionPool(host='www.dieei.unict.itcorsi', port=80): Max retries exceeded with url: /l-8-inf (Caused by NewConnectionError('<urllib3.connection.HTTPConnection object at 0x7f8364609780>: Failed to establish a new connection: [Errno -2] Name or service not known',))
HTTPConnectionPool(host='www.dieei.unict.itcorsi', port=80): Max retries exceeded with url: /lm-25 (Caused by NewConnectionError('<urllib3.connection.HTTPConnection object at 0x7f8364609f60>: Failed to establish a new connection: [Errno -2] Name or service not known',))
HTTPConnectionPool(host='www.dieei.unict.itcorsi', port=80): Max retries exceeded with url: /lm-28 (Caused by NewConnectionError('<urllib3.connection.HTTPConnection object at 0x7f83646095f8>: Failed to establish a new connection: [Errno -2] Name or service not known',))
HTTPConnectionPool(host='www.dieei.unict.itcorsi', port=80): Max retries exceeded with url: /lm-29 (Caused by NewConnectionError('<urllib3.connection.HTTPConnection object at 0x7f8364609cc0>: Failed to establish a new connection: [Errno -2] Name or service not known',))
HTTPConnectionPool(host='www.dieei.unict.itcorsi', port=80): Max retries exceeded with url: /lm-27 (Caused by NewConnectionError('<urllib3.connection.HTTPConnection object at 0x7f8364609f60>: Failed to establish a new connection: [Errno -2] Name or service not known',))
HTTPConnectionPool(host='www.dieei.unict.itcorsi', port=80): Max retries exceeded with url: /lm-32 (Caused by NewConnectionError('<urllib3.connection.HTTPConnection object at 0x7f83646095f8>: Failed to establish a new connection: [Errno -2] Name or service not known',))
HTTPConnectionPool(host='www.dieei.unict.itcorsi', port=80): Max retries exceeded with url: /l-8-ele (Caused by NewConnectionError('<urllib3.connection.HTTPConnection object at 0x7f83642ba240>: Failed to establish a new connection: [Errno -2] Name or service not known',))
HTTPConnectionPool(host='www.dieei.unict.itcorsi', port=80): Max retries exceeded with url: /l-9 (Caused by NewConnectionError('<urllib3.connection.HTTPConnection object at 0x7f8364609550>: Failed to establish a new connection: [Errno -2] Name or service not known',))
HTTPConnectionPool(host='www.dieei.unict.itcorsi', port=80): Max retries exceeded with url: /l-8-inf (Caused by NewConnectionError('<urllib3.connection.HTTPConnection object at 0x7f8364609550>: Failed to establish a new connection: [Errno -2] Name or service not known',))
HTTPConnectionPool(host='www.dieei.unict.itcorsi', port=80): Max retries exceeded with url: /lm-25 (Caused by NewConnectionError('<urllib3.connection.HTTPConnection object at 0x7f8364609748>: Failed to establish a new connection: [Errno -2] Name or service not known',))
HTTPConnectionPool(host='www.dieei.unict.itcorsi', port=80): Max retries exceeded with url: /lm-28 (Caused by NewConnectionError('<urllib3.connection.HTTPConnection object at 0x7f83642ba1d0>: Failed to establish a new connection: [Errno -2] Name or service not known',))
HTTPConnectionPool(host='www.dieei.unict.itcorsi', port=80): Max retries exceeded with url: /lm-29 (Caused by NewConnectionError('<urllib3.connection.HTTPConnection object at 0x7f83642ba4a8>: Failed to establish a new connection: [Errno -2] Name or service not known',))
HTTPConnectionPool(host='www.dieei.unict.itcorsi', port=80): Max retries exceeded with url: /lm-27 (Caused by NewConnectionError('<urllib3.connection.HTTPConnection object at 0x7f83642ba1d0>: Failed to establish a new connection: [Errno -2] Name or service not known',))
HTTPConnectionPool(host='www.dieei.unict.itcorsi', port=80): Max retries exceeded with url: /lm-32 (Caused by NewConnectionError('<urllib3.connection.HTTPConnection object at 0x7f83642ba6d8>: Failed to establish a new connection: [Errno -2] Name or service not known',))
HTTPConnectionPool(host='web.dmi.unict.itcorsi', port=80): Max retries exceeded with url: /l-31 (Caused by NewConnectionError('<urllib3.connection.HTTPConnection object at 0x7f282c3f22e8>: Failed to establish a new connection: [Errno -2] Name or service not known',))
HTTPConnectionPool(host='web.dmi.unict.itcorsi', port=80): Max retries exceeded with url: /l-35 (Caused by NewConnectionError('<urllib3.connection.HTTPConnection object at 0x7f282c3f2358>: Failed to establish a new connection: [Errno -2] Name or service not known',))
HTTPConnectionPool(host='web.dmi.unict.itcorsi', port=80): Max retries exceeded with url: /lm-18 (Caused by NewConnectionError('<urllib3.connection.HTTPConnection object at 0x7f282c3f22b0>: Failed to establish a new connection: [Errno -2] Name or service not known',))
HTTPConnectionPool(host='web.dmi.unict.itcorsi', port=80): Max retries exceeded with url: /lm-40 (Caused by NewConnectionError('<urllib3.connection.HTTPConnection object at 0x7f282c3f22e8>: Failed to establish a new connection: [Errno -2] Name or service not known',))
'NoneType' object has no attribute 'find_all'
HTTPConnectionPool(host='web.dmi.unict.itcorsi', port=80): Max retries exceeded with url: /l-31 (Caused by NewConnectionError('<urllib3.connection.HTTPConnection object at 0x7f282c3bcc18>: Failed to establish a new connection: [Errno -2] Name or service not known',))
HTTPConnectionPool(host='web.dmi.unict.itcorsi', port=80): Max retries exceeded with url: /l-35 (Caused by NewConnectionError('<urllib3.connection.HTTPConnection object at 0x7f282c3bce48>: Failed to establish a new connection: [Errno -2] Name or service not known',))
HTTPConnectionPool(host='web.dmi.unict.itcorsi', port=80): Max retries exceeded with url: /lm-18 (Caused by NewConnectionError('<urllib3.connection.HTTPConnection object at 0x7f282c3bceb8>: Failed to establish a new connection: [Errno -2] Name or service not known',))
HTTPConnectionPool(host='web.dmi.unict.itcorsi', port=80): Max retries exceeded with url: /lm-40 (Caused by NewConnectionError('<urllib3.connection.HTTPConnection object at 0x7f282c3bcc88>: Failed to establish a new connection: [Errno -2] Name or service not known',))
'NoneType' object has no attribute 'find_all'
HTTPConnectionPool(host='www.dieei.unict.itcorsi', port=80): Max retries exceeded with url: /l-8-ele (Caused by NewConnectionError('<urllib3.connection.HTTPConnection object at 0x7f282c140828>: Failed to establish a new connection: [Errno -2] Name or service not known',))
HTTPConnectionPool(host='www.dieei.unict.itcorsi', port=80): Max retries exceeded with url: /l-9 (Caused by NewConnectionError('<urllib3.connection.HTTPConnection object at 0x7f282c140c88>: Failed to establish a new connection: [Errno -2] Name or service not known',))
HTTPConnectionPool(host='www.dieei.unict.itcorsi', port=80): Max retries exceeded with url: /l-8-inf (Caused by NewConnectionError('<urllib3.connection.HTTPConnection object at 0x7f282c140fd0>: Failed to establish a new connection: [Errno -2] Name or service not known',))
HTTPConnectionPool(host='www.dieei.unict.itcorsi', port=80): Max retries exceeded with url: /lm-25 (Caused by NewConnectionError('<urllib3.connection.HTTPConnection object at 0x7f282c140da0>: Failed to establish a new connection: [Errno -2] Name or service not known',))
HTTPConnectionPool(host='www.dieei.unict.itcorsi', port=80): Max retries exceeded with url: /lm-28 (Caused by NewConnectionError('<urllib3.connection.HTTPConnection object at 0x7f282c1408d0>: Failed to establish a new connection: [Errno -2] Name or service not known',))
HTTPConnectionPool(host='www.dieei.unict.itcorsi', port=80): Max retries exceeded with url: /lm-29 (Caused by NewConnectionError('<urllib3.connection.HTTPConnection object at 0x7f282c140898>: Failed to establish a new connection: [Errno -2] Name or service not known',))
HTTPConnectionPool(host='www.dieei.unict.itcorsi', port=80): Max retries exceeded with url: /lm-27 (Caused by NewConnectionError('<urllib3.connection.HTTPConnection object at 0x7f282c140da0>: Failed to establish a new connection: [Errno -2] Name or service not known',))
HTTPConnectionPool(host='www.dieei.unict.itcorsi', port=80): Max retries exceeded with url: /lm-32 (Caused by NewConnectionError('<urllib3.connection.HTTPConnection object at 0x7f282c140828>: Failed to establish a new connection: [Errno -2] Name or service not known',))
HTTPConnectionPool(host='www.dieei.unict.itcorsi', port=80): Max retries exceeded with url: /l-8-ele (Caused by NewConnectionError('<urllib3.connection.HTTPConnection object at 0x7f282c264be0>: Failed to establish a new connection: [Errno -2] Name or service not known',))
HTTPConnectionPool(host='www.dieei.unict.itcorsi', port=80): Max retries exceeded with url: /l-9 (Caused by NewConnectionError('<urllib3.connection.HTTPConnection object at 0x7f282c264208>: Failed to establish a new connection: [Errno -2] Name or service not known',))
HTTPConnectionPool(host='www.dieei.unict.itcorsi', port=80): Max retries exceeded with url: /l-8-inf (Caused by NewConnectionError('<urllib3.connection.HTTPConnection object at 0x7f282c2642b0>: Failed to establish a new connection: [Errno -2] Name or service not known',))
HTTPConnectionPool(host='www.dieei.unict.itcorsi', port=80): Max retries exceeded with url: /lm-25 (Caused by NewConnectionError('<urllib3.connection.HTTPConnection object at 0x7f282c2642e8>: Failed to establish a new connection: [Errno -2] Name or service not known',))
HTTPConnectionPool(host='www.dieei.unict.itcorsi', port=80): Max retries exceeded with url: /lm-28 (Caused by NewConnectionError('<urllib3.connection.HTTPConnection object at 0x7f282c264208>: Failed to establish a new connection: [Errno -2] Name or service not known',))
HTTPConnectionPool(host='www.dieei.unict.itcorsi', port=80): Max retries exceeded with url: /lm-29 (Caused by NewConnectionError('<urllib3.connection.HTTPConnection object at 0x7f282c2647b8>: Failed to establish a new connection: [Errno -2] Name or service not known',))
HTTPConnectionPool(host='www.dieei.unict.itcorsi', port=80): Max retries exceeded with url: /lm-27 (Caused by NewConnectionError('<urllib3.connection.HTTPConnection object at 0x7f282c264080>: Failed to establish a new connection: [Errno -2] Name or service not known',))
HTTPConnectionPool(host='www.dieei.unict.itcorsi', port=80): Max retries exceeded with url: /lm-32 (Caused by NewConnectionError('<urllib3.connection.HTTPConnection object at 0x7f282c2647b8>: Failed to establish a new connection: [Errno -2] Name or service not known',))
HTTPConnectionPool(host='web.dmi.unict.itcorsi', port=80): Max retries exceeded with url: /l-31 (Caused by NewConnectionError('<urllib3.connection.HTTPConnection object at 0x7fd1a807a2e8>: Failed to establish a new connection: [Errno -2] Name or service not known',))
HTTPConnectionPool(host='web.dmi.unict.itcorsi', port=80): Max retries exceeded with url: /l-35 (Caused by NewConnectionError('<urllib3.connection.HTTPConnection object at 0x7fd1a807a358>: Failed to establish a new connection: [Errno -2] Name or service not known',))
HTTPConnectionPool(host='web.dmi.unict.itcorsi', port=80): Max retries exceeded with url: /lm-18 (Caused by NewConnectionError('<urllib3.connection.HTTPConnection object at 0x7fd1a807a2b0>: Failed to establish a new connection: [Errno -2] Name or service not known',))
HTTPConnectionPool(host='web.dmi.unict.itcorsi', port=80): Max retries exceeded with url: /lm-40 (Caused by NewConnectionError('<urllib3.connection.HTTPConnection object at 0x7fd1a807a2e8>: Failed to establish a new connection: [Errno -2] Name or service not known',))
'NoneType' object has no attribute 'find_all'
HTTPConnectionPool(host='web.dmi.unict.itcorsi', port=80): Max retries exceeded with url: /l-31 (Caused by NewConnectionError('<urllib3.connection.HTTPConnection object at 0x7fd1a80475f8>: Failed to establish a new connection: [Errno -2] Name or service not known',))
HTTPConnectionPool(host='web.dmi.unict.itcorsi', port=80): Max retries exceeded with url: /l-35 (Caused by NewConnectionError('<urllib3.connection.HTTPConnection object at 0x7fd1a8047400>: Failed to establish a new connection: [Errno -2] Name or service not known',))
HTTPConnectionPool(host='web.dmi.unict.itcorsi', port=80): Max retries exceeded with url: /lm-18 (Caused by NewConnectionError('<urllib3.connection.HTTPConnection object at 0x7fd1a8047438>: Failed to establish a new connection: [Errno -2] Name or service not known',))
HTTPConnectionPool(host='web.dmi.unict.itcorsi', port=80): Max retries exceeded with url: /lm-40 (Caused by NewConnectionError('<urllib3.connection.HTTPConnection object at 0x7fd1a80475c0>: Failed to establish a new connection: [Errno -2] Name or service not known',))
'NoneType' object has no attribute 'find_all'
HTTPConnectionPool(host='www.dieei.unict.itcorsi', port=80): Max retries exceeded with url: /l-8-ele (Caused by NewConnectionError('<urllib3.connection.HTTPConnection object at 0x7fd1a04a6320>: Failed to establish a new connection: [Errno -2] Name or service not known',))
HTTPConnectionPool(host='www.dieei.unict.itcorsi', port=80): Max retries exceeded with url: /l-9 (Caused by NewConnectionError('<urllib3.connection.HTTPConnection object at 0x7fd1a04a6240>: Failed to establish a new connection: [Errno -2] Name or service not known',))
HTTPConnectionPool(host='www.dieei.unict.itcorsi', port=80): Max retries exceeded with url: /l-8-inf (Caused by NewConnectionError('<urllib3.connection.HTTPConnection object at 0x7fd1a04a6ac8>: Failed to establish a new connection: [Errno -2] Name or service not known',))
HTTPConnectionPool(host='www.dieei.unict.itcorsi', port=80): Max retries exceeded with url: /lm-25 (Caused by NewConnectionError('<urllib3.connection.HTTPConnection object at 0x7fd1a04a6320>: Failed to establish a new connection: [Errno -2] Name or service not known',))
HTTPConnectionPool(host='www.dieei.unict.itcorsi', port=80): Max retries exceeded with url: /lm-28 (Caused by NewConnectionError('<urllib3.connection.HTTPConnection object at 0x7fd1a04a6ac8>: Failed to establish a new connection: [Errno -2] Name or service not known',))
HTTPConnectionPool(host='www.dieei.unict.itcorsi', port=80): Max retries exceeded with url: /lm-29 (Caused by NewConnectionError('<urllib3.connection.HTTPConnection object at 0x7fd1a04a6b38>: Failed to establish a new connection: [Errno -2] Name or service not known',))
HTTPConnectionPool(host='www.dieei.unict.itcorsi', port=80): Max retries exceeded with url: /lm-27 (Caused by NewConnectionError('<urllib3.connection.HTTPConnection object at 0x7fd1a04a6320>: Failed to establish a new connection: [Errno -2] Name or service not known',))
HTTPConnectionPool(host='www.dieei.unict.itcorsi', port=80): Max retries exceeded with url: /lm-32 (Caused by NewConnectionError('<urllib3.connection.HTTPConnection object at 0x7fd1a04a6ac8>: Failed to establish a new connection: [Errno -2] Name or service not known',))
HTTPConnectionPool(host='www.dieei.unict.itcorsi', port=80): Max retries exceeded with url: /l-8-ele (Caused by NewConnectionError('<urllib3.connection.HTTPConnection object at 0x7fd1a04a60b8>: Failed to establish a new connection: [Errno -2] Name or service not known',))
HTTPConnectionPool(host='www.dieei.unict.itcorsi', port=80): Max retries exceeded with url: /l-9 (Caused by NewConnectionError('<urllib3.connection.HTTPConnection object at 0x7fd1a04a6128>: Failed to establish a new connection: [Errno -2] Name or service not known',))
HTTPConnectionPool(host='www.dieei.unict.itcorsi', port=80): Max retries exceeded with url: /l-8-inf (Caused by NewConnectionError('<urllib3.connection.HTTPConnection object at 0x7fd1a04a6e48>: Failed to establish a new connection: [Errno -2] Name or service not known',))
HTTPConnectionPool(host='www.dieei.unict.itcorsi', port=80): Max retries exceeded with url: /lm-25 (Caused by NewConnectionError('<urllib3.connection.HTTPConnection object at 0x7fd1a04a60b8>: Failed to establish a new connection: [Errno -2] Name or service not known',))
HTTPConnectionPool(host='www.dieei.unict.itcorsi', port=80): Max retries exceeded with url: /lm-28 (Caused by NewConnectionError('<urllib3.connection.HTTPConnection object at 0x7fd1a04a6208>: Failed to establish a new connection: [Errno -2] Name or service not known',))
HTTPConnectionPool(host='www.dieei.unict.itcorsi', port=80): Max retries exceeded with url: /lm-29 (Caused by NewConnectionError('<urllib3.connection.HTTPConnection object at 0x7fd1a04a60b8>: Failed to establish a new connection: [Errno -2] Name or service not known',))
HTTPConnectionPool(host='www.dieei.unict.itcorsi', port=80): Max retries exceeded with url: /lm-27 (Caused by NewConnectionError('<urllib3.connection.HTTPConnection object at 0x7fd1a04a6208>: Failed to establish a new connection: [Errno -2] Name or service not known',))
HTTPConnectionPool(host='www.dieei.unict.itcorsi', port=80): Max retries exceeded with url: /lm-32 (Caused by NewConnectionError('<urllib3.connection.HTTPConnection object at 0x7fd1a04a6e48>: Failed to establish a new connection: [Errno -2] Name or service not known',))
HTTPConnectionPool(host='web.dmi.unict.itcorsi', port=80): Max retries exceeded with url: /l-31 (Caused by NewConnectionError('<urllib3.connection.HTTPConnection object at 0x7fd8280754e0>: Failed to establish a new connection: [Errno -2] Name or service not known',))
HTTPConnectionPool(host='web.dmi.unict.itcorsi', port=80): Max retries exceeded with url: /l-35 (Caused by NewConnectionError('<urllib3.connection.HTTPConnection object at 0x7fd828075588>: Failed to establish a new connection: [Errno -2] Name or service not known',))
HTTPConnectionPool(host='web.dmi.unict.itcorsi', port=80): Max retries exceeded with url: /lm-18 (Caused by NewConnectionError('<urllib3.connection.HTTPConnection object at 0x7fd828075240>: Failed to establish a new connection: [Errno -2] Name or service not known',))
HTTPConnectionPool(host='web.dmi.unict.itcorsi', port=80): Max retries exceeded with url: /lm-40 (Caused by NewConnectionError('<urllib3.connection.HTTPConnection object at 0x7fd828075278>: Failed to establish a new connection: [Errno -2] Name or service not known',))
'NoneType' object has no attribute 'find_all'
HTTPConnectionPool(host='web.dmi.unict.itcorsi', port=80): Max retries exceeded with url: /l-31 (Caused by NewConnectionError('<urllib3.connection.HTTPConnection object at 0x7fd828057668>: Failed to establish a new connection: [Errno -2] Name or service not known',))
HTTPConnectionPool(host='web.dmi.unict.itcorsi', port=80): Max retries exceeded with url: /l-35 (Caused by NewConnectionError('<urllib3.connection.HTTPConnection object at 0x7fd828057470>: Failed to establish a new connection: [Errno -2] Name or service not known',))
HTTPConnectionPool(host='web.dmi.unict.itcorsi', port=80): Max retries exceeded with url: /lm-18 (Caused by NewConnectionError('<urllib3.connection.HTTPConnection object at 0x7fd8280574a8>: Failed to establish a new connection: [Errno -2] Name or service not known',))
HTTPConnectionPool(host='web.dmi.unict.itcorsi', port=80): Max retries exceeded with url: /lm-40 (Caused by NewConnectionError('<urllib3.connection.HTTPConnection object at 0x7fd828057630>: Failed to establish a new connection: [Errno -2] Name or service not known',))
'NoneType' object has no attribute 'find_all'
HTTPConnectionPool(host='www.dieei.unict.itcorsi', port=80): Max retries exceeded with url: /l-8-ele (Caused by NewConnectionError('<urllib3.connection.HTTPConnection object at 0x7fd812fbe5f8>: Failed to establish a new connection: [Errno -2] Name or service not known',))
HTTPConnectionPool(host='www.dieei.unict.itcorsi', port=80): Max retries exceeded with url: /l-9 (Caused by NewConnectionError('<urllib3.connection.HTTPConnection object at 0x7fd812fbe630>: Failed to establish a new connection: [Errno -2] Name or service not known',))
HTTPConnectionPool(host='www.dieei.unict.itcorsi', port=80): Max retries exceeded with url: /l-8-inf (Caused by NewConnectionError('<urllib3.connection.HTTPConnection object at 0x7fd812fbe780>: Failed to establish a new connection: [Errno -2] Name or service not known',))
HTTPConnectionPool(host='www.dieei.unict.itcorsi', port=80): Max retries exceeded with url: /lm-25 (Caused by NewConnectionError('<urllib3.connection.HTTPConnection object at 0x7fd812fbeef0>: Failed to establish a new connection: [Errno -2] Name or service not known',))
HTTPConnectionPool(host='www.dieei.unict.itcorsi', port=80): Max retries exceeded with url: /lm-28 (Caused by NewConnectionError('<urllib3.connection.HTTPConnection object at 0x7fd812fbe630>: Failed to establish a new connection: [Errno -2] Name or service not known',))
HTTPConnectionPool(host='www.dieei.unict.itcorsi', port=80): Max retries exceeded with url: /lm-29 (Caused by NewConnectionError('<urllib3.connection.HTTPConnection object at 0x7fd812fbe860>: Failed to establish a new connection: [Errno -2] Name or service not known',))
HTTPConnectionPool(host='www.dieei.unict.itcorsi', port=80): Max retries exceeded with url: /lm-27 (Caused by NewConnectionError('<urllib3.connection.HTTPConnection object at 0x7fd812fbe898>: Failed to establish a new connection: [Errno -2] Name or service not known',))
HTTPConnectionPool(host='www.dieei.unict.itcorsi', port=80): Max retries exceeded with url: /lm-32 (Caused by NewConnectionError('<urllib3.connection.HTTPConnection object at 0x7fd812fbe630>: Failed to establish a new connection: [Errno -2] Name or service not known',))
HTTPConnectionPool(host='www.dieei.unict.itcorsi', port=80): Max retries exceeded with url: /l-8-ele (Caused by NewConnectionError('<urllib3.connection.HTTPConnection object at 0x7fd812ccf828>: Failed to establish a new connection: [Errno -2] Name or service not known',))
HTTPConnectionPool(host='www.dieei.unict.itcorsi', port=80): Max retries exceeded with url: /l-9 (Caused by NewConnectionError('<urllib3.connection.HTTPConnection object at 0x7fd812ccf860>: Failed to establish a new connection: [Errno -2] Name or service not known',))
HTTPConnectionPool(host='www.dieei.unict.itcorsi', port=80): Max retries exceeded with url: /l-8-inf (Caused by NewConnectionError('<urllib3.connection.HTTPConnection object at 0x7fd812ccf208>: Failed to establish a new connection: [Errno -2] Name or service not known',))
HTTPConnectionPool(host='www.dieei.unict.itcorsi', port=80): Max retries exceeded with url: /lm-25 (Caused by NewConnectionError('<urllib3.connection.HTTPConnection object at 0x7fd812ccf278>: Failed to establish a new connection: [Errno -2] Name or service not known',))
HTTPConnectionPool(host='www.dieei.unict.itcorsi', port=80): Max retries exceeded with url: /lm-28 (Caused by NewConnectionError('<urllib3.connection.HTTPConnection object at 0x7fd812ccf860>: Failed to establish a new connection: [Errno -2] Name or service not known',))
HTTPConnectionPool(host='www.dieei.unict.itcorsi', port=80): Max retries exceeded with url: /lm-29 (Caused by NewConnectionError('<urllib3.connection.HTTPConnection object at 0x7fd812ccf470>: Failed to establish a new connection: [Errno -2] Name or service not known',))
HTTPConnectionPool(host='www.dieei.unict.itcorsi', port=80): Max retries exceeded with url: /lm-27 (Caused by NewConnectionError('<urllib3.connection.HTTPConnection object at 0x7fd812ccf048>: Failed to establish a new connection: [Errno -2] Name or service not known',))
HTTPConnectionPool(host='www.dieei.unict.itcorsi', port=80): Max retries exceeded with url: /lm-32 (Caused by NewConnectionError('<urllib3.connection.HTTPConnection object at 0x7fd812ccf470>: Failed to establish a new connection: [Errno -2] Name or service not known',))
HTTPConnectionPool(host='web.dmi.unict.itcorsi', port=80): Max retries exceeded with url: /l-31 (Caused by NewConnectionError('<urllib3.connection.HTTPConnection object at 0x7fe4844f02e8>: Failed to establish a new connection: [Errno -2] Name or service not known',))
HTTPConnectionPool(host='web.dmi.unict.itcorsi', port=80): Max retries exceeded with url: /l-35 (Caused by NewConnectionError('<urllib3.connection.HTTPConnection object at 0x7fe4844f0358>: Failed to establish a new connection: [Errno -2] Name or service not known',))
HTTPConnectionPool(host='web.dmi.unict.itcorsi', port=80): Max retries exceeded with url: /lm-18 (Caused by NewConnectionError('<urllib3.connection.HTTPConnection object at 0x7fe487c49d30>: Failed to establish a new connection: [Errno -2] Name or service not known',))
HTTPConnectionPool(host='web.dmi.unict.itcorsi', port=80): Max retries exceeded with url: /lm-40 (Caused by NewConnectionError('<urllib3.connection.HTTPConnection object at 0x7fe4844f04a8>: Failed to establish a new connection: [Errno -2] Name or service not known',))
'NoneType' object has no attribute 'find_all'
HTTPConnectionPool(host='web.dmi.unict.itcorsi', port=80): Max retries exceeded with url: /l-31 (Caused by NewConnectionError('<urllib3.connection.HTTPConnection object at 0x7fe4844dd5f8>: Failed to establish a new connection: [Errno -2] Name or service not known',))
HTTPConnectionPool(host='web.dmi.unict.itcorsi', port=80): Max retries exceeded with url: /l-35 (Caused by NewConnectionError('<urllib3.connection.HTTPConnection object at 0x7fe4844dd400>: Failed to establish a new connection: [Errno -2] Name or service not known',))
HTTPConnectionPool(host='web.dmi.unict.itcorsi', port=80): Max retries exceeded with url: /lm-18 (Caused by NewConnectionError('<urllib3.connection.HTTPConnection object at 0x7fe4844dd438>: Failed to establish a new connection: [Errno -2] Name or service not known',))
HTTPConnectionPool(host='web.dmi.unict.itcorsi', port=80): Max retries exceeded with url: /lm-40 (Caused by NewConnectionError('<urllib3.connection.HTTPConnection object at 0x7fe4844dd5c0>: Failed to establish a new connection: [Errno -2] Name or service not known',))
'NoneType' object has no attribute 'find_all'
HTTPConnectionPool(host='www.dieei.unict.itcorsi', port=80): Max retries exceeded with url: /l-8-ele (Caused by NewConnectionError('<urllib3.connection.HTTPConnection object at 0x7fe48442da58>: Failed to establish a new connection: [Errno -2] Name or service not known',))
HTTPConnectionPool(host='www.dieei.unict.itcorsi', port=80): Max retries exceeded with url: /l-9 (Caused by NewConnectionError('<urllib3.connection.HTTPConnection object at 0x7fe48442d320>: Failed to establish a new connection: [Errno -2] Name or service not known',))
HTTPConnectionPool(host='www.dieei.unict.itcorsi', port=80): Max retries exceeded with url: /l-8-inf (Caused by NewConnectionError('<urllib3.connection.HTTPConnection object at 0x7fe48442d748>: Failed to establish a new connection: [Errno -2] Name or service not known',))
HTTPConnectionPool(host='www.dieei.unict.itcorsi', port=80): Max retries exceeded with url: /lm-25 (Caused by NewConnectionError('<urllib3.connection.HTTPConnection object at 0x7fe48442d080>: Failed to establish a new connection: [Errno -2] Name or service not known',))
HTTPConnectionPool(host='www.dieei.unict.itcorsi', port=80): Max retries exceeded with url: /lm-28 (Caused by NewConnectionError('<urllib3.connection.HTTPConnection object at 0x7fe48442d828>: Failed to establish a new connection: [Errno -2] Name or service not known',))
HTTPConnectionPool(host='www.dieei.unict.itcorsi', port=80): Max retries exceeded with url: /lm-29 (Caused by NewConnectionError('<urllib3.connection.HTTPConnection object at 0x7fe48442d320>: Failed to establish a new connection: [Errno -2] Name or service not known',))
HTTPConnectionPool(host='www.dieei.unict.itcorsi', port=80): Max retries exceeded with url: /lm-27 (Caused by NewConnectionError('<urllib3.connection.HTTPConnection object at 0x7fe48442d1d0>: Failed to establish a new connection: [Errno -2] Name or service not known',))
HTTPConnectionPool(host='www.dieei.unict.itcorsi', port=80): Max retries exceeded with url: /lm-32 (Caused by NewConnectionError('<urllib3.connection.HTTPConnection object at 0x7fe48442db38>: Failed to establish a new connection: [Errno -2] Name or service not known',))
HTTPConnectionPool(host='www.dieei.unict.itcorsi', port=80): Max retries exceeded with url: /l-8-ele (Caused by NewConnectionError('<urllib3.connection.HTTPConnection object at 0x7fe48419bda0>: Failed to establish a new connection: [Errno -2] Name or service not known',))
HTTPConnectionPool(host='www.dieei.unict.itcorsi', port=80): Max retries exceeded with url: /l-9 (Caused by NewConnectionError('<urllib3.connection.HTTPConnection object at 0x7fe48442d630>: Failed to establish a new connection: [Errno -2] Name or service not known',))
HTTPConnectionPool(host='www.dieei.unict.itcorsi', port=80): Max retries exceeded with url: /l-8-inf (Caused by NewConnectionError('<urllib3.connection.HTTPConnection object at 0x7fe48442d630>: Failed to establish a new connection: [Errno -2] Name or service not known',))
HTTPConnectionPool(host='www.dieei.unict.itcorsi', port=80): Max retries exceeded with url: /lm-25 (Caused by NewConnectionError('<urllib3.connection.HTTPConnection object at 0x7fe48442d828>: Failed to establish a new connection: [Errno -2] Name or service not known',))
HTTPConnectionPool(host='www.dieei.unict.itcorsi', port=80): Max retries exceeded with url: /lm-28 (Caused by NewConnectionError('<urllib3.connection.HTTPConnection object at 0x7fe48442d7b8>: Failed to establish a new connection: [Errno -2] Name or service not known',))
HTTPConnectionPool(host='www.dieei.unict.itcorsi', port=80): Max retries exceeded with url: /lm-29 (Caused by NewConnectionError('<urllib3.connection.HTTPConnection object at 0x7fe48442d160>: Failed to establish a new connection: [Errno -2] Name or service not known',))
HTTPConnectionPool(host='www.dieei.unict.itcorsi', port=80): Max retries exceeded with url: /lm-27 (Caused by NewConnectionError('<urllib3.connection.HTTPConnection object at 0x7fe48442d7b8>: Failed to establish a new connection: [Errno -2] Name or service not known',))
HTTPConnectionPool(host='www.dieei.unict.itcorsi', port=80): Max retries exceeded with url: /lm-32 (Caused by NewConnectionError('<urllib3.connection.HTTPConnection object at 0x7fe48442d160>: Failed to establish a new connection: [Errno -2] Name or service not known',))
HTTPConnectionPool(host='web.dmi.unict.itcorsi', port=80): Max retries exceeded with url: /l-31 (Caused by NewConnectionError('<urllib3.connection.HTTPConnection object at 0x7f25700652e8>: Failed to establish a new connection: [Errno -2] Name or service not known',))
HTTPConnectionPool(host='web.dmi.unict.itcorsi', port=80): Max retries exceeded with url: /l-35 (Caused by NewConnectionError('<urllib3.connection.HTTPConnection object at 0x7f2570065358>: Failed to establish a new connection: [Errno -2] Name or service not known',))
HTTPConnectionPool(host='web.dmi.unict.itcorsi', port=80): Max retries exceeded with url: /lm-18 (Caused by NewConnectionError('<urllib3.connection.HTTPConnection object at 0x7f25700652b0>: Failed to establish a new connection: [Errno -2] Name or service not known',))
HTTPConnectionPool(host='web.dmi.unict.itcorsi', port=80): Max retries exceeded with url: /lm-40 (Caused by NewConnectionError('<urllib3.connection.HTTPConnection object at 0x7f25700652e8>: Failed to establish a new connection: [Errno -2] Name or service not known',))
'NoneType' object has no attribute 'find_all'
HTTPConnectionPool(host='web.dmi.unict.itcorsi', port=80): Max retries exceeded with url: /l-31 (Caused by NewConnectionError('<urllib3.connection.HTTPConnection object at 0x7f257005c5f8>: Failed to establish a new connection: [Errno -2] Name or service not known',))
HTTPConnectionPool(host='web.dmi.unict.itcorsi', port=80): Max retries exceeded with url: /l-35 (Caused by NewConnectionError('<urllib3.connection.HTTPConnection object at 0x7f257005c400>: Failed to establish a new connection: [Errno -2] Name or service not known',))
HTTPConnectionPool(host='web.dmi.unict.itcorsi', port=80): Max retries exceeded with url: /lm-18 (Caused by NewConnectionError('<urllib3.connection.HTTPConnection object at 0x7f257005c438>: Failed to establish a new connection: [Errno -2] Name or service not known',))
HTTPConnectionPool(host='web.dmi.unict.itcorsi', port=80): Max retries exceeded with url: /lm-40 (Caused by NewConnectionError('<urllib3.connection.HTTPConnection object at 0x7f257005c5c0>: Failed to establish a new connection: [Errno -2] Name or service not known',))
'NoneType' object has no attribute 'find_all'
HTTPConnectionPool(host='www.dieei.unict.itcorsi', port=80): Max retries exceeded with url: /l-8-ele (Caused by NewConnectionError('<urllib3.connection.HTTPConnection object at 0x7f2568107dd8>: Failed to establish a new connection: [Errno -2] Name or service not known',))
HTTPConnectionPool(host='www.dieei.unict.itcorsi', port=80): Max retries exceeded with url: /l-9 (Caused by NewConnectionError('<urllib3.connection.HTTPConnection object at 0x7f2568107ef0>: Failed to establish a new connection: [Errno -2] Name or service not known',))
HTTPConnectionPool(host='www.dieei.unict.itcorsi', port=80): Max retries exceeded with url: /l-8-inf (Caused by NewConnectionError('<urllib3.connection.HTTPConnection object at 0x7f2568107f98>: Failed to establish a new connection: [Errno -2] Name or service not known',))
HTTPConnectionPool(host='www.dieei.unict.itcorsi', port=80): Max retries exceeded with url: /lm-25 (Caused by NewConnectionError('<urllib3.connection.HTTPConnection object at 0x7f2568107dd8>: Failed to establish a new connection: [Errno -2] Name or service not known',))
HTTPConnectionPool(host='www.dieei.unict.itcorsi', port=80): Max retries exceeded with url: /lm-28 (Caused by NewConnectionError('<urllib3.connection.HTTPConnection object at 0x7f2568107f98>: Failed to establish a new connection: [Errno -2] Name or service not known',))
HTTPConnectionPool(host='www.dieei.unict.itcorsi', port=80): Max retries exceeded with url: /lm-29 (Caused by NewConnectionError('<urllib3.connection.HTTPConnection object at 0x7f2568107fd0>: Failed to establish a new connection: [Errno -2] Name or service not known',))
HTTPConnectionPool(host='www.dieei.unict.itcorsi', port=80): Max retries exceeded with url: /lm-27 (Caused by NewConnectionError('<urllib3.connection.HTTPConnection object at 0x7f2568107dd8>: Failed to establish a new connection: [Errno -2] Name or service not known',))
HTTPConnectionPool(host='www.dieei.unict.itcorsi', port=80): Max retries exceeded with url: /lm-32 (Caused by NewConnectionError('<urllib3.connection.HTTPConnection object at 0x7f2568107f98>: Failed to establish a new connection: [Errno -2] Name or service not known',))
HTTPConnectionPool(host='www.dieei.unict.itcorsi', port=80): Max retries exceeded with url: /l-8-ele (Caused by NewConnectionError('<urllib3.connection.HTTPConnection object at 0x7f2568067be0>: Failed to establish a new connection: [Errno -2] Name or service not known',))
HTTPConnectionPool(host='www.dieei.unict.itcorsi', port=80): Max retries exceeded with url: /l-9 (Caused by NewConnectionError('<urllib3.connection.HTTPConnection object at 0x7f2568107908>: Failed to establish a new connection: [Errno -2] Name or service not known',))
HTTPConnectionPool(host='www.dieei.unict.itcorsi', port=80): Max retries exceeded with url: /l-8-inf (Caused by NewConnectionError('<urllib3.connection.HTTPConnection object at 0x7f2568107908>: Failed to establish a new connection: [Errno -2] Name or service not known',))
HTTPConnectionPool(host='www.dieei.unict.itcorsi', port=80): Max retries exceeded with url: /lm-25 (Caused by NewConnectionError('<urllib3.connection.HTTPConnection object at 0x7f2568107320>: Failed to establish a new connection: [Errno -2] Name or service not known',))
HTTPConnectionPool(host='www.dieei.unict.itcorsi', port=80): Max retries exceeded with url: /lm-28 (Caused by NewConnectionError('<urllib3.connection.HTTPConnection object at 0x7f2568107ef0>: Failed to establish a new connection: [Errno -2] Name or service not known',))
HTTPConnectionPool(host='www.dieei.unict.itcorsi', port=80): Max retries exceeded with url: /lm-29 (Caused by NewConnectionError('<urllib3.connection.HTTPConnection object at 0x7f2568107e80>: Failed to establish a new connection: [Errno -2] Name or service not known',))
HTTPConnectionPool(host='www.dieei.unict.itcorsi', port=80): Max retries exceeded with url: /lm-27 (Caused by NewConnectionError('<urllib3.connection.HTTPConnection object at 0x7f2568107ef0>: Failed to establish a new connection: [Errno -2] Name or service not known',))
HTTPConnectionPool(host='www.dieei.unict.itcorsi', port=80): Max retries exceeded with url: /lm-32 (Caused by NewConnectionError('<urllib3.connection.HTTPConnection object at 0x7f2568107e80>: Failed to establish a new connection: [Errno -2] Name or service not known',))
HTTPConnectionPool(host='web.dmi.unict.itcorsi', port=80): Max retries exceeded with url: /l-31 (Caused by NewConnectionError('<urllib3.connection.HTTPConnection object at 0x7fcc2852b4e0>: Failed to establish a new connection: [Errno -2] Name or service not known',))
HTTPConnectionPool(host='web.dmi.unict.itcorsi', port=80): Max retries exceeded with url: /l-35 (Caused by NewConnectionError('<urllib3.connection.HTTPConnection object at 0x7fcc28502fd0>: Failed to establish a new connection: [Errno -2] Name or service not known',))
HTTPConnectionPool(host='web.dmi.unict.itcorsi', port=80): Max retries exceeded with url: /lm-18 (Caused by NewConnectionError('<urllib3.connection.HTTPConnection object at 0x7fcc2852b4e0>: Failed to establish a new connection: [Errno -2] Name or service not known',))
HTTPConnectionPool(host='web.dmi.unict.itcorsi', port=80): Max retries exceeded with url: /lm-40 (Caused by NewConnectionError('<urllib3.connection.HTTPConnection object at 0x7fcc2852b5f8>: Failed to establish a new connection: [Errno -2] Name or service not known',))
'NoneType' object has no attribute 'find_all'
HTTPConnectionPool(host='web.dmi.unict.itcorsi', port=80): Max retries exceeded with url: /l-31 (Caused by NewConnectionError('<urllib3.connection.HTTPConnection object at 0x7fcc284f86a0>: Failed to establish a new connection: [Errno -2] Name or service not known',))
HTTPConnectionPool(host='web.dmi.unict.itcorsi', port=80): Max retries exceeded with url: /l-35 (Caused by NewConnectionError('<urllib3.connection.HTTPConnection object at 0x7fcc284f84a8>: Failed to establish a new connection: [Errno -2] Name or service not known',))
HTTPConnectionPool(host='web.dmi.unict.itcorsi', port=80): Max retries exceeded with url: /lm-18 (Caused by NewConnectionError('<urllib3.connection.HTTPConnection object at 0x7fcc284f84e0>: Failed to establish a new connection: [Errno -2] Name or service not known',))
HTTPConnectionPool(host='web.dmi.unict.itcorsi', port=80): Max retries exceeded with url: /lm-40 (Caused by NewConnectionError('<urllib3.connection.HTTPConnection object at 0x7fcc284f8668>: Failed to establish a new connection: [Errno -2] Name or service not known',))
'NoneType' object has no attribute 'find_all'
HTTPConnectionPool(host='www.dieei.unict.itcorsi', port=80): Max retries exceeded with url: /l-8-ele (Caused by NewConnectionError('<urllib3.connection.HTTPConnection object at 0x7fcc28325cf8>: Failed to establish a new connection: [Errno -2] Name or service not known',))
HTTPConnectionPool(host='www.dieei.unict.itcorsi', port=80): Max retries exceeded with url: /l-9 (Caused by NewConnectionError('<urllib3.connection.HTTPConnection object at 0x7fcc28325c18>: Failed to establish a new connection: [Errno -2] Name or service not known',))
HTTPConnectionPool(host='www.dieei.unict.itcorsi', port=80): Max retries exceeded with url: /l-8-inf (Caused by NewConnectionError('<urllib3.connection.HTTPConnection object at 0x7fcc28561eb8>: Failed to establish a new connection: [Errno -2] Name or service not known',))
HTTPConnectionPool(host='www.dieei.unict.itcorsi', port=80): Max retries exceeded with url: /lm-25 (Caused by NewConnectionError('<urllib3.connection.HTTPConnection object at 0x7fcc28511d68>: Failed to establish a new connection: [Errno -2] Name or service not known',))
HTTPConnectionPool(host='www.dieei.unict.itcorsi', port=80): Max retries exceeded with url: /lm-28 (Caused by NewConnectionError('<urllib3.connection.HTTPConnection object at 0x7fcc28511f60>: Failed to establish a new connection: [Errno -2] Name or service not known',))
HTTPConnectionPool(host='www.dieei.unict.itcorsi', port=80): Max retries exceeded with url: /lm-29 (Caused by NewConnectionError('<urllib3.connection.HTTPConnection object at 0x7fcc28325f28>: Failed to establish a new connection: [Errno -2] Name or service not known',))
HTTPConnectionPool(host='www.dieei.unict.itcorsi', port=80): Max retries exceeded with url: /lm-27 (Caused by NewConnectionError('<urllib3.connection.HTTPConnection object at 0x7fcc283259e8>: Failed to establish a new connection: [Errno -2] Name or service not known',))
HTTPConnectionPool(host='www.dieei.unict.itcorsi', port=80): Max retries exceeded with url: /lm-32 (Caused by NewConnectionError('<urllib3.connection.HTTPConnection object at 0x7fcc28325f60>: Failed to establish a new connection: [Errno -2] Name or service not known',))
HTTPConnectionPool(host='www.dieei.unict.itcorsi', port=80): Max retries exceeded with url: /l-8-ele (Caused by NewConnectionError('<urllib3.connection.HTTPConnection object at 0x7fcc2840c128>: Failed to establish a new connection: [Errno -2] Name or service not known',))
HTTPConnectionPool(host='www.dieei.unict.itcorsi', port=80): Max retries exceeded with url: /l-9 (Caused by NewConnectionError('<urllib3.connection.HTTPConnection object at 0x7fcc2840c1d0>: Failed to establish a new connection: [Errno -2] Name or service not known',))
HTTPConnectionPool(host='www.dieei.unict.itcorsi', port=80): Max retries exceeded with url: /l-8-inf (Caused by NewConnectionError('<urllib3.connection.HTTPConnection object at 0x7fcc2840c278>: Failed to establish a new connection: [Errno -2] Name or service not known',))
HTTPConnectionPool(host='www.dieei.unict.itcorsi', port=80): Max retries exceeded with url: /lm-25 (Caused by NewConnectionError('<urllib3.connection.HTTPConnection object at 0x7fcc28511898>: Failed to establish a new connection: [Errno -2] Name or service not known',))
HTTPConnectionPool(host='www.dieei.unict.itcorsi', port=80): Max retries exceeded with url: /lm-28 (Caused by NewConnectionError('<urllib3.connection.HTTPConnection object at 0x7fcc28511da0>: Failed to establish a new connection: [Errno -2] Name or service not known',))
HTTPConnectionPool(host='www.dieei.unict.itcorsi', port=80): Max retries exceeded with url: /lm-29 (Caused by NewConnectionError('<urllib3.connection.HTTPConnection object at 0x7fcc2840c5f8>: Failed to establish a new connection: [Errno -2] Name or service not known',))
HTTPConnectionPool(host='www.dieei.unict.itcorsi', port=80): Max retries exceeded with url: /lm-27 (Caused by NewConnectionError('<urllib3.connection.HTTPConnection object at 0x7fcc2840c1d0>: Failed to establish a new connection: [Errno -2] Name or service not known',))
HTTPConnectionPool(host='www.dieei.unict.itcorsi', port=80): Max retries exceeded with url: /lm-32 (Caused by NewConnectionError('<urllib3.connection.HTTPConnection object at 0x7fcc2840c5f8>: Failed to establish a new connection: [Errno -2] Name or service not known',))
HTTPConnectionPool(host='web.dmi.unict.itcorsi', port=80): Max retries exceeded with url: /l-31 (Caused by NewConnectionError('<urllib3.connection.HTTPConnection object at 0x7f034409e4e0>: Failed to establish a new connection: [Errno -2] Name or service not known',))
HTTPConnectionPool(host='web.dmi.unict.itcorsi', port=80): Max retries exceeded with url: /l-35 (Caused by NewConnectionError('<urllib3.connection.HTTPConnection object at 0x7f034409e588>: Failed to establish a new connection: [Errno -2] Name or service not known',))
HTTPConnectionPool(host='web.dmi.unict.itcorsi', port=80): Max retries exceeded with url: /lm-18 (Caused by NewConnectionError('<urllib3.connection.HTTPConnection object at 0x7f034409e240>: Failed to establish a new connection: [Errno -2] Name or service not known',))
HTTPConnectionPool(host='web.dmi.unict.itcorsi', port=80): Max retries exceeded with url: /lm-40 (Caused by NewConnectionError('<urllib3.connection.HTTPConnection object at 0x7f034409e278>: Failed to establish a new connection: [Errno -2] Name or service not known',))
'NoneType' object has no attribute 'find_all'
HTTPConnectionPool(host='web.dmi.unict.itcorsi', port=80): Max retries exceeded with url: /l-31 (Caused by NewConnectionError('<urllib3.connection.HTTPConnection object at 0x7f0344052668>: Failed to establish a new connection: [Errno -2] Name or service not known',))
HTTPConnectionPool(host='web.dmi.unict.itcorsi', port=80): Max retries exceeded with url: /l-35 (Caused by NewConnectionError('<urllib3.connection.HTTPConnection object at 0x7f0344052470>: Failed to establish a new connection: [Errno -2] Name or service not known',))
HTTPConnectionPool(host='web.dmi.unict.itcorsi', port=80): Max retries exceeded with url: /lm-18 (Caused by NewConnectionError('<urllib3.connection.HTTPConnection object at 0x7f03440524a8>: Failed to establish a new connection: [Errno -2] Name or service not known',))
HTTPConnectionPool(host='web.dmi.unict.itcorsi', port=80): Max retries exceeded with url: /lm-40 (Caused by NewConnectionError('<urllib3.connection.HTTPConnection object at 0x7f0344052630>: Failed to establish a new connection: [Errno -2] Name or service not known',))
'NoneType' object has no attribute 'find_all'
HTTPConnectionPool(host='www.dieei.unict.itcorsi', port=80): Max retries exceeded with url: /l-8-ele (Caused by NewConnectionError('<urllib3.connection.HTTPConnection object at 0x7f034406b1d0>: Failed to establish a new connection: [Errno -2] Name or service not known',))
HTTPConnectionPool(host='www.dieei.unict.itcorsi', port=80): Max retries exceeded with url: /l-9 (Caused by NewConnectionError('<urllib3.connection.HTTPConnection object at 0x7f034406b898>: Failed to establish a new connection: [Errno -2] Name or service not known',))
HTTPConnectionPool(host='www.dieei.unict.itcorsi', port=80): Max retries exceeded with url: /l-8-inf (Caused by NewConnectionError('<urllib3.connection.HTTPConnection object at 0x7f033cf34908>: Failed to establish a new connection: [Errno -2] Name or service not known',))
HTTPConnectionPool(host='www.dieei.unict.itcorsi', port=80): Max retries exceeded with url: /lm-25 (Caused by NewConnectionError('<urllib3.connection.HTTPConnection object at 0x7f034406b208>: Failed to establish a new connection: [Errno -2] Name or service not known',))
HTTPConnectionPool(host='www.dieei.unict.itcorsi', port=80): Max retries exceeded with url: /lm-28 (Caused by NewConnectionError('<urllib3.connection.HTTPConnection object at 0x7f034406b8d0>: Failed to establish a new connection: [Errno -2] Name or service not known',))
HTTPConnectionPool(host='www.dieei.unict.itcorsi', port=80): Max retries exceeded with url: /lm-29 (Caused by NewConnectionError('<urllib3.connection.HTTPConnection object at 0x7f034406b160>: Failed to establish a new connection: [Errno -2] Name or service not known',))
HTTPConnectionPool(host='www.dieei.unict.itcorsi', port=80): Max retries exceeded with url: /lm-27 (Caused by NewConnectionError('<urllib3.connection.HTTPConnection object at 0x7f034406b2e8>: Failed to establish a new connection: [Errno -2] Name or service not known',))
HTTPConnectionPool(host='www.dieei.unict.itcorsi', port=80): Max retries exceeded with url: /lm-32 (Caused by NewConnectionError('<urllib3.connection.HTTPConnection object at 0x7f034406b8d0>: Failed to establish a new connection: [Errno -2] Name or service not known',))
HTTPConnectionPool(host='www.dieei.unict.itcorsi', port=80): Max retries exceeded with url: /l-8-ele (Caused by NewConnectionError('<urllib3.connection.HTTPConnection object at 0x7f033cc2b3c8>: Failed to establish a new connection: [Errno -2] Name or service not known',))
HTTPConnectionPool(host='www.dieei.unict.itcorsi', port=80): Max retries exceeded with url: /l-9 (Caused by NewConnectionError('<urllib3.connection.HTTPConnection object at 0x7f033cc2b940>: Failed to establish a new connection: [Errno -2] Name or service not known',))
HTTPConnectionPool(host='www.dieei.unict.itcorsi', port=80): Max retries exceeded with url: /l-8-inf (Caused by NewConnectionError('<urllib3.connection.HTTPConnection object at 0x7f033cc2b8d0>: Failed to establish a new connection: [Errno -2] Name or service not known',))
HTTPConnectionPool(host='www.dieei.unict.itcorsi', port=80): Max retries exceeded with url: /lm-25 (Caused by NewConnectionError('<urllib3.connection.HTTPConnection object at 0x7f033cc2b0b8>: Failed to establish a new connection: [Errno -2] Name or service not known',))
HTTPConnectionPool(host='www.dieei.unict.itcorsi', port=80): Max retries exceeded with url: /lm-28 (Caused by NewConnectionError('<urllib3.connection.HTTPConnection object at 0x7f033cc2b588>: Failed to establish a new connection: [Errno -2] Name or service not known',))
HTTPConnectionPool(host='www.dieei.unict.itcorsi', port=80): Max retries exceeded with url: /lm-29 (Caused by NewConnectionError('<urllib3.connection.HTTPConnection object at 0x7f033cc2b3c8>: Failed to establish a new connection: [Errno -2] Name or service not known',))
HTTPConnectionPool(host='www.dieei.unict.itcorsi', port=80): Max retries exceeded with url: /lm-27 (Caused by NewConnectionError('<urllib3.connection.HTTPConnection object at 0x7f033cc2b2b0>: Failed to establish a new connection: [Errno -2] Name or service not known',))
HTTPConnectionPool(host='www.dieei.unict.itcorsi', port=80): Max retries exceeded with url: /lm-32 (Caused by NewConnectionError('<urllib3.connection.HTTPConnection object at 0x7f033cc2b3c8>: Failed to establish a new connection: [Errno -2] Name or service not known',))
HTTPConnectionPool(host='web.dmi.unict.itcorsi', port=80): Max retries exceeded with url: /l-31 (Caused by NewConnectionError('<urllib3.connection.HTTPConnection object at 0x7fcbe4082320>: Failed to establish a new connection: [Errno -2] Name or service not known',))
HTTPConnectionPool(host='web.dmi.unict.itcorsi', port=80): Max retries exceeded with url: /l-35 (Caused by NewConnectionError('<urllib3.connection.HTTPConnection object at 0x7fcbe4082390>: Failed to establish a new connection: [Errno -2] Name or service not known',))
HTTPConnectionPool(host='web.dmi.unict.itcorsi', port=80): Max retries exceeded with url: /lm-18 (Caused by NewConnectionError('<urllib3.connection.HTTPConnection object at 0x7fcbe40822e8>: Failed to establish a new connection: [Errno -2] Name or service not known',))
HTTPConnectionPool(host='web.dmi.unict.itcorsi', port=80): Max retries exceeded with url: /lm-40 (Caused by NewConnectionError('<urllib3.connection.HTTPConnection object at 0x7fcbe4082320>: Failed to establish a new connection: [Errno -2] Name or service not known',))
'NoneType' object has no attribute 'find_all'
HTTPConnectionPool(host='web.dmi.unict.itcorsi', port=80): Max retries exceeded with url: /l-31 (Caused by NewConnectionError('<urllib3.connection.HTTPConnection object at 0x7fcbe404ccf8>: Failed to establish a new connection: [Errno -2] Name or service not known',))
HTTPConnectionPool(host='web.dmi.unict.itcorsi', port=80): Max retries exceeded with url: /l-35 (Caused by NewConnectionError('<urllib3.connection.HTTPConnection object at 0x7fcbe404cef0>: Failed to establish a new connection: [Errno -2] Name or service not known',))
HTTPConnectionPool(host='web.dmi.unict.itcorsi', port=80): Max retries exceeded with url: /lm-18 (Caused by NewConnectionError('<urllib3.connection.HTTPConnection object at 0x7fcbe404ce10>: Failed to establish a new connection: [Errno -2] Name or service not known',))
HTTPConnectionPool(host='web.dmi.unict.itcorsi', port=80): Max retries exceeded with url: /lm-40 (Caused by NewConnectionError('<urllib3.connection.HTTPConnection object at 0x7fcbe404cc50>: Failed to establish a new connection: [Errno -2] Name or service not known',))
'NoneType' object has no attribute 'find_all'
HTTPConnectionPool(host='www.dieei.unict.itcorsi', port=80): Max retries exceeded with url: /l-8-ele (Caused by NewConnectionError('<urllib3.connection.HTTPConnection object at 0x7fcbdc42fe80>: Failed to establish a new connection: [Errno -2] Name or service not known',))
HTTPConnectionPool(host='www.dieei.unict.itcorsi', port=80): Max retries exceeded with url: /l-9 (Caused by NewConnectionError('<urllib3.connection.HTTPConnection object at 0x7fcbdc42ffd0>: Failed to establish a new connection: [Errno -2] Name or service not known',))
HTTPConnectionPool(host='www.dieei.unict.itcorsi', port=80): Max retries exceeded with url: /l-8-inf (Caused by NewConnectionError('<urllib3.connection.HTTPConnection object at 0x7fcbdc4f77f0>: Failed to establish a new connection: [Errno -2] Name or service not known',))
HTTPConnectionPool(host='www.dieei.unict.itcorsi', port=80): Max retries exceeded with url: /lm-25 (Caused by NewConnectionError('<urllib3.connection.HTTPConnection object at 0x7fcbdc42fbe0>: Failed to establish a new connection: [Errno -2] Name or service not known',))
HTTPConnectionPool(host='www.dieei.unict.itcorsi', port=80): Max retries exceeded with url: /lm-28 (Caused by NewConnectionError('<urllib3.connection.HTTPConnection object at 0x7fcbdc42f780>: Failed to establish a new connection: [Errno -2] Name or service not known',))
HTTPConnectionPool(host='www.dieei.unict.itcorsi', port=80): Max retries exceeded with url: /lm-29 (Caused by NewConnectionError('<urllib3.connection.HTTPConnection object at 0x7fcbdc42fb38>: Failed to establish a new connection: [Errno -2] Name or service not known',))
HTTPConnectionPool(host='www.dieei.unict.itcorsi', port=80): Max retries exceeded with url: /lm-27 (Caused by NewConnectionError('<urllib3.connection.HTTPConnection object at 0x7fcbdc42fd68>: Failed to establish a new connection: [Errno -2] Name or service not known',))
HTTPConnectionPool(host='www.dieei.unict.itcorsi', port=80): Max retries exceeded with url: /lm-32 (Caused by NewConnectionError('<urllib3.connection.HTTPConnection object at 0x7fcbdc42f780>: Failed to establish a new connection: [Errno -2] Name or service not known',))
HTTPConnectionPool(host='www.dieei.unict.itcorsi', port=80): Max retries exceeded with url: /l-8-ele (Caused by NewConnectionError('<urllib3.connection.HTTPConnection object at 0x7fcbdc31d7f0>: Failed to establish a new connection: [Errno -2] Name or service not known',))
HTTPConnectionPool(host='www.dieei.unict.itcorsi', port=80): Max retries exceeded with url: /l-9 (Caused by NewConnectionError('<urllib3.connection.HTTPConnection object at 0x7fcbdc50b5c0>: Failed to establish a new connection: [Errno -2] Name or service not known',))
HTTPConnectionPool(host='www.dieei.unict.itcorsi', port=80): Max retries exceeded with url: /l-8-inf (Caused by NewConnectionError('<urllib3.connection.HTTPConnection object at 0x7fcbdc50b438>: Failed to establish a new connection: [Errno -2] Name or service not known',))
HTTPConnectionPool(host='www.dieei.unict.itcorsi', port=80): Max retries exceeded with url: /lm-25 (Caused by NewConnectionError('<urllib3.connection.HTTPConnection object at 0x7fcbe40812b0>: Failed to establish a new connection: [Errno -2] Name or service not known',))
HTTPConnectionPool(host='www.dieei.unict.itcorsi', port=80): Max retries exceeded with url: /lm-28 (Caused by NewConnectionError('<urllib3.connection.HTTPConnection object at 0x7fcbe4081438>: Failed to establish a new connection: [Errno -2] Name or service not known',))
HTTPConnectionPool(host='www.dieei.unict.itcorsi', port=80): Max retries exceeded with url: /lm-29 (Caused by NewConnectionError('<urllib3.connection.HTTPConnection object at 0x7fcbe4081128>: Failed to establish a new connection: [Errno -2] Name or service not known',))
HTTPConnectionPool(host='www.dieei.unict.itcorsi', port=80): Max retries exceeded with url: /lm-27 (Caused by NewConnectionError('<urllib3.connection.HTTPConnection object at 0x7fcbe4081518>: Failed to establish a new connection: [Errno -2] Name or service not known',))
HTTPConnectionPool(host='www.dieei.unict.itcorsi', port=80): Max retries exceeded with url: /lm-32 (Caused by NewConnectionError('<urllib3.connection.HTTPConnection object at 0x7fcbe40812b0>: Failed to establish a new connection: [Errno -2] Name or service not known',))
HTTPConnectionPool(host='web.dmi.unict.itcorsi', port=80): Max retries exceeded with url: /l-31 (Caused by NewConnectionError('<urllib3.connection.HTTPConnection object at 0x7fa400328518>: Failed to establish a new connection: [Errno -2] Name or service not known',))
HTTPConnectionPool(host='web.dmi.unict.itcorsi', port=80): Max retries exceeded with url: /l-35 (Caused by NewConnectionError('<urllib3.connection.HTTPConnection object at 0x7fa4003285c0>: Failed to establish a new connection: [Errno -2] Name or service not known',))
HTTPConnectionPool(host='web.dmi.unict.itcorsi', port=80): Max retries exceeded with url: /lm-18 (Caused by NewConnectionError('<urllib3.connection.HTTPConnection object at 0x7fa400328278>: Failed to establish a new connection: [Errno -2] Name or service not known',))
HTTPConnectionPool(host='web.dmi.unict.itcorsi', port=80): Max retries exceeded with url: /lm-40 (Caused by NewConnectionError('<urllib3.connection.HTTPConnection object at 0x7fa4003282b0>: Failed to establish a new connection: [Errno -2] Name or service not known',))
'NoneType' object has no attribute 'find_all'
HTTPConnectionPool(host='web.dmi.unict.itcorsi', port=80): Max retries exceeded with url: /l-31 (Caused by NewConnectionError('<urllib3.connection.HTTPConnection object at 0x7fa4002f56a0>: Failed to establish a new connection: [Errno -2] Name or service not known',))
HTTPConnectionPool(host='web.dmi.unict.itcorsi', port=80): Max retries exceeded with url: /l-35 (Caused by NewConnectionError('<urllib3.connection.HTTPConnection object at 0x7fa4002f54a8>: Failed to establish a new connection: [Errno -2] Name or service not known',))
HTTPConnectionPool(host='web.dmi.unict.itcorsi', port=80): Max retries exceeded with url: /lm-18 (Caused by NewConnectionError('<urllib3.connection.HTTPConnection object at 0x7fa4002f54e0>: Failed to establish a new connection: [Errno -2] Name or service not known',))
HTTPConnectionPool(host='web.dmi.unict.itcorsi', port=80): Max retries exceeded with url: /lm-40 (Caused by NewConnectionError('<urllib3.connection.HTTPConnection object at 0x7fa4002f5668>: Failed to establish a new connection: [Errno -2] Name or service not known',))
'NoneType' object has no attribute 'find_all'
HTTPConnectionPool(host='www.dieei.unict.itcorsi', port=80): Max retries exceeded with url: /l-8-ele (Caused by NewConnectionError('<urllib3.connection.HTTPConnection object at 0x7fa4000a8860>: Failed to establish a new connection: [Errno -2] Name or service not known',))
HTTPConnectionPool(host='www.dieei.unict.itcorsi', port=80): Max retries exceeded with url: /l-9 (Caused by NewConnectionError('<urllib3.connection.HTTPConnection object at 0x7fa4000a8ef0>: Failed to establish a new connection: [Errno -2] Name or service not known',))
HTTPConnectionPool(host='www.dieei.unict.itcorsi', port=80): Max retries exceeded with url: /l-8-inf (Caused by NewConnectionError('<urllib3.connection.HTTPConnection object at 0x7fa400125da0>: Failed to establish a new connection: [Errno -2] Name or service not known',))
HTTPConnectionPool(host='www.dieei.unict.itcorsi', port=80): Max retries exceeded with url: /lm-25 (Caused by NewConnectionError('<urllib3.connection.HTTPConnection object at 0x7fa3e37a47f0>: Failed to establish a new connection: [Errno -2] Name or service not known',))
HTTPConnectionPool(host='www.dieei.unict.itcorsi', port=80): Max retries exceeded with url: /lm-28 (Caused by NewConnectionError('<urllib3.connection.HTTPConnection object at 0x7fa4000a8c88>: Failed to establish a new connection: [Errno -2] Name or service not known',))
HTTPConnectionPool(host='www.dieei.unict.itcorsi', port=80): Max retries exceeded with url: /lm-29 (Caused by NewConnectionError('<urllib3.connection.HTTPConnection object at 0x7fa4000a80b8>: Failed to establish a new connection: [Errno -2] Name or service not known',))
HTTPConnectionPool(host='www.dieei.unict.itcorsi', port=80): Max retries exceeded with url: /lm-27 (Caused by NewConnectionError('<urllib3.connection.HTTPConnection object at 0x7fa4000a8be0>: Failed to establish a new connection: [Errno -2] Name or service not known',))
HTTPConnectionPool(host='www.dieei.unict.itcorsi', port=80): Max retries exceeded with url: /lm-32 (Caused by NewConnectionError('<urllib3.connection.HTTPConnection object at 0x7fa4000a8dd8>: Failed to establish a new connection: [Errno -2] Name or service not known',))
HTTPConnectionPool(host='www.dieei.unict.itcorsi', port=80): Max retries exceeded with url: /l-8-ele (Caused by NewConnectionError('<urllib3.connection.HTTPConnection object at 0x7fa3e37c14e0>: Failed to establish a new connection: [Errno -2] Name or service not known',))
HTTPConnectionPool(host='www.dieei.unict.itcorsi', port=80): Max retries exceeded with url: /l-9 (Caused by NewConnectionError('<urllib3.connection.HTTPConnection object at 0x7fa3e37c1358>: Failed to establish a new connection: [Errno -2] Name or service not known',))
HTTPConnectionPool(host='www.dieei.unict.itcorsi', port=80): Max retries exceeded with url: /l-8-inf (Caused by NewConnectionError('<urllib3.connection.HTTPConnection object at 0x7fa3e37c1048>: Failed to establish a new connection: [Errno -2] Name or service not known',))
HTTPConnectionPool(host='www.dieei.unict.itcorsi', port=80): Max retries exceeded with url: /lm-25 (Caused by NewConnectionError('<urllib3.connection.HTTPConnection object at 0x7fa3e37c1518>: Failed to establish a new connection: [Errno -2] Name or service not known',))
HTTPConnectionPool(host='www.dieei.unict.itcorsi', port=80): Max retries exceeded with url: /lm-28 (Caused by NewConnectionError('<urllib3.connection.HTTPConnection object at 0x7fa3e37c15c0>: Failed to establish a new connection: [Errno -2] Name or service not known',))
HTTPConnectionPool(host='www.dieei.unict.itcorsi', port=80): Max retries exceeded with url: /lm-29 (Caused by NewConnectionError('<urllib3.connection.HTTPConnection object at 0x7fa3e37c1048>: Failed to establish a new connection: [Errno -2] Name or service not known',))
HTTPConnectionPool(host='www.dieei.unict.itcorsi', port=80): Max retries exceeded with url: /lm-27 (Caused by NewConnectionError('<urllib3.connection.HTTPConnection object at 0x7fa3e37c17b8>: Failed to establish a new connection: [Errno -2] Name or service not known',))
HTTPConnectionPool(host='www.dieei.unict.itcorsi', port=80): Max retries exceeded with url: /lm-32 (Caused by NewConnectionError('<urllib3.connection.HTTPConnection object at 0x7fa3e37c1048>: Failed to establish a new connection: [Errno -2] Name or service not known',))
HTTPConnectionPool(host='web.dmi.unict.itcorsi', port=80): Max retries exceeded with url: /l-31 (Caused by NewConnectionError('<urllib3.connection.HTTPConnection object at 0x7f3bd44da2e8>: Failed to establish a new connection: [Errno -2] Name or service not known',))
HTTPConnectionPool(host='web.dmi.unict.itcorsi', port=80): Max retries exceeded with url: /l-35 (Caused by NewConnectionError('<urllib3.connection.HTTPConnection object at 0x7f3bd44da358>: Failed to establish a new connection: [Errno -2] Name or service not known',))
HTTPConnectionPool(host='web.dmi.unict.itcorsi', port=80): Max retries exceeded with url: /lm-18 (Caused by NewConnectionError('<urllib3.connection.HTTPConnection object at 0x7f3bd44da2b0>: Failed to establish a new connection: [Errno -2] Name or service not known',))
HTTPConnectionPool(host='web.dmi.unict.itcorsi', port=80): Max retries exceeded with url: /lm-40 (Caused by NewConnectionError('<urllib3.connection.HTTPConnection object at 0x7f3bd44da2e8>: Failed to establish a new connection: [Errno -2] Name or service not known',))
'NoneType' object has no attribute 'find_all'
HTTPConnectionPool(host='web.dmi.unict.itcorsi', port=80): Max retries exceeded with url: /l-31 (Caused by NewConnectionError('<urllib3.connection.HTTPConnection object at 0x7f3bd449c5c0>: Failed to establish a new connection: [Errno -2] Name or service not known',))
HTTPConnectionPool(host='web.dmi.unict.itcorsi', port=80): Max retries exceeded with url: /l-35 (Caused by NewConnectionError('<urllib3.connection.HTTPConnection object at 0x7f3bd449c3c8>: Failed to establish a new connection: [Errno -2] Name or service not known',))
HTTPConnectionPool(host='web.dmi.unict.itcorsi', port=80): Max retries exceeded with url: /lm-18 (Caused by NewConnectionError('<urllib3.connection.HTTPConnection object at 0x7f3bd449c400>: Failed to establish a new connection: [Errno -2] Name or service not known',))
HTTPConnectionPool(host='web.dmi.unict.itcorsi', port=80): Max retries exceeded with url: /lm-40 (Caused by NewConnectionError('<urllib3.connection.HTTPConnection object at 0x7f3bd449c588>: Failed to establish a new connection: [Errno -2] Name or service not known',))
'NoneType' object has no attribute 'find_all'
HTTPConnectionPool(host='www.dieei.unict.itcorsi', port=80): Max retries exceeded with url: /l-8-ele (Caused by NewConnectionError('<urllib3.connection.HTTPConnection object at 0x7f3bd418fdd8>: Failed to establish a new connection: [Errno -2] Name or service not known',))
HTTPConnectionPool(host='www.dieei.unict.itcorsi', port=80): Max retries exceeded with url: /l-9 (Caused by NewConnectionError('<urllib3.connection.HTTPConnection object at 0x7f3bd418f438>: Failed to establish a new connection: [Errno -2] Name or service not known',))
HTTPConnectionPool(host='www.dieei.unict.itcorsi', port=80): Max retries exceeded with url: /l-8-inf (Caused by NewConnectionError('<urllib3.connection.HTTPConnection object at 0x7f3bd418fe10>: Failed to establish a new connection: [Errno -2] Name or service not known',))
HTTPConnectionPool(host='www.dieei.unict.itcorsi', port=80): Max retries exceeded with url: /lm-25 (Caused by NewConnectionError('<urllib3.connection.HTTPConnection object at 0x7f3bd418f518>: Failed to establish a new connection: [Errno -2] Name or service not known',))
HTTPConnectionPool(host='www.dieei.unict.itcorsi', port=80): Max retries exceeded with url: /lm-28 (Caused by NewConnectionError('<urllib3.connection.HTTPConnection object at 0x7f3bd418fc18>: Failed to establish a new connection: [Errno -2] Name or service not known',))
HTTPConnectionPool(host='www.dieei.unict.itcorsi', port=80): Max retries exceeded with url: /lm-29 (Caused by NewConnectionError('<urllib3.connection.HTTPConnection object at 0x7f3bd418fba8>: Failed to establish a new connection: [Errno -2] Name or service not known',))
HTTPConnectionPool(host='www.dieei.unict.itcorsi', port=80): Max retries exceeded with url: /lm-27 (Caused by NewConnectionError('<urllib3.connection.HTTPConnection object at 0x7f3bd418fe10>: Failed to establish a new connection: [Errno -2] Name or service not known',))
HTTPConnectionPool(host='www.dieei.unict.itcorsi', port=80): Max retries exceeded with url: /lm-32 (Caused by NewConnectionError('<urllib3.connection.HTTPConnection object at 0x7f3bd418fc18>: Failed to establish a new connection: [Errno -2] Name or service not known',))
HTTPConnectionPool(host='www.dieei.unict.itcorsi', port=80): Max retries exceeded with url: /l-8-ele (Caused by NewConnectionError('<urllib3.connection.HTTPConnection object at 0x7f3bd409f2b0>: Failed to establish a new connection: [Errno -2] Name or service not known',))
HTTPConnectionPool(host='www.dieei.unict.itcorsi', port=80): Max retries exceeded with url: /l-9 (Caused by NewConnectionError('<urllib3.connection.HTTPConnection object at 0x7f3bd409f6a0>: Failed to establish a new connection: [Errno -2] Name or service not known',))
HTTPConnectionPool(host='www.dieei.unict.itcorsi', port=80): Max retries exceeded with url: /l-8-inf (Caused by NewConnectionError('<urllib3.connection.HTTPConnection object at 0x7f3bd409f630>: Failed to establish a new connection: [Errno -2] Name or service not known',))
HTTPConnectionPool(host='www.dieei.unict.itcorsi', port=80): Max retries exceeded with url: /lm-25 (Caused by NewConnectionError('<urllib3.connection.HTTPConnection object at 0x7f3bd409f048>: Failed to establish a new connection: [Errno -2] Name or service not known',))
HTTPConnectionPool(host='www.dieei.unict.itcorsi', port=80): Max retries exceeded with url: /lm-28 (Caused by NewConnectionError('<urllib3.connection.HTTPConnection object at 0x7f3bd409f630>: Failed to establish a new connection: [Errno -2] Name or service not known',))
HTTPConnectionPool(host='www.dieei.unict.itcorsi', port=80): Max retries exceeded with url: /lm-29 (Caused by NewConnectionError('<urllib3.connection.HTTPConnection object at 0x7f3bd409fd68>: Failed to establish a new connection: [Errno -2] Name or service not known',))
HTTPConnectionPool(host='www.dieei.unict.itcorsi', port=80): Max retries exceeded with url: /lm-27 (Caused by NewConnectionError('<urllib3.connection.HTTPConnection object at 0x7f3bd409f048>: Failed to establish a new connection: [Errno -2] Name or service not known',))
HTTPConnectionPool(host='www.dieei.unict.itcorsi', port=80): Max retries exceeded with url: /lm-32 (Caused by NewConnectionError('<urllib3.connection.HTTPConnection object at 0x7f3bd409f160>: Failed to establish a new connection: [Errno -2] Name or service not known',))
HTTPConnectionPool(host='web.dmi.unict.itcorsi', port=80): Max retries exceeded with url: /l-31 (Caused by NewConnectionError('<urllib3.connection.HTTPConnection object at 0x7f0554738320>: Failed to establish a new connection: [Errno -2] Name or service not known',))
HTTPConnectionPool(host='web.dmi.unict.itcorsi', port=80): Max retries exceeded with url: /l-35 (Caused by NewConnectionError('<urllib3.connection.HTTPConnection object at 0x7f0554738390>: Failed to establish a new connection: [Errno -2] Name or service not known',))
HTTPConnectionPool(host='web.dmi.unict.itcorsi', port=80): Max retries exceeded with url: /lm-18 (Caused by NewConnectionError('<urllib3.connection.HTTPConnection object at 0x7f05547382e8>: Failed to establish a new connection: [Errno -2] Name or service not known',))
HTTPConnectionPool(host='web.dmi.unict.itcorsi', port=80): Max retries exceeded with url: /lm-40 (Caused by NewConnectionError('<urllib3.connection.HTTPConnection object at 0x7f0554738320>: Failed to establish a new connection: [Errno -2] Name or service not known',))
'NoneType' object has no attribute 'find_all'
HTTPConnectionPool(host='web.dmi.unict.itcorsi', port=80): Max retries exceeded with url: /l-31 (Caused by NewConnectionError('<urllib3.connection.HTTPConnection object at 0x7f0554702cf8>: Failed to establish a new connection: [Errno -2] Name or service not known',))
HTTPConnectionPool(host='web.dmi.unict.itcorsi', port=80): Max retries exceeded with url: /l-35 (Caused by NewConnectionError('<urllib3.connection.HTTPConnection object at 0x7f0554702ef0>: Failed to establish a new connection: [Errno -2] Name or service not known',))
HTTPConnectionPool(host='web.dmi.unict.itcorsi', port=80): Max retries exceeded with url: /lm-18 (Caused by NewConnectionError('<urllib3.connection.HTTPConnection object at 0x7f0554702e10>: Failed to establish a new connection: [Errno -2] Name or service not known',))
HTTPConnectionPool(host='web.dmi.unict.itcorsi', port=80): Max retries exceeded with url: /lm-40 (Caused by NewConnectionError('<urllib3.connection.HTTPConnection object at 0x7f0554702c50>: Failed to establish a new connection: [Errno -2] Name or service not known',))
'NoneType' object has no attribute 'find_all'
HTTPConnectionPool(host='www.dieei.unict.itcorsi', port=80): Max retries exceeded with url: /l-8-ele (Caused by NewConnectionError('<urllib3.connection.HTTPConnection object at 0x7f0554775198>: Failed to establish a new connection: [Errno -2] Name or service not known',))
HTTPConnectionPool(host='www.dieei.unict.itcorsi', port=80): Max retries exceeded with url: /l-9 (Caused by NewConnectionError('<urllib3.connection.HTTPConnection object at 0x7f0554775358>: Failed to establish a new connection: [Errno -2] Name or service not known',))
HTTPConnectionPool(host='www.dieei.unict.itcorsi', port=80): Max retries exceeded with url: /l-8-inf (Caused by NewConnectionError('<urllib3.connection.HTTPConnection object at 0x7f0554619f98>: Failed to establish a new connection: [Errno -2] Name or service not known',))
HTTPConnectionPool(host='www.dieei.unict.itcorsi', port=80): Max retries exceeded with url: /lm-25 (Caused by NewConnectionError('<urllib3.connection.HTTPConnection object at 0x7f0554619d68>: Failed to establish a new connection: [Errno -2] Name or service not known',))
HTTPConnectionPool(host='www.dieei.unict.itcorsi', port=80): Max retries exceeded with url: /lm-28 (Caused by NewConnectionError('<urllib3.connection.HTTPConnection object at 0x7f0554619cf8>: Failed to establish a new connection: [Errno -2] Name or service not known',))
HTTPConnectionPool(host='www.dieei.unict.itcorsi', port=80): Max retries exceeded with url: /lm-29 (Caused by NewConnectionError('<urllib3.connection.HTTPConnection object at 0x7f0554619320>: Failed to establish a new connection: [Errno -2] Name or service not known',))
HTTPConnectionPool(host='www.dieei.unict.itcorsi', port=80): Max retries exceeded with url: /lm-27 (Caused by NewConnectionError('<urllib3.connection.HTTPConnection object at 0x7f0554775390>: Failed to establish a new connection: [Errno -2] Name or service not known',))
HTTPConnectionPool(host='www.dieei.unict.itcorsi', port=80): Max retries exceeded with url: /lm-32 (Caused by NewConnectionError('<urllib3.connection.HTTPConnection object at 0x7f0554775ba8>: Failed to establish a new connection: [Errno -2] Name or service not known',))
HTTPConnectionPool(host='www.dieei.unict.itcorsi', port=80): Max retries exceeded with url: /l-8-ele (Caused by NewConnectionError('<urllib3.connection.HTTPConnection object at 0x7f055456e588>: Failed to establish a new connection: [Errno -2] Name or service not known',))
HTTPConnectionPool(host='www.dieei.unict.itcorsi', port=80): Max retries exceeded with url: /l-9 (Caused by NewConnectionError('<urllib3.connection.HTTPConnection object at 0x7f055456e0b8>: Failed to establish a new connection: [Errno -2] Name or service not known',))
HTTPConnectionPool(host='www.dieei.unict.itcorsi', port=80): Max retries exceeded with url: /l-8-inf (Caused by NewConnectionError('<urllib3.connection.HTTPConnection object at 0x7f0554619fd0>: Failed to establish a new connection: [Errno -2] Name or service not known',))
HTTPConnectionPool(host='www.dieei.unict.itcorsi', port=80): Max retries exceeded with url: /lm-25 (Caused by NewConnectionError('<urllib3.connection.HTTPConnection object at 0x7f0554619208>: Failed to establish a new connection: [Errno -2] Name or service not known',))
HTTPConnectionPool(host='www.dieei.unict.itcorsi', port=80): Max retries exceeded with url: /lm-28 (Caused by NewConnectionError('<urllib3.connection.HTTPConnection object at 0x7f05546193c8>: Failed to establish a new connection: [Errno -2] Name or service not known',))
HTTPConnectionPool(host='www.dieei.unict.itcorsi', port=80): Max retries exceeded with url: /lm-29 (Caused by NewConnectionError('<urllib3.connection.HTTPConnection object at 0x7f055456e160>: Failed to establish a new connection: [Errno -2] Name or service not known',))
HTTPConnectionPool(host='www.dieei.unict.itcorsi', port=80): Max retries exceeded with url: /lm-27 (Caused by NewConnectionError('<urllib3.connection.HTTPConnection object at 0x7f055456e400>: Failed to establish a new connection: [Errno -2] Name or service not known',))
HTTPConnectionPool(host='www.dieei.unict.itcorsi', port=80): Max retries exceeded with url: /lm-32 (Caused by NewConnectionError('<urllib3.connection.HTTPConnection object at 0x7f055456e160>: Failed to establish a new connection: [Errno -2] Name or service not known',))
HTTPConnectionPool(host='web.dmi.unict.itcorsi', port=80): Max retries exceeded with url: /l-31 (Caused by NewConnectionError('<urllib3.connection.HTTPConnection object at 0x7f5ce036e2e8>: Failed to establish a new connection: [Errno -2] Name or service not known',))
HTTPConnectionPool(host='web.dmi.unict.itcorsi', port=80): Max retries exceeded with url: /l-35 (Caused by NewConnectionError('<urllib3.connection.HTTPConnection object at 0x7f5ce036e358>: Failed to establish a new connection: [Errno -2] Name or service not known',))
HTTPConnectionPool(host='web.dmi.unict.itcorsi', port=80): Max retries exceeded with url: /lm-18 (Caused by NewConnectionError('<urllib3.connection.HTTPConnection object at 0x7f5ce036e2b0>: Failed to establish a new connection: [Errno -2] Name or service not known',))
HTTPConnectionPool(host='web.dmi.unict.itcorsi', port=80): Max retries exceeded with url: /lm-40 (Caused by NewConnectionError('<urllib3.connection.HTTPConnection object at 0x7f5ce036e2e8>: Failed to establish a new connection: [Errno -2] Name or service not known',))
'NoneType' object has no attribute 'find_all'
HTTPConnectionPool(host='web.dmi.unict.itcorsi', port=80): Max retries exceeded with url: /l-31 (Caused by NewConnectionError('<urllib3.connection.HTTPConnection object at 0x7f5ce03545f8>: Failed to establish a new connection: [Errno -2] Name or service not known',))
HTTPConnectionPool(host='web.dmi.unict.itcorsi', port=80): Max retries exceeded with url: /l-35 (Caused by NewConnectionError('<urllib3.connection.HTTPConnection object at 0x7f5ce0354400>: Failed to establish a new connection: [Errno -2] Name or service not known',))
HTTPConnectionPool(host='web.dmi.unict.itcorsi', port=80): Max retries exceeded with url: /lm-18 (Caused by NewConnectionError('<urllib3.connection.HTTPConnection object at 0x7f5ce0354438>: Failed to establish a new connection: [Errno -2] Name or service not known',))
HTTPConnectionPool(host='web.dmi.unict.itcorsi', port=80): Max retries exceeded with url: /lm-40 (Caused by NewConnectionError('<urllib3.connection.HTTPConnection object at 0x7f5ce03545c0>: Failed to establish a new connection: [Errno -2] Name or service not known',))
'NoneType' object has no attribute 'find_all'
HTTPConnectionPool(host='www.dieei.unict.itcorsi', port=80): Max retries exceeded with url: /l-8-ele (Caused by NewConnectionError('<urllib3.connection.HTTPConnection object at 0x7f5ce00eb780>: Failed to establish a new connection: [Errno -2] Name or service not known',))
HTTPConnectionPool(host='www.dieei.unict.itcorsi', port=80): Max retries exceeded with url: /l-9 (Caused by NewConnectionError('<urllib3.connection.HTTPConnection object at 0x7f5ce00eb630>: Failed to establish a new connection: [Errno -2] Name or service not known',))
HTTPConnectionPool(host='www.dieei.unict.itcorsi', port=80): Max retries exceeded with url: /l-8-inf (Caused by NewConnectionError('<urllib3.connection.HTTPConnection object at 0x7f5ce2269e80>: Failed to establish a new connection: [Errno -2] Name or service not known',))
HTTPConnectionPool(host='www.dieei.unict.itcorsi', port=80): Max retries exceeded with url: /lm-25 (Caused by NewConnectionError('<urllib3.connection.HTTPConnection object at 0x7f5ce0100940>: Failed to establish a new connection: [Errno -2] Name or service not known',))
HTTPConnectionPool(host='www.dieei.unict.itcorsi', port=80): Max retries exceeded with url: /lm-28 (Caused by NewConnectionError('<urllib3.connection.HTTPConnection object at 0x7f5ce01006a0>: Failed to establish a new connection: [Errno -2] Name or service not known',))
HTTPConnectionPool(host='www.dieei.unict.itcorsi', port=80): Max retries exceeded with url: /lm-29 (Caused by NewConnectionError('<urllib3.connection.HTTPConnection object at 0x7f5ce00eb6d8>: Failed to establish a new connection: [Errno -2] Name or service not known',))
HTTPConnectionPool(host='www.dieei.unict.itcorsi', port=80): Max retries exceeded with url: /lm-27 (Caused by NewConnectionError('<urllib3.connection.HTTPConnection object at 0x7f5ce00eb9b0>: Failed to establish a new connection: [Errno -2] Name or service not known',))
HTTPConnectionPool(host='www.dieei.unict.itcorsi', port=80): Max retries exceeded with url: /lm-32 (Caused by NewConnectionError('<urllib3.connection.HTTPConnection object at 0x7f5ce00ebf28>: Failed to establish a new connection: [Errno -2] Name or service not known',))
HTTPConnectionPool(host='www.dieei.unict.itcorsi', port=80): Max retries exceeded with url: /l-8-ele (Caused by NewConnectionError('<urllib3.connection.HTTPConnection object at 0x7f5ce03892e8>: Failed to establish a new connection: [Errno -2] Name or service not known',))
HTTPConnectionPool(host='www.dieei.unict.itcorsi', port=80): Max retries exceeded with url: /l-9 (Caused by NewConnectionError('<urllib3.connection.HTTPConnection object at 0x7f5ce03899b0>: Failed to establish a new connection: [Errno -2] Name or service not known',))
HTTPConnectionPool(host='www.dieei.unict.itcorsi', port=80): Max retries exceeded with url: /l-8-inf (Caused by NewConnectionError('<urllib3.connection.HTTPConnection object at 0x7f5ce0100748>: Failed to establish a new connection: [Errno -2] Name or service not known',))
HTTPConnectionPool(host='www.dieei.unict.itcorsi', port=80): Max retries exceeded with url: /lm-25 (Caused by NewConnectionError('<urllib3.connection.HTTPConnection object at 0x7f5ce0100358>: Failed to establish a new connection: [Errno -2] Name or service not known',))
HTTPConnectionPool(host='www.dieei.unict.itcorsi', port=80): Max retries exceeded with url: /lm-28 (Caused by NewConnectionError('<urllib3.connection.HTTPConnection object at 0x7f5ce0389080>: Failed to establish a new connection: [Errno -2] Name or service not known',))
HTTPConnectionPool(host='www.dieei.unict.itcorsi', port=80): Max retries exceeded with url: /lm-29 (Caused by NewConnectionError('<urllib3.connection.HTTPConnection object at 0x7f5ce0389438>: Failed to establish a new connection: [Errno -2] Name or service not known',))
HTTPConnectionPool(host='www.dieei.unict.itcorsi', port=80): Max retries exceeded with url: /lm-27 (Caused by NewConnectionError('<urllib3.connection.HTTPConnection object at 0x7f5ce0389080>: Failed to establish a new connection: [Errno -2] Name or service not known',))
HTTPConnectionPool(host='www.dieei.unict.itcorsi', port=80): Max retries exceeded with url: /lm-32 (Caused by NewConnectionError('<urllib3.connection.HTTPConnection object at 0x7f5ce0389390>: Failed to establish a new connection: [Errno -2] Name or service not known',))
HTTPConnectionPool(host='web.dmi.unict.itcorsi', port=80): Max retries exceeded with url: /l-31 (Caused by NewConnectionError('<urllib3.connection.HTTPConnection object at 0x7f0f141a3588>: Failed to establish a new connection: [Errno -2] Name or service not known',))
HTTPConnectionPool(host='web.dmi.unict.itcorsi', port=80): Max retries exceeded with url: /l-35 (Caused by NewConnectionError('<urllib3.connection.HTTPConnection object at 0x7f0f141a34a8>: Failed to establish a new connection: [Errno -2] Name or service not known',))
HTTPConnectionPool(host='web.dmi.unict.itcorsi', port=80): Max retries exceeded with url: /lm-18 (Caused by NewConnectionError('<urllib3.connection.HTTPConnection object at 0x7f0f141a3518>: Failed to establish a new connection: [Errno -2] Name or service not known',))
HTTPConnectionPool(host='web.dmi.unict.itcorsi', port=80): Max retries exceeded with url: /lm-40 (Caused by NewConnectionError('<urllib3.connection.HTTPConnection object at 0x7f0f141a34a8>: Failed to establish a new connection: [Errno -2] Name or service not known',))
'NoneType' object has no attribute 'find_all'
HTTPConnectionPool(host='web.dmi.unict.itcorsi', port=80): Max retries exceeded with url: /l-31 (Caused by NewConnectionError('<urllib3.connection.HTTPConnection object at 0x7f0f14155630>: Failed to establish a new connection: [Errno -2] Name or service not known',))
HTTPConnectionPool(host='web.dmi.unict.itcorsi', port=80): Max retries exceeded with url: /l-35 (Caused by NewConnectionError('<urllib3.connection.HTTPConnection object at 0x7f0f14155438>: Failed to establish a new connection: [Errno -2] Name or service not known',))
HTTPConnectionPool(host='web.dmi.unict.itcorsi', port=80): Max retries exceeded with url: /lm-18 (Caused by NewConnectionError('<urllib3.connection.HTTPConnection object at 0x7f0f14155470>: Failed to establish a new connection: [Errno -2] Name or service not known',))
HTTPConnectionPool(host='web.dmi.unict.itcorsi', port=80): Max retries exceeded with url: /lm-40 (Caused by NewConnectionError('<urllib3.connection.HTTPConnection object at 0x7f0f141555f8>: Failed to establish a new connection: [Errno -2] Name or service not known',))
'NoneType' object has no attribute 'find_all'
HTTPConnectionPool(host='www.dieei.unict.itcorsi', port=80): Max retries exceeded with url: /l-8-ele (Caused by NewConnectionError('<urllib3.connection.HTTPConnection object at 0x7f0ef7f605f8>: Failed to establish a new connection: [Errno -2] Name or service not known',))
HTTPConnectionPool(host='www.dieei.unict.itcorsi', port=80): Max retries exceeded with url: /l-9 (Caused by NewConnectionError('<urllib3.connection.HTTPConnection object at 0x7f0ef7f60780>: Failed to establish a new connection: [Errno -2] Name or service not known',))
HTTPConnectionPool(host='www.dieei.unict.itcorsi', port=80): Max retries exceeded with url: /l-8-inf (Caused by NewConnectionError('<urllib3.connection.HTTPConnection object at 0x7f0f1c91a550>: Failed to establish a new connection: [Errno -2] Name or service not known',))
HTTPConnectionPool(host='www.dieei.unict.itcorsi', port=80): Max retries exceeded with url: /lm-25 (Caused by NewConnectionError('<urllib3.connection.HTTPConnection object at 0x7f0ef7f2b160>: Failed to establish a new connection: [Errno -2] Name or service not known',))
HTTPConnectionPool(host='www.dieei.unict.itcorsi', port=80): Max retries exceeded with url: /lm-28 (Caused by NewConnectionError('<urllib3.connection.HTTPConnection object at 0x7f0ef7f2b390>: Failed to establish a new connection: [Errno -2] Name or service not known',))
HTTPConnectionPool(host='www.dieei.unict.itcorsi', port=80): Max retries exceeded with url: /lm-29 (Caused by NewConnectionError('<urllib3.connection.HTTPConnection object at 0x7f0ef7f2b160>: Failed to establish a new connection: [Errno -2] Name or service not known',))
HTTPConnectionPool(host='www.dieei.unict.itcorsi', port=80): Max retries exceeded with url: /lm-27 (Caused by NewConnectionError('<urllib3.connection.HTTPConnection object at 0x7f0ef7f609b0>: Failed to establish a new connection: [Errno -2] Name or service not known',))
HTTPConnectionPool(host='www.dieei.unict.itcorsi', port=80): Max retries exceeded with url: /lm-32 (Caused by NewConnectionError('<urllib3.connection.HTTPConnection object at 0x7f0ef7f60748>: Failed to establish a new connection: [Errno -2] Name or service not known',))
HTTPConnectionPool(host='www.dieei.unict.itcorsi', port=80): Max retries exceeded with url: /l-8-ele (Caused by NewConnectionError('<urllib3.connection.HTTPConnection object at 0x7f0ef7f2bfd0>: Failed to establish a new connection: [Errno -2] Name or service not known',))
HTTPConnectionPool(host='www.dieei.unict.itcorsi', port=80): Max retries exceeded with url: /l-9 (Caused by NewConnectionError('<urllib3.connection.HTTPConnection object at 0x7f0ef7f2bcc0>: Failed to establish a new connection: [Errno -2] Name or service not known',))
HTTPConnectionPool(host='www.dieei.unict.itcorsi', port=80): Max retries exceeded with url: /l-8-inf (Caused by NewConnectionError('<urllib3.connection.HTTPConnection object at 0x7f0ef7f2b978>: Failed to establish a new connection: [Errno -2] Name or service not known',))
HTTPConnectionPool(host='www.dieei.unict.itcorsi', port=80): Max retries exceeded with url: /lm-25 (Caused by NewConnectionError('<urllib3.connection.HTTPConnection object at 0x7f0ef7f2b160>: Failed to establish a new connection: [Errno -2] Name or service not known',))
HTTPConnectionPool(host='www.dieei.unict.itcorsi', port=80): Max retries exceeded with url: /lm-28 (Caused by NewConnectionError('<urllib3.connection.HTTPConnection object at 0x7f0ef7f2b978>: Failed to establish a new connection: [Errno -2] Name or service not known',))
HTTPConnectionPool(host='www.dieei.unict.itcorsi', port=80): Max retries exceeded with url: /lm-29 (Caused by NewConnectionError('<urllib3.connection.HTTPConnection object at 0x7f0ef7f2b160>: Failed to establish a new connection: [Errno -2] Name or service not known',))
HTTPConnectionPool(host='www.dieei.unict.itcorsi', port=80): Max retries exceeded with url: /lm-27 (Caused by NewConnectionError('<urllib3.connection.HTTPConnection object at 0x7f0ef7f2bac8>: Failed to establish a new connection: [Errno -2] Name or service not known',))
HTTPConnectionPool(host='www.dieei.unict.itcorsi', port=80): Max retries exceeded with url: /lm-32 (Caused by NewConnectionError('<urllib3.connection.HTTPConnection object at 0x7f0ef7f2bcc0>: Failed to establish a new connection: [Errno -2] Name or service not known',))
HTTPConnectionPool(host='web.dmi.unict.itcorsi', port=80): Max retries exceeded with url: /l-31 (Caused by NewConnectionError('<urllib3.connection.HTTPConnection object at 0x7fa778509320>: Failed to establish a new connection: [Errno -2] Name or service not known',))
HTTPConnectionPool(host='web.dmi.unict.itcorsi', port=80): Max retries exceeded with url: /l-35 (Caused by NewConnectionError('<urllib3.connection.HTTPConnection object at 0x7fa778509390>: Failed to establish a new connection: [Errno -2] Name or service not known',))
HTTPConnectionPool(host='web.dmi.unict.itcorsi', port=80): Max retries exceeded with url: /lm-18 (Caused by NewConnectionError('<urllib3.connection.HTTPConnection object at 0x7fa7785092e8>: Failed to establish a new connection: [Errno -2] Name or service not known',))
HTTPConnectionPool(host='web.dmi.unict.itcorsi', port=80): Max retries exceeded with url: /lm-40 (Caused by NewConnectionError('<urllib3.connection.HTTPConnection object at 0x7fa778509320>: Failed to establish a new connection: [Errno -2] Name or service not known',))
'NoneType' object has no attribute 'find_all'
HTTPConnectionPool(host='web.dmi.unict.itcorsi', port=80): Max retries exceeded with url: /l-31 (Caused by NewConnectionError('<urllib3.connection.HTTPConnection object at 0x7fa7784be5f8>: Failed to establish a new connection: [Errno -2] Name or service not known',))
HTTPConnectionPool(host='web.dmi.unict.itcorsi', port=80): Max retries exceeded with url: /l-35 (Caused by NewConnectionError('<urllib3.connection.HTTPConnection object at 0x7fa7784be400>: Failed to establish a new connection: [Errno -2] Name or service not known',))
HTTPConnectionPool(host='web.dmi.unict.itcorsi', port=80): Max retries exceeded with url: /lm-18 (Caused by NewConnectionError('<urllib3.connection.HTTPConnection object at 0x7fa7784be438>: Failed to establish a new connection: [Errno -2] Name or service not known',))
HTTPConnectionPool(host='web.dmi.unict.itcorsi', port=80): Max retries exceeded with url: /lm-40 (Caused by NewConnectionError('<urllib3.connection.HTTPConnection object at 0x7fa7784be5c0>: Failed to establish a new connection: [Errno -2] Name or service not known',))
'NoneType' object has no attribute 'find_all'
HTTPConnectionPool(host='www.dieei.unict.itcorsi', port=80): Max retries exceeded with url: /l-8-ele (Caused by NewConnectionError('<urllib3.connection.HTTPConnection object at 0x7fa778528f98>: Failed to establish a new connection: [Errno -2] Name or service not known',))
HTTPConnectionPool(host='www.dieei.unict.itcorsi', port=80): Max retries exceeded with url: /l-9 (Caused by NewConnectionError('<urllib3.connection.HTTPConnection object at 0x7fa778528358>: Failed to establish a new connection: [Errno -2] Name or service not known',))
HTTPConnectionPool(host='www.dieei.unict.itcorsi', port=80): Max retries exceeded with url: /l-8-inf (Caused by NewConnectionError('<urllib3.connection.HTTPConnection object at 0x7fa778528320>: Failed to establish a new connection: [Errno -2] Name or service not known',))
HTTPConnectionPool(host='www.dieei.unict.itcorsi', port=80): Max retries exceeded with url: /lm-25 (Caused by NewConnectionError('<urllib3.connection.HTTPConnection object at 0x7fa778528f98>: Failed to establish a new connection: [Errno -2] Name or service not known',))
HTTPConnectionPool(host='www.dieei.unict.itcorsi', port=80): Max retries exceeded with url: /lm-28 (Caused by NewConnectionError('<urllib3.connection.HTTPConnection object at 0x7fa778528320>: Failed to establish a new connection: [Errno -2] Name or service not known',))
HTTPConnectionPool(host='www.dieei.unict.itcorsi', port=80): Max retries exceeded with url: /lm-29 (Caused by NewConnectionError('<urllib3.connection.HTTPConnection object at 0x7fa778528cc0>: Failed to establish a new connection: [Errno -2] Name or service not known',))
HTTPConnectionPool(host='www.dieei.unict.itcorsi', port=80): Max retries exceeded with url: /lm-27 (Caused by NewConnectionError('<urllib3.connection.HTTPConnection object at 0x7fa778528f98>: Failed to establish a new connection: [Errno -2] Name or service not known',))
HTTPConnectionPool(host='www.dieei.unict.itcorsi', port=80): Max retries exceeded with url: /lm-32 (Caused by NewConnectionError('<urllib3.connection.HTTPConnection object at 0x7fa778528320>: Failed to establish a new connection: [Errno -2] Name or service not known',))
HTTPConnectionPool(host='www.dieei.unict.itcorsi', port=80): Max retries exceeded with url: /l-8-ele (Caused by NewConnectionError('<urllib3.connection.HTTPConnection object at 0x7fa778528160>: Failed to establish a new connection: [Errno -2] Name or service not known',))
HTTPConnectionPool(host='www.dieei.unict.itcorsi', port=80): Max retries exceeded with url: /l-9 (Caused by NewConnectionError('<urllib3.connection.HTTPConnection object at 0x7fa7785282e8>: Failed to establish a new connection: [Errno -2] Name or service not known',))
HTTPConnectionPool(host='www.dieei.unict.itcorsi', port=80): Max retries exceeded with url: /l-8-inf (Caused by NewConnectionError('<urllib3.connection.HTTPConnection object at 0x7fa778528240>: Failed to establish a new connection: [Errno -2] Name or service not known',))
HTTPConnectionPool(host='www.dieei.unict.itcorsi', port=80): Max retries exceeded with url: /lm-25 (Caused by NewConnectionError('<urllib3.connection.HTTPConnection object at 0x7fa778528d68>: Failed to establish a new connection: [Errno -2] Name or service not known',))
HTTPConnectionPool(host='www.dieei.unict.itcorsi', port=80): Max retries exceeded with url: /lm-28 (Caused by NewConnectionError('<urllib3.connection.HTTPConnection object at 0x7fa778528240>: Failed to establish a new connection: [Errno -2] Name or service not known',))
HTTPConnectionPool(host='www.dieei.unict.itcorsi', port=80): Max retries exceeded with url: /lm-29 (Caused by NewConnectionError('<urllib3.connection.HTTPConnection object at 0x7fa7785282e8>: Failed to establish a new connection: [Errno -2] Name or service not known',))
HTTPConnectionPool(host='www.dieei.unict.itcorsi', port=80): Max retries exceeded with url: /lm-27 (Caused by NewConnectionError('<urllib3.connection.HTTPConnection object at 0x7fa778528240>: Failed to establish a new connection: [Errno -2] Name or service not known',))
HTTPConnectionPool(host='www.dieei.unict.itcorsi', port=80): Max retries exceeded with url: /lm-32 (Caused by NewConnectionError('<urllib3.connection.HTTPConnection object at 0x7fa778528a20>: Failed to establish a new connection: [Errno -2] Name or service not known',))
HTTPConnectionPool(host='web.dmi.unict.itcorsi', port=80): Max retries exceeded with url: /l-31 (Caused by NewConnectionError('<urllib3.connection.HTTPConnection object at 0x7fca802fa320>: Failed to establish a new connection: [Errno -2] Name or service not known',))
HTTPConnectionPool(host='web.dmi.unict.itcorsi', port=80): Max retries exceeded with url: /l-35 (Caused by NewConnectionError('<urllib3.connection.HTTPConnection object at 0x7fca802fa390>: Failed to establish a new connection: [Errno -2] Name or service not known',))
HTTPConnectionPool(host='web.dmi.unict.itcorsi', port=80): Max retries exceeded with url: /lm-18 (Caused by NewConnectionError('<urllib3.connection.HTTPConnection object at 0x7fca802fa2e8>: Failed to establish a new connection: [Errno -2] Name or service not known',))
HTTPConnectionPool(host='web.dmi.unict.itcorsi', port=80): Max retries exceeded with url: /lm-40 (Caused by NewConnectionError('<urllib3.connection.HTTPConnection object at 0x7fca802fa320>: Failed to establish a new connection: [Errno -2] Name or service not known',))
'NoneType' object has no attribute 'find_all'
HTTPConnectionPool(host='web.dmi.unict.itcorsi', port=80): Max retries exceeded with url: /l-31 (Caused by NewConnectionError('<urllib3.connection.HTTPConnection object at 0x7fca802f1630>: Failed to establish a new connection: [Errno -2] Name or service not known',))
HTTPConnectionPool(host='web.dmi.unict.itcorsi', port=80): Max retries exceeded with url: /l-35 (Caused by NewConnectionError('<urllib3.connection.HTTPConnection object at 0x7fca802f1438>: Failed to establish a new connection: [Errno -2] Name or service not known',))
HTTPConnectionPool(host='web.dmi.unict.itcorsi', port=80): Max retries exceeded with url: /lm-18 (Caused by NewConnectionError('<urllib3.connection.HTTPConnection object at 0x7fca802f1470>: Failed to establish a new connection: [Errno -2] Name or service not known',))
HTTPConnectionPool(host='web.dmi.unict.itcorsi', port=80): Max retries exceeded with url: /lm-40 (Caused by NewConnectionError('<urllib3.connection.HTTPConnection object at 0x7fca802f15f8>: Failed to establish a new connection: [Errno -2] Name or service not known',))
'NoneType' object has no attribute 'find_all'
HTTPConnectionPool(host='www.dieei.unict.itcorsi', port=80): Max retries exceeded with url: /l-8-ele (Caused by NewConnectionError('<urllib3.connection.HTTPConnection object at 0x7fca71f9ccf8>: Failed to establish a new connection: [Errno -2] Name or service not known',))
HTTPConnectionPool(host='www.dieei.unict.itcorsi', port=80): Max retries exceeded with url: /l-9 (Caused by NewConnectionError('<urllib3.connection.HTTPConnection object at 0x7fca71f9ccc0>: Failed to establish a new connection: [Errno -2] Name or service not known',))
HTTPConnectionPool(host='www.dieei.unict.itcorsi', port=80): Max retries exceeded with url: /l-8-inf (Caused by NewConnectionError('<urllib3.connection.HTTPConnection object at 0x7fca71f9c828>: Failed to establish a new connection: [Errno -2] Name or service not known',))
HTTPConnectionPool(host='www.dieei.unict.itcorsi', port=80): Max retries exceeded with url: /lm-25 (Caused by NewConnectionError('<urllib3.connection.HTTPConnection object at 0x7fca71f9cc18>: Failed to establish a new connection: [Errno -2] Name or service not known',))
HTTPConnectionPool(host='www.dieei.unict.itcorsi', port=80): Max retries exceeded with url: /lm-28 (Caused by NewConnectionError('<urllib3.connection.HTTPConnection object at 0x7fca71f9cf98>: Failed to establish a new connection: [Errno -2] Name or service not known',))
HTTPConnectionPool(host='www.dieei.unict.itcorsi', port=80): Max retries exceeded with url: /lm-29 (Caused by NewConnectionError('<urllib3.connection.HTTPConnection object at 0x7fca71f9cd68>: Failed to establish a new connection: [Errno -2] Name or service not known',))
HTTPConnectionPool(host='www.dieei.unict.itcorsi', port=80): Max retries exceeded with url: /lm-27 (Caused by NewConnectionError('<urllib3.connection.HTTPConnection object at 0x7fca71f9cc18>: Failed to establish a new connection: [Errno -2] Name or service not known',))
HTTPConnectionPool(host='www.dieei.unict.itcorsi', port=80): Max retries exceeded with url: /lm-32 (Caused by NewConnectionError('<urllib3.connection.HTTPConnection object at 0x7fca71f9cf98>: Failed to establish a new connection: [Errno -2] Name or service not known',))
HTTPConnectionPool(host='www.dieei.unict.itcorsi', port=80): Max retries exceeded with url: /l-8-ele (Caused by NewConnectionError('<urllib3.connection.HTTPConnection object at 0x7fca71f9ce80>: Failed to establish a new connection: [Errno -2] Name or service not known',))
HTTPConnectionPool(host='www.dieei.unict.itcorsi', port=80): Max retries exceeded with url: /l-9 (Caused by NewConnectionError('<urllib3.connection.HTTPConnection object at 0x7fca71f9cda0>: Failed to establish a new connection: [Errno -2] Name or service not known',))
HTTPConnectionPool(host='www.dieei.unict.itcorsi', port=80): Max retries exceeded with url: /l-8-inf (Caused by NewConnectionError('<urllib3.connection.HTTPConnection object at 0x7fca801b7400>: Failed to establish a new connection: [Errno -2] Name or service not known',))
HTTPConnectionPool(host='www.dieei.unict.itcorsi', port=80): Max retries exceeded with url: /lm-25 (Caused by NewConnectionError('<urllib3.connection.HTTPConnection object at 0x7fca801b7c88>: Failed to establish a new connection: [Errno -2] Name or service not known',))
HTTPConnectionPool(host='www.dieei.unict.itcorsi', port=80): Max retries exceeded with url: /lm-28 (Caused by NewConnectionError('<urllib3.connection.HTTPConnection object at 0x7fca801b7208>: Failed to establish a new connection: [Errno -2] Name or service not known',))
HTTPConnectionPool(host='www.dieei.unict.itcorsi', port=80): Max retries exceeded with url: /lm-29 (Caused by NewConnectionError('<urllib3.connection.HTTPConnection object at 0x7fca80260160>: Failed to establish a new connection: [Errno -2] Name or service not known',))
HTTPConnectionPool(host='www.dieei.unict.itcorsi', port=80): Max retries exceeded with url: /lm-27 (Caused by NewConnectionError('<urllib3.connection.HTTPConnection object at 0x7fca801b7630>: Failed to establish a new connection: [Errno -2] Name or service not known',))
HTTPConnectionPool(host='www.dieei.unict.itcorsi', port=80): Max retries exceeded with url: /lm-32 (Caused by NewConnectionError('<urllib3.connection.HTTPConnection object at 0x7fca80260048>: Failed to establish a new connection: [Errno -2] Name or service not known',))
HTTPConnectionPool(host='web.dmi.unict.itcorsi', port=80): Max retries exceeded with url: /l-31 (Caused by NewConnectionError('<urllib3.connection.HTTPConnection object at 0x7f295c94d320>: Failed to establish a new connection: [Errno -2] Name or service not known',))
HTTPConnectionPool(host='web.dmi.unict.itcorsi', port=80): Max retries exceeded with url: /l-35 (Caused by NewConnectionError('<urllib3.connection.HTTPConnection object at 0x7f295c94d390>: Failed to establish a new connection: [Errno -2] Name or service not known',))
HTTPConnectionPool(host='web.dmi.unict.itcorsi', port=80): Max retries exceeded with url: /lm-18 (Caused by NewConnectionError('<urllib3.connection.HTTPConnection object at 0x7f295c94d2e8>: Failed to establish a new connection: [Errno -2] Name or service not known',))
HTTPConnectionPool(host='web.dmi.unict.itcorsi', port=80): Max retries exceeded with url: /lm-40 (Caused by NewConnectionError('<urllib3.connection.HTTPConnection object at 0x7f295c94d320>: Failed to establish a new connection: [Errno -2] Name or service not known',))
'NoneType' object has no attribute 'find_all'
HTTPConnectionPool(host='web.dmi.unict.itcorsi', port=80): Max retries exceeded with url: /l-31 (Caused by NewConnectionError('<urllib3.connection.HTTPConnection object at 0x7f295c9235f8>: Failed to establish a new connection: [Errno -2] Name or service not known',))
HTTPConnectionPool(host='web.dmi.unict.itcorsi', port=80): Max retries exceeded with url: /l-35 (Caused by NewConnectionError('<urllib3.connection.HTTPConnection object at 0x7f295c923400>: Failed to establish a new connection: [Errno -2] Name or service not known',))
HTTPConnectionPool(host='web.dmi.unict.itcorsi', port=80): Max retries exceeded with url: /lm-18 (Caused by NewConnectionError('<urllib3.connection.HTTPConnection object at 0x7f295c923438>: Failed to establish a new connection: [Errno -2] Name or service not known',))
HTTPConnectionPool(host='web.dmi.unict.itcorsi', port=80): Max retries exceeded with url: /lm-40 (Caused by NewConnectionError('<urllib3.connection.HTTPConnection object at 0x7f295c9235c0>: Failed to establish a new connection: [Errno -2] Name or service not known',))
'NoneType' object has no attribute 'find_all'
HTTPConnectionPool(host='www.dieei.unict.itcorsi', port=80): Max retries exceeded with url: /l-8-ele (Caused by NewConnectionError('<urllib3.connection.HTTPConnection object at 0x7f295c961400>: Failed to establish a new connection: [Errno -2] Name or service not known',))
HTTPConnectionPool(host='www.dieei.unict.itcorsi', port=80): Max retries exceeded with url: /l-9 (Caused by NewConnectionError('<urllib3.connection.HTTPConnection object at 0x7f295c961828>: Failed to establish a new connection: [Errno -2] Name or service not known',))
HTTPConnectionPool(host='www.dieei.unict.itcorsi', port=80): Max retries exceeded with url: /l-8-inf (Caused by NewConnectionError('<urllib3.connection.HTTPConnection object at 0x7f2965053208>: Failed to establish a new connection: [Errno -2] Name or service not known',))
HTTPConnectionPool(host='www.dieei.unict.itcorsi', port=80): Max retries exceeded with url: /lm-25 (Caused by NewConnectionError('<urllib3.connection.HTTPConnection object at 0x7f295c961400>: Failed to establish a new connection: [Errno -2] Name or service not known',))
HTTPConnectionPool(host='www.dieei.unict.itcorsi', port=80): Max retries exceeded with url: /lm-28 (Caused by NewConnectionError('<urllib3.connection.HTTPConnection object at 0x7f295c9619e8>: Failed to establish a new connection: [Errno -2] Name or service not known',))
HTTPConnectionPool(host='www.dieei.unict.itcorsi', port=80): Max retries exceeded with url: /lm-29 (Caused by NewConnectionError('<urllib3.connection.HTTPConnection object at 0x7f295c9612b0>: Failed to establish a new connection: [Errno -2] Name or service not known',))
HTTPConnectionPool(host='www.dieei.unict.itcorsi', port=80): Max retries exceeded with url: /lm-27 (Caused by NewConnectionError('<urllib3.connection.HTTPConnection object at 0x7f295c9614a8>: Failed to establish a new connection: [Errno -2] Name or service not known',))
HTTPConnectionPool(host='www.dieei.unict.itcorsi', port=80): Max retries exceeded with url: /lm-32 (Caused by NewConnectionError('<urllib3.connection.HTTPConnection object at 0x7f295c9619e8>: Failed to establish a new connection: [Errno -2] Name or service not known',))
HTTPConnectionPool(host='www.dieei.unict.itcorsi', port=80): Max retries exceeded with url: /l-8-ele (Caused by NewConnectionError('<urllib3.connection.HTTPConnection object at 0x7f295c60b358>: Failed to establish a new connection: [Errno -2] Name or service not known',))
HTTPConnectionPool(host='www.dieei.unict.itcorsi', port=80): Max retries exceeded with url: /l-9 (Caused by NewConnectionError('<urllib3.connection.HTTPConnection object at 0x7f295c518668>: Failed to establish a new connection: [Errno -2] Name or service not known',))
HTTPConnectionPool(host='www.dieei.unict.itcorsi', port=80): Max retries exceeded with url: /l-8-inf (Caused by NewConnectionError('<urllib3.connection.HTTPConnection object at 0x7f295c518668>: Failed to establish a new connection: [Errno -2] Name or service not known',))
HTTPConnectionPool(host='www.dieei.unict.itcorsi', port=80): Max retries exceeded with url: /lm-25 (Caused by NewConnectionError('<urllib3.connection.HTTPConnection object at 0x7f295c518780>: Failed to establish a new connection: [Errno -2] Name or service not known',))
HTTPConnectionPool(host='www.dieei.unict.itcorsi', port=80): Max retries exceeded with url: /lm-28 (Caused by NewConnectionError('<urllib3.connection.HTTPConnection object at 0x7f295c518898>: Failed to establish a new connection: [Errno -2] Name or service not known',))
HTTPConnectionPool(host='www.dieei.unict.itcorsi', port=80): Max retries exceeded with url: /lm-29 (Caused by NewConnectionError('<urllib3.connection.HTTPConnection object at 0x7f295c518828>: Failed to establish a new connection: [Errno -2] Name or service not known',))
HTTPConnectionPool(host='www.dieei.unict.itcorsi', port=80): Max retries exceeded with url: /lm-27 (Caused by NewConnectionError('<urllib3.connection.HTTPConnection object at 0x7f295c518898>: Failed to establish a new connection: [Errno -2] Name or service not known',))
HTTPConnectionPool(host='www.dieei.unict.itcorsi', port=80): Max retries exceeded with url: /lm-32 (Caused by NewConnectionError('<urllib3.connection.HTTPConnection object at 0x7f295c518e80>: Failed to establish a new connection: [Errno -2] Name or service not known',))
HTTPConnectionPool(host='web.dmi.unict.itcorsi', port=80): Max retries exceeded with url: /l-31 (Caused by NewConnectionError('<urllib3.connection.HTTPConnection object at 0x7fe1404a2550>: Failed to establish a new connection: [Errno -2] Name or service not known',))
HTTPConnectionPool(host='web.dmi.unict.itcorsi', port=80): Max retries exceeded with url: /l-35 (Caused by NewConnectionError('<urllib3.connection.HTTPConnection object at 0x7fe1404a25f8>: Failed to establish a new connection: [Errno -2] Name or service not known',))
HTTPConnectionPool(host='web.dmi.unict.itcorsi', port=80): Max retries exceeded with url: /lm-18 (Caused by NewConnectionError('<urllib3.connection.HTTPConnection object at 0x7fe1404a22b0>: Failed to establish a new connection: [Errno -2] Name or service not known',))
HTTPConnectionPool(host='web.dmi.unict.itcorsi', port=80): Max retries exceeded with url: /lm-40 (Caused by NewConnectionError('<urllib3.connection.HTTPConnection object at 0x7fe1404a22e8>: Failed to establish a new connection: [Errno -2] Name or service not known',))
'NoneType' object has no attribute 'find_all'
HTTPConnectionPool(host='web.dmi.unict.itcorsi', port=80): Max retries exceeded with url: /l-31 (Caused by NewConnectionError('<urllib3.connection.HTTPConnection object at 0x7fe14046f630>: Failed to establish a new connection: [Errno -2] Name or service not known',))
HTTPConnectionPool(host='web.dmi.unict.itcorsi', port=80): Max retries exceeded with url: /l-35 (Caused by NewConnectionError('<urllib3.connection.HTTPConnection object at 0x7fe14046f438>: Failed to establish a new connection: [Errno -2] Name or service not known',))
HTTPConnectionPool(host='web.dmi.unict.itcorsi', port=80): Max retries exceeded with url: /lm-18 (Caused by NewConnectionError('<urllib3.connection.HTTPConnection object at 0x7fe14046f470>: Failed to establish a new connection: [Errno -2] Name or service not known',))
HTTPConnectionPool(host='web.dmi.unict.itcorsi', port=80): Max retries exceeded with url: /lm-40 (Caused by NewConnectionError('<urllib3.connection.HTTPConnection object at 0x7fe14046f5f8>: Failed to establish a new connection: [Errno -2] Name or service not known',))
'NoneType' object has no attribute 'find_all'
HTTPConnectionPool(host='www.dieei.unict.itcorsi', port=80): Max retries exceeded with url: /l-8-ele (Caused by NewConnectionError('<urllib3.connection.HTTPConnection object at 0x7fe14026cba8>: Failed to establish a new connection: [Errno -2] Name or service not known',))
HTTPConnectionPool(host='www.dieei.unict.itcorsi', port=80): Max retries exceeded with url: /l-9 (Caused by NewConnectionError('<urllib3.connection.HTTPConnection object at 0x7fe14026cb00>: Failed to establish a new connection: [Errno -2] Name or service not known',))
HTTPConnectionPool(host='www.dieei.unict.itcorsi', port=80): Max retries exceeded with url: /l-8-inf (Caused by NewConnectionError('<urllib3.connection.HTTPConnection object at 0x7fe14026cc50>: Failed to establish a new connection: [Errno -2] Name or service not known',))
HTTPConnectionPool(host='www.dieei.unict.itcorsi', port=80): Max retries exceeded with url: /lm-25 (Caused by NewConnectionError('<urllib3.connection.HTTPConnection object at 0x7fe14026cbe0>: Failed to establish a new connection: [Errno -2] Name or service not known',))
HTTPConnectionPool(host='www.dieei.unict.itcorsi', port=80): Max retries exceeded with url: /lm-28 (Caused by NewConnectionError('<urllib3.connection.HTTPConnection object at 0x7fe14026c7f0>: Failed to establish a new connection: [Errno -2] Name or service not known',))
HTTPConnectionPool(host='www.dieei.unict.itcorsi', port=80): Max retries exceeded with url: /lm-29 (Caused by NewConnectionError('<urllib3.connection.HTTPConnection object at 0x7fe14026c6a0>: Failed to establish a new connection: [Errno -2] Name or service not known',))
HTTPConnectionPool(host='www.dieei.unict.itcorsi', port=80): Max retries exceeded with url: /lm-27 (Caused by NewConnectionError('<urllib3.connection.HTTPConnection object at 0x7fe14026cc18>: Failed to establish a new connection: [Errno -2] Name or service not known',))
HTTPConnectionPool(host='www.dieei.unict.itcorsi', port=80): Max retries exceeded with url: /lm-32 (Caused by NewConnectionError('<urllib3.connection.HTTPConnection object at 0x7fe14026c668>: Failed to establish a new connection: [Errno -2] Name or service not known',))
HTTPConnectionPool(host='www.dieei.unict.itcorsi', port=80): Max retries exceeded with url: /l-8-ele (Caused by NewConnectionError('<urllib3.connection.HTTPConnection object at 0x7fe1401b6b00>: Failed to establish a new connection: [Errno -2] Name or service not known',))
HTTPConnectionPool(host='www.dieei.unict.itcorsi', port=80): Max retries exceeded with url: /l-9 (Caused by NewConnectionError('<urllib3.connection.HTTPConnection object at 0x7fe14026cbe0>: Failed to establish a new connection: [Errno -2] Name or service not known',))
HTTPConnectionPool(host='www.dieei.unict.itcorsi', port=80): Max retries exceeded with url: /l-8-inf (Caused by NewConnectionError('<urllib3.connection.HTTPConnection object at 0x7fe14026cbe0>: Failed to establish a new connection: [Errno -2] Name or service not known',))
HTTPConnectionPool(host='www.dieei.unict.itcorsi', port=80): Max retries exceeded with url: /lm-25 (Caused by NewConnectionError('<urllib3.connection.HTTPConnection object at 0x7fe14026ca20>: Failed to establish a new connection: [Errno -2] Name or service not known',))
HTTPConnectionPool(host='www.dieei.unict.itcorsi', port=80): Max retries exceeded with url: /lm-28 (Caused by NewConnectionError('<urllib3.connection.HTTPConnection object at 0x7fe14026c780>: Failed to establish a new connection: [Errno -2] Name or service not known',))
HTTPConnectionPool(host='www.dieei.unict.itcorsi', port=80): Max retries exceeded with url: /lm-29 (Caused by NewConnectionError('<urllib3.connection.HTTPConnection object at 0x7fe14026c630>: Failed to establish a new connection: [Errno -2] Name or service not known',))
HTTPConnectionPool(host='www.dieei.unict.itcorsi', port=80): Max retries exceeded with url: /lm-27 (Caused by NewConnectionError('<urllib3.connection.HTTPConnection object at 0x7fe140106470>: Failed to establish a new connection: [Errno -2] Name or service not known',))
HTTPConnectionPool(host='www.dieei.unict.itcorsi', port=80): Max retries exceeded with url: /lm-32 (Caused by NewConnectionError('<urllib3.connection.HTTPConnection object at 0x7fe140106400>: Failed to establish a new connection: [Errno -2] Name or service not known',))
HTTPConnectionPool(host='web.dmi.unict.itcorsi', port=80): Max retries exceeded with url: /l-31 (Caused by NewConnectionError('<urllib3.connection.HTTPConnection object at 0x7f5f0c2c44e0>: Failed to establish a new connection: [Errno -2] Name or service not known',))
HTTPConnectionPool(host='web.dmi.unict.itcorsi', port=80): Max retries exceeded with url: /l-35 (Caused by NewConnectionError('<urllib3.connection.HTTPConnection object at 0x7f5f0c2c4588>: Failed to establish a new connection: [Errno -2] Name or service not known',))
HTTPConnectionPool(host='web.dmi.unict.itcorsi', port=80): Max retries exceeded with url: /lm-18 (Caused by NewConnectionError('<urllib3.connection.HTTPConnection object at 0x7f5f0c2c4240>: Failed to establish a new connection: [Errno -2] Name or service not known',))
HTTPConnectionPool(host='web.dmi.unict.itcorsi', port=80): Max retries exceeded with url: /lm-40 (Caused by NewConnectionError('<urllib3.connection.HTTPConnection object at 0x7f5f0c2c4278>: Failed to establish a new connection: [Errno -2] Name or service not known',))
'NoneType' object has no attribute 'find_all'
HTTPConnectionPool(host='web.dmi.unict.itcorsi', port=80): Max retries exceeded with url: /l-31 (Caused by NewConnectionError('<urllib3.connection.HTTPConnection object at 0x7f5f0c289630>: Failed to establish a new connection: [Errno -2] Name or service not known',))
HTTPConnectionPool(host='web.dmi.unict.itcorsi', port=80): Max retries exceeded with url: /l-35 (Caused by NewConnectionError('<urllib3.connection.HTTPConnection object at 0x7f5f0c289438>: Failed to establish a new connection: [Errno -2] Name or service not known',))
HTTPConnectionPool(host='web.dmi.unict.itcorsi', port=80): Max retries exceeded with url: /lm-18 (Caused by NewConnectionError('<urllib3.connection.HTTPConnection object at 0x7f5f0c289470>: Failed to establish a new connection: [Errno -2] Name or service not known',))
HTTPConnectionPool(host='web.dmi.unict.itcorsi', port=80): Max retries exceeded with url: /lm-40 (Caused by NewConnectionError('<urllib3.connection.HTTPConnection object at 0x7f5f0c2895f8>: Failed to establish a new connection: [Errno -2] Name or service not known',))
'NoneType' object has no attribute 'find_all'
HTTPConnectionPool(host='www.dieei.unict.itcorsi', port=80): Max retries exceeded with url: /l-8-ele (Caused by NewConnectionError('<urllib3.connection.HTTPConnection object at 0x7f5f0c1515c0>: Failed to establish a new connection: [Errno -2] Name or service not known',))
HTTPConnectionPool(host='www.dieei.unict.itcorsi', port=80): Max retries exceeded with url: /l-9 (Caused by NewConnectionError('<urllib3.connection.HTTPConnection object at 0x7f5f0c151160>: Failed to establish a new connection: [Errno -2] Name or service not known',))
HTTPConnectionPool(host='www.dieei.unict.itcorsi', port=80): Max retries exceeded with url: /l-8-inf (Caused by NewConnectionError('<urllib3.connection.HTTPConnection object at 0x7f5efdfcdef0>: Failed to establish a new connection: [Errno -2] Name or service not known',))
HTTPConnectionPool(host='www.dieei.unict.itcorsi', port=80): Max retries exceeded with url: /lm-25 (Caused by NewConnectionError('<urllib3.connection.HTTPConnection object at 0x7f5f0c2be860>: Failed to establish a new connection: [Errno -2] Name or service not known',))
HTTPConnectionPool(host='www.dieei.unict.itcorsi', port=80): Max retries exceeded with url: /lm-28 (Caused by NewConnectionError('<urllib3.connection.HTTPConnection object at 0x7f5f0c2be588>: Failed to establish a new connection: [Errno -2] Name or service not known',))
HTTPConnectionPool(host='www.dieei.unict.itcorsi', port=80): Max retries exceeded with url: /lm-29 (Caused by NewConnectionError('<urllib3.connection.HTTPConnection object at 0x7f5f0c151b38>: Failed to establish a new connection: [Errno -2] Name or service not known',))
HTTPConnectionPool(host='www.dieei.unict.itcorsi', port=80): Max retries exceeded with url: /lm-27 (Caused by NewConnectionError('<urllib3.connection.HTTPConnection object at 0x7f5f0c151518>: Failed to establish a new connection: [Errno -2] Name or service not known',))
HTTPConnectionPool(host='www.dieei.unict.itcorsi', port=80): Max retries exceeded with url: /lm-32 (Caused by NewConnectionError('<urllib3.connection.HTTPConnection object at 0x7f5f0c151240>: Failed to establish a new connection: [Errno -2] Name or service not known',))
HTTPConnectionPool(host='www.dieei.unict.itcorsi', port=80): Max retries exceeded with url: /l-8-ele (Caused by NewConnectionError('<urllib3.connection.HTTPConnection object at 0x7f5f0c0d9588>: Failed to establish a new connection: [Errno -2] Name or service not known',))
HTTPConnectionPool(host='www.dieei.unict.itcorsi', port=80): Max retries exceeded with url: /l-9 (Caused by NewConnectionError('<urllib3.connection.HTTPConnection object at 0x7f5f0c0d9940>: Failed to establish a new connection: [Errno -2] Name or service not known',))
HTTPConnectionPool(host='www.dieei.unict.itcorsi', port=80): Max retries exceeded with url: /l-8-inf (Caused by NewConnectionError('<urllib3.connection.HTTPConnection object at 0x7f5f0c2be710>: Failed to establish a new connection: [Errno -2] Name or service not known',))
HTTPConnectionPool(host='www.dieei.unict.itcorsi', port=80): Max retries exceeded with url: /lm-25 (Caused by NewConnectionError('<urllib3.connection.HTTPConnection object at 0x7f5f0c2be668>: Failed to establish a new connection: [Errno -2] Name or service not known',))
HTTPConnectionPool(host='www.dieei.unict.itcorsi', port=80): Max retries exceeded with url: /lm-28 (Caused by NewConnectionError('<urllib3.connection.HTTPConnection object at 0x7f5f0c2be198>: Failed to establish a new connection: [Errno -2] Name or service not known',))
HTTPConnectionPool(host='www.dieei.unict.itcorsi', port=80): Max retries exceeded with url: /lm-29 (Caused by NewConnectionError('<urllib3.connection.HTTPConnection object at 0x7f5f0c0d9710>: Failed to establish a new connection: [Errno -2] Name or service not known',))
HTTPConnectionPool(host='www.dieei.unict.itcorsi', port=80): Max retries exceeded with url: /lm-27 (Caused by NewConnectionError('<urllib3.connection.HTTPConnection object at 0x7f5f0c0d9278>: Failed to establish a new connection: [Errno -2] Name or service not known',))
HTTPConnectionPool(host='www.dieei.unict.itcorsi', port=80): Max retries exceeded with url: /lm-32 (Caused by NewConnectionError('<urllib3.connection.HTTPConnection object at 0x7f5f0c0d9710>: Failed to establish a new connection: [Errno -2] Name or service not known',))
HTTPConnectionPool(host='web.dmi.unict.itcorsi', port=80): Max retries exceeded with url: /l-31 (Caused by NewConnectionError('<urllib3.connection.HTTPConnection object at 0x7f39203da4e0>: Failed to establish a new connection: [Errno -2] Name or service not known',))
HTTPConnectionPool(host='web.dmi.unict.itcorsi', port=80): Max retries exceeded with url: /l-35 (Caused by NewConnectionError('<urllib3.connection.HTTPConnection object at 0x7f39203da588>: Failed to establish a new connection: [Errno -2] Name or service not known',))
HTTPConnectionPool(host='web.dmi.unict.itcorsi', port=80): Max retries exceeded with url: /lm-18 (Caused by NewConnectionError('<urllib3.connection.HTTPConnection object at 0x7f39203da240>: Failed to establish a new connection: [Errno -2] Name or service not known',))
HTTPConnectionPool(host='web.dmi.unict.itcorsi', port=80): Max retries exceeded with url: /lm-40 (Caused by NewConnectionError('<urllib3.connection.HTTPConnection object at 0x7f39203da278>: Failed to establish a new connection: [Errno -2] Name or service not known',))
'NoneType' object has no attribute 'find_all'
HTTPConnectionPool(host='web.dmi.unict.itcorsi', port=80): Max retries exceeded with url: /l-31 (Caused by NewConnectionError('<urllib3.connection.HTTPConnection object at 0x7f39203a4be0>: Failed to establish a new connection: [Errno -2] Name or service not known',))
HTTPConnectionPool(host='web.dmi.unict.itcorsi', port=80): Max retries exceeded with url: /l-35 (Caused by NewConnectionError('<urllib3.connection.HTTPConnection object at 0x7f39203a4e10>: Failed to establish a new connection: [Errno -2] Name or service not known',))
HTTPConnectionPool(host='web.dmi.unict.itcorsi', port=80): Max retries exceeded with url: /lm-18 (Caused by NewConnectionError('<urllib3.connection.HTTPConnection object at 0x7f39203a4dd8>: Failed to establish a new connection: [Errno -2] Name or service not known',))
HTTPConnectionPool(host='web.dmi.unict.itcorsi', port=80): Max retries exceeded with url: /lm-40 (Caused by NewConnectionError('<urllib3.connection.HTTPConnection object at 0x7f39203a4cf8>: Failed to establish a new connection: [Errno -2] Name or service not known',))
'NoneType' object has no attribute 'find_all'
HTTPConnectionPool(host='www.dieei.unict.itcorsi', port=80): Max retries exceeded with url: /l-8-ele (Caused by NewConnectionError('<urllib3.connection.HTTPConnection object at 0x7f3920127048>: Failed to establish a new connection: [Errno -2] Name or service not known',))
HTTPConnectionPool(host='www.dieei.unict.itcorsi', port=80): Max retries exceeded with url: /l-9 (Caused by NewConnectionError('<urllib3.connection.HTTPConnection object at 0x7f3920127588>: Failed to establish a new connection: [Errno -2] Name or service not known',))
HTTPConnectionPool(host='www.dieei.unict.itcorsi', port=80): Max retries exceeded with url: /l-8-inf (Caused by NewConnectionError('<urllib3.connection.HTTPConnection object at 0x7f3920430128>: Failed to establish a new connection: [Errno -2] Name or service not known',))
HTTPConnectionPool(host='www.dieei.unict.itcorsi', port=80): Max retries exceeded with url: /lm-25 (Caused by NewConnectionError('<urllib3.connection.HTTPConnection object at 0x7f3920198e48>: Failed to establish a new connection: [Errno -2] Name or service not known',))
HTTPConnectionPool(host='www.dieei.unict.itcorsi', port=80): Max retries exceeded with url: /lm-28 (Caused by NewConnectionError('<urllib3.connection.HTTPConnection object at 0x7f3920127f60>: Failed to establish a new connection: [Errno -2] Name or service not known',))
HTTPConnectionPool(host='www.dieei.unict.itcorsi', port=80): Max retries exceeded with url: /lm-29 (Caused by NewConnectionError('<urllib3.connection.HTTPConnection object at 0x7f3920127a90>: Failed to establish a new connection: [Errno -2] Name or service not known',))
HTTPConnectionPool(host='www.dieei.unict.itcorsi', port=80): Max retries exceeded with url: /lm-27 (Caused by NewConnectionError('<urllib3.connection.HTTPConnection object at 0x7f3920127198>: Failed to establish a new connection: [Errno -2] Name or service not known',))
HTTPConnectionPool(host='www.dieei.unict.itcorsi', port=80): Max retries exceeded with url: /lm-32 (Caused by NewConnectionError('<urllib3.connection.HTTPConnection object at 0x7f3920127f60>: Failed to establish a new connection: [Errno -2] Name or service not known',))
HTTPConnectionPool(host='www.dieei.unict.itcorsi', port=80): Max retries exceeded with url: /l-8-ele (Caused by NewConnectionError('<urllib3.connection.HTTPConnection object at 0x7f39200744e0>: Failed to establish a new connection: [Errno -2] Name or service not known',))
HTTPConnectionPool(host='www.dieei.unict.itcorsi', port=80): Max retries exceeded with url: /l-9 (Caused by NewConnectionError('<urllib3.connection.HTTPConnection object at 0x7f3920074470>: Failed to establish a new connection: [Errno -2] Name or service not known',))
HTTPConnectionPool(host='www.dieei.unict.itcorsi', port=80): Max retries exceeded with url: /l-8-inf (Caused by NewConnectionError('<urllib3.connection.HTTPConnection object at 0x7f39200745c0>: Failed to establish a new connection: [Errno -2] Name or service not known',))
HTTPConnectionPool(host='www.dieei.unict.itcorsi', port=80): Max retries exceeded with url: /lm-25 (Caused by NewConnectionError('<urllib3.connection.HTTPConnection object at 0x7f39200742e8>: Failed to establish a new connection: [Errno -2] Name or service not known',))
HTTPConnectionPool(host='www.dieei.unict.itcorsi', port=80): Max retries exceeded with url: /lm-28 (Caused by NewConnectionError('<urllib3.connection.HTTPConnection object at 0x7f3920074588>: Failed to establish a new connection: [Errno -2] Name or service not known',))
HTTPConnectionPool(host='www.dieei.unict.itcorsi', port=80): Max retries exceeded with url: /lm-29 (Caused by NewConnectionError('<urllib3.connection.HTTPConnection object at 0x7f39200745c0>: Failed to establish a new connection: [Errno -2] Name or service not known',))
HTTPConnectionPool(host='www.dieei.unict.itcorsi', port=80): Max retries exceeded with url: /lm-27 (Caused by NewConnectionError('<urllib3.connection.HTTPConnection object at 0x7f39200744e0>: Failed to establish a new connection: [Errno -2] Name or service not known',))
HTTPConnectionPool(host='www.dieei.unict.itcorsi', port=80): Max retries exceeded with url: /lm-32 (Caused by NewConnectionError('<urllib3.connection.HTTPConnection object at 0x7f39200745c0>: Failed to establish a new connection: [Errno -2] Name or service not known',))
HTTPConnectionPool(host='web.dmi.unict.itcorsi', port=80): Max retries exceeded with url: /l-31 (Caused by NewConnectionError('<urllib3.connection.HTTPConnection object at 0x7f0aa81bf320>: Failed to establish a new connection: [Errno -2] Name or service not known',))
HTTPConnectionPool(host='web.dmi.unict.itcorsi', port=80): Max retries exceeded with url: /l-35 (Caused by NewConnectionError('<urllib3.connection.HTTPConnection object at 0x7f0aa81bf390>: Failed to establish a new connection: [Errno -2] Name or service not known',))
HTTPConnectionPool(host='web.dmi.unict.itcorsi', port=80): Max retries exceeded with url: /lm-18 (Caused by NewConnectionError('<urllib3.connection.HTTPConnection object at 0x7f0aa81bf2e8>: Failed to establish a new connection: [Errno -2] Name or service not known',))
HTTPConnectionPool(host='web.dmi.unict.itcorsi', port=80): Max retries exceeded with url: /lm-40 (Caused by NewConnectionError('<urllib3.connection.HTTPConnection object at 0x7f0aa81bf320>: Failed to establish a new connection: [Errno -2] Name or service not known',))
'NoneType' object has no attribute 'find_all'
HTTPConnectionPool(host='web.dmi.unict.itcorsi', port=80): Max retries exceeded with url: /l-31 (Caused by NewConnectionError('<urllib3.connection.HTTPConnection object at 0x7f0aa818c5f8>: Failed to establish a new connection: [Errno -2] Name or service not known',))
HTTPConnectionPool(host='web.dmi.unict.itcorsi', port=80): Max retries exceeded with url: /l-35 (Caused by NewConnectionError('<urllib3.connection.HTTPConnection object at 0x7f0aa818c400>: Failed to establish a new connection: [Errno -2] Name or service not known',))
HTTPConnectionPool(host='web.dmi.unict.itcorsi', port=80): Max retries exceeded with url: /lm-18 (Caused by NewConnectionError('<urllib3.connection.HTTPConnection object at 0x7f0aa818c438>: Failed to establish a new connection: [Errno -2] Name or service not known',))
HTTPConnectionPool(host='web.dmi.unict.itcorsi', port=80): Max retries exceeded with url: /lm-40 (Caused by NewConnectionError('<urllib3.connection.HTTPConnection object at 0x7f0aa818c5c0>: Failed to establish a new connection: [Errno -2] Name or service not known',))
'NoneType' object has no attribute 'find_all'
HTTPConnectionPool(host='www.dieei.unict.itcorsi', port=80): Max retries exceeded with url: /l-8-ele (Caused by NewConnectionError('<urllib3.connection.HTTPConnection object at 0x7f0aa8179eb8>: Failed to establish a new connection: [Errno -2] Name or service not known',))
HTTPConnectionPool(host='www.dieei.unict.itcorsi', port=80): Max retries exceeded with url: /l-9 (Caused by NewConnectionError('<urllib3.connection.HTTPConnection object at 0x7f0aa8179470>: Failed to establish a new connection: [Errno -2] Name or service not known',))
HTTPConnectionPool(host='www.dieei.unict.itcorsi', port=80): Max retries exceeded with url: /l-8-inf (Caused by NewConnectionError('<urllib3.connection.HTTPConnection object at 0x7f0aa81db7f0>: Failed to establish a new connection: [Errno -2] Name or service not known',))
HTTPConnectionPool(host='www.dieei.unict.itcorsi', port=80): Max retries exceeded with url: /lm-25 (Caused by NewConnectionError('<urllib3.connection.HTTPConnection object at 0x7f0aa80355f8>: Failed to establish a new connection: [Errno -2] Name or service not known',))
HTTPConnectionPool(host='www.dieei.unict.itcorsi', port=80): Max retries exceeded with url: /lm-28 (Caused by NewConnectionError('<urllib3.connection.HTTPConnection object at 0x7f0aa8179ac8>: Failed to establish a new connection: [Errno -2] Name or service not known',))
HTTPConnectionPool(host='www.dieei.unict.itcorsi', port=80): Max retries exceeded with url: /lm-29 (Caused by NewConnectionError('<urllib3.connection.HTTPConnection object at 0x7f0aa81795f8>: Failed to establish a new connection: [Errno -2] Name or service not known',))
HTTPConnectionPool(host='www.dieei.unict.itcorsi', port=80): Max retries exceeded with url: /lm-27 (Caused by NewConnectionError('<urllib3.connection.HTTPConnection object at 0x7f0aa81794a8>: Failed to establish a new connection: [Errno -2] Name or service not known',))
HTTPConnectionPool(host='www.dieei.unict.itcorsi', port=80): Max retries exceeded with url: /lm-32 (Caused by NewConnectionError('<urllib3.connection.HTTPConnection object at 0x7f0aa8179ac8>: Failed to establish a new connection: [Errno -2] Name or service not known',))
HTTPConnectionPool(host='www.dieei.unict.itcorsi', port=80): Max retries exceeded with url: /l-8-ele (Caused by NewConnectionError('<urllib3.connection.HTTPConnection object at 0x7f0aa0d4b8d0>: Failed to establish a new connection: [Errno -2] Name or service not known',))
HTTPConnectionPool(host='www.dieei.unict.itcorsi', port=80): Max retries exceeded with url: /l-9 (Caused by NewConnectionError('<urllib3.connection.HTTPConnection object at 0x7f0aa0d4b358>: Failed to establish a new connection: [Errno -2] Name or service not known',))
HTTPConnectionPool(host='www.dieei.unict.itcorsi', port=80): Max retries exceeded with url: /l-8-inf (Caused by NewConnectionError('<urllib3.connection.HTTPConnection object at 0x7f0aa0d4b0f0>: Failed to establish a new connection: [Errno -2] Name or service not known',))
HTTPConnectionPool(host='www.dieei.unict.itcorsi', port=80): Max retries exceeded with url: /lm-25 (Caused by NewConnectionError('<urllib3.connection.HTTPConnection object at 0x7f0aa0d4b588>: Failed to establish a new connection: [Errno -2] Name or service not known',))
HTTPConnectionPool(host='www.dieei.unict.itcorsi', port=80): Max retries exceeded with url: /lm-28 (Caused by NewConnectionError('<urllib3.connection.HTTPConnection object at 0x7f0aa0d4b630>: Failed to establish a new connection: [Errno -2] Name or service not known',))
HTTPConnectionPool(host='www.dieei.unict.itcorsi', port=80): Max retries exceeded with url: /lm-29 (Caused by NewConnectionError('<urllib3.connection.HTTPConnection object at 0x7f0aa0d4b0f0>: Failed to establish a new connection: [Errno -2] Name or service not known',))
HTTPConnectionPool(host='www.dieei.unict.itcorsi', port=80): Max retries exceeded with url: /lm-27 (Caused by NewConnectionError('<urllib3.connection.HTTPConnection object at 0x7f0aa0d4b940>: Failed to establish a new connection: [Errno -2] Name or service not known',))
HTTPConnectionPool(host='www.dieei.unict.itcorsi', port=80): Max retries exceeded with url: /lm-32 (Caused by NewConnectionError('<urllib3.connection.HTTPConnection object at 0x7f0aa0d4b0f0>: Failed to establish a new connection: [Errno -2] Name or service not known',))
HTTPConnectionPool(host='web.dmi.unict.itcorsi', port=80): Max retries exceeded with url: /l-31 (Caused by NewConnectionError('<urllib3.connection.HTTPConnection object at 0x7f05ec2a64e0>: Failed to establish a new connection: [Errno -2] Name or service not known',))
HTTPConnectionPool(host='web.dmi.unict.itcorsi', port=80): Max retries exceeded with url: /l-35 (Caused by NewConnectionError('<urllib3.connection.HTTPConnection object at 0x7f05ec2a6470>: Failed to establish a new connection: [Errno -2] Name or service not known',))
HTTPConnectionPool(host='web.dmi.unict.itcorsi', port=80): Max retries exceeded with url: /lm-18 (Caused by NewConnectionError('<urllib3.connection.HTTPConnection object at 0x7f05ec2a64e0>: Failed to establish a new connection: [Errno -2] Name or service not known',))
HTTPConnectionPool(host='web.dmi.unict.itcorsi', port=80): Max retries exceeded with url: /lm-40 (Caused by NewConnectionError('<urllib3.connection.HTTPConnection object at 0x7f05ec2a6518>: Failed to establish a new connection: [Errno -2] Name or service not known',))
'NoneType' object has no attribute 'find_all'
HTTPConnectionPool(host='web.dmi.unict.itcorsi', port=80): Max retries exceeded with url: /l-31 (Caused by NewConnectionError('<urllib3.connection.HTTPConnection object at 0x7f05ec25a630>: Failed to establish a new connection: [Errno -2] Name or service not known',))
HTTPConnectionPool(host='web.dmi.unict.itcorsi', port=80): Max retries exceeded with url: /l-35 (Caused by NewConnectionError('<urllib3.connection.HTTPConnection object at 0x7f05ec25a438>: Failed to establish a new connection: [Errno -2] Name or service not known',))
HTTPConnectionPool(host='web.dmi.unict.itcorsi', port=80): Max retries exceeded with url: /lm-18 (Caused by NewConnectionError('<urllib3.connection.HTTPConnection object at 0x7f05ec25a470>: Failed to establish a new connection: [Errno -2] Name or service not known',))
HTTPConnectionPool(host='web.dmi.unict.itcorsi', port=80): Max retries exceeded with url: /lm-40 (Caused by NewConnectionError('<urllib3.connection.HTTPConnection object at 0x7f05ec25a5f8>: Failed to establish a new connection: [Errno -2] Name or service not known',))
'NoneType' object has no attribute 'find_all'
HTTPConnectionPool(host='www.dieei.unict.itcorsi', port=80): Max retries exceeded with url: /l-8-ele (Caused by NewConnectionError('<urllib3.connection.HTTPConnection object at 0x7f05ec02c978>: Failed to establish a new connection: [Errno -2] Name or service not known',))
HTTPConnectionPool(host='www.dieei.unict.itcorsi', port=80): Max retries exceeded with url: /l-9 (Caused by NewConnectionError('<urllib3.connection.HTTPConnection object at 0x7f05ec02ce10>: Failed to establish a new connection: [Errno -2] Name or service not known',))
HTTPConnectionPool(host='www.dieei.unict.itcorsi', port=80): Max retries exceeded with url: /l-8-inf (Caused by NewConnectionError('<urllib3.connection.HTTPConnection object at 0x7f05ee9fb208>: Failed to establish a new connection: [Errno -2] Name or service not known',))
HTTPConnectionPool(host='www.dieei.unict.itcorsi', port=80): Max retries exceeded with url: /lm-25 (Caused by NewConnectionError('<urllib3.connection.HTTPConnection object at 0x7f05ec0f1978>: Failed to establish a new connection: [Errno -2] Name or service not known',))
HTTPConnectionPool(host='www.dieei.unict.itcorsi', port=80): Max retries exceeded with url: /lm-28 (Caused by NewConnectionError('<urllib3.connection.HTTPConnection object at 0x7f05ec02c1d0>: Failed to establish a new connection: [Errno -2] Name or service not known',))
HTTPConnectionPool(host='www.dieei.unict.itcorsi', port=80): Max retries exceeded with url: /lm-29 (Caused by NewConnectionError('<urllib3.connection.HTTPConnection object at 0x7f05ec02c240>: Failed to establish a new connection: [Errno -2] Name or service not known',))
HTTPConnectionPool(host='www.dieei.unict.itcorsi', port=80): Max retries exceeded with url: /lm-27 (Caused by NewConnectionError('<urllib3.connection.HTTPConnection object at 0x7f05ec02c2b0>: Failed to establish a new connection: [Errno -2] Name or service not known',))
HTTPConnectionPool(host='www.dieei.unict.itcorsi', port=80): Max retries exceeded with url: /lm-32 (Caused by NewConnectionError('<urllib3.connection.HTTPConnection object at 0x7f05ec02c128>: Failed to establish a new connection: [Errno -2] Name or service not known',))
HTTPConnectionPool(host='www.dieei.unict.itcorsi', port=80): Max retries exceeded with url: /l-8-ele (Caused by NewConnectionError('<urllib3.connection.HTTPConnection object at 0x7f05ddf195c0>: Failed to establish a new connection: [Errno -2] Name or service not known',))
HTTPConnectionPool(host='www.dieei.unict.itcorsi', port=80): Max retries exceeded with url: /l-9 (Caused by NewConnectionError('<urllib3.connection.HTTPConnection object at 0x7f05ddf19588>: Failed to establish a new connection: [Errno -2] Name or service not known',))
HTTPConnectionPool(host='www.dieei.unict.itcorsi', port=80): Max retries exceeded with url: /l-8-inf (Caused by NewConnectionError('<urllib3.connection.HTTPConnection object at 0x7f05ec0f18d0>: Failed to establish a new connection: [Errno -2] Name or service not known',))
HTTPConnectionPool(host='www.dieei.unict.itcorsi', port=80): Max retries exceeded with url: /lm-25 (Caused by NewConnectionError('<urllib3.connection.HTTPConnection object at 0x7f05ec0f1898>: Failed to establish a new connection: [Errno -2] Name or service not known',))
HTTPConnectionPool(host='www.dieei.unict.itcorsi', port=80): Max retries exceeded with url: /lm-28 (Caused by NewConnectionError('<urllib3.connection.HTTPConnection object at 0x7f05ec0f1978>: Failed to establish a new connection: [Errno -2] Name or service not known',))
HTTPConnectionPool(host='www.dieei.unict.itcorsi', port=80): Max retries exceeded with url: /lm-29 (Caused by NewConnectionError('<urllib3.connection.HTTPConnection object at 0x7f05ddf19860>: Failed to establish a new connection: [Errno -2] Name or service not known',))
HTTPConnectionPool(host='www.dieei.unict.itcorsi', port=80): Max retries exceeded with url: /lm-27 (Caused by NewConnectionError('<urllib3.connection.HTTPConnection object at 0x7f05ddf19828>: Failed to establish a new connection: [Errno -2] Name or service not known',))
HTTPConnectionPool(host='www.dieei.unict.itcorsi', port=80): Max retries exceeded with url: /lm-32 (Caused by NewConnectionError('<urllib3.connection.HTTPConnection object at 0x7f05ddf19860>: Failed to establish a new connection: [Errno -2] Name or service not known',))
HTTPConnectionPool(host='web.dmi.unict.itcorsi', port=80): Max retries exceeded with url: /l-31 (Caused by NewConnectionError('<urllib3.connection.HTTPConnection object at 0x7f9c50dbd518>: Failed to establish a new connection: [Errno -2] Name or service not known',))
HTTPConnectionPool(host='web.dmi.unict.itcorsi', port=80): Max retries exceeded with url: /l-35 (Caused by NewConnectionError('<urllib3.connection.HTTPConnection object at 0x7f9c50dbd5c0>: Failed to establish a new connection: [Errno -2] Name or service not known',))
HTTPConnectionPool(host='web.dmi.unict.itcorsi', port=80): Max retries exceeded with url: /lm-18 (Caused by NewConnectionError('<urllib3.connection.HTTPConnection object at 0x7f9c50dbd278>: Failed to establish a new connection: [Errno -2] Name or service not known',))
HTTPConnectionPool(host='web.dmi.unict.itcorsi', port=80): Max retries exceeded with url: /lm-40 (Caused by NewConnectionError('<urllib3.connection.HTTPConnection object at 0x7f9c50dbd2b0>: Failed to establish a new connection: [Errno -2] Name or service not known',))
'NoneType' object has no attribute 'find_all'
HTTPConnectionPool(host='web.dmi.unict.itcorsi', port=80): Max retries exceeded with url: /l-31 (Caused by NewConnectionError('<urllib3.connection.HTTPConnection object at 0x7f9c50d7d668>: Failed to establish a new connection: [Errno -2] Name or service not known',))
HTTPConnectionPool(host='web.dmi.unict.itcorsi', port=80): Max retries exceeded with url: /l-35 (Caused by NewConnectionError('<urllib3.connection.HTTPConnection object at 0x7f9c50d7d470>: Failed to establish a new connection: [Errno -2] Name or service not known',))
HTTPConnectionPool(host='web.dmi.unict.itcorsi', port=80): Max retries exceeded with url: /lm-18 (Caused by NewConnectionError('<urllib3.connection.HTTPConnection object at 0x7f9c50d7d4a8>: Failed to establish a new connection: [Errno -2] Name or service not known',))
HTTPConnectionPool(host='web.dmi.unict.itcorsi', port=80): Max retries exceeded with url: /lm-40 (Caused by NewConnectionError('<urllib3.connection.HTTPConnection object at 0x7f9c50d7d630>: Failed to establish a new connection: [Errno -2] Name or service not known',))
'NoneType' object has no attribute 'find_all'
HTTPConnectionPool(host='www.dieei.unict.itcorsi', port=80): Max retries exceeded with url: /l-8-ele (Caused by NewConnectionError('<urllib3.connection.HTTPConnection object at 0x7f9c50ce4978>: Failed to establish a new connection: [Errno -2] Name or service not known',))
HTTPConnectionPool(host='www.dieei.unict.itcorsi', port=80): Max retries exceeded with url: /l-9 (Caused by NewConnectionError('<urllib3.connection.HTTPConnection object at 0x7f9c50ce4e80>: Failed to establish a new connection: [Errno -2] Name or service not known',))
HTTPConnectionPool(host='www.dieei.unict.itcorsi', port=80): Max retries exceeded with url: /l-8-inf (Caused by NewConnectionError('<urllib3.connection.HTTPConnection object at 0x7f9c50d40240>: Failed to establish a new connection: [Errno -2] Name or service not known',))
HTTPConnectionPool(host='www.dieei.unict.itcorsi', port=80): Max retries exceeded with url: /lm-25 (Caused by NewConnectionError('<urllib3.connection.HTTPConnection object at 0x7f9c50a970f0>: Failed to establish a new connection: [Errno -2] Name or service not known',))
HTTPConnectionPool(host='www.dieei.unict.itcorsi', port=80): Max retries exceeded with url: /lm-28 (Caused by NewConnectionError('<urllib3.connection.HTTPConnection object at 0x7f9c50a97eb8>: Failed to establish a new connection: [Errno -2] Name or service not known',))
HTTPConnectionPool(host='www.dieei.unict.itcorsi', port=80): Max retries exceeded with url: /lm-29 (Caused by NewConnectionError('<urllib3.connection.HTTPConnection object at 0x7f9c50ce4550>: Failed to establish a new connection: [Errno -2] Name or service not known',))
HTTPConnectionPool(host='www.dieei.unict.itcorsi', port=80): Max retries exceeded with url: /lm-27 (Caused by NewConnectionError('<urllib3.connection.HTTPConnection object at 0x7f9c50ce4a20>: Failed to establish a new connection: [Errno -2] Name or service not known',))
HTTPConnectionPool(host='www.dieei.unict.itcorsi', port=80): Max retries exceeded with url: /lm-32 (Caused by NewConnectionError('<urllib3.connection.HTTPConnection object at 0x7f9c50ce4320>: Failed to establish a new connection: [Errno -2] Name or service not known',))
HTTPConnectionPool(host='www.dieei.unict.itcorsi', port=80): Max retries exceeded with url: /l-8-ele (Caused by NewConnectionError('<urllib3.connection.HTTPConnection object at 0x7f9c50a97cc0>: Failed to establish a new connection: [Errno -2] Name or service not known',))
HTTPConnectionPool(host='www.dieei.unict.itcorsi', port=80): Max retries exceeded with url: /l-9 (Caused by NewConnectionError('<urllib3.connection.HTTPConnection object at 0x7f9c50a97cf8>: Failed to establish a new connection: [Errno -2] Name or service not known',))
HTTPConnectionPool(host='www.dieei.unict.itcorsi', port=80): Max retries exceeded with url: /l-8-inf (Caused by NewConnectionError('<urllib3.connection.HTTPConnection object at 0x7f9c50baf358>: Failed to establish a new connection: [Errno -2] Name or service not known',))
HTTPConnectionPool(host='www.dieei.unict.itcorsi', port=80): Max retries exceeded with url: /lm-25 (Caused by NewConnectionError('<urllib3.connection.HTTPConnection object at 0x7f9c50baf0b8>: Failed to establish a new connection: [Errno -2] Name or service not known',))
HTTPConnectionPool(host='www.dieei.unict.itcorsi', port=80): Max retries exceeded with url: /lm-28 (Caused by NewConnectionError('<urllib3.connection.HTTPConnection object at 0x7f9c50baf9b0>: Failed to establish a new connection: [Errno -2] Name or service not known',))
HTTPConnectionPool(host='www.dieei.unict.itcorsi', port=80): Max retries exceeded with url: /lm-29 (Caused by NewConnectionError('<urllib3.connection.HTTPConnection object at 0x7f9c50baf438>: Failed to establish a new connection: [Errno -2] Name or service not known',))
HTTPConnectionPool(host='www.dieei.unict.itcorsi', port=80): Max retries exceeded with url: /lm-27 (Caused by NewConnectionError('<urllib3.connection.HTTPConnection object at 0x7f9c50baf4a8>: Failed to establish a new connection: [Errno -2] Name or service not known',))
HTTPConnectionPool(host='www.dieei.unict.itcorsi', port=80): Max retries exceeded with url: /lm-32 (Caused by NewConnectionError('<urllib3.connection.HTTPConnection object at 0x7f9c50baf518>: Failed to establish a new connection: [Errno -2] Name or service not known',))
HTTPConnectionPool(host='web.dmi.unict.itcorsi', port=80): Max retries exceeded with url: /l-31 (Caused by NewConnectionError('<urllib3.connection.HTTPConnection object at 0x7f64ac64e320>: Failed to establish a new connection: [Errno -2] Name or service not known',))
HTTPConnectionPool(host='web.dmi.unict.itcorsi', port=80): Max retries exceeded with url: /l-35 (Caused by NewConnectionError('<urllib3.connection.HTTPConnection object at 0x7f64ac64e390>: Failed to establish a new connection: [Errno -2] Name or service not known',))
HTTPConnectionPool(host='web.dmi.unict.itcorsi', port=80): Max retries exceeded with url: /lm-18 (Caused by NewConnectionError('<urllib3.connection.HTTPConnection object at 0x7f64ac64e2e8>: Failed to establish a new connection: [Errno -2] Name or service not known',))
HTTPConnectionPool(host='web.dmi.unict.itcorsi', port=80): Max retries exceeded with url: /lm-40 (Caused by NewConnectionError('<urllib3.connection.HTTPConnection object at 0x7f64ac64e320>: Failed to establish a new connection: [Errno -2] Name or service not known',))
'NoneType' object has no attribute 'find_all'
HTTPConnectionPool(host='web.dmi.unict.itcorsi', port=80): Max retries exceeded with url: /l-31 (Caused by NewConnectionError('<urllib3.connection.HTTPConnection object at 0x7f64ac61b630>: Failed to establish a new connection: [Errno -2] Name or service not known',))
HTTPConnectionPool(host='web.dmi.unict.itcorsi', port=80): Max retries exceeded with url: /l-35 (Caused by NewConnectionError('<urllib3.connection.HTTPConnection object at 0x7f64ac61b438>: Failed to establish a new connection: [Errno -2] Name or service not known',))
HTTPConnectionPool(host='web.dmi.unict.itcorsi', port=80): Max retries exceeded with url: /lm-18 (Caused by NewConnectionError('<urllib3.connection.HTTPConnection object at 0x7f64ac61b470>: Failed to establish a new connection: [Errno -2] Name or service not known',))
HTTPConnectionPool(host='web.dmi.unict.itcorsi', port=80): Max retries exceeded with url: /lm-40 (Caused by NewConnectionError('<urllib3.connection.HTTPConnection object at 0x7f64ac61b5f8>: Failed to establish a new connection: [Errno -2] Name or service not known',))
'NoneType' object has no attribute 'find_all'
HTTPConnectionPool(host='www.dieei.unict.itcorsi', port=80): Max retries exceeded with url: /l-8-ele (Caused by NewConnectionError('<urllib3.connection.HTTPConnection object at 0x7f64ac679be0>: Failed to establish a new connection: [Errno -2] Name or service not known',))
HTTPConnectionPool(host='www.dieei.unict.itcorsi', port=80): Max retries exceeded with url: /l-9 (Caused by NewConnectionError('<urllib3.connection.HTTPConnection object at 0x7f64ac679860>: Failed to establish a new connection: [Errno -2] Name or service not known',))
HTTPConnectionPool(host='www.dieei.unict.itcorsi', port=80): Max retries exceeded with url: /l-8-inf (Caused by NewConnectionError('<urllib3.connection.HTTPConnection object at 0x7f64ac278438>: Failed to establish a new connection: [Errno -2] Name or service not known',))
HTTPConnectionPool(host='www.dieei.unict.itcorsi', port=80): Max retries exceeded with url: /lm-25 (Caused by NewConnectionError('<urllib3.connection.HTTPConnection object at 0x7f64ac600f28>: Failed to establish a new connection: [Errno -2] Name or service not known',))
HTTPConnectionPool(host='www.dieei.unict.itcorsi', port=80): Max retries exceeded with url: /lm-28 (Caused by NewConnectionError('<urllib3.connection.HTTPConnection object at 0x7f64ac679860>: Failed to establish a new connection: [Errno -2] Name or service not known',))
HTTPConnectionPool(host='www.dieei.unict.itcorsi', port=80): Max retries exceeded with url: /lm-29 (Caused by NewConnectionError('<urllib3.connection.HTTPConnection object at 0x7f64ac679a90>: Failed to establish a new connection: [Errno -2] Name or service not known',))
HTTPConnectionPool(host='www.dieei.unict.itcorsi', port=80): Max retries exceeded with url: /lm-27 (Caused by NewConnectionError('<urllib3.connection.HTTPConnection object at 0x7f64ac679e48>: Failed to establish a new connection: [Errno -2] Name or service not known',))
HTTPConnectionPool(host='www.dieei.unict.itcorsi', port=80): Max retries exceeded with url: /lm-32 (Caused by NewConnectionError('<urllib3.connection.HTTPConnection object at 0x7f64ac679860>: Failed to establish a new connection: [Errno -2] Name or service not known',))
HTTPConnectionPool(host='www.dieei.unict.itcorsi', port=80): Max retries exceeded with url: /l-8-ele (Caused by NewConnectionError('<urllib3.connection.HTTPConnection object at 0x7f64ac2e9630>: Failed to establish a new connection: [Errno -2] Name or service not known',))
HTTPConnectionPool(host='www.dieei.unict.itcorsi', port=80): Max retries exceeded with url: /l-9 (Caused by NewConnectionError('<urllib3.connection.HTTPConnection object at 0x7f64ac2e9438>: Failed to establish a new connection: [Errno -2] Name or service not known',))
HTTPConnectionPool(host='www.dieei.unict.itcorsi', port=80): Max retries exceeded with url: /l-8-inf (Caused by NewConnectionError('<urllib3.connection.HTTPConnection object at 0x7f64ac2e92e8>: Failed to establish a new connection: [Errno -2] Name or service not known',))
HTTPConnectionPool(host='www.dieei.unict.itcorsi', port=80): Max retries exceeded with url: /lm-25 (Caused by NewConnectionError('<urllib3.connection.HTTPConnection object at 0x7f64ac2e9518>: Failed to establish a new connection: [Errno -2] Name or service not known',))
HTTPConnectionPool(host='www.dieei.unict.itcorsi', port=80): Max retries exceeded with url: /lm-28 (Caused by NewConnectionError('<urllib3.connection.HTTPConnection object at 0x7f64ac2e92e8>: Failed to establish a new connection: [Errno -2] Name or service not known',))
HTTPConnectionPool(host='www.dieei.unict.itcorsi', port=80): Max retries exceeded with url: /lm-29 (Caused by NewConnectionError('<urllib3.connection.HTTPConnection object at 0x7f64ac2e9518>: Failed to establish a new connection: [Errno -2] Name or service not known',))
HTTPConnectionPool(host='www.dieei.unict.itcorsi', port=80): Max retries exceeded with url: /lm-27 (Caused by NewConnectionError('<urllib3.connection.HTTPConnection object at 0x7f64ac2e92e8>: Failed to establish a new connection: [Errno -2] Name or service not known',))
HTTPConnectionPool(host='www.dieei.unict.itcorsi', port=80): Max retries exceeded with url: /lm-32 (Caused by NewConnectionError('<urllib3.connection.HTTPConnection object at 0x7f64ac2e95c0>: Failed to establish a new connection: [Errno -2] Name or service not known',))
HTTPConnectionPool(host='web.dmi.unict.itcorsi', port=80): Max retries exceeded with url: /l-31 (Caused by NewConnectionError('<urllib3.connection.HTTPConnection object at 0x7f7e101c4320>: Failed to establish a new connection: [Errno -2] Name or service not known',))
HTTPConnectionPool(host='web.dmi.unict.itcorsi', port=80): Max retries exceeded with url: /l-35 (Caused by NewConnectionError('<urllib3.connection.HTTPConnection object at 0x7f7e101c4390>: Failed to establish a new connection: [Errno -2] Name or service not known',))
HTTPConnectionPool(host='web.dmi.unict.itcorsi', port=80): Max retries exceeded with url: /lm-18 (Caused by NewConnectionError('<urllib3.connection.HTTPConnection object at 0x7f7e101c42e8>: Failed to establish a new connection: [Errno -2] Name or service not known',))
HTTPConnectionPool(host='web.dmi.unict.itcorsi', port=80): Max retries exceeded with url: /lm-40 (Caused by NewConnectionError('<urllib3.connection.HTTPConnection object at 0x7f7e101c4320>: Failed to establish a new connection: [Errno -2] Name or service not known',))
'NoneType' object has no attribute 'find_all'
HTTPConnectionPool(host='web.dmi.unict.itcorsi', port=80): Max retries exceeded with url: /l-31 (Caused by NewConnectionError('<urllib3.connection.HTTPConnection object at 0x7f7e101795f8>: Failed to establish a new connection: [Errno -2] Name or service not known',))
HTTPConnectionPool(host='web.dmi.unict.itcorsi', port=80): Max retries exceeded with url: /l-35 (Caused by NewConnectionError('<urllib3.connection.HTTPConnection object at 0x7f7e10179400>: Failed to establish a new connection: [Errno -2] Name or service not known',))
HTTPConnectionPool(host='web.dmi.unict.itcorsi', port=80): Max retries exceeded with url: /lm-18 (Caused by NewConnectionError('<urllib3.connection.HTTPConnection object at 0x7f7e10179438>: Failed to establish a new connection: [Errno -2] Name or service not known',))
HTTPConnectionPool(host='web.dmi.unict.itcorsi', port=80): Max retries exceeded with url: /lm-40 (Caused by NewConnectionError('<urllib3.connection.HTTPConnection object at 0x7f7e101795c0>: Failed to establish a new connection: [Errno -2] Name or service not known',))
'NoneType' object has no attribute 'find_all'
HTTPConnectionPool(host='www.dieei.unict.itcorsi', port=80): Max retries exceeded with url: /l-8-ele (Caused by NewConnectionError('<urllib3.connection.HTTPConnection object at 0x7f7e08eeb0f0>: Failed to establish a new connection: [Errno -2] Name or service not known',))
HTTPConnectionPool(host='www.dieei.unict.itcorsi', port=80): Max retries exceeded with url: /l-9 (Caused by NewConnectionError('<urllib3.connection.HTTPConnection object at 0x7f7e08eeb240>: Failed to establish a new connection: [Errno -2] Name or service not known',))
HTTPConnectionPool(host='www.dieei.unict.itcorsi', port=80): Max retries exceeded with url: /l-8-inf (Caused by NewConnectionError('<urllib3.connection.HTTPConnection object at 0x7f7e08cd1208>: Failed to establish a new connection: [Errno -2] Name or service not known',))
HTTPConnectionPool(host='www.dieei.unict.itcorsi', port=80): Max retries exceeded with url: /lm-25 (Caused by NewConnectionError('<urllib3.connection.HTTPConnection object at 0x7f7e08d4be80>: Failed to establish a new connection: [Errno -2] Name or service not known',))
HTTPConnectionPool(host='www.dieei.unict.itcorsi', port=80): Max retries exceeded with url: /lm-28 (Caused by NewConnectionError('<urllib3.connection.HTTPConnection object at 0x7f7e08eeb550>: Failed to establish a new connection: [Errno -2] Name or service not known',))
HTTPConnectionPool(host='www.dieei.unict.itcorsi', port=80): Max retries exceeded with url: /lm-29 (Caused by NewConnectionError('<urllib3.connection.HTTPConnection object at 0x7f7e08eeb470>: Failed to establish a new connection: [Errno -2] Name or service not known',))
HTTPConnectionPool(host='www.dieei.unict.itcorsi', port=80): Max retries exceeded with url: /lm-27 (Caused by NewConnectionError('<urllib3.connection.HTTPConnection object at 0x7f7e08eeb048>: Failed to establish a new connection: [Errno -2] Name or service not known',))
HTTPConnectionPool(host='www.dieei.unict.itcorsi', port=80): Max retries exceeded with url: /lm-32 (Caused by NewConnectionError('<urllib3.connection.HTTPConnection object at 0x7f7e08eeb0f0>: Failed to establish a new connection: [Errno -2] Name or service not known',))
HTTPConnectionPool(host='www.dieei.unict.itcorsi', port=80): Max retries exceeded with url: /l-8-ele (Caused by NewConnectionError('<urllib3.connection.HTTPConnection object at 0x7f7e08d4bcc0>: Failed to establish a new connection: [Errno -2] Name or service not known',))
HTTPConnectionPool(host='www.dieei.unict.itcorsi', port=80): Max retries exceeded with url: /l-9 (Caused by NewConnectionError('<urllib3.connection.HTTPConnection object at 0x7f7e08d4b5f8>: Failed to establish a new connection: [Errno -2] Name or service not known',))
HTTPConnectionPool(host='www.dieei.unict.itcorsi', port=80): Max retries exceeded with url: /l-8-inf (Caused by NewConnectionError('<urllib3.connection.HTTPConnection object at 0x7f7e08d4b9b0>: Failed to establish a new connection: [Errno -2] Name or service not known',))
HTTPConnectionPool(host='www.dieei.unict.itcorsi', port=80): Max retries exceeded with url: /lm-25 (Caused by NewConnectionError('<urllib3.connection.HTTPConnection object at 0x7f7e08d4bc18>: Failed to establish a new connection: [Errno -2] Name or service not known',))
HTTPConnectionPool(host='www.dieei.unict.itcorsi', port=80): Max retries exceeded with url: /lm-28 (Caused by NewConnectionError('<urllib3.connection.HTTPConnection object at 0x7f7e08d4b9b0>: Failed to establish a new connection: [Errno -2] Name or service not known',))
HTTPConnectionPool(host='www.dieei.unict.itcorsi', port=80): Max retries exceeded with url: /lm-29 (Caused by NewConnectionError('<urllib3.connection.HTTPConnection object at 0x7f7e08d4bda0>: Failed to establish a new connection: [Errno -2] Name or service not known',))
HTTPConnectionPool(host='www.dieei.unict.itcorsi', port=80): Max retries exceeded with url: /lm-27 (Caused by NewConnectionError('<urllib3.connection.HTTPConnection object at 0x7f7e08d4be80>: Failed to establish a new connection: [Errno -2] Name or service not known',))
HTTPConnectionPool(host='www.dieei.unict.itcorsi', port=80): Max retries exceeded with url: /lm-32 (Caused by NewConnectionError('<urllib3.connection.HTTPConnection object at 0x7f7e08d4bda0>: Failed to establish a new connection: [Errno -2] Name or service not known',))
HTTPConnectionPool(host='web.dmi.unict.itcorsi', port=80): Max retries exceeded with url: /l-31 (Caused by NewConnectionError('<urllib3.connection.HTTPConnection object at 0x7fd690789518>: Failed to establish a new connection: [Errno -2] Name or service not known',))
HTTPConnectionPool(host='web.dmi.unict.itcorsi', port=80): Max retries exceeded with url: /l-35 (Caused by NewConnectionError('<urllib3.connection.HTTPConnection object at 0x7fd6907895c0>: Failed to establish a new connection: [Errno -2] Name or service not known',))
HTTPConnectionPool(host='web.dmi.unict.itcorsi', port=80): Max retries exceeded with url: /lm-18 (Caused by NewConnectionError('<urllib3.connection.HTTPConnection object at 0x7fd690789278>: Failed to establish a new connection: [Errno -2] Name or service not known',))
HTTPConnectionPool(host='web.dmi.unict.itcorsi', port=80): Max retries exceeded with url: /lm-40 (Caused by NewConnectionError('<urllib3.connection.HTTPConnection object at 0x7fd6907892b0>: Failed to establish a new connection: [Errno -2] Name or service not known',))
'NoneType' object has no attribute 'find_all'
HTTPConnectionPool(host='web.dmi.unict.itcorsi', port=80): Max retries exceeded with url: /l-31 (Caused by NewConnectionError('<urllib3.connection.HTTPConnection object at 0x7fd690749668>: Failed to establish a new connection: [Errno -2] Name or service not known',))
HTTPConnectionPool(host='web.dmi.unict.itcorsi', port=80): Max retries exceeded with url: /l-35 (Caused by NewConnectionError('<urllib3.connection.HTTPConnection object at 0x7fd690749470>: Failed to establish a new connection: [Errno -2] Name or service not known',))
HTTPConnectionPool(host='web.dmi.unict.itcorsi', port=80): Max retries exceeded with url: /lm-18 (Caused by NewConnectionError('<urllib3.connection.HTTPConnection object at 0x7fd6907494a8>: Failed to establish a new connection: [Errno -2] Name or service not known',))
HTTPConnectionPool(host='web.dmi.unict.itcorsi', port=80): Max retries exceeded with url: /lm-40 (Caused by NewConnectionError('<urllib3.connection.HTTPConnection object at 0x7fd690749630>: Failed to establish a new connection: [Errno -2] Name or service not known',))
'NoneType' object has no attribute 'find_all'
HTTPConnectionPool(host='www.dieei.unict.itcorsi', port=80): Max retries exceeded with url: /l-8-ele (Caused by NewConnectionError('<urllib3.connection.HTTPConnection object at 0x7fd6903e8ef0>: Failed to establish a new connection: [Errno -2] Name or service not known',))
HTTPConnectionPool(host='www.dieei.unict.itcorsi', port=80): Max retries exceeded with url: /l-9 (Caused by NewConnectionError('<urllib3.connection.HTTPConnection object at 0x7fd6903e8dd8>: Failed to establish a new connection: [Errno -2] Name or service not known',))
HTTPConnectionPool(host='www.dieei.unict.itcorsi', port=80): Max retries exceeded with url: /l-8-inf (Caused by NewConnectionError('<urllib3.connection.HTTPConnection object at 0x7fd6903e8358>: Failed to establish a new connection: [Errno -2] Name or service not known',))
HTTPConnectionPool(host='www.dieei.unict.itcorsi', port=80): Max retries exceeded with url: /lm-25 (Caused by NewConnectionError('<urllib3.connection.HTTPConnection object at 0x7fd6903e8fd0>: Failed to establish a new connection: [Errno -2] Name or service not known',))
HTTPConnectionPool(host='www.dieei.unict.itcorsi', port=80): Max retries exceeded with url: /lm-28 (Caused by NewConnectionError('<urllib3.connection.HTTPConnection object at 0x7fd6903e8c18>: Failed to establish a new connection: [Errno -2] Name or service not known',))
HTTPConnectionPool(host='www.dieei.unict.itcorsi', port=80): Max retries exceeded with url: /lm-29 (Caused by NewConnectionError('<urllib3.connection.HTTPConnection object at 0x7fd6903e86d8>: Failed to establish a new connection: [Errno -2] Name or service not known',))
HTTPConnectionPool(host='www.dieei.unict.itcorsi', port=80): Max retries exceeded with url: /lm-27 (Caused by NewConnectionError('<urllib3.connection.HTTPConnection object at 0x7fd6903e8fd0>: Failed to establish a new connection: [Errno -2] Name or service not known',))
HTTPConnectionPool(host='www.dieei.unict.itcorsi', port=80): Max retries exceeded with url: /lm-32 (Caused by NewConnectionError('<urllib3.connection.HTTPConnection object at 0x7fd6903e8c18>: Failed to establish a new connection: [Errno -2] Name or service not known',))
HTTPConnectionPool(host='www.dieei.unict.itcorsi', port=80): Max retries exceeded with url: /l-8-ele (Caused by NewConnectionError('<urllib3.connection.HTTPConnection object at 0x7fd6902dfe10>: Failed to establish a new connection: [Errno -2] Name or service not known',))
HTTPConnectionPool(host='www.dieei.unict.itcorsi', port=80): Max retries exceeded with url: /l-9 (Caused by NewConnectionError('<urllib3.connection.HTTPConnection object at 0x7fd6903e8d30>: Failed to establish a new connection: [Errno -2] Name or service not known',))
HTTPConnectionPool(host='www.dieei.unict.itcorsi', port=80): Max retries exceeded with url: /l-8-inf (Caused by NewConnectionError('<urllib3.connection.HTTPConnection object at 0x7fd6903e8d30>: Failed to establish a new connection: [Errno -2] Name or service not known',))
HTTPConnectionPool(host='www.dieei.unict.itcorsi', port=80): Max retries exceeded with url: /lm-25 (Caused by NewConnectionError('<urllib3.connection.HTTPConnection object at 0x7fd6903e8208>: Failed to establish a new connection: [Errno -2] Name or service not known',))
HTTPConnectionPool(host='www.dieei.unict.itcorsi', port=80): Max retries exceeded with url: /lm-28 (Caused by NewConnectionError('<urllib3.connection.HTTPConnection object at 0x7fd6903e8630>: Failed to establish a new connection: [Errno -2] Name or service not known',))
HTTPConnectionPool(host='www.dieei.unict.itcorsi', port=80): Max retries exceeded with url: /lm-29 (Caused by NewConnectionError('<urllib3.connection.HTTPConnection object at 0x7fd6903e80f0>: Failed to establish a new connection: [Errno -2] Name or service not known',))
HTTPConnectionPool(host='www.dieei.unict.itcorsi', port=80): Max retries exceeded with url: /lm-27 (Caused by NewConnectionError('<urllib3.connection.HTTPConnection object at 0x7fd6903e8898>: Failed to establish a new connection: [Errno -2] Name or service not known',))
HTTPConnectionPool(host='www.dieei.unict.itcorsi', port=80): Max retries exceeded with url: /lm-32 (Caused by NewConnectionError('<urllib3.connection.HTTPConnection object at 0x7fd6903e8438>: Failed to establish a new connection: [Errno -2] Name or service not known',))
HTTPConnectionPool(host='web.dmi.unict.itcorsi', port=80): Max retries exceeded with url: /l-31 (Caused by NewConnectionError('<urllib3.connection.HTTPConnection object at 0x7f9f3c14d2e8>: Failed to establish a new connection: [Errno -2] Name or service not known',))
HTTPConnectionPool(host='web.dmi.unict.itcorsi', port=80): Max retries exceeded with url: /l-35 (Caused by NewConnectionError('<urllib3.connection.HTTPConnection object at 0x7f9f3c14d358>: Failed to establish a new connection: [Errno -2] Name or service not known',))
HTTPConnectionPool(host='web.dmi.unict.itcorsi', port=80): Max retries exceeded with url: /lm-18 (Caused by NewConnectionError('<urllib3.connection.HTTPConnection object at 0x7f9f3c14d2b0>: Failed to establish a new connection: [Errno -2] Name or service not known',))
HTTPConnectionPool(host='web.dmi.unict.itcorsi', port=80): Max retries exceeded with url: /lm-40 (Caused by NewConnectionError('<urllib3.connection.HTTPConnection object at 0x7f9f3c14d2e8>: Failed to establish a new connection: [Errno -2] Name or service not known',))
'NoneType' object has no attribute 'find_all'
HTTPConnectionPool(host='web.dmi.unict.itcorsi', port=80): Max retries exceeded with url: /l-31 (Caused by NewConnectionError('<urllib3.connection.HTTPConnection object at 0x7f9f3c121c88>: Failed to establish a new connection: [Errno -2] Name or service not known',))
HTTPConnectionPool(host='web.dmi.unict.itcorsi', port=80): Max retries exceeded with url: /l-35 (Caused by NewConnectionError('<urllib3.connection.HTTPConnection object at 0x7f9f3c121e80>: Failed to establish a new connection: [Errno -2] Name or service not known',))
HTTPConnectionPool(host='web.dmi.unict.itcorsi', port=80): Max retries exceeded with url: /lm-18 (Caused by NewConnectionError('<urllib3.connection.HTTPConnection object at 0x7f9f3c121e48>: Failed to establish a new connection: [Errno -2] Name or service not known',))
HTTPConnectionPool(host='web.dmi.unict.itcorsi', port=80): Max retries exceeded with url: /lm-40 (Caused by NewConnectionError('<urllib3.connection.HTTPConnection object at 0x7f9f3c121d68>: Failed to establish a new connection: [Errno -2] Name or service not known',))
'NoneType' object has no attribute 'find_all'
HTTPConnectionPool(host='www.dieei.unict.itcorsi', port=80): Max retries exceeded with url: /l-8-ele (Caused by NewConnectionError('<urllib3.connection.HTTPConnection object at 0x7f9f34fdf3c8>: Failed to establish a new connection: [Errno -2] Name or service not known',))
HTTPConnectionPool(host='www.dieei.unict.itcorsi', port=80): Max retries exceeded with url: /l-9 (Caused by NewConnectionError('<urllib3.connection.HTTPConnection object at 0x7f9f34fdf5c0>: Failed to establish a new connection: [Errno -2] Name or service not known',))
HTTPConnectionPool(host='www.dieei.unict.itcorsi', port=80): Max retries exceeded with url: /l-8-inf (Caused by NewConnectionError('<urllib3.connection.HTTPConnection object at 0x7f9f34fdf358>: Failed to establish a new connection: [Errno -2] Name or service not known',))
HTTPConnectionPool(host='www.dieei.unict.itcorsi', port=80): Max retries exceeded with url: /lm-25 (Caused by NewConnectionError('<urllib3.connection.HTTPConnection object at 0x7f9f34fdf278>: Failed to establish a new connection: [Errno -2] Name or service not known',))
HTTPConnectionPool(host='www.dieei.unict.itcorsi', port=80): Max retries exceeded with url: /lm-28 (Caused by NewConnectionError('<urllib3.connection.HTTPConnection object at 0x7f9f34fdf2b0>: Failed to establish a new connection: [Errno -2] Name or service not known',))
HTTPConnectionPool(host='www.dieei.unict.itcorsi', port=80): Max retries exceeded with url: /lm-29 (Caused by NewConnectionError('<urllib3.connection.HTTPConnection object at 0x7f9f34fdf438>: Failed to establish a new connection: [Errno -2] Name or service not known',))
HTTPConnectionPool(host='www.dieei.unict.itcorsi', port=80): Max retries exceeded with url: /lm-27 (Caused by NewConnectionError('<urllib3.connection.HTTPConnection object at 0x7f9f34fdfcf8>: Failed to establish a new connection: [Errno -2] Name or service not known',))
HTTPConnectionPool(host='www.dieei.unict.itcorsi', port=80): Max retries exceeded with url: /lm-32 (Caused by NewConnectionError('<urllib3.connection.HTTPConnection object at 0x7f9f34fdf2b0>: Failed to establish a new connection: [Errno -2] Name or service not known',))
HTTPConnectionPool(host='www.dieei.unict.itcorsi', port=80): Max retries exceeded with url: /l-8-ele (Caused by NewConnectionError('<urllib3.connection.HTTPConnection object at 0x7f9f3d83ef98>: Failed to establish a new connection: [Errno -2] Name or service not known',))
HTTPConnectionPool(host='www.dieei.unict.itcorsi', port=80): Max retries exceeded with url: /l-9 (Caused by NewConnectionError('<urllib3.connection.HTTPConnection object at 0x7f9f34e3eb38>: Failed to establish a new connection: [Errno -2] Name or service not known',))
HTTPConnectionPool(host='www.dieei.unict.itcorsi', port=80): Max retries exceeded with url: /l-8-inf (Caused by NewConnectionError('<urllib3.connection.HTTPConnection object at 0x7f9f3c044f28>: Failed to establish a new connection: [Errno -2] Name or service not known',))
HTTPConnectionPool(host='www.dieei.unict.itcorsi', port=80): Max retries exceeded with url: /lm-25 (Caused by NewConnectionError('<urllib3.connection.HTTPConnection object at 0x7f9f34fd5f60>: Failed to establish a new connection: [Errno -2] Name or service not known',))
HTTPConnectionPool(host='www.dieei.unict.itcorsi', port=80): Max retries exceeded with url: /lm-28 (Caused by NewConnectionError('<urllib3.connection.HTTPConnection object at 0x7f9f34fdfa90>: Failed to establish a new connection: [Errno -2] Name or service not known',))
HTTPConnectionPool(host='www.dieei.unict.itcorsi', port=80): Max retries exceeded with url: /lm-29 (Caused by NewConnectionError('<urllib3.connection.HTTPConnection object at 0x7f9f34fd5e48>: Failed to establish a new connection: [Errno -2] Name or service not known',))
HTTPConnectionPool(host='www.dieei.unict.itcorsi', port=80): Max retries exceeded with url: /lm-27 (Caused by NewConnectionError('<urllib3.connection.HTTPConnection object at 0x7f9f34fd5e80>: Failed to establish a new connection: [Errno -2] Name or service not known',))
HTTPConnectionPool(host='www.dieei.unict.itcorsi', port=80): Max retries exceeded with url: /lm-32 (Caused by NewConnectionError('<urllib3.connection.HTTPConnection object at 0x7f9f3d83e1d0>: Failed to establish a new connection: [Errno -2] Name or service not known',))
HTTPConnectionPool(host='web.dmi.unict.itcorsi', port=80): Max retries exceeded with url: /l-31 (Caused by NewConnectionError('<urllib3.connection.HTTPConnection object at 0x7f59ec45d4e0>: Failed to establish a new connection: [Errno -2] Name or service not known',))
HTTPConnectionPool(host='web.dmi.unict.itcorsi', port=80): Max retries exceeded with url: /l-35 (Caused by NewConnectionError('<urllib3.connection.HTTPConnection object at 0x7f59ec45d588>: Failed to establish a new connection: [Errno -2] Name or service not known',))
HTTPConnectionPool(host='web.dmi.unict.itcorsi', port=80): Max retries exceeded with url: /lm-18 (Caused by NewConnectionError('<urllib3.connection.HTTPConnection object at 0x7f59ec45d240>: Failed to establish a new connection: [Errno -2] Name or service not known',))
HTTPConnectionPool(host='web.dmi.unict.itcorsi', port=80): Max retries exceeded with url: /lm-40 (Caused by NewConnectionError('<urllib3.connection.HTTPConnection object at 0x7f59ec45d278>: Failed to establish a new connection: [Errno -2] Name or service not known',))
'NoneType' object has no attribute 'find_all'
HTTPConnectionPool(host='web.dmi.unict.itcorsi', port=80): Max retries exceeded with url: /l-31 (Caused by NewConnectionError('<urllib3.connection.HTTPConnection object at 0x7f59ec41e668>: Failed to establish a new connection: [Errno -2] Name or service not known',))
HTTPConnectionPool(host='web.dmi.unict.itcorsi', port=80): Max retries exceeded with url: /l-35 (Caused by NewConnectionError('<urllib3.connection.HTTPConnection object at 0x7f59ec41e470>: Failed to establish a new connection: [Errno -2] Name or service not known',))
HTTPConnectionPool(host='web.dmi.unict.itcorsi', port=80): Max retries exceeded with url: /lm-18 (Caused by NewConnectionError('<urllib3.connection.HTTPConnection object at 0x7f59ec41e4a8>: Failed to establish a new connection: [Errno -2] Name or service not known',))
HTTPConnectionPool(host='web.dmi.unict.itcorsi', port=80): Max retries exceeded with url: /lm-40 (Caused by NewConnectionError('<urllib3.connection.HTTPConnection object at 0x7f59ec41e630>: Failed to establish a new connection: [Errno -2] Name or service not known',))
'NoneType' object has no attribute 'find_all'
HTTPConnectionPool(host='www.dieei.unict.itcorsi', port=80): Max retries exceeded with url: /l-8-ele (Caused by NewConnectionError('<urllib3.connection.HTTPConnection object at 0x7f59ec28c198>: Failed to establish a new connection: [Errno -2] Name or service not known',))
HTTPConnectionPool(host='www.dieei.unict.itcorsi', port=80): Max retries exceeded with url: /l-9 (Caused by NewConnectionError('<urllib3.connection.HTTPConnection object at 0x7f59ec3e7978>: Failed to establish a new connection: [Errno -2] Name or service not known',))
HTTPConnectionPool(host='www.dieei.unict.itcorsi', port=80): Max retries exceeded with url: /l-8-inf (Caused by NewConnectionError('<urllib3.connection.HTTPConnection object at 0x7f59ec3e7f60>: Failed to establish a new connection: [Errno -2] Name or service not known',))
HTTPConnectionPool(host='www.dieei.unict.itcorsi', port=80): Max retries exceeded with url: /lm-25 (Caused by NewConnectionError('<urllib3.connection.HTTPConnection object at 0x7f59ec28c080>: Failed to establish a new connection: [Errno -2] Name or service not known',))
HTTPConnectionPool(host='www.dieei.unict.itcorsi', port=80): Max retries exceeded with url: /lm-28 (Caused by NewConnectionError('<urllib3.connection.HTTPConnection object at 0x7f59ec42ca90>: Failed to establish a new connection: [Errno -2] Name or service not known',))
HTTPConnectionPool(host='www.dieei.unict.itcorsi', port=80): Max retries exceeded with url: /lm-29 (Caused by NewConnectionError('<urllib3.connection.HTTPConnection object at 0x7f59ec1e4550>: Failed to establish a new connection: [Errno -2] Name or service not known',))
HTTPConnectionPool(host='www.dieei.unict.itcorsi', port=80): Max retries exceeded with url: /lm-27 (Caused by NewConnectionError('<urllib3.connection.HTTPConnection object at 0x7f59ec047c18>: Failed to establish a new connection: [Errno -2] Name or service not known',))
HTTPConnectionPool(host='www.dieei.unict.itcorsi', port=80): Max retries exceeded with url: /lm-32 (Caused by NewConnectionError('<urllib3.connection.HTTPConnection object at 0x7f59efb429b0>: Failed to establish a new connection: [Errno -2] Name or service not known',))
HTTPConnectionPool(host='www.dieei.unict.itcorsi', port=80): Max retries exceeded with url: /l-8-ele (Caused by NewConnectionError('<urllib3.connection.HTTPConnection object at 0x7f59ec2836a0>: Failed to establish a new connection: [Errno -2] Name or service not known',))
HTTPConnectionPool(host='www.dieei.unict.itcorsi', port=80): Max retries exceeded with url: /l-9 (Caused by NewConnectionError('<urllib3.connection.HTTPConnection object at 0x7f59ec0ad588>: Failed to establish a new connection: [Errno -2] Name or service not known',))
HTTPConnectionPool(host='www.dieei.unict.itcorsi', port=80): Max retries exceeded with url: /l-8-inf (Caused by NewConnectionError('<urllib3.connection.HTTPConnection object at 0x7f59ec2831d0>: Failed to establish a new connection: [Errno -2] Name or service not known',))
HTTPConnectionPool(host='www.dieei.unict.itcorsi', port=80): Max retries exceeded with url: /lm-25 (Caused by NewConnectionError('<urllib3.connection.HTTPConnection object at 0x7f59ec283d30>: Failed to establish a new connection: [Errno -2] Name or service not known',))
HTTPConnectionPool(host='www.dieei.unict.itcorsi', port=80): Max retries exceeded with url: /lm-28 (Caused by NewConnectionError('<urllib3.connection.HTTPConnection object at 0x7f59ec2832e8>: Failed to establish a new connection: [Errno -2] Name or service not known',))
HTTPConnectionPool(host='www.dieei.unict.itcorsi', port=80): Max retries exceeded with url: /lm-29 (Caused by NewConnectionError('<urllib3.connection.HTTPConnection object at 0x7f59ec283780>: Failed to establish a new connection: [Errno -2] Name or service not known',))
HTTPConnectionPool(host='www.dieei.unict.itcorsi', port=80): Max retries exceeded with url: /lm-27 (Caused by NewConnectionError('<urllib3.connection.HTTPConnection object at 0x7f59ec283d30>: Failed to establish a new connection: [Errno -2] Name or service not known',))
HTTPConnectionPool(host='www.dieei.unict.itcorsi', port=80): Max retries exceeded with url: /lm-32 (Caused by NewConnectionError('<urllib3.connection.HTTPConnection object at 0x7f59ec2832e8>: Failed to establish a new connection: [Errno -2] Name or service not known',))
HTTPConnectionPool(host='web.dmi.unict.itcorsi', port=80): Max retries exceeded with url: /l-31 (Caused by NewConnectionError('<urllib3.connection.HTTPConnection object at 0x7f3da416c518>: Failed to establish a new connection: [Errno -2] Name or service not known',))
HTTPConnectionPool(host='web.dmi.unict.itcorsi', port=80): Max retries exceeded with url: /l-35 (Caused by NewConnectionError('<urllib3.connection.HTTPConnection object at 0x7f3da416c5c0>: Failed to establish a new connection: [Errno -2] Name or service not known',))
HTTPConnectionPool(host='web.dmi.unict.itcorsi', port=80): Max retries exceeded with url: /lm-18 (Caused by NewConnectionError('<urllib3.connection.HTTPConnection object at 0x7f3da416c278>: Failed to establish a new connection: [Errno -2] Name or service not known',))
HTTPConnectionPool(host='web.dmi.unict.itcorsi', port=80): Max retries exceeded with url: /lm-40 (Caused by NewConnectionError('<urllib3.connection.HTTPConnection object at 0x7f3da416c2b0>: Failed to establish a new connection: [Errno -2] Name or service not known',))
'NoneType' object has no attribute 'find_all'
HTTPConnectionPool(host='web.dmi.unict.itcorsi', port=80): Max retries exceeded with url: /l-31 (Caused by NewConnectionError('<urllib3.connection.HTTPConnection object at 0x7f3da4160be0>: Failed to establish a new connection: [Errno -2] Name or service not known',))
HTTPConnectionPool(host='web.dmi.unict.itcorsi', port=80): Max retries exceeded with url: /l-35 (Caused by NewConnectionError('<urllib3.connection.HTTPConnection object at 0x7f3da4160dd8>: Failed to establish a new connection: [Errno -2] Name or service not known',))
HTTPConnectionPool(host='web.dmi.unict.itcorsi', port=80): Max retries exceeded with url: /lm-18 (Caused by NewConnectionError('<urllib3.connection.HTTPConnection object at 0x7f3da4160da0>: Failed to establish a new connection: [Errno -2] Name or service not known',))
HTTPConnectionPool(host='web.dmi.unict.itcorsi', port=80): Max retries exceeded with url: /lm-40 (Caused by NewConnectionError('<urllib3.connection.HTTPConnection object at 0x7f3da4160c18>: Failed to establish a new connection: [Errno -2] Name or service not known',))
'NoneType' object has no attribute 'find_all'
HTTPConnectionPool(host='www.dieei.unict.itcorsi', port=80): Max retries exceeded with url: /l-8-ele (Caused by NewConnectionError('<urllib3.connection.HTTPConnection object at 0x7f3d9cb2f208>: Failed to establish a new connection: [Errno -2] Name or service not known',))
HTTPConnectionPool(host='www.dieei.unict.itcorsi', port=80): Max retries exceeded with url: /l-9 (Caused by NewConnectionError('<urllib3.connection.HTTPConnection object at 0x7f3d9cb2f0f0>: Failed to establish a new connection: [Errno -2] Name or service not known',))
HTTPConnectionPool(host='www.dieei.unict.itcorsi', port=80): Max retries exceeded with url: /l-8-inf (Caused by NewConnectionError('<urllib3.connection.HTTPConnection object at 0x7f3d9cb2f358>: Failed to establish a new connection: [Errno -2] Name or service not known',))
HTTPConnectionPool(host='www.dieei.unict.itcorsi', port=80): Max retries exceeded with url: /lm-25 (Caused by NewConnectionError('<urllib3.connection.HTTPConnection object at 0x7f3d9cb2f160>: Failed to establish a new connection: [Errno -2] Name or service not known',))
HTTPConnectionPool(host='www.dieei.unict.itcorsi', port=80): Max retries exceeded with url: /lm-28 (Caused by NewConnectionError('<urllib3.connection.HTTPConnection object at 0x7f3da413ef98>: Failed to establish a new connection: [Errno -2] Name or service not known',))
HTTPConnectionPool(host='www.dieei.unict.itcorsi', port=80): Max retries exceeded with url: /lm-29 (Caused by NewConnectionError('<urllib3.connection.HTTPConnection object at 0x7f3da417e390>: Failed to establish a new connection: [Errno -2] Name or service not known',))
HTTPConnectionPool(host='www.dieei.unict.itcorsi', port=80): Max retries exceeded with url: /lm-27 (Caused by NewConnectionError('<urllib3.connection.HTTPConnection object at 0x7f3da5444fd0>: Failed to establish a new connection: [Errno -2] Name or service not known',))
HTTPConnectionPool(host='www.dieei.unict.itcorsi', port=80): Max retries exceeded with url: /lm-32 (Caused by NewConnectionError('<urllib3.connection.HTTPConnection object at 0x7f3da5444f98>: Failed to establish a new connection: [Errno -2] Name or service not known',))
HTTPConnectionPool(host='www.dieei.unict.itcorsi', port=80): Max retries exceeded with url: /l-8-ele (Caused by NewConnectionError('<urllib3.connection.HTTPConnection object at 0x7f3d9ca79748>: Failed to establish a new connection: [Errno -2] Name or service not known',))
HTTPConnectionPool(host='www.dieei.unict.itcorsi', port=80): Max retries exceeded with url: /l-9 (Caused by NewConnectionError('<urllib3.connection.HTTPConnection object at 0x7f3da414b780>: Failed to establish a new connection: [Errno -2] Name or service not known',))
HTTPConnectionPool(host='www.dieei.unict.itcorsi', port=80): Max retries exceeded with url: /l-8-inf (Caused by NewConnectionError('<urllib3.connection.HTTPConnection object at 0x7f3d9ca79780>: Failed to establish a new connection: [Errno -2] Name or service not known',))
HTTPConnectionPool(host='www.dieei.unict.itcorsi', port=80): Max retries exceeded with url: /lm-25 (Caused by NewConnectionError('<urllib3.connection.HTTPConnection object at 0x7f3d9ca79470>: Failed to establish a new connection: [Errno -2] Name or service not known',))
HTTPConnectionPool(host='www.dieei.unict.itcorsi', port=80): Max retries exceeded with url: /lm-28 (Caused by NewConnectionError('<urllib3.connection.HTTPConnection object at 0x7f3d9ca796a0>: Failed to establish a new connection: [Errno -2] Name or service not known',))
HTTPConnectionPool(host='www.dieei.unict.itcorsi', port=80): Max retries exceeded with url: /lm-29 (Caused by NewConnectionError('<urllib3.connection.HTTPConnection object at 0x7f3d9ca796d8>: Failed to establish a new connection: [Errno -2] Name or service not known',))
HTTPConnectionPool(host='www.dieei.unict.itcorsi', port=80): Max retries exceeded with url: /lm-27 (Caused by NewConnectionError('<urllib3.connection.HTTPConnection object at 0x7f3d9ca79390>: Failed to establish a new connection: [Errno -2] Name or service not known',))
HTTPConnectionPool(host='www.dieei.unict.itcorsi', port=80): Max retries exceeded with url: /lm-32 (Caused by NewConnectionError('<urllib3.connection.HTTPConnection object at 0x7f3d9ca796a0>: Failed to establish a new connection: [Errno -2] Name or service not known',))
HTTPConnectionPool(host='web.dmi.unict.itcorsi', port=80): Max retries exceeded with url: /l-31 (Caused by NewConnectionError('<urllib3.connection.HTTPConnection object at 0x7ffbd43672e8>: Failed to establish a new connection: [Errno -2] Name or service not known',))
HTTPConnectionPool(host='web.dmi.unict.itcorsi', port=80): Max retries exceeded with url: /l-35 (Caused by NewConnectionError('<urllib3.connection.HTTPConnection object at 0x7ffbd43675c0>: Failed to establish a new connection: [Errno -2] Name or service not known',))
HTTPConnectionPool(host='web.dmi.unict.itcorsi', port=80): Max retries exceeded with url: /lm-18 (Caused by NewConnectionError('<urllib3.connection.HTTPConnection object at 0x7ffbd4367080>: Failed to establish a new connection: [Errno -2] Name or service not known',))
HTTPConnectionPool(host='web.dmi.unict.itcorsi', port=80): Max retries exceeded with url: /lm-40 (Caused by NewConnectionError('<urllib3.connection.HTTPConnection object at 0x7ffbd4367588>: Failed to establish a new connection: [Errno -2] Name or service not known',))
'NoneType' object has no attribute 'find_all'
HTTPConnectionPool(host='web.dmi.unict.itcorsi', port=80): Max retries exceeded with url: /l-31 (Caused by NewConnectionError('<urllib3.connection.HTTPConnection object at 0x7ffbd433c6a0>: Failed to establish a new connection: [Errno -2] Name or service not known',))
HTTPConnectionPool(host='web.dmi.unict.itcorsi', port=80): Max retries exceeded with url: /l-35 (Caused by NewConnectionError('<urllib3.connection.HTTPConnection object at 0x7ffbd433c4a8>: Failed to establish a new connection: [Errno -2] Name or service not known',))
HTTPConnectionPool(host='web.dmi.unict.itcorsi', port=80): Max retries exceeded with url: /lm-18 (Caused by NewConnectionError('<urllib3.connection.HTTPConnection object at 0x7ffbd433c4e0>: Failed to establish a new connection: [Errno -2] Name or service not known',))
HTTPConnectionPool(host='web.dmi.unict.itcorsi', port=80): Max retries exceeded with url: /lm-40 (Caused by NewConnectionError('<urllib3.connection.HTTPConnection object at 0x7ffbd433c668>: Failed to establish a new connection: [Errno -2] Name or service not known',))
'NoneType' object has no attribute 'find_all'
HTTPConnectionPool(host='www.dieei.unict.itcorsi', port=80): Max retries exceeded with url: /l-8-ele (Caused by NewConnectionError('<urllib3.connection.HTTPConnection object at 0x7ffbb7e76208>: Failed to establish a new connection: [Errno -2] Name or service not known',))
HTTPConnectionPool(host='www.dieei.unict.itcorsi', port=80): Max retries exceeded with url: /l-9 (Caused by NewConnectionError('<urllib3.connection.HTTPConnection object at 0x7ffbb7e76198>: Failed to establish a new connection: [Errno -2] Name or service not known',))
HTTPConnectionPool(host='www.dieei.unict.itcorsi', port=80): Max retries exceeded with url: /l-8-inf (Caused by NewConnectionError('<urllib3.connection.HTTPConnection object at 0x7ffbb7e762b0>: Failed to establish a new connection: [Errno -2] Name or service not known',))
HTTPConnectionPool(host='www.dieei.unict.itcorsi', port=80): Max retries exceeded with url: /lm-25 (Caused by NewConnectionError('<urllib3.connection.HTTPConnection object at 0x7ffbb7e76128>: Failed to establish a new connection: [Errno -2] Name or service not known',))
HTTPConnectionPool(host='www.dieei.unict.itcorsi', port=80): Max retries exceeded with url: /lm-28 (Caused by NewConnectionError('<urllib3.connection.HTTPConnection object at 0x7ffbd42dcb00>: Failed to establish a new connection: [Errno -2] Name or service not known',))
HTTPConnectionPool(host='www.dieei.unict.itcorsi', port=80): Max retries exceeded with url: /lm-29 (Caused by NewConnectionError('<urllib3.connection.HTTPConnection object at 0x7ffbb7f4b780>: Failed to establish a new connection: [Errno -2] Name or service not known',))
HTTPConnectionPool(host='www.dieei.unict.itcorsi', port=80): Max retries exceeded with url: /lm-27 (Caused by NewConnectionError('<urllib3.connection.HTTPConnection object at 0x7ffbb7f5af98>: Failed to establish a new connection: [Errno -2] Name or service not known',))
HTTPConnectionPool(host='www.dieei.unict.itcorsi', port=80): Max retries exceeded with url: /lm-32 (Caused by NewConnectionError('<urllib3.connection.HTTPConnection object at 0x7ffbb7e72fd0>: Failed to establish a new connection: [Errno -2] Name or service not known',))
HTTPConnectionPool(host='www.dieei.unict.itcorsi', port=80): Max retries exceeded with url: /l-8-ele (Caused by NewConnectionError('<urllib3.connection.HTTPConnection object at 0x7ffbd42bc6d8>: Failed to establish a new connection: [Errno -2] Name or service not known',))
HTTPConnectionPool(host='www.dieei.unict.itcorsi', port=80): Max retries exceeded with url: /l-9 (Caused by NewConnectionError('<urllib3.connection.HTTPConnection object at 0x7ffbb7e67fd0>: Failed to establish a new connection: [Errno -2] Name or service not known',))
HTTPConnectionPool(host='www.dieei.unict.itcorsi', port=80): Max retries exceeded with url: /l-8-inf (Caused by NewConnectionError('<urllib3.connection.HTTPConnection object at 0x7ffbd42bc748>: Failed to establish a new connection: [Errno -2] Name or service not known',))
HTTPConnectionPool(host='www.dieei.unict.itcorsi', port=80): Max retries exceeded with url: /lm-25 (Caused by NewConnectionError('<urllib3.connection.HTTPConnection object at 0x7ffbd42bc438>: Failed to establish a new connection: [Errno -2] Name or service not known',))
HTTPConnectionPool(host='www.dieei.unict.itcorsi', port=80): Max retries exceeded with url: /lm-28 (Caused by NewConnectionError('<urllib3.connection.HTTPConnection object at 0x7ffbd42bcfd0>: Failed to establish a new connection: [Errno -2] Name or service not known',))
HTTPConnectionPool(host='www.dieei.unict.itcorsi', port=80): Max retries exceeded with url: /lm-29 (Caused by NewConnectionError('<urllib3.connection.HTTPConnection object at 0x7ffbd42bc588>: Failed to establish a new connection: [Errno -2] Name or service not known',))
HTTPConnectionPool(host='www.dieei.unict.itcorsi', port=80): Max retries exceeded with url: /lm-27 (Caused by NewConnectionError('<urllib3.connection.HTTPConnection object at 0x7ffbd42bc748>: Failed to establish a new connection: [Errno -2] Name or service not known',))
HTTPConnectionPool(host='www.dieei.unict.itcorsi', port=80): Max retries exceeded with url: /lm-32 (Caused by NewConnectionError('<urllib3.connection.HTTPConnection object at 0x7ffbd42bcfd0>: Failed to establish a new connection: [Errno -2] Name or service not known',))
HTTPConnectionPool(host='web.dmi.unict.itcorsi', port=80): Max retries exceeded with url: /l-31 (Caused by NewConnectionError('<urllib3.connection.HTTPConnection object at 0x7fd4d8331320>: Failed to establish a new connection: [Errno -2] Name or service not known',))
HTTPConnectionPool(host='web.dmi.unict.itcorsi', port=80): Max retries exceeded with url: /l-35 (Caused by NewConnectionError('<urllib3.connection.HTTPConnection object at 0x7fd4d8331390>: Failed to establish a new connection: [Errno -2] Name or service not known',))
HTTPConnectionPool(host='web.dmi.unict.itcorsi', port=80): Max retries exceeded with url: /lm-18 (Caused by NewConnectionError('<urllib3.connection.HTTPConnection object at 0x7fd4d83312e8>: Failed to establish a new connection: [Errno -2] Name or service not known',))
HTTPConnectionPool(host='web.dmi.unict.itcorsi', port=80): Max retries exceeded with url: /lm-40 (Caused by NewConnectionError('<urllib3.connection.HTTPConnection object at 0x7fd4d8331320>: Failed to establish a new connection: [Errno -2] Name or service not known',))
'NoneType' object has no attribute 'find_all'
HTTPConnectionPool(host='web.dmi.unict.itcorsi', port=80): Max retries exceeded with url: /l-31 (Caused by NewConnectionError('<urllib3.connection.HTTPConnection object at 0x7fd4d82fc5c0>: Failed to establish a new connection: [Errno -2] Name or service not known',))
HTTPConnectionPool(host='web.dmi.unict.itcorsi', port=80): Max retries exceeded with url: /l-35 (Caused by NewConnectionError('<urllib3.connection.HTTPConnection object at 0x7fd4d82fc3c8>: Failed to establish a new connection: [Errno -2] Name or service not known',))
HTTPConnectionPool(host='web.dmi.unict.itcorsi', port=80): Max retries exceeded with url: /lm-18 (Caused by NewConnectionError('<urllib3.connection.HTTPConnection object at 0x7fd4d82fc400>: Failed to establish a new connection: [Errno -2] Name or service not known',))
HTTPConnectionPool(host='web.dmi.unict.itcorsi', port=80): Max retries exceeded with url: /lm-40 (Caused by NewConnectionError('<urllib3.connection.HTTPConnection object at 0x7fd4d82fc588>: Failed to establish a new connection: [Errno -2] Name or service not known',))
'NoneType' object has no attribute 'find_all'
HTTPConnectionPool(host='www.dieei.unict.itcorsi', port=80): Max retries exceeded with url: /l-8-ele (Caused by NewConnectionError('<urllib3.connection.HTTPConnection object at 0x7fd4d830b208>: Failed to establish a new connection: [Errno -2] Name or service not known',))
HTTPConnectionPool(host='www.dieei.unict.itcorsi', port=80): Max retries exceeded with url: /l-9 (Caused by NewConnectionError('<urllib3.connection.HTTPConnection object at 0x7fd4d82ec358>: Failed to establish a new connection: [Errno -2] Name or service not known',))
HTTPConnectionPool(host='www.dieei.unict.itcorsi', port=80): Max retries exceeded with url: /l-8-inf (Caused by NewConnectionError('<urllib3.connection.HTTPConnection object at 0x7fd4d830b048>: Failed to establish a new connection: [Errno -2] Name or service not known',))
HTTPConnectionPool(host='www.dieei.unict.itcorsi', port=80): Max retries exceeded with url: /lm-25 (Caused by NewConnectionError('<urllib3.connection.HTTPConnection object at 0x7fd4d82e6eb8>: Failed to establish a new connection: [Errno -2] Name or service not known',))
HTTPConnectionPool(host='www.dieei.unict.itcorsi', port=80): Max retries exceeded with url: /lm-28 (Caused by NewConnectionError('<urllib3.connection.HTTPConnection object at 0x7fd4d820df60>: Failed to establish a new connection: [Errno -2] Name or service not known',))
HTTPConnectionPool(host='www.dieei.unict.itcorsi', port=80): Max retries exceeded with url: /lm-29 (Caused by NewConnectionError('<urllib3.connection.HTTPConnection object at 0x7fd4d8072c88>: Failed to establish a new connection: [Errno -2] Name or service not known',))
HTTPConnectionPool(host='www.dieei.unict.itcorsi', port=80): Max retries exceeded with url: /lm-27 (Caused by NewConnectionError('<urllib3.connection.HTTPConnection object at 0x7fd4d820cd68>: Failed to establish a new connection: [Errno -2] Name or service not known',))
HTTPConnectionPool(host='www.dieei.unict.itcorsi', port=80): Max retries exceeded with url: /lm-32 (Caused by NewConnectionError('<urllib3.connection.HTTPConnection object at 0x7fd4d8072da0>: Failed to establish a new connection: [Errno -2] Name or service not known',))
HTTPConnectionPool(host='www.dieei.unict.itcorsi', port=80): Max retries exceeded with url: /l-8-ele (Caused by NewConnectionError('<urllib3.connection.HTTPConnection object at 0x7fd4d81b6390>: Failed to establish a new connection: [Errno -2] Name or service not known',))
HTTPConnectionPool(host='www.dieei.unict.itcorsi', port=80): Max retries exceeded with url: /l-9 (Caused by NewConnectionError('<urllib3.connection.HTTPConnection object at 0x7fd4d824ec88>: Failed to establish a new connection: [Errno -2] Name or service not known',))
HTTPConnectionPool(host='www.dieei.unict.itcorsi', port=80): Max retries exceeded with url: /l-8-inf (Caused by NewConnectionError('<urllib3.connection.HTTPConnection object at 0x7fd4d81bf5c0>: Failed to establish a new connection: [Errno -2] Name or service not known',))
HTTPConnectionPool(host='www.dieei.unict.itcorsi', port=80): Max retries exceeded with url: /lm-25 (Caused by NewConnectionError('<urllib3.connection.HTTPConnection object at 0x7fd4d820c0f0>: Failed to establish a new connection: [Errno -2] Name or service not known',))
HTTPConnectionPool(host='www.dieei.unict.itcorsi', port=80): Max retries exceeded with url: /lm-28 (Caused by NewConnectionError('<urllib3.connection.HTTPConnection object at 0x7fd4d8265e10>: Failed to establish a new connection: [Errno -2] Name or service not known',))
HTTPConnectionPool(host='www.dieei.unict.itcorsi', port=80): Max retries exceeded with url: /lm-29 (Caused by NewConnectionError('<urllib3.connection.HTTPConnection object at 0x7fd4d8265d68>: Failed to establish a new connection: [Errno -2] Name or service not known',))
HTTPConnectionPool(host='www.dieei.unict.itcorsi', port=80): Max retries exceeded with url: /lm-27 (Caused by NewConnectionError('<urllib3.connection.HTTPConnection object at 0x7fd4d8072780>: Failed to establish a new connection: [Errno -2] Name or service not known',))
HTTPConnectionPool(host='www.dieei.unict.itcorsi', port=80): Max retries exceeded with url: /lm-32 (Caused by NewConnectionError('<urllib3.connection.HTTPConnection object at 0x7fd4d8072780>: Failed to establish a new connection: [Errno -2] Name or service not known',))
HTTPConnectionPool(host='web.dmi.unict.itcorsi', port=80): Max retries exceeded with url: /l-31 (Caused by NewConnectionError('<urllib3.connection.HTTPConnection object at 0x7f70f80794e0>: Failed to establish a new connection: [Errno -2] Name or service not known',))
HTTPConnectionPool(host='web.dmi.unict.itcorsi', port=80): Max retries exceeded with url: /l-35 (Caused by NewConnectionError('<urllib3.connection.HTTPConnection object at 0x7f70f8079588>: Failed to establish a new connection: [Errno -2] Name or service not known',))
HTTPConnectionPool(host='web.dmi.unict.itcorsi', port=80): Max retries exceeded with url: /lm-18 (Caused by NewConnectionError('<urllib3.connection.HTTPConnection object at 0x7f70f8079240>: Failed to establish a new connection: [Errno -2] Name or service not known',))
HTTPConnectionPool(host='web.dmi.unict.itcorsi', port=80): Max retries exceeded with url: /lm-40 (Caused by NewConnectionError('<urllib3.connection.HTTPConnection object at 0x7f70f8079278>: Failed to establish a new connection: [Errno -2] Name or service not known',))
'NoneType' object has no attribute 'find_all'
HTTPConnectionPool(host='web.dmi.unict.itcorsi', port=80): Max retries exceeded with url: /l-31 (Caused by NewConnectionError('<urllib3.connection.HTTPConnection object at 0x7f70f803f630>: Failed to establish a new connection: [Errno -2] Name or service not known',))
HTTPConnectionPool(host='web.dmi.unict.itcorsi', port=80): Max retries exceeded with url: /l-35 (Caused by NewConnectionError('<urllib3.connection.HTTPConnection object at 0x7f70f803f438>: Failed to establish a new connection: [Errno -2] Name or service not known',))
HTTPConnectionPool(host='web.dmi.unict.itcorsi', port=80): Max retries exceeded with url: /lm-18 (Caused by NewConnectionError('<urllib3.connection.HTTPConnection object at 0x7f70f803f470>: Failed to establish a new connection: [Errno -2] Name or service not known',))
HTTPConnectionPool(host='web.dmi.unict.itcorsi', port=80): Max retries exceeded with url: /lm-40 (Caused by NewConnectionError('<urllib3.connection.HTTPConnection object at 0x7f70f803f5f8>: Failed to establish a new connection: [Errno -2] Name or service not known',))
'NoneType' object has no attribute 'find_all'
HTTPConnectionPool(host='www.dieei.unict.itcorsi', port=80): Max retries exceeded with url: /l-8-ele (Caused by NewConnectionError('<urllib3.connection.HTTPConnection object at 0x7f70f80580f0>: Failed to establish a new connection: [Errno -2] Name or service not known',))
HTTPConnectionPool(host='www.dieei.unict.itcorsi', port=80): Max retries exceeded with url: /l-9 (Caused by NewConnectionError('<urllib3.connection.HTTPConnection object at 0x7f70f8058048>: Failed to establish a new connection: [Errno -2] Name or service not known',))
HTTPConnectionPool(host='www.dieei.unict.itcorsi', port=80): Max retries exceeded with url: /l-8-inf (Caused by NewConnectionError('<urllib3.connection.HTTPConnection object at 0x7f70f8058320>: Failed to establish a new connection: [Errno -2] Name or service not known',))
HTTPConnectionPool(host='www.dieei.unict.itcorsi', port=80): Max retries exceeded with url: /lm-25 (Caused by NewConnectionError('<urllib3.connection.HTTPConnection object at 0x7f70db4439b0>: Failed to establish a new connection: [Errno -2] Name or service not known',))
HTTPConnectionPool(host='www.dieei.unict.itcorsi', port=80): Max retries exceeded with url: /lm-28 (Caused by NewConnectionError('<urllib3.connection.HTTPConnection object at 0x7f70db7e2160>: Failed to establish a new connection: [Errno -2] Name or service not known',))
HTTPConnectionPool(host='www.dieei.unict.itcorsi', port=80): Max retries exceeded with url: /lm-29 (Caused by NewConnectionError('<urllib3.connection.HTTPConnection object at 0x7f70db6e30b8>: Failed to establish a new connection: [Errno -2] Name or service not known',))
HTTPConnectionPool(host='www.dieei.unict.itcorsi', port=80): Max retries exceeded with url: /lm-27 (Caused by NewConnectionError('<urllib3.connection.HTTPConnection object at 0x7f70f80d28d0>: Failed to establish a new connection: [Errno -2] Name or service not known',))
HTTPConnectionPool(host='www.dieei.unict.itcorsi', port=80): Max retries exceeded with url: /lm-32 (Caused by NewConnectionError('<urllib3.connection.HTTPConnection object at 0x7f70f80580b8>: Failed to establish a new connection: [Errno -2] Name or service not known',))
HTTPConnectionPool(host='www.dieei.unict.itcorsi', port=80): Max retries exceeded with url: /l-8-ele (Caused by NewConnectionError('<urllib3.connection.HTTPConnection object at 0x7f70f803d7b8>: Failed to establish a new connection: [Errno -2] Name or service not known',))
HTTPConnectionPool(host='www.dieei.unict.itcorsi', port=80): Max retries exceeded with url: /l-9 (Caused by NewConnectionError('<urllib3.connection.HTTPConnection object at 0x7f70f80d2358>: Failed to establish a new connection: [Errno -2] Name or service not known',))
HTTPConnectionPool(host='www.dieei.unict.itcorsi', port=80): Max retries exceeded with url: /l-8-inf (Caused by NewConnectionError('<urllib3.connection.HTTPConnection object at 0x7f70f803d6a0>: Failed to establish a new connection: [Errno -2] Name or service not known',))
HTTPConnectionPool(host='www.dieei.unict.itcorsi', port=80): Max retries exceeded with url: /lm-25 (Caused by NewConnectionError('<urllib3.connection.HTTPConnection object at 0x7f70f803d908>: Failed to establish a new connection: [Errno -2] Name or service not known',))
HTTPConnectionPool(host='www.dieei.unict.itcorsi', port=80): Max retries exceeded with url: /lm-28 (Caused by NewConnectionError('<urllib3.connection.HTTPConnection object at 0x7f70f803ddd8>: Failed to establish a new connection: [Errno -2] Name or service not known',))
HTTPConnectionPool(host='www.dieei.unict.itcorsi', port=80): Max retries exceeded with url: /lm-29 (Caused by NewConnectionError('<urllib3.connection.HTTPConnection object at 0x7f70f803d6a0>: Failed to establish a new connection: [Errno -2] Name or service not known',))
HTTPConnectionPool(host='www.dieei.unict.itcorsi', port=80): Max retries exceeded with url: /lm-27 (Caused by NewConnectionError('<urllib3.connection.HTTPConnection object at 0x7f70f803d908>: Failed to establish a new connection: [Errno -2] Name or service not known',))
HTTPConnectionPool(host='www.dieei.unict.itcorsi', port=80): Max retries exceeded with url: /lm-32 (Caused by NewConnectionError('<urllib3.connection.HTTPConnection object at 0x7f70f803ddd8>: Failed to establish a new connection: [Errno -2] Name or service not known',))
HTTPConnectionPool(host='web.dmi.unict.itcorsi', port=80): Max retries exceeded with url: /l-31 (Caused by NewConnectionError('<urllib3.connection.HTTPConnection object at 0x7fe904581320>: Failed to establish a new connection: [Errno -2] Name or service not known',))
HTTPConnectionPool(host='web.dmi.unict.itcorsi', port=80): Max retries exceeded with url: /l-35 (Caused by NewConnectionError('<urllib3.connection.HTTPConnection object at 0x7fe904581390>: Failed to establish a new connection: [Errno -2] Name or service not known',))
HTTPConnectionPool(host='web.dmi.unict.itcorsi', port=80): Max retries exceeded with url: /lm-18 (Caused by NewConnectionError('<urllib3.connection.HTTPConnection object at 0x7fe9045812e8>: Failed to establish a new connection: [Errno -2] Name or service not known',))
HTTPConnectionPool(host='web.dmi.unict.itcorsi', port=80): Max retries exceeded with url: /lm-40 (Caused by NewConnectionError('<urllib3.connection.HTTPConnection object at 0x7fe904581320>: Failed to establish a new connection: [Errno -2] Name or service not known',))
'NoneType' object has no attribute 'find_all'
HTTPConnectionPool(host='web.dmi.unict.itcorsi', port=80): Max retries exceeded with url: /l-31 (Caused by NewConnectionError('<urllib3.connection.HTTPConnection object at 0x7fe90454d5f8>: Failed to establish a new connection: [Errno -2] Name or service not known',))
HTTPConnectionPool(host='web.dmi.unict.itcorsi', port=80): Max retries exceeded with url: /l-35 (Caused by NewConnectionError('<urllib3.connection.HTTPConnection object at 0x7fe90454d400>: Failed to establish a new connection: [Errno -2] Name or service not known',))
HTTPConnectionPool(host='web.dmi.unict.itcorsi', port=80): Max retries exceeded with url: /lm-18 (Caused by NewConnectionError('<urllib3.connection.HTTPConnection object at 0x7fe90454d438>: Failed to establish a new connection: [Errno -2] Name or service not known',))
HTTPConnectionPool(host='web.dmi.unict.itcorsi', port=80): Max retries exceeded with url: /lm-40 (Caused by NewConnectionError('<urllib3.connection.HTTPConnection object at 0x7fe90454d5c0>: Failed to establish a new connection: [Errno -2] Name or service not known',))
'NoneType' object has no attribute 'find_all'
HTTPConnectionPool(host='www.dieei.unict.itcorsi', port=80): Max retries exceeded with url: /l-8-ele (Caused by NewConnectionError('<urllib3.connection.HTTPConnection object at 0x7fe9044ed828>: Failed to establish a new connection: [Errno -2] Name or service not known',))
HTTPConnectionPool(host='www.dieei.unict.itcorsi', port=80): Max retries exceeded with url: /l-9 (Caused by NewConnectionError('<urllib3.connection.HTTPConnection object at 0x7fe9044ed7b8>: Failed to establish a new connection: [Errno -2] Name or service not known',))
HTTPConnectionPool(host='www.dieei.unict.itcorsi', port=80): Max retries exceeded with url: /l-8-inf (Caused by NewConnectionError('<urllib3.connection.HTTPConnection object at 0x7fe9044ed8d0>: Failed to establish a new connection: [Errno -2] Name or service not known',))
HTTPConnectionPool(host='www.dieei.unict.itcorsi', port=80): Max retries exceeded with url: /lm-25 (Caused by NewConnectionError('<urllib3.connection.HTTPConnection object at 0x7fe9044ed898>: Failed to establish a new connection: [Errno -2] Name or service not known',))
HTTPConnectionPool(host='www.dieei.unict.itcorsi', port=80): Max retries exceeded with url: /lm-28 (Caused by NewConnectionError('<urllib3.connection.HTTPConnection object at 0x7fe9045e04a8>: Failed to establish a new connection: [Errno -2] Name or service not known',))
HTTPConnectionPool(host='www.dieei.unict.itcorsi', port=80): Max retries exceeded with url: /lm-29 (Caused by NewConnectionError('<urllib3.connection.HTTPConnection object at 0x7fe904187b70>: Failed to establish a new connection: [Errno -2] Name or service not known',))
HTTPConnectionPool(host='www.dieei.unict.itcorsi', port=80): Max retries exceeded with url: /lm-27 (Caused by NewConnectionError('<urllib3.connection.HTTPConnection object at 0x7fe9044ed7f0>: Failed to establish a new connection: [Errno -2] Name or service not known',))
HTTPConnectionPool(host='www.dieei.unict.itcorsi', port=80): Max retries exceeded with url: /lm-32 (Caused by NewConnectionError('<urllib3.connection.HTTPConnection object at 0x7fe9044ed6a0>: Failed to establish a new connection: [Errno -2] Name or service not known',))
HTTPConnectionPool(host='www.dieei.unict.itcorsi', port=80): Max retries exceeded with url: /l-8-ele (Caused by NewConnectionError('<urllib3.connection.HTTPConnection object at 0x7fe906472a90>: Failed to establish a new connection: [Errno -2] Name or service not known',))
HTTPConnectionPool(host='www.dieei.unict.itcorsi', port=80): Max retries exceeded with url: /l-9 (Caused by NewConnectionError('<urllib3.connection.HTTPConnection object at 0x7fe9043181d0>: Failed to establish a new connection: [Errno -2] Name or service not known',))
HTTPConnectionPool(host='www.dieei.unict.itcorsi', port=80): Max retries exceeded with url: /l-8-inf (Caused by NewConnectionError('<urllib3.connection.HTTPConnection object at 0x7fe904187b00>: Failed to establish a new connection: [Errno -2] Name or service not known',))
HTTPConnectionPool(host='www.dieei.unict.itcorsi', port=80): Max retries exceeded with url: /lm-25 (Caused by NewConnectionError('<urllib3.connection.HTTPConnection object at 0x7fe904501390>: Failed to establish a new connection: [Errno -2] Name or service not known',))
HTTPConnectionPool(host='www.dieei.unict.itcorsi', port=80): Max retries exceeded with url: /lm-28 (Caused by NewConnectionError('<urllib3.connection.HTTPConnection object at 0x7fe904187320>: Failed to establish a new connection: [Errno -2] Name or service not known',))
HTTPConnectionPool(host='www.dieei.unict.itcorsi', port=80): Max retries exceeded with url: /lm-29 (Caused by NewConnectionError('<urllib3.connection.HTTPConnection object at 0x7fe904447550>: Failed to establish a new connection: [Errno -2] Name or service not known',))
HTTPConnectionPool(host='www.dieei.unict.itcorsi', port=80): Max retries exceeded with url: /lm-27 (Caused by NewConnectionError('<urllib3.connection.HTTPConnection object at 0x7fe9040d28d0>: Failed to establish a new connection: [Errno -2] Name or service not known',))
HTTPConnectionPool(host='www.dieei.unict.itcorsi', port=80): Max retries exceeded with url: /lm-32 (Caused by NewConnectionError('<urllib3.connection.HTTPConnection object at 0x7fe9045e0da0>: Failed to establish a new connection: [Errno -2] Name or service not known',))
HTTPConnectionPool(host='web.dmi.unict.itcorsi', port=80): Max retries exceeded with url: /l-31 (Caused by NewConnectionError('<urllib3.connection.HTTPConnection object at 0x7f49ec75a2b0>: Failed to establish a new connection: [Errno -2] Name or service not known',))
HTTPConnectionPool(host='web.dmi.unict.itcorsi', port=80): Max retries exceeded with url: /l-35 (Caused by NewConnectionError('<urllib3.connection.HTTPConnection object at 0x7f49ec75a320>: Failed to establish a new connection: [Errno -2] Name or service not known',))
HTTPConnectionPool(host='web.dmi.unict.itcorsi', port=80): Max retries exceeded with url: /lm-18 (Caused by NewConnectionError('<urllib3.connection.HTTPConnection object at 0x7f49ec75a278>: Failed to establish a new connection: [Errno -2] Name or service not known',))
HTTPConnectionPool(host='web.dmi.unict.itcorsi', port=80): Max retries exceeded with url: /lm-40 (Caused by NewConnectionError('<urllib3.connection.HTTPConnection object at 0x7f49ec75a2b0>: Failed to establish a new connection: [Errno -2] Name or service not known',))
'NoneType' object has no attribute 'find_all'
HTTPConnectionPool(host='web.dmi.unict.itcorsi', port=80): Max retries exceeded with url: /l-31 (Caused by NewConnectionError('<urllib3.connection.HTTPConnection object at 0x7f49ec73c588>: Failed to establish a new connection: [Errno -2] Name or service not known',))
HTTPConnectionPool(host='web.dmi.unict.itcorsi', port=80): Max retries exceeded with url: /l-35 (Caused by NewConnectionError('<urllib3.connection.HTTPConnection object at 0x7f49ec73c390>: Failed to establish a new connection: [Errno -2] Name or service not known',))
HTTPConnectionPool(host='web.dmi.unict.itcorsi', port=80): Max retries exceeded with url: /lm-18 (Caused by NewConnectionError('<urllib3.connection.HTTPConnection object at 0x7f49ec73c3c8>: Failed to establish a new connection: [Errno -2] Name or service not known',))
HTTPConnectionPool(host='web.dmi.unict.itcorsi', port=80): Max retries exceeded with url: /lm-40 (Caused by NewConnectionError('<urllib3.connection.HTTPConnection object at 0x7f49ec73c550>: Failed to establish a new connection: [Errno -2] Name or service not known',))
'NoneType' object has no attribute 'find_all'
HTTPConnectionPool(host='www.dieei.unict.itcorsi', port=80): Max retries exceeded with url: /l-8-ele (Caused by NewConnectionError('<urllib3.connection.HTTPConnection object at 0x7f49ec6f2278>: Failed to establish a new connection: [Errno -2] Name or service not known',))
HTTPConnectionPool(host='www.dieei.unict.itcorsi', port=80): Max retries exceeded with url: /l-9 (Caused by NewConnectionError('<urllib3.connection.HTTPConnection object at 0x7f49ec6f20b8>: Failed to establish a new connection: [Errno -2] Name or service not known',))
HTTPConnectionPool(host='www.dieei.unict.itcorsi', port=80): Max retries exceeded with url: /l-8-inf (Caused by NewConnectionError('<urllib3.connection.HTTPConnection object at 0x7f49ec6f2208>: Failed to establish a new connection: [Errno -2] Name or service not known',))
HTTPConnectionPool(host='www.dieei.unict.itcorsi', port=80): Max retries exceeded with url: /lm-25 (Caused by NewConnectionError('<urllib3.connection.HTTPConnection object at 0x7f49ec7210f0>: Failed to establish a new connection: [Errno -2] Name or service not known',))
HTTPConnectionPool(host='www.dieei.unict.itcorsi', port=80): Max retries exceeded with url: /lm-28 (Caused by NewConnectionError('<urllib3.connection.HTTPConnection object at 0x7f49ec3936d8>: Failed to establish a new connection: [Errno -2] Name or service not known',))
HTTPConnectionPool(host='www.dieei.unict.itcorsi', port=80): Max retries exceeded with url: /lm-29 (Caused by NewConnectionError('<urllib3.connection.HTTPConnection object at 0x7f49ec72b898>: Failed to establish a new connection: [Errno -2] Name or service not known',))
HTTPConnectionPool(host='www.dieei.unict.itcorsi', port=80): Max retries exceeded with url: /lm-27 (Caused by NewConnectionError('<urllib3.connection.HTTPConnection object at 0x7f49ec721e48>: Failed to establish a new connection: [Errno -2] Name or service not known',))
HTTPConnectionPool(host='www.dieei.unict.itcorsi', port=80): Max retries exceeded with url: /lm-32 (Caused by NewConnectionError('<urllib3.connection.HTTPConnection object at 0x7f49ec7213c8>: Failed to establish a new connection: [Errno -2] Name or service not known',))
HTTPConnectionPool(host='www.dieei.unict.itcorsi', port=80): Max retries exceeded with url: /l-8-ele (Caused by NewConnectionError('<urllib3.connection.HTTPConnection object at 0x7f49ec716f60>: Failed to establish a new connection: [Errno -2] Name or service not known',))
HTTPConnectionPool(host='www.dieei.unict.itcorsi', port=80): Max retries exceeded with url: /l-9 (Caused by NewConnectionError('<urllib3.connection.HTTPConnection object at 0x7f49ec481ac8>: Failed to establish a new connection: [Errno -2] Name or service not known',))
HTTPConnectionPool(host='www.dieei.unict.itcorsi', port=80): Max retries exceeded with url: /l-8-inf (Caused by NewConnectionError('<urllib3.connection.HTTPConnection object at 0x7f49ec555278>: Failed to establish a new connection: [Errno -2] Name or service not known',))
HTTPConnectionPool(host='www.dieei.unict.itcorsi', port=80): Max retries exceeded with url: /lm-25 (Caused by NewConnectionError('<urllib3.connection.HTTPConnection object at 0x7f49ec682e80>: Failed to establish a new connection: [Errno -2] Name or service not known',))
HTTPConnectionPool(host='www.dieei.unict.itcorsi', port=80): Max retries exceeded with url: /lm-28 (Caused by NewConnectionError('<urllib3.connection.HTTPConnection object at 0x7f49ec682f60>: Failed to establish a new connection: [Errno -2] Name or service not known',))
HTTPConnectionPool(host='www.dieei.unict.itcorsi', port=80): Max retries exceeded with url: /lm-29 (Caused by NewConnectionError('<urllib3.connection.HTTPConnection object at 0x7f49ec682e80>: Failed to establish a new connection: [Errno -2] Name or service not known',))
HTTPConnectionPool(host='www.dieei.unict.itcorsi', port=80): Max retries exceeded with url: /lm-27 (Caused by NewConnectionError('<urllib3.connection.HTTPConnection object at 0x7f49ec682da0>: Failed to establish a new connection: [Errno -2] Name or service not known',))
HTTPConnectionPool(host='www.dieei.unict.itcorsi', port=80): Max retries exceeded with url: /lm-32 (Caused by NewConnectionError('<urllib3.connection.HTTPConnection object at 0x7f49ec63dbe0>: Failed to establish a new connection: [Errno -2] Name or service not known',))
HTTPConnectionPool(host='web.dmi.unict.itcorsi', port=80): Max retries exceeded with url: /l-31 (Caused by NewConnectionError('<urllib3.connection.HTTPConnection object at 0x7eff5c06f4a8>: Failed to establish a new connection: [Errno -2] Name or service not known',))
HTTPConnectionPool(host='web.dmi.unict.itcorsi', port=80): Max retries exceeded with url: /l-35 (Caused by NewConnectionError('<urllib3.connection.HTTPConnection object at 0x7eff5c06f438>: Failed to establish a new connection: [Errno -2] Name or service not known',))
HTTPConnectionPool(host='web.dmi.unict.itcorsi', port=80): Max retries exceeded with url: /lm-18 (Caused by NewConnectionError('<urllib3.connection.HTTPConnection object at 0x7eff5c06f4a8>: Failed to establish a new connection: [Errno -2] Name or service not known',))
HTTPConnectionPool(host='web.dmi.unict.itcorsi', port=80): Max retries exceeded with url: /lm-40 (Caused by NewConnectionError('<urllib3.connection.HTTPConnection object at 0x7eff5c06f4e0>: Failed to establish a new connection: [Errno -2] Name or service not known',))
'NoneType' object has no attribute 'find_all'
HTTPConnectionPool(host='web.dmi.unict.itcorsi', port=80): Max retries exceeded with url: /l-31 (Caused by NewConnectionError('<urllib3.connection.HTTPConnection object at 0x7eff5c03f5f8>: Failed to establish a new connection: [Errno -2] Name or service not known',))
HTTPConnectionPool(host='web.dmi.unict.itcorsi', port=80): Max retries exceeded with url: /l-35 (Caused by NewConnectionError('<urllib3.connection.HTTPConnection object at 0x7eff5c03f400>: Failed to establish a new connection: [Errno -2] Name or service not known',))
HTTPConnectionPool(host='web.dmi.unict.itcorsi', port=80): Max retries exceeded with url: /lm-18 (Caused by NewConnectionError('<urllib3.connection.HTTPConnection object at 0x7eff5c03f438>: Failed to establish a new connection: [Errno -2] Name or service not known',))
HTTPConnectionPool(host='web.dmi.unict.itcorsi', port=80): Max retries exceeded with url: /lm-40 (Caused by NewConnectionError('<urllib3.connection.HTTPConnection object at 0x7eff5c03f5c0>: Failed to establish a new connection: [Errno -2] Name or service not known',))
'NoneType' object has no attribute 'find_all'
HTTPConnectionPool(host='www.dieei.unict.itcorsi', port=80): Max retries exceeded with url: /l-8-ele (Caused by NewConnectionError('<urllib3.connection.HTTPConnection object at 0x7eff543ab1d0>: Failed to establish a new connection: [Errno -2] Name or service not known',))
HTTPConnectionPool(host='www.dieei.unict.itcorsi', port=80): Max retries exceeded with url: /l-9 (Caused by NewConnectionError('<urllib3.connection.HTTPConnection object at 0x7eff543d4128>: Failed to establish a new connection: [Errno -2] Name or service not known',))
HTTPConnectionPool(host='www.dieei.unict.itcorsi', port=80): Max retries exceeded with url: /l-8-inf (Caused by NewConnectionError('<urllib3.connection.HTTPConnection object at 0x7eff543d4128>: Failed to establish a new connection: [Errno -2] Name or service not known',))
HTTPConnectionPool(host='www.dieei.unict.itcorsi', port=80): Max retries exceeded with url: /lm-25 (Caused by NewConnectionError('<urllib3.connection.HTTPConnection object at 0x7eff543ab128>: Failed to establish a new connection: [Errno -2] Name or service not known',))
HTTPConnectionPool(host='www.dieei.unict.itcorsi', port=80): Max retries exceeded with url: /lm-28 (Caused by NewConnectionError('<urllib3.connection.HTTPConnection object at 0x7eff5c0262e8>: Failed to establish a new connection: [Errno -2] Name or service not known',))
HTTPConnectionPool(host='www.dieei.unict.itcorsi', port=80): Max retries exceeded with url: /lm-29 (Caused by NewConnectionError('<urllib3.connection.HTTPConnection object at 0x7eff5c021198>: Failed to establish a new connection: [Errno -2] Name or service not known',))
HTTPConnectionPool(host='www.dieei.unict.itcorsi', port=80): Max retries exceeded with url: /lm-27 (Caused by NewConnectionError('<urllib3.connection.HTTPConnection object at 0x7eff541a9da0>: Failed to establish a new connection: [Errno -2] Name or service not known',))
HTTPConnectionPool(host='www.dieei.unict.itcorsi', port=80): Max retries exceeded with url: /lm-32 (Caused by NewConnectionError('<urllib3.connection.HTTPConnection object at 0x7eff543d40f0>: Failed to establish a new connection: [Errno -2] Name or service not known',))
HTTPConnectionPool(host='www.dieei.unict.itcorsi', port=80): Max retries exceeded with url: /l-8-ele (Caused by NewConnectionError('<urllib3.connection.HTTPConnection object at 0x7eff543a7780>: Failed to establish a new connection: [Errno -2] Name or service not known',))
HTTPConnectionPool(host='www.dieei.unict.itcorsi', port=80): Max retries exceeded with url: /l-9 (Caused by NewConnectionError('<urllib3.connection.HTTPConnection object at 0x7eff541c62b0>: Failed to establish a new connection: [Errno -2] Name or service not known',))
HTTPConnectionPool(host='www.dieei.unict.itcorsi', port=80): Max retries exceeded with url: /l-8-inf (Caused by NewConnectionError('<urllib3.connection.HTTPConnection object at 0x7eff543a76d8>: Failed to establish a new connection: [Errno -2] Name or service not known',))
HTTPConnectionPool(host='www.dieei.unict.itcorsi', port=80): Max retries exceeded with url: /lm-25 (Caused by NewConnectionError('<urllib3.connection.HTTPConnection object at 0x7eff543a7c88>: Failed to establish a new connection: [Errno -2] Name or service not known',))
HTTPConnectionPool(host='www.dieei.unict.itcorsi', port=80): Max retries exceeded with url: /lm-28 (Caused by NewConnectionError('<urllib3.connection.HTTPConnection object at 0x7eff543a74a8>: Failed to establish a new connection: [Errno -2] Name or service not known',))
HTTPConnectionPool(host='www.dieei.unict.itcorsi', port=80): Max retries exceeded with url: /lm-29 (Caused by NewConnectionError('<urllib3.connection.HTTPConnection object at 0x7eff543a7710>: Failed to establish a new connection: [Errno -2] Name or service not known',))
HTTPConnectionPool(host='www.dieei.unict.itcorsi', port=80): Max retries exceeded with url: /lm-27 (Caused by NewConnectionError('<urllib3.connection.HTTPConnection object at 0x7eff543a7c88>: Failed to establish a new connection: [Errno -2] Name or service not known',))
HTTPConnectionPool(host='www.dieei.unict.itcorsi', port=80): Max retries exceeded with url: /lm-32 (Caused by NewConnectionError('<urllib3.connection.HTTPConnection object at 0x7eff543a74a8>: Failed to establish a new connection: [Errno -2] Name or service not known',))
HTTPConnectionPool(host='web.dmi.unict.itcorsi', port=80): Max retries exceeded with url: /l-31 (Caused by NewConnectionError('<urllib3.connection.HTTPConnection object at 0x7fe7947942b0>: Failed to establish a new connection: [Errno -2] Name or service not known',))
HTTPConnectionPool(host='web.dmi.unict.itcorsi', port=80): Max retries exceeded with url: /l-35 (Caused by NewConnectionError('<urllib3.connection.HTTPConnection object at 0x7fe794794320>: Failed to establish a new connection: [Errno -2] Name or service not known',))
HTTPConnectionPool(host='web.dmi.unict.itcorsi', port=80): Max retries exceeded with url: /lm-18 (Caused by NewConnectionError('<urllib3.connection.HTTPConnection object at 0x7fe794794278>: Failed to establish a new connection: [Errno -2] Name or service not known',))
HTTPConnectionPool(host='web.dmi.unict.itcorsi', port=80): Max retries exceeded with url: /lm-40 (Caused by NewConnectionError('<urllib3.connection.HTTPConnection object at 0x7fe7947942b0>: Failed to establish a new connection: [Errno -2] Name or service not known',))
'NoneType' object has no attribute 'find_all'
HTTPConnectionPool(host='web.dmi.unict.itcorsi', port=80): Max retries exceeded with url: /l-31 (Caused by NewConnectionError('<urllib3.connection.HTTPConnection object at 0x7fe79476e5c0>: Failed to establish a new connection: [Errno -2] Name or service not known',))
HTTPConnectionPool(host='web.dmi.unict.itcorsi', port=80): Max retries exceeded with url: /l-35 (Caused by NewConnectionError('<urllib3.connection.HTTPConnection object at 0x7fe79476e3c8>: Failed to establish a new connection: [Errno -2] Name or service not known',))
HTTPConnectionPool(host='web.dmi.unict.itcorsi', port=80): Max retries exceeded with url: /lm-18 (Caused by NewConnectionError('<urllib3.connection.HTTPConnection object at 0x7fe79476e400>: Failed to establish a new connection: [Errno -2] Name or service not known',))
HTTPConnectionPool(host='web.dmi.unict.itcorsi', port=80): Max retries exceeded with url: /lm-40 (Caused by NewConnectionError('<urllib3.connection.HTTPConnection object at 0x7fe79476e588>: Failed to establish a new connection: [Errno -2] Name or service not known',))
'NoneType' object has no attribute 'find_all'
HTTPConnectionPool(host='www.dieei.unict.itcorsi', port=80): Max retries exceeded with url: /l-8-ele (Caused by NewConnectionError('<urllib3.connection.HTTPConnection object at 0x7fe794572278>: Failed to establish a new connection: [Errno -2] Name or service not known',))
HTTPConnectionPool(host='www.dieei.unict.itcorsi', port=80): Max retries exceeded with url: /l-9 (Caused by NewConnectionError('<urllib3.connection.HTTPConnection object at 0x7fe794572550>: Failed to establish a new connection: [Errno -2] Name or service not known',))
HTTPConnectionPool(host='www.dieei.unict.itcorsi', port=80): Max retries exceeded with url: /l-8-inf (Caused by NewConnectionError('<urllib3.connection.HTTPConnection object at 0x7fe7945723c8>: Failed to establish a new connection: [Errno -2] Name or service not known',))
HTTPConnectionPool(host='www.dieei.unict.itcorsi', port=80): Max retries exceeded with url: /lm-25 (Caused by NewConnectionError('<urllib3.connection.HTTPConnection object at 0x7fe794572438>: Failed to establish a new connection: [Errno -2] Name or service not known',))
HTTPConnectionPool(host='www.dieei.unict.itcorsi', port=80): Max retries exceeded with url: /lm-28 (Caused by NewConnectionError('<urllib3.connection.HTTPConnection object at 0x7fe79443cd30>: Failed to establish a new connection: [Errno -2] Name or service not known',))
HTTPConnectionPool(host='www.dieei.unict.itcorsi', port=80): Max retries exceeded with url: /lm-29 (Caused by NewConnectionError('<urllib3.connection.HTTPConnection object at 0x7fe79479c198>: Failed to establish a new connection: [Errno -2] Name or service not known',))
HTTPConnectionPool(host='www.dieei.unict.itcorsi', port=80): Max retries exceeded with url: /lm-27 (Caused by NewConnectionError('<urllib3.connection.HTTPConnection object at 0x7fe7946ad7b8>: Failed to establish a new connection: [Errno -2] Name or service not known',))
HTTPConnectionPool(host='www.dieei.unict.itcorsi', port=80): Max retries exceeded with url: /lm-32 (Caused by NewConnectionError('<urllib3.connection.HTTPConnection object at 0x7fe79455bfd0>: Failed to establish a new connection: [Errno -2] Name or service not known',))
HTTPConnectionPool(host='www.dieei.unict.itcorsi', port=80): Max retries exceeded with url: /l-8-ele (Caused by NewConnectionError('<urllib3.connection.HTTPConnection object at 0x7fe7947b09b0>: Failed to establish a new connection: [Errno -2] Name or service not known',))
HTTPConnectionPool(host='www.dieei.unict.itcorsi', port=80): Max retries exceeded with url: /l-9 (Caused by NewConnectionError('<urllib3.connection.HTTPConnection object at 0x7fe7942d1828>: Failed to establish a new connection: [Errno -2] Name or service not known',))
HTTPConnectionPool(host='www.dieei.unict.itcorsi', port=80): Max retries exceeded with url: /l-8-inf (Caused by NewConnectionError('<urllib3.connection.HTTPConnection object at 0x7fe79452cc88>: Failed to establish a new connection: [Errno -2] Name or service not known',))
HTTPConnectionPool(host='www.dieei.unict.itcorsi', port=80): Max retries exceeded with url: /lm-25 (Caused by NewConnectionError('<urllib3.connection.HTTPConnection object at 0x7fe79452ceb8>: Failed to establish a new connection: [Errno -2] Name or service not known',))
HTTPConnectionPool(host='www.dieei.unict.itcorsi', port=80): Max retries exceeded with url: /lm-28 (Caused by NewConnectionError('<urllib3.connection.HTTPConnection object at 0x7fe79452ce10>: Failed to establish a new connection: [Errno -2] Name or service not known',))
HTTPConnectionPool(host='www.dieei.unict.itcorsi', port=80): Max retries exceeded with url: /lm-29 (Caused by NewConnectionError('<urllib3.connection.HTTPConnection object at 0x7fe79452cdd8>: Failed to establish a new connection: [Errno -2] Name or service not known',))
HTTPConnectionPool(host='www.dieei.unict.itcorsi', port=80): Max retries exceeded with url: /lm-27 (Caused by NewConnectionError('<urllib3.connection.HTTPConnection object at 0x7fe79452cc88>: Failed to establish a new connection: [Errno -2] Name or service not known',))
HTTPConnectionPool(host='www.dieei.unict.itcorsi', port=80): Max retries exceeded with url: /lm-32 (Caused by NewConnectionError('<urllib3.connection.HTTPConnection object at 0x7fe79452ce10>: Failed to establish a new connection: [Errno -2] Name or service not known',))
HTTPConnectionPool(host='web.dmi.unict.itcorsi', port=80): Max retries exceeded with url: /l-31 (Caused by NewConnectionError('<urllib3.connection.HTTPConnection object at 0x7f93c85094e0>: Failed to establish a new connection: [Errno -2] Name or service not known',))
HTTPConnectionPool(host='web.dmi.unict.itcorsi', port=80): Max retries exceeded with url: /l-35 (Caused by NewConnectionError('<urllib3.connection.HTTPConnection object at 0x7f93c8509588>: Failed to establish a new connection: [Errno -2] Name or service not known',))
HTTPConnectionPool(host='web.dmi.unict.itcorsi', port=80): Max retries exceeded with url: /lm-18 (Caused by NewConnectionError('<urllib3.connection.HTTPConnection object at 0x7f93c8509240>: Failed to establish a new connection: [Errno -2] Name or service not known',))
HTTPConnectionPool(host='web.dmi.unict.itcorsi', port=80): Max retries exceeded with url: /lm-40 (Caused by NewConnectionError('<urllib3.connection.HTTPConnection object at 0x7f93c8509278>: Failed to establish a new connection: [Errno -2] Name or service not known',))
'NoneType' object has no attribute 'find_all'
HTTPConnectionPool(host='web.dmi.unict.itcorsi', port=80): Max retries exceeded with url: /l-31 (Caused by NewConnectionError('<urllib3.connection.HTTPConnection object at 0x7f93c84ca630>: Failed to establish a new connection: [Errno -2] Name or service not known',))
HTTPConnectionPool(host='web.dmi.unict.itcorsi', port=80): Max retries exceeded with url: /l-35 (Caused by NewConnectionError('<urllib3.connection.HTTPConnection object at 0x7f93c84ca438>: Failed to establish a new connection: [Errno -2] Name or service not known',))
HTTPConnectionPool(host='web.dmi.unict.itcorsi', port=80): Max retries exceeded with url: /lm-18 (Caused by NewConnectionError('<urllib3.connection.HTTPConnection object at 0x7f93c84ca470>: Failed to establish a new connection: [Errno -2] Name or service not known',))
HTTPConnectionPool(host='web.dmi.unict.itcorsi', port=80): Max retries exceeded with url: /lm-40 (Caused by NewConnectionError('<urllib3.connection.HTTPConnection object at 0x7f93c84ca5f8>: Failed to establish a new connection: [Errno -2] Name or service not known',))
'NoneType' object has no attribute 'find_all'
HTTPConnectionPool(host='www.dieei.unict.itcorsi', port=80): Max retries exceeded with url: /l-8-ele (Caused by NewConnectionError('<urllib3.connection.HTTPConnection object at 0x7f93b9ff60f0>: Failed to establish a new connection: [Errno -2] Name or service not known',))
HTTPConnectionPool(host='www.dieei.unict.itcorsi', port=80): Max retries exceeded with url: /l-9 (Caused by NewConnectionError('<urllib3.connection.HTTPConnection object at 0x7f93b9ff6048>: Failed to establish a new connection: [Errno -2] Name or service not known',))
HTTPConnectionPool(host='www.dieei.unict.itcorsi', port=80): Max retries exceeded with url: /l-8-inf (Caused by NewConnectionError('<urllib3.connection.HTTPConnection object at 0x7f93b9ff6320>: Failed to establish a new connection: [Errno -2] Name or service not known',))
HTTPConnectionPool(host='www.dieei.unict.itcorsi', port=80): Max retries exceeded with url: /lm-25 (Caused by NewConnectionError('<urllib3.connection.HTTPConnection object at 0x7f93c812bf28>: Failed to establish a new connection: [Errno -2] Name or service not known',))
HTTPConnectionPool(host='www.dieei.unict.itcorsi', port=80): Max retries exceeded with url: /lm-28 (Caused by NewConnectionError('<urllib3.connection.HTTPConnection object at 0x7f93c814bb00>: Failed to establish a new connection: [Errno -2] Name or service not known',))
HTTPConnectionPool(host='www.dieei.unict.itcorsi', port=80): Max retries exceeded with url: /lm-29 (Caused by NewConnectionError('<urllib3.connection.HTTPConnection object at 0x7f93b9ff6198>: Failed to establish a new connection: [Errno -2] Name or service not known',))
HTTPConnectionPool(host='www.dieei.unict.itcorsi', port=80): Max retries exceeded with url: /lm-27 (Caused by NewConnectionError('<urllib3.connection.HTTPConnection object at 0x7f93b9ff6240>: Failed to establish a new connection: [Errno -2] Name or service not known',))
HTTPConnectionPool(host='www.dieei.unict.itcorsi', port=80): Max retries exceeded with url: /lm-32 (Caused by NewConnectionError('<urllib3.connection.HTTPConnection object at 0x7f93b9ff61d0>: Failed to establish a new connection: [Errno -2] Name or service not known',))
HTTPConnectionPool(host='www.dieei.unict.itcorsi', port=80): Max retries exceeded with url: /l-8-ele (Caused by NewConnectionError('<urllib3.connection.HTTPConnection object at 0x7f93c8304780>: Failed to establish a new connection: [Errno -2] Name or service not known',))
HTTPConnectionPool(host='www.dieei.unict.itcorsi', port=80): Max retries exceeded with url: /l-9 (Caused by NewConnectionError('<urllib3.connection.HTTPConnection object at 0x7f93c814be10>: Failed to establish a new connection: [Errno -2] Name or service not known',))
HTTPConnectionPool(host='www.dieei.unict.itcorsi', port=80): Max retries exceeded with url: /l-8-inf (Caused by NewConnectionError('<urllib3.connection.HTTPConnection object at 0x7f93c8304828>: Failed to establish a new connection: [Errno -2] Name or service not known',))
HTTPConnectionPool(host='www.dieei.unict.itcorsi', port=80): Max retries exceeded with url: /lm-25 (Caused by NewConnectionError('<urllib3.connection.HTTPConnection object at 0x7f93c8304390>: Failed to establish a new connection: [Errno -2] Name or service not known',))
HTTPConnectionPool(host='www.dieei.unict.itcorsi', port=80): Max retries exceeded with url: /lm-28 (Caused by NewConnectionError('<urllib3.connection.HTTPConnection object at 0x7f93c8304da0>: Failed to establish a new connection: [Errno -2] Name or service not known',))
HTTPConnectionPool(host='www.dieei.unict.itcorsi', port=80): Max retries exceeded with url: /lm-29 (Caused by NewConnectionError('<urllib3.connection.HTTPConnection object at 0x7f93c8304710>: Failed to establish a new connection: [Errno -2] Name or service not known',))
HTTPConnectionPool(host='www.dieei.unict.itcorsi', port=80): Max retries exceeded with url: /lm-27 (Caused by NewConnectionError('<urllib3.connection.HTTPConnection object at 0x7f93c8304940>: Failed to establish a new connection: [Errno -2] Name or service not known',))
HTTPConnectionPool(host='www.dieei.unict.itcorsi', port=80): Max retries exceeded with url: /lm-32 (Caused by NewConnectionError('<urllib3.connection.HTTPConnection object at 0x7f93c8304da0>: Failed to establish a new connection: [Errno -2] Name or service not known',))
HTTPConnectionPool(host='web.dmi.unict.itcorsi', port=80): Max retries exceeded with url: /l-31 (Caused by NewConnectionError('<urllib3.connection.HTTPConnection object at 0x7f7f2c607320>: Failed to establish a new connection: [Errno -2] Name or service not known',))
HTTPConnectionPool(host='web.dmi.unict.itcorsi', port=80): Max retries exceeded with url: /l-35 (Caused by NewConnectionError('<urllib3.connection.HTTPConnection object at 0x7f7f2c607390>: Failed to establish a new connection: [Errno -2] Name or service not known',))
HTTPConnectionPool(host='web.dmi.unict.itcorsi', port=80): Max retries exceeded with url: /lm-18 (Caused by NewConnectionError('<urllib3.connection.HTTPConnection object at 0x7f7f2c6072e8>: Failed to establish a new connection: [Errno -2] Name or service not known',))
HTTPConnectionPool(host='web.dmi.unict.itcorsi', port=80): Max retries exceeded with url: /lm-40 (Caused by NewConnectionError('<urllib3.connection.HTTPConnection object at 0x7f7f2c607320>: Failed to establish a new connection: [Errno -2] Name or service not known',))
'NoneType' object has no attribute 'find_all'
HTTPConnectionPool(host='web.dmi.unict.itcorsi', port=80): Max retries exceeded with url: /l-31 (Caused by NewConnectionError('<urllib3.connection.HTTPConnection object at 0x7f7f2c5db630>: Failed to establish a new connection: [Errno -2] Name or service not known',))
HTTPConnectionPool(host='web.dmi.unict.itcorsi', port=80): Max retries exceeded with url: /l-35 (Caused by NewConnectionError('<urllib3.connection.HTTPConnection object at 0x7f7f2c5db438>: Failed to establish a new connection: [Errno -2] Name or service not known',))
HTTPConnectionPool(host='web.dmi.unict.itcorsi', port=80): Max retries exceeded with url: /lm-18 (Caused by NewConnectionError('<urllib3.connection.HTTPConnection object at 0x7f7f2c5db470>: Failed to establish a new connection: [Errno -2] Name or service not known',))
HTTPConnectionPool(host='web.dmi.unict.itcorsi', port=80): Max retries exceeded with url: /lm-40 (Caused by NewConnectionError('<urllib3.connection.HTTPConnection object at 0x7f7f2c5db5f8>: Failed to establish a new connection: [Errno -2] Name or service not known',))
'NoneType' object has no attribute 'find_all'
HTTPConnectionPool(host='www.dieei.unict.itcorsi', port=80): Max retries exceeded with url: /l-8-ele (Caused by NewConnectionError('<urllib3.connection.HTTPConnection object at 0x7f7f2c4e9eb8>: Failed to establish a new connection: [Errno -2] Name or service not known',))
HTTPConnectionPool(host='www.dieei.unict.itcorsi', port=80): Max retries exceeded with url: /l-9 (Caused by NewConnectionError('<urllib3.connection.HTTPConnection object at 0x7f7f2c4e9cf8>: Failed to establish a new connection: [Errno -2] Name or service not known',))
HTTPConnectionPool(host='www.dieei.unict.itcorsi', port=80): Max retries exceeded with url: /l-8-inf (Caused by NewConnectionError('<urllib3.connection.HTTPConnection object at 0x7f7f2c4e9e10>: Failed to establish a new connection: [Errno -2] Name or service not known',))
HTTPConnectionPool(host='www.dieei.unict.itcorsi', port=80): Max retries exceeded with url: /lm-25 (Caused by NewConnectionError('<urllib3.connection.HTTPConnection object at 0x7f7f2c4e9c88>: Failed to establish a new connection: [Errno -2] Name or service not known',))
HTTPConnectionPool(host='www.dieei.unict.itcorsi', port=80): Max retries exceeded with url: /lm-28 (Caused by NewConnectionError('<urllib3.connection.HTTPConnection object at 0x7f7f2c1bd1d0>: Failed to establish a new connection: [Errno -2] Name or service not known',))
HTTPConnectionPool(host='www.dieei.unict.itcorsi', port=80): Max retries exceeded with url: /lm-29 (Caused by NewConnectionError('<urllib3.connection.HTTPConnection object at 0x7f7f2c4e9940>: Failed to establish a new connection: [Errno -2] Name or service not known',))
HTTPConnectionPool(host='www.dieei.unict.itcorsi', port=80): Max retries exceeded with url: /lm-27 (Caused by NewConnectionError('<urllib3.connection.HTTPConnection object at 0x7f7f2c4e9eb8>: Failed to establish a new connection: [Errno -2] Name or service not known',))
HTTPConnectionPool(host='www.dieei.unict.itcorsi', port=80): Max retries exceeded with url: /lm-32 (Caused by NewConnectionError('<urllib3.connection.HTTPConnection object at 0x7f7f2c4e9c18>: Failed to establish a new connection: [Errno -2] Name or service not known',))
HTTPConnectionPool(host='www.dieei.unict.itcorsi', port=80): Max retries exceeded with url: /l-8-ele (Caused by NewConnectionError('<urllib3.connection.HTTPConnection object at 0x7f7f2c543630>: Failed to establish a new connection: [Errno -2] Name or service not known',))
HTTPConnectionPool(host='www.dieei.unict.itcorsi', port=80): Max retries exceeded with url: /l-9 (Caused by NewConnectionError('<urllib3.connection.HTTPConnection object at 0x7f7f2c318b38>: Failed to establish a new connection: [Errno -2] Name or service not known',))
HTTPConnectionPool(host='www.dieei.unict.itcorsi', port=80): Max retries exceeded with url: /l-8-inf (Caused by NewConnectionError('<urllib3.connection.HTTPConnection object at 0x7f7f2c1a2cf8>: Failed to establish a new connection: [Errno -2] Name or service not known',))
HTTPConnectionPool(host='www.dieei.unict.itcorsi', port=80): Max retries exceeded with url: /lm-25 (Caused by NewConnectionError('<urllib3.connection.HTTPConnection object at 0x7f7f2c4389e8>: Failed to establish a new connection: [Errno -2] Name or service not known',))
HTTPConnectionPool(host='www.dieei.unict.itcorsi', port=80): Max retries exceeded with url: /lm-28 (Caused by NewConnectionError('<urllib3.connection.HTTPConnection object at 0x7f7f2c3165c0>: Failed to establish a new connection: [Errno -2] Name or service not known',))
HTTPConnectionPool(host='www.dieei.unict.itcorsi', port=80): Max retries exceeded with url: /lm-29 (Caused by NewConnectionError('<urllib3.connection.HTTPConnection object at 0x7f7f2c543ef0>: Failed to establish a new connection: [Errno -2] Name or service not known',))
HTTPConnectionPool(host='www.dieei.unict.itcorsi', port=80): Max retries exceeded with url: /lm-27 (Caused by NewConnectionError('<urllib3.connection.HTTPConnection object at 0x7f7f2c543e10>: Failed to establish a new connection: [Errno -2] Name or service not known',))
HTTPConnectionPool(host='www.dieei.unict.itcorsi', port=80): Max retries exceeded with url: /lm-32 (Caused by NewConnectionError('<urllib3.connection.HTTPConnection object at 0x7f7f2c543c88>: Failed to establish a new connection: [Errno -2] Name or service not known',))
HTTPConnectionPool(host='web.dmi.unict.itcorsi', port=80): Max retries exceeded with url: /l-31 (Caused by NewConnectionError('<urllib3.connection.HTTPConnection object at 0x7f5938525d30>: Failed to establish a new connection: [Errno -2] Name or service not known',))
HTTPConnectionPool(host='web.dmi.unict.itcorsi', port=80): Max retries exceeded with url: /l-35 (Caused by NewConnectionError('<urllib3.connection.HTTPConnection object at 0x7f5938525c88>: Failed to establish a new connection: [Errno -2] Name or service not known',))
HTTPConnectionPool(host='web.dmi.unict.itcorsi', port=80): Max retries exceeded with url: /lm-18 (Caused by NewConnectionError('<urllib3.connection.HTTPConnection object at 0x7f5938525240>: Failed to establish a new connection: [Errno -2] Name or service not known',))
HTTPConnectionPool(host='web.dmi.unict.itcorsi', port=80): Max retries exceeded with url: /lm-40 (Caused by NewConnectionError('<urllib3.connection.HTTPConnection object at 0x7f5938525fd0>: Failed to establish a new connection: [Errno -2] Name or service not known',))
'NoneType' object has no attribute 'find_all'
HTTPConnectionPool(host='web.dmi.unict.itcorsi', port=80): Max retries exceeded with url: /l-31 (Caused by NewConnectionError('<urllib3.connection.HTTPConnection object at 0x7f59384fe668>: Failed to establish a new connection: [Errno -2] Name or service not known',))
HTTPConnectionPool(host='web.dmi.unict.itcorsi', port=80): Max retries exceeded with url: /l-35 (Caused by NewConnectionError('<urllib3.connection.HTTPConnection object at 0x7f59384fe470>: Failed to establish a new connection: [Errno -2] Name or service not known',))
HTTPConnectionPool(host='web.dmi.unict.itcorsi', port=80): Max retries exceeded with url: /lm-18 (Caused by NewConnectionError('<urllib3.connection.HTTPConnection object at 0x7f59384fe4a8>: Failed to establish a new connection: [Errno -2] Name or service not known',))
HTTPConnectionPool(host='web.dmi.unict.itcorsi', port=80): Max retries exceeded with url: /lm-40 (Caused by NewConnectionError('<urllib3.connection.HTTPConnection object at 0x7f59384fe630>: Failed to establish a new connection: [Errno -2] Name or service not known',))
'NoneType' object has no attribute 'find_all'
HTTPConnectionPool(host='www.dieei.unict.itcorsi', port=80): Max retries exceeded with url: /l-8-ele (Caused by NewConnectionError('<urllib3.connection.HTTPConnection object at 0x7f59382f71d0>: Failed to establish a new connection: [Errno -2] Name or service not known',))
HTTPConnectionPool(host='www.dieei.unict.itcorsi', port=80): Max retries exceeded with url: /l-9 (Caused by NewConnectionError('<urllib3.connection.HTTPConnection object at 0x7f59382f7048>: Failed to establish a new connection: [Errno -2] Name or service not known',))
HTTPConnectionPool(host='www.dieei.unict.itcorsi', port=80): Max retries exceeded with url: /l-8-inf (Caused by NewConnectionError('<urllib3.connection.HTTPConnection object at 0x7f59382f7208>: Failed to establish a new connection: [Errno -2] Name or service not known',))
HTTPConnectionPool(host='www.dieei.unict.itcorsi', port=80): Max retries exceeded with url: /lm-25 (Caused by NewConnectionError('<urllib3.connection.HTTPConnection object at 0x7f5938123eb8>: Failed to establish a new connection: [Errno -2] Name or service not known',))
HTTPConnectionPool(host='www.dieei.unict.itcorsi', port=80): Max retries exceeded with url: /lm-28 (Caused by NewConnectionError('<urllib3.connection.HTTPConnection object at 0x7f59381ecba8>: Failed to establish a new connection: [Errno -2] Name or service not known',))
HTTPConnectionPool(host='www.dieei.unict.itcorsi', port=80): Max retries exceeded with url: /lm-29 (Caused by NewConnectionError('<urllib3.connection.HTTPConnection object at 0x7f59382f7208>: Failed to establish a new connection: [Errno -2] Name or service not known',))
HTTPConnectionPool(host='www.dieei.unict.itcorsi', port=80): Max retries exceeded with url: /lm-27 (Caused by NewConnectionError('<urllib3.connection.HTTPConnection object at 0x7f59382f72b0>: Failed to establish a new connection: [Errno -2] Name or service not known',))
HTTPConnectionPool(host='www.dieei.unict.itcorsi', port=80): Max retries exceeded with url: /lm-32 (Caused by NewConnectionError('<urllib3.connection.HTTPConnection object at 0x7f59382f7358>: Failed to establish a new connection: [Errno -2] Name or service not known',))
HTTPConnectionPool(host='www.dieei.unict.itcorsi', port=80): Max retries exceeded with url: /l-8-ele (Caused by NewConnectionError('<urllib3.connection.HTTPConnection object at 0x7f59383a56a0>: Failed to establish a new connection: [Errno -2] Name or service not known',))
HTTPConnectionPool(host='www.dieei.unict.itcorsi', port=80): Max retries exceeded with url: /l-9 (Caused by NewConnectionError('<urllib3.connection.HTTPConnection object at 0x7f5938139eb8>: Failed to establish a new connection: [Errno -2] Name or service not known',))
HTTPConnectionPool(host='www.dieei.unict.itcorsi', port=80): Max retries exceeded with url: /l-8-inf (Caused by NewConnectionError('<urllib3.connection.HTTPConnection object at 0x7f59383a5630>: Failed to establish a new connection: [Errno -2] Name or service not known',))
HTTPConnectionPool(host='www.dieei.unict.itcorsi', port=80): Max retries exceeded with url: /lm-25 (Caused by NewConnectionError('<urllib3.connection.HTTPConnection object at 0x7f59383a5438>: Failed to establish a new connection: [Errno -2] Name or service not known',))
HTTPConnectionPool(host='www.dieei.unict.itcorsi', port=80): Max retries exceeded with url: /lm-28 (Caused by NewConnectionError('<urllib3.connection.HTTPConnection object at 0x7f59383a5e10>: Failed to establish a new connection: [Errno -2] Name or service not known',))
HTTPConnectionPool(host='www.dieei.unict.itcorsi', port=80): Max retries exceeded with url: /lm-29 (Caused by NewConnectionError('<urllib3.connection.HTTPConnection object at 0x7f59383a5470>: Failed to establish a new connection: [Errno -2] Name or service not known',))
HTTPConnectionPool(host='www.dieei.unict.itcorsi', port=80): Max retries exceeded with url: /lm-27 (Caused by NewConnectionError('<urllib3.connection.HTTPConnection object at 0x7f59383a5630>: Failed to establish a new connection: [Errno -2] Name or service not known',))
HTTPConnectionPool(host='www.dieei.unict.itcorsi', port=80): Max retries exceeded with url: /lm-32 (Caused by NewConnectionError('<urllib3.connection.HTTPConnection object at 0x7f59383a5e10>: Failed to establish a new connection: [Errno -2] Name or service not known',))
HTTPConnectionPool(host='web.dmi.unict.itcorsi', port=80): Max retries exceeded with url: /l-31 (Caused by NewConnectionError('<urllib3.connection.HTTPConnection object at 0x7f45f00944e0>: Failed to establish a new connection: [Errno -2] Name or service not known',))
HTTPConnectionPool(host='web.dmi.unict.itcorsi', port=80): Max retries exceeded with url: /l-35 (Caused by NewConnectionError('<urllib3.connection.HTTPConnection object at 0x7f45f0094588>: Failed to establish a new connection: [Errno -2] Name or service not known',))
HTTPConnectionPool(host='web.dmi.unict.itcorsi', port=80): Max retries exceeded with url: /lm-18 (Caused by NewConnectionError('<urllib3.connection.HTTPConnection object at 0x7f45f0094240>: Failed to establish a new connection: [Errno -2] Name or service not known',))
HTTPConnectionPool(host='web.dmi.unict.itcorsi', port=80): Max retries exceeded with url: /lm-40 (Caused by NewConnectionError('<urllib3.connection.HTTPConnection object at 0x7f45f0094278>: Failed to establish a new connection: [Errno -2] Name or service not known',))
'NoneType' object has no attribute 'find_all'
HTTPConnectionPool(host='web.dmi.unict.itcorsi', port=80): Max retries exceeded with url: /l-31 (Caused by NewConnectionError('<urllib3.connection.HTTPConnection object at 0x7f45f006f630>: Failed to establish a new connection: [Errno -2] Name or service not known',))
HTTPConnectionPool(host='web.dmi.unict.itcorsi', port=80): Max retries exceeded with url: /l-35 (Caused by NewConnectionError('<urllib3.connection.HTTPConnection object at 0x7f45f006f438>: Failed to establish a new connection: [Errno -2] Name or service not known',))
HTTPConnectionPool(host='web.dmi.unict.itcorsi', port=80): Max retries exceeded with url: /lm-18 (Caused by NewConnectionError('<urllib3.connection.HTTPConnection object at 0x7f45f006f470>: Failed to establish a new connection: [Errno -2] Name or service not known',))
HTTPConnectionPool(host='web.dmi.unict.itcorsi', port=80): Max retries exceeded with url: /lm-40 (Caused by NewConnectionError('<urllib3.connection.HTTPConnection object at 0x7f45f006f5f8>: Failed to establish a new connection: [Errno -2] Name or service not known',))
'NoneType' object has no attribute 'find_all'
HTTPConnectionPool(host='www.dieei.unict.itcorsi', port=80): Max retries exceeded with url: /l-8-ele (Caused by NewConnectionError('<urllib3.connection.HTTPConnection object at 0x7f45e8cd36a0>: Failed to establish a new connection: [Errno -2] Name or service not known',))
HTTPConnectionPool(host='www.dieei.unict.itcorsi', port=80): Max retries exceeded with url: /l-9 (Caused by NewConnectionError('<urllib3.connection.HTTPConnection object at 0x7f45e8d52c50>: Failed to establish a new connection: [Errno -2] Name or service not known',))
HTTPConnectionPool(host='www.dieei.unict.itcorsi', port=80): Max retries exceeded with url: /l-8-inf (Caused by NewConnectionError('<urllib3.connection.HTTPConnection object at 0x7f45e8d52c50>: Failed to establish a new connection: [Errno -2] Name or service not known',))
HTTPConnectionPool(host='www.dieei.unict.itcorsi', port=80): Max retries exceeded with url: /lm-25 (Caused by NewConnectionError('<urllib3.connection.HTTPConnection object at 0x7f45e8d52b00>: Failed to establish a new connection: [Errno -2] Name or service not known',))
HTTPConnectionPool(host='www.dieei.unict.itcorsi', port=80): Max retries exceeded with url: /lm-28 (Caused by NewConnectionError('<urllib3.connection.HTTPConnection object at 0x7f45f155a2e8>: Failed to establish a new connection: [Errno -2] Name or service not known',))
HTTPConnectionPool(host='www.dieei.unict.itcorsi', port=80): Max retries exceeded with url: /lm-29 (Caused by NewConnectionError('<urllib3.connection.HTTPConnection object at 0x7f45e8cd39b0>: Failed to establish a new connection: [Errno -2] Name or service not known',))
HTTPConnectionPool(host='www.dieei.unict.itcorsi', port=80): Max retries exceeded with url: /lm-27 (Caused by NewConnectionError('<urllib3.connection.HTTPConnection object at 0x7f45e8cd37b8>: Failed to establish a new connection: [Errno -2] Name or service not known',))
HTTPConnectionPool(host='www.dieei.unict.itcorsi', port=80): Max retries exceeded with url: /lm-32 (Caused by NewConnectionError('<urllib3.connection.HTTPConnection object at 0x7f45e8cd34e0>: Failed to establish a new connection: [Errno -2] Name or service not known',))
HTTPConnectionPool(host='www.dieei.unict.itcorsi', port=80): Max retries exceeded with url: /l-8-ele (Caused by NewConnectionError('<urllib3.connection.HTTPConnection object at 0x7f45e8c8f240>: Failed to establish a new connection: [Errno -2] Name or service not known',))
HTTPConnectionPool(host='www.dieei.unict.itcorsi', port=80): Max retries exceeded with url: /l-9 (Caused by NewConnectionError('<urllib3.connection.HTTPConnection object at 0x7f45f15cdf98>: Failed to establish a new connection: [Errno -2] Name or service not known',))
HTTPConnectionPool(host='www.dieei.unict.itcorsi', port=80): Max retries exceeded with url: /l-8-inf (Caused by NewConnectionError('<urllib3.connection.HTTPConnection object at 0x7f45e8cd3710>: Failed to establish a new connection: [Errno -2] Name or service not known',))
HTTPConnectionPool(host='www.dieei.unict.itcorsi', port=80): Max retries exceeded with url: /lm-25 (Caused by NewConnectionError('<urllib3.connection.HTTPConnection object at 0x7f45e8b5f630>: Failed to establish a new connection: [Errno -2] Name or service not known',))
HTTPConnectionPool(host='www.dieei.unict.itcorsi', port=80): Max retries exceeded with url: /lm-28 (Caused by NewConnectionError('<urllib3.connection.HTTPConnection object at 0x7f45e8c8f4e0>: Failed to establish a new connection: [Errno -2] Name or service not known',))
HTTPConnectionPool(host='www.dieei.unict.itcorsi', port=80): Max retries exceeded with url: /lm-29 (Caused by NewConnectionError('<urllib3.connection.HTTPConnection object at 0x7f45e8c8fbe0>: Failed to establish a new connection: [Errno -2] Name or service not known',))
HTTPConnectionPool(host='www.dieei.unict.itcorsi', port=80): Max retries exceeded with url: /lm-27 (Caused by NewConnectionError('<urllib3.connection.HTTPConnection object at 0x7f45e8c8f320>: Failed to establish a new connection: [Errno -2] Name or service not known',))
HTTPConnectionPool(host='www.dieei.unict.itcorsi', port=80): Max retries exceeded with url: /lm-32 (Caused by NewConnectionError('<urllib3.connection.HTTPConnection object at 0x7f45e8c8f6d8>: Failed to establish a new connection: [Errno -2] Name or service not known',))
HTTPConnectionPool(host='web.dmi.unict.itcorsi', port=80): Max retries exceeded with url: /l-31 (Caused by NewConnectionError('<urllib3.connection.HTTPConnection object at 0x7f0ad03a0320>: Failed to establish a new connection: [Errno -2] Name or service not known',))
HTTPConnectionPool(host='web.dmi.unict.itcorsi', port=80): Max retries exceeded with url: /l-35 (Caused by NewConnectionError('<urllib3.connection.HTTPConnection object at 0x7f0ad03a0390>: Failed to establish a new connection: [Errno -2] Name or service not known',))
HTTPConnectionPool(host='web.dmi.unict.itcorsi', port=80): Max retries exceeded with url: /lm-18 (Caused by NewConnectionError('<urllib3.connection.HTTPConnection object at 0x7f0ad03a02e8>: Failed to establish a new connection: [Errno -2] Name or service not known',))
HTTPConnectionPool(host='web.dmi.unict.itcorsi', port=80): Max retries exceeded with url: /lm-40 (Caused by NewConnectionError('<urllib3.connection.HTTPConnection object at 0x7f0ad03a0320>: Failed to establish a new connection: [Errno -2] Name or service not known',))
'NoneType' object has no attribute 'find_all'
HTTPConnectionPool(host='web.dmi.unict.itcorsi', port=80): Max retries exceeded with url: /l-31 (Caused by NewConnectionError('<urllib3.connection.HTTPConnection object at 0x7f0ad0366630>: Failed to establish a new connection: [Errno -2] Name or service not known',))
HTTPConnectionPool(host='web.dmi.unict.itcorsi', port=80): Max retries exceeded with url: /l-35 (Caused by NewConnectionError('<urllib3.connection.HTTPConnection object at 0x7f0ad0366438>: Failed to establish a new connection: [Errno -2] Name or service not known',))
HTTPConnectionPool(host='web.dmi.unict.itcorsi', port=80): Max retries exceeded with url: /lm-18 (Caused by NewConnectionError('<urllib3.connection.HTTPConnection object at 0x7f0ad0366470>: Failed to establish a new connection: [Errno -2] Name or service not known',))
HTTPConnectionPool(host='web.dmi.unict.itcorsi', port=80): Max retries exceeded with url: /lm-40 (Caused by NewConnectionError('<urllib3.connection.HTTPConnection object at 0x7f0ad03665f8>: Failed to establish a new connection: [Errno -2] Name or service not known',))
'NoneType' object has no attribute 'find_all'
HTTPConnectionPool(host='www.dieei.unict.itcorsi', port=80): Max retries exceeded with url: /l-8-ele (Caused by NewConnectionError('<urllib3.connection.HTTPConnection object at 0x7f0ad01c8198>: Failed to establish a new connection: [Errno -2] Name or service not known',))
HTTPConnectionPool(host='www.dieei.unict.itcorsi', port=80): Max retries exceeded with url: /l-9 (Caused by NewConnectionError('<urllib3.connection.HTTPConnection object at 0x7f0aba735be0>: Failed to establish a new connection: [Errno -2] Name or service not known',))
HTTPConnectionPool(host='www.dieei.unict.itcorsi', port=80): Max retries exceeded with url: /l-8-inf (Caused by NewConnectionError('<urllib3.connection.HTTPConnection object at 0x7f0ad01c81d0>: Failed to establish a new connection: [Errno -2] Name or service not known',))
HTTPConnectionPool(host='www.dieei.unict.itcorsi', port=80): Max retries exceeded with url: /lm-25 (Caused by NewConnectionError('<urllib3.connection.HTTPConnection object at 0x7f0ad007fe48>: Failed to establish a new connection: [Errno -2] Name or service not known',))
HTTPConnectionPool(host='www.dieei.unict.itcorsi', port=80): Max retries exceeded with url: /lm-28 (Caused by NewConnectionError('<urllib3.connection.HTTPConnection object at 0x7f0aba7019b0>: Failed to establish a new connection: [Errno -2] Name or service not known',))
HTTPConnectionPool(host='www.dieei.unict.itcorsi', port=80): Max retries exceeded with url: /lm-29 (Caused by NewConnectionError('<urllib3.connection.HTTPConnection object at 0x7f0aba735c88>: Failed to establish a new connection: [Errno -2] Name or service not known',))
HTTPConnectionPool(host='www.dieei.unict.itcorsi', port=80): Max retries exceeded with url: /lm-27 (Caused by NewConnectionError('<urllib3.connection.HTTPConnection object at 0x7f0aba735be0>: Failed to establish a new connection: [Errno -2] Name or service not known',))
HTTPConnectionPool(host='www.dieei.unict.itcorsi', port=80): Max retries exceeded with url: /lm-32 (Caused by NewConnectionError('<urllib3.connection.HTTPConnection object at 0x7f0aba735da0>: Failed to establish a new connection: [Errno -2] Name or service not known',))
HTTPConnectionPool(host='www.dieei.unict.itcorsi', port=80): Max retries exceeded with url: /l-8-ele (Caused by NewConnectionError('<urllib3.connection.HTTPConnection object at 0x7f0ad01fe748>: Failed to establish a new connection: [Errno -2] Name or service not known',))
HTTPConnectionPool(host='www.dieei.unict.itcorsi', port=80): Max retries exceeded with url: /l-9 (Caused by NewConnectionError('<urllib3.connection.HTTPConnection object at 0x7f0ad004ef98>: Failed to establish a new connection: [Errno -2] Name or service not known',))
HTTPConnectionPool(host='www.dieei.unict.itcorsi', port=80): Max retries exceeded with url: /l-8-inf (Caused by NewConnectionError('<urllib3.connection.HTTPConnection object at 0x7f0ad01fe7f0>: Failed to establish a new connection: [Errno -2] Name or service not known',))
HTTPConnectionPool(host='www.dieei.unict.itcorsi', port=80): Max retries exceeded with url: /lm-25 (Caused by NewConnectionError('<urllib3.connection.HTTPConnection object at 0x7f0ad01fe358>: Failed to establish a new connection: [Errno -2] Name or service not known',))
HTTPConnectionPool(host='www.dieei.unict.itcorsi', port=80): Max retries exceeded with url: /lm-28 (Caused by NewConnectionError('<urllib3.connection.HTTPConnection object at 0x7f0ad01fecc0>: Failed to establish a new connection: [Errno -2] Name or service not known',))
HTTPConnectionPool(host='www.dieei.unict.itcorsi', port=80): Max retries exceeded with url: /lm-29 (Caused by NewConnectionError('<urllib3.connection.HTTPConnection object at 0x7f0ad01fe6d8>: Failed to establish a new connection: [Errno -2] Name or service not known',))
HTTPConnectionPool(host='www.dieei.unict.itcorsi', port=80): Max retries exceeded with url: /lm-27 (Caused by NewConnectionError('<urllib3.connection.HTTPConnection object at 0x7f0ad01fe908>: Failed to establish a new connection: [Errno -2] Name or service not known',))
HTTPConnectionPool(host='www.dieei.unict.itcorsi', port=80): Max retries exceeded with url: /lm-32 (Caused by NewConnectionError('<urllib3.connection.HTTPConnection object at 0x7f0ad01fecc0>: Failed to establish a new connection: [Errno -2] Name or service not known',))
HTTPConnectionPool(host='web.dmi.unict.itcorsi', port=80): Max retries exceeded with url: /l-31 (Caused by NewConnectionError('<urllib3.connection.HTTPConnection object at 0x7fec402d5550>: Failed to establish a new connection: [Errno -2] Name or service not known',))
HTTPConnectionPool(host='web.dmi.unict.itcorsi', port=80): Max retries exceeded with url: /l-35 (Caused by NewConnectionError('<urllib3.connection.HTTPConnection object at 0x7fec402d55c0>: Failed to establish a new connection: [Errno -2] Name or service not known',))
HTTPConnectionPool(host='web.dmi.unict.itcorsi', port=80): Max retries exceeded with url: /lm-18 (Caused by NewConnectionError('<urllib3.connection.HTTPConnection object at 0x7fec4029ffd0>: Failed to establish a new connection: [Errno -2] Name or service not known',))
HTTPConnectionPool(host='web.dmi.unict.itcorsi', port=80): Max retries exceeded with url: /lm-40 (Caused by NewConnectionError('<urllib3.connection.HTTPConnection object at 0x7fec402d52b0>: Failed to establish a new connection: [Errno -2] Name or service not known',))
'NoneType' object has no attribute 'find_all'
HTTPConnectionPool(host='web.dmi.unict.itcorsi', port=80): Max retries exceeded with url: /l-31 (Caused by NewConnectionError('<urllib3.connection.HTTPConnection object at 0x7fec402916a0>: Failed to establish a new connection: [Errno -2] Name or service not known',))
HTTPConnectionPool(host='web.dmi.unict.itcorsi', port=80): Max retries exceeded with url: /l-35 (Caused by NewConnectionError('<urllib3.connection.HTTPConnection object at 0x7fec402914a8>: Failed to establish a new connection: [Errno -2] Name or service not known',))
HTTPConnectionPool(host='web.dmi.unict.itcorsi', port=80): Max retries exceeded with url: /lm-18 (Caused by NewConnectionError('<urllib3.connection.HTTPConnection object at 0x7fec402914e0>: Failed to establish a new connection: [Errno -2] Name or service not known',))
HTTPConnectionPool(host='web.dmi.unict.itcorsi', port=80): Max retries exceeded with url: /lm-40 (Caused by NewConnectionError('<urllib3.connection.HTTPConnection object at 0x7fec40291668>: Failed to establish a new connection: [Errno -2] Name or service not known',))
'NoneType' object has no attribute 'find_all'
HTTPConnectionPool(host='www.dieei.unict.itcorsi', port=80): Max retries exceeded with url: /l-8-ele (Caused by NewConnectionError('<urllib3.connection.HTTPConnection object at 0x7fec317fae10>: Failed to establish a new connection: [Errno -2] Name or service not known',))
HTTPConnectionPool(host='www.dieei.unict.itcorsi', port=80): Max retries exceeded with url: /l-9 (Caused by NewConnectionError('<urllib3.connection.HTTPConnection object at 0x7fec317fada0>: Failed to establish a new connection: [Errno -2] Name or service not known',))
HTTPConnectionPool(host='www.dieei.unict.itcorsi', port=80): Max retries exceeded with url: /l-8-inf (Caused by NewConnectionError('<urllib3.connection.HTTPConnection object at 0x7fec317faeb8>: Failed to establish a new connection: [Errno -2] Name or service not known',))
HTTPConnectionPool(host='www.dieei.unict.itcorsi', port=80): Max retries exceeded with url: /lm-25 (Caused by NewConnectionError('<urllib3.connection.HTTPConnection object at 0x7fec317fae80>: Failed to establish a new connection: [Errno -2] Name or service not known',))
HTTPConnectionPool(host='www.dieei.unict.itcorsi', port=80): Max retries exceeded with url: /lm-28 (Caused by NewConnectionError('<urllib3.connection.HTTPConnection object at 0x7fec40326550>: Failed to establish a new connection: [Errno -2] Name or service not known',))
HTTPConnectionPool(host='www.dieei.unict.itcorsi', port=80): Max retries exceeded with url: /lm-29 (Caused by NewConnectionError('<urllib3.connection.HTTPConnection object at 0x7fec317480f0>: Failed to establish a new connection: [Errno -2] Name or service not known',))
HTTPConnectionPool(host='www.dieei.unict.itcorsi', port=80): Max retries exceeded with url: /lm-27 (Caused by NewConnectionError('<urllib3.connection.HTTPConnection object at 0x7fec317fadd8>: Failed to establish a new connection: [Errno -2] Name or service not known',))
HTTPConnectionPool(host='www.dieei.unict.itcorsi', port=80): Max retries exceeded with url: /lm-32 (Caused by NewConnectionError('<urllib3.connection.HTTPConnection object at 0x7fec317fac88>: Failed to establish a new connection: [Errno -2] Name or service not known',))
HTTPConnectionPool(host='www.dieei.unict.itcorsi', port=80): Max retries exceeded with url: /l-8-ele (Caused by NewConnectionError('<urllib3.connection.HTTPConnection object at 0x7fec401df400>: Failed to establish a new connection: [Errno -2] Name or service not known',))
HTTPConnectionPool(host='www.dieei.unict.itcorsi', port=80): Max retries exceeded with url: /l-9 (Caused by NewConnectionError('<urllib3.connection.HTTPConnection object at 0x7fec401d9dd8>: Failed to establish a new connection: [Errno -2] Name or service not known',))
HTTPConnectionPool(host='www.dieei.unict.itcorsi', port=80): Max retries exceeded with url: /l-8-inf (Caused by NewConnectionError('<urllib3.connection.HTTPConnection object at 0x7fec40108a90>: Failed to establish a new connection: [Errno -2] Name or service not known',))
HTTPConnectionPool(host='www.dieei.unict.itcorsi', port=80): Max retries exceeded with url: /lm-25 (Caused by NewConnectionError('<urllib3.connection.HTTPConnection object at 0x7fec3159ad30>: Failed to establish a new connection: [Errno -2] Name or service not known',))
HTTPConnectionPool(host='www.dieei.unict.itcorsi', port=80): Max retries exceeded with url: /lm-28 (Caused by NewConnectionError('<urllib3.connection.HTTPConnection object at 0x7fec3159aef0>: Failed to establish a new connection: [Errno -2] Name or service not known',))
HTTPConnectionPool(host='www.dieei.unict.itcorsi', port=80): Max retries exceeded with url: /lm-29 (Caused by NewConnectionError('<urllib3.connection.HTTPConnection object at 0x7fec3159a668>: Failed to establish a new connection: [Errno -2] Name or service not known',))
HTTPConnectionPool(host='www.dieei.unict.itcorsi', port=80): Max retries exceeded with url: /lm-27 (Caused by NewConnectionError('<urllib3.connection.HTTPConnection object at 0x7fec402ccb00>: Failed to establish a new connection: [Errno -2] Name or service not known',))
HTTPConnectionPool(host='www.dieei.unict.itcorsi', port=80): Max retries exceeded with url: /lm-32 (Caused by NewConnectionError('<urllib3.connection.HTTPConnection object at 0x7fec3159a668>: Failed to establish a new connection: [Errno -2] Name or service not known',))
HTTPConnectionPool(host='web.dmi.unict.itcorsi', port=80): Max retries exceeded with url: /l-31 (Caused by NewConnectionError('<urllib3.connection.HTTPConnection object at 0x7f9d5413cd68>: Failed to establish a new connection: [Errno -2] Name or service not known',))
HTTPConnectionPool(host='web.dmi.unict.itcorsi', port=80): Max retries exceeded with url: /l-35 (Caused by NewConnectionError('<urllib3.connection.HTTPConnection object at 0x7f9d5413ccc0>: Failed to establish a new connection: [Errno -2] Name or service not known',))
HTTPConnectionPool(host='web.dmi.unict.itcorsi', port=80): Max retries exceeded with url: /lm-18 (Caused by NewConnectionError('<urllib3.connection.HTTPConnection object at 0x7f9d5413cf98>: Failed to establish a new connection: [Errno -2] Name or service not known',))
HTTPConnectionPool(host='web.dmi.unict.itcorsi', port=80): Max retries exceeded with url: /lm-40 (Caused by NewConnectionError('<urllib3.connection.HTTPConnection object at 0x7f9d5413c8d0>: Failed to establish a new connection: [Errno -2] Name or service not known',))
'NoneType' object has no attribute 'find_all'
HTTPConnectionPool(host='web.dmi.unict.itcorsi', port=80): Max retries exceeded with url: /l-31 (Caused by NewConnectionError('<urllib3.connection.HTTPConnection object at 0x7f9d54110630>: Failed to establish a new connection: [Errno -2] Name or service not known',))
HTTPConnectionPool(host='web.dmi.unict.itcorsi', port=80): Max retries exceeded with url: /l-35 (Caused by NewConnectionError('<urllib3.connection.HTTPConnection object at 0x7f9d54110438>: Failed to establish a new connection: [Errno -2] Name or service not known',))
HTTPConnectionPool(host='web.dmi.unict.itcorsi', port=80): Max retries exceeded with url: /lm-18 (Caused by NewConnectionError('<urllib3.connection.HTTPConnection object at 0x7f9d54110470>: Failed to establish a new connection: [Errno -2] Name or service not known',))
HTTPConnectionPool(host='web.dmi.unict.itcorsi', port=80): Max retries exceeded with url: /lm-40 (Caused by NewConnectionError('<urllib3.connection.HTTPConnection object at 0x7f9d541105f8>: Failed to establish a new connection: [Errno -2] Name or service not known',))
'NoneType' object has no attribute 'find_all'
HTTPConnectionPool(host='www.dieei.unict.itcorsi', port=80): Max retries exceeded with url: /l-8-ele (Caused by NewConnectionError('<urllib3.connection.HTTPConnection object at 0x7f9d45ed47b8>: Failed to establish a new connection: [Errno -2] Name or service not known',))
HTTPConnectionPool(host='www.dieei.unict.itcorsi', port=80): Max retries exceeded with url: /l-9 (Caused by NewConnectionError('<urllib3.connection.HTTPConnection object at 0x7f9d45ed4630>: Failed to establish a new connection: [Errno -2] Name or service not known',))
HTTPConnectionPool(host='www.dieei.unict.itcorsi', port=80): Max retries exceeded with url: /l-8-inf (Caused by NewConnectionError('<urllib3.connection.HTTPConnection object at 0x7f9d45ed4828>: Failed to establish a new connection: [Errno -2] Name or service not known',))
HTTPConnectionPool(host='www.dieei.unict.itcorsi', port=80): Max retries exceeded with url: /lm-25 (Caused by NewConnectionError('<urllib3.connection.HTTPConnection object at 0x7f9d45ed46d8>: Failed to establish a new connection: [Errno -2] Name or service not known',))
HTTPConnectionPool(host='www.dieei.unict.itcorsi', port=80): Max retries exceeded with url: /lm-28 (Caused by NewConnectionError('<urllib3.connection.HTTPConnection object at 0x7f9d541b0c18>: Failed to establish a new connection: [Errno -2] Name or service not known',))
HTTPConnectionPool(host='www.dieei.unict.itcorsi', port=80): Max retries exceeded with url: /lm-29 (Caused by NewConnectionError('<urllib3.connection.HTTPConnection object at 0x7f9d45f8b1d0>: Failed to establish a new connection: [Errno -2] Name or service not known',))
HTTPConnectionPool(host='www.dieei.unict.itcorsi', port=80): Max retries exceeded with url: /lm-27 (Caused by NewConnectionError('<urllib3.connection.HTTPConnection object at 0x7f9d540cca20>: Failed to establish a new connection: [Errno -2] Name or service not known',))
HTTPConnectionPool(host='www.dieei.unict.itcorsi', port=80): Max retries exceeded with url: /lm-32 (Caused by NewConnectionError('<urllib3.connection.HTTPConnection object at 0x7f9d540cccf8>: Failed to establish a new connection: [Errno -2] Name or service not known',))
HTTPConnectionPool(host='www.dieei.unict.itcorsi', port=80): Max retries exceeded with url: /l-8-ele (Caused by NewConnectionError('<urllib3.connection.HTTPConnection object at 0x7f9d56850160>: Failed to establish a new connection: [Errno -2] Name or service not known',))
HTTPConnectionPool(host='www.dieei.unict.itcorsi', port=80): Max retries exceeded with url: /l-9 (Caused by NewConnectionError('<urllib3.connection.HTTPConnection object at 0x7f9d45ef1630>: Failed to establish a new connection: [Errno -2] Name or service not known',))
HTTPConnectionPool(host='www.dieei.unict.itcorsi', port=80): Max retries exceeded with url: /l-8-inf (Caused by NewConnectionError('<urllib3.connection.HTTPConnection object at 0x7f9d45f73390>: Failed to establish a new connection: [Errno -2] Name or service not known',))
HTTPConnectionPool(host='www.dieei.unict.itcorsi', port=80): Max retries exceeded with url: /lm-25 (Caused by NewConnectionError('<urllib3.connection.HTTPConnection object at 0x7f9d56881710>: Failed to establish a new connection: [Errno -2] Name or service not known',))
HTTPConnectionPool(host='www.dieei.unict.itcorsi', port=80): Max retries exceeded with url: /lm-28 (Caused by NewConnectionError('<urllib3.connection.HTTPConnection object at 0x7f9d540cc710>: Failed to establish a new connection: [Errno -2] Name or service not known',))
HTTPConnectionPool(host='www.dieei.unict.itcorsi', port=80): Max retries exceeded with url: /lm-29 (Caused by NewConnectionError('<urllib3.connection.HTTPConnection object at 0x7f9d540ccac8>: Failed to establish a new connection: [Errno -2] Name or service not known',))
HTTPConnectionPool(host='www.dieei.unict.itcorsi', port=80): Max retries exceeded with url: /lm-27 (Caused by NewConnectionError('<urllib3.connection.HTTPConnection object at 0x7f9d540ccac8>: Failed to establish a new connection: [Errno -2] Name or service not known',))
HTTPConnectionPool(host='www.dieei.unict.itcorsi', port=80): Max retries exceeded with url: /lm-32 (Caused by NewConnectionError('<urllib3.connection.HTTPConnection object at 0x7f9d540cc710>: Failed to establish a new connection: [Errno -2] Name or service not known',))
HTTPConnectionPool(host='web.dmi.unict.itcorsi', port=80): Max retries exceeded with url: /l-31 (Caused by NewConnectionError('<urllib3.connection.HTTPConnection object at 0x7f428402af28>: Failed to establish a new connection: [Errno -2] Name or service not known',))
HTTPConnectionPool(host='web.dmi.unict.itcorsi', port=80): Max retries exceeded with url: /l-35 (Caused by NewConnectionError('<urllib3.connection.HTTPConnection object at 0x7f428402ae80>: Failed to establish a new connection: [Errno -2] Name or service not known',))
HTTPConnectionPool(host='web.dmi.unict.itcorsi', port=80): Max retries exceeded with url: /lm-18 (Caused by NewConnectionError('<urllib3.connection.HTTPConnection object at 0x7f428402af60>: Failed to establish a new connection: [Errno -2] Name or service not known',))
HTTPConnectionPool(host='web.dmi.unict.itcorsi', port=80): Max retries exceeded with url: /lm-40 (Caused by NewConnectionError('<urllib3.connection.HTTPConnection object at 0x7f428402af28>: Failed to establish a new connection: [Errno -2] Name or service not known',))
'NoneType' object has no attribute 'find_all'
HTTPConnectionPool(host='web.dmi.unict.itcorsi', port=80): Max retries exceeded with url: /l-31 (Caused by NewConnectionError('<urllib3.connection.HTTPConnection object at 0x7f427c19ab38>: Failed to establish a new connection: [Errno -2] Name or service not known',))
HTTPConnectionPool(host='web.dmi.unict.itcorsi', port=80): Max retries exceeded with url: /l-35 (Caused by NewConnectionError('<urllib3.connection.HTTPConnection object at 0x7f427c19ae48>: Failed to establish a new connection: [Errno -2] Name or service not known',))
HTTPConnectionPool(host='web.dmi.unict.itcorsi', port=80): Max retries exceeded with url: /lm-18 (Caused by NewConnectionError('<urllib3.connection.HTTPConnection object at 0x7f427c19ada0>: Failed to establish a new connection: [Errno -2] Name or service not known',))
HTTPConnectionPool(host='web.dmi.unict.itcorsi', port=80): Max retries exceeded with url: /lm-40 (Caused by NewConnectionError('<urllib3.connection.HTTPConnection object at 0x7f427c19ab00>: Failed to establish a new connection: [Errno -2] Name or service not known',))
'NoneType' object has no attribute 'find_all'
HTTPConnectionPool(host='www.dieei.unict.itcorsi', port=80): Max retries exceeded with url: /l-8-ele (Caused by NewConnectionError('<urllib3.connection.HTTPConnection object at 0x7f427c0c2198>: Failed to establish a new connection: [Errno -2] Name or service not known',))
HTTPConnectionPool(host='www.dieei.unict.itcorsi', port=80): Max retries exceeded with url: /l-9 (Caused by NewConnectionError('<urllib3.connection.HTTPConnection object at 0x7f428404de10>: Failed to establish a new connection: [Errno -2] Name or service not known',))
HTTPConnectionPool(host='www.dieei.unict.itcorsi', port=80): Max retries exceeded with url: /l-8-inf (Caused by NewConnectionError('<urllib3.connection.HTTPConnection object at 0x7f427c0ace80>: Failed to establish a new connection: [Errno -2] Name or service not known',))
HTTPConnectionPool(host='www.dieei.unict.itcorsi', port=80): Max retries exceeded with url: /lm-25 (Caused by NewConnectionError('<urllib3.connection.HTTPConnection object at 0x7f427c0acef0>: Failed to establish a new connection: [Errno -2] Name or service not known',))
HTTPConnectionPool(host='www.dieei.unict.itcorsi', port=80): Max retries exceeded with url: /lm-28 (Caused by NewConnectionError('<urllib3.connection.HTTPConnection object at 0x7f425fdf5400>: Failed to establish a new connection: [Errno -2] Name or service not known',))
HTTPConnectionPool(host='www.dieei.unict.itcorsi', port=80): Max retries exceeded with url: /lm-29 (Caused by NewConnectionError('<urllib3.connection.HTTPConnection object at 0x7f425fdb2ba8>: Failed to establish a new connection: [Errno -2] Name or service not known',))
HTTPConnectionPool(host='www.dieei.unict.itcorsi', port=80): Max retries exceeded with url: /lm-27 (Caused by NewConnectionError('<urllib3.connection.HTTPConnection object at 0x7f427c032a58>: Failed to establish a new connection: [Errno -2] Name or service not known',))
HTTPConnectionPool(host='www.dieei.unict.itcorsi', port=80): Max retries exceeded with url: /lm-32 (Caused by NewConnectionError('<urllib3.connection.HTTPConnection object at 0x7f428404de48>: Failed to establish a new connection: [Errno -2] Name or service not known',))
HTTPConnectionPool(host='www.dieei.unict.itcorsi', port=80): Max retries exceeded with url: /l-8-ele (Caused by NewConnectionError('<urllib3.connection.HTTPConnection object at 0x7f427c0b65f8>: Failed to establish a new connection: [Errno -2] Name or service not known',))
HTTPConnectionPool(host='www.dieei.unict.itcorsi', port=80): Max retries exceeded with url: /l-9 (Caused by NewConnectionError('<urllib3.connection.HTTPConnection object at 0x7f425fdf5358>: Failed to establish a new connection: [Errno -2] Name or service not known',))
HTTPConnectionPool(host='www.dieei.unict.itcorsi', port=80): Max retries exceeded with url: /l-8-inf (Caused by NewConnectionError('<urllib3.connection.HTTPConnection object at 0x7f427c0b6f60>: Failed to establish a new connection: [Errno -2] Name or service not known',))
HTTPConnectionPool(host='www.dieei.unict.itcorsi', port=80): Max retries exceeded with url: /lm-25 (Caused by NewConnectionError('<urllib3.connection.HTTPConnection object at 0x7f427c0b66d8>: Failed to establish a new connection: [Errno -2] Name or service not known',))
HTTPConnectionPool(host='www.dieei.unict.itcorsi', port=80): Max retries exceeded with url: /lm-28 (Caused by NewConnectionError('<urllib3.connection.HTTPConnection object at 0x7f427c0b64e0>: Failed to establish a new connection: [Errno -2] Name or service not known',))
HTTPConnectionPool(host='www.dieei.unict.itcorsi', port=80): Max retries exceeded with url: /lm-29 (Caused by NewConnectionError('<urllib3.connection.HTTPConnection object at 0x7f427c0b6c50>: Failed to establish a new connection: [Errno -2] Name or service not known',))
HTTPConnectionPool(host='www.dieei.unict.itcorsi', port=80): Max retries exceeded with url: /lm-27 (Caused by NewConnectionError('<urllib3.connection.HTTPConnection object at 0x7f427c0b66d8>: Failed to establish a new connection: [Errno -2] Name or service not known',))
HTTPConnectionPool(host='www.dieei.unict.itcorsi', port=80): Max retries exceeded with url: /lm-32 (Caused by NewConnectionError('<urllib3.connection.HTTPConnection object at 0x7f427c0b64e0>: Failed to establish a new connection: [Errno -2] Name or service not known',))
HTTPConnectionPool(host='web.dmi.unict.itcorsi', port=80): Max retries exceeded with url: /l-31 (Caused by NewConnectionError('<urllib3.connection.HTTPConnection object at 0x7fd21c44f4e0>: Failed to establish a new connection: [Errno -2] Name or service not known',))
HTTPConnectionPool(host='web.dmi.unict.itcorsi', port=80): Max retries exceeded with url: /l-35 (Caused by NewConnectionError('<urllib3.connection.HTTPConnection object at 0x7fd21c44f588>: Failed to establish a new connection: [Errno -2] Name or service not known',))
HTTPConnectionPool(host='web.dmi.unict.itcorsi', port=80): Max retries exceeded with url: /lm-18 (Caused by NewConnectionError('<urllib3.connection.HTTPConnection object at 0x7fd21c44f240>: Failed to establish a new connection: [Errno -2] Name or service not known',))
HTTPConnectionPool(host='web.dmi.unict.itcorsi', port=80): Max retries exceeded with url: /lm-40 (Caused by NewConnectionError('<urllib3.connection.HTTPConnection object at 0x7fd21c44f278>: Failed to establish a new connection: [Errno -2] Name or service not known',))
'NoneType' object has no attribute 'find_all'
HTTPConnectionPool(host='web.dmi.unict.itcorsi', port=80): Max retries exceeded with url: /l-31 (Caused by NewConnectionError('<urllib3.connection.HTTPConnection object at 0x7fd21c42fa58>: Failed to establish a new connection: [Errno -2] Name or service not known',))
HTTPConnectionPool(host='web.dmi.unict.itcorsi', port=80): Max retries exceeded with url: /l-35 (Caused by NewConnectionError('<urllib3.connection.HTTPConnection object at 0x7fd21c42fcc0>: Failed to establish a new connection: [Errno -2] Name or service not known',))
HTTPConnectionPool(host='web.dmi.unict.itcorsi', port=80): Max retries exceeded with url: /lm-18 (Caused by NewConnectionError('<urllib3.connection.HTTPConnection object at 0x7fd21c42fc88>: Failed to establish a new connection: [Errno -2] Name or service not known',))
HTTPConnectionPool(host='web.dmi.unict.itcorsi', port=80): Max retries exceeded with url: /lm-40 (Caused by NewConnectionError('<urllib3.connection.HTTPConnection object at 0x7fd21c42fa90>: Failed to establish a new connection: [Errno -2] Name or service not known',))
'NoneType' object has no attribute 'find_all'
HTTPConnectionPool(host='www.dieei.unict.itcorsi', port=80): Max retries exceeded with url: /l-8-ele (Caused by NewConnectionError('<urllib3.connection.HTTPConnection object at 0x7fd21c3200f0>: Failed to establish a new connection: [Errno -2] Name or service not known',))
HTTPConnectionPool(host='www.dieei.unict.itcorsi', port=80): Max retries exceeded with url: /l-9 (Caused by NewConnectionError('<urllib3.connection.HTTPConnection object at 0x7fd21c41bf28>: Failed to establish a new connection: [Errno -2] Name or service not known',))
HTTPConnectionPool(host='www.dieei.unict.itcorsi', port=80): Max retries exceeded with url: /l-8-inf (Caused by NewConnectionError('<urllib3.connection.HTTPConnection object at 0x7fd21c41bf28>: Failed to establish a new connection: [Errno -2] Name or service not known',))
HTTPConnectionPool(host='www.dieei.unict.itcorsi', port=80): Max retries exceeded with url: /lm-25 (Caused by NewConnectionError('<urllib3.connection.HTTPConnection object at 0x7fd1ff7d3208>: Failed to establish a new connection: [Errno -2] Name or service not known',))
HTTPConnectionPool(host='www.dieei.unict.itcorsi', port=80): Max retries exceeded with url: /lm-28 (Caused by NewConnectionError('<urllib3.connection.HTTPConnection object at 0x7fd21c0282e8>: Failed to establish a new connection: [Errno -2] Name or service not known',))
HTTPConnectionPool(host='www.dieei.unict.itcorsi', port=80): Max retries exceeded with url: /lm-29 (Caused by NewConnectionError('<urllib3.connection.HTTPConnection object at 0x7fd21c320048>: Failed to establish a new connection: [Errno -2] Name or service not known',))
HTTPConnectionPool(host='www.dieei.unict.itcorsi', port=80): Max retries exceeded with url: /lm-27 (Caused by NewConnectionError('<urllib3.connection.HTTPConnection object at 0x7fd21c320160>: Failed to establish a new connection: [Errno -2] Name or service not known',))
HTTPConnectionPool(host='www.dieei.unict.itcorsi', port=80): Max retries exceeded with url: /lm-32 (Caused by NewConnectionError('<urllib3.connection.HTTPConnection object at 0x7fd21c320198>: Failed to establish a new connection: [Errno -2] Name or service not known',))
HTTPConnectionPool(host='www.dieei.unict.itcorsi', port=80): Max retries exceeded with url: /l-8-ele (Caused by NewConnectionError('<urllib3.connection.HTTPConnection object at 0x7fd21c388780>: Failed to establish a new connection: [Errno -2] Name or service not known',))
HTTPConnectionPool(host='www.dieei.unict.itcorsi', port=80): Max retries exceeded with url: /l-9 (Caused by NewConnectionError('<urllib3.connection.HTTPConnection object at 0x7fd21c096630>: Failed to establish a new connection: [Errno -2] Name or service not known',))
HTTPConnectionPool(host='www.dieei.unict.itcorsi', port=80): Max retries exceeded with url: /l-8-inf (Caused by NewConnectionError('<urllib3.connection.HTTPConnection object at 0x7fd21c388860>: Failed to establish a new connection: [Errno -2] Name or service not known',))
HTTPConnectionPool(host='www.dieei.unict.itcorsi', port=80): Max retries exceeded with url: /lm-25 (Caused by NewConnectionError('<urllib3.connection.HTTPConnection object at 0x7fd21c3885c0>: Failed to establish a new connection: [Errno -2] Name or service not known',))
HTTPConnectionPool(host='www.dieei.unict.itcorsi', port=80): Max retries exceeded with url: /lm-28 (Caused by NewConnectionError('<urllib3.connection.HTTPConnection object at 0x7fd21c388940>: Failed to establish a new connection: [Errno -2] Name or service not known',))
HTTPConnectionPool(host='www.dieei.unict.itcorsi', port=80): Max retries exceeded with url: /lm-29 (Caused by NewConnectionError('<urllib3.connection.HTTPConnection object at 0x7fd21c388cc0>: Failed to establish a new connection: [Errno -2] Name or service not known',))
HTTPConnectionPool(host='www.dieei.unict.itcorsi', port=80): Max retries exceeded with url: /lm-27 (Caused by NewConnectionError('<urllib3.connection.HTTPConnection object at 0x7fd21c3889b0>: Failed to establish a new connection: [Errno -2] Name or service not known',))
HTTPConnectionPool(host='www.dieei.unict.itcorsi', port=80): Max retries exceeded with url: /lm-32 (Caused by NewConnectionError('<urllib3.connection.HTTPConnection object at 0x7fd21c3885f8>: Failed to establish a new connection: [Errno -2] Name or service not known',))
HTTPConnectionPool(host='web.dmi.unict.itcorsi', port=80): Max retries exceeded with url: /l-31 (Caused by NewConnectionError('<urllib3.connection.HTTPConnection object at 0x7f8e80117518>: Failed to establish a new connection: [Errno -2] Name or service not known',))
HTTPConnectionPool(host='web.dmi.unict.itcorsi', port=80): Max retries exceeded with url: /l-35 (Caused by NewConnectionError('<urllib3.connection.HTTPConnection object at 0x7f8e801175c0>: Failed to establish a new connection: [Errno -2] Name or service not known',))
HTTPConnectionPool(host='web.dmi.unict.itcorsi', port=80): Max retries exceeded with url: /lm-18 (Caused by NewConnectionError('<urllib3.connection.HTTPConnection object at 0x7f8e80117278>: Failed to establish a new connection: [Errno -2] Name or service not known',))
HTTPConnectionPool(host='web.dmi.unict.itcorsi', port=80): Max retries exceeded with url: /lm-40 (Caused by NewConnectionError('<urllib3.connection.HTTPConnection object at 0x7f8e801172b0>: Failed to establish a new connection: [Errno -2] Name or service not known',))
'NoneType' object has no attribute 'find_all'
HTTPConnectionPool(host='web.dmi.unict.itcorsi', port=80): Max retries exceeded with url: /l-31 (Caused by NewConnectionError('<urllib3.connection.HTTPConnection object at 0x7f8e800e46a0>: Failed to establish a new connection: [Errno -2] Name or service not known',))
HTTPConnectionPool(host='web.dmi.unict.itcorsi', port=80): Max retries exceeded with url: /l-35 (Caused by NewConnectionError('<urllib3.connection.HTTPConnection object at 0x7f8e800e44a8>: Failed to establish a new connection: [Errno -2] Name or service not known',))
HTTPConnectionPool(host='web.dmi.unict.itcorsi', port=80): Max retries exceeded with url: /lm-18 (Caused by NewConnectionError('<urllib3.connection.HTTPConnection object at 0x7f8e800e44e0>: Failed to establish a new connection: [Errno -2] Name or service not known',))
HTTPConnectionPool(host='web.dmi.unict.itcorsi', port=80): Max retries exceeded with url: /lm-40 (Caused by NewConnectionError('<urllib3.connection.HTTPConnection object at 0x7f8e800e4668>: Failed to establish a new connection: [Errno -2] Name or service not known',))
'NoneType' object has no attribute 'find_all'
HTTPConnectionPool(host='www.dieei.unict.itcorsi', port=80): Max retries exceeded with url: /l-8-ele (Caused by NewConnectionError('<urllib3.connection.HTTPConnection object at 0x7f8e80089e80>: Failed to establish a new connection: [Errno -2] Name or service not known',))
HTTPConnectionPool(host='www.dieei.unict.itcorsi', port=80): Max retries exceeded with url: /l-9 (Caused by NewConnectionError('<urllib3.connection.HTTPConnection object at 0x7f8e80089d68>: Failed to establish a new connection: [Errno -2] Name or service not known',))
HTTPConnectionPool(host='www.dieei.unict.itcorsi', port=80): Max retries exceeded with url: /l-8-inf (Caused by NewConnectionError('<urllib3.connection.HTTPConnection object at 0x7f8e80089f98>: Failed to establish a new connection: [Errno -2] Name or service not known',))
HTTPConnectionPool(host='www.dieei.unict.itcorsi', port=80): Max retries exceeded with url: /lm-25 (Caused by NewConnectionError('<urllib3.connection.HTTPConnection object at 0x7f8e80089f60>: Failed to establish a new connection: [Errno -2] Name or service not known',))
HTTPConnectionPool(host='www.dieei.unict.itcorsi', port=80): Max retries exceeded with url: /lm-28 (Caused by NewConnectionError('<urllib3.connection.HTTPConnection object at 0x7f8e78af9390>: Failed to establish a new connection: [Errno -2] Name or service not known',))
HTTPConnectionPool(host='www.dieei.unict.itcorsi', port=80): Max retries exceeded with url: /lm-29 (Caused by NewConnectionError('<urllib3.connection.HTTPConnection object at 0x7f8e78adee80>: Failed to establish a new connection: [Errno -2] Name or service not known',))
HTTPConnectionPool(host='www.dieei.unict.itcorsi', port=80): Max retries exceeded with url: /lm-27 (Caused by NewConnectionError('<urllib3.connection.HTTPConnection object at 0x7f8e80089c88>: Failed to establish a new connection: [Errno -2] Name or service not known',))
HTTPConnectionPool(host='www.dieei.unict.itcorsi', port=80): Max retries exceeded with url: /lm-32 (Caused by NewConnectionError('<urllib3.connection.HTTPConnection object at 0x7f8e80089e10>: Failed to establish a new connection: [Errno -2] Name or service not known',))
HTTPConnectionPool(host='www.dieei.unict.itcorsi', port=80): Max retries exceeded with url: /l-8-ele (Caused by NewConnectionError('<urllib3.connection.HTTPConnection object at 0x7f8e800adcc0>: Failed to establish a new connection: [Errno -2] Name or service not known',))
HTTPConnectionPool(host='www.dieei.unict.itcorsi', port=80): Max retries exceeded with url: /l-9 (Caused by NewConnectionError('<urllib3.connection.HTTPConnection object at 0x7f8e78a900f0>: Failed to establish a new connection: [Errno -2] Name or service not known',))
HTTPConnectionPool(host='www.dieei.unict.itcorsi', port=80): Max retries exceeded with url: /l-8-inf (Caused by NewConnectionError('<urllib3.connection.HTTPConnection object at 0x7f8e8011aa20>: Failed to establish a new connection: [Errno -2] Name or service not known',))
HTTPConnectionPool(host='www.dieei.unict.itcorsi', port=80): Max retries exceeded with url: /lm-25 (Caused by NewConnectionError('<urllib3.connection.HTTPConnection object at 0x7f8e815ecf98>: Failed to establish a new connection: [Errno -2] Name or service not known',))
HTTPConnectionPool(host='www.dieei.unict.itcorsi', port=80): Max retries exceeded with url: /lm-28 (Caused by NewConnectionError('<urllib3.connection.HTTPConnection object at 0x7f8e800adc88>: Failed to establish a new connection: [Errno -2] Name or service not known',))
HTTPConnectionPool(host='www.dieei.unict.itcorsi', port=80): Max retries exceeded with url: /lm-29 (Caused by NewConnectionError('<urllib3.connection.HTTPConnection object at 0x7f8e800addd8>: Failed to establish a new connection: [Errno -2] Name or service not known',))
HTTPConnectionPool(host='www.dieei.unict.itcorsi', port=80): Max retries exceeded with url: /lm-27 (Caused by NewConnectionError('<urllib3.connection.HTTPConnection object at 0x7f8e800adef0>: Failed to establish a new connection: [Errno -2] Name or service not known',))
HTTPConnectionPool(host='www.dieei.unict.itcorsi', port=80): Max retries exceeded with url: /lm-32 (Caused by NewConnectionError('<urllib3.connection.HTTPConnection object at 0x7f8e800adf60>: Failed to establish a new connection: [Errno -2] Name or service not known',))
HTTPConnectionPool(host='web.dmi.unict.itcorsi', port=80): Max retries exceeded with url: /l-31 (Caused by NewConnectionError('<urllib3.connection.HTTPConnection object at 0x7efd84daaf28>: Failed to establish a new connection: [Errno -2] Name or service not known',))
HTTPConnectionPool(host='web.dmi.unict.itcorsi', port=80): Max retries exceeded with url: /l-35 (Caused by NewConnectionError('<urllib3.connection.HTTPConnection object at 0x7efd84daaeb8>: Failed to establish a new connection: [Errno -2] Name or service not known',))
HTTPConnectionPool(host='web.dmi.unict.itcorsi', port=80): Max retries exceeded with url: /lm-18 (Caused by NewConnectionError('<urllib3.connection.HTTPConnection object at 0x7efd84daafd0>: Failed to establish a new connection: [Errno -2] Name or service not known',))
HTTPConnectionPool(host='web.dmi.unict.itcorsi', port=80): Max retries exceeded with url: /lm-40 (Caused by NewConnectionError('<urllib3.connection.HTTPConnection object at 0x7efd84daaf28>: Failed to establish a new connection: [Errno -2] Name or service not known',))
'NoneType' object has no attribute 'find_all'
HTTPConnectionPool(host='web.dmi.unict.itcorsi', port=80): Max retries exceeded with url: /l-31 (Caused by NewConnectionError('<urllib3.connection.HTTPConnection object at 0x7efd84d9a320>: Failed to establish a new connection: [Errno -2] Name or service not known',))
HTTPConnectionPool(host='web.dmi.unict.itcorsi', port=80): Max retries exceeded with url: /l-35 (Caused by NewConnectionError('<urllib3.connection.HTTPConnection object at 0x7efd84d9a080>: Failed to establish a new connection: [Errno -2] Name or service not known',))
HTTPConnectionPool(host='web.dmi.unict.itcorsi', port=80): Max retries exceeded with url: /lm-18 (Caused by NewConnectionError('<urllib3.connection.HTTPConnection object at 0x7efd84d9a208>: Failed to establish a new connection: [Errno -2] Name or service not known',))
HTTPConnectionPool(host='web.dmi.unict.itcorsi', port=80): Max retries exceeded with url: /lm-40 (Caused by NewConnectionError('<urllib3.connection.HTTPConnection object at 0x7efd84d9a2e8>: Failed to establish a new connection: [Errno -2] Name or service not known',))
'NoneType' object has no attribute 'find_all'
HTTPConnectionPool(host='www.dieei.unict.itcorsi', port=80): Max retries exceeded with url: /l-8-ele (Caused by NewConnectionError('<urllib3.connection.HTTPConnection object at 0x7efd84c59358>: Failed to establish a new connection: [Errno -2] Name or service not known',))
HTTPConnectionPool(host='www.dieei.unict.itcorsi', port=80): Max retries exceeded with url: /l-9 (Caused by NewConnectionError('<urllib3.connection.HTTPConnection object at 0x7efd84c591d0>: Failed to establish a new connection: [Errno -2] Name or service not known',))
HTTPConnectionPool(host='www.dieei.unict.itcorsi', port=80): Max retries exceeded with url: /l-8-inf (Caused by NewConnectionError('<urllib3.connection.HTTPConnection object at 0x7efd84c59198>: Failed to establish a new connection: [Errno -2] Name or service not known',))
HTTPConnectionPool(host='www.dieei.unict.itcorsi', port=80): Max retries exceeded with url: /lm-25 (Caused by NewConnectionError('<urllib3.connection.HTTPConnection object at 0x7efd84c591d0>: Failed to establish a new connection: [Errno -2] Name or service not known',))
HTTPConnectionPool(host='www.dieei.unict.itcorsi', port=80): Max retries exceeded with url: /lm-28 (Caused by NewConnectionError('<urllib3.connection.HTTPConnection object at 0x7efd84990f60>: Failed to establish a new connection: [Errno -2] Name or service not known',))
HTTPConnectionPool(host='www.dieei.unict.itcorsi', port=80): Max retries exceeded with url: /lm-29 (Caused by NewConnectionError('<urllib3.connection.HTTPConnection object at 0x7efd84a68128>: Failed to establish a new connection: [Errno -2] Name or service not known',))
HTTPConnectionPool(host='www.dieei.unict.itcorsi', port=80): Max retries exceeded with url: /lm-27 (Caused by NewConnectionError('<urllib3.connection.HTTPConnection object at 0x7efd84c5afd0>: Failed to establish a new connection: [Errno -2] Name or service not known',))
HTTPConnectionPool(host='www.dieei.unict.itcorsi', port=80): Max retries exceeded with url: /lm-32 (Caused by NewConnectionError('<urllib3.connection.HTTPConnection object at 0x7efd84c56fd0>: Failed to establish a new connection: [Errno -2] Name or service not known',))
HTTPConnectionPool(host='www.dieei.unict.itcorsi', port=80): Max retries exceeded with url: /l-8-ele (Caused by NewConnectionError('<urllib3.connection.HTTPConnection object at 0x7efd84c155f8>: Failed to establish a new connection: [Errno -2] Name or service not known',))
HTTPConnectionPool(host='www.dieei.unict.itcorsi', port=80): Max retries exceeded with url: /l-9 (Caused by NewConnectionError('<urllib3.connection.HTTPConnection object at 0x7efd8c051048>: Failed to establish a new connection: [Errno -2] Name or service not known',))
HTTPConnectionPool(host='www.dieei.unict.itcorsi', port=80): Max retries exceeded with url: /l-8-inf (Caused by NewConnectionError('<urllib3.connection.HTTPConnection object at 0x7efd84c157b8>: Failed to establish a new connection: [Errno -2] Name or service not known',))
HTTPConnectionPool(host='www.dieei.unict.itcorsi', port=80): Max retries exceeded with url: /lm-25 (Caused by NewConnectionError('<urllib3.connection.HTTPConnection object at 0x7efd84c15550>: Failed to establish a new connection: [Errno -2] Name or service not known',))
HTTPConnectionPool(host='www.dieei.unict.itcorsi', port=80): Max retries exceeded with url: /lm-28 (Caused by NewConnectionError('<urllib3.connection.HTTPConnection object at 0x7efd84c15dd8>: Failed to establish a new connection: [Errno -2] Name or service not known',))
HTTPConnectionPool(host='www.dieei.unict.itcorsi', port=80): Max retries exceeded with url: /lm-29 (Caused by NewConnectionError('<urllib3.connection.HTTPConnection object at 0x7efd84c15438>: Failed to establish a new connection: [Errno -2] Name or service not known',))
HTTPConnectionPool(host='www.dieei.unict.itcorsi', port=80): Max retries exceeded with url: /lm-27 (Caused by NewConnectionError('<urllib3.connection.HTTPConnection object at 0x7efd84c157b8>: Failed to establish a new connection: [Errno -2] Name or service not known',))
HTTPConnectionPool(host='www.dieei.unict.itcorsi', port=80): Max retries exceeded with url: /lm-32 (Caused by NewConnectionError('<urllib3.connection.HTTPConnection object at 0x7efd84c15dd8>: Failed to establish a new connection: [Errno -2] Name or service not known',))
HTTPConnectionPool(host='web.dmi.unict.itcorsi', port=80): Max retries exceeded with url: /l-31 (Caused by NewConnectionError('<urllib3.connection.HTTPConnection object at 0x7fb2901c5d30>: Failed to establish a new connection: [Errno -2] Name or service not known',))
HTTPConnectionPool(host='web.dmi.unict.itcorsi', port=80): Max retries exceeded with url: /l-35 (Caused by NewConnectionError('<urllib3.connection.HTTPConnection object at 0x7fb2901c5c88>: Failed to establish a new connection: [Errno -2] Name or service not known',))
HTTPConnectionPool(host='web.dmi.unict.itcorsi', port=80): Max retries exceeded with url: /lm-18 (Caused by NewConnectionError('<urllib3.connection.HTTPConnection object at 0x7fb2901c5780>: Failed to establish a new connection: [Errno -2] Name or service not known',))
HTTPConnectionPool(host='web.dmi.unict.itcorsi', port=80): Max retries exceeded with url: /lm-40 (Caused by NewConnectionError('<urllib3.connection.HTTPConnection object at 0x7fb2901c5fd0>: Failed to establish a new connection: [Errno -2] Name or service not known',))
'NoneType' object has no attribute 'find_all'
HTTPConnectionPool(host='web.dmi.unict.itcorsi', port=80): Max retries exceeded with url: /l-31 (Caused by NewConnectionError('<urllib3.connection.HTTPConnection object at 0x7fb29019c5f8>: Failed to establish a new connection: [Errno -2] Name or service not known',))
HTTPConnectionPool(host='web.dmi.unict.itcorsi', port=80): Max retries exceeded with url: /l-35 (Caused by NewConnectionError('<urllib3.connection.HTTPConnection object at 0x7fb29019c400>: Failed to establish a new connection: [Errno -2] Name or service not known',))
HTTPConnectionPool(host='web.dmi.unict.itcorsi', port=80): Max retries exceeded with url: /lm-18 (Caused by NewConnectionError('<urllib3.connection.HTTPConnection object at 0x7fb29019c438>: Failed to establish a new connection: [Errno -2] Name or service not known',))
HTTPConnectionPool(host='web.dmi.unict.itcorsi', port=80): Max retries exceeded with url: /lm-40 (Caused by NewConnectionError('<urllib3.connection.HTTPConnection object at 0x7fb29019c5c0>: Failed to establish a new connection: [Errno -2] Name or service not known',))
'NoneType' object has no attribute 'find_all'
HTTPConnectionPool(host='www.dieei.unict.itcorsi', port=80): Max retries exceeded with url: /l-8-ele (Caused by NewConnectionError('<urllib3.connection.HTTPConnection object at 0x7fb281ed8198>: Failed to establish a new connection: [Errno -2] Name or service not known',))
HTTPConnectionPool(host='www.dieei.unict.itcorsi', port=80): Max retries exceeded with url: /l-9 (Caused by NewConnectionError('<urllib3.connection.HTTPConnection object at 0x7fb281cae978>: Failed to establish a new connection: [Errno -2] Name or service not known',))
HTTPConnectionPool(host='www.dieei.unict.itcorsi', port=80): Max retries exceeded with url: /l-8-inf (Caused by NewConnectionError('<urllib3.connection.HTTPConnection object at 0x7fb281caef60>: Failed to establish a new connection: [Errno -2] Name or service not known',))
HTTPConnectionPool(host='www.dieei.unict.itcorsi', port=80): Max retries exceeded with url: /lm-25 (Caused by NewConnectionError('<urllib3.connection.HTTPConnection object at 0x7fb281ed8080>: Failed to establish a new connection: [Errno -2] Name or service not known',))
HTTPConnectionPool(host='www.dieei.unict.itcorsi', port=80): Max retries exceeded with url: /lm-28 (Caused by NewConnectionError('<urllib3.connection.HTTPConnection object at 0x7fb281db7a90>: Failed to establish a new connection: [Errno -2] Name or service not known',))
HTTPConnectionPool(host='www.dieei.unict.itcorsi', port=80): Max retries exceeded with url: /lm-29 (Caused by NewConnectionError('<urllib3.connection.HTTPConnection object at 0x7fb29011b550>: Failed to establish a new connection: [Errno -2] Name or service not known',))
HTTPConnectionPool(host='www.dieei.unict.itcorsi', port=80): Max retries exceeded with url: /lm-27 (Caused by NewConnectionError('<urllib3.connection.HTTPConnection object at 0x7fb281c82c18>: Failed to establish a new connection: [Errno -2] Name or service not known',))
HTTPConnectionPool(host='www.dieei.unict.itcorsi', port=80): Max retries exceeded with url: /lm-32 (Caused by NewConnectionError('<urllib3.connection.HTTPConnection object at 0x7fb281de6c50>: Failed to establish a new connection: [Errno -2] Name or service not known',))
HTTPConnectionPool(host='www.dieei.unict.itcorsi', port=80): Max retries exceeded with url: /l-8-ele (Caused by NewConnectionError('<urllib3.connection.HTTPConnection object at 0x7fb281ed2080>: Failed to establish a new connection: [Errno -2] Name or service not known',))
HTTPConnectionPool(host='www.dieei.unict.itcorsi', port=80): Max retries exceeded with url: /l-9 (Caused by NewConnectionError('<urllib3.connection.HTTPConnection object at 0x7fb290073a20>: Failed to establish a new connection: [Errno -2] Name or service not known',))
HTTPConnectionPool(host='www.dieei.unict.itcorsi', port=80): Max retries exceeded with url: /l-8-inf (Caused by NewConnectionError('<urllib3.connection.HTTPConnection object at 0x7fb290059e80>: Failed to establish a new connection: [Errno -2] Name or service not known',))
HTTPConnectionPool(host='www.dieei.unict.itcorsi', port=80): Max retries exceeded with url: /lm-25 (Caused by NewConnectionError('<urllib3.connection.HTTPConnection object at 0x7fb281ee4fd0>: Failed to establish a new connection: [Errno -2] Name or service not known',))
HTTPConnectionPool(host='www.dieei.unict.itcorsi', port=80): Max retries exceeded with url: /lm-28 (Caused by NewConnectionError('<urllib3.connection.HTTPConnection object at 0x7fb281f0eb38>: Failed to establish a new connection: [Errno -2] Name or service not known',))
HTTPConnectionPool(host='www.dieei.unict.itcorsi', port=80): Max retries exceeded with url: /lm-29 (Caused by NewConnectionError('<urllib3.connection.HTTPConnection object at 0x7fb281caecf8>: Failed to establish a new connection: [Errno -2] Name or service not known',))
HTTPConnectionPool(host='www.dieei.unict.itcorsi', port=80): Max retries exceeded with url: /lm-27 (Caused by NewConnectionError('<urllib3.connection.HTTPConnection object at 0x7fb281f0eac8>: Failed to establish a new connection: [Errno -2] Name or service not known',))
HTTPConnectionPool(host='www.dieei.unict.itcorsi', port=80): Max retries exceeded with url: /lm-32 (Caused by NewConnectionError('<urllib3.connection.HTTPConnection object at 0x7fb281ed2128>: Failed to establish a new connection: [Errno -2] Name or service not known',))
HTTPConnectionPool(host='web.dmi.unict.itcorsi', port=80): Max retries exceeded with url: /l-31 (Caused by NewConnectionError('<urllib3.connection.HTTPConnection object at 0x7f4f3c1704e0>: Failed to establish a new connection: [Errno -2] Name or service not known',))
HTTPConnectionPool(host='web.dmi.unict.itcorsi', port=80): Max retries exceeded with url: /l-35 (Caused by NewConnectionError('<urllib3.connection.HTTPConnection object at 0x7f4f3c170588>: Failed to establish a new connection: [Errno -2] Name or service not known',))
HTTPConnectionPool(host='web.dmi.unict.itcorsi', port=80): Max retries exceeded with url: /lm-18 (Caused by NewConnectionError('<urllib3.connection.HTTPConnection object at 0x7f4f3c170240>: Failed to establish a new connection: [Errno -2] Name or service not known',))
HTTPConnectionPool(host='web.dmi.unict.itcorsi', port=80): Max retries exceeded with url: /lm-40 (Caused by NewConnectionError('<urllib3.connection.HTTPConnection object at 0x7f4f3c170278>: Failed to establish a new connection: [Errno -2] Name or service not known',))
'NoneType' object has no attribute 'find_all'
HTTPConnectionPool(host='web.dmi.unict.itcorsi', port=80): Max retries exceeded with url: /l-31 (Caused by NewConnectionError('<urllib3.connection.HTTPConnection object at 0x7f4f3c131668>: Failed to establish a new connection: [Errno -2] Name or service not known',))
HTTPConnectionPool(host='web.dmi.unict.itcorsi', port=80): Max retries exceeded with url: /l-35 (Caused by NewConnectionError('<urllib3.connection.HTTPConnection object at 0x7f4f3c131470>: Failed to establish a new connection: [Errno -2] Name or service not known',))
HTTPConnectionPool(host='web.dmi.unict.itcorsi', port=80): Max retries exceeded with url: /lm-18 (Caused by NewConnectionError('<urllib3.connection.HTTPConnection object at 0x7f4f3c1314a8>: Failed to establish a new connection: [Errno -2] Name or service not known',))
HTTPConnectionPool(host='web.dmi.unict.itcorsi', port=80): Max retries exceeded with url: /lm-40 (Caused by NewConnectionError('<urllib3.connection.HTTPConnection object at 0x7f4f3c131630>: Failed to establish a new connection: [Errno -2] Name or service not known',))
'NoneType' object has no attribute 'find_all'
HTTPConnectionPool(host='www.dieei.unict.itcorsi', port=80): Max retries exceeded with url: /l-8-ele (Caused by NewConnectionError('<urllib3.connection.HTTPConnection object at 0x7f4f3c1367b8>: Failed to establish a new connection: [Errno -2] Name or service not known',))
HTTPConnectionPool(host='www.dieei.unict.itcorsi', port=80): Max retries exceeded with url: /l-9 (Caused by NewConnectionError('<urllib3.connection.HTTPConnection object at 0x7f4f3c136630>: Failed to establish a new connection: [Errno -2] Name or service not known',))
HTTPConnectionPool(host='www.dieei.unict.itcorsi', port=80): Max retries exceeded with url: /l-8-inf (Caused by NewConnectionError('<urllib3.connection.HTTPConnection object at 0x7f4f3c136828>: Failed to establish a new connection: [Errno -2] Name or service not known',))
HTTPConnectionPool(host='www.dieei.unict.itcorsi', port=80): Max retries exceeded with url: /lm-25 (Caused by NewConnectionError('<urllib3.connection.HTTPConnection object at 0x7f4f3c1366d8>: Failed to establish a new connection: [Errno -2] Name or service not known',))
HTTPConnectionPool(host='www.dieei.unict.itcorsi', port=80): Max retries exceeded with url: /lm-28 (Caused by NewConnectionError('<urllib3.connection.HTTPConnection object at 0x7f4f347b79b0>: Failed to establish a new connection: [Errno -2] Name or service not known',))
HTTPConnectionPool(host='www.dieei.unict.itcorsi', port=80): Max retries exceeded with url: /lm-29 (Caused by NewConnectionError('<urllib3.connection.HTTPConnection object at 0x7f4f3c15e630>: Failed to establish a new connection: [Errno -2] Name or service not known',))
HTTPConnectionPool(host='www.dieei.unict.itcorsi', port=80): Max retries exceeded with url: /lm-27 (Caused by NewConnectionError('<urllib3.connection.HTTPConnection object at 0x7f4f3c15ec50>: Failed to establish a new connection: [Errno -2] Name or service not known',))
HTTPConnectionPool(host='www.dieei.unict.itcorsi', port=80): Max retries exceeded with url: /lm-32 (Caused by NewConnectionError('<urllib3.connection.HTTPConnection object at 0x7f4f3c15e6a0>: Failed to establish a new connection: [Errno -2] Name or service not known',))
HTTPConnectionPool(host='www.dieei.unict.itcorsi', port=80): Max retries exceeded with url: /l-8-ele (Caused by NewConnectionError('<urllib3.connection.HTTPConnection object at 0x7f4f346cdbe0>: Failed to establish a new connection: [Errno -2] Name or service not known',))
HTTPConnectionPool(host='www.dieei.unict.itcorsi', port=80): Max retries exceeded with url: /l-9 (Caused by NewConnectionError('<urllib3.connection.HTTPConnection object at 0x7f4f3c17eb00>: Failed to establish a new connection: [Errno -2] Name or service not known',))
HTTPConnectionPool(host='www.dieei.unict.itcorsi', port=80): Max retries exceeded with url: /l-8-inf (Caused by NewConnectionError('<urllib3.connection.HTTPConnection object at 0x7f4f3c15e9b0>: Failed to establish a new connection: [Errno -2] Name or service not known',))
HTTPConnectionPool(host='www.dieei.unict.itcorsi', port=80): Max retries exceeded with url: /lm-25 (Caused by NewConnectionError('<urllib3.connection.HTTPConnection object at 0x7f4f3c074e10>: Failed to establish a new connection: [Errno -2] Name or service not known',))
HTTPConnectionPool(host='www.dieei.unict.itcorsi', port=80): Max retries exceeded with url: /lm-28 (Caused by NewConnectionError('<urllib3.connection.HTTPConnection object at 0x7f4f3c15e630>: Failed to establish a new connection: [Errno -2] Name or service not known',))
HTTPConnectionPool(host='www.dieei.unict.itcorsi', port=80): Max retries exceeded with url: /lm-29 (Caused by NewConnectionError('<urllib3.connection.HTTPConnection object at 0x7f4f3d220fd0>: Failed to establish a new connection: [Errno -2] Name or service not known',))
HTTPConnectionPool(host='www.dieei.unict.itcorsi', port=80): Max retries exceeded with url: /lm-27 (Caused by NewConnectionError('<urllib3.connection.HTTPConnection object at 0x7f4f3d2203c8>: Failed to establish a new connection: [Errno -2] Name or service not known',))
HTTPConnectionPool(host='www.dieei.unict.itcorsi', port=80): Max retries exceeded with url: /lm-32 (Caused by NewConnectionError('<urllib3.connection.HTTPConnection object at 0x7f4f3d220e80>: Failed to establish a new connection: [Errno -2] Name or service not known',))
HTTPConnectionPool(host='web.dmi.unict.itcorsi', port=80): Max retries exceeded with url: /l-31 (Caused by NewConnectionError('<urllib3.connection.HTTPConnection object at 0x7fb700121358>: Failed to establish a new connection: [Errno -2] Name or service not known',))
HTTPConnectionPool(host='web.dmi.unict.itcorsi', port=80): Max retries exceeded with url: /l-35 (Caused by NewConnectionError('<urllib3.connection.HTTPConnection object at 0x7fb7001213c8>: Failed to establish a new connection: [Errno -2] Name or service not known',))
HTTPConnectionPool(host='web.dmi.unict.itcorsi', port=80): Max retries exceeded with url: /lm-18 (Caused by NewConnectionError('<urllib3.connection.HTTPConnection object at 0x7fb700121320>: Failed to establish a new connection: [Errno -2] Name or service not known',))
HTTPConnectionPool(host='web.dmi.unict.itcorsi', port=80): Max retries exceeded with url: /lm-40 (Caused by NewConnectionError('<urllib3.connection.HTTPConnection object at 0x7fb700121358>: Failed to establish a new connection: [Errno -2] Name or service not known',))
'NoneType' object has no attribute 'find_all'
HTTPConnectionPool(host='web.dmi.unict.itcorsi', port=80): Max retries exceeded with url: /l-31 (Caused by NewConnectionError('<urllib3.connection.HTTPConnection object at 0x7fb7000e25f8>: Failed to establish a new connection: [Errno -2] Name or service not known',))
HTTPConnectionPool(host='web.dmi.unict.itcorsi', port=80): Max retries exceeded with url: /l-35 (Caused by NewConnectionError('<urllib3.connection.HTTPConnection object at 0x7fb7000e2400>: Failed to establish a new connection: [Errno -2] Name or service not known',))
HTTPConnectionPool(host='web.dmi.unict.itcorsi', port=80): Max retries exceeded with url: /lm-18 (Caused by NewConnectionError('<urllib3.connection.HTTPConnection object at 0x7fb7000e2438>: Failed to establish a new connection: [Errno -2] Name or service not known',))
HTTPConnectionPool(host='web.dmi.unict.itcorsi', port=80): Max retries exceeded with url: /lm-40 (Caused by NewConnectionError('<urllib3.connection.HTTPConnection object at 0x7fb7000e25c0>: Failed to establish a new connection: [Errno -2] Name or service not known',))
'NoneType' object has no attribute 'find_all'
HTTPConnectionPool(host='www.dieei.unict.itcorsi', port=80): Max retries exceeded with url: /l-8-ele (Caused by NewConnectionError('<urllib3.connection.HTTPConnection object at 0x7fb70012ed30>: Failed to establish a new connection: [Errno -2] Name or service not known',))
HTTPConnectionPool(host='www.dieei.unict.itcorsi', port=80): Max retries exceeded with url: /l-9 (Caused by NewConnectionError('<urllib3.connection.HTTPConnection object at 0x7fb70012ec88>: Failed to establish a new connection: [Errno -2] Name or service not known',))
HTTPConnectionPool(host='www.dieei.unict.itcorsi', port=80): Max retries exceeded with url: /l-8-inf (Caused by NewConnectionError('<urllib3.connection.HTTPConnection object at 0x7fb70012eda0>: Failed to establish a new connection: [Errno -2] Name or service not known',))
HTTPConnectionPool(host='www.dieei.unict.itcorsi', port=80): Max retries exceeded with url: /lm-25 (Caused by NewConnectionError('<urllib3.connection.HTTPConnection object at 0x7fb70012eef0>: Failed to establish a new connection: [Errno -2] Name or service not known',))
HTTPConnectionPool(host='www.dieei.unict.itcorsi', port=80): Max retries exceeded with url: /lm-28 (Caused by NewConnectionError('<urllib3.connection.HTTPConnection object at 0x7fb6f1ce66d8>: Failed to establish a new connection: [Errno -2] Name or service not known',))
HTTPConnectionPool(host='www.dieei.unict.itcorsi', port=80): Max retries exceeded with url: /lm-29 (Caused by NewConnectionError('<urllib3.connection.HTTPConnection object at 0x7fb7000caa20>: Failed to establish a new connection: [Errno -2] Name or service not known',))
HTTPConnectionPool(host='www.dieei.unict.itcorsi', port=80): Max retries exceeded with url: /lm-27 (Caused by NewConnectionError('<urllib3.connection.HTTPConnection object at 0x7fb6f1ce6b70>: Failed to establish a new connection: [Errno -2] Name or service not known',))
HTTPConnectionPool(host='www.dieei.unict.itcorsi', port=80): Max retries exceeded with url: /lm-32 (Caused by NewConnectionError('<urllib3.connection.HTTPConnection object at 0x7fb6f1ce6d68>: Failed to establish a new connection: [Errno -2] Name or service not known',))
HTTPConnectionPool(host='www.dieei.unict.itcorsi', port=80): Max retries exceeded with url: /l-8-ele (Caused by NewConnectionError('<urllib3.connection.HTTPConnection object at 0x7fb6f1d82f28>: Failed to establish a new connection: [Errno -2] Name or service not known',))
HTTPConnectionPool(host='www.dieei.unict.itcorsi', port=80): Max retries exceeded with url: /l-9 (Caused by NewConnectionError('<urllib3.connection.HTTPConnection object at 0x7fb6f1d25a90>: Failed to establish a new connection: [Errno -2] Name or service not known',))
HTTPConnectionPool(host='www.dieei.unict.itcorsi', port=80): Max retries exceeded with url: /l-8-inf (Caused by NewConnectionError('<urllib3.connection.HTTPConnection object at 0x7fb6f1e26ef0>: Failed to establish a new connection: [Errno -2] Name or service not known',))
HTTPConnectionPool(host='www.dieei.unict.itcorsi', port=80): Max retries exceeded with url: /lm-25 (Caused by NewConnectionError('<urllib3.connection.HTTPConnection object at 0x7fb6f1edc0f0>: Failed to establish a new connection: [Errno -2] Name or service not known',))
HTTPConnectionPool(host='www.dieei.unict.itcorsi', port=80): Max retries exceeded with url: /lm-28 (Caused by NewConnectionError('<urllib3.connection.HTTPConnection object at 0x7fb6f1edc048>: Failed to establish a new connection: [Errno -2] Name or service not known',))
HTTPConnectionPool(host='www.dieei.unict.itcorsi', port=80): Max retries exceeded with url: /lm-29 (Caused by NewConnectionError('<urllib3.connection.HTTPConnection object at 0x7fb6f1de1ba8>: Failed to establish a new connection: [Errno -2] Name or service not known',))
HTTPConnectionPool(host='www.dieei.unict.itcorsi', port=80): Max retries exceeded with url: /lm-27 (Caused by NewConnectionError('<urllib3.connection.HTTPConnection object at 0x7fb6f1edc550>: Failed to establish a new connection: [Errno -2] Name or service not known',))
HTTPConnectionPool(host='www.dieei.unict.itcorsi', port=80): Max retries exceeded with url: /lm-32 (Caused by NewConnectionError('<urllib3.connection.HTTPConnection object at 0x7fb6f1edc0b8>: Failed to establish a new connection: [Errno -2] Name or service not known',))
HTTPConnectionPool(host='web.dmi.unict.itcorsi', port=80): Max retries exceeded with url: /l-31 (Caused by NewConnectionError('<urllib3.connection.HTTPConnection object at 0x7fad884ff320>: Failed to establish a new connection: [Errno -2] Name or service not known',))
HTTPConnectionPool(host='web.dmi.unict.itcorsi', port=80): Max retries exceeded with url: /l-35 (Caused by NewConnectionError('<urllib3.connection.HTTPConnection object at 0x7fad884ff390>: Failed to establish a new connection: [Errno -2] Name or service not known',))
HTTPConnectionPool(host='web.dmi.unict.itcorsi', port=80): Max retries exceeded with url: /lm-18 (Caused by NewConnectionError('<urllib3.connection.HTTPConnection object at 0x7fad884ff2e8>: Failed to establish a new connection: [Errno -2] Name or service not known',))
HTTPConnectionPool(host='web.dmi.unict.itcorsi', port=80): Max retries exceeded with url: /lm-40 (Caused by NewConnectionError('<urllib3.connection.HTTPConnection object at 0x7fad884ff320>: Failed to establish a new connection: [Errno -2] Name or service not known',))
'NoneType' object has no attribute 'find_all'
HTTPConnectionPool(host='web.dmi.unict.itcorsi', port=80): Max retries exceeded with url: /l-31 (Caused by NewConnectionError('<urllib3.connection.HTTPConnection object at 0x7fad884c35f8>: Failed to establish a new connection: [Errno -2] Name or service not known',))
HTTPConnectionPool(host='web.dmi.unict.itcorsi', port=80): Max retries exceeded with url: /l-35 (Caused by NewConnectionError('<urllib3.connection.HTTPConnection object at 0x7fad884c3400>: Failed to establish a new connection: [Errno -2] Name or service not known',))
HTTPConnectionPool(host='web.dmi.unict.itcorsi', port=80): Max retries exceeded with url: /lm-18 (Caused by NewConnectionError('<urllib3.connection.HTTPConnection object at 0x7fad884c3438>: Failed to establish a new connection: [Errno -2] Name or service not known',))
HTTPConnectionPool(host='web.dmi.unict.itcorsi', port=80): Max retries exceeded with url: /lm-40 (Caused by NewConnectionError('<urllib3.connection.HTTPConnection object at 0x7fad884c35c0>: Failed to establish a new connection: [Errno -2] Name or service not known',))
'NoneType' object has no attribute 'find_all'
HTTPConnectionPool(host='www.dieei.unict.itcorsi', port=80): Max retries exceeded with url: /l-8-ele (Caused by NewConnectionError('<urllib3.connection.HTTPConnection object at 0x7fad8828c240>: Failed to establish a new connection: [Errno -2] Name or service not known',))
HTTPConnectionPool(host='www.dieei.unict.itcorsi', port=80): Max retries exceeded with url: /l-9 (Caused by NewConnectionError('<urllib3.connection.HTTPConnection object at 0x7fad8828c048>: Failed to establish a new connection: [Errno -2] Name or service not known',))
HTTPConnectionPool(host='www.dieei.unict.itcorsi', port=80): Max retries exceeded with url: /l-8-inf (Caused by NewConnectionError('<urllib3.connection.HTTPConnection object at 0x7fad88266f28>: Failed to establish a new connection: [Errno -2] Name or service not known',))
HTTPConnectionPool(host='www.dieei.unict.itcorsi', port=80): Max retries exceeded with url: /lm-25 (Caused by NewConnectionError('<urllib3.connection.HTTPConnection object at 0x7fad8828c240>: Failed to establish a new connection: [Errno -2] Name or service not known',))
HTTPConnectionPool(host='www.dieei.unict.itcorsi', port=80): Max retries exceeded with url: /lm-28 (Caused by NewConnectionError('<urllib3.connection.HTTPConnection object at 0x7fad885345f8>: Failed to establish a new connection: [Errno -2] Name or service not known',))
HTTPConnectionPool(host='www.dieei.unict.itcorsi', port=80): Max retries exceeded with url: /lm-29 (Caused by NewConnectionError('<urllib3.connection.HTTPConnection object at 0x7fad880ff390>: Failed to establish a new connection: [Errno -2] Name or service not known',))
HTTPConnectionPool(host='www.dieei.unict.itcorsi', port=80): Max retries exceeded with url: /lm-27 (Caused by NewConnectionError('<urllib3.connection.HTTPConnection object at 0x7fad88468710>: Failed to establish a new connection: [Errno -2] Name or service not known',))
HTTPConnectionPool(host='www.dieei.unict.itcorsi', port=80): Max retries exceeded with url: /lm-32 (Caused by NewConnectionError('<urllib3.connection.HTTPConnection object at 0x7fad8828c128>: Failed to establish a new connection: [Errno -2] Name or service not known',))
HTTPConnectionPool(host='www.dieei.unict.itcorsi', port=80): Max retries exceeded with url: /l-8-ele (Caused by NewConnectionError('<urllib3.connection.HTTPConnection object at 0x7fad8828b710>: Failed to establish a new connection: [Errno -2] Name or service not known',))
HTTPConnectionPool(host='www.dieei.unict.itcorsi', port=80): Max retries exceeded with url: /l-9 (Caused by NewConnectionError('<urllib3.connection.HTTPConnection object at 0x7fad8846f4e0>: Failed to establish a new connection: [Errno -2] Name or service not known',))
HTTPConnectionPool(host='www.dieei.unict.itcorsi', port=80): Max retries exceeded with url: /l-8-inf (Caused by NewConnectionError('<urllib3.connection.HTTPConnection object at 0x7fad8828bf60>: Failed to establish a new connection: [Errno -2] Name or service not known',))
HTTPConnectionPool(host='www.dieei.unict.itcorsi', port=80): Max retries exceeded with url: /lm-25 (Caused by NewConnectionError('<urllib3.connection.HTTPConnection object at 0x7fad8828b358>: Failed to establish a new connection: [Errno -2] Name or service not known',))
HTTPConnectionPool(host='www.dieei.unict.itcorsi', port=80): Max retries exceeded with url: /lm-28 (Caused by NewConnectionError('<urllib3.connection.HTTPConnection object at 0x7fad8828bf60>: Failed to establish a new connection: [Errno -2] Name or service not known',))
HTTPConnectionPool(host='www.dieei.unict.itcorsi', port=80): Max retries exceeded with url: /lm-29 (Caused by NewConnectionError('<urllib3.connection.HTTPConnection object at 0x7fad8828b780>: Failed to establish a new connection: [Errno -2] Name or service not known',))
HTTPConnectionPool(host='www.dieei.unict.itcorsi', port=80): Max retries exceeded with url: /lm-27 (Caused by NewConnectionError('<urllib3.connection.HTTPConnection object at 0x7fad8828b358>: Failed to establish a new connection: [Errno -2] Name or service not known',))
HTTPConnectionPool(host='www.dieei.unict.itcorsi', port=80): Max retries exceeded with url: /lm-32 (Caused by NewConnectionError('<urllib3.connection.HTTPConnection object at 0x7fad8828bf60>: Failed to establish a new connection: [Errno -2] Name or service not known',))
HTTPConnectionPool(host='web.dmi.unict.itcorsi', port=80): Max retries exceeded with url: /l-31 (Caused by NewConnectionError('<urllib3.connection.HTTPConnection object at 0x7f86103ec518>: Failed to establish a new connection: [Errno -2] Name or service not known',))
HTTPConnectionPool(host='web.dmi.unict.itcorsi', port=80): Max retries exceeded with url: /l-35 (Caused by NewConnectionError('<urllib3.connection.HTTPConnection object at 0x7f86103ec5c0>: Failed to establish a new connection: [Errno -2] Name or service not known',))
HTTPConnectionPool(host='web.dmi.unict.itcorsi', port=80): Max retries exceeded with url: /lm-18 (Caused by NewConnectionError('<urllib3.connection.HTTPConnection object at 0x7f86103ec278>: Failed to establish a new connection: [Errno -2] Name or service not known',))
HTTPConnectionPool(host='web.dmi.unict.itcorsi', port=80): Max retries exceeded with url: /lm-40 (Caused by NewConnectionError('<urllib3.connection.HTTPConnection object at 0x7f86103ec2b0>: Failed to establish a new connection: [Errno -2] Name or service not known',))
'NoneType' object has no attribute 'find_all'
HTTPConnectionPool(host='web.dmi.unict.itcorsi', port=80): Max retries exceeded with url: /l-31 (Caused by NewConnectionError('<urllib3.connection.HTTPConnection object at 0x7f86103b7668>: Failed to establish a new connection: [Errno -2] Name or service not known',))
HTTPConnectionPool(host='web.dmi.unict.itcorsi', port=80): Max retries exceeded with url: /l-35 (Caused by NewConnectionError('<urllib3.connection.HTTPConnection object at 0x7f86103b7470>: Failed to establish a new connection: [Errno -2] Name or service not known',))
HTTPConnectionPool(host='web.dmi.unict.itcorsi', port=80): Max retries exceeded with url: /lm-18 (Caused by NewConnectionError('<urllib3.connection.HTTPConnection object at 0x7f86103b74a8>: Failed to establish a new connection: [Errno -2] Name or service not known',))
HTTPConnectionPool(host='web.dmi.unict.itcorsi', port=80): Max retries exceeded with url: /lm-40 (Caused by NewConnectionError('<urllib3.connection.HTTPConnection object at 0x7f86103b7630>: Failed to establish a new connection: [Errno -2] Name or service not known',))
'NoneType' object has no attribute 'find_all'
HTTPConnectionPool(host='www.dieei.unict.itcorsi', port=80): Max retries exceeded with url: /l-8-ele (Caused by NewConnectionError('<urllib3.connection.HTTPConnection object at 0x7f86100e3da0>: Failed to establish a new connection: [Errno -2] Name or service not known',))
HTTPConnectionPool(host='www.dieei.unict.itcorsi', port=80): Max retries exceeded with url: /l-9 (Caused by NewConnectionError('<urllib3.connection.HTTPConnection object at 0x7f86100e3d30>: Failed to establish a new connection: [Errno -2] Name or service not known',))
HTTPConnectionPool(host='www.dieei.unict.itcorsi', port=80): Max retries exceeded with url: /l-8-inf (Caused by NewConnectionError('<urllib3.connection.HTTPConnection object at 0x7f86100e3da0>: Failed to establish a new connection: [Errno -2] Name or service not known',))
HTTPConnectionPool(host='www.dieei.unict.itcorsi', port=80): Max retries exceeded with url: /lm-25 (Caused by NewConnectionError('<urllib3.connection.HTTPConnection object at 0x7f86100e3eb8>: Failed to establish a new connection: [Errno -2] Name or service not known',))
HTTPConnectionPool(host='www.dieei.unict.itcorsi', port=80): Max retries exceeded with url: /lm-28 (Caused by NewConnectionError('<urllib3.connection.HTTPConnection object at 0x7f8610025710>: Failed to establish a new connection: [Errno -2] Name or service not known',))
HTTPConnectionPool(host='www.dieei.unict.itcorsi', port=80): Max retries exceeded with url: /lm-29 (Caused by NewConnectionError('<urllib3.connection.HTTPConnection object at 0x7f86101fa588>: Failed to establish a new connection: [Errno -2] Name or service not known',))
HTTPConnectionPool(host='www.dieei.unict.itcorsi', port=80): Max retries exceeded with url: /lm-27 (Caused by NewConnectionError('<urllib3.connection.HTTPConnection object at 0x7f86101fa198>: Failed to establish a new connection: [Errno -2] Name or service not known',))
HTTPConnectionPool(host='www.dieei.unict.itcorsi', port=80): Max retries exceeded with url: /lm-32 (Caused by NewConnectionError('<urllib3.connection.HTTPConnection object at 0x7f86101fa780>: Failed to establish a new connection: [Errno -2] Name or service not known',))
HTTPConnectionPool(host='www.dieei.unict.itcorsi', port=80): Max retries exceeded with url: /l-8-ele (Caused by NewConnectionError('<urllib3.connection.HTTPConnection object at 0x7f86101f9cc0>: Failed to establish a new connection: [Errno -2] Name or service not known',))
HTTPConnectionPool(host='www.dieei.unict.itcorsi', port=80): Max retries exceeded with url: /l-9 (Caused by NewConnectionError('<urllib3.connection.HTTPConnection object at 0x7f8613aecf98>: Failed to establish a new connection: [Errno -2] Name or service not known',))
HTTPConnectionPool(host='www.dieei.unict.itcorsi', port=80): Max retries exceeded with url: /l-8-inf (Caused by NewConnectionError('<urllib3.connection.HTTPConnection object at 0x7f86103d49e8>: Failed to establish a new connection: [Errno -2] Name or service not known',))
HTTPConnectionPool(host='www.dieei.unict.itcorsi', port=80): Max retries exceeded with url: /lm-25 (Caused by NewConnectionError('<urllib3.connection.HTTPConnection object at 0x7f86101fa550>: Failed to establish a new connection: [Errno -2] Name or service not known',))
HTTPConnectionPool(host='www.dieei.unict.itcorsi', port=80): Max retries exceeded with url: /lm-28 (Caused by NewConnectionError('<urllib3.connection.HTTPConnection object at 0x7f86101f9c88>: Failed to establish a new connection: [Errno -2] Name or service not known',))
HTTPConnectionPool(host='www.dieei.unict.itcorsi', port=80): Max retries exceeded with url: /lm-29 (Caused by NewConnectionError('<urllib3.connection.HTTPConnection object at 0x7f86101f9dd8>: Failed to establish a new connection: [Errno -2] Name or service not known',))
HTTPConnectionPool(host='www.dieei.unict.itcorsi', port=80): Max retries exceeded with url: /lm-27 (Caused by NewConnectionError('<urllib3.connection.HTTPConnection object at 0x7f86101f9ef0>: Failed to establish a new connection: [Errno -2] Name or service not known',))
HTTPConnectionPool(host='www.dieei.unict.itcorsi', port=80): Max retries exceeded with url: /lm-32 (Caused by NewConnectionError('<urllib3.connection.HTTPConnection object at 0x7f86101f9f60>: Failed to establish a new connection: [Errno -2] Name or service not known',))
HTTPConnectionPool(host='web.dmi.unict.itcorsi', port=80): Max retries exceeded with url: /l-31 (Caused by NewConnectionError('<urllib3.connection.HTTPConnection object at 0x7f4374462518>: Failed to establish a new connection: [Errno -2] Name or service not known',))
HTTPConnectionPool(host='web.dmi.unict.itcorsi', port=80): Max retries exceeded with url: /l-35 (Caused by NewConnectionError('<urllib3.connection.HTTPConnection object at 0x7f43744625c0>: Failed to establish a new connection: [Errno -2] Name or service not known',))
HTTPConnectionPool(host='web.dmi.unict.itcorsi', port=80): Max retries exceeded with url: /lm-18 (Caused by NewConnectionError('<urllib3.connection.HTTPConnection object at 0x7f4374462278>: Failed to establish a new connection: [Errno -2] Name or service not known',))
HTTPConnectionPool(host='web.dmi.unict.itcorsi', port=80): Max retries exceeded with url: /lm-40 (Caused by NewConnectionError('<urllib3.connection.HTTPConnection object at 0x7f43744622b0>: Failed to establish a new connection: [Errno -2] Name or service not known',))
'NoneType' object has no attribute 'find_all'
HTTPConnectionPool(host='web.dmi.unict.itcorsi', port=80): Max retries exceeded with url: /l-31 (Caused by NewConnectionError('<urllib3.connection.HTTPConnection object at 0x7f4374423668>: Failed to establish a new connection: [Errno -2] Name or service not known',))
HTTPConnectionPool(host='web.dmi.unict.itcorsi', port=80): Max retries exceeded with url: /l-35 (Caused by NewConnectionError('<urllib3.connection.HTTPConnection object at 0x7f4374423470>: Failed to establish a new connection: [Errno -2] Name or service not known',))
HTTPConnectionPool(host='web.dmi.unict.itcorsi', port=80): Max retries exceeded with url: /lm-18 (Caused by NewConnectionError('<urllib3.connection.HTTPConnection object at 0x7f43744234a8>: Failed to establish a new connection: [Errno -2] Name or service not known',))
HTTPConnectionPool(host='web.dmi.unict.itcorsi', port=80): Max retries exceeded with url: /lm-40 (Caused by NewConnectionError('<urllib3.connection.HTTPConnection object at 0x7f4374423630>: Failed to establish a new connection: [Errno -2] Name or service not known',))
'NoneType' object has no attribute 'find_all'
HTTPConnectionPool(host='www.dieei.unict.itcorsi', port=80): Max retries exceeded with url: /l-8-ele (Caused by NewConnectionError('<urllib3.connection.HTTPConnection object at 0x7f4374211e80>: Failed to establish a new connection: [Errno -2] Name or service not known',))
HTTPConnectionPool(host='www.dieei.unict.itcorsi', port=80): Max retries exceeded with url: /l-9 (Caused by NewConnectionError('<urllib3.connection.HTTPConnection object at 0x7f4374211898>: Failed to establish a new connection: [Errno -2] Name or service not known',))
HTTPConnectionPool(host='www.dieei.unict.itcorsi', port=80): Max retries exceeded with url: /l-8-inf (Caused by NewConnectionError('<urllib3.connection.HTTPConnection object at 0x7f4374211cc0>: Failed to establish a new connection: [Errno -2] Name or service not known',))
HTTPConnectionPool(host='www.dieei.unict.itcorsi', port=80): Max retries exceeded with url: /lm-25 (Caused by NewConnectionError('<urllib3.connection.HTTPConnection object at 0x7f4374211fd0>: Failed to establish a new connection: [Errno -2] Name or service not known',))
HTTPConnectionPool(host='www.dieei.unict.itcorsi', port=80): Max retries exceeded with url: /lm-28 (Caused by NewConnectionError('<urllib3.connection.HTTPConnection object at 0x7f43740bea20>: Failed to establish a new connection: [Errno -2] Name or service not known',))
HTTPConnectionPool(host='www.dieei.unict.itcorsi', port=80): Max retries exceeded with url: /lm-29 (Caused by NewConnectionError('<urllib3.connection.HTTPConnection object at 0x7f4374139898>: Failed to establish a new connection: [Errno -2] Name or service not known',))
HTTPConnectionPool(host='www.dieei.unict.itcorsi', port=80): Max retries exceeded with url: /lm-27 (Caused by NewConnectionError('<urllib3.connection.HTTPConnection object at 0x7f4374139898>: Failed to establish a new connection: [Errno -2] Name or service not known',))
HTTPConnectionPool(host='www.dieei.unict.itcorsi', port=80): Max retries exceeded with url: /lm-32 (Caused by NewConnectionError('<urllib3.connection.HTTPConnection object at 0x7f4374211438>: Failed to establish a new connection: [Errno -2] Name or service not known',))
HTTPConnectionPool(host='www.dieei.unict.itcorsi', port=80): Max retries exceeded with url: /l-8-ele (Caused by NewConnectionError('<urllib3.connection.HTTPConnection object at 0x7f437406b080>: Failed to establish a new connection: [Errno -2] Name or service not known',))
HTTPConnectionPool(host='www.dieei.unict.itcorsi', port=80): Max retries exceeded with url: /l-9 (Caused by NewConnectionError('<urllib3.connection.HTTPConnection object at 0x7f43743395c0>: Failed to establish a new connection: [Errno -2] Name or service not known',))
HTTPConnectionPool(host='www.dieei.unict.itcorsi', port=80): Max retries exceeded with url: /l-8-inf (Caused by NewConnectionError('<urllib3.connection.HTTPConnection object at 0x7f4376b47d68>: Failed to establish a new connection: [Errno -2] Name or service not known',))
HTTPConnectionPool(host='www.dieei.unict.itcorsi', port=80): Max retries exceeded with url: /lm-25 (Caused by NewConnectionError('<urllib3.connection.HTTPConnection object at 0x7f43740be2b0>: Failed to establish a new connection: [Errno -2] Name or service not known',))
HTTPConnectionPool(host='www.dieei.unict.itcorsi', port=80): Max retries exceeded with url: /lm-28 (Caused by NewConnectionError('<urllib3.connection.HTTPConnection object at 0x7f43743b1ef0>: Failed to establish a new connection: [Errno -2] Name or service not known',))
HTTPConnectionPool(host='www.dieei.unict.itcorsi', port=80): Max retries exceeded with url: /lm-29 (Caused by NewConnectionError('<urllib3.connection.HTTPConnection object at 0x7f43743b1e80>: Failed to establish a new connection: [Errno -2] Name or service not known',))
HTTPConnectionPool(host='www.dieei.unict.itcorsi', port=80): Max retries exceeded with url: /lm-27 (Caused by NewConnectionError('<urllib3.connection.HTTPConnection object at 0x7f43743b1ef0>: Failed to establish a new connection: [Errno -2] Name or service not known',))
HTTPConnectionPool(host='www.dieei.unict.itcorsi', port=80): Max retries exceeded with url: /lm-32 (Caused by NewConnectionError('<urllib3.connection.HTTPConnection object at 0x7f43743b1908>: Failed to establish a new connection: [Errno -2] Name or service not known',))
HTTPConnectionPool(host='web.dmi.unict.itcorsi', port=80): Max retries exceeded with url: /l-31 (Caused by NewConnectionError('<urllib3.connection.HTTPConnection object at 0x7f5da8506f28>: Failed to establish a new connection: [Errno -2] Name or service not known',))
HTTPConnectionPool(host='web.dmi.unict.itcorsi', port=80): Max retries exceeded with url: /l-35 (Caused by NewConnectionError('<urllib3.connection.HTTPConnection object at 0x7f5da8506eb8>: Failed to establish a new connection: [Errno -2] Name or service not known',))
HTTPConnectionPool(host='web.dmi.unict.itcorsi', port=80): Max retries exceeded with url: /lm-18 (Caused by NewConnectionError('<urllib3.connection.HTTPConnection object at 0x7f5da8506fd0>: Failed to establish a new connection: [Errno -2] Name or service not known',))
HTTPConnectionPool(host='web.dmi.unict.itcorsi', port=80): Max retries exceeded with url: /lm-40 (Caused by NewConnectionError('<urllib3.connection.HTTPConnection object at 0x7f5da8506f28>: Failed to establish a new connection: [Errno -2] Name or service not known',))
'NoneType' object has no attribute 'find_all'
HTTPConnectionPool(host='web.dmi.unict.itcorsi', port=80): Max retries exceeded with url: /l-31 (Caused by NewConnectionError('<urllib3.connection.HTTPConnection object at 0x7f5da84e3630>: Failed to establish a new connection: [Errno -2] Name or service not known',))
HTTPConnectionPool(host='web.dmi.unict.itcorsi', port=80): Max retries exceeded with url: /l-35 (Caused by NewConnectionError('<urllib3.connection.HTTPConnection object at 0x7f5da84e3438>: Failed to establish a new connection: [Errno -2] Name or service not known',))
HTTPConnectionPool(host='web.dmi.unict.itcorsi', port=80): Max retries exceeded with url: /lm-18 (Caused by NewConnectionError('<urllib3.connection.HTTPConnection object at 0x7f5da84e3470>: Failed to establish a new connection: [Errno -2] Name or service not known',))
HTTPConnectionPool(host='web.dmi.unict.itcorsi', port=80): Max retries exceeded with url: /lm-40 (Caused by NewConnectionError('<urllib3.connection.HTTPConnection object at 0x7f5da84e35f8>: Failed to establish a new connection: [Errno -2] Name or service not known',))
'NoneType' object has no attribute 'find_all'
HTTPConnectionPool(host='www.dieei.unict.itcorsi', port=80): Max retries exceeded with url: /l-8-ele (Caused by NewConnectionError('<urllib3.connection.HTTPConnection object at 0x7f5da8491da0>: Failed to establish a new connection: [Errno -2] Name or service not known',))
HTTPConnectionPool(host='www.dieei.unict.itcorsi', port=80): Max retries exceeded with url: /l-9 (Caused by NewConnectionError('<urllib3.connection.HTTPConnection object at 0x7f5da8491cc0>: Failed to establish a new connection: [Errno -2] Name or service not known',))
HTTPConnectionPool(host='www.dieei.unict.itcorsi', port=80): Max retries exceeded with url: /l-8-inf (Caused by NewConnectionError('<urllib3.connection.HTTPConnection object at 0x7f5da8491d68>: Failed to establish a new connection: [Errno -2] Name or service not known',))
HTTPConnectionPool(host='www.dieei.unict.itcorsi', port=80): Max retries exceeded with url: /lm-25 (Caused by NewConnectionError('<urllib3.connection.HTTPConnection object at 0x7f5da8491e48>: Failed to establish a new connection: [Errno -2] Name or service not known',))
HTTPConnectionPool(host='www.dieei.unict.itcorsi', port=80): Max retries exceeded with url: /lm-28 (Caused by NewConnectionError('<urllib3.connection.HTTPConnection object at 0x7f5da8164518>: Failed to establish a new connection: [Errno -2] Name or service not known',))
HTTPConnectionPool(host='www.dieei.unict.itcorsi', port=80): Max retries exceeded with url: /lm-29 (Caused by NewConnectionError('<urllib3.connection.HTTPConnection object at 0x7f5da825fd68>: Failed to establish a new connection: [Errno -2] Name or service not known',))
HTTPConnectionPool(host='www.dieei.unict.itcorsi', port=80): Max retries exceeded with url: /lm-27 (Caused by NewConnectionError('<urllib3.connection.HTTPConnection object at 0x7f5da825fb38>: Failed to establish a new connection: [Errno -2] Name or service not known',))
HTTPConnectionPool(host='www.dieei.unict.itcorsi', port=80): Max retries exceeded with url: /lm-32 (Caused by NewConnectionError('<urllib3.connection.HTTPConnection object at 0x7f5da84919b0>: Failed to establish a new connection: [Errno -2] Name or service not known',))
HTTPConnectionPool(host='www.dieei.unict.itcorsi', port=80): Max retries exceeded with url: /l-8-ele (Caused by NewConnectionError('<urllib3.connection.HTTPConnection object at 0x7f5da8183d68>: Failed to establish a new connection: [Errno -2] Name or service not known',))
HTTPConnectionPool(host='www.dieei.unict.itcorsi', port=80): Max retries exceeded with url: /l-9 (Caused by NewConnectionError('<urllib3.connection.HTTPConnection object at 0x7f5da82606a0>: Failed to establish a new connection: [Errno -2] Name or service not known',))
HTTPConnectionPool(host='www.dieei.unict.itcorsi', port=80): Max retries exceeded with url: /l-8-inf (Caused by NewConnectionError('<urllib3.connection.HTTPConnection object at 0x7f5da826bbe0>: Failed to establish a new connection: [Errno -2] Name or service not known',))
HTTPConnectionPool(host='www.dieei.unict.itcorsi', port=80): Max retries exceeded with url: /lm-25 (Caused by NewConnectionError('<urllib3.connection.HTTPConnection object at 0x7f5da84f9e10>: Failed to establish a new connection: [Errno -2] Name or service not known',))
HTTPConnectionPool(host='www.dieei.unict.itcorsi', port=80): Max retries exceeded with url: /lm-28 (Caused by NewConnectionError('<urllib3.connection.HTTPConnection object at 0x7f5da8121828>: Failed to establish a new connection: [Errno -2] Name or service not known',))
HTTPConnectionPool(host='www.dieei.unict.itcorsi', port=80): Max retries exceeded with url: /lm-29 (Caused by NewConnectionError('<urllib3.connection.HTTPConnection object at 0x7f5da8121208>: Failed to establish a new connection: [Errno -2] Name or service not known',))
HTTPConnectionPool(host='www.dieei.unict.itcorsi', port=80): Max retries exceeded with url: /lm-27 (Caused by NewConnectionError('<urllib3.connection.HTTPConnection object at 0x7f5da8121828>: Failed to establish a new connection: [Errno -2] Name or service not known',))
HTTPConnectionPool(host='www.dieei.unict.itcorsi', port=80): Max retries exceeded with url: /lm-32 (Caused by NewConnectionError('<urllib3.connection.HTTPConnection object at 0x7f5da8183780>: Failed to establish a new connection: [Errno -2] Name or service not known',))
HTTPConnectionPool(host='web.dmi.unict.itcorsi', port=80): Max retries exceeded with url: /l-31 (Caused by NewConnectionError('<urllib3.connection.HTTPConnection object at 0x7fad7056f4e0>: Failed to establish a new connection: [Errno -2] Name or service not known',))
HTTPConnectionPool(host='web.dmi.unict.itcorsi', port=80): Max retries exceeded with url: /l-35 (Caused by NewConnectionError('<urllib3.connection.HTTPConnection object at 0x7fad7056f588>: Failed to establish a new connection: [Errno -2] Name or service not known',))
HTTPConnectionPool(host='web.dmi.unict.itcorsi', port=80): Max retries exceeded with url: /lm-18 (Caused by NewConnectionError('<urllib3.connection.HTTPConnection object at 0x7fad7056f240>: Failed to establish a new connection: [Errno -2] Name or service not known',))
HTTPConnectionPool(host='web.dmi.unict.itcorsi', port=80): Max retries exceeded with url: /lm-40 (Caused by NewConnectionError('<urllib3.connection.HTTPConnection object at 0x7fad7056f278>: Failed to establish a new connection: [Errno -2] Name or service not known',))
'NoneType' object has no attribute 'find_all'
HTTPConnectionPool(host='web.dmi.unict.itcorsi', port=80): Max retries exceeded with url: /l-31 (Caused by NewConnectionError('<urllib3.connection.HTTPConnection object at 0x7fad70558cc0>: Failed to establish a new connection: [Errno -2] Name or service not known',))
HTTPConnectionPool(host='web.dmi.unict.itcorsi', port=80): Max retries exceeded with url: /l-35 (Caused by NewConnectionError('<urllib3.connection.HTTPConnection object at 0x7fad70558e10>: Failed to establish a new connection: [Errno -2] Name or service not known',))
HTTPConnectionPool(host='web.dmi.unict.itcorsi', port=80): Max retries exceeded with url: /lm-18 (Caused by NewConnectionError('<urllib3.connection.HTTPConnection object at 0x7fad70558e80>: Failed to establish a new connection: [Errno -2] Name or service not known',))
HTTPConnectionPool(host='web.dmi.unict.itcorsi', port=80): Max retries exceeded with url: /lm-40 (Caused by NewConnectionError('<urllib3.connection.HTTPConnection object at 0x7fad70558c18>: Failed to establish a new connection: [Errno -2] Name or service not known',))
'NoneType' object has no attribute 'find_all'
HTTPConnectionPool(host='www.dieei.unict.itcorsi', port=80): Max retries exceeded with url: /l-8-ele (Caused by NewConnectionError('<urllib3.connection.HTTPConnection object at 0x7fad701fe3c8>: Failed to establish a new connection: [Errno -2] Name or service not known',))
HTTPConnectionPool(host='www.dieei.unict.itcorsi', port=80): Max retries exceeded with url: /l-9 (Caused by NewConnectionError('<urllib3.connection.HTTPConnection object at 0x7fad701fe320>: Failed to establish a new connection: [Errno -2] Name or service not known',))
HTTPConnectionPool(host='www.dieei.unict.itcorsi', port=80): Max retries exceeded with url: /l-8-inf (Caused by NewConnectionError('<urllib3.connection.HTTPConnection object at 0x7fad701fe198>: Failed to establish a new connection: [Errno -2] Name or service not known',))
HTTPConnectionPool(host='www.dieei.unict.itcorsi', port=80): Max retries exceeded with url: /lm-25 (Caused by NewConnectionError('<urllib3.connection.HTTPConnection object at 0x7fad701fe240>: Failed to establish a new connection: [Errno -2] Name or service not known',))
HTTPConnectionPool(host='www.dieei.unict.itcorsi', port=80): Max retries exceeded with url: /lm-28 (Caused by NewConnectionError('<urllib3.connection.HTTPConnection object at 0x7fad7050bf98>: Failed to establish a new connection: [Errno -2] Name or service not known',))
HTTPConnectionPool(host='www.dieei.unict.itcorsi', port=80): Max retries exceeded with url: /lm-29 (Caused by NewConnectionError('<urllib3.connection.HTTPConnection object at 0x7fad705b2940>: Failed to establish a new connection: [Errno -2] Name or service not known',))
HTTPConnectionPool(host='www.dieei.unict.itcorsi', port=80): Max retries exceeded with url: /lm-27 (Caused by NewConnectionError('<urllib3.connection.HTTPConnection object at 0x7fad724c8c88>: Failed to establish a new connection: [Errno -2] Name or service not known',))
HTTPConnectionPool(host='www.dieei.unict.itcorsi', port=80): Max retries exceeded with url: /lm-32 (Caused by NewConnectionError('<urllib3.connection.HTTPConnection object at 0x7fad701fe748>: Failed to establish a new connection: [Errno -2] Name or service not known',))
HTTPConnectionPool(host='www.dieei.unict.itcorsi', port=80): Max retries exceeded with url: /l-8-ele (Caused by NewConnectionError('<urllib3.connection.HTTPConnection object at 0x7fad70300240>: Failed to establish a new connection: [Errno -2] Name or service not known',))
HTTPConnectionPool(host='www.dieei.unict.itcorsi', port=80): Max retries exceeded with url: /l-9 (Caused by NewConnectionError('<urllib3.connection.HTTPConnection object at 0x7fad705412e8>: Failed to establish a new connection: [Errno -2] Name or service not known',))
HTTPConnectionPool(host='www.dieei.unict.itcorsi', port=80): Max retries exceeded with url: /l-8-inf (Caused by NewConnectionError('<urllib3.connection.HTTPConnection object at 0x7fad70362dd8>: Failed to establish a new connection: [Errno -2] Name or service not known',))
HTTPConnectionPool(host='www.dieei.unict.itcorsi', port=80): Max retries exceeded with url: /lm-25 (Caused by NewConnectionError('<urllib3.connection.HTTPConnection object at 0x7fad70075e10>: Failed to establish a new connection: [Errno -2] Name or service not known',))
HTTPConnectionPool(host='www.dieei.unict.itcorsi', port=80): Max retries exceeded with url: /lm-28 (Caused by NewConnectionError('<urllib3.connection.HTTPConnection object at 0x7fad70075c18>: Failed to establish a new connection: [Errno -2] Name or service not known',))
HTTPConnectionPool(host='www.dieei.unict.itcorsi', port=80): Max retries exceeded with url: /lm-29 (Caused by NewConnectionError('<urllib3.connection.HTTPConnection object at 0x7fad70075e10>: Failed to establish a new connection: [Errno -2] Name or service not known',))
HTTPConnectionPool(host='www.dieei.unict.itcorsi', port=80): Max retries exceeded with url: /lm-27 (Caused by NewConnectionError('<urllib3.connection.HTTPConnection object at 0x7fad70075c18>: Failed to establish a new connection: [Errno -2] Name or service not known',))
HTTPConnectionPool(host='www.dieei.unict.itcorsi', port=80): Max retries exceeded with url: /lm-32 (Caused by NewConnectionError('<urllib3.connection.HTTPConnection object at 0x7fad70075e10>: Failed to establish a new connection: [Errno -2] Name or service not known',))
HTTPConnectionPool(host='web.dmi.unict.itcorsi', port=80): Max retries exceeded with url: /l-31 (Caused by NewConnectionError('<urllib3.connection.HTTPConnection object at 0x7f8b904fc4e0>: Failed to establish a new connection: [Errno -2] Name or service not known',))
HTTPConnectionPool(host='web.dmi.unict.itcorsi', port=80): Max retries exceeded with url: /l-35 (Caused by NewConnectionError('<urllib3.connection.HTTPConnection object at 0x7f8b904fc470>: Failed to establish a new connection: [Errno -2] Name or service not known',))
HTTPConnectionPool(host='web.dmi.unict.itcorsi', port=80): Max retries exceeded with url: /lm-18 (Caused by NewConnectionError('<urllib3.connection.HTTPConnection object at 0x7f8b904fc4e0>: Failed to establish a new connection: [Errno -2] Name or service not known',))
HTTPConnectionPool(host='web.dmi.unict.itcorsi', port=80): Max retries exceeded with url: /lm-40 (Caused by NewConnectionError('<urllib3.connection.HTTPConnection object at 0x7f8b904fc518>: Failed to establish a new connection: [Errno -2] Name or service not known',))
'NoneType' object has no attribute 'find_all'
HTTPConnectionPool(host='web.dmi.unict.itcorsi', port=80): Max retries exceeded with url: /l-31 (Caused by NewConnectionError('<urllib3.connection.HTTPConnection object at 0x7f8b904ee630>: Failed to establish a new connection: [Errno -2] Name or service not known',))
HTTPConnectionPool(host='web.dmi.unict.itcorsi', port=80): Max retries exceeded with url: /l-35 (Caused by NewConnectionError('<urllib3.connection.HTTPConnection object at 0x7f8b904ee438>: Failed to establish a new connection: [Errno -2] Name or service not known',))
HTTPConnectionPool(host='web.dmi.unict.itcorsi', port=80): Max retries exceeded with url: /lm-18 (Caused by NewConnectionError('<urllib3.connection.HTTPConnection object at 0x7f8b904ee470>: Failed to establish a new connection: [Errno -2] Name or service not known',))
HTTPConnectionPool(host='web.dmi.unict.itcorsi', port=80): Max retries exceeded with url: /lm-40 (Caused by NewConnectionError('<urllib3.connection.HTTPConnection object at 0x7f8b904ee5f8>: Failed to establish a new connection: [Errno -2] Name or service not known',))
'NoneType' object has no attribute 'find_all'
HTTPConnectionPool(host='www.dieei.unict.itcorsi', port=80): Max retries exceeded with url: /l-8-ele (Caused by NewConnectionError('<urllib3.connection.HTTPConnection object at 0x7f8b943f9748>: Failed to establish a new connection: [Errno -2] Name or service not known',))
HTTPConnectionPool(host='www.dieei.unict.itcorsi', port=80): Max retries exceeded with url: /l-9 (Caused by NewConnectionError('<urllib3.connection.HTTPConnection object at 0x7f8b943f98d0>: Failed to establish a new connection: [Errno -2] Name or service not known',))
HTTPConnectionPool(host='www.dieei.unict.itcorsi', port=80): Max retries exceeded with url: /l-8-inf (Caused by NewConnectionError('<urllib3.connection.HTTPConnection object at 0x7f8b90230ac8>: Failed to establish a new connection: [Errno -2] Name or service not known',))
HTTPConnectionPool(host='www.dieei.unict.itcorsi', port=80): Max retries exceeded with url: /lm-25 (Caused by NewConnectionError('<urllib3.connection.HTTPConnection object at 0x7f8b943f9d30>: Failed to establish a new connection: [Errno -2] Name or service not known',))
HTTPConnectionPool(host='www.dieei.unict.itcorsi', port=80): Max retries exceeded with url: /lm-28 (Caused by NewConnectionError('<urllib3.connection.HTTPConnection object at 0x7f8b943f9860>: Failed to establish a new connection: [Errno -2] Name or service not known',))
HTTPConnectionPool(host='www.dieei.unict.itcorsi', port=80): Max retries exceeded with url: /lm-29 (Caused by NewConnectionError('<urllib3.connection.HTTPConnection object at 0x7f8b943f9d68>: Failed to establish a new connection: [Errno -2] Name or service not known',))
HTTPConnectionPool(host='www.dieei.unict.itcorsi', port=80): Max retries exceeded with url: /lm-27 (Caused by NewConnectionError('<urllib3.connection.HTTPConnection object at 0x7f8b943f9d30>: Failed to establish a new connection: [Errno -2] Name or service not known',))
HTTPConnectionPool(host='www.dieei.unict.itcorsi', port=80): Max retries exceeded with url: /lm-32 (Caused by NewConnectionError('<urllib3.connection.HTTPConnection object at 0x7f8b943f9860>: Failed to establish a new connection: [Errno -2] Name or service not known',))
HTTPConnectionPool(host='www.dieei.unict.itcorsi', port=80): Max retries exceeded with url: /l-8-ele (Caused by NewConnectionError('<urllib3.connection.HTTPConnection object at 0x7f8b903436a0>: Failed to establish a new connection: [Errno -2] Name or service not known',))
HTTPConnectionPool(host='www.dieei.unict.itcorsi', port=80): Max retries exceeded with url: /l-9 (Caused by NewConnectionError('<urllib3.connection.HTTPConnection object at 0x7f8b90343588>: Failed to establish a new connection: [Errno -2] Name or service not known',))
HTTPConnectionPool(host='www.dieei.unict.itcorsi', port=80): Max retries exceeded with url: /l-8-inf (Caused by NewConnectionError('<urllib3.connection.HTTPConnection object at 0x7f8b903436a0>: Failed to establish a new connection: [Errno -2] Name or service not known',))
HTTPConnectionPool(host='www.dieei.unict.itcorsi', port=80): Max retries exceeded with url: /lm-25 (Caused by NewConnectionError('<urllib3.connection.HTTPConnection object at 0x7f8b90343860>: Failed to establish a new connection: [Errno -2] Name or service not known',))
HTTPConnectionPool(host='www.dieei.unict.itcorsi', port=80): Max retries exceeded with url: /lm-28 (Caused by NewConnectionError('<urllib3.connection.HTTPConnection object at 0x7f8b90343518>: Failed to establish a new connection: [Errno -2] Name or service not known',))
HTTPConnectionPool(host='www.dieei.unict.itcorsi', port=80): Max retries exceeded with url: /lm-29 (Caused by NewConnectionError('<urllib3.connection.HTTPConnection object at 0x7f8b903437b8>: Failed to establish a new connection: [Errno -2] Name or service not known',))
HTTPConnectionPool(host='www.dieei.unict.itcorsi', port=80): Max retries exceeded with url: /lm-27 (Caused by NewConnectionError('<urllib3.connection.HTTPConnection object at 0x7f8b90343518>: Failed to establish a new connection: [Errno -2] Name or service not known',))
HTTPConnectionPool(host='www.dieei.unict.itcorsi', port=80): Max retries exceeded with url: /lm-32 (Caused by NewConnectionError('<urllib3.connection.HTTPConnection object at 0x7f8b90343860>: Failed to establish a new connection: [Errno -2] Name or service not known',))
HTTPConnectionPool(host='web.dmi.unict.itcorsi', port=80): Max retries exceeded with url: /l-31 (Caused by NewConnectionError('<urllib3.connection.HTTPConnection object at 0x7fc818783e10>: Failed to establish a new connection: [Errno -2] Name or service not known',))
HTTPConnectionPool(host='web.dmi.unict.itcorsi', port=80): Max retries exceeded with url: /l-35 (Caused by NewConnectionError('<urllib3.connection.HTTPConnection object at 0x7fc818783d68>: Failed to establish a new connection: [Errno -2] Name or service not known',))
HTTPConnectionPool(host='web.dmi.unict.itcorsi', port=80): Max retries exceeded with url: /lm-18 (Caused by NewConnectionError('<urllib3.connection.HTTPConnection object at 0x7fc818783908>: Failed to establish a new connection: [Errno -2] Name or service not known',))
HTTPConnectionPool(host='web.dmi.unict.itcorsi', port=80): Max retries exceeded with url: /lm-40 (Caused by NewConnectionError('<urllib3.connection.HTTPConnection object at 0x7fc818783780>: Failed to establish a new connection: [Errno -2] Name or service not known',))
'NoneType' object has no attribute 'find_all'
HTTPConnectionPool(host='web.dmi.unict.itcorsi', port=80): Max retries exceeded with url: /l-31 (Caused by NewConnectionError('<urllib3.connection.HTTPConnection object at 0x7fc818778cc0>: Failed to establish a new connection: [Errno -2] Name or service not known',))
HTTPConnectionPool(host='web.dmi.unict.itcorsi', port=80): Max retries exceeded with url: /l-35 (Caused by NewConnectionError('<urllib3.connection.HTTPConnection object at 0x7fc818778e10>: Failed to establish a new connection: [Errno -2] Name or service not known',))
HTTPConnectionPool(host='web.dmi.unict.itcorsi', port=80): Max retries exceeded with url: /lm-18 (Caused by NewConnectionError('<urllib3.connection.HTTPConnection object at 0x7fc818778e80>: Failed to establish a new connection: [Errno -2] Name or service not known',))
HTTPConnectionPool(host='web.dmi.unict.itcorsi', port=80): Max retries exceeded with url: /lm-40 (Caused by NewConnectionError('<urllib3.connection.HTTPConnection object at 0x7fc818778c18>: Failed to establish a new connection: [Errno -2] Name or service not known',))
'NoneType' object has no attribute 'find_all'
HTTPConnectionPool(host='www.dieei.unict.itcorsi', port=80): Max retries exceeded with url: /l-8-ele (Caused by NewConnectionError('<urllib3.connection.HTTPConnection object at 0x7fc818647e80>: Failed to establish a new connection: [Errno -2] Name or service not known',))
HTTPConnectionPool(host='www.dieei.unict.itcorsi', port=80): Max retries exceeded with url: /l-9 (Caused by NewConnectionError('<urllib3.connection.HTTPConnection object at 0x7fc818647e10>: Failed to establish a new connection: [Errno -2] Name or service not known',))
HTTPConnectionPool(host='www.dieei.unict.itcorsi', port=80): Max retries exceeded with url: /l-8-inf (Caused by NewConnectionError('<urllib3.connection.HTTPConnection object at 0x7fc818647f28>: Failed to establish a new connection: [Errno -2] Name or service not known',))
HTTPConnectionPool(host='www.dieei.unict.itcorsi', port=80): Max retries exceeded with url: /lm-25 (Caused by NewConnectionError('<urllib3.connection.HTTPConnection object at 0x7fc818647ef0>: Failed to establish a new connection: [Errno -2] Name or service not known',))
HTTPConnectionPool(host='www.dieei.unict.itcorsi', port=80): Max retries exceeded with url: /lm-28 (Caused by NewConnectionError('<urllib3.connection.HTTPConnection object at 0x7fc8183ecfd0>: Failed to establish a new connection: [Errno -2] Name or service not known',))
HTTPConnectionPool(host='www.dieei.unict.itcorsi', port=80): Max retries exceeded with url: /lm-29 (Caused by NewConnectionError('<urllib3.connection.HTTPConnection object at 0x7fc8187638d0>: Failed to establish a new connection: [Errno -2] Name or service not known',))
HTTPConnectionPool(host='www.dieei.unict.itcorsi', port=80): Max retries exceeded with url: /lm-27 (Caused by NewConnectionError('<urllib3.connection.HTTPConnection object at 0x7fc818647e48>: Failed to establish a new connection: [Errno -2] Name or service not known',))
HTTPConnectionPool(host='www.dieei.unict.itcorsi', port=80): Max retries exceeded with url: /lm-32 (Caused by NewConnectionError('<urllib3.connection.HTTPConnection object at 0x7fc818647cf8>: Failed to establish a new connection: [Errno -2] Name or service not known',))
HTTPConnectionPool(host='www.dieei.unict.itcorsi', port=80): Max retries exceeded with url: /l-8-ele (Caused by NewConnectionError('<urllib3.connection.HTTPConnection object at 0x7fc81870a898>: Failed to establish a new connection: [Errno -2] Name or service not known',))
HTTPConnectionPool(host='www.dieei.unict.itcorsi', port=80): Max retries exceeded with url: /l-9 (Caused by NewConnectionError('<urllib3.connection.HTTPConnection object at 0x7fc8186c7160>: Failed to establish a new connection: [Errno -2] Name or service not known',))
HTTPConnectionPool(host='www.dieei.unict.itcorsi', port=80): Max retries exceeded with url: /l-8-inf (Caused by NewConnectionError('<urllib3.connection.HTTPConnection object at 0x7fc820e84128>: Failed to establish a new connection: [Errno -2] Name or service not known',))
HTTPConnectionPool(host='www.dieei.unict.itcorsi', port=80): Max retries exceeded with url: /lm-25 (Caused by NewConnectionError('<urllib3.connection.HTTPConnection object at 0x7fc81832ceb8>: Failed to establish a new connection: [Errno -2] Name or service not known',))
HTTPConnectionPool(host='www.dieei.unict.itcorsi', port=80): Max retries exceeded with url: /lm-28 (Caused by NewConnectionError('<urllib3.connection.HTTPConnection object at 0x7fc818535748>: Failed to establish a new connection: [Errno -2] Name or service not known',))
HTTPConnectionPool(host='www.dieei.unict.itcorsi', port=80): Max retries exceeded with url: /lm-29 (Caused by NewConnectionError('<urllib3.connection.HTTPConnection object at 0x7fc818535748>: Failed to establish a new connection: [Errno -2] Name or service not known',))
HTTPConnectionPool(host='www.dieei.unict.itcorsi', port=80): Max retries exceeded with url: /lm-27 (Caused by NewConnectionError('<urllib3.connection.HTTPConnection object at 0x7fc8185610b8>: Failed to establish a new connection: [Errno -2] Name or service not known',))
HTTPConnectionPool(host='www.dieei.unict.itcorsi', port=80): Max retries exceeded with url: /lm-32 (Caused by NewConnectionError('<urllib3.connection.HTTPConnection object at 0x7fc818561b00>: Failed to establish a new connection: [Errno -2] Name or service not known',))
HTTPConnectionPool(host='web.dmi.unict.itcorsi', port=80): Max retries exceeded with url: /l-31 (Caused by NewConnectionError('<urllib3.connection.HTTPConnection object at 0x7f2dd01dbfd0>: Failed to establish a new connection: [Errno -2] Name or service not known',))
HTTPConnectionPool(host='web.dmi.unict.itcorsi', port=80): Max retries exceeded with url: /l-35 (Caused by NewConnectionError('<urllib3.connection.HTTPConnection object at 0x7f2dd01dbeb8>: Failed to establish a new connection: [Errno -2] Name or service not known',))
HTTPConnectionPool(host='web.dmi.unict.itcorsi', port=80): Max retries exceeded with url: /lm-18 (Caused by NewConnectionError('<urllib3.connection.HTTPConnection object at 0x7f2dd01dbf60>: Failed to establish a new connection: [Errno -2] Name or service not known',))
HTTPConnectionPool(host='web.dmi.unict.itcorsi', port=80): Max retries exceeded with url: /lm-40 (Caused by NewConnectionError('<urllib3.connection.HTTPConnection object at 0x7f2dd01dbfd0>: Failed to establish a new connection: [Errno -2] Name or service not known',))
'NoneType' object has no attribute 'find_all'
HTTPConnectionPool(host='web.dmi.unict.itcorsi', port=80): Max retries exceeded with url: /l-31 (Caused by NewConnectionError('<urllib3.connection.HTTPConnection object at 0x7f2dd01b45c0>: Failed to establish a new connection: [Errno -2] Name or service not known',))
HTTPConnectionPool(host='web.dmi.unict.itcorsi', port=80): Max retries exceeded with url: /l-35 (Caused by NewConnectionError('<urllib3.connection.HTTPConnection object at 0x7f2dd01b43c8>: Failed to establish a new connection: [Errno -2] Name or service not known',))
HTTPConnectionPool(host='web.dmi.unict.itcorsi', port=80): Max retries exceeded with url: /lm-18 (Caused by NewConnectionError('<urllib3.connection.HTTPConnection object at 0x7f2dd01b4400>: Failed to establish a new connection: [Errno -2] Name or service not known',))
HTTPConnectionPool(host='web.dmi.unict.itcorsi', port=80): Max retries exceeded with url: /lm-40 (Caused by NewConnectionError('<urllib3.connection.HTTPConnection object at 0x7f2dd01b4588>: Failed to establish a new connection: [Errno -2] Name or service not known',))
'NoneType' object has no attribute 'find_all'
HTTPConnectionPool(host='www.dieei.unict.itcorsi', port=80): Max retries exceeded with url: /l-8-ele (Caused by NewConnectionError('<urllib3.connection.HTTPConnection object at 0x7f2dba772d68>: Failed to establish a new connection: [Errno -2] Name or service not known',))
HTTPConnectionPool(host='www.dieei.unict.itcorsi', port=80): Max retries exceeded with url: /l-9 (Caused by NewConnectionError('<urllib3.connection.HTTPConnection object at 0x7f2dba772a20>: Failed to establish a new connection: [Errno -2] Name or service not known',))
HTTPConnectionPool(host='www.dieei.unict.itcorsi', port=80): Max retries exceeded with url: /l-8-inf (Caused by NewConnectionError('<urllib3.connection.HTTPConnection object at 0x7f2dba772dd8>: Failed to establish a new connection: [Errno -2] Name or service not known',))
HTTPConnectionPool(host='www.dieei.unict.itcorsi', port=80): Max retries exceeded with url: /lm-25 (Caused by NewConnectionError('<urllib3.connection.HTTPConnection object at 0x7f2dba772c50>: Failed to establish a new connection: [Errno -2] Name or service not known',))
HTTPConnectionPool(host='www.dieei.unict.itcorsi', port=80): Max retries exceeded with url: /lm-28 (Caused by NewConnectionError('<urllib3.connection.HTTPConnection object at 0x7f2dba5cc128>: Failed to establish a new connection: [Errno -2] Name or service not known',))
HTTPConnectionPool(host='www.dieei.unict.itcorsi', port=80): Max retries exceeded with url: /lm-29 (Caused by NewConnectionError('<urllib3.connection.HTTPConnection object at 0x7f2dd00b9c18>: Failed to establish a new connection: [Errno -2] Name or service not known',))
HTTPConnectionPool(host='www.dieei.unict.itcorsi', port=80): Max retries exceeded with url: /lm-27 (Caused by NewConnectionError('<urllib3.connection.HTTPConnection object at 0x7f2dba5d4630>: Failed to establish a new connection: [Errno -2] Name or service not known',))
HTTPConnectionPool(host='www.dieei.unict.itcorsi', port=80): Max retries exceeded with url: /lm-32 (Caused by NewConnectionError('<urllib3.connection.HTTPConnection object at 0x7f2dba5d4668>: Failed to establish a new connection: [Errno -2] Name or service not known',))
HTTPConnectionPool(host='www.dieei.unict.itcorsi', port=80): Max retries exceeded with url: /l-8-ele (Caused by NewConnectionError('<urllib3.connection.HTTPConnection object at 0x7f2dba691898>: Failed to establish a new connection: [Errno -2] Name or service not known',))
HTTPConnectionPool(host='www.dieei.unict.itcorsi', port=80): Max retries exceeded with url: /l-9 (Caused by NewConnectionError('<urllib3.connection.HTTPConnection object at 0x7f2dd00c8940>: Failed to establish a new connection: [Errno -2] Name or service not known',))
HTTPConnectionPool(host='www.dieei.unict.itcorsi', port=80): Max retries exceeded with url: /l-8-inf (Caused by NewConnectionError('<urllib3.connection.HTTPConnection object at 0x7f2dd30da358>: Failed to establish a new connection: [Errno -2] Name or service not known',))
HTTPConnectionPool(host='www.dieei.unict.itcorsi', port=80): Max retries exceeded with url: /lm-25 (Caused by NewConnectionError('<urllib3.connection.HTTPConnection object at 0x7f2dba6e4c50>: Failed to establish a new connection: [Errno -2] Name or service not known',))
HTTPConnectionPool(host='www.dieei.unict.itcorsi', port=80): Max retries exceeded with url: /lm-28 (Caused by NewConnectionError('<urllib3.connection.HTTPConnection object at 0x7f2dd01482b0>: Failed to establish a new connection: [Errno -2] Name or service not known',))
HTTPConnectionPool(host='www.dieei.unict.itcorsi', port=80): Max retries exceeded with url: /lm-29 (Caused by NewConnectionError('<urllib3.connection.HTTPConnection object at 0x7f2dba6e4e10>: Failed to establish a new connection: [Errno -2] Name or service not known',))
HTTPConnectionPool(host='www.dieei.unict.itcorsi', port=80): Max retries exceeded with url: /lm-27 (Caused by NewConnectionError('<urllib3.connection.HTTPConnection object at 0x7f2dba694ba8>: Failed to establish a new connection: [Errno -2] Name or service not known',))
HTTPConnectionPool(host='www.dieei.unict.itcorsi', port=80): Max retries exceeded with url: /lm-32 (Caused by NewConnectionError('<urllib3.connection.HTTPConnection object at 0x7f2dba6e4b00>: Failed to establish a new connection: [Errno -2] Name or service not known',))
HTTPConnectionPool(host='web.dmi.unict.itcorsi', port=80): Max retries exceeded with url: /l-31 (Caused by NewConnectionError('<urllib3.connection.HTTPConnection object at 0x7fb4800214e0>: Failed to establish a new connection: [Errno -2] Name or service not known',))
HTTPConnectionPool(host='web.dmi.unict.itcorsi', port=80): Max retries exceeded with url: /l-35 (Caused by NewConnectionError('<urllib3.connection.HTTPConnection object at 0x7fb480021588>: Failed to establish a new connection: [Errno -2] Name or service not known',))
HTTPConnectionPool(host='web.dmi.unict.itcorsi', port=80): Max retries exceeded with url: /lm-18 (Caused by NewConnectionError('<urllib3.connection.HTTPConnection object at 0x7fb480021240>: Failed to establish a new connection: [Errno -2] Name or service not known',))
HTTPConnectionPool(host='web.dmi.unict.itcorsi', port=80): Max retries exceeded with url: /lm-40 (Caused by NewConnectionError('<urllib3.connection.HTTPConnection object at 0x7fb480021278>: Failed to establish a new connection: [Errno -2] Name or service not known',))
'NoneType' object has no attribute 'find_all'
HTTPConnectionPool(host='web.dmi.unict.itcorsi', port=80): Max retries exceeded with url: /l-31 (Caused by NewConnectionError('<urllib3.connection.HTTPConnection object at 0x7fb478dda390>: Failed to establish a new connection: [Errno -2] Name or service not known',))
HTTPConnectionPool(host='web.dmi.unict.itcorsi', port=80): Max retries exceeded with url: /l-35 (Caused by NewConnectionError('<urllib3.connection.HTTPConnection object at 0x7fb478dda160>: Failed to establish a new connection: [Errno -2] Name or service not known',))
HTTPConnectionPool(host='web.dmi.unict.itcorsi', port=80): Max retries exceeded with url: /lm-18 (Caused by NewConnectionError('<urllib3.connection.HTTPConnection object at 0x7fb478dda278>: Failed to establish a new connection: [Errno -2] Name or service not known',))
HTTPConnectionPool(host='web.dmi.unict.itcorsi', port=80): Max retries exceeded with url: /lm-40 (Caused by NewConnectionError('<urllib3.connection.HTTPConnection object at 0x7fb478dda400>: Failed to establish a new connection: [Errno -2] Name or service not known',))
'NoneType' object has no attribute 'find_all'
HTTPConnectionPool(host='www.dieei.unict.itcorsi', port=80): Max retries exceeded with url: /l-8-ele (Caused by NewConnectionError('<urllib3.connection.HTTPConnection object at 0x7fb478b63dd8>: Failed to establish a new connection: [Errno -2] Name or service not known',))
HTTPConnectionPool(host='www.dieei.unict.itcorsi', port=80): Max retries exceeded with url: /l-9 (Caused by NewConnectionError('<urllib3.connection.HTTPConnection object at 0x7fb478b63d30>: Failed to establish a new connection: [Errno -2] Name or service not known',))
HTTPConnectionPool(host='www.dieei.unict.itcorsi', port=80): Max retries exceeded with url: /l-8-inf (Caused by NewConnectionError('<urllib3.connection.HTTPConnection object at 0x7fb478b63e48>: Failed to establish a new connection: [Errno -2] Name or service not known',))
HTTPConnectionPool(host='www.dieei.unict.itcorsi', port=80): Max retries exceeded with url: /lm-25 (Caused by NewConnectionError('<urllib3.connection.HTTPConnection object at 0x7fb478b63f98>: Failed to establish a new connection: [Errno -2] Name or service not known',))
HTTPConnectionPool(host='www.dieei.unict.itcorsi', port=80): Max retries exceeded with url: /lm-28 (Caused by NewConnectionError('<urllib3.connection.HTTPConnection object at 0x7fb478dde978>: Failed to establish a new connection: [Errno -2] Name or service not known',))
HTTPConnectionPool(host='www.dieei.unict.itcorsi', port=80): Max retries exceeded with url: /lm-29 (Caused by NewConnectionError('<urllib3.connection.HTTPConnection object at 0x7fb478c6e8d0>: Failed to establish a new connection: [Errno -2] Name or service not known',))
HTTPConnectionPool(host='www.dieei.unict.itcorsi', port=80): Max retries exceeded with url: /lm-27 (Caused by NewConnectionError('<urllib3.connection.HTTPConnection object at 0x7fb478c6e908>: Failed to establish a new connection: [Errno -2] Name or service not known',))
HTTPConnectionPool(host='www.dieei.unict.itcorsi', port=80): Max retries exceeded with url: /lm-32 (Caused by NewConnectionError('<urllib3.connection.HTTPConnection object at 0x7fb478c6e8d0>: Failed to establish a new connection: [Errno -2] Name or service not known',))
HTTPConnectionPool(host='www.dieei.unict.itcorsi', port=80): Max retries exceeded with url: /l-8-ele (Caused by NewConnectionError('<urllib3.connection.HTTPConnection object at 0x7fb478d70898>: Failed to establish a new connection: [Errno -2] Name or service not known',))
HTTPConnectionPool(host='www.dieei.unict.itcorsi', port=80): Max retries exceeded with url: /l-9 (Caused by NewConnectionError('<urllib3.connection.HTTPConnection object at 0x7fb478d035c0>: Failed to establish a new connection: [Errno -2] Name or service not known',))
HTTPConnectionPool(host='www.dieei.unict.itcorsi', port=80): Max retries exceeded with url: /l-8-inf (Caused by NewConnectionError('<urllib3.connection.HTTPConnection object at 0x7fb478d3cf28>: Failed to establish a new connection: [Errno -2] Name or service not known',))
HTTPConnectionPool(host='www.dieei.unict.itcorsi', port=80): Max retries exceeded with url: /lm-25 (Caused by NewConnectionError('<urllib3.connection.HTTPConnection object at 0x7fb478d3cbe0>: Failed to establish a new connection: [Errno -2] Name or service not known',))
HTTPConnectionPool(host='www.dieei.unict.itcorsi', port=80): Max retries exceeded with url: /lm-28 (Caused by NewConnectionError('<urllib3.connection.HTTPConnection object at 0x7fb478d3c710>: Failed to establish a new connection: [Errno -2] Name or service not known',))
HTTPConnectionPool(host='www.dieei.unict.itcorsi', port=80): Max retries exceeded with url: /lm-29 (Caused by NewConnectionError('<urllib3.connection.HTTPConnection object at 0x7fb478d3cef0>: Failed to establish a new connection: [Errno -2] Name or service not known',))
HTTPConnectionPool(host='www.dieei.unict.itcorsi', port=80): Max retries exceeded with url: /lm-27 (Caused by NewConnectionError('<urllib3.connection.HTTPConnection object at 0x7fb478d3ca20>: Failed to establish a new connection: [Errno -2] Name or service not known',))
HTTPConnectionPool(host='www.dieei.unict.itcorsi', port=80): Max retries exceeded with url: /lm-32 (Caused by NewConnectionError('<urllib3.connection.HTTPConnection object at 0x7fb478d3cef0>: Failed to establish a new connection: [Errno -2] Name or service not known',))
HTTPConnectionPool(host='web.dmi.unict.itcorsi', port=80): Max retries exceeded with url: /l-31 (Caused by NewConnectionError('<urllib3.connection.HTTPConnection object at 0x7fdc2c2a1fd0>: Failed to establish a new connection: [Errno -2] Name or service not known',))
HTTPConnectionPool(host='web.dmi.unict.itcorsi', port=80): Max retries exceeded with url: /l-35 (Caused by NewConnectionError('<urllib3.connection.HTTPConnection object at 0x7fdc2c2a1f98>: Failed to establish a new connection: [Errno -2] Name or service not known',))
HTTPConnectionPool(host='web.dmi.unict.itcorsi', port=80): Max retries exceeded with url: /lm-18 (Caused by NewConnectionError('<urllib3.connection.HTTPConnection object at 0x7fdc2c2a1710>: Failed to establish a new connection: [Errno -2] Name or service not known',))
HTTPConnectionPool(host='web.dmi.unict.itcorsi', port=80): Max retries exceeded with url: /lm-40 (Caused by NewConnectionError('<urllib3.connection.HTTPConnection object at 0x7fdc2c2a1fd0>: Failed to establish a new connection: [Errno -2] Name or service not known',))
'NoneType' object has no attribute 'find_all'
HTTPConnectionPool(host='web.dmi.unict.itcorsi', port=80): Max retries exceeded with url: /l-31 (Caused by NewConnectionError('<urllib3.connection.HTTPConnection object at 0x7fdc2c2912e8>: Failed to establish a new connection: [Errno -2] Name or service not known',))
HTTPConnectionPool(host='web.dmi.unict.itcorsi', port=80): Max retries exceeded with url: /l-35 (Caused by NewConnectionError('<urllib3.connection.HTTPConnection object at 0x7fdc2c291048>: Failed to establish a new connection: [Errno -2] Name or service not known',))
HTTPConnectionPool(host='web.dmi.unict.itcorsi', port=80): Max retries exceeded with url: /lm-18 (Caused by NewConnectionError('<urllib3.connection.HTTPConnection object at 0x7fdc2c2911d0>: Failed to establish a new connection: [Errno -2] Name or service not known',))
HTTPConnectionPool(host='web.dmi.unict.itcorsi', port=80): Max retries exceeded with url: /lm-40 (Caused by NewConnectionError('<urllib3.connection.HTTPConnection object at 0x7fdc2c291390>: Failed to establish a new connection: [Errno -2] Name or service not known',))
'NoneType' object has no attribute 'find_all'
HTTPConnectionPool(host='www.dieei.unict.itcorsi', port=80): Max retries exceeded with url: /l-8-ele (Caused by NewConnectionError('<urllib3.connection.HTTPConnection object at 0x7fdc1dfcfd30>: Failed to establish a new connection: [Errno -2] Name or service not known',))
HTTPConnectionPool(host='www.dieei.unict.itcorsi', port=80): Max retries exceeded with url: /l-9 (Caused by NewConnectionError('<urllib3.connection.HTTPConnection object at 0x7fdc1dfcfba8>: Failed to establish a new connection: [Errno -2] Name or service not known',))
HTTPConnectionPool(host='www.dieei.unict.itcorsi', port=80): Max retries exceeded with url: /l-8-inf (Caused by NewConnectionError('<urllib3.connection.HTTPConnection object at 0x7fdc1dfcfda0>: Failed to establish a new connection: [Errno -2] Name or service not known',))
HTTPConnectionPool(host='www.dieei.unict.itcorsi', port=80): Max retries exceeded with url: /lm-25 (Caused by NewConnectionError('<urllib3.connection.HTTPConnection object at 0x7fdc1dfcfc50>: Failed to establish a new connection: [Errno -2] Name or service not known',))
HTTPConnectionPool(host='www.dieei.unict.itcorsi', port=80): Max retries exceeded with url: /lm-28 (Caused by NewConnectionError('<urllib3.connection.HTTPConnection object at 0x7fdc2c1d5e10>: Failed to establish a new connection: [Errno -2] Name or service not known',))
HTTPConnectionPool(host='www.dieei.unict.itcorsi', port=80): Max retries exceeded with url: /lm-29 (Caused by NewConnectionError('<urllib3.connection.HTTPConnection object at 0x7fdc2c027c88>: Failed to establish a new connection: [Errno -2] Name or service not known',))
HTTPConnectionPool(host='www.dieei.unict.itcorsi', port=80): Max retries exceeded with url: /lm-27 (Caused by NewConnectionError('<urllib3.connection.HTTPConnection object at 0x7fdc2c239710>: Failed to establish a new connection: [Errno -2] Name or service not known',))
HTTPConnectionPool(host='www.dieei.unict.itcorsi', port=80): Max retries exceeded with url: /lm-32 (Caused by NewConnectionError('<urllib3.connection.HTTPConnection object at 0x7fdc1de97588>: Failed to establish a new connection: [Errno -2] Name or service not known',))
HTTPConnectionPool(host='www.dieei.unict.itcorsi', port=80): Max retries exceeded with url: /l-8-ele (Caused by NewConnectionError('<urllib3.connection.HTTPConnection object at 0x7fdc2c282898>: Failed to establish a new connection: [Errno -2] Name or service not known',))
HTTPConnectionPool(host='www.dieei.unict.itcorsi', port=80): Max retries exceeded with url: /l-9 (Caused by NewConnectionError('<urllib3.connection.HTTPConnection object at 0x7fdc2c268710>: Failed to establish a new connection: [Errno -2] Name or service not known',))
HTTPConnectionPool(host='www.dieei.unict.itcorsi', port=80): Max retries exceeded with url: /l-8-inf (Caused by NewConnectionError('<urllib3.connection.HTTPConnection object at 0x7fdc1df81fd0>: Failed to establish a new connection: [Errno -2] Name or service not known',))
HTTPConnectionPool(host='www.dieei.unict.itcorsi', port=80): Max retries exceeded with url: /lm-25 (Caused by NewConnectionError('<urllib3.connection.HTTPConnection object at 0x7fdc1df81a90>: Failed to establish a new connection: [Errno -2] Name or service not known',))
HTTPConnectionPool(host='www.dieei.unict.itcorsi', port=80): Max retries exceeded with url: /lm-28 (Caused by NewConnectionError('<urllib3.connection.HTTPConnection object at 0x7fdc1df81908>: Failed to establish a new connection: [Errno -2] Name or service not known',))
HTTPConnectionPool(host='www.dieei.unict.itcorsi', port=80): Max retries exceeded with url: /lm-29 (Caused by NewConnectionError('<urllib3.connection.HTTPConnection object at 0x7fdc1df81d68>: Failed to establish a new connection: [Errno -2] Name or service not known',))
HTTPConnectionPool(host='www.dieei.unict.itcorsi', port=80): Max retries exceeded with url: /lm-27 (Caused by NewConnectionError('<urllib3.connection.HTTPConnection object at 0x7fdc1df81908>: Failed to establish a new connection: [Errno -2] Name or service not known',))
HTTPConnectionPool(host='www.dieei.unict.itcorsi', port=80): Max retries exceeded with url: /lm-32 (Caused by NewConnectionError('<urllib3.connection.HTTPConnection object at 0x7fdc1df81a90>: Failed to establish a new connection: [Errno -2] Name or service not known',))
HTTPConnectionPool(host='web.dmi.unict.itcorsi', port=80): Max retries exceeded with url: /l-31 (Caused by NewConnectionError('<urllib3.connection.HTTPConnection object at 0x7f06fc2732b0>: Failed to establish a new connection: [Errno -2] Name or service not known',))
HTTPConnectionPool(host='web.dmi.unict.itcorsi', port=80): Max retries exceeded with url: /l-35 (Caused by NewConnectionError('<urllib3.connection.HTTPConnection object at 0x7f06fc273320>: Failed to establish a new connection: [Errno -2] Name or service not known',))
HTTPConnectionPool(host='web.dmi.unict.itcorsi', port=80): Max retries exceeded with url: /lm-18 (Caused by NewConnectionError('<urllib3.connection.HTTPConnection object at 0x7f06fe9b1a20>: Failed to establish a new connection: [Errno -2] Name or service not known',))
HTTPConnectionPool(host='web.dmi.unict.itcorsi', port=80): Max retries exceeded with url: /lm-40 (Caused by NewConnectionError('<urllib3.connection.HTTPConnection object at 0x7f06fc273470>: Failed to establish a new connection: [Errno -2] Name or service not known',))
'NoneType' object has no attribute 'find_all'
HTTPConnectionPool(host='web.dmi.unict.itcorsi', port=80): Max retries exceeded with url: /l-31 (Caused by NewConnectionError('<urllib3.connection.HTTPConnection object at 0x7f06fc231588>: Failed to establish a new connection: [Errno -2] Name or service not known',))
HTTPConnectionPool(host='web.dmi.unict.itcorsi', port=80): Max retries exceeded with url: /l-35 (Caused by NewConnectionError('<urllib3.connection.HTTPConnection object at 0x7f06fc231390>: Failed to establish a new connection: [Errno -2] Name or service not known',))
HTTPConnectionPool(host='web.dmi.unict.itcorsi', port=80): Max retries exceeded with url: /lm-18 (Caused by NewConnectionError('<urllib3.connection.HTTPConnection object at 0x7f06fc2313c8>: Failed to establish a new connection: [Errno -2] Name or service not known',))
HTTPConnectionPool(host='web.dmi.unict.itcorsi', port=80): Max retries exceeded with url: /lm-40 (Caused by NewConnectionError('<urllib3.connection.HTTPConnection object at 0x7f06fc231550>: Failed to establish a new connection: [Errno -2] Name or service not known',))
'NoneType' object has no attribute 'find_all'
HTTPConnectionPool(host='www.dieei.unict.itcorsi', port=80): Max retries exceeded with url: /l-8-ele (Caused by NewConnectionError('<urllib3.connection.HTTPConnection object at 0x7f06fc0b7e80>: Failed to establish a new connection: [Errno -2] Name or service not known',))
HTTPConnectionPool(host='www.dieei.unict.itcorsi', port=80): Max retries exceeded with url: /l-9 (Caused by NewConnectionError('<urllib3.connection.HTTPConnection object at 0x7f06fc1962b0>: Failed to establish a new connection: [Errno -2] Name or service not known',))
HTTPConnectionPool(host='www.dieei.unict.itcorsi', port=80): Max retries exceeded with url: /l-8-inf (Caused by NewConnectionError('<urllib3.connection.HTTPConnection object at 0x7f06fc1962b0>: Failed to establish a new connection: [Errno -2] Name or service not known',))
HTTPConnectionPool(host='www.dieei.unict.itcorsi', port=80): Max retries exceeded with url: /lm-25 (Caused by NewConnectionError('<urllib3.connection.HTTPConnection object at 0x7f06fc1960b8>: Failed to establish a new connection: [Errno -2] Name or service not known',))
HTTPConnectionPool(host='www.dieei.unict.itcorsi', port=80): Max retries exceeded with url: /lm-28 (Caused by NewConnectionError('<urllib3.connection.HTTPConnection object at 0x7f06ede75c18>: Failed to establish a new connection: [Errno -2] Name or service not known',))
HTTPConnectionPool(host='www.dieei.unict.itcorsi', port=80): Max retries exceeded with url: /lm-29 (Caused by NewConnectionError('<urllib3.connection.HTTPConnection object at 0x7f06fc0b7d68>: Failed to establish a new connection: [Errno -2] Name or service not known',))
HTTPConnectionPool(host='www.dieei.unict.itcorsi', port=80): Max retries exceeded with url: /lm-27 (Caused by NewConnectionError('<urllib3.connection.HTTPConnection object at 0x7f06fc0b7d30>: Failed to establish a new connection: [Errno -2] Name or service not known',))
HTTPConnectionPool(host='www.dieei.unict.itcorsi', port=80): Max retries exceeded with url: /lm-32 (Caused by NewConnectionError('<urllib3.connection.HTTPConnection object at 0x7f06fc0b7c88>: Failed to establish a new connection: [Errno -2] Name or service not known',))
HTTPConnectionPool(host='www.dieei.unict.itcorsi', port=80): Max retries exceeded with url: /l-8-ele (Caused by NewConnectionError('<urllib3.connection.HTTPConnection object at 0x7f06edf1c978>: Failed to establish a new connection: [Errno -2] Name or service not known',))
HTTPConnectionPool(host='www.dieei.unict.itcorsi', port=80): Max retries exceeded with url: /l-9 (Caused by NewConnectionError('<urllib3.connection.HTTPConnection object at 0x7f06fc07d898>: Failed to establish a new connection: [Errno -2] Name or service not known',))
HTTPConnectionPool(host='www.dieei.unict.itcorsi', port=80): Max retries exceeded with url: /l-8-inf (Caused by NewConnectionError('<urllib3.connection.HTTPConnection object at 0x7f06fc0b7f98>: Failed to establish a new connection: [Errno -2] Name or service not known',))
HTTPConnectionPool(host='www.dieei.unict.itcorsi', port=80): Max retries exceeded with url: /lm-25 (Caused by NewConnectionError('<urllib3.connection.HTTPConnection object at 0x7f06edfd6a20>: Failed to establish a new connection: [Errno -2] Name or service not known',))
HTTPConnectionPool(host='www.dieei.unict.itcorsi', port=80): Max retries exceeded with url: /lm-28 (Caused by NewConnectionError('<urllib3.connection.HTTPConnection object at 0x7f06edfd6f60>: Failed to establish a new connection: [Errno -2] Name or service not known',))
HTTPConnectionPool(host='www.dieei.unict.itcorsi', port=80): Max retries exceeded with url: /lm-29 (Caused by NewConnectionError('<urllib3.connection.HTTPConnection object at 0x7f06edfd67b8>: Failed to establish a new connection: [Errno -2] Name or service not known',))
HTTPConnectionPool(host='www.dieei.unict.itcorsi', port=80): Max retries exceeded with url: /lm-27 (Caused by NewConnectionError('<urllib3.connection.HTTPConnection object at 0x7f06edf1c748>: Failed to establish a new connection: [Errno -2] Name or service not known',))
HTTPConnectionPool(host='www.dieei.unict.itcorsi', port=80): Max retries exceeded with url: /lm-32 (Caused by NewConnectionError('<urllib3.connection.HTTPConnection object at 0x7f06edf1c860>: Failed to establish a new connection: [Errno -2] Name or service not known',))
HTTPConnectionPool(host='web.dmi.unict.itcorsi', port=80): Max retries exceeded with url: /l-31 (Caused by NewConnectionError('<urllib3.connection.HTTPConnection object at 0x7f8d141384e0>: Failed to establish a new connection: [Errno -2] Name or service not known',))
HTTPConnectionPool(host='web.dmi.unict.itcorsi', port=80): Max retries exceeded with url: /l-35 (Caused by NewConnectionError('<urllib3.connection.HTTPConnection object at 0x7f8d14138588>: Failed to establish a new connection: [Errno -2] Name or service not known',))
HTTPConnectionPool(host='web.dmi.unict.itcorsi', port=80): Max retries exceeded with url: /lm-18 (Caused by NewConnectionError('<urllib3.connection.HTTPConnection object at 0x7f8d14138240>: Failed to establish a new connection: [Errno -2] Name or service not known',))
HTTPConnectionPool(host='web.dmi.unict.itcorsi', port=80): Max retries exceeded with url: /lm-40 (Caused by NewConnectionError('<urllib3.connection.HTTPConnection object at 0x7f8d14138278>: Failed to establish a new connection: [Errno -2] Name or service not known',))
'NoneType' object has no attribute 'find_all'
HTTPConnectionPool(host='web.dmi.unict.itcorsi', port=80): Max retries exceeded with url: /l-31 (Caused by NewConnectionError('<urllib3.connection.HTTPConnection object at 0x7f8d140ff668>: Failed to establish a new connection: [Errno -2] Name or service not known',))
HTTPConnectionPool(host='web.dmi.unict.itcorsi', port=80): Max retries exceeded with url: /l-35 (Caused by NewConnectionError('<urllib3.connection.HTTPConnection object at 0x7f8d140ff470>: Failed to establish a new connection: [Errno -2] Name or service not known',))
HTTPConnectionPool(host='web.dmi.unict.itcorsi', port=80): Max retries exceeded with url: /lm-18 (Caused by NewConnectionError('<urllib3.connection.HTTPConnection object at 0x7f8d140ff4a8>: Failed to establish a new connection: [Errno -2] Name or service not known',))
HTTPConnectionPool(host='web.dmi.unict.itcorsi', port=80): Max retries exceeded with url: /lm-40 (Caused by NewConnectionError('<urllib3.connection.HTTPConnection object at 0x7f8d140ff630>: Failed to establish a new connection: [Errno -2] Name or service not known',))
'NoneType' object has no attribute 'find_all'
HTTPConnectionPool(host='www.dieei.unict.itcorsi', port=80): Max retries exceeded with url: /l-8-ele (Caused by NewConnectionError('<urllib3.connection.HTTPConnection object at 0x7f8cfef67e80>: Failed to establish a new connection: [Errno -2] Name or service not known',))
HTTPConnectionPool(host='www.dieei.unict.itcorsi', port=80): Max retries exceeded with url: /l-9 (Caused by NewConnectionError('<urllib3.connection.HTTPConnection object at 0x7f8cfef67e10>: Failed to establish a new connection: [Errno -2] Name or service not known',))
HTTPConnectionPool(host='www.dieei.unict.itcorsi', port=80): Max retries exceeded with url: /l-8-inf (Caused by NewConnectionError('<urllib3.connection.HTTPConnection object at 0x7f8cfef67f28>: Failed to establish a new connection: [Errno -2] Name or service not known',))
HTTPConnectionPool(host='www.dieei.unict.itcorsi', port=80): Max retries exceeded with url: /lm-25 (Caused by NewConnectionError('<urllib3.connection.HTTPConnection object at 0x7f8cfef67ef0>: Failed to establish a new connection: [Errno -2] Name or service not known',))
HTTPConnectionPool(host='www.dieei.unict.itcorsi', port=80): Max retries exceeded with url: /lm-28 (Caused by NewConnectionError('<urllib3.connection.HTTPConnection object at 0x7f8d14194ac8>: Failed to establish a new connection: [Errno -2] Name or service not known',))
HTTPConnectionPool(host='www.dieei.unict.itcorsi', port=80): Max retries exceeded with url: /lm-29 (Caused by NewConnectionError('<urllib3.connection.HTTPConnection object at 0x7f8cfef339b0>: Failed to establish a new connection: [Errno -2] Name or service not known',))
HTTPConnectionPool(host='www.dieei.unict.itcorsi', port=80): Max retries exceeded with url: /lm-27 (Caused by NewConnectionError('<urllib3.connection.HTTPConnection object at 0x7f8cfef67e48>: Failed to establish a new connection: [Errno -2] Name or service not known',))
HTTPConnectionPool(host='www.dieei.unict.itcorsi', port=80): Max retries exceeded with url: /lm-32 (Caused by NewConnectionError('<urllib3.connection.HTTPConnection object at 0x7f8cfef67cf8>: Failed to establish a new connection: [Errno -2] Name or service not known',))
HTTPConnectionPool(host='www.dieei.unict.itcorsi', port=80): Max retries exceeded with url: /l-8-ele (Caused by NewConnectionError('<urllib3.connection.HTTPConnection object at 0x7f8d140b2898>: Failed to establish a new connection: [Errno -2] Name or service not known',))
HTTPConnectionPool(host='www.dieei.unict.itcorsi', port=80): Max retries exceeded with url: /l-9 (Caused by NewConnectionError('<urllib3.connection.HTTPConnection object at 0x7f8d14084b38>: Failed to establish a new connection: [Errno -2] Name or service not known',))
HTTPConnectionPool(host='www.dieei.unict.itcorsi', port=80): Max retries exceeded with url: /l-8-inf (Caused by NewConnectionError('<urllib3.connection.HTTPConnection object at 0x7f8cfef83f28>: Failed to establish a new connection: [Errno -2] Name or service not known',))
HTTPConnectionPool(host='www.dieei.unict.itcorsi', port=80): Max retries exceeded with url: /lm-25 (Caused by NewConnectionError('<urllib3.connection.HTTPConnection object at 0x7f8cfef83be0>: Failed to establish a new connection: [Errno -2] Name or service not known',))
HTTPConnectionPool(host='www.dieei.unict.itcorsi', port=80): Max retries exceeded with url: /lm-28 (Caused by NewConnectionError('<urllib3.connection.HTTPConnection object at 0x7f8cfef83c18>: Failed to establish a new connection: [Errno -2] Name or service not known',))
HTTPConnectionPool(host='www.dieei.unict.itcorsi', port=80): Max retries exceeded with url: /lm-29 (Caused by NewConnectionError('<urllib3.connection.HTTPConnection object at 0x7f8cfef83c50>: Failed to establish a new connection: [Errno -2] Name or service not known',))
HTTPConnectionPool(host='www.dieei.unict.itcorsi', port=80): Max retries exceeded with url: /lm-27 (Caused by NewConnectionError('<urllib3.connection.HTTPConnection object at 0x7f8cfef83710>: Failed to establish a new connection: [Errno -2] Name or service not known',))
HTTPConnectionPool(host='www.dieei.unict.itcorsi', port=80): Max retries exceeded with url: /lm-32 (Caused by NewConnectionError('<urllib3.connection.HTTPConnection object at 0x7f8d140c4828>: Failed to establish a new connection: [Errno -2] Name or service not known',))
HTTPConnectionPool(host='web.dmi.unict.itcorsi', port=80): Max retries exceeded with url: /l-31 (Caused by NewConnectionError('<urllib3.connection.HTTPConnection object at 0x7fe7fc296320>: Failed to establish a new connection: [Errno -2] Name or service not known',))
HTTPConnectionPool(host='web.dmi.unict.itcorsi', port=80): Max retries exceeded with url: /l-35 (Caused by NewConnectionError('<urllib3.connection.HTTPConnection object at 0x7fe7fc296390>: Failed to establish a new connection: [Errno -2] Name or service not known',))
HTTPConnectionPool(host='web.dmi.unict.itcorsi', port=80): Max retries exceeded with url: /lm-18 (Caused by NewConnectionError('<urllib3.connection.HTTPConnection object at 0x7fe7fc2962e8>: Failed to establish a new connection: [Errno -2] Name or service not known',))
HTTPConnectionPool(host='web.dmi.unict.itcorsi', port=80): Max retries exceeded with url: /lm-40 (Caused by NewConnectionError('<urllib3.connection.HTTPConnection object at 0x7fe7fc296320>: Failed to establish a new connection: [Errno -2] Name or service not known',))
'NoneType' object has no attribute 'find_all'
HTTPConnectionPool(host='web.dmi.unict.itcorsi', port=80): Max retries exceeded with url: /l-31 (Caused by NewConnectionError('<urllib3.connection.HTTPConnection object at 0x7fe7fc25c5f8>: Failed to establish a new connection: [Errno -2] Name or service not known',))
HTTPConnectionPool(host='web.dmi.unict.itcorsi', port=80): Max retries exceeded with url: /l-35 (Caused by NewConnectionError('<urllib3.connection.HTTPConnection object at 0x7fe7fc25c400>: Failed to establish a new connection: [Errno -2] Name or service not known',))
HTTPConnectionPool(host='web.dmi.unict.itcorsi', port=80): Max retries exceeded with url: /lm-18 (Caused by NewConnectionError('<urllib3.connection.HTTPConnection object at 0x7fe7fc25c438>: Failed to establish a new connection: [Errno -2] Name or service not known',))
HTTPConnectionPool(host='web.dmi.unict.itcorsi', port=80): Max retries exceeded with url: /lm-40 (Caused by NewConnectionError('<urllib3.connection.HTTPConnection object at 0x7fe7fc25c5c0>: Failed to establish a new connection: [Errno -2] Name or service not known',))
'NoneType' object has no attribute 'find_all'
HTTPConnectionPool(host='www.dieei.unict.itcorsi', port=80): Max retries exceeded with url: /l-8-ele (Caused by NewConnectionError('<urllib3.connection.HTTPConnection object at 0x7fe7fc1dad68>: Failed to establish a new connection: [Errno -2] Name or service not known',))
HTTPConnectionPool(host='www.dieei.unict.itcorsi', port=80): Max retries exceeded with url: /l-9 (Caused by NewConnectionError('<urllib3.connection.HTTPConnection object at 0x7fe7fc1dada0>: Failed to establish a new connection: [Errno -2] Name or service not known',))
HTTPConnectionPool(host='www.dieei.unict.itcorsi', port=80): Max retries exceeded with url: /l-8-inf (Caused by NewConnectionError('<urllib3.connection.HTTPConnection object at 0x7fe7fc1daf28>: Failed to establish a new connection: [Errno -2] Name or service not known',))
HTTPConnectionPool(host='www.dieei.unict.itcorsi', port=80): Max retries exceeded with url: /lm-25 (Caused by NewConnectionError('<urllib3.connection.HTTPConnection object at 0x7fe7fc1daef0>: Failed to establish a new connection: [Errno -2] Name or service not known',))
HTTPConnectionPool(host='www.dieei.unict.itcorsi', port=80): Max retries exceeded with url: /lm-28 (Caused by NewConnectionError('<urllib3.connection.HTTPConnection object at 0x7fe7fc2157f0>: Failed to establish a new connection: [Errno -2] Name or service not known',))
HTTPConnectionPool(host='www.dieei.unict.itcorsi', port=80): Max retries exceeded with url: /lm-29 (Caused by NewConnectionError('<urllib3.connection.HTTPConnection object at 0x7fe7fc2c8710>: Failed to establish a new connection: [Errno -2] Name or service not known',))
HTTPConnectionPool(host='www.dieei.unict.itcorsi', port=80): Max retries exceeded with url: /lm-27 (Caused by NewConnectionError('<urllib3.connection.HTTPConnection object at 0x7fe7fc0cc7f0>: Failed to establish a new connection: [Errno -2] Name or service not known',))
HTTPConnectionPool(host='www.dieei.unict.itcorsi', port=80): Max retries exceeded with url: /lm-32 (Caused by NewConnectionError('<urllib3.connection.HTTPConnection object at 0x7fe7fc1daa58>: Failed to establish a new connection: [Errno -2] Name or service not known',))
HTTPConnectionPool(host='www.dieei.unict.itcorsi', port=80): Max retries exceeded with url: /l-8-ele (Caused by NewConnectionError('<urllib3.connection.HTTPConnection object at 0x7fe7edf25860>: Failed to establish a new connection: [Errno -2] Name or service not known',))
HTTPConnectionPool(host='www.dieei.unict.itcorsi', port=80): Max retries exceeded with url: /l-9 (Caused by NewConnectionError('<urllib3.connection.HTTPConnection object at 0x7fe7fc1dc5f8>: Failed to establish a new connection: [Errno -2] Name or service not known',))
HTTPConnectionPool(host='www.dieei.unict.itcorsi', port=80): Max retries exceeded with url: /l-8-inf (Caused by NewConnectionError('<urllib3.connection.HTTPConnection object at 0x7fe7edef5fd0>: Failed to establish a new connection: [Errno -2] Name or service not known',))
HTTPConnectionPool(host='www.dieei.unict.itcorsi', port=80): Max retries exceeded with url: /lm-25 (Caused by NewConnectionError('<urllib3.connection.HTTPConnection object at 0x7fe7edef5ba8>: Failed to establish a new connection: [Errno -2] Name or service not known',))
HTTPConnectionPool(host='www.dieei.unict.itcorsi', port=80): Max retries exceeded with url: /lm-28 (Caused by NewConnectionError('<urllib3.connection.HTTPConnection object at 0x7fe7edef5a58>: Failed to establish a new connection: [Errno -2] Name or service not known',))
HTTPConnectionPool(host='www.dieei.unict.itcorsi', port=80): Max retries exceeded with url: /lm-29 (Caused by NewConnectionError('<urllib3.connection.HTTPConnection object at 0x7fe7edef5710>: Failed to establish a new connection: [Errno -2] Name or service not known',))
HTTPConnectionPool(host='www.dieei.unict.itcorsi', port=80): Max retries exceeded with url: /lm-27 (Caused by NewConnectionError('<urllib3.connection.HTTPConnection object at 0x7fe7edef5b38>: Failed to establish a new connection: [Errno -2] Name or service not known',))
HTTPConnectionPool(host='www.dieei.unict.itcorsi', port=80): Max retries exceeded with url: /lm-32 (Caused by NewConnectionError('<urllib3.connection.HTTPConnection object at 0x7fe7edf198d0>: Failed to establish a new connection: [Errno -2] Name or service not known',))
HTTPConnectionPool(host='web.dmi.unict.itcorsi', port=80): Max retries exceeded with url: /l-31 (Caused by NewConnectionError('<urllib3.connection.HTTPConnection object at 0x7faeb8986be0>: Failed to establish a new connection: [Errno -2] Name or service not known',))
HTTPConnectionPool(host='web.dmi.unict.itcorsi', port=80): Max retries exceeded with url: /l-35 (Caused by NewConnectionError('<urllib3.connection.HTTPConnection object at 0x7faeb8986cc0>: Failed to establish a new connection: [Errno -2] Name or service not known',))
HTTPConnectionPool(host='web.dmi.unict.itcorsi', port=80): Max retries exceeded with url: /lm-18 (Caused by NewConnectionError('<urllib3.connection.HTTPConnection object at 0x7faeb8986be0>: Failed to establish a new connection: [Errno -2] Name or service not known',))
HTTPConnectionPool(host='web.dmi.unict.itcorsi', port=80): Max retries exceeded with url: /lm-40 (Caused by NewConnectionError('<urllib3.connection.HTTPConnection object at 0x7faeb8986b00>: Failed to establish a new connection: [Errno -2] Name or service not known',))
'NoneType' object has no attribute 'find_all'
HTTPConnectionPool(host='web.dmi.unict.itcorsi', port=80): Max retries exceeded with url: /l-31 (Caused by NewConnectionError('<urllib3.connection.HTTPConnection object at 0x7faeb8961630>: Failed to establish a new connection: [Errno -2] Name or service not known',))
HTTPConnectionPool(host='web.dmi.unict.itcorsi', port=80): Max retries exceeded with url: /l-35 (Caused by NewConnectionError('<urllib3.connection.HTTPConnection object at 0x7faeb8961438>: Failed to establish a new connection: [Errno -2] Name or service not known',))
HTTPConnectionPool(host='web.dmi.unict.itcorsi', port=80): Max retries exceeded with url: /lm-18 (Caused by NewConnectionError('<urllib3.connection.HTTPConnection object at 0x7faeb8961470>: Failed to establish a new connection: [Errno -2] Name or service not known',))
HTTPConnectionPool(host='web.dmi.unict.itcorsi', port=80): Max retries exceeded with url: /lm-40 (Caused by NewConnectionError('<urllib3.connection.HTTPConnection object at 0x7faeb89615f8>: Failed to establish a new connection: [Errno -2] Name or service not known',))
'NoneType' object has no attribute 'find_all'
HTTPConnectionPool(host='www.dieei.unict.itcorsi', port=80): Max retries exceeded with url: /l-8-ele (Caused by NewConnectionError('<urllib3.connection.HTTPConnection object at 0x7faeb8851d68>: Failed to establish a new connection: [Errno -2] Name or service not known',))
HTTPConnectionPool(host='www.dieei.unict.itcorsi', port=80): Max retries exceeded with url: /l-9 (Caused by NewConnectionError('<urllib3.connection.HTTPConnection object at 0x7faeb8851da0>: Failed to establish a new connection: [Errno -2] Name or service not known',))
HTTPConnectionPool(host='www.dieei.unict.itcorsi', port=80): Max retries exceeded with url: /l-8-inf (Caused by NewConnectionError('<urllib3.connection.HTTPConnection object at 0x7faeb8851f28>: Failed to establish a new connection: [Errno -2] Name or service not known',))
HTTPConnectionPool(host='www.dieei.unict.itcorsi', port=80): Max retries exceeded with url: /lm-25 (Caused by NewConnectionError('<urllib3.connection.HTTPConnection object at 0x7faeb8851ef0>: Failed to establish a new connection: [Errno -2] Name or service not known',))
HTTPConnectionPool(host='www.dieei.unict.itcorsi', port=80): Max retries exceeded with url: /lm-28 (Caused by NewConnectionError('<urllib3.connection.HTTPConnection object at 0x7faeb89696a0>: Failed to establish a new connection: [Errno -2] Name or service not known',))
HTTPConnectionPool(host='www.dieei.unict.itcorsi', port=80): Max retries exceeded with url: /lm-29 (Caused by NewConnectionError('<urllib3.connection.HTTPConnection object at 0x7faec10b9ac8>: Failed to establish a new connection: [Errno -2] Name or service not known',))
HTTPConnectionPool(host='www.dieei.unict.itcorsi', port=80): Max retries exceeded with url: /lm-27 (Caused by NewConnectionError('<urllib3.connection.HTTPConnection object at 0x7faeb895b978>: Failed to establish a new connection: [Errno -2] Name or service not known',))
HTTPConnectionPool(host='www.dieei.unict.itcorsi', port=80): Max retries exceeded with url: /lm-32 (Caused by NewConnectionError('<urllib3.connection.HTTPConnection object at 0x7faeb8851a58>: Failed to establish a new connection: [Errno -2] Name or service not known',))
HTTPConnectionPool(host='www.dieei.unict.itcorsi', port=80): Max retries exceeded with url: /l-8-ele (Caused by NewConnectionError('<urllib3.connection.HTTPConnection object at 0x7faeb883e860>: Failed to establish a new connection: [Errno -2] Name or service not known',))
HTTPConnectionPool(host='www.dieei.unict.itcorsi', port=80): Max retries exceeded with url: /l-9 (Caused by NewConnectionError('<urllib3.connection.HTTPConnection object at 0x7faeb8939588>: Failed to establish a new connection: [Errno -2] Name or service not known',))
HTTPConnectionPool(host='www.dieei.unict.itcorsi', port=80): Max retries exceeded with url: /l-8-inf (Caused by NewConnectionError('<urllib3.connection.HTTPConnection object at 0x7faeb86c7160>: Failed to establish a new connection: [Errno -2] Name or service not known',))
HTTPConnectionPool(host='www.dieei.unict.itcorsi', port=80): Max retries exceeded with url: /lm-25 (Caused by NewConnectionError('<urllib3.connection.HTTPConnection object at 0x7faeb86c7b00>: Failed to establish a new connection: [Errno -2] Name or service not known',))
HTTPConnectionPool(host='www.dieei.unict.itcorsi', port=80): Max retries exceeded with url: /lm-28 (Caused by NewConnectionError('<urllib3.connection.HTTPConnection object at 0x7faeb86c74a8>: Failed to establish a new connection: [Errno -2] Name or service not known',))
HTTPConnectionPool(host='www.dieei.unict.itcorsi', port=80): Max retries exceeded with url: /lm-29 (Caused by NewConnectionError('<urllib3.connection.HTTPConnection object at 0x7faeb86c76a0>: Failed to establish a new connection: [Errno -2] Name or service not known',))
HTTPConnectionPool(host='www.dieei.unict.itcorsi', port=80): Max retries exceeded with url: /lm-27 (Caused by NewConnectionError('<urllib3.connection.HTTPConnection object at 0x7faeb86c75c0>: Failed to establish a new connection: [Errno -2] Name or service not known',))
HTTPConnectionPool(host='www.dieei.unict.itcorsi', port=80): Max retries exceeded with url: /lm-32 (Caused by NewConnectionError('<urllib3.connection.HTTPConnection object at 0x7faeb8910668>: Failed to establish a new connection: [Errno -2] Name or service not known',))
HTTPConnectionPool(host='web.dmi.unict.itcorsi', port=80): Max retries exceeded with url: /l-31 (Caused by NewConnectionError('<urllib3.connection.HTTPConnection object at 0x7f1450030d30>: Failed to establish a new connection: [Errno -2] Name or service not known',))
HTTPConnectionPool(host='web.dmi.unict.itcorsi', port=80): Max retries exceeded with url: /l-35 (Caused by NewConnectionError('<urllib3.connection.HTTPConnection object at 0x7f1450030c88>: Failed to establish a new connection: [Errno -2] Name or service not known',))
HTTPConnectionPool(host='web.dmi.unict.itcorsi', port=80): Max retries exceeded with url: /lm-18 (Caused by NewConnectionError('<urllib3.connection.HTTPConnection object at 0x7f1450030780>: Failed to establish a new connection: [Errno -2] Name or service not known',))
HTTPConnectionPool(host='web.dmi.unict.itcorsi', port=80): Max retries exceeded with url: /lm-40 (Caused by NewConnectionError('<urllib3.connection.HTTPConnection object at 0x7f1450030fd0>: Failed to establish a new connection: [Errno -2] Name or service not known',))
'NoneType' object has no attribute 'find_all'
HTTPConnectionPool(host='web.dmi.unict.itcorsi', port=80): Max retries exceeded with url: /l-31 (Caused by NewConnectionError('<urllib3.connection.HTTPConnection object at 0x7f14489c5be0>: Failed to establish a new connection: [Errno -2] Name or service not known',))
HTTPConnectionPool(host='web.dmi.unict.itcorsi', port=80): Max retries exceeded with url: /l-35 (Caused by NewConnectionError('<urllib3.connection.HTTPConnection object at 0x7f14489c5dd8>: Failed to establish a new connection: [Errno -2] Name or service not known',))
HTTPConnectionPool(host='web.dmi.unict.itcorsi', port=80): Max retries exceeded with url: /lm-18 (Caused by NewConnectionError('<urllib3.connection.HTTPConnection object at 0x7f14489c5da0>: Failed to establish a new connection: [Errno -2] Name or service not known',))
HTTPConnectionPool(host='web.dmi.unict.itcorsi', port=80): Max retries exceeded with url: /lm-40 (Caused by NewConnectionError('<urllib3.connection.HTTPConnection object at 0x7f14489c5c18>: Failed to establish a new connection: [Errno -2] Name or service not known',))
'NoneType' object has no attribute 'find_all'
HTTPConnectionPool(host='www.dieei.unict.itcorsi', port=80): Max retries exceeded with url: /l-8-ele (Caused by NewConnectionError('<urllib3.connection.HTTPConnection object at 0x7f1448914d68>: Failed to establish a new connection: [Errno -2] Name or service not known',))
HTTPConnectionPool(host='www.dieei.unict.itcorsi', port=80): Max retries exceeded with url: /l-9 (Caused by NewConnectionError('<urllib3.connection.HTTPConnection object at 0x7f1448914cf8>: Failed to establish a new connection: [Errno -2] Name or service not known',))
HTTPConnectionPool(host='www.dieei.unict.itcorsi', port=80): Max retries exceeded with url: /l-8-inf (Caused by NewConnectionError('<urllib3.connection.HTTPConnection object at 0x7f1448914d68>: Failed to establish a new connection: [Errno -2] Name or service not known',))
HTTPConnectionPool(host='www.dieei.unict.itcorsi', port=80): Max retries exceeded with url: /lm-25 (Caused by NewConnectionError('<urllib3.connection.HTTPConnection object at 0x7f1448914e80>: Failed to establish a new connection: [Errno -2] Name or service not known',))
HTTPConnectionPool(host='www.dieei.unict.itcorsi', port=80): Max retries exceeded with url: /lm-28 (Caused by NewConnectionError('<urllib3.connection.HTTPConnection object at 0x7f14485c8c50>: Failed to establish a new connection: [Errno -2] Name or service not known',))
HTTPConnectionPool(host='www.dieei.unict.itcorsi', port=80): Max retries exceeded with url: /lm-29 (Caused by NewConnectionError('<urllib3.connection.HTTPConnection object at 0x7f14488ddbe0>: Failed to establish a new connection: [Errno -2] Name or service not known',))
HTTPConnectionPool(host='www.dieei.unict.itcorsi', port=80): Max retries exceeded with url: /lm-27 (Caused by NewConnectionError('<urllib3.connection.HTTPConnection object at 0x7f14488dd7b8>: Failed to establish a new connection: [Errno -2] Name or service not known',))
HTTPConnectionPool(host='www.dieei.unict.itcorsi', port=80): Max retries exceeded with url: /lm-32 (Caused by NewConnectionError('<urllib3.connection.HTTPConnection object at 0x7f14488ddbe0>: Failed to establish a new connection: [Errno -2] Name or service not known',))
HTTPConnectionPool(host='www.dieei.unict.itcorsi', port=80): Max retries exceeded with url: /l-8-ele (Caused by NewConnectionError('<urllib3.connection.HTTPConnection object at 0x7f1448715898>: Failed to establish a new connection: [Errno -2] Name or service not known',))
HTTPConnectionPool(host='www.dieei.unict.itcorsi', port=80): Max retries exceeded with url: /l-9 (Caused by NewConnectionError('<urllib3.connection.HTTPConnection object at 0x7f14487e0a58>: Failed to establish a new connection: [Errno -2] Name or service not known',))
HTTPConnectionPool(host='www.dieei.unict.itcorsi', port=80): Max retries exceeded with url: /l-8-inf (Caused by NewConnectionError('<urllib3.connection.HTTPConnection object at 0x7f14488956d8>: Failed to establish a new connection: [Errno -2] Name or service not known',))
HTTPConnectionPool(host='www.dieei.unict.itcorsi', port=80): Max retries exceeded with url: /lm-25 (Caused by NewConnectionError('<urllib3.connection.HTTPConnection object at 0x7f144861b898>: Failed to establish a new connection: [Errno -2] Name or service not known',))
HTTPConnectionPool(host='www.dieei.unict.itcorsi', port=80): Max retries exceeded with url: /lm-28 (Caused by NewConnectionError('<urllib3.connection.HTTPConnection object at 0x7f144870b7f0>: Failed to establish a new connection: [Errno -2] Name or service not known',))
HTTPConnectionPool(host='www.dieei.unict.itcorsi', port=80): Max retries exceeded with url: /lm-29 (Caused by NewConnectionError('<urllib3.connection.HTTPConnection object at 0x7f144870b4a8>: Failed to establish a new connection: [Errno -2] Name or service not known',))
HTTPConnectionPool(host='www.dieei.unict.itcorsi', port=80): Max retries exceeded with url: /lm-27 (Caused by NewConnectionError('<urllib3.connection.HTTPConnection object at 0x7f144870b7f0>: Failed to establish a new connection: [Errno -2] Name or service not known',))
HTTPConnectionPool(host='www.dieei.unict.itcorsi', port=80): Max retries exceeded with url: /lm-32 (Caused by NewConnectionError('<urllib3.connection.HTTPConnection object at 0x7f14487157f0>: Failed to establish a new connection: [Errno -2] Name or service not known',))
HTTPConnectionPool(host='web.dmi.unict.itcorsi', port=80): Max retries exceeded with url: /l-31 (Caused by NewConnectionError('<urllib3.connection.HTTPConnection object at 0x7f74c00c0d68>: Failed to establish a new connection: [Errno -2] Name or service not known',))
HTTPConnectionPool(host='web.dmi.unict.itcorsi', port=80): Max retries exceeded with url: /l-35 (Caused by NewConnectionError('<urllib3.connection.HTTPConnection object at 0x7f74c00c0cc0>: Failed to establish a new connection: [Errno -2] Name or service not known',))
HTTPConnectionPool(host='web.dmi.unict.itcorsi', port=80): Max retries exceeded with url: /lm-18 (Caused by NewConnectionError('<urllib3.connection.HTTPConnection object at 0x7f74c00c0f98>: Failed to establish a new connection: [Errno -2] Name or service not known',))
HTTPConnectionPool(host='web.dmi.unict.itcorsi', port=80): Max retries exceeded with url: /lm-40 (Caused by NewConnectionError('<urllib3.connection.HTTPConnection object at 0x7f74c00c08d0>: Failed to establish a new connection: [Errno -2] Name or service not known',))
'NoneType' object has no attribute 'find_all'
HTTPConnectionPool(host='web.dmi.unict.itcorsi', port=80): Max retries exceeded with url: /l-31 (Caused by NewConnectionError('<urllib3.connection.HTTPConnection object at 0x7f74c0098668>: Failed to establish a new connection: [Errno -2] Name or service not known',))
HTTPConnectionPool(host='web.dmi.unict.itcorsi', port=80): Max retries exceeded with url: /l-35 (Caused by NewConnectionError('<urllib3.connection.HTTPConnection object at 0x7f74c0098470>: Failed to establish a new connection: [Errno -2] Name or service not known',))
HTTPConnectionPool(host='web.dmi.unict.itcorsi', port=80): Max retries exceeded with url: /lm-18 (Caused by NewConnectionError('<urllib3.connection.HTTPConnection object at 0x7f74c00984a8>: Failed to establish a new connection: [Errno -2] Name or service not known',))
HTTPConnectionPool(host='web.dmi.unict.itcorsi', port=80): Max retries exceeded with url: /lm-40 (Caused by NewConnectionError('<urllib3.connection.HTTPConnection object at 0x7f74c0098630>: Failed to establish a new connection: [Errno -2] Name or service not known',))
'NoneType' object has no attribute 'find_all'
HTTPConnectionPool(host='www.dieei.unict.itcorsi', port=80): Max retries exceeded with url: /l-8-ele (Caused by NewConnectionError('<urllib3.connection.HTTPConnection object at 0x7f74b847a6a0>: Failed to establish a new connection: [Errno -2] Name or service not known',))
HTTPConnectionPool(host='www.dieei.unict.itcorsi', port=80): Max retries exceeded with url: /l-9 (Caused by NewConnectionError('<urllib3.connection.HTTPConnection object at 0x7f74b847a9e8>: Failed to establish a new connection: [Errno -2] Name or service not known',))
HTTPConnectionPool(host='www.dieei.unict.itcorsi', port=80): Max retries exceeded with url: /l-8-inf (Caused by NewConnectionError('<urllib3.connection.HTTPConnection object at 0x7f74b847a390>: Failed to establish a new connection: [Errno -2] Name or service not known',))
HTTPConnectionPool(host='www.dieei.unict.itcorsi', port=80): Max retries exceeded with url: /lm-25 (Caused by NewConnectionError('<urllib3.connection.HTTPConnection object at 0x7f74b847a208>: Failed to establish a new connection: [Errno -2] Name or service not known',))
HTTPConnectionPool(host='www.dieei.unict.itcorsi', port=80): Max retries exceeded with url: /lm-28 (Caused by NewConnectionError('<urllib3.connection.HTTPConnection object at 0x7f74b847a710>: Failed to establish a new connection: [Errno -2] Name or service not known',))
HTTPConnectionPool(host='www.dieei.unict.itcorsi', port=80): Max retries exceeded with url: /lm-29 (Caused by NewConnectionError('<urllib3.connection.HTTPConnection object at 0x7f74b847a438>: Failed to establish a new connection: [Errno -2] Name or service not known',))
HTTPConnectionPool(host='www.dieei.unict.itcorsi', port=80): Max retries exceeded with url: /lm-27 (Caused by NewConnectionError('<urllib3.connection.HTTPConnection object at 0x7f74b847ab38>: Failed to establish a new connection: [Errno -2] Name or service not known',))
HTTPConnectionPool(host='www.dieei.unict.itcorsi', port=80): Max retries exceeded with url: /lm-32 (Caused by NewConnectionError('<urllib3.connection.HTTPConnection object at 0x7f74b847a710>: Failed to establish a new connection: [Errno -2] Name or service not known',))
HTTPConnectionPool(host='www.dieei.unict.itcorsi', port=80): Max retries exceeded with url: /l-8-ele (Caused by NewConnectionError('<urllib3.connection.HTTPConnection object at 0x7f74b8500198>: Failed to establish a new connection: [Errno -2] Name or service not known',))
HTTPConnectionPool(host='www.dieei.unict.itcorsi', port=80): Max retries exceeded with url: /l-9 (Caused by NewConnectionError('<urllib3.connection.HTTPConnection object at 0x7f74b86695f8>: Failed to establish a new connection: [Errno -2] Name or service not known',))
HTTPConnectionPool(host='www.dieei.unict.itcorsi', port=80): Max retries exceeded with url: /l-8-inf (Caused by NewConnectionError('<urllib3.connection.HTTPConnection object at 0x7f74b847a390>: Failed to establish a new connection: [Errno -2] Name or service not known',))
HTTPConnectionPool(host='www.dieei.unict.itcorsi', port=80): Max retries exceeded with url: /lm-25 (Caused by NewConnectionError('<urllib3.connection.HTTPConnection object at 0x7f74b847a940>: Failed to establish a new connection: [Errno -2] Name or service not known',))
HTTPConnectionPool(host='www.dieei.unict.itcorsi', port=80): Max retries exceeded with url: /lm-28 (Caused by NewConnectionError('<urllib3.connection.HTTPConnection object at 0x7f74b8480cf8>: Failed to establish a new connection: [Errno -2] Name or service not known',))
HTTPConnectionPool(host='www.dieei.unict.itcorsi', port=80): Max retries exceeded with url: /lm-29 (Caused by NewConnectionError('<urllib3.connection.HTTPConnection object at 0x7f74b84807b8>: Failed to establish a new connection: [Errno -2] Name or service not known',))
HTTPConnectionPool(host='www.dieei.unict.itcorsi', port=80): Max retries exceeded with url: /lm-27 (Caused by NewConnectionError('<urllib3.connection.HTTPConnection object at 0x7f74b8480c88>: Failed to establish a new connection: [Errno -2] Name or service not known',))
HTTPConnectionPool(host='www.dieei.unict.itcorsi', port=80): Max retries exceeded with url: /lm-32 (Caused by NewConnectionError('<urllib3.connection.HTTPConnection object at 0x7f74b85872e8>: Failed to establish a new connection: [Errno -2] Name or service not known',))
HTTPConnectionPool(host='web.dmi.unict.itcorsi', port=80): Max retries exceeded with url: /l-31 (Caused by NewConnectionError('<urllib3.connection.HTTPConnection object at 0x7fb3a05d8f28>: Failed to establish a new connection: [Errno -2] Name or service not known',))
HTTPConnectionPool(host='web.dmi.unict.itcorsi', port=80): Max retries exceeded with url: /l-35 (Caused by NewConnectionError('<urllib3.connection.HTTPConnection object at 0x7fb3a05d8eb8>: Failed to establish a new connection: [Errno -2] Name or service not known',))
HTTPConnectionPool(host='web.dmi.unict.itcorsi', port=80): Max retries exceeded with url: /lm-18 (Caused by NewConnectionError('<urllib3.connection.HTTPConnection object at 0x7fb3a05d8fd0>: Failed to establish a new connection: [Errno -2] Name or service not known',))
HTTPConnectionPool(host='web.dmi.unict.itcorsi', port=80): Max retries exceeded with url: /lm-40 (Caused by NewConnectionError('<urllib3.connection.HTTPConnection object at 0x7fb3a05d8f28>: Failed to establish a new connection: [Errno -2] Name or service not known',))
'NoneType' object has no attribute 'find_all'
HTTPConnectionPool(host='web.dmi.unict.itcorsi', port=80): Max retries exceeded with url: /l-31 (Caused by NewConnectionError('<urllib3.connection.HTTPConnection object at 0x7fb3a05b05f8>: Failed to establish a new connection: [Errno -2] Name or service not known',))
HTTPConnectionPool(host='web.dmi.unict.itcorsi', port=80): Max retries exceeded with url: /l-35 (Caused by NewConnectionError('<urllib3.connection.HTTPConnection object at 0x7fb3a05b0400>: Failed to establish a new connection: [Errno -2] Name or service not known',))
HTTPConnectionPool(host='web.dmi.unict.itcorsi', port=80): Max retries exceeded with url: /lm-18 (Caused by NewConnectionError('<urllib3.connection.HTTPConnection object at 0x7fb3a05b0438>: Failed to establish a new connection: [Errno -2] Name or service not known',))
HTTPConnectionPool(host='web.dmi.unict.itcorsi', port=80): Max retries exceeded with url: /lm-40 (Caused by NewConnectionError('<urllib3.connection.HTTPConnection object at 0x7fb3a05b05c0>: Failed to establish a new connection: [Errno -2] Name or service not known',))
'NoneType' object has no attribute 'find_all'
HTTPConnectionPool(host='www.dieei.unict.itcorsi', port=80): Max retries exceeded with url: /l-8-ele (Caused by NewConnectionError('<urllib3.connection.HTTPConnection object at 0x7fb3a02e4828>: Failed to establish a new connection: [Errno -2] Name or service not known',))
HTTPConnectionPool(host='www.dieei.unict.itcorsi', port=80): Max retries exceeded with url: /l-9 (Caused by NewConnectionError('<urllib3.connection.HTTPConnection object at 0x7fb3a031c358>: Failed to establish a new connection: [Errno -2] Name or service not known',))
HTTPConnectionPool(host='www.dieei.unict.itcorsi', port=80): Max retries exceeded with url: /l-8-inf (Caused by NewConnectionError('<urllib3.connection.HTTPConnection object at 0x7fb3a05d8a58>: Failed to establish a new connection: [Errno -2] Name or service not known',))
HTTPConnectionPool(host='www.dieei.unict.itcorsi', port=80): Max retries exceeded with url: /lm-25 (Caused by NewConnectionError('<urllib3.connection.HTTPConnection object at 0x7fb3a031c2b0>: Failed to establish a new connection: [Errno -2] Name or service not known',))
HTTPConnectionPool(host='www.dieei.unict.itcorsi', port=80): Max retries exceeded with url: /lm-28 (Caused by NewConnectionError('<urllib3.connection.HTTPConnection object at 0x7fb3a031c278>: Failed to establish a new connection: [Errno -2] Name or service not known',))
HTTPConnectionPool(host='www.dieei.unict.itcorsi', port=80): Max retries exceeded with url: /lm-29 (Caused by NewConnectionError('<urllib3.connection.HTTPConnection object at 0x7fb3a031c400>: Failed to establish a new connection: [Errno -2] Name or service not known',))
HTTPConnectionPool(host='www.dieei.unict.itcorsi', port=80): Max retries exceeded with url: /lm-27 (Caused by NewConnectionError('<urllib3.connection.HTTPConnection object at 0x7fb3a031c2b0>: Failed to establish a new connection: [Errno -2] Name or service not known',))
HTTPConnectionPool(host='www.dieei.unict.itcorsi', port=80): Max retries exceeded with url: /lm-32 (Caused by NewConnectionError('<urllib3.connection.HTTPConnection object at 0x7fb3a05d8a58>: Failed to establish a new connection: [Errno -2] Name or service not known',))
HTTPConnectionPool(host='www.dieei.unict.itcorsi', port=80): Max retries exceeded with url: /l-8-ele (Caused by NewConnectionError('<urllib3.connection.HTTPConnection object at 0x7fb3a3cd8748>: Failed to establish a new connection: [Errno -2] Name or service not known',))
HTTPConnectionPool(host='www.dieei.unict.itcorsi', port=80): Max retries exceeded with url: /l-9 (Caused by NewConnectionError('<urllib3.connection.HTTPConnection object at 0x7fb3a05d8828>: Failed to establish a new connection: [Errno -2] Name or service not known',))
HTTPConnectionPool(host='www.dieei.unict.itcorsi', port=80): Max retries exceeded with url: /l-8-inf (Caused by NewConnectionError('<urllib3.connection.HTTPConnection object at 0x7fb3a04c72b0>: Failed to establish a new connection: [Errno -2] Name or service not known',))
HTTPConnectionPool(host='www.dieei.unict.itcorsi', port=80): Max retries exceeded with url: /lm-25 (Caused by NewConnectionError('<urllib3.connection.HTTPConnection object at 0x7fb3a031c390>: Failed to establish a new connection: [Errno -2] Name or service not known',))
HTTPConnectionPool(host='www.dieei.unict.itcorsi', port=80): Max retries exceeded with url: /lm-28 (Caused by NewConnectionError('<urllib3.connection.HTTPConnection object at 0x7fb3a031c4e0>: Failed to establish a new connection: [Errno -2] Name or service not known',))
HTTPConnectionPool(host='www.dieei.unict.itcorsi', port=80): Max retries exceeded with url: /lm-29 (Caused by NewConnectionError('<urllib3.connection.HTTPConnection object at 0x7fb3a031c588>: Failed to establish a new connection: [Errno -2] Name or service not known',))
HTTPConnectionPool(host='www.dieei.unict.itcorsi', port=80): Max retries exceeded with url: /lm-27 (Caused by NewConnectionError('<urllib3.connection.HTTPConnection object at 0x7fb3a031c4e0>: Failed to establish a new connection: [Errno -2] Name or service not known',))
HTTPConnectionPool(host='www.dieei.unict.itcorsi', port=80): Max retries exceeded with url: /lm-32 (Caused by NewConnectionError('<urllib3.connection.HTTPConnection object at 0x7fb3a031c2e8>: Failed to establish a new connection: [Errno -2] Name or service not known',))
HTTPConnectionPool(host='web.dmi.unict.itcorsi', port=80): Max retries exceeded with url: /l-31 (Caused by NewConnectionError('<urllib3.connection.HTTPConnection object at 0x7f3e54164518>: Failed to establish a new connection: [Errno -2] Name or service not known',))
HTTPConnectionPool(host='web.dmi.unict.itcorsi', port=80): Max retries exceeded with url: /l-35 (Caused by NewConnectionError('<urllib3.connection.HTTPConnection object at 0x7f3e541645c0>: Failed to establish a new connection: [Errno -2] Name or service not known',))
HTTPConnectionPool(host='web.dmi.unict.itcorsi', port=80): Max retries exceeded with url: /lm-18 (Caused by NewConnectionError('<urllib3.connection.HTTPConnection object at 0x7f3e54164278>: Failed to establish a new connection: [Errno -2] Name or service not known',))
HTTPConnectionPool(host='web.dmi.unict.itcorsi', port=80): Max retries exceeded with url: /lm-40 (Caused by NewConnectionError('<urllib3.connection.HTTPConnection object at 0x7f3e541642b0>: Failed to establish a new connection: [Errno -2] Name or service not known',))
'NoneType' object has no attribute 'find_all'
HTTPConnectionPool(host='web.dmi.unict.itcorsi', port=80): Max retries exceeded with url: /l-31 (Caused by NewConnectionError('<urllib3.connection.HTTPConnection object at 0x7f3e54120668>: Failed to establish a new connection: [Errno -2] Name or service not known',))
HTTPConnectionPool(host='web.dmi.unict.itcorsi', port=80): Max retries exceeded with url: /l-35 (Caused by NewConnectionError('<urllib3.connection.HTTPConnection object at 0x7f3e54120470>: Failed to establish a new connection: [Errno -2] Name or service not known',))
HTTPConnectionPool(host='web.dmi.unict.itcorsi', port=80): Max retries exceeded with url: /lm-18 (Caused by NewConnectionError('<urllib3.connection.HTTPConnection object at 0x7f3e541204a8>: Failed to establish a new connection: [Errno -2] Name or service not known',))
HTTPConnectionPool(host='web.dmi.unict.itcorsi', port=80): Max retries exceeded with url: /lm-40 (Caused by NewConnectionError('<urllib3.connection.HTTPConnection object at 0x7f3e54120630>: Failed to establish a new connection: [Errno -2] Name or service not known',))
'NoneType' object has no attribute 'find_all'
HTTPConnectionPool(host='www.dieei.unict.itcorsi', port=80): Max retries exceeded with url: /l-8-ele (Caused by NewConnectionError('<urllib3.connection.HTTPConnection object at 0x7f3e3ef1e4e0>: Failed to establish a new connection: [Errno -2] Name or service not known',))
HTTPConnectionPool(host='www.dieei.unict.itcorsi', port=80): Max retries exceeded with url: /l-9 (Caused by NewConnectionError('<urllib3.connection.HTTPConnection object at 0x7f3e3ed512e8>: Failed to establish a new connection: [Errno -2] Name or service not known',))
HTTPConnectionPool(host='www.dieei.unict.itcorsi', port=80): Max retries exceeded with url: /l-8-inf (Caused by NewConnectionError('<urllib3.connection.HTTPConnection object at 0x7f3e3ef1e470>: Failed to establish a new connection: [Errno -2] Name or service not known',))
HTTPConnectionPool(host='www.dieei.unict.itcorsi', port=80): Max retries exceeded with url: /lm-25 (Caused by NewConnectionError('<urllib3.connection.HTTPConnection object at 0x7f3e3ef1e438>: Failed to establish a new connection: [Errno -2] Name or service not known',))
HTTPConnectionPool(host='www.dieei.unict.itcorsi', port=80): Max retries exceeded with url: /lm-28 (Caused by NewConnectionError('<urllib3.connection.HTTPConnection object at 0x7f3e3ef1e4a8>: Failed to establish a new connection: [Errno -2] Name or service not known',))
HTTPConnectionPool(host='www.dieei.unict.itcorsi', port=80): Max retries exceeded with url: /lm-29 (Caused by NewConnectionError('<urllib3.connection.HTTPConnection object at 0x7f3e3ef1e438>: Failed to establish a new connection: [Errno -2] Name or service not known',))
HTTPConnectionPool(host='www.dieei.unict.itcorsi', port=80): Max retries exceeded with url: /lm-27 (Caused by NewConnectionError('<urllib3.connection.HTTPConnection object at 0x7f3e3ef1e390>: Failed to establish a new connection: [Errno -2] Name or service not known',))
HTTPConnectionPool(host='www.dieei.unict.itcorsi', port=80): Max retries exceeded with url: /lm-32 (Caused by NewConnectionError('<urllib3.connection.HTTPConnection object at 0x7f3e3ef1e4a8>: Failed to establish a new connection: [Errno -2] Name or service not known',))
HTTPConnectionPool(host='www.dieei.unict.itcorsi', port=80): Max retries exceeded with url: /l-8-ele (Caused by NewConnectionError('<urllib3.connection.HTTPConnection object at 0x7f3e3eecdd30>: Failed to establish a new connection: [Errno -2] Name or service not known',))
HTTPConnectionPool(host='www.dieei.unict.itcorsi', port=80): Max retries exceeded with url: /l-9 (Caused by NewConnectionError('<urllib3.connection.HTTPConnection object at 0x7f3e3ed512e8>: Failed to establish a new connection: [Errno -2] Name or service not known',))
HTTPConnectionPool(host='www.dieei.unict.itcorsi', port=80): Max retries exceeded with url: /l-8-inf (Caused by NewConnectionError('<urllib3.connection.HTTPConnection object at 0x7f3e3ef1e518>: Failed to establish a new connection: [Errno -2] Name or service not known',))
HTTPConnectionPool(host='www.dieei.unict.itcorsi', port=80): Max retries exceeded with url: /lm-25 (Caused by NewConnectionError('<urllib3.connection.HTTPConnection object at 0x7f3e3ef1e0b8>: Failed to establish a new connection: [Errno -2] Name or service not known',))
HTTPConnectionPool(host='www.dieei.unict.itcorsi', port=80): Max retries exceeded with url: /lm-28 (Caused by NewConnectionError('<urllib3.connection.HTTPConnection object at 0x7f3e540bb4a8>: Failed to establish a new connection: [Errno -2] Name or service not known',))
HTTPConnectionPool(host='www.dieei.unict.itcorsi', port=80): Max retries exceeded with url: /lm-29 (Caused by NewConnectionError('<urllib3.connection.HTTPConnection object at 0x7f3e3ef1e3c8>: Failed to establish a new connection: [Errno -2] Name or service not known',))
HTTPConnectionPool(host='www.dieei.unict.itcorsi', port=80): Max retries exceeded with url: /lm-27 (Caused by NewConnectionError('<urllib3.connection.HTTPConnection object at 0x7f3e3ef1e518>: Failed to establish a new connection: [Errno -2] Name or service not known',))
HTTPConnectionPool(host='www.dieei.unict.itcorsi', port=80): Max retries exceeded with url: /lm-32 (Caused by NewConnectionError('<urllib3.connection.HTTPConnection object at 0x7f3e540db7b8>: Failed to establish a new connection: [Errno -2] Name or service not known',))
HTTPConnectionPool(host='web.dmi.unict.itcorsi', port=80): Max retries exceeded with url: /l-31 (Caused by NewConnectionError('<urllib3.connection.HTTPConnection object at 0x7fc41008ce10>: Failed to establish a new connection: [Errno -2] Name or service not known',))
HTTPConnectionPool(host='web.dmi.unict.itcorsi', port=80): Max retries exceeded with url: /l-35 (Caused by NewConnectionError('<urllib3.connection.HTTPConnection object at 0x7fc41008cdd8>: Failed to establish a new connection: [Errno -2] Name or service not known',))
HTTPConnectionPool(host='web.dmi.unict.itcorsi', port=80): Max retries exceeded with url: /lm-18 (Caused by NewConnectionError('<urllib3.connection.HTTPConnection object at 0x7fc41008ce10>: Failed to establish a new connection: [Errno -2] Name or service not known',))
HTTPConnectionPool(host='web.dmi.unict.itcorsi', port=80): Max retries exceeded with url: /lm-40 (Caused by NewConnectionError('<urllib3.connection.HTTPConnection object at 0x7fc41008cd30>: Failed to establish a new connection: [Errno -2] Name or service not known',))
'NoneType' object has no attribute 'find_all'
HTTPConnectionPool(host='web.dmi.unict.itcorsi', port=80): Max retries exceeded with url: /l-31 (Caused by NewConnectionError('<urllib3.connection.HTTPConnection object at 0x7fc4100509e8>: Failed to establish a new connection: [Errno -2] Name or service not known',))
HTTPConnectionPool(host='web.dmi.unict.itcorsi', port=80): Max retries exceeded with url: /l-35 (Caused by NewConnectionError('<urllib3.connection.HTTPConnection object at 0x7fc410050c88>: Failed to establish a new connection: [Errno -2] Name or service not known',))
HTTPConnectionPool(host='web.dmi.unict.itcorsi', port=80): Max retries exceeded with url: /lm-18 (Caused by NewConnectionError('<urllib3.connection.HTTPConnection object at 0x7fc410050f60>: Failed to establish a new connection: [Errno -2] Name or service not known',))
HTTPConnectionPool(host='web.dmi.unict.itcorsi', port=80): Max retries exceeded with url: /lm-40 (Caused by NewConnectionError('<urllib3.connection.HTTPConnection object at 0x7fc4100509b0>: Failed to establish a new connection: [Errno -2] Name or service not known',))
'NoneType' object has no attribute 'find_all'
HTTPConnectionPool(host='www.dieei.unict.itcorsi', port=80): Max retries exceeded with url: /l-8-ele (Caused by NewConnectionError('<urllib3.connection.HTTPConnection object at 0x7fc411783048>: Failed to establish a new connection: [Errno -2] Name or service not known',))
HTTPConnectionPool(host='www.dieei.unict.itcorsi', port=80): Max retries exceeded with url: /l-9 (Caused by NewConnectionError('<urllib3.connection.HTTPConnection object at 0x7fc408efadd8>: Failed to establish a new connection: [Errno -2] Name or service not known',))
HTTPConnectionPool(host='www.dieei.unict.itcorsi', port=80): Max retries exceeded with url: /l-8-inf (Caused by NewConnectionError('<urllib3.connection.HTTPConnection object at 0x7fc408df1b38>: Failed to establish a new connection: [Errno -2] Name or service not known',))
HTTPConnectionPool(host='www.dieei.unict.itcorsi', port=80): Max retries exceeded with url: /lm-25 (Caused by NewConnectionError('<urllib3.connection.HTTPConnection object at 0x7fc408df1d30>: Failed to establish a new connection: [Errno -2] Name or service not known',))
HTTPConnectionPool(host='www.dieei.unict.itcorsi', port=80): Max retries exceeded with url: /lm-28 (Caused by NewConnectionError('<urllib3.connection.HTTPConnection object at 0x7fc408df1d68>: Failed to establish a new connection: [Errno -2] Name or service not known',))
HTTPConnectionPool(host='www.dieei.unict.itcorsi', port=80): Max retries exceeded with url: /lm-29 (Caused by NewConnectionError('<urllib3.connection.HTTPConnection object at 0x7fc408df18d0>: Failed to establish a new connection: [Errno -2] Name or service not known',))
HTTPConnectionPool(host='www.dieei.unict.itcorsi', port=80): Max retries exceeded with url: /lm-27 (Caused by NewConnectionError('<urllib3.connection.HTTPConnection object at 0x7fc408df1c18>: Failed to establish a new connection: [Errno -2] Name or service not known',))
HTTPConnectionPool(host='www.dieei.unict.itcorsi', port=80): Max retries exceeded with url: /lm-32 (Caused by NewConnectionError('<urllib3.connection.HTTPConnection object at 0x7fc4117838d0>: Failed to establish a new connection: [Errno -2] Name or service not known',))
HTTPConnectionPool(host='www.dieei.unict.itcorsi', port=80): Max retries exceeded with url: /l-8-ele (Caused by NewConnectionError('<urllib3.connection.HTTPConnection object at 0x7fc408ced780>: Failed to establish a new connection: [Errno -2] Name or service not known',))
HTTPConnectionPool(host='www.dieei.unict.itcorsi', port=80): Max retries exceeded with url: /l-9 (Caused by NewConnectionError('<urllib3.connection.HTTPConnection object at 0x7fc408fe27b8>: Failed to establish a new connection: [Errno -2] Name or service not known',))
HTTPConnectionPool(host='www.dieei.unict.itcorsi', port=80): Max retries exceeded with url: /l-8-inf (Caused by NewConnectionError('<urllib3.connection.HTTPConnection object at 0x7fc408fe27b8>: Failed to establish a new connection: [Errno -2] Name or service not known',))
HTTPConnectionPool(host='www.dieei.unict.itcorsi', port=80): Max retries exceeded with url: /lm-25 (Caused by NewConnectionError('<urllib3.connection.HTTPConnection object at 0x7fc408fe2860>: Failed to establish a new connection: [Errno -2] Name or service not known',))
HTTPConnectionPool(host='www.dieei.unict.itcorsi', port=80): Max retries exceeded with url: /lm-28 (Caused by NewConnectionError('<urllib3.connection.HTTPConnection object at 0x7fc408fe27f0>: Failed to establish a new connection: [Errno -2] Name or service not known',))
HTTPConnectionPool(host='www.dieei.unict.itcorsi', port=80): Max retries exceeded with url: /lm-29 (Caused by NewConnectionError('<urllib3.connection.HTTPConnection object at 0x7fc408fe2ac8>: Failed to establish a new connection: [Errno -2] Name or service not known',))
HTTPConnectionPool(host='www.dieei.unict.itcorsi', port=80): Max retries exceeded with url: /lm-27 (Caused by NewConnectionError('<urllib3.connection.HTTPConnection object at 0x7fc408fe27f0>: Failed to establish a new connection: [Errno -2] Name or service not known',))
HTTPConnectionPool(host='www.dieei.unict.itcorsi', port=80): Max retries exceeded with url: /lm-32 (Caused by NewConnectionError('<urllib3.connection.HTTPConnection object at 0x7fc408fe2ac8>: Failed to establish a new connection: [Errno -2] Name or service not known',))
HTTPConnectionPool(host='web.dmi.unict.itcorsi', port=80): Max retries exceeded with url: /l-31 (Caused by NewConnectionError('<urllib3.connection.HTTPConnection object at 0x7fe9e03202e8>: Failed to establish a new connection: [Errno -2] Name or service not known',))
HTTPConnectionPool(host='web.dmi.unict.itcorsi', port=80): Max retries exceeded with url: /l-35 (Caused by NewConnectionError('<urllib3.connection.HTTPConnection object at 0x7fe9e0320358>: Failed to establish a new connection: [Errno -2] Name or service not known',))
HTTPConnectionPool(host='web.dmi.unict.itcorsi', port=80): Max retries exceeded with url: /lm-18 (Caused by NewConnectionError('<urllib3.connection.HTTPConnection object at 0x7fe9e03202b0>: Failed to establish a new connection: [Errno -2] Name or service not known',))
HTTPConnectionPool(host='web.dmi.unict.itcorsi', port=80): Max retries exceeded with url: /lm-40 (Caused by NewConnectionError('<urllib3.connection.HTTPConnection object at 0x7fe9e03202e8>: Failed to establish a new connection: [Errno -2] Name or service not known',))
'NoneType' object has no attribute 'find_all'
HTTPConnectionPool(host='web.dmi.unict.itcorsi', port=80): Max retries exceeded with url: /l-31 (Caused by NewConnectionError('<urllib3.connection.HTTPConnection object at 0x7fe9e02eba20>: Failed to establish a new connection: [Errno -2] Name or service not known',))
HTTPConnectionPool(host='web.dmi.unict.itcorsi', port=80): Max retries exceeded with url: /l-35 (Caused by NewConnectionError('<urllib3.connection.HTTPConnection object at 0x7fe9e02ebba8>: Failed to establish a new connection: [Errno -2] Name or service not known',))
HTTPConnectionPool(host='web.dmi.unict.itcorsi', port=80): Max retries exceeded with url: /lm-18 (Caused by NewConnectionError('<urllib3.connection.HTTPConnection object at 0x7fe9e02eba58>: Failed to establish a new connection: [Errno -2] Name or service not known',))
HTTPConnectionPool(host='web.dmi.unict.itcorsi', port=80): Max retries exceeded with url: /lm-40 (Caused by NewConnectionError('<urllib3.connection.HTTPConnection object at 0x7fe9e02eba20>: Failed to establish a new connection: [Errno -2] Name or service not known',))
'NoneType' object has no attribute 'find_all'
HTTPConnectionPool(host='www.dieei.unict.itcorsi', port=80): Max retries exceeded with url: /l-8-ele (Caused by NewConnectionError('<urllib3.connection.HTTPConnection object at 0x7fe9c37d6278>: Failed to establish a new connection: [Errno -2] Name or service not known',))
HTTPConnectionPool(host='www.dieei.unict.itcorsi', port=80): Max retries exceeded with url: /l-9 (Caused by NewConnectionError('<urllib3.connection.HTTPConnection object at 0x7fe9e41f96d8>: Failed to establish a new connection: [Errno -2] Name or service not known',))
HTTPConnectionPool(host='www.dieei.unict.itcorsi', port=80): Max retries exceeded with url: /l-8-inf (Caused by NewConnectionError('<urllib3.connection.HTTPConnection object at 0x7fe9e41f9710>: Failed to establish a new connection: [Errno -2] Name or service not known',))
HTTPConnectionPool(host='www.dieei.unict.itcorsi', port=80): Max retries exceeded with url: /lm-25 (Caused by NewConnectionError('<urllib3.connection.HTTPConnection object at 0x7fe9e41f90f0>: Failed to establish a new connection: [Errno -2] Name or service not known',))
HTTPConnectionPool(host='www.dieei.unict.itcorsi', port=80): Max retries exceeded with url: /lm-28 (Caused by NewConnectionError('<urllib3.connection.HTTPConnection object at 0x7fe9c37d6668>: Failed to establish a new connection: [Errno -2] Name or service not known',))
HTTPConnectionPool(host='www.dieei.unict.itcorsi', port=80): Max retries exceeded with url: /lm-29 (Caused by NewConnectionError('<urllib3.connection.HTTPConnection object at 0x7fe9c37d64e0>: Failed to establish a new connection: [Errno -2] Name or service not known',))
HTTPConnectionPool(host='www.dieei.unict.itcorsi', port=80): Max retries exceeded with url: /lm-27 (Caused by NewConnectionError('<urllib3.connection.HTTPConnection object at 0x7fe9c37d6278>: Failed to establish a new connection: [Errno -2] Name or service not known',))
HTTPConnectionPool(host='www.dieei.unict.itcorsi', port=80): Max retries exceeded with url: /lm-32 (Caused by NewConnectionError('<urllib3.connection.HTTPConnection object at 0x7fe9c37d6668>: Failed to establish a new connection: [Errno -2] Name or service not known',))
HTTPConnectionPool(host='www.dieei.unict.itcorsi', port=80): Max retries exceeded with url: /l-8-ele (Caused by NewConnectionError('<urllib3.connection.HTTPConnection object at 0x7fe9e013f6d8>: Failed to establish a new connection: [Errno -2] Name or service not known',))
HTTPConnectionPool(host='www.dieei.unict.itcorsi', port=80): Max retries exceeded with url: /l-9 (Caused by NewConnectionError('<urllib3.connection.HTTPConnection object at 0x7fe9e013f550>: Failed to establish a new connection: [Errno -2] Name or service not known',))
HTTPConnectionPool(host='www.dieei.unict.itcorsi', port=80): Max retries exceeded with url: /l-8-inf (Caused by NewConnectionError('<urllib3.connection.HTTPConnection object at 0x7fe9e013f748>: Failed to establish a new connection: [Errno -2] Name or service not known',))
HTTPConnectionPool(host='www.dieei.unict.itcorsi', port=80): Max retries exceeded with url: /lm-25 (Caused by NewConnectionError('<urllib3.connection.HTTPConnection object at 0x7fe9e013f5f8>: Failed to establish a new connection: [Errno -2] Name or service not known',))
HTTPConnectionPool(host='www.dieei.unict.itcorsi', port=80): Max retries exceeded with url: /lm-28 (Caused by NewConnectionError('<urllib3.connection.HTTPConnection object at 0x7fe9e013f860>: Failed to establish a new connection: [Errno -2] Name or service not known',))
HTTPConnectionPool(host='www.dieei.unict.itcorsi', port=80): Max retries exceeded with url: /lm-29 (Caused by NewConnectionError('<urllib3.connection.HTTPConnection object at 0x7fe9e013f6a0>: Failed to establish a new connection: [Errno -2] Name or service not known',))
HTTPConnectionPool(host='www.dieei.unict.itcorsi', port=80): Max retries exceeded with url: /lm-27 (Caused by NewConnectionError('<urllib3.connection.HTTPConnection object at 0x7fe9e013f860>: Failed to establish a new connection: [Errno -2] Name or service not known',))
HTTPConnectionPool(host='www.dieei.unict.itcorsi', port=80): Max retries exceeded with url: /lm-32 (Caused by NewConnectionError('<urllib3.connection.HTTPConnection object at 0x7fe9e013f6a0>: Failed to establish a new connection: [Errno -2] Name or service not known',))
HTTPConnectionPool(host='web.dmi.unict.itcorsi', port=80): Max retries exceeded with url: /l-31 (Caused by NewConnectionError('<urllib3.connection.HTTPConnection object at 0x7fa3b843a550>: Failed to establish a new connection: [Errno -2] Name or service not known',))
HTTPConnectionPool(host='web.dmi.unict.itcorsi', port=80): Max retries exceeded with url: /l-35 (Caused by NewConnectionError('<urllib3.connection.HTTPConnection object at 0x7fa3b843a4e0>: Failed to establish a new connection: [Errno -2] Name or service not known',))
HTTPConnectionPool(host='web.dmi.unict.itcorsi', port=80): Max retries exceeded with url: /lm-18 (Caused by NewConnectionError('<urllib3.connection.HTTPConnection object at 0x7fa3b843a550>: Failed to establish a new connection: [Errno -2] Name or service not known',))
HTTPConnectionPool(host='web.dmi.unict.itcorsi', port=80): Max retries exceeded with url: /lm-40 (Caused by NewConnectionError('<urllib3.connection.HTTPConnection object at 0x7fa3b843a588>: Failed to establish a new connection: [Errno -2] Name or service not known',))
'NoneType' object has no attribute 'find_all'
HTTPConnectionPool(host='web.dmi.unict.itcorsi', port=80): Max retries exceeded with url: /l-31 (Caused by NewConnectionError('<urllib3.connection.HTTPConnection object at 0x7fa3b8413b38>: Failed to establish a new connection: [Errno -2] Name or service not known',))
HTTPConnectionPool(host='web.dmi.unict.itcorsi', port=80): Max retries exceeded with url: /l-35 (Caused by NewConnectionError('<urllib3.connection.HTTPConnection object at 0x7fa3b8413b38>: Failed to establish a new connection: [Errno -2] Name or service not known',))
HTTPConnectionPool(host='web.dmi.unict.itcorsi', port=80): Max retries exceeded with url: /lm-18 (Caused by NewConnectionError('<urllib3.connection.HTTPConnection object at 0x7fa3b8413b38>: Failed to establish a new connection: [Errno -2] Name or service not known',))
HTTPConnectionPool(host='web.dmi.unict.itcorsi', port=80): Max retries exceeded with url: /lm-40 (Caused by NewConnectionError('<urllib3.connection.HTTPConnection object at 0x7fa3b8413b38>: Failed to establish a new connection: [Errno -2] Name or service not known',))
'NoneType' object has no attribute 'find_all'
HTTPConnectionPool(host='www.dieei.unict.itcorsi', port=80): Max retries exceeded with url: /l-8-ele (Caused by NewConnectionError('<urllib3.connection.HTTPConnection object at 0x7fa3b8446550>: Failed to establish a new connection: [Errno -2] Name or service not known',))
HTTPConnectionPool(host='www.dieei.unict.itcorsi', port=80): Max retries exceeded with url: /l-9 (Caused by NewConnectionError('<urllib3.connection.HTTPConnection object at 0x7fa3a27c7d68>: Failed to establish a new connection: [Errno -2] Name or service not known',))
HTTPConnectionPool(host='www.dieei.unict.itcorsi', port=80): Max retries exceeded with url: /l-8-inf (Caused by NewConnectionError('<urllib3.connection.HTTPConnection object at 0x7fa3b8059f28>: Failed to establish a new connection: [Errno -2] Name or service not known',))
HTTPConnectionPool(host='www.dieei.unict.itcorsi', port=80): Max retries exceeded with url: /lm-25 (Caused by NewConnectionError('<urllib3.connection.HTTPConnection object at 0x7fa3b8059d30>: Failed to establish a new connection: [Errno -2] Name or service not known',))
HTTPConnectionPool(host='www.dieei.unict.itcorsi', port=80): Max retries exceeded with url: /lm-28 (Caused by NewConnectionError('<urllib3.connection.HTTPConnection object at 0x7fa3b80598d0>: Failed to establish a new connection: [Errno -2] Name or service not known',))
HTTPConnectionPool(host='www.dieei.unict.itcorsi', port=80): Max retries exceeded with url: /lm-29 (Caused by NewConnectionError('<urllib3.connection.HTTPConnection object at 0x7fa3b8059940>: Failed to establish a new connection: [Errno -2] Name or service not known',))
HTTPConnectionPool(host='www.dieei.unict.itcorsi', port=80): Max retries exceeded with url: /lm-27 (Caused by NewConnectionError('<urllib3.connection.HTTPConnection object at 0x7fa3b84465f8>: Failed to establish a new connection: [Errno -2] Name or service not known',))
HTTPConnectionPool(host='www.dieei.unict.itcorsi', port=80): Max retries exceeded with url: /lm-32 (Caused by NewConnectionError('<urllib3.connection.HTTPConnection object at 0x7fa3b8446550>: Failed to establish a new connection: [Errno -2] Name or service not known',))
HTTPConnectionPool(host='www.dieei.unict.itcorsi', port=80): Max retries exceeded with url: /l-8-ele (Caused by NewConnectionError('<urllib3.connection.HTTPConnection object at 0x7fa3b815bbe0>: Failed to establish a new connection: [Errno -2] Name or service not known',))
HTTPConnectionPool(host='www.dieei.unict.itcorsi', port=80): Max retries exceeded with url: /l-9 (Caused by NewConnectionError('<urllib3.connection.HTTPConnection object at 0x7fa3b815ba20>: Failed to establish a new connection: [Errno -2] Name or service not known',))
HTTPConnectionPool(host='www.dieei.unict.itcorsi', port=80): Max retries exceeded with url: /l-8-inf (Caused by NewConnectionError('<urllib3.connection.HTTPConnection object at 0x7fa3b815bac8>: Failed to establish a new connection: [Errno -2] Name or service not known',))
HTTPConnectionPool(host='www.dieei.unict.itcorsi', port=80): Max retries exceeded with url: /lm-25 (Caused by NewConnectionError('<urllib3.connection.HTTPConnection object at 0x7fa3b82fb6d8>: Failed to establish a new connection: [Errno -2] Name or service not known',))
HTTPConnectionPool(host='www.dieei.unict.itcorsi', port=80): Max retries exceeded with url: /lm-28 (Caused by NewConnectionError('<urllib3.connection.HTTPConnection object at 0x7fa3b815bac8>: Failed to establish a new connection: [Errno -2] Name or service not known',))
HTTPConnectionPool(host='www.dieei.unict.itcorsi', port=80): Max retries exceeded with url: /lm-29 (Caused by NewConnectionError('<urllib3.connection.HTTPConnection object at 0x7fa3b815b9e8>: Failed to establish a new connection: [Errno -2] Name or service not known',))
HTTPConnectionPool(host='www.dieei.unict.itcorsi', port=80): Max retries exceeded with url: /lm-27 (Caused by NewConnectionError('<urllib3.connection.HTTPConnection object at 0x7fa3b827b2e8>: Failed to establish a new connection: [Errno -2] Name or service not known',))
HTTPConnectionPool(host='www.dieei.unict.itcorsi', port=80): Max retries exceeded with url: /lm-32 (Caused by NewConnectionError('<urllib3.connection.HTTPConnection object at 0x7fa3b815ba20>: Failed to establish a new connection: [Errno -2] Name or service not known',))
HTTPConnectionPool(host='web.dmi.unict.itcorsi', port=80): Max retries exceeded with url: /l-31 (Caused by NewConnectionError('<urllib3.connection.HTTPConnection object at 0x7ffb200a1d30>: Failed to establish a new connection: [Errno -2] Name or service not known',))
HTTPConnectionPool(host='web.dmi.unict.itcorsi', port=80): Max retries exceeded with url: /l-35 (Caused by NewConnectionError('<urllib3.connection.HTTPConnection object at 0x7ffb200a1c88>: Failed to establish a new connection: [Errno -2] Name or service not known',))
HTTPConnectionPool(host='web.dmi.unict.itcorsi', port=80): Max retries exceeded with url: /lm-18 (Caused by NewConnectionError('<urllib3.connection.HTTPConnection object at 0x7ffb200a1780>: Failed to establish a new connection: [Errno -2] Name or service not known',))
HTTPConnectionPool(host='web.dmi.unict.itcorsi', port=80): Max retries exceeded with url: /lm-40 (Caused by NewConnectionError('<urllib3.connection.HTTPConnection object at 0x7ffb200a1fd0>: Failed to establish a new connection: [Errno -2] Name or service not known',))
'NoneType' object has no attribute 'find_all'
HTTPConnectionPool(host='web.dmi.unict.itcorsi', port=80): Max retries exceeded with url: /l-31 (Caused by NewConnectionError('<urllib3.connection.HTTPConnection object at 0x7ffb20079b00>: Failed to establish a new connection: [Errno -2] Name or service not known',))
HTTPConnectionPool(host='web.dmi.unict.itcorsi', port=80): Max retries exceeded with url: /l-35 (Caused by NewConnectionError('<urllib3.connection.HTTPConnection object at 0x7ffb20079b00>: Failed to establish a new connection: [Errno -2] Name or service not known',))
HTTPConnectionPool(host='web.dmi.unict.itcorsi', port=80): Max retries exceeded with url: /lm-18 (Caused by NewConnectionError('<urllib3.connection.HTTPConnection object at 0x7ffb20079b00>: Failed to establish a new connection: [Errno -2] Name or service not known',))
HTTPConnectionPool(host='web.dmi.unict.itcorsi', port=80): Max retries exceeded with url: /lm-40 (Caused by NewConnectionError('<urllib3.connection.HTTPConnection object at 0x7ffb20079b00>: Failed to establish a new connection: [Errno -2] Name or service not known',))
'NoneType' object has no attribute 'find_all'
HTTPConnectionPool(host='www.dieei.unict.itcorsi', port=80): Max retries exceeded with url: /l-8-ele (Caused by NewConnectionError('<urllib3.connection.HTTPConnection object at 0x7ffb22fb2cc0>: Failed to establish a new connection: [Errno -2] Name or service not known',))
HTTPConnectionPool(host='www.dieei.unict.itcorsi', port=80): Max retries exceeded with url: /l-9 (Caused by NewConnectionError('<urllib3.connection.HTTPConnection object at 0x7ffb0a7d6358>: Failed to establish a new connection: [Errno -2] Name or service not known',))
HTTPConnectionPool(host='www.dieei.unict.itcorsi', port=80): Max retries exceeded with url: /l-8-inf (Caused by NewConnectionError('<urllib3.connection.HTTPConnection object at 0x7ffb0a5cc550>: Failed to establish a new connection: [Errno -2] Name or service not known',))
HTTPConnectionPool(host='www.dieei.unict.itcorsi', port=80): Max retries exceeded with url: /lm-25 (Caused by NewConnectionError('<urllib3.connection.HTTPConnection object at 0x7ffb22fb2780>: Failed to establish a new connection: [Errno -2] Name or service not known',))
HTTPConnectionPool(host='www.dieei.unict.itcorsi', port=80): Max retries exceeded with url: /lm-28 (Caused by NewConnectionError('<urllib3.connection.HTTPConnection object at 0x7ffb22fb28d0>: Failed to establish a new connection: [Errno -2] Name or service not known',))
HTTPConnectionPool(host='www.dieei.unict.itcorsi', port=80): Max retries exceeded with url: /lm-29 (Caused by NewConnectionError('<urllib3.connection.HTTPConnection object at 0x7ffb22fb2048>: Failed to establish a new connection: [Errno -2] Name or service not known',))
HTTPConnectionPool(host='www.dieei.unict.itcorsi', port=80): Max retries exceeded with url: /lm-27 (Caused by NewConnectionError('<urllib3.connection.HTTPConnection object at 0x7ffb22fb2e48>: Failed to establish a new connection: [Errno -2] Name or service not known',))
HTTPConnectionPool(host='www.dieei.unict.itcorsi', port=80): Max retries exceeded with url: /lm-32 (Caused by NewConnectionError('<urllib3.connection.HTTPConnection object at 0x7ffb22fb29b0>: Failed to establish a new connection: [Errno -2] Name or service not known',))
HTTPConnectionPool(host='www.dieei.unict.itcorsi', port=80): Max retries exceeded with url: /l-8-ele (Caused by NewConnectionError('<urllib3.connection.HTTPConnection object at 0x7ffb0a7a47b8>: Failed to establish a new connection: [Errno -2] Name or service not known',))
HTTPConnectionPool(host='www.dieei.unict.itcorsi', port=80): Max retries exceeded with url: /l-9 (Caused by NewConnectionError('<urllib3.connection.HTTPConnection object at 0x7ffb0a7a4630>: Failed to establish a new connection: [Errno -2] Name or service not known',))
HTTPConnectionPool(host='www.dieei.unict.itcorsi', port=80): Max retries exceeded with url: /l-8-inf (Caused by NewConnectionError('<urllib3.connection.HTTPConnection object at 0x7ffb0a7a4828>: Failed to establish a new connection: [Errno -2] Name or service not known',))
HTTPConnectionPool(host='www.dieei.unict.itcorsi', port=80): Max retries exceeded with url: /lm-25 (Caused by NewConnectionError('<urllib3.connection.HTTPConnection object at 0x7ffb0a7a46d8>: Failed to establish a new connection: [Errno -2] Name or service not known',))
HTTPConnectionPool(host='www.dieei.unict.itcorsi', port=80): Max retries exceeded with url: /lm-28 (Caused by NewConnectionError('<urllib3.connection.HTTPConnection object at 0x7ffb0a7a4940>: Failed to establish a new connection: [Errno -2] Name or service not known',))
HTTPConnectionPool(host='www.dieei.unict.itcorsi', port=80): Max retries exceeded with url: /lm-29 (Caused by NewConnectionError('<urllib3.connection.HTTPConnection object at 0x7ffb0a7a4780>: Failed to establish a new connection: [Errno -2] Name or service not known',))
HTTPConnectionPool(host='www.dieei.unict.itcorsi', port=80): Max retries exceeded with url: /lm-27 (Caused by NewConnectionError('<urllib3.connection.HTTPConnection object at 0x7ffb0a7a4940>: Failed to establish a new connection: [Errno -2] Name or service not known',))
HTTPConnectionPool(host='www.dieei.unict.itcorsi', port=80): Max retries exceeded with url: /lm-32 (Caused by NewConnectionError('<urllib3.connection.HTTPConnection object at 0x7ffb0a7a4780>: Failed to establish a new connection: [Errno -2] Name or service not known',))
HTTPConnectionPool(host='web.dmi.unict.itcorsi', port=80): Max retries exceeded with url: /l-31 (Caused by NewConnectionError('<urllib3.connection.HTTPConnection object at 0x7f1ff84fff28>: Failed to establish a new connection: [Errno -2] Name or service not known',))
HTTPConnectionPool(host='web.dmi.unict.itcorsi', port=80): Max retries exceeded with url: /l-35 (Caused by NewConnectionError('<urllib3.connection.HTTPConnection object at 0x7f1ff84ffeb8>: Failed to establish a new connection: [Errno -2] Name or service not known',))
HTTPConnectionPool(host='web.dmi.unict.itcorsi', port=80): Max retries exceeded with url: /lm-18 (Caused by NewConnectionError('<urllib3.connection.HTTPConnection object at 0x7f1ff84fffd0>: Failed to establish a new connection: [Errno -2] Name or service not known',))
HTTPConnectionPool(host='web.dmi.unict.itcorsi', port=80): Max retries exceeded with url: /lm-40 (Caused by NewConnectionError('<urllib3.connection.HTTPConnection object at 0x7f1ff84fff28>: Failed to establish a new connection: [Errno -2] Name or service not known',))
'NoneType' object has no attribute 'find_all'
HTTPConnectionPool(host='web.dmi.unict.itcorsi', port=80): Max retries exceeded with url: /l-31 (Caused by NewConnectionError('<urllib3.connection.HTTPConnection object at 0x7f1ff84d4a20>: Failed to establish a new connection: [Errno -2] Name or service not known',))
HTTPConnectionPool(host='web.dmi.unict.itcorsi', port=80): Max retries exceeded with url: /l-35 (Caused by NewConnectionError('<urllib3.connection.HTTPConnection object at 0x7f1ff84d4ba8>: Failed to establish a new connection: [Errno -2] Name or service not known',))
HTTPConnectionPool(host='web.dmi.unict.itcorsi', port=80): Max retries exceeded with url: /lm-18 (Caused by NewConnectionError('<urllib3.connection.HTTPConnection object at 0x7f1ff84d4a58>: Failed to establish a new connection: [Errno -2] Name or service not known',))
HTTPConnectionPool(host='web.dmi.unict.itcorsi', port=80): Max retries exceeded with url: /lm-40 (Caused by NewConnectionError('<urllib3.connection.HTTPConnection object at 0x7f1ff84d4a20>: Failed to establish a new connection: [Errno -2] Name or service not known',))
'NoneType' object has no attribute 'find_all'
HTTPConnectionPool(host='www.dieei.unict.itcorsi', port=80): Max retries exceeded with url: /l-8-ele (Caused by NewConnectionError('<urllib3.connection.HTTPConnection object at 0x7f1ffa40c5c0>: Failed to establish a new connection: [Errno -2] Name or service not known',))
HTTPConnectionPool(host='www.dieei.unict.itcorsi', port=80): Max retries exceeded with url: /l-9 (Caused by NewConnectionError('<urllib3.connection.HTTPConnection object at 0x7f1ff813e8d0>: Failed to establish a new connection: [Errno -2] Name or service not known',))
HTTPConnectionPool(host='www.dieei.unict.itcorsi', port=80): Max retries exceeded with url: /l-8-inf (Caused by NewConnectionError('<urllib3.connection.HTTPConnection object at 0x7f1ffa40c550>: Failed to establish a new connection: [Errno -2] Name or service not known',))
HTTPConnectionPool(host='www.dieei.unict.itcorsi', port=80): Max retries exceeded with url: /lm-25 (Caused by NewConnectionError('<urllib3.connection.HTTPConnection object at 0x7f1ffa40ce80>: Failed to establish a new connection: [Errno -2] Name or service not known',))
HTTPConnectionPool(host='www.dieei.unict.itcorsi', port=80): Max retries exceeded with url: /lm-28 (Caused by NewConnectionError('<urllib3.connection.HTTPConnection object at 0x7f1ffa40ceb8>: Failed to establish a new connection: [Errno -2] Name or service not known',))
HTTPConnectionPool(host='www.dieei.unict.itcorsi', port=80): Max retries exceeded with url: /lm-29 (Caused by NewConnectionError('<urllib3.connection.HTTPConnection object at 0x7f1ffa40c550>: Failed to establish a new connection: [Errno -2] Name or service not known',))
HTTPConnectionPool(host='www.dieei.unict.itcorsi', port=80): Max retries exceeded with url: /lm-27 (Caused by NewConnectionError('<urllib3.connection.HTTPConnection object at 0x7f1ffa40ce80>: Failed to establish a new connection: [Errno -2] Name or service not known',))
HTTPConnectionPool(host='www.dieei.unict.itcorsi', port=80): Max retries exceeded with url: /lm-32 (Caused by NewConnectionError('<urllib3.connection.HTTPConnection object at 0x7f1ffa40ceb8>: Failed to establish a new connection: [Errno -2] Name or service not known',))
HTTPConnectionPool(host='www.dieei.unict.itcorsi', port=80): Max retries exceeded with url: /l-8-ele (Caused by NewConnectionError('<urllib3.connection.HTTPConnection object at 0x7f1ff818c710>: Failed to establish a new connection: [Errno -2] Name or service not known',))
HTTPConnectionPool(host='www.dieei.unict.itcorsi', port=80): Max retries exceeded with url: /l-9 (Caused by NewConnectionError('<urllib3.connection.HTTPConnection object at 0x7f1ff818c3c8>: Failed to establish a new connection: [Errno -2] Name or service not known',))
HTTPConnectionPool(host='www.dieei.unict.itcorsi', port=80): Max retries exceeded with url: /l-8-inf (Caused by NewConnectionError('<urllib3.connection.HTTPConnection object at 0x7f1ff818c780>: Failed to establish a new connection: [Errno -2] Name or service not known',))
HTTPConnectionPool(host='www.dieei.unict.itcorsi', port=80): Max retries exceeded with url: /lm-25 (Caused by NewConnectionError('<urllib3.connection.HTTPConnection object at 0x7f1ff818c668>: Failed to establish a new connection: [Errno -2] Name or service not known',))
HTTPConnectionPool(host='www.dieei.unict.itcorsi', port=80): Max retries exceeded with url: /lm-28 (Caused by NewConnectionError('<urllib3.connection.HTTPConnection object at 0x7f1ff818c898>: Failed to establish a new connection: [Errno -2] Name or service not known',))
HTTPConnectionPool(host='www.dieei.unict.itcorsi', port=80): Max retries exceeded with url: /lm-29 (Caused by NewConnectionError('<urllib3.connection.HTTPConnection object at 0x7f1ff818c6d8>: Failed to establish a new connection: [Errno -2] Name or service not known',))
HTTPConnectionPool(host='www.dieei.unict.itcorsi', port=80): Max retries exceeded with url: /lm-27 (Caused by NewConnectionError('<urllib3.connection.HTTPConnection object at 0x7f1ff818c5f8>: Failed to establish a new connection: [Errno -2] Name or service not known',))
HTTPConnectionPool(host='www.dieei.unict.itcorsi', port=80): Max retries exceeded with url: /lm-32 (Caused by NewConnectionError('<urllib3.connection.HTTPConnection object at 0x7f1ff818c710>: Failed to establish a new connection: [Errno -2] Name or service not known',))
HTTPConnectionPool(host='web.dmi.unict.itcorsi', port=80): Max retries exceeded with url: /l-31 (Caused by NewConnectionError('<urllib3.connection.HTTPConnection object at 0x7f998c03c550>: Failed to establish a new connection: [Errno -2] Name or service not known',))
HTTPConnectionPool(host='web.dmi.unict.itcorsi', port=80): Max retries exceeded with url: /l-35 (Caused by NewConnectionError('<urllib3.connection.HTTPConnection object at 0x7f998c03c5f8>: Failed to establish a new connection: [Errno -2] Name or service not known',))
HTTPConnectionPool(host='web.dmi.unict.itcorsi', port=80): Max retries exceeded with url: /lm-18 (Caused by NewConnectionError('<urllib3.connection.HTTPConnection object at 0x7f998c03c2b0>: Failed to establish a new connection: [Errno -2] Name or service not known',))
HTTPConnectionPool(host='web.dmi.unict.itcorsi', port=80): Max retries exceeded with url: /lm-40 (Caused by NewConnectionError('<urllib3.connection.HTTPConnection object at 0x7f998c03c2e8>: Failed to establish a new connection: [Errno -2] Name or service not known',))
'NoneType' object has no attribute 'find_all'
HTTPConnectionPool(host='web.dmi.unict.itcorsi', port=80): Max retries exceeded with url: /l-31 (Caused by NewConnectionError('<urllib3.connection.HTTPConnection object at 0x7f99849a9b38>: Failed to establish a new connection: [Errno -2] Name or service not known',))
HTTPConnectionPool(host='web.dmi.unict.itcorsi', port=80): Max retries exceeded with url: /l-35 (Caused by NewConnectionError('<urllib3.connection.HTTPConnection object at 0x7f99849a9b38>: Failed to establish a new connection: [Errno -2] Name or service not known',))
HTTPConnectionPool(host='web.dmi.unict.itcorsi', port=80): Max retries exceeded with url: /lm-18 (Caused by NewConnectionError('<urllib3.connection.HTTPConnection object at 0x7f99849a9b38>: Failed to establish a new connection: [Errno -2] Name or service not known',))
HTTPConnectionPool(host='web.dmi.unict.itcorsi', port=80): Max retries exceeded with url: /lm-40 (Caused by NewConnectionError('<urllib3.connection.HTTPConnection object at 0x7f99849a9b38>: Failed to establish a new connection: [Errno -2] Name or service not known',))
'NoneType' object has no attribute 'find_all'
HTTPConnectionPool(host='www.dieei.unict.itcorsi', port=80): Max retries exceeded with url: /l-8-ele (Caused by NewConnectionError('<urllib3.connection.HTTPConnection object at 0x7f99845d8c88>: Failed to establish a new connection: [Errno -2] Name or service not known',))
HTTPConnectionPool(host='www.dieei.unict.itcorsi', port=80): Max retries exceeded with url: /l-9 (Caused by NewConnectionError('<urllib3.connection.HTTPConnection object at 0x7f9984637cf8>: Failed to establish a new connection: [Errno -2] Name or service not known',))
HTTPConnectionPool(host='www.dieei.unict.itcorsi', port=80): Max retries exceeded with url: /l-8-inf (Caused by NewConnectionError('<urllib3.connection.HTTPConnection object at 0x7f9984637f98>: Failed to establish a new connection: [Errno -2] Name or service not known',))
HTTPConnectionPool(host='www.dieei.unict.itcorsi', port=80): Max retries exceeded with url: /lm-25 (Caused by NewConnectionError('<urllib3.connection.HTTPConnection object at 0x7f9984637278>: Failed to establish a new connection: [Errno -2] Name or service not known',))
HTTPConnectionPool(host='www.dieei.unict.itcorsi', port=80): Max retries exceeded with url: /lm-28 (Caused by NewConnectionError('<urllib3.connection.HTTPConnection object at 0x7f99845d8ef0>: Failed to establish a new connection: [Errno -2] Name or service not known',))
HTTPConnectionPool(host='www.dieei.unict.itcorsi', port=80): Max retries exceeded with url: /lm-29 (Caused by NewConnectionError('<urllib3.connection.HTTPConnection object at 0x7f99845d8b38>: Failed to establish a new connection: [Errno -2] Name or service not known',))
HTTPConnectionPool(host='www.dieei.unict.itcorsi', port=80): Max retries exceeded with url: /lm-27 (Caused by NewConnectionError('<urllib3.connection.HTTPConnection object at 0x7f99845d89b0>: Failed to establish a new connection: [Errno -2] Name or service not known',))
HTTPConnectionPool(host='www.dieei.unict.itcorsi', port=80): Max retries exceeded with url: /lm-32 (Caused by NewConnectionError('<urllib3.connection.HTTPConnection object at 0x7f99845d8748>: Failed to establish a new connection: [Errno -2] Name or service not known',))
HTTPConnectionPool(host='www.dieei.unict.itcorsi', port=80): Max retries exceeded with url: /l-8-ele (Caused by NewConnectionError('<urllib3.connection.HTTPConnection object at 0x7f99848827f0>: Failed to establish a new connection: [Errno -2] Name or service not known',))
HTTPConnectionPool(host='www.dieei.unict.itcorsi', port=80): Max retries exceeded with url: /l-9 (Caused by NewConnectionError('<urllib3.connection.HTTPConnection object at 0x7f9984882668>: Failed to establish a new connection: [Errno -2] Name or service not known',))
HTTPConnectionPool(host='www.dieei.unict.itcorsi', port=80): Max retries exceeded with url: /l-8-inf (Caused by NewConnectionError('<urllib3.connection.HTTPConnection object at 0x7f9984882860>: Failed to establish a new connection: [Errno -2] Name or service not known',))
HTTPConnectionPool(host='www.dieei.unict.itcorsi', port=80): Max retries exceeded with url: /lm-25 (Caused by NewConnectionError('<urllib3.connection.HTTPConnection object at 0x7f9984882710>: Failed to establish a new connection: [Errno -2] Name or service not known',))
HTTPConnectionPool(host='www.dieei.unict.itcorsi', port=80): Max retries exceeded with url: /lm-28 (Caused by NewConnectionError('<urllib3.connection.HTTPConnection object at 0x7f9984882978>: Failed to establish a new connection: [Errno -2] Name or service not known',))
HTTPConnectionPool(host='www.dieei.unict.itcorsi', port=80): Max retries exceeded with url: /lm-29 (Caused by NewConnectionError('<urllib3.connection.HTTPConnection object at 0x7f99848827b8>: Failed to establish a new connection: [Errno -2] Name or service not known',))
HTTPConnectionPool(host='www.dieei.unict.itcorsi', port=80): Max retries exceeded with url: /lm-27 (Caused by NewConnectionError('<urllib3.connection.HTTPConnection object at 0x7f9984882978>: Failed to establish a new connection: [Errno -2] Name or service not known',))
HTTPConnectionPool(host='www.dieei.unict.itcorsi', port=80): Max retries exceeded with url: /lm-32 (Caused by NewConnectionError('<urllib3.connection.HTTPConnection object at 0x7f99848827b8>: Failed to establish a new connection: [Errno -2] Name or service not known',))
HTTPConnectionPool(host='web.dmi.unict.itcorsi', port=80): Max retries exceeded with url: /l-31 (Caused by NewConnectionError('<urllib3.connection.HTTPConnection object at 0x7fec13f98550>: Failed to establish a new connection: [Errno -2] Name or service not known',))
HTTPConnectionPool(host='web.dmi.unict.itcorsi', port=80): Max retries exceeded with url: /l-35 (Caused by NewConnectionError('<urllib3.connection.HTTPConnection object at 0x7fec13f985f8>: Failed to establish a new connection: [Errno -2] Name or service not known',))
HTTPConnectionPool(host='web.dmi.unict.itcorsi', port=80): Max retries exceeded with url: /lm-18 (Caused by NewConnectionError('<urllib3.connection.HTTPConnection object at 0x7fec13f982b0>: Failed to establish a new connection: [Errno -2] Name or service not known',))
HTTPConnectionPool(host='web.dmi.unict.itcorsi', port=80): Max retries exceeded with url: /lm-40 (Caused by NewConnectionError('<urllib3.connection.HTTPConnection object at 0x7fec13f982e8>: Failed to establish a new connection: [Errno -2] Name or service not known',))
'NoneType' object has no attribute 'find_all'
HTTPConnectionPool(host='web.dmi.unict.itcorsi', port=80): Max retries exceeded with url: /l-31 (Caused by NewConnectionError('<urllib3.connection.HTTPConnection object at 0x7fec13f7f630>: Failed to establish a new connection: [Errno -2] Name or service not known',))
HTTPConnectionPool(host='web.dmi.unict.itcorsi', port=80): Max retries exceeded with url: /l-35 (Caused by NewConnectionError('<urllib3.connection.HTTPConnection object at 0x7fec13f7f5c0>: Failed to establish a new connection: [Errno -2] Name or service not known',))
HTTPConnectionPool(host='web.dmi.unict.itcorsi', port=80): Max retries exceeded with url: /lm-18 (Caused by NewConnectionError('<urllib3.connection.HTTPConnection object at 0x7fec13f7f630>: Failed to establish a new connection: [Errno -2] Name or service not known',))
HTTPConnectionPool(host='web.dmi.unict.itcorsi', port=80): Max retries exceeded with url: /lm-40 (Caused by NewConnectionError('<urllib3.connection.HTTPConnection object at 0x7fec13f7f5c0>: Failed to establish a new connection: [Errno -2] Name or service not known',))
'NoneType' object has no attribute 'find_all'
HTTPConnectionPool(host='www.dieei.unict.itcorsi', port=80): Max retries exceeded with url: /l-8-ele (Caused by NewConnectionError('<urllib3.connection.HTTPConnection object at 0x7fec13f4af98>: Failed to establish a new connection: [Errno -2] Name or service not known',))
HTTPConnectionPool(host='www.dieei.unict.itcorsi', port=80): Max retries exceeded with url: /l-9 (Caused by NewConnectionError('<urllib3.connection.HTTPConnection object at 0x7fec13bc0400>: Failed to establish a new connection: [Errno -2] Name or service not known',))
HTTPConnectionPool(host='www.dieei.unict.itcorsi', port=80): Max retries exceeded with url: /l-8-inf (Caused by NewConnectionError('<urllib3.connection.HTTPConnection object at 0x7fec13bc0518>: Failed to establish a new connection: [Errno -2] Name or service not known',))
HTTPConnectionPool(host='www.dieei.unict.itcorsi', port=80): Max retries exceeded with url: /lm-25 (Caused by NewConnectionError('<urllib3.connection.HTTPConnection object at 0x7fec13bc0588>: Failed to establish a new connection: [Errno -2] Name or service not known',))
HTTPConnectionPool(host='www.dieei.unict.itcorsi', port=80): Max retries exceeded with url: /lm-28 (Caused by NewConnectionError('<urllib3.connection.HTTPConnection object at 0x7fec13f4a748>: Failed to establish a new connection: [Errno -2] Name or service not known',))
HTTPConnectionPool(host='www.dieei.unict.itcorsi', port=80): Max retries exceeded with url: /lm-29 (Caused by NewConnectionError('<urllib3.connection.HTTPConnection object at 0x7fec13f4aa20>: Failed to establish a new connection: [Errno -2] Name or service not known',))
HTTPConnectionPool(host='www.dieei.unict.itcorsi', port=80): Max retries exceeded with url: /lm-27 (Caused by NewConnectionError('<urllib3.connection.HTTPConnection object at 0x7fec13f4acc0>: Failed to establish a new connection: [Errno -2] Name or service not known',))
HTTPConnectionPool(host='www.dieei.unict.itcorsi', port=80): Max retries exceeded with url: /lm-32 (Caused by NewConnectionError('<urllib3.connection.HTTPConnection object at 0x7fec13f4a748>: Failed to establish a new connection: [Errno -2] Name or service not known',))
HTTPConnectionPool(host='www.dieei.unict.itcorsi', port=80): Max retries exceeded with url: /l-8-ele (Caused by NewConnectionError('<urllib3.connection.HTTPConnection object at 0x7fec13d96828>: Failed to establish a new connection: [Errno -2] Name or service not known',))
HTTPConnectionPool(host='www.dieei.unict.itcorsi', port=80): Max retries exceeded with url: /l-9 (Caused by NewConnectionError('<urllib3.connection.HTTPConnection object at 0x7fec13d96780>: Failed to establish a new connection: [Errno -2] Name or service not known',))
HTTPConnectionPool(host='www.dieei.unict.itcorsi', port=80): Max retries exceeded with url: /l-8-inf (Caused by NewConnectionError('<urllib3.connection.HTTPConnection object at 0x7fec13d96898>: Failed to establish a new connection: [Errno -2] Name or service not known',))
HTTPConnectionPool(host='www.dieei.unict.itcorsi', port=80): Max retries exceeded with url: /lm-25 (Caused by NewConnectionError('<urllib3.connection.HTTPConnection object at 0x7fec13d969e8>: Failed to establish a new connection: [Errno -2] Name or service not known',))
HTTPConnectionPool(host='www.dieei.unict.itcorsi', port=80): Max retries exceeded with url: /lm-28 (Caused by NewConnectionError('<urllib3.connection.HTTPConnection object at 0x7fec13d96780>: Failed to establish a new connection: [Errno -2] Name or service not known',))
HTTPConnectionPool(host='www.dieei.unict.itcorsi', port=80): Max retries exceeded with url: /lm-29 (Caused by NewConnectionError('<urllib3.connection.HTTPConnection object at 0x7fec13d96898>: Failed to establish a new connection: [Errno -2] Name or service not known',))
HTTPConnectionPool(host='www.dieei.unict.itcorsi', port=80): Max retries exceeded with url: /lm-27 (Caused by NewConnectionError('<urllib3.connection.HTTPConnection object at 0x7fec13d96780>: Failed to establish a new connection: [Errno -2] Name or service not known',))
HTTPConnectionPool(host='www.dieei.unict.itcorsi', port=80): Max retries exceeded with url: /lm-32 (Caused by NewConnectionError('<urllib3.connection.HTTPConnection object at 0x7fec13d967b8>: Failed to establish a new connection: [Errno -2] Name or service not known',))
HTTPConnectionPool(host='web.dmi.unict.itcorsi', port=80): Max retries exceeded with url: /l-31 (Caused by NewConnectionError('<urllib3.connection.HTTPConnection object at 0x7fe63c790320>: Failed to establish a new connection: [Errno -2] Name or service not known',))
HTTPConnectionPool(host='web.dmi.unict.itcorsi', port=80): Max retries exceeded with url: /l-35 (Caused by NewConnectionError('<urllib3.connection.HTTPConnection object at 0x7fe63c790390>: Failed to establish a new connection: [Errno -2] Name or service not known',))
HTTPConnectionPool(host='web.dmi.unict.itcorsi', port=80): Max retries exceeded with url: /lm-18 (Caused by NewConnectionError('<urllib3.connection.HTTPConnection object at 0x7fe63c7902e8>: Failed to establish a new connection: [Errno -2] Name or service not known',))
HTTPConnectionPool(host='web.dmi.unict.itcorsi', port=80): Max retries exceeded with url: /lm-40 (Caused by NewConnectionError('<urllib3.connection.HTTPConnection object at 0x7fe63c790320>: Failed to establish a new connection: [Errno -2] Name or service not known',))
'NoneType' object has no attribute 'find_all'
HTTPConnectionPool(host='web.dmi.unict.itcorsi', port=80): Max retries exceeded with url: /l-31 (Caused by NewConnectionError('<urllib3.connection.HTTPConnection object at 0x7fe63c75ba58>: Failed to establish a new connection: [Errno -2] Name or service not known',))
HTTPConnectionPool(host='web.dmi.unict.itcorsi', port=80): Max retries exceeded with url: /l-35 (Caused by NewConnectionError('<urllib3.connection.HTTPConnection object at 0x7fe63c75bbe0>: Failed to establish a new connection: [Errno -2] Name or service not known',))
HTTPConnectionPool(host='web.dmi.unict.itcorsi', port=80): Max retries exceeded with url: /lm-18 (Caused by NewConnectionError('<urllib3.connection.HTTPConnection object at 0x7fe63c75ba90>: Failed to establish a new connection: [Errno -2] Name or service not known',))
HTTPConnectionPool(host='web.dmi.unict.itcorsi', port=80): Max retries exceeded with url: /lm-40 (Caused by NewConnectionError('<urllib3.connection.HTTPConnection object at 0x7fe63c75ba58>: Failed to establish a new connection: [Errno -2] Name or service not known',))
'NoneType' object has no attribute 'find_all'
HTTPConnectionPool(host='www.dieei.unict.itcorsi', port=80): Max retries exceeded with url: /l-8-ele (Caused by NewConnectionError('<urllib3.connection.HTTPConnection object at 0x7fe63c48fb70>: Failed to establish a new connection: [Errno -2] Name or service not known',))
HTTPConnectionPool(host='www.dieei.unict.itcorsi', port=80): Max retries exceeded with url: /l-9 (Caused by NewConnectionError('<urllib3.connection.HTTPConnection object at 0x7fe63c2fa5c0>: Failed to establish a new connection: [Errno -2] Name or service not known',))
HTTPConnectionPool(host='www.dieei.unict.itcorsi', port=80): Max retries exceeded with url: /l-8-inf (Caused by NewConnectionError('<urllib3.connection.HTTPConnection object at 0x7fe63c48f5f8>: Failed to establish a new connection: [Errno -2] Name or service not known',))
HTTPConnectionPool(host='www.dieei.unict.itcorsi', port=80): Max retries exceeded with url: /lm-25 (Caused by NewConnectionError('<urllib3.connection.HTTPConnection object at 0x7fe63c48f7f0>: Failed to establish a new connection: [Errno -2] Name or service not known',))
HTTPConnectionPool(host='www.dieei.unict.itcorsi', port=80): Max retries exceeded with url: /lm-28 (Caused by NewConnectionError('<urllib3.connection.HTTPConnection object at 0x7fe63c48f978>: Failed to establish a new connection: [Errno -2] Name or service not known',))
HTTPConnectionPool(host='www.dieei.unict.itcorsi', port=80): Max retries exceeded with url: /lm-29 (Caused by NewConnectionError('<urllib3.connection.HTTPConnection object at 0x7fe63c48feb8>: Failed to establish a new connection: [Errno -2] Name or service not known',))
HTTPConnectionPool(host='www.dieei.unict.itcorsi', port=80): Max retries exceeded with url: /lm-27 (Caused by NewConnectionError('<urllib3.connection.HTTPConnection object at 0x7fe63c48f5f8>: Failed to establish a new connection: [Errno -2] Name or service not known',))
HTTPConnectionPool(host='www.dieei.unict.itcorsi', port=80): Max retries exceeded with url: /lm-32 (Caused by NewConnectionError('<urllib3.connection.HTTPConnection object at 0x7fe63c48f978>: Failed to establish a new connection: [Errno -2] Name or service not known',))
HTTPConnectionPool(host='www.dieei.unict.itcorsi', port=80): Max retries exceeded with url: /l-8-ele (Caused by NewConnectionError('<urllib3.connection.HTTPConnection object at 0x7fe63c678748>: Failed to establish a new connection: [Errno -2] Name or service not known',))
HTTPConnectionPool(host='www.dieei.unict.itcorsi', port=80): Max retries exceeded with url: /l-9 (Caused by NewConnectionError('<urllib3.connection.HTTPConnection object at 0x7fe63c6785c0>: Failed to establish a new connection: [Errno -2] Name or service not known',))
HTTPConnectionPool(host='www.dieei.unict.itcorsi', port=80): Max retries exceeded with url: /l-8-inf (Caused by NewConnectionError('<urllib3.connection.HTTPConnection object at 0x7fe63c6787b8>: Failed to establish a new connection: [Errno -2] Name or service not known',))
HTTPConnectionPool(host='www.dieei.unict.itcorsi', port=80): Max retries exceeded with url: /lm-25 (Caused by NewConnectionError('<urllib3.connection.HTTPConnection object at 0x7fe63c678668>: Failed to establish a new connection: [Errno -2] Name or service not known',))
HTTPConnectionPool(host='www.dieei.unict.itcorsi', port=80): Max retries exceeded with url: /lm-28 (Caused by NewConnectionError('<urllib3.connection.HTTPConnection object at 0x7fe63c6788d0>: Failed to establish a new connection: [Errno -2] Name or service not known',))
HTTPConnectionPool(host='www.dieei.unict.itcorsi', port=80): Max retries exceeded with url: /lm-29 (Caused by NewConnectionError('<urllib3.connection.HTTPConnection object at 0x7fe63c678710>: Failed to establish a new connection: [Errno -2] Name or service not known',))
HTTPConnectionPool(host='www.dieei.unict.itcorsi', port=80): Max retries exceeded with url: /lm-27 (Caused by NewConnectionError('<urllib3.connection.HTTPConnection object at 0x7fe63c6788d0>: Failed to establish a new connection: [Errno -2] Name or service not known',))
HTTPConnectionPool(host='www.dieei.unict.itcorsi', port=80): Max retries exceeded with url: /lm-32 (Caused by NewConnectionError('<urllib3.connection.HTTPConnection object at 0x7fe63c678710>: Failed to establish a new connection: [Errno -2] Name or service not known',))
HTTPConnectionPool(host='web.dmi.unict.itcorsi', port=80): Max retries exceeded with url: /l-31 (Caused by NewConnectionError('<urllib3.connection.HTTPConnection object at 0x7f665c5e44e0>: Failed to establish a new connection: [Errno -2] Name or service not known',))
HTTPConnectionPool(host='web.dmi.unict.itcorsi', port=80): Max retries exceeded with url: /l-35 (Caused by NewConnectionError('<urllib3.connection.HTTPConnection object at 0x7f665c5e4588>: Failed to establish a new connection: [Errno -2] Name or service not known',))
HTTPConnectionPool(host='web.dmi.unict.itcorsi', port=80): Max retries exceeded with url: /lm-18 (Caused by NewConnectionError('<urllib3.connection.HTTPConnection object at 0x7f665c5e4240>: Failed to establish a new connection: [Errno -2] Name or service not known',))
HTTPConnectionPool(host='web.dmi.unict.itcorsi', port=80): Max retries exceeded with url: /lm-40 (Caused by NewConnectionError('<urllib3.connection.HTTPConnection object at 0x7f665c5e4278>: Failed to establish a new connection: [Errno -2] Name or service not known',))
'NoneType' object has no attribute 'find_all'
HTTPConnectionPool(host='web.dmi.unict.itcorsi', port=80): Max retries exceeded with url: /l-31 (Caused by NewConnectionError('<urllib3.connection.HTTPConnection object at 0x7f665c5b4b00>: Failed to establish a new connection: [Errno -2] Name or service not known',))
HTTPConnectionPool(host='web.dmi.unict.itcorsi', port=80): Max retries exceeded with url: /l-35 (Caused by NewConnectionError('<urllib3.connection.HTTPConnection object at 0x7f665c5b4c88>: Failed to establish a new connection: [Errno -2] Name or service not known',))
HTTPConnectionPool(host='web.dmi.unict.itcorsi', port=80): Max retries exceeded with url: /lm-18 (Caused by NewConnectionError('<urllib3.connection.HTTPConnection object at 0x7f665c5b4f60>: Failed to establish a new connection: [Errno -2] Name or service not known',))
HTTPConnectionPool(host='web.dmi.unict.itcorsi', port=80): Max retries exceeded with url: /lm-40 (Caused by NewConnectionError('<urllib3.connection.HTTPConnection object at 0x7f665c5b4ac8>: Failed to establish a new connection: [Errno -2] Name or service not known',))
'NoneType' object has no attribute 'find_all'
HTTPConnectionPool(host='www.dieei.unict.itcorsi', port=80): Max retries exceeded with url: /l-8-ele (Caused by NewConnectionError('<urllib3.connection.HTTPConnection object at 0x7f665fcc06a0>: Failed to establish a new connection: [Errno -2] Name or service not known',))
HTTPConnectionPool(host='www.dieei.unict.itcorsi', port=80): Max retries exceeded with url: /l-9 (Caused by NewConnectionError('<urllib3.connection.HTTPConnection object at 0x7f665c4ec2b0>: Failed to establish a new connection: [Errno -2] Name or service not known',))
HTTPConnectionPool(host='www.dieei.unict.itcorsi', port=80): Max retries exceeded with url: /l-8-inf (Caused by NewConnectionError('<urllib3.connection.HTTPConnection object at 0x7f665fcc0358>: Failed to establish a new connection: [Errno -2] Name or service not known',))
HTTPConnectionPool(host='www.dieei.unict.itcorsi', port=80): Max retries exceeded with url: /lm-25 (Caused by NewConnectionError('<urllib3.connection.HTTPConnection object at 0x7f665fcc0240>: Failed to establish a new connection: [Errno -2] Name or service not known',))
HTTPConnectionPool(host='www.dieei.unict.itcorsi', port=80): Max retries exceeded with url: /lm-28 (Caused by NewConnectionError('<urllib3.connection.HTTPConnection object at 0x7f665fcc07f0>: Failed to establish a new connection: [Errno -2] Name or service not known',))
HTTPConnectionPool(host='www.dieei.unict.itcorsi', port=80): Max retries exceeded with url: /lm-29 (Caused by NewConnectionError('<urllib3.connection.HTTPConnection object at 0x7f665fcc06d8>: Failed to establish a new connection: [Errno -2] Name or service not known',))
HTTPConnectionPool(host='www.dieei.unict.itcorsi', port=80): Max retries exceeded with url: /lm-27 (Caused by NewConnectionError('<urllib3.connection.HTTPConnection object at 0x7f665fcc0978>: Failed to establish a new connection: [Errno -2] Name or service not known',))
HTTPConnectionPool(host='www.dieei.unict.itcorsi', port=80): Max retries exceeded with url: /lm-32 (Caused by NewConnectionError('<urllib3.connection.HTTPConnection object at 0x7f665fcc07f0>: Failed to establish a new connection: [Errno -2] Name or service not known',))
HTTPConnectionPool(host='www.dieei.unict.itcorsi', port=80): Max retries exceeded with url: /l-8-ele (Caused by NewConnectionError('<urllib3.connection.HTTPConnection object at 0x7f665c45b828>: Failed to establish a new connection: [Errno -2] Name or service not known',))
HTTPConnectionPool(host='www.dieei.unict.itcorsi', port=80): Max retries exceeded with url: /l-9 (Caused by NewConnectionError('<urllib3.connection.HTTPConnection object at 0x7f665c45b780>: Failed to establish a new connection: [Errno -2] Name or service not known',))
HTTPConnectionPool(host='www.dieei.unict.itcorsi', port=80): Max retries exceeded with url: /l-8-inf (Caused by NewConnectionError('<urllib3.connection.HTTPConnection object at 0x7f665c45b898>: Failed to establish a new connection: [Errno -2] Name or service not known',))
HTTPConnectionPool(host='www.dieei.unict.itcorsi', port=80): Max retries exceeded with url: /lm-25 (Caused by NewConnectionError('<urllib3.connection.HTTPConnection object at 0x7f665c45b9e8>: Failed to establish a new connection: [Errno -2] Name or service not known',))
HTTPConnectionPool(host='www.dieei.unict.itcorsi', port=80): Max retries exceeded with url: /lm-28 (Caused by NewConnectionError('<urllib3.connection.HTTPConnection object at 0x7f665c45b780>: Failed to establish a new connection: [Errno -2] Name or service not known',))
HTTPConnectionPool(host='www.dieei.unict.itcorsi', port=80): Max retries exceeded with url: /lm-29 (Caused by NewConnectionError('<urllib3.connection.HTTPConnection object at 0x7f665c45b7b8>: Failed to establish a new connection: [Errno -2] Name or service not known',))
HTTPConnectionPool(host='www.dieei.unict.itcorsi', port=80): Max retries exceeded with url: /lm-27 (Caused by NewConnectionError('<urllib3.connection.HTTPConnection object at 0x7f665c45b7f0>: Failed to establish a new connection: [Errno -2] Name or service not known',))
HTTPConnectionPool(host='www.dieei.unict.itcorsi', port=80): Max retries exceeded with url: /lm-32 (Caused by NewConnectionError('<urllib3.connection.HTTPConnection object at 0x7f665c45b7b8>: Failed to establish a new connection: [Errno -2] Name or service not known',))
HTTPConnectionPool(host='web.dmi.unict.itcorsi', port=80): Max retries exceeded with url: /l-31 (Caused by NewConnectionError('<urllib3.connection.HTTPConnection object at 0x7f9d9c22bd68>: Failed to establish a new connection: [Errno -2] Name or service not known',))
HTTPConnectionPool(host='web.dmi.unict.itcorsi', port=80): Max retries exceeded with url: /l-35 (Caused by NewConnectionError('<urllib3.connection.HTTPConnection object at 0x7f9d9c22bcc0>: Failed to establish a new connection: [Errno -2] Name or service not known',))
HTTPConnectionPool(host='web.dmi.unict.itcorsi', port=80): Max retries exceeded with url: /lm-18 (Caused by NewConnectionError('<urllib3.connection.HTTPConnection object at 0x7f9d9c22bf98>: Failed to establish a new connection: [Errno -2] Name or service not known',))
HTTPConnectionPool(host='web.dmi.unict.itcorsi', port=80): Max retries exceeded with url: /lm-40 (Caused by NewConnectionError('<urllib3.connection.HTTPConnection object at 0x7f9d9c22b8d0>: Failed to establish a new connection: [Errno -2] Name or service not known',))
'NoneType' object has no attribute 'find_all'
HTTPConnectionPool(host='web.dmi.unict.itcorsi', port=80): Max retries exceeded with url: /l-31 (Caused by NewConnectionError('<urllib3.connection.HTTPConnection object at 0x7f9d9c203b00>: Failed to establish a new connection: [Errno -2] Name or service not known',))
HTTPConnectionPool(host='web.dmi.unict.itcorsi', port=80): Max retries exceeded with url: /l-35 (Caused by NewConnectionError('<urllib3.connection.HTTPConnection object at 0x7f9d9c203b00>: Failed to establish a new connection: [Errno -2] Name or service not known',))
HTTPConnectionPool(host='web.dmi.unict.itcorsi', port=80): Max retries exceeded with url: /lm-18 (Caused by NewConnectionError('<urllib3.connection.HTTPConnection object at 0x7f9d9c203b00>: Failed to establish a new connection: [Errno -2] Name or service not known',))
HTTPConnectionPool(host='web.dmi.unict.itcorsi', port=80): Max retries exceeded with url: /lm-40 (Caused by NewConnectionError('<urllib3.connection.HTTPConnection object at 0x7f9d9c203b00>: Failed to establish a new connection: [Errno -2] Name or service not known',))
'NoneType' object has no attribute 'find_all'
HTTPConnectionPool(host='www.dieei.unict.itcorsi', port=80): Max retries exceeded with url: /l-8-ele (Caused by NewConnectionError('<urllib3.connection.HTTPConnection object at 0x7f9d9c0ecf98>: Failed to establish a new connection: [Errno -2] Name or service not known',))
HTTPConnectionPool(host='www.dieei.unict.itcorsi', port=80): Max retries exceeded with url: /l-9 (Caused by NewConnectionError('<urllib3.connection.HTTPConnection object at 0x7f9d9c0ec780>: Failed to establish a new connection: [Errno -2] Name or service not known',))
HTTPConnectionPool(host='www.dieei.unict.itcorsi', port=80): Max retries exceeded with url: /l-8-inf (Caused by NewConnectionError('<urllib3.connection.HTTPConnection object at 0x7f9d9c0ecf60>: Failed to establish a new connection: [Errno -2] Name or service not known',))
HTTPConnectionPool(host='www.dieei.unict.itcorsi', port=80): Max retries exceeded with url: /lm-25 (Caused by NewConnectionError('<urllib3.connection.HTTPConnection object at 0x7f9d9c0ec668>: Failed to establish a new connection: [Errno -2] Name or service not known',))
HTTPConnectionPool(host='www.dieei.unict.itcorsi', port=80): Max retries exceeded with url: /lm-28 (Caused by NewConnectionError('<urllib3.connection.HTTPConnection object at 0x7f9d9c0ec898>: Failed to establish a new connection: [Errno -2] Name or service not known',))
HTTPConnectionPool(host='www.dieei.unict.itcorsi', port=80): Max retries exceeded with url: /lm-29 (Caused by NewConnectionError('<urllib3.connection.HTTPConnection object at 0x7f9d9c0ecf60>: Failed to establish a new connection: [Errno -2] Name or service not known',))
HTTPConnectionPool(host='www.dieei.unict.itcorsi', port=80): Max retries exceeded with url: /lm-27 (Caused by NewConnectionError('<urllib3.connection.HTTPConnection object at 0x7f9d9c0ec668>: Failed to establish a new connection: [Errno -2] Name or service not known',))
HTTPConnectionPool(host='www.dieei.unict.itcorsi', port=80): Max retries exceeded with url: /lm-32 (Caused by NewConnectionError('<urllib3.connection.HTTPConnection object at 0x7f9d9c0ec898>: Failed to establish a new connection: [Errno -2] Name or service not known',))
HTTPConnectionPool(host='www.dieei.unict.itcorsi', port=80): Max retries exceeded with url: /l-8-ele (Caused by NewConnectionError('<urllib3.connection.HTTPConnection object at 0x7f9d7f73d828>: Failed to establish a new connection: [Errno -2] Name or service not known',))
HTTPConnectionPool(host='www.dieei.unict.itcorsi', port=80): Max retries exceeded with url: /l-9 (Caused by NewConnectionError('<urllib3.connection.HTTPConnection object at 0x7f9d7f73d710>: Failed to establish a new connection: [Errno -2] Name or service not known',))
HTTPConnectionPool(host='www.dieei.unict.itcorsi', port=80): Max retries exceeded with url: /l-8-inf (Caused by NewConnectionError('<urllib3.connection.HTTPConnection object at 0x7f9d7f73d9b0>: Failed to establish a new connection: [Errno -2] Name or service not known',))
HTTPConnectionPool(host='www.dieei.unict.itcorsi', port=80): Max retries exceeded with url: /lm-25 (Caused by NewConnectionError('<urllib3.connection.HTTPConnection object at 0x7f9d7f73d940>: Failed to establish a new connection: [Errno -2] Name or service not known',))
HTTPConnectionPool(host='www.dieei.unict.itcorsi', port=80): Max retries exceeded with url: /lm-28 (Caused by NewConnectionError('<urllib3.connection.HTTPConnection object at 0x7f9d7f73d710>: Failed to establish a new connection: [Errno -2] Name or service not known',))
HTTPConnectionPool(host='www.dieei.unict.itcorsi', port=80): Max retries exceeded with url: /lm-29 (Caused by NewConnectionError('<urllib3.connection.HTTPConnection object at 0x7f9d7f73d9b0>: Failed to establish a new connection: [Errno -2] Name or service not known',))
HTTPConnectionPool(host='www.dieei.unict.itcorsi', port=80): Max retries exceeded with url: /lm-27 (Caused by NewConnectionError('<urllib3.connection.HTTPConnection object at 0x7f9d7f73d710>: Failed to establish a new connection: [Errno -2] Name or service not known',))
HTTPConnectionPool(host='www.dieei.unict.itcorsi', port=80): Max retries exceeded with url: /lm-32 (Caused by NewConnectionError('<urllib3.connection.HTTPConnection object at 0x7f9d7f565f28>: Failed to establish a new connection: [Errno -2] Name or service not known',))
HTTPConnectionPool(host='web.dmi.unict.itcorsi', port=80): Max retries exceeded with url: /l-31 (Caused by NewConnectionError('<urllib3.connection.HTTPConnection object at 0x7f22b86ea470>: Failed to establish a new connection: [Errno -2] Name or service not known',))
HTTPConnectionPool(host='web.dmi.unict.itcorsi', port=80): Max retries exceeded with url: /l-35 (Caused by NewConnectionError('<urllib3.connection.HTTPConnection object at 0x7f22b86cac88>: Failed to establish a new connection: [Errno -2] Name or service not known',))
HTTPConnectionPool(host='web.dmi.unict.itcorsi', port=80): Max retries exceeded with url: /lm-18 (Caused by NewConnectionError('<urllib3.connection.HTTPConnection object at 0x7f22b86ea470>: Failed to establish a new connection: [Errno -2] Name or service not known',))
HTTPConnectionPool(host='web.dmi.unict.itcorsi', port=80): Max retries exceeded with url: /lm-40 (Caused by NewConnectionError('<urllib3.connection.HTTPConnection object at 0x7f22b86ea588>: Failed to establish a new connection: [Errno -2] Name or service not known',))
'NoneType' object has no attribute 'find_all'
HTTPConnectionPool(host='web.dmi.unict.itcorsi', port=80): Max retries exceeded with url: /l-31 (Caused by NewConnectionError('<urllib3.connection.HTTPConnection object at 0x7f22b86c4ac8>: Failed to establish a new connection: [Errno -2] Name or service not known',))
HTTPConnectionPool(host='web.dmi.unict.itcorsi', port=80): Max retries exceeded with url: /l-35 (Caused by NewConnectionError('<urllib3.connection.HTTPConnection object at 0x7f22b86c4c50>: Failed to establish a new connection: [Errno -2] Name or service not known',))
HTTPConnectionPool(host='web.dmi.unict.itcorsi', port=80): Max retries exceeded with url: /lm-18 (Caused by NewConnectionError('<urllib3.connection.HTTPConnection object at 0x7f22b86c4f28>: Failed to establish a new connection: [Errno -2] Name or service not known',))
HTTPConnectionPool(host='web.dmi.unict.itcorsi', port=80): Max retries exceeded with url: /lm-40 (Caused by NewConnectionError('<urllib3.connection.HTTPConnection object at 0x7f22b86c4a90>: Failed to establish a new connection: [Errno -2] Name or service not known',))
'NoneType' object has no attribute 'find_all'
HTTPConnectionPool(host='www.dieei.unict.itcorsi', port=80): Max retries exceeded with url: /l-8-ele (Caused by NewConnectionError('<urllib3.connection.HTTPConnection object at 0x7f22b8575be0>: Failed to establish a new connection: [Errno -2] Name or service not known',))
HTTPConnectionPool(host='www.dieei.unict.itcorsi', port=80): Max retries exceeded with url: /l-9 (Caused by NewConnectionError('<urllib3.connection.HTTPConnection object at 0x7f22b84f7518>: Failed to establish a new connection: [Errno -2] Name or service not known',))
HTTPConnectionPool(host='www.dieei.unict.itcorsi', port=80): Max retries exceeded with url: /l-8-inf (Caused by NewConnectionError('<urllib3.connection.HTTPConnection object at 0x7f22b8575da0>: Failed to establish a new connection: [Errno -2] Name or service not known',))
HTTPConnectionPool(host='www.dieei.unict.itcorsi', port=80): Max retries exceeded with url: /lm-25 (Caused by NewConnectionError('<urllib3.connection.HTTPConnection object at 0x7f22b8575630>: Failed to establish a new connection: [Errno -2] Name or service not known',))
HTTPConnectionPool(host='www.dieei.unict.itcorsi', port=80): Max retries exceeded with url: /lm-28 (Caused by NewConnectionError('<urllib3.connection.HTTPConnection object at 0x7f22b8575dd8>: Failed to establish a new connection: [Errno -2] Name or service not known',))
HTTPConnectionPool(host='www.dieei.unict.itcorsi', port=80): Max retries exceeded with url: /lm-29 (Caused by NewConnectionError('<urllib3.connection.HTTPConnection object at 0x7f22b8575a90>: Failed to establish a new connection: [Errno -2] Name or service not known',))
HTTPConnectionPool(host='www.dieei.unict.itcorsi', port=80): Max retries exceeded with url: /lm-27 (Caused by NewConnectionError('<urllib3.connection.HTTPConnection object at 0x7f22b8575da0>: Failed to establish a new connection: [Errno -2] Name or service not known',))
HTTPConnectionPool(host='www.dieei.unict.itcorsi', port=80): Max retries exceeded with url: /lm-32 (Caused by NewConnectionError('<urllib3.connection.HTTPConnection object at 0x7f22b8575978>: Failed to establish a new connection: [Errno -2] Name or service not known',))
HTTPConnectionPool(host='www.dieei.unict.itcorsi', port=80): Max retries exceeded with url: /l-8-ele (Caused by NewConnectionError('<urllib3.connection.HTTPConnection object at 0x7f22b854b710>: Failed to establish a new connection: [Errno -2] Name or service not known',))
HTTPConnectionPool(host='www.dieei.unict.itcorsi', port=80): Max retries exceeded with url: /l-9 (Caused by NewConnectionError('<urllib3.connection.HTTPConnection object at 0x7f22b854b588>: Failed to establish a new connection: [Errno -2] Name or service not known',))
HTTPConnectionPool(host='www.dieei.unict.itcorsi', port=80): Max retries exceeded with url: /l-8-inf (Caused by NewConnectionError('<urllib3.connection.HTTPConnection object at 0x7f22b854b780>: Failed to establish a new connection: [Errno -2] Name or service not known',))
HTTPConnectionPool(host='www.dieei.unict.itcorsi', port=80): Max retries exceeded with url: /lm-25 (Caused by NewConnectionError('<urllib3.connection.HTTPConnection object at 0x7f22b854b630>: Failed to establish a new connection: [Errno -2] Name or service not known',))
HTTPConnectionPool(host='www.dieei.unict.itcorsi', port=80): Max retries exceeded with url: /lm-28 (Caused by NewConnectionError('<urllib3.connection.HTTPConnection object at 0x7f22b854b898>: Failed to establish a new connection: [Errno -2] Name or service not known',))
HTTPConnectionPool(host='www.dieei.unict.itcorsi', port=80): Max retries exceeded with url: /lm-29 (Caused by NewConnectionError('<urllib3.connection.HTTPConnection object at 0x7f22b854b6d8>: Failed to establish a new connection: [Errno -2] Name or service not known',))
HTTPConnectionPool(host='www.dieei.unict.itcorsi', port=80): Max retries exceeded with url: /lm-27 (Caused by NewConnectionError('<urllib3.connection.HTTPConnection object at 0x7f22b854b898>: Failed to establish a new connection: [Errno -2] Name or service not known',))
HTTPConnectionPool(host='www.dieei.unict.itcorsi', port=80): Max retries exceeded with url: /lm-32 (Caused by NewConnectionError('<urllib3.connection.HTTPConnection object at 0x7f22b854b6d8>: Failed to establish a new connection: [Errno -2] Name or service not known',))
HTTPConnectionPool(host='web.dmi.unict.itcorsi', port=80): Max retries exceeded with url: /l-31 (Caused by NewConnectionError('<urllib3.connection.HTTPConnection object at 0x7fa3503b7d68>: Failed to establish a new connection: [Errno -2] Name or service not known',))
HTTPConnectionPool(host='web.dmi.unict.itcorsi', port=80): Max retries exceeded with url: /l-35 (Caused by NewConnectionError('<urllib3.connection.HTTPConnection object at 0x7fa3503b7cc0>: Failed to establish a new connection: [Errno -2] Name or service not known',))
HTTPConnectionPool(host='web.dmi.unict.itcorsi', port=80): Max retries exceeded with url: /lm-18 (Caused by NewConnectionError('<urllib3.connection.HTTPConnection object at 0x7fa3503b7f98>: Failed to establish a new connection: [Errno -2] Name or service not known',))
HTTPConnectionPool(host='web.dmi.unict.itcorsi', port=80): Max retries exceeded with url: /lm-40 (Caused by NewConnectionError('<urllib3.connection.HTTPConnection object at 0x7fa3503b78d0>: Failed to establish a new connection: [Errno -2] Name or service not known',))
'NoneType' object has no attribute 'find_all'
HTTPConnectionPool(host='web.dmi.unict.itcorsi', port=80): Max retries exceeded with url: /l-31 (Caused by NewConnectionError('<urllib3.connection.HTTPConnection object at 0x7fa35038fb00>: Failed to establish a new connection: [Errno -2] Name or service not known',))
HTTPConnectionPool(host='web.dmi.unict.itcorsi', port=80): Max retries exceeded with url: /l-35 (Caused by NewConnectionError('<urllib3.connection.HTTPConnection object at 0x7fa35038fc88>: Failed to establish a new connection: [Errno -2] Name or service not known',))
HTTPConnectionPool(host='web.dmi.unict.itcorsi', port=80): Max retries exceeded with url: /lm-18 (Caused by NewConnectionError('<urllib3.connection.HTTPConnection object at 0x7fa35038ff60>: Failed to establish a new connection: [Errno -2] Name or service not known',))
HTTPConnectionPool(host='web.dmi.unict.itcorsi', port=80): Max retries exceeded with url: /lm-40 (Caused by NewConnectionError('<urllib3.connection.HTTPConnection object at 0x7fa35038fac8>: Failed to establish a new connection: [Errno -2] Name or service not known',))
'NoneType' object has no attribute 'find_all'
HTTPConnectionPool(host='www.dieei.unict.itcorsi', port=80): Max retries exceeded with url: /l-8-ele (Caused by NewConnectionError('<urllib3.connection.HTTPConnection object at 0x7fa35008ef28>: Failed to establish a new connection: [Errno -2] Name or service not known',))
HTTPConnectionPool(host='www.dieei.unict.itcorsi', port=80): Max retries exceeded with url: /l-9 (Caused by NewConnectionError('<urllib3.connection.HTTPConnection object at 0x7fa352ac7400>: Failed to establish a new connection: [Errno -2] Name or service not known',))
HTTPConnectionPool(host='www.dieei.unict.itcorsi', port=80): Max retries exceeded with url: /l-8-inf (Caused by NewConnectionError('<urllib3.connection.HTTPConnection object at 0x7fa352ac75f8>: Failed to establish a new connection: [Errno -2] Name or service not known',))
HTTPConnectionPool(host='www.dieei.unict.itcorsi', port=80): Max retries exceeded with url: /lm-25 (Caused by NewConnectionError('<urllib3.connection.HTTPConnection object at 0x7fa352ac7780>: Failed to establish a new connection: [Errno -2] Name or service not known',))
HTTPConnectionPool(host='www.dieei.unict.itcorsi', port=80): Max retries exceeded with url: /lm-28 (Caused by NewConnectionError('<urllib3.connection.HTTPConnection object at 0x7fa35008ed30>: Failed to establish a new connection: [Errno -2] Name or service not known',))
HTTPConnectionPool(host='www.dieei.unict.itcorsi', port=80): Max retries exceeded with url: /lm-29 (Caused by NewConnectionError('<urllib3.connection.HTTPConnection object at 0x7fa35008e898>: Failed to establish a new connection: [Errno -2] Name or service not known',))
HTTPConnectionPool(host='www.dieei.unict.itcorsi', port=80): Max retries exceeded with url: /lm-27 (Caused by NewConnectionError('<urllib3.connection.HTTPConnection object at 0x7fa35008ef60>: Failed to establish a new connection: [Errno -2] Name or service not known',))
HTTPConnectionPool(host='www.dieei.unict.itcorsi', port=80): Max retries exceeded with url: /lm-32 (Caused by NewConnectionError('<urllib3.connection.HTTPConnection object at 0x7fa35008eb00>: Failed to establish a new connection: [Errno -2] Name or service not known',))
HTTPConnectionPool(host='www.dieei.unict.itcorsi', port=80): Max retries exceeded with url: /l-8-ele (Caused by NewConnectionError('<urllib3.connection.HTTPConnection object at 0x7fa3500e5780>: Failed to establish a new connection: [Errno -2] Name or service not known',))
HTTPConnectionPool(host='www.dieei.unict.itcorsi', port=80): Max retries exceeded with url: /l-9 (Caused by NewConnectionError('<urllib3.connection.HTTPConnection object at 0x7fa3500e55f8>: Failed to establish a new connection: [Errno -2] Name or service not known',))
HTTPConnectionPool(host='www.dieei.unict.itcorsi', port=80): Max retries exceeded with url: /l-8-inf (Caused by NewConnectionError('<urllib3.connection.HTTPConnection object at 0x7fa3500e57f0>: Failed to establish a new connection: [Errno -2] Name or service not known',))
HTTPConnectionPool(host='www.dieei.unict.itcorsi', port=80): Max retries exceeded with url: /lm-25 (Caused by NewConnectionError('<urllib3.connection.HTTPConnection object at 0x7fa3500e56a0>: Failed to establish a new connection: [Errno -2] Name or service not known',))
HTTPConnectionPool(host='www.dieei.unict.itcorsi', port=80): Max retries exceeded with url: /lm-28 (Caused by NewConnectionError('<urllib3.connection.HTTPConnection object at 0x7fa3500e5908>: Failed to establish a new connection: [Errno -2] Name or service not known',))
HTTPConnectionPool(host='www.dieei.unict.itcorsi', port=80): Max retries exceeded with url: /lm-29 (Caused by NewConnectionError('<urllib3.connection.HTTPConnection object at 0x7fa3500e5748>: Failed to establish a new connection: [Errno -2] Name or service not known',))
HTTPConnectionPool(host='www.dieei.unict.itcorsi', port=80): Max retries exceeded with url: /lm-27 (Caused by NewConnectionError('<urllib3.connection.HTTPConnection object at 0x7fa3500e5908>: Failed to establish a new connection: [Errno -2] Name or service not known',))
HTTPConnectionPool(host='www.dieei.unict.itcorsi', port=80): Max retries exceeded with url: /lm-32 (Caused by NewConnectionError('<urllib3.connection.HTTPConnection object at 0x7fa3500e5748>: Failed to establish a new connection: [Errno -2] Name or service not known',))
HTTPConnectionPool(host='web.dmi.unict.itcorsi', port=80): Max retries exceeded with url: /l-31 (Caused by NewConnectionError('<urllib3.connection.HTTPConnection object at 0x7fb6fc16fd68>: Failed to establish a new connection: [Errno -2] Name or service not known',))
HTTPConnectionPool(host='web.dmi.unict.itcorsi', port=80): Max retries exceeded with url: /l-35 (Caused by NewConnectionError('<urllib3.connection.HTTPConnection object at 0x7fb6fc16fcc0>: Failed to establish a new connection: [Errno -2] Name or service not known',))
HTTPConnectionPool(host='web.dmi.unict.itcorsi', port=80): Max retries exceeded with url: /lm-18 (Caused by NewConnectionError('<urllib3.connection.HTTPConnection object at 0x7fb6fc16ff98>: Failed to establish a new connection: [Errno -2] Name or service not known',))
HTTPConnectionPool(host='web.dmi.unict.itcorsi', port=80): Max retries exceeded with url: /lm-40 (Caused by NewConnectionError('<urllib3.connection.HTTPConnection object at 0x7fb6fc16f8d0>: Failed to establish a new connection: [Errno -2] Name or service not known',))
'NoneType' object has no attribute 'find_all'
HTTPConnectionPool(host='web.dmi.unict.itcorsi', port=80): Max retries exceeded with url: /l-31 (Caused by NewConnectionError('<urllib3.connection.HTTPConnection object at 0x7fb6fc146b00>: Failed to establish a new connection: [Errno -2] Name or service not known',))
HTTPConnectionPool(host='web.dmi.unict.itcorsi', port=80): Max retries exceeded with url: /l-35 (Caused by NewConnectionError('<urllib3.connection.HTTPConnection object at 0x7fb6fc146c88>: Failed to establish a new connection: [Errno -2] Name or service not known',))
HTTPConnectionPool(host='web.dmi.unict.itcorsi', port=80): Max retries exceeded with url: /lm-18 (Caused by NewConnectionError('<urllib3.connection.HTTPConnection object at 0x7fb6fc146f60>: Failed to establish a new connection: [Errno -2] Name or service not known',))
HTTPConnectionPool(host='web.dmi.unict.itcorsi', port=80): Max retries exceeded with url: /lm-40 (Caused by NewConnectionError('<urllib3.connection.HTTPConnection object at 0x7fb6fc146ac8>: Failed to establish a new connection: [Errno -2] Name or service not known',))
'NoneType' object has no attribute 'find_all'
HTTPConnectionPool(host='www.dieei.unict.itcorsi', port=80): Max retries exceeded with url: /l-8-ele (Caused by NewConnectionError('<urllib3.connection.HTTPConnection object at 0x7fb6fc19b9e8>: Failed to establish a new connection: [Errno -2] Name or service not known',))
HTTPConnectionPool(host='www.dieei.unict.itcorsi', port=80): Max retries exceeded with url: /l-9 (Caused by NewConnectionError('<urllib3.connection.HTTPConnection object at 0x7fb6fc1920f0>: Failed to establish a new connection: [Errno -2] Name or service not known',))
HTTPConnectionPool(host='www.dieei.unict.itcorsi', port=80): Max retries exceeded with url: /l-8-inf (Caused by NewConnectionError('<urllib3.connection.HTTPConnection object at 0x7fb6fc19b898>: Failed to establish a new connection: [Errno -2] Name or service not known',))
HTTPConnectionPool(host='www.dieei.unict.itcorsi', port=80): Max retries exceeded with url: /lm-25 (Caused by NewConnectionError('<urllib3.connection.HTTPConnection object at 0x7fb6fc19b860>: Failed to establish a new connection: [Errno -2] Name or service not known',))
HTTPConnectionPool(host='www.dieei.unict.itcorsi', port=80): Max retries exceeded with url: /lm-28 (Caused by NewConnectionError('<urllib3.connection.HTTPConnection object at 0x7fb6fc19be10>: Failed to establish a new connection: [Errno -2] Name or service not known',))
HTTPConnectionPool(host='www.dieei.unict.itcorsi', port=80): Max retries exceeded with url: /lm-29 (Caused by NewConnectionError('<urllib3.connection.HTTPConnection object at 0x7fb6fc19b198>: Failed to establish a new connection: [Errno -2] Name or service not known',))
HTTPConnectionPool(host='www.dieei.unict.itcorsi', port=80): Max retries exceeded with url: /lm-27 (Caused by NewConnectionError('<urllib3.connection.HTTPConnection object at 0x7fb6fc19bdd8>: Failed to establish a new connection: [Errno -2] Name or service not known',))
HTTPConnectionPool(host='www.dieei.unict.itcorsi', port=80): Max retries exceeded with url: /lm-32 (Caused by NewConnectionError('<urllib3.connection.HTTPConnection object at 0x7fb6fc19be10>: Failed to establish a new connection: [Errno -2] Name or service not known',))
HTTPConnectionPool(host='www.dieei.unict.itcorsi', port=80): Max retries exceeded with url: /l-8-ele (Caused by NewConnectionError('<urllib3.connection.HTTPConnection object at 0x7fb6f44f0748>: Failed to establish a new connection: [Errno -2] Name or service not known',))
HTTPConnectionPool(host='www.dieei.unict.itcorsi', port=80): Max retries exceeded with url: /l-9 (Caused by NewConnectionError('<urllib3.connection.HTTPConnection object at 0x7fb6f44f0400>: Failed to establish a new connection: [Errno -2] Name or service not known',))
HTTPConnectionPool(host='www.dieei.unict.itcorsi', port=80): Max retries exceeded with url: /l-8-inf (Caused by NewConnectionError('<urllib3.connection.HTTPConnection object at 0x7fb6f44f07b8>: Failed to establish a new connection: [Errno -2] Name or service not known',))
HTTPConnectionPool(host='www.dieei.unict.itcorsi', port=80): Max retries exceeded with url: /lm-25 (Caused by NewConnectionError('<urllib3.connection.HTTPConnection object at 0x7fb6f44f06a0>: Failed to establish a new connection: [Errno -2] Name or service not known',))
HTTPConnectionPool(host='www.dieei.unict.itcorsi', port=80): Max retries exceeded with url: /lm-28 (Caused by NewConnectionError('<urllib3.connection.HTTPConnection object at 0x7fb6f44f08d0>: Failed to establish a new connection: [Errno -2] Name or service not known',))
HTTPConnectionPool(host='www.dieei.unict.itcorsi', port=80): Max retries exceeded with url: /lm-29 (Caused by NewConnectionError('<urllib3.connection.HTTPConnection object at 0x7fb6f44f0710>: Failed to establish a new connection: [Errno -2] Name or service not known',))
HTTPConnectionPool(host='www.dieei.unict.itcorsi', port=80): Max retries exceeded with url: /lm-27 (Caused by NewConnectionError('<urllib3.connection.HTTPConnection object at 0x7fb6f44f08d0>: Failed to establish a new connection: [Errno -2] Name or service not known',))
HTTPConnectionPool(host='www.dieei.unict.itcorsi', port=80): Max retries exceeded with url: /lm-32 (Caused by NewConnectionError('<urllib3.connection.HTTPConnection object at 0x7fb6f44f0710>: Failed to establish a new connection: [Errno -2] Name or service not known',))
HTTPConnectionPool(host='web.dmi.unict.itcorsi', port=80): Max retries exceeded with url: /l-31 (Caused by NewConnectionError('<urllib3.connection.HTTPConnection object at 0x7fb7800da320>: Failed to establish a new connection: [Errno -2] Name or service not known',))
HTTPConnectionPool(host='web.dmi.unict.itcorsi', port=80): Max retries exceeded with url: /l-35 (Caused by NewConnectionError('<urllib3.connection.HTTPConnection object at 0x7fb7800da390>: Failed to establish a new connection: [Errno -2] Name or service not known',))
HTTPConnectionPool(host='web.dmi.unict.itcorsi', port=80): Max retries exceeded with url: /lm-18 (Caused by NewConnectionError('<urllib3.connection.HTTPConnection object at 0x7fb7800da2e8>: Failed to establish a new connection: [Errno -2] Name or service not known',))
HTTPConnectionPool(host='web.dmi.unict.itcorsi', port=80): Max retries exceeded with url: /lm-40 (Caused by NewConnectionError('<urllib3.connection.HTTPConnection object at 0x7fb7800da320>: Failed to establish a new connection: [Errno -2] Name or service not known',))
'NoneType' object has no attribute 'find_all'
HTTPConnectionPool(host='web.dmi.unict.itcorsi', port=80): Max retries exceeded with url: /l-31 (Caused by NewConnectionError('<urllib3.connection.HTTPConnection object at 0x7fb78009ea58>: Failed to establish a new connection: [Errno -2] Name or service not known',))
HTTPConnectionPool(host='web.dmi.unict.itcorsi', port=80): Max retries exceeded with url: /l-35 (Caused by NewConnectionError('<urllib3.connection.HTTPConnection object at 0x7fb78009ebe0>: Failed to establish a new connection: [Errno -2] Name or service not known',))
HTTPConnectionPool(host='web.dmi.unict.itcorsi', port=80): Max retries exceeded with url: /lm-18 (Caused by NewConnectionError('<urllib3.connection.HTTPConnection object at 0x7fb78009ea90>: Failed to establish a new connection: [Errno -2] Name or service not known',))
HTTPConnectionPool(host='web.dmi.unict.itcorsi', port=80): Max retries exceeded with url: /lm-40 (Caused by NewConnectionError('<urllib3.connection.HTTPConnection object at 0x7fb78009ea58>: Failed to establish a new connection: [Errno -2] Name or service not known',))
'NoneType' object has no attribute 'find_all'
HTTPConnectionPool(host='www.dieei.unict.itcorsi', port=80): Max retries exceeded with url: /l-8-ele (Caused by NewConnectionError('<urllib3.connection.HTTPConnection object at 0x7fb778e81320>: Failed to establish a new connection: [Errno -2] Name or service not known',))
HTTPConnectionPool(host='www.dieei.unict.itcorsi', port=80): Max retries exceeded with url: /l-9 (Caused by NewConnectionError('<urllib3.connection.HTTPConnection object at 0x7fb778d2add8>: Failed to establish a new connection: [Errno -2] Name or service not known',))
HTTPConnectionPool(host='www.dieei.unict.itcorsi', port=80): Max retries exceeded with url: /l-8-inf (Caused by NewConnectionError('<urllib3.connection.HTTPConnection object at 0x7fb778d2ae48>: Failed to establish a new connection: [Errno -2] Name or service not known',))
HTTPConnectionPool(host='www.dieei.unict.itcorsi', port=80): Max retries exceeded with url: /lm-25 (Caused by NewConnectionError('<urllib3.connection.HTTPConnection object at 0x7fb778d2afd0>: Failed to establish a new connection: [Errno -2] Name or service not known',))
HTTPConnectionPool(host='www.dieei.unict.itcorsi', port=80): Max retries exceeded with url: /lm-28 (Caused by NewConnectionError('<urllib3.connection.HTTPConnection object at 0x7fb778e81438>: Failed to establish a new connection: [Errno -2] Name or service not known',))
HTTPConnectionPool(host='www.dieei.unict.itcorsi', port=80): Max retries exceeded with url: /lm-29 (Caused by NewConnectionError('<urllib3.connection.HTTPConnection object at 0x7fb778e81358>: Failed to establish a new connection: [Errno -2] Name or service not known',))
HTTPConnectionPool(host='www.dieei.unict.itcorsi', port=80): Max retries exceeded with url: /lm-27 (Caused by NewConnectionError('<urllib3.connection.HTTPConnection object at 0x7fb778e81320>: Failed to establish a new connection: [Errno -2] Name or service not known',))
HTTPConnectionPool(host='www.dieei.unict.itcorsi', port=80): Max retries exceeded with url: /lm-32 (Caused by NewConnectionError('<urllib3.connection.HTTPConnection object at 0x7fb778e812b0>: Failed to establish a new connection: [Errno -2] Name or service not known',))
HTTPConnectionPool(host='www.dieei.unict.itcorsi', port=80): Max retries exceeded with url: /l-8-ele (Caused by NewConnectionError('<urllib3.connection.HTTPConnection object at 0x7fb778ee3358>: Failed to establish a new connection: [Errno -2] Name or service not known',))
HTTPConnectionPool(host='www.dieei.unict.itcorsi', port=80): Max retries exceeded with url: /l-9 (Caused by NewConnectionError('<urllib3.connection.HTTPConnection object at 0x7fb778ee3240>: Failed to establish a new connection: [Errno -2] Name or service not known',))
HTTPConnectionPool(host='www.dieei.unict.itcorsi', port=80): Max retries exceeded with url: /l-8-inf (Caused by NewConnectionError('<urllib3.connection.HTTPConnection object at 0x7fb778ee34e0>: Failed to establish a new connection: [Errno -2] Name or service not known',))
HTTPConnectionPool(host='www.dieei.unict.itcorsi', port=80): Max retries exceeded with url: /lm-25 (Caused by NewConnectionError('<urllib3.connection.HTTPConnection object at 0x7fb778ee3470>: Failed to establish a new connection: [Errno -2] Name or service not known',))
HTTPConnectionPool(host='www.dieei.unict.itcorsi', port=80): Max retries exceeded with url: /lm-28 (Caused by NewConnectionError('<urllib3.connection.HTTPConnection object at 0x7fb778ee34e0>: Failed to establish a new connection: [Errno -2] Name or service not known',))
HTTPConnectionPool(host='www.dieei.unict.itcorsi', port=80): Max retries exceeded with url: /lm-29 (Caused by NewConnectionError('<urllib3.connection.HTTPConnection object at 0x7fb778ee3470>: Failed to establish a new connection: [Errno -2] Name or service not known',))
HTTPConnectionPool(host='www.dieei.unict.itcorsi', port=80): Max retries exceeded with url: /lm-27 (Caused by NewConnectionError('<urllib3.connection.HTTPConnection object at 0x7fb778ee3400>: Failed to establish a new connection: [Errno -2] Name or service not known',))
HTTPConnectionPool(host='www.dieei.unict.itcorsi', port=80): Max retries exceeded with url: /lm-32 (Caused by NewConnectionError('<urllib3.connection.HTTPConnection object at 0x7fb778ee3470>: Failed to establish a new connection: [Errno -2] Name or service not known',))
HTTPConnectionPool(host='web.dmi.unict.itcorsi', port=80): Max retries exceeded with url: /l-31 (Caused by NewConnectionError('<urllib3.connection.HTTPConnection object at 0x7f3654722550>: Failed to establish a new connection: [Errno -2] Name or service not known',))
HTTPConnectionPool(host='web.dmi.unict.itcorsi', port=80): Max retries exceeded with url: /l-35 (Caused by NewConnectionError('<urllib3.connection.HTTPConnection object at 0x7f36547224a8>: Failed to establish a new connection: [Errno -2] Name or service not known',))
HTTPConnectionPool(host='web.dmi.unict.itcorsi', port=80): Max retries exceeded with url: /lm-18 (Caused by NewConnectionError('<urllib3.connection.HTTPConnection object at 0x7f3654722518>: Failed to establish a new connection: [Errno -2] Name or service not known',))
HTTPConnectionPool(host='web.dmi.unict.itcorsi', port=80): Max retries exceeded with url: /lm-40 (Caused by NewConnectionError('<urllib3.connection.HTTPConnection object at 0x7f36547224a8>: Failed to establish a new connection: [Errno -2] Name or service not known',))
'NoneType' object has no attribute 'find_all'
HTTPConnectionPool(host='web.dmi.unict.itcorsi', port=80): Max retries exceeded with url: /l-31 (Caused by NewConnectionError('<urllib3.connection.HTTPConnection object at 0x7f36546e8b00>: Failed to establish a new connection: [Errno -2] Name or service not known',))
HTTPConnectionPool(host='web.dmi.unict.itcorsi', port=80): Max retries exceeded with url: /l-35 (Caused by NewConnectionError('<urllib3.connection.HTTPConnection object at 0x7f36546e8b00>: Failed to establish a new connection: [Errno -2] Name or service not known',))
HTTPConnectionPool(host='web.dmi.unict.itcorsi', port=80): Max retries exceeded with url: /lm-18 (Caused by NewConnectionError('<urllib3.connection.HTTPConnection object at 0x7f36546e8b00>: Failed to establish a new connection: [Errno -2] Name or service not known',))
HTTPConnectionPool(host='web.dmi.unict.itcorsi', port=80): Max retries exceeded with url: /lm-40 (Caused by NewConnectionError('<urllib3.connection.HTTPConnection object at 0x7f36546e8b00>: Failed to establish a new connection: [Errno -2] Name or service not known',))
'NoneType' object has no attribute 'find_all'
HTTPConnectionPool(host='www.dieei.unict.itcorsi', port=80): Max retries exceeded with url: /l-8-ele (Caused by NewConnectionError('<urllib3.connection.HTTPConnection object at 0x7f365448bc88>: Failed to establish a new connection: [Errno -2] Name or service not known',))
HTTPConnectionPool(host='www.dieei.unict.itcorsi', port=80): Max retries exceeded with url: /l-9 (Caused by NewConnectionError('<urllib3.connection.HTTPConnection object at 0x7f365467ce80>: Failed to establish a new connection: [Errno -2] Name or service not known',))
HTTPConnectionPool(host='www.dieei.unict.itcorsi', port=80): Max retries exceeded with url: /l-8-inf (Caused by NewConnectionError('<urllib3.connection.HTTPConnection object at 0x7f365467cc50>: Failed to establish a new connection: [Errno -2] Name or service not known',))
HTTPConnectionPool(host='www.dieei.unict.itcorsi', port=80): Max retries exceeded with url: /lm-25 (Caused by NewConnectionError('<urllib3.connection.HTTPConnection object at 0x7f365448b9b0>: Failed to establish a new connection: [Errno -2] Name or service not known',))
HTTPConnectionPool(host='www.dieei.unict.itcorsi', port=80): Max retries exceeded with url: /lm-28 (Caused by NewConnectionError('<urllib3.connection.HTTPConnection object at 0x7f365448b908>: Failed to establish a new connection: [Errno -2] Name or service not known',))
HTTPConnectionPool(host='www.dieei.unict.itcorsi', port=80): Max retries exceeded with url: /lm-29 (Caused by NewConnectionError('<urllib3.connection.HTTPConnection object at 0x7f365448be48>: Failed to establish a new connection: [Errno -2] Name or service not known',))
HTTPConnectionPool(host='www.dieei.unict.itcorsi', port=80): Max retries exceeded with url: /lm-27 (Caused by NewConnectionError('<urllib3.connection.HTTPConnection object at 0x7f365448bef0>: Failed to establish a new connection: [Errno -2] Name or service not known',))
HTTPConnectionPool(host='www.dieei.unict.itcorsi', port=80): Max retries exceeded with url: /lm-32 (Caused by NewConnectionError('<urllib3.connection.HTTPConnection object at 0x7f365448bc88>: Failed to establish a new connection: [Errno -2] Name or service not known',))
HTTPConnectionPool(host='www.dieei.unict.itcorsi', port=80): Max retries exceeded with url: /l-8-ele (Caused by NewConnectionError('<urllib3.connection.HTTPConnection object at 0x7f365446d7b8>: Failed to establish a new connection: [Errno -2] Name or service not known',))
HTTPConnectionPool(host='www.dieei.unict.itcorsi', port=80): Max retries exceeded with url: /l-9 (Caused by NewConnectionError('<urllib3.connection.HTTPConnection object at 0x7f365446d630>: Failed to establish a new connection: [Errno -2] Name or service not known',))
HTTPConnectionPool(host='www.dieei.unict.itcorsi', port=80): Max retries exceeded with url: /l-8-inf (Caused by NewConnectionError('<urllib3.connection.HTTPConnection object at 0x7f365446d828>: Failed to establish a new connection: [Errno -2] Name or service not known',))
HTTPConnectionPool(host='www.dieei.unict.itcorsi', port=80): Max retries exceeded with url: /lm-25 (Caused by NewConnectionError('<urllib3.connection.HTTPConnection object at 0x7f365446d6d8>: Failed to establish a new connection: [Errno -2] Name or service not known',))
HTTPConnectionPool(host='www.dieei.unict.itcorsi', port=80): Max retries exceeded with url: /lm-28 (Caused by NewConnectionError('<urllib3.connection.HTTPConnection object at 0x7f365446d940>: Failed to establish a new connection: [Errno -2] Name or service not known',))
HTTPConnectionPool(host='www.dieei.unict.itcorsi', port=80): Max retries exceeded with url: /lm-29 (Caused by NewConnectionError('<urllib3.connection.HTTPConnection object at 0x7f365446d780>: Failed to establish a new connection: [Errno -2] Name or service not known',))
HTTPConnectionPool(host='www.dieei.unict.itcorsi', port=80): Max retries exceeded with url: /lm-27 (Caused by NewConnectionError('<urllib3.connection.HTTPConnection object at 0x7f365446d3c8>: Failed to establish a new connection: [Errno -2] Name or service not known',))
HTTPConnectionPool(host='www.dieei.unict.itcorsi', port=80): Max retries exceeded with url: /lm-32 (Caused by NewConnectionError('<urllib3.connection.HTTPConnection object at 0x7f365446d780>: Failed to establish a new connection: [Errno -2] Name or service not known',))
HTTPConnectionPool(host='web.dmi.unict.itcorsi', port=80): Max retries exceeded with url: /l-31 (Caused by NewConnectionError('<urllib3.connection.HTTPConnection object at 0x7f85c414c550>: Failed to establish a new connection: [Errno -2] Name or service not known',))
HTTPConnectionPool(host='web.dmi.unict.itcorsi', port=80): Max retries exceeded with url: /l-35 (Caused by NewConnectionError('<urllib3.connection.HTTPConnection object at 0x7f85c414c5f8>: Failed to establish a new connection: [Errno -2] Name or service not known',))
HTTPConnectionPool(host='web.dmi.unict.itcorsi', port=80): Max retries exceeded with url: /lm-18 (Caused by NewConnectionError('<urllib3.connection.HTTPConnection object at 0x7f85c414c2b0>: Failed to establish a new connection: [Errno -2] Name or service not known',))
HTTPConnectionPool(host='web.dmi.unict.itcorsi', port=80): Max retries exceeded with url: /lm-40 (Caused by NewConnectionError('<urllib3.connection.HTTPConnection object at 0x7f85c414c2e8>: Failed to establish a new connection: [Errno -2] Name or service not known',))
'NoneType' object has no attribute 'find_all'
HTTPConnectionPool(host='web.dmi.unict.itcorsi', port=80): Max retries exceeded with url: /l-31 (Caused by NewConnectionError('<urllib3.connection.HTTPConnection object at 0x7f85c4123b00>: Failed to establish a new connection: [Errno -2] Name or service not known',))
HTTPConnectionPool(host='web.dmi.unict.itcorsi', port=80): Max retries exceeded with url: /l-35 (Caused by NewConnectionError('<urllib3.connection.HTTPConnection object at 0x7f85c4123b70>: Failed to establish a new connection: [Errno -2] Name or service not known',))
HTTPConnectionPool(host='web.dmi.unict.itcorsi', port=80): Max retries exceeded with url: /lm-18 (Caused by NewConnectionError('<urllib3.connection.HTTPConnection object at 0x7f85c4123b00>: Failed to establish a new connection: [Errno -2] Name or service not known',))
HTTPConnectionPool(host='web.dmi.unict.itcorsi', port=80): Max retries exceeded with url: /lm-40 (Caused by NewConnectionError('<urllib3.connection.HTTPConnection object at 0x7f85c4123b70>: Failed to establish a new connection: [Errno -2] Name or service not known',))
'NoneType' object has no attribute 'find_all'
HTTPConnectionPool(host='www.dieei.unict.itcorsi', port=80): Max retries exceeded with url: /l-8-ele (Caused by NewConnectionError('<urllib3.connection.HTTPConnection object at 0x7f85c41704a8>: Failed to establish a new connection: [Errno -2] Name or service not known',))
HTTPConnectionPool(host='www.dieei.unict.itcorsi', port=80): Max retries exceeded with url: /l-9 (Caused by NewConnectionError('<urllib3.connection.HTTPConnection object at 0x7f85c4069710>: Failed to establish a new connection: [Errno -2] Name or service not known',))
HTTPConnectionPool(host='www.dieei.unict.itcorsi', port=80): Max retries exceeded with url: /l-8-inf (Caused by NewConnectionError('<urllib3.connection.HTTPConnection object at 0x7f85c4170c88>: Failed to establish a new connection: [Errno -2] Name or service not known',))
HTTPConnectionPool(host='www.dieei.unict.itcorsi', port=80): Max retries exceeded with url: /lm-25 (Caused by NewConnectionError('<urllib3.connection.HTTPConnection object at 0x7f85c4170588>: Failed to establish a new connection: [Errno -2] Name or service not known',))
HTTPConnectionPool(host='www.dieei.unict.itcorsi', port=80): Max retries exceeded with url: /lm-28 (Caused by NewConnectionError('<urllib3.connection.HTTPConnection object at 0x7f85c4170668>: Failed to establish a new connection: [Errno -2] Name or service not known',))
HTTPConnectionPool(host='www.dieei.unict.itcorsi', port=80): Max retries exceeded with url: /lm-29 (Caused by NewConnectionError('<urllib3.connection.HTTPConnection object at 0x7f85c4170710>: Failed to establish a new connection: [Errno -2] Name or service not known',))
HTTPConnectionPool(host='www.dieei.unict.itcorsi', port=80): Max retries exceeded with url: /lm-27 (Caused by NewConnectionError('<urllib3.connection.HTTPConnection object at 0x7f85c4170320>: Failed to establish a new connection: [Errno -2] Name or service not known',))
HTTPConnectionPool(host='www.dieei.unict.itcorsi', port=80): Max retries exceeded with url: /lm-32 (Caused by NewConnectionError('<urllib3.connection.HTTPConnection object at 0x7f85c4170fd0>: Failed to establish a new connection: [Errno -2] Name or service not known',))
HTTPConnectionPool(host='www.dieei.unict.itcorsi', port=80): Max retries exceeded with url: /l-8-ele (Caused by NewConnectionError('<urllib3.connection.HTTPConnection object at 0x7f85ae7467f0>: Failed to establish a new connection: [Errno -2] Name or service not known',))
HTTPConnectionPool(host='www.dieei.unict.itcorsi', port=80): Max retries exceeded with url: /l-9 (Caused by NewConnectionError('<urllib3.connection.HTTPConnection object at 0x7f85ae746668>: Failed to establish a new connection: [Errno -2] Name or service not known',))
HTTPConnectionPool(host='www.dieei.unict.itcorsi', port=80): Max retries exceeded with url: /l-8-inf (Caused by NewConnectionError('<urllib3.connection.HTTPConnection object at 0x7f85ae746860>: Failed to establish a new connection: [Errno -2] Name or service not known',))
HTTPConnectionPool(host='www.dieei.unict.itcorsi', port=80): Max retries exceeded with url: /lm-25 (Caused by NewConnectionError('<urllib3.connection.HTTPConnection object at 0x7f85ae746710>: Failed to establish a new connection: [Errno -2] Name or service not known',))
HTTPConnectionPool(host='www.dieei.unict.itcorsi', port=80): Max retries exceeded with url: /lm-28 (Caused by NewConnectionError('<urllib3.connection.HTTPConnection object at 0x7f85ae746978>: Failed to establish a new connection: [Errno -2] Name or service not known',))
HTTPConnectionPool(host='www.dieei.unict.itcorsi', port=80): Max retries exceeded with url: /lm-29 (Caused by NewConnectionError('<urllib3.connection.HTTPConnection object at 0x7f85ae7467b8>: Failed to establish a new connection: [Errno -2] Name or service not known',))
HTTPConnectionPool(host='www.dieei.unict.itcorsi', port=80): Max retries exceeded with url: /lm-27 (Caused by NewConnectionError('<urllib3.connection.HTTPConnection object at 0x7f85ae746978>: Failed to establish a new connection: [Errno -2] Name or service not known',))
HTTPConnectionPool(host='www.dieei.unict.itcorsi', port=80): Max retries exceeded with url: /lm-32 (Caused by NewConnectionError('<urllib3.connection.HTTPConnection object at 0x7f85ae7467b8>: Failed to establish a new connection: [Errno -2] Name or service not known',))
HTTPConnectionPool(host='web.dmi.unict.itcorsi', port=80): Max retries exceeded with url: /l-31 (Caused by NewConnectionError('<urllib3.connection.HTTPConnection object at 0x7fa87c09dd68>: Failed to establish a new connection: [Errno -2] Name or service not known',))
HTTPConnectionPool(host='web.dmi.unict.itcorsi', port=80): Max retries exceeded with url: /l-35 (Caused by NewConnectionError('<urllib3.connection.HTTPConnection object at 0x7fa87c09dcc0>: Failed to establish a new connection: [Errno -2] Name or service not known',))
HTTPConnectionPool(host='web.dmi.unict.itcorsi', port=80): Max retries exceeded with url: /lm-18 (Caused by NewConnectionError('<urllib3.connection.HTTPConnection object at 0x7fa87c09df98>: Failed to establish a new connection: [Errno -2] Name or service not known',))
HTTPConnectionPool(host='web.dmi.unict.itcorsi', port=80): Max retries exceeded with url: /lm-40 (Caused by NewConnectionError('<urllib3.connection.HTTPConnection object at 0x7fa87c09d8d0>: Failed to establish a new connection: [Errno -2] Name or service not known',))
'NoneType' object has no attribute 'find_all'
HTTPConnectionPool(host='web.dmi.unict.itcorsi', port=80): Max retries exceeded with url: /l-31 (Caused by NewConnectionError('<urllib3.connection.HTTPConnection object at 0x7fa87c08fb00>: Failed to establish a new connection: [Errno -2] Name or service not known',))
HTTPConnectionPool(host='web.dmi.unict.itcorsi', port=80): Max retries exceeded with url: /l-35 (Caused by NewConnectionError('<urllib3.connection.HTTPConnection object at 0x7fa87c08fb00>: Failed to establish a new connection: [Errno -2] Name or service not known',))
HTTPConnectionPool(host='web.dmi.unict.itcorsi', port=80): Max retries exceeded with url: /lm-18 (Caused by NewConnectionError('<urllib3.connection.HTTPConnection object at 0x7fa87c08fb00>: Failed to establish a new connection: [Errno -2] Name or service not known',))
HTTPConnectionPool(host='web.dmi.unict.itcorsi', port=80): Max retries exceeded with url: /lm-40 (Caused by NewConnectionError('<urllib3.connection.HTTPConnection object at 0x7fa87c08fb00>: Failed to establish a new connection: [Errno -2] Name or service not known',))
'NoneType' object has no attribute 'find_all'
HTTPConnectionPool(host='www.dieei.unict.itcorsi', port=80): Max retries exceeded with url: /l-8-ele (Caused by NewConnectionError('<urllib3.connection.HTTPConnection object at 0x7fa8748b9630>: Failed to establish a new connection: [Errno -2] Name or service not known',))
HTTPConnectionPool(host='www.dieei.unict.itcorsi', port=80): Max retries exceeded with url: /l-9 (Caused by NewConnectionError('<urllib3.connection.HTTPConnection object at 0x7fa8748b9438>: Failed to establish a new connection: [Errno -2] Name or service not known',))
HTTPConnectionPool(host='www.dieei.unict.itcorsi', port=80): Max retries exceeded with url: /l-8-inf (Caused by NewConnectionError('<urllib3.connection.HTTPConnection object at 0x7fa8748b97f0>: Failed to establish a new connection: [Errno -2] Name or service not known',))
HTTPConnectionPool(host='www.dieei.unict.itcorsi', port=80): Max retries exceeded with url: /lm-25 (Caused by NewConnectionError('<urllib3.connection.HTTPConnection object at 0x7fa8748b94a8>: Failed to establish a new connection: [Errno -2] Name or service not known',))
HTTPConnectionPool(host='www.dieei.unict.itcorsi', port=80): Max retries exceeded with url: /lm-28 (Caused by NewConnectionError('<urllib3.connection.HTTPConnection object at 0x7fa8748b9f28>: Failed to establish a new connection: [Errno -2] Name or service not known',))
HTTPConnectionPool(host='www.dieei.unict.itcorsi', port=80): Max retries exceeded with url: /lm-29 (Caused by NewConnectionError('<urllib3.connection.HTTPConnection object at 0x7fa8748b9278>: Failed to establish a new connection: [Errno -2] Name or service not known',))
HTTPConnectionPool(host='www.dieei.unict.itcorsi', port=80): Max retries exceeded with url: /lm-27 (Caused by NewConnectionError('<urllib3.connection.HTTPConnection object at 0x7fa8748b9400>: Failed to establish a new connection: [Errno -2] Name or service not known',))
HTTPConnectionPool(host='www.dieei.unict.itcorsi', port=80): Max retries exceeded with url: /lm-32 (Caused by NewConnectionError('<urllib3.connection.HTTPConnection object at 0x7fa8748b9198>: Failed to establish a new connection: [Errno -2] Name or service not known',))
HTTPConnectionPool(host='www.dieei.unict.itcorsi', port=80): Max retries exceeded with url: /l-8-ele (Caused by NewConnectionError('<urllib3.connection.HTTPConnection object at 0x7fa87c0e8828>: Failed to establish a new connection: [Errno -2] Name or service not known',))
HTTPConnectionPool(host='www.dieei.unict.itcorsi', port=80): Max retries exceeded with url: /l-9 (Caused by NewConnectionError('<urllib3.connection.HTTPConnection object at 0x7fa8748b94e0>: Failed to establish a new connection: [Errno -2] Name or service not known',))
HTTPConnectionPool(host='www.dieei.unict.itcorsi', port=80): Max retries exceeded with url: /l-8-inf (Caused by NewConnectionError('<urllib3.connection.HTTPConnection object at 0x7fa87c0e8048>: Failed to establish a new connection: [Errno -2] Name or service not known',))
HTTPConnectionPool(host='www.dieei.unict.itcorsi', port=80): Max retries exceeded with url: /lm-25 (Caused by NewConnectionError('<urllib3.connection.HTTPConnection object at 0x7fa87c0e88d0>: Failed to establish a new connection: [Errno -2] Name or service not known',))
HTTPConnectionPool(host='www.dieei.unict.itcorsi', port=80): Max retries exceeded with url: /lm-28 (Caused by NewConnectionError('<urllib3.connection.HTTPConnection object at 0x7fa87c0e8940>: Failed to establish a new connection: [Errno -2] Name or service not known',))
HTTPConnectionPool(host='www.dieei.unict.itcorsi', port=80): Max retries exceeded with url: /lm-29 (Caused by NewConnectionError('<urllib3.connection.HTTPConnection object at 0x7fa87c0e8cf8>: Failed to establish a new connection: [Errno -2] Name or service not known',))
HTTPConnectionPool(host='www.dieei.unict.itcorsi', port=80): Max retries exceeded with url: /lm-27 (Caused by NewConnectionError('<urllib3.connection.HTTPConnection object at 0x7fa87c0e88d0>: Failed to establish a new connection: [Errno -2] Name or service not known',))
HTTPConnectionPool(host='www.dieei.unict.itcorsi', port=80): Max retries exceeded with url: /lm-32 (Caused by NewConnectionError('<urllib3.connection.HTTPConnection object at 0x7fa87c0e8940>: Failed to establish a new connection: [Errno -2] Name or service not known',))
HTTPConnectionPool(host='web.dmi.unict.itcorsi', port=80): Max retries exceeded with url: /l-31 (Caused by NewConnectionError('<urllib3.connection.HTTPConnection object at 0x7f6df816cd30>: Failed to establish a new connection: [Errno -2] Name or service not known',))
HTTPConnectionPool(host='web.dmi.unict.itcorsi', port=80): Max retries exceeded with url: /l-35 (Caused by NewConnectionError('<urllib3.connection.HTTPConnection object at 0x7f6df816cc88>: Failed to establish a new connection: [Errno -2] Name or service not known',))
HTTPConnectionPool(host='web.dmi.unict.itcorsi', port=80): Max retries exceeded with url: /lm-18 (Caused by NewConnectionError('<urllib3.connection.HTTPConnection object at 0x7f6df816c780>: Failed to establish a new connection: [Errno -2] Name or service not known',))
HTTPConnectionPool(host='web.dmi.unict.itcorsi', port=80): Max retries exceeded with url: /lm-40 (Caused by NewConnectionError('<urllib3.connection.HTTPConnection object at 0x7f6df816cfd0>: Failed to establish a new connection: [Errno -2] Name or service not known',))
'NoneType' object has no attribute 'find_all'
HTTPConnectionPool(host='web.dmi.unict.itcorsi', port=80): Max retries exceeded with url: /l-31 (Caused by NewConnectionError('<urllib3.connection.HTTPConnection object at 0x7f6df815cb00>: Failed to establish a new connection: [Errno -2] Name or service not known',))
HTTPConnectionPool(host='web.dmi.unict.itcorsi', port=80): Max retries exceeded with url: /l-35 (Caused by NewConnectionError('<urllib3.connection.HTTPConnection object at 0x7f6df815cb00>: Failed to establish a new connection: [Errno -2] Name or service not known',))
HTTPConnectionPool(host='web.dmi.unict.itcorsi', port=80): Max retries exceeded with url: /lm-18 (Caused by NewConnectionError('<urllib3.connection.HTTPConnection object at 0x7f6df815cb00>: Failed to establish a new connection: [Errno -2] Name or service not known',))
HTTPConnectionPool(host='web.dmi.unict.itcorsi', port=80): Max retries exceeded with url: /lm-40 (Caused by NewConnectionError('<urllib3.connection.HTTPConnection object at 0x7f6df815cb00>: Failed to establish a new connection: [Errno -2] Name or service not known',))
'NoneType' object has no attribute 'find_all'
HTTPConnectionPool(host='www.dieei.unict.itcorsi', port=80): Max retries exceeded with url: /l-8-ele (Caused by NewConnectionError('<urllib3.connection.HTTPConnection object at 0x7f6df03ee898>: Failed to establish a new connection: [Errno -2] Name or service not known',))
HTTPConnectionPool(host='www.dieei.unict.itcorsi', port=80): Max retries exceeded with url: /l-9 (Caused by NewConnectionError('<urllib3.connection.HTTPConnection object at 0x7f6df03ee710>: Failed to establish a new connection: [Errno -2] Name or service not known',))
HTTPConnectionPool(host='www.dieei.unict.itcorsi', port=80): Max retries exceeded with url: /l-8-inf (Caused by NewConnectionError('<urllib3.connection.HTTPConnection object at 0x7f6df03ee908>: Failed to establish a new connection: [Errno -2] Name or service not known',))
HTTPConnectionPool(host='www.dieei.unict.itcorsi', port=80): Max retries exceeded with url: /lm-25 (Caused by NewConnectionError('<urllib3.connection.HTTPConnection object at 0x7f6df03ee7b8>: Failed to establish a new connection: [Errno -2] Name or service not known',))
HTTPConnectionPool(host='www.dieei.unict.itcorsi', port=80): Max retries exceeded with url: /lm-28 (Caused by NewConnectionError('<urllib3.connection.HTTPConnection object at 0x7f6df052b240>: Failed to establish a new connection: [Errno -2] Name or service not known',))
HTTPConnectionPool(host='www.dieei.unict.itcorsi', port=80): Max retries exceeded with url: /lm-29 (Caused by NewConnectionError('<urllib3.connection.HTTPConnection object at 0x7f6df8096198>: Failed to establish a new connection: [Errno -2] Name or service not known',))
HTTPConnectionPool(host='www.dieei.unict.itcorsi', port=80): Max retries exceeded with url: /lm-27 (Caused by NewConnectionError('<urllib3.connection.HTTPConnection object at 0x7f6df814cef0>: Failed to establish a new connection: [Errno -2] Name or service not known',))
HTTPConnectionPool(host='www.dieei.unict.itcorsi', port=80): Max retries exceeded with url: /lm-32 (Caused by NewConnectionError('<urllib3.connection.HTTPConnection object at 0x7f6df814ca90>: Failed to establish a new connection: [Errno -2] Name or service not known',))
HTTPConnectionPool(host='www.dieei.unict.itcorsi', port=80): Max retries exceeded with url: /l-8-ele (Caused by NewConnectionError('<urllib3.connection.HTTPConnection object at 0x7f6df8060f60>: Failed to establish a new connection: [Errno -2] Name or service not known',))
HTTPConnectionPool(host='www.dieei.unict.itcorsi', port=80): Max retries exceeded with url: /l-9 (Caused by NewConnectionError('<urllib3.connection.HTTPConnection object at 0x7f6df8184438>: Failed to establish a new connection: [Errno -2] Name or service not known',))
HTTPConnectionPool(host='www.dieei.unict.itcorsi', port=80): Max retries exceeded with url: /l-8-inf (Caused by NewConnectionError('<urllib3.connection.HTTPConnection object at 0x7f6df0595550>: Failed to establish a new connection: [Errno -2] Name or service not known',))
HTTPConnectionPool(host='www.dieei.unict.itcorsi', port=80): Max retries exceeded with url: /lm-25 (Caused by NewConnectionError('<urllib3.connection.HTTPConnection object at 0x7f6df8060710>: Failed to establish a new connection: [Errno -2] Name or service not known',))
HTTPConnectionPool(host='www.dieei.unict.itcorsi', port=80): Max retries exceeded with url: /lm-28 (Caused by NewConnectionError('<urllib3.connection.HTTPConnection object at 0x7f6df80608d0>: Failed to establish a new connection: [Errno -2] Name or service not known',))
HTTPConnectionPool(host='www.dieei.unict.itcorsi', port=80): Max retries exceeded with url: /lm-29 (Caused by NewConnectionError('<urllib3.connection.HTTPConnection object at 0x7f6df8060588>: Failed to establish a new connection: [Errno -2] Name or service not known',))
HTTPConnectionPool(host='www.dieei.unict.itcorsi', port=80): Max retries exceeded with url: /lm-27 (Caused by NewConnectionError('<urllib3.connection.HTTPConnection object at 0x7f6df8060fd0>: Failed to establish a new connection: [Errno -2] Name or service not known',))
HTTPConnectionPool(host='www.dieei.unict.itcorsi', port=80): Max retries exceeded with url: /lm-32 (Caused by NewConnectionError('<urllib3.connection.HTTPConnection object at 0x7f6df8060710>: Failed to establish a new connection: [Errno -2] Name or service not known',))
HTTPConnectionPool(host='web.dmi.unict.itcorsi', port=80): Max retries exceeded with url: /l-31 (Caused by NewConnectionError('<urllib3.connection.HTTPConnection object at 0x7f6a14675f28>: Failed to establish a new connection: [Errno -2] Name or service not known',))
HTTPConnectionPool(host='web.dmi.unict.itcorsi', port=80): Max retries exceeded with url: /l-35 (Caused by NewConnectionError('<urllib3.connection.HTTPConnection object at 0x7f6a14675eb8>: Failed to establish a new connection: [Errno -2] Name or service not known',))
HTTPConnectionPool(host='web.dmi.unict.itcorsi', port=80): Max retries exceeded with url: /lm-18 (Caused by NewConnectionError('<urllib3.connection.HTTPConnection object at 0x7f6a14675fd0>: Failed to establish a new connection: [Errno -2] Name or service not known',))
HTTPConnectionPool(host='web.dmi.unict.itcorsi', port=80): Max retries exceeded with url: /lm-40 (Caused by NewConnectionError('<urllib3.connection.HTTPConnection object at 0x7f6a14675f28>: Failed to establish a new connection: [Errno -2] Name or service not known',))
'NoneType' object has no attribute 'find_all'
HTTPConnectionPool(host='web.dmi.unict.itcorsi', port=80): Max retries exceeded with url: /l-31 (Caused by NewConnectionError('<urllib3.connection.HTTPConnection object at 0x7f6a1464da58>: Failed to establish a new connection: [Errno -2] Name or service not known',))
HTTPConnectionPool(host='web.dmi.unict.itcorsi', port=80): Max retries exceeded with url: /l-35 (Caused by NewConnectionError('<urllib3.connection.HTTPConnection object at 0x7f6a1464dbe0>: Failed to establish a new connection: [Errno -2] Name or service not known',))
HTTPConnectionPool(host='web.dmi.unict.itcorsi', port=80): Max retries exceeded with url: /lm-18 (Caused by NewConnectionError('<urllib3.connection.HTTPConnection object at 0x7f6a1464da90>: Failed to establish a new connection: [Errno -2] Name or service not known',))
HTTPConnectionPool(host='web.dmi.unict.itcorsi', port=80): Max retries exceeded with url: /lm-40 (Caused by NewConnectionError('<urllib3.connection.HTTPConnection object at 0x7f6a1464da58>: Failed to establish a new connection: [Errno -2] Name or service not known',))
'NoneType' object has no attribute 'find_all'
HTTPConnectionPool(host='www.dieei.unict.itcorsi', port=80): Max retries exceeded with url: /l-8-ele (Caused by NewConnectionError('<urllib3.connection.HTTPConnection object at 0x7f6a145397f0>: Failed to establish a new connection: [Errno -2] Name or service not known',))
HTTPConnectionPool(host='www.dieei.unict.itcorsi', port=80): Max retries exceeded with url: /l-9 (Caused by NewConnectionError('<urllib3.connection.HTTPConnection object at 0x7f6a14539668>: Failed to establish a new connection: [Errno -2] Name or service not known',))
HTTPConnectionPool(host='www.dieei.unict.itcorsi', port=80): Max retries exceeded with url: /l-8-inf (Caused by NewConnectionError('<urllib3.connection.HTTPConnection object at 0x7f6a14539860>: Failed to establish a new connection: [Errno -2] Name or service not known',))
HTTPConnectionPool(host='www.dieei.unict.itcorsi', port=80): Max retries exceeded with url: /lm-25 (Caused by NewConnectionError('<urllib3.connection.HTTPConnection object at 0x7f6a14539710>: Failed to establish a new connection: [Errno -2] Name or service not known',))
HTTPConnectionPool(host='www.dieei.unict.itcorsi', port=80): Max retries exceeded with url: /lm-28 (Caused by NewConnectionError('<urllib3.connection.HTTPConnection object at 0x7f6a144cb978>: Failed to establish a new connection: [Errno -2] Name or service not known',))
HTTPConnectionPool(host='www.dieei.unict.itcorsi', port=80): Max retries exceeded with url: /lm-29 (Caused by NewConnectionError('<urllib3.connection.HTTPConnection object at 0x7f6a14527668>: Failed to establish a new connection: [Errno -2] Name or service not known',))
HTTPConnectionPool(host='www.dieei.unict.itcorsi', port=80): Max retries exceeded with url: /lm-27 (Caused by NewConnectionError('<urllib3.connection.HTTPConnection object at 0x7f6a14527c88>: Failed to establish a new connection: [Errno -2] Name or service not known',))
HTTPConnectionPool(host='www.dieei.unict.itcorsi', port=80): Max retries exceeded with url: /lm-32 (Caused by NewConnectionError('<urllib3.connection.HTTPConnection object at 0x7f6a145276d8>: Failed to establish a new connection: [Errno -2] Name or service not known',))
HTTPConnectionPool(host='www.dieei.unict.itcorsi', port=80): Max retries exceeded with url: /l-8-ele (Caused by NewConnectionError('<urllib3.connection.HTTPConnection object at 0x7f6a165ccb38>: Failed to establish a new connection: [Errno -2] Name or service not known',))
HTTPConnectionPool(host='www.dieei.unict.itcorsi', port=80): Max retries exceeded with url: /l-9 (Caused by NewConnectionError('<urllib3.connection.HTTPConnection object at 0x7f6a143231d0>: Failed to establish a new connection: [Errno -2] Name or service not known',))
HTTPConnectionPool(host='www.dieei.unict.itcorsi', port=80): Max retries exceeded with url: /l-8-inf (Caused by NewConnectionError('<urllib3.connection.HTTPConnection object at 0x7f6a14212048>: Failed to establish a new connection: [Errno -2] Name or service not known',))
HTTPConnectionPool(host='www.dieei.unict.itcorsi', port=80): Max retries exceeded with url: /lm-25 (Caused by NewConnectionError('<urllib3.connection.HTTPConnection object at 0x7f6a14542828>: Failed to establish a new connection: [Errno -2] Name or service not known',))
HTTPConnectionPool(host='www.dieei.unict.itcorsi', port=80): Max retries exceeded with url: /lm-28 (Caused by NewConnectionError('<urllib3.connection.HTTPConnection object at 0x7f6a145279e8>: Failed to establish a new connection: [Errno -2] Name or service not known',))
HTTPConnectionPool(host='www.dieei.unict.itcorsi', port=80): Max retries exceeded with url: /lm-29 (Caused by NewConnectionError('<urllib3.connection.HTTPConnection object at 0x7f6a1430f6d8>: Failed to establish a new connection: [Errno -2] Name or service not known',))
HTTPConnectionPool(host='www.dieei.unict.itcorsi', port=80): Max retries exceeded with url: /lm-27 (Caused by NewConnectionError('<urllib3.connection.HTTPConnection object at 0x7f6a143845f8>: Failed to establish a new connection: [Errno -2] Name or service not known',))
HTTPConnectionPool(host='www.dieei.unict.itcorsi', port=80): Max retries exceeded with url: /lm-32 (Caused by NewConnectionError('<urllib3.connection.HTTPConnection object at 0x7f6a1430f6d8>: Failed to establish a new connection: [Errno -2] Name or service not known',))
HTTPConnectionPool(host='web.dmi.unict.itcorsi', port=80): Max retries exceeded with url: /l-31 (Caused by NewConnectionError('<urllib3.connection.HTTPConnection object at 0x7f98a45644e0>: Failed to establish a new connection: [Errno -2] Name or service not known',))
HTTPConnectionPool(host='web.dmi.unict.itcorsi', port=80): Max retries exceeded with url: /l-35 (Caused by NewConnectionError('<urllib3.connection.HTTPConnection object at 0x7f98a45644a8>: Failed to establish a new connection: [Errno -2] Name or service not known',))
HTTPConnectionPool(host='web.dmi.unict.itcorsi', port=80): Max retries exceeded with url: /lm-18 (Caused by NewConnectionError('<urllib3.connection.HTTPConnection object at 0x7f98a4564390>: Failed to establish a new connection: [Errno -2] Name or service not known',))
HTTPConnectionPool(host='web.dmi.unict.itcorsi', port=80): Max retries exceeded with url: /lm-40 (Caused by NewConnectionError('<urllib3.connection.HTTPConnection object at 0x7f98a4564550>: Failed to establish a new connection: [Errno -2] Name or service not known',))
'NoneType' object has no attribute 'find_all'
HTTPConnectionPool(host='web.dmi.unict.itcorsi', port=80): Max retries exceeded with url: /l-31 (Caused by NewConnectionError('<urllib3.connection.HTTPConnection object at 0x7f98a4522ac8>: Failed to establish a new connection: [Errno -2] Name or service not known',))
HTTPConnectionPool(host='web.dmi.unict.itcorsi', port=80): Max retries exceeded with url: /l-35 (Caused by NewConnectionError('<urllib3.connection.HTTPConnection object at 0x7f98a4522b38>: Failed to establish a new connection: [Errno -2] Name or service not known',))
HTTPConnectionPool(host='web.dmi.unict.itcorsi', port=80): Max retries exceeded with url: /lm-18 (Caused by NewConnectionError('<urllib3.connection.HTTPConnection object at 0x7f98a4522ac8>: Failed to establish a new connection: [Errno -2] Name or service not known',))
HTTPConnectionPool(host='web.dmi.unict.itcorsi', port=80): Max retries exceeded with url: /lm-40 (Caused by NewConnectionError('<urllib3.connection.HTTPConnection object at 0x7f98a4522b38>: Failed to establish a new connection: [Errno -2] Name or service not known',))
'NoneType' object has no attribute 'find_all'
HTTPConnectionPool(host='www.dieei.unict.itcorsi', port=80): Max retries exceeded with url: /l-8-ele (Caused by NewConnectionError('<urllib3.connection.HTTPConnection object at 0x7f98a4225860>: Failed to establish a new connection: [Errno -2] Name or service not known',))
HTTPConnectionPool(host='www.dieei.unict.itcorsi', port=80): Max retries exceeded with url: /l-9 (Caused by NewConnectionError('<urllib3.connection.HTTPConnection object at 0x7f98a42256d8>: Failed to establish a new connection: [Errno -2] Name or service not known',))
HTTPConnectionPool(host='www.dieei.unict.itcorsi', port=80): Max retries exceeded with url: /l-8-inf (Caused by NewConnectionError('<urllib3.connection.HTTPConnection object at 0x7f98a42258d0>: Failed to establish a new connection: [Errno -2] Name or service not known',))
HTTPConnectionPool(host='www.dieei.unict.itcorsi', port=80): Max retries exceeded with url: /lm-25 (Caused by NewConnectionError('<urllib3.connection.HTTPConnection object at 0x7f98a4225780>: Failed to establish a new connection: [Errno -2] Name or service not known',))
HTTPConnectionPool(host='www.dieei.unict.itcorsi', port=80): Max retries exceeded with url: /lm-28 (Caused by NewConnectionError('<urllib3.connection.HTTPConnection object at 0x7f98a4506160>: Failed to establish a new connection: [Errno -2] Name or service not known',))
HTTPConnectionPool(host='www.dieei.unict.itcorsi', port=80): Max retries exceeded with url: /lm-29 (Caused by NewConnectionError('<urllib3.connection.HTTPConnection object at 0x7f98a43ed710>: Failed to establish a new connection: [Errno -2] Name or service not known',))
HTTPConnectionPool(host='www.dieei.unict.itcorsi', port=80): Max retries exceeded with url: /lm-27 (Caused by NewConnectionError('<urllib3.connection.HTTPConnection object at 0x7f98a43edcf8>: Failed to establish a new connection: [Errno -2] Name or service not known',))
HTTPConnectionPool(host='www.dieei.unict.itcorsi', port=80): Max retries exceeded with url: /lm-32 (Caused by NewConnectionError('<urllib3.connection.HTTPConnection object at 0x7f98a43ed748>: Failed to establish a new connection: [Errno -2] Name or service not known',))
HTTPConnectionPool(host='www.dieei.unict.itcorsi', port=80): Max retries exceeded with url: /l-8-ele (Caused by NewConnectionError('<urllib3.connection.HTTPConnection object at 0x7f98a45a8da0>: Failed to establish a new connection: [Errno -2] Name or service not known',))
HTTPConnectionPool(host='www.dieei.unict.itcorsi', port=80): Max retries exceeded with url: /l-9 (Caused by NewConnectionError('<urllib3.connection.HTTPConnection object at 0x7f98a43d7c50>: Failed to establish a new connection: [Errno -2] Name or service not known',))
HTTPConnectionPool(host='www.dieei.unict.itcorsi', port=80): Max retries exceeded with url: /l-8-inf (Caused by NewConnectionError('<urllib3.connection.HTTPConnection object at 0x7f98a4470710>: Failed to establish a new connection: [Errno -2] Name or service not known',))
HTTPConnectionPool(host='www.dieei.unict.itcorsi', port=80): Max retries exceeded with url: /lm-25 (Caused by NewConnectionError('<urllib3.connection.HTTPConnection object at 0x7f98a4565630>: Failed to establish a new connection: [Errno -2] Name or service not known',))
HTTPConnectionPool(host='www.dieei.unict.itcorsi', port=80): Max retries exceeded with url: /lm-28 (Caused by NewConnectionError('<urllib3.connection.HTTPConnection object at 0x7f98a45659b0>: Failed to establish a new connection: [Errno -2] Name or service not known',))
HTTPConnectionPool(host='www.dieei.unict.itcorsi', port=80): Max retries exceeded with url: /lm-29 (Caused by NewConnectionError('<urllib3.connection.HTTPConnection object at 0x7f98a4487d68>: Failed to establish a new connection: [Errno -2] Name or service not known',))
HTTPConnectionPool(host='www.dieei.unict.itcorsi', port=80): Max retries exceeded with url: /lm-27 (Caused by NewConnectionError('<urllib3.connection.HTTPConnection object at 0x7f98a4565e48>: Failed to establish a new connection: [Errno -2] Name or service not known',))
HTTPConnectionPool(host='www.dieei.unict.itcorsi', port=80): Max retries exceeded with url: /lm-32 (Caused by NewConnectionError('<urllib3.connection.HTTPConnection object at 0x7f98a4487cc0>: Failed to establish a new connection: [Errno -2] Name or service not known',))
HTTPConnectionPool(host='web.dmi.unict.itcorsi', port=80): Max retries exceeded with url: /l-31 (Caused by NewConnectionError('<urllib3.connection.HTTPConnection object at 0x7f074829f550>: Failed to establish a new connection: [Errno -2] Name or service not known',))
HTTPConnectionPool(host='web.dmi.unict.itcorsi', port=80): Max retries exceeded with url: /l-35 (Caused by NewConnectionError('<urllib3.connection.HTTPConnection object at 0x7f074829f5f8>: Failed to establish a new connection: [Errno -2] Name or service not known',))
HTTPConnectionPool(host='web.dmi.unict.itcorsi', port=80): Max retries exceeded with url: /lm-18 (Caused by NewConnectionError('<urllib3.connection.HTTPConnection object at 0x7f074829f2b0>: Failed to establish a new connection: [Errno -2] Name or service not known',))
HTTPConnectionPool(host='web.dmi.unict.itcorsi', port=80): Max retries exceeded with url: /lm-40 (Caused by NewConnectionError('<urllib3.connection.HTTPConnection object at 0x7f074829f2e8>: Failed to establish a new connection: [Errno -2] Name or service not known',))
'NoneType' object has no attribute 'find_all'
HTTPConnectionPool(host='web.dmi.unict.itcorsi', port=80): Max retries exceeded with url: /l-31 (Caused by NewConnectionError('<urllib3.connection.HTTPConnection object at 0x7f074825cb38>: Failed to establish a new connection: [Errno -2] Name or service not known',))
HTTPConnectionPool(host='web.dmi.unict.itcorsi', port=80): Max retries exceeded with url: /l-35 (Caused by NewConnectionError('<urllib3.connection.HTTPConnection object at 0x7f074825cb38>: Failed to establish a new connection: [Errno -2] Name or service not known',))
HTTPConnectionPool(host='web.dmi.unict.itcorsi', port=80): Max retries exceeded with url: /lm-18 (Caused by NewConnectionError('<urllib3.connection.HTTPConnection object at 0x7f074825cb38>: Failed to establish a new connection: [Errno -2] Name or service not known',))
HTTPConnectionPool(host='web.dmi.unict.itcorsi', port=80): Max retries exceeded with url: /lm-40 (Caused by NewConnectionError('<urllib3.connection.HTTPConnection object at 0x7f074825cb38>: Failed to establish a new connection: [Errno -2] Name or service not known',))
'NoneType' object has no attribute 'find_all'
HTTPConnectionPool(host='www.dieei.unict.itcorsi', port=80): Max retries exceeded with url: /l-8-ele (Caused by NewConnectionError('<urllib3.connection.HTTPConnection object at 0x7f0748153908>: Failed to establish a new connection: [Errno -2] Name or service not known',))
HTTPConnectionPool(host='www.dieei.unict.itcorsi', port=80): Max retries exceeded with url: /l-9 (Caused by NewConnectionError('<urllib3.connection.HTTPConnection object at 0x7f0748153d68>: Failed to establish a new connection: [Errno -2] Name or service not known',))
HTTPConnectionPool(host='www.dieei.unict.itcorsi', port=80): Max retries exceeded with url: /l-8-inf (Caused by NewConnectionError('<urllib3.connection.HTTPConnection object at 0x7f0748153550>: Failed to establish a new connection: [Errno -2] Name or service not known',))
HTTPConnectionPool(host='www.dieei.unict.itcorsi', port=80): Max retries exceeded with url: /lm-25 (Caused by NewConnectionError('<urllib3.connection.HTTPConnection object at 0x7f0748153278>: Failed to establish a new connection: [Errno -2] Name or service not known',))
HTTPConnectionPool(host='www.dieei.unict.itcorsi', port=80): Max retries exceeded with url: /lm-28 (Caused by NewConnectionError('<urllib3.connection.HTTPConnection object at 0x7f07481d5e80>: Failed to establish a new connection: [Errno -2] Name or service not known',))
HTTPConnectionPool(host='www.dieei.unict.itcorsi', port=80): Max retries exceeded with url: /lm-29 (Caused by NewConnectionError('<urllib3.connection.HTTPConnection object at 0x7f07499e6d68>: Failed to establish a new connection: [Errno -2] Name or service not known',))
HTTPConnectionPool(host='www.dieei.unict.itcorsi', port=80): Max retries exceeded with url: /lm-27 (Caused by NewConnectionError('<urllib3.connection.HTTPConnection object at 0x7f0748135c88>: Failed to establish a new connection: [Errno -2] Name or service not known',))
HTTPConnectionPool(host='www.dieei.unict.itcorsi', port=80): Max retries exceeded with url: /lm-32 (Caused by NewConnectionError('<urllib3.connection.HTTPConnection object at 0x7f07481356a0>: Failed to establish a new connection: [Errno -2] Name or service not known',))
HTTPConnectionPool(host='www.dieei.unict.itcorsi', port=80): Max retries exceeded with url: /l-8-ele (Caused by NewConnectionError('<urllib3.connection.HTTPConnection object at 0x7f0740ecaba8>: Failed to establish a new connection: [Errno -2] Name or service not known',))
HTTPConnectionPool(host='www.dieei.unict.itcorsi', port=80): Max retries exceeded with url: /l-9 (Caused by NewConnectionError('<urllib3.connection.HTTPConnection object at 0x7f0740e575c0>: Failed to establish a new connection: [Errno -2] Name or service not known',))
HTTPConnectionPool(host='www.dieei.unict.itcorsi', port=80): Max retries exceeded with url: /l-8-inf (Caused by NewConnectionError('<urllib3.connection.HTTPConnection object at 0x7f0748123be0>: Failed to establish a new connection: [Errno -2] Name or service not known',))
HTTPConnectionPool(host='www.dieei.unict.itcorsi', port=80): Max retries exceeded with url: /lm-25 (Caused by NewConnectionError('<urllib3.connection.HTTPConnection object at 0x7f0740e57a20>: Failed to establish a new connection: [Errno -2] Name or service not known',))
HTTPConnectionPool(host='www.dieei.unict.itcorsi', port=80): Max retries exceeded with url: /lm-28 (Caused by NewConnectionError('<urllib3.connection.HTTPConnection object at 0x7f07499ee048>: Failed to establish a new connection: [Errno -2] Name or service not known',))
HTTPConnectionPool(host='www.dieei.unict.itcorsi', port=80): Max retries exceeded with url: /lm-29 (Caused by NewConnectionError('<urllib3.connection.HTTPConnection object at 0x7f0740e57a20>: Failed to establish a new connection: [Errno -2] Name or service not known',))
HTTPConnectionPool(host='www.dieei.unict.itcorsi', port=80): Max retries exceeded with url: /lm-27 (Caused by NewConnectionError('<urllib3.connection.HTTPConnection object at 0x7f0748135e48>: Failed to establish a new connection: [Errno -2] Name or service not known',))
HTTPConnectionPool(host='www.dieei.unict.itcorsi', port=80): Max retries exceeded with url: /lm-32 (Caused by NewConnectionError('<urllib3.connection.HTTPConnection object at 0x7f0740e57a20>: Failed to establish a new connection: [Errno -2] Name or service not known',))
HTTPConnectionPool(host='web.dmi.unict.itcorsi', port=80): Max retries exceeded with url: /l-31 (Caused by NewConnectionError('<urllib3.connection.HTTPConnection object at 0x7f5ff43d4518>: Failed to establish a new connection: [Errno -2] Name or service not known',))
HTTPConnectionPool(host='web.dmi.unict.itcorsi', port=80): Max retries exceeded with url: /l-35 (Caused by NewConnectionError('<urllib3.connection.HTTPConnection object at 0x7f5ff43d45c0>: Failed to establish a new connection: [Errno -2] Name or service not known',))
HTTPConnectionPool(host='web.dmi.unict.itcorsi', port=80): Max retries exceeded with url: /lm-18 (Caused by NewConnectionError('<urllib3.connection.HTTPConnection object at 0x7f5ff43d4278>: Failed to establish a new connection: [Errno -2] Name or service not known',))
HTTPConnectionPool(host='web.dmi.unict.itcorsi', port=80): Max retries exceeded with url: /lm-40 (Caused by NewConnectionError('<urllib3.connection.HTTPConnection object at 0x7f5ff43d42b0>: Failed to establish a new connection: [Errno -2] Name or service not known',))
'NoneType' object has no attribute 'find_all'
HTTPConnectionPool(host='web.dmi.unict.itcorsi', port=80): Max retries exceeded with url: /l-31 (Caused by NewConnectionError('<urllib3.connection.HTTPConnection object at 0x7f5ff43acb00>: Failed to establish a new connection: [Errno -2] Name or service not known',))
HTTPConnectionPool(host='web.dmi.unict.itcorsi', port=80): Max retries exceeded with url: /l-35 (Caused by NewConnectionError('<urllib3.connection.HTTPConnection object at 0x7f5ff43acb00>: Failed to establish a new connection: [Errno -2] Name or service not known',))
HTTPConnectionPool(host='web.dmi.unict.itcorsi', port=80): Max retries exceeded with url: /lm-18 (Caused by NewConnectionError('<urllib3.connection.HTTPConnection object at 0x7f5ff43acb00>: Failed to establish a new connection: [Errno -2] Name or service not known',))
HTTPConnectionPool(host='web.dmi.unict.itcorsi', port=80): Max retries exceeded with url: /lm-40 (Caused by NewConnectionError('<urllib3.connection.HTTPConnection object at 0x7f5ff43acb00>: Failed to establish a new connection: [Errno -2] Name or service not known',))
'NoneType' object has no attribute 'find_all'
HTTPConnectionPool(host='www.dieei.unict.itcorsi', port=80): Max retries exceeded with url: /l-8-ele (Caused by NewConnectionError('<urllib3.connection.HTTPConnection object at 0x7f5ff4085898>: Failed to establish a new connection: [Errno -2] Name or service not known',))
HTTPConnectionPool(host='www.dieei.unict.itcorsi', port=80): Max retries exceeded with url: /l-9 (Caused by NewConnectionError('<urllib3.connection.HTTPConnection object at 0x7f5ff4085710>: Failed to establish a new connection: [Errno -2] Name or service not known',))
HTTPConnectionPool(host='www.dieei.unict.itcorsi', port=80): Max retries exceeded with url: /l-8-inf (Caused by NewConnectionError('<urllib3.connection.HTTPConnection object at 0x7f5ff4085908>: Failed to establish a new connection: [Errno -2] Name or service not known',))
HTTPConnectionPool(host='www.dieei.unict.itcorsi', port=80): Max retries exceeded with url: /lm-25 (Caused by NewConnectionError('<urllib3.connection.HTTPConnection object at 0x7f5ff40857b8>: Failed to establish a new connection: [Errno -2] Name or service not known',))
HTTPConnectionPool(host='www.dieei.unict.itcorsi', port=80): Max retries exceeded with url: /lm-28 (Caused by NewConnectionError('<urllib3.connection.HTTPConnection object at 0x7f5ff4243e48>: Failed to establish a new connection: [Errno -2] Name or service not known',))
HTTPConnectionPool(host='www.dieei.unict.itcorsi', port=80): Max retries exceeded with url: /lm-29 (Caused by NewConnectionError('<urllib3.connection.HTTPConnection object at 0x7f5ff427c0b8>: Failed to establish a new connection: [Errno -2] Name or service not known',))
HTTPConnectionPool(host='www.dieei.unict.itcorsi', port=80): Max retries exceeded with url: /lm-27 (Caused by NewConnectionError('<urllib3.connection.HTTPConnection object at 0x7f5ff4134ef0>: Failed to establish a new connection: [Errno -2] Name or service not known',))
HTTPConnectionPool(host='www.dieei.unict.itcorsi', port=80): Max retries exceeded with url: /lm-32 (Caused by NewConnectionError('<urllib3.connection.HTTPConnection object at 0x7f5ff4134a90>: Failed to establish a new connection: [Errno -2] Name or service not known',))
HTTPConnectionPool(host='www.dieei.unict.itcorsi', port=80): Max retries exceeded with url: /l-8-ele (Caused by NewConnectionError('<urllib3.connection.HTTPConnection object at 0x7f5ff4373d30>: Failed to establish a new connection: [Errno -2] Name or service not known',))
HTTPConnectionPool(host='www.dieei.unict.itcorsi', port=80): Max retries exceeded with url: /l-9 (Caused by NewConnectionError('<urllib3.connection.HTTPConnection object at 0x7f5ff427bb70>: Failed to establish a new connection: [Errno -2] Name or service not known',))
HTTPConnectionPool(host='www.dieei.unict.itcorsi', port=80): Max retries exceeded with url: /l-8-inf (Caused by NewConnectionError('<urllib3.connection.HTTPConnection object at 0x7f5ff4134b00>: Failed to establish a new connection: [Errno -2] Name or service not known',))
HTTPConnectionPool(host='www.dieei.unict.itcorsi', port=80): Max retries exceeded with url: /lm-25 (Caused by NewConnectionError('<urllib3.connection.HTTPConnection object at 0x7f5fecfd5668>: Failed to establish a new connection: [Errno -2] Name or service not known',))
HTTPConnectionPool(host='www.dieei.unict.itcorsi', port=80): Max retries exceeded with url: /lm-28 (Caused by NewConnectionError('<urllib3.connection.HTTPConnection object at 0x7f5ff4136550>: Failed to establish a new connection: [Errno -2] Name or service not known',))
HTTPConnectionPool(host='www.dieei.unict.itcorsi', port=80): Max retries exceeded with url: /lm-29 (Caused by NewConnectionError('<urllib3.connection.HTTPConnection object at 0x7f5ff43733c8>: Failed to establish a new connection: [Errno -2] Name or service not known',))
HTTPConnectionPool(host='www.dieei.unict.itcorsi', port=80): Max retries exceeded with url: /lm-27 (Caused by NewConnectionError('<urllib3.connection.HTTPConnection object at 0x7f5ff4373240>: Failed to establish a new connection: [Errno -2] Name or service not known',))
HTTPConnectionPool(host='www.dieei.unict.itcorsi', port=80): Max retries exceeded with url: /lm-32 (Caused by NewConnectionError('<urllib3.connection.HTTPConnection object at 0x7f5ff4373c88>: Failed to establish a new connection: [Errno -2] Name or service not known',))
HTTPConnectionPool(host='web.dmi.unict.itcorsi', port=80): Max retries exceeded with url: /l-31 (Caused by NewConnectionError('<urllib3.connection.HTTPConnection object at 0x7f8d843184e0>: Failed to establish a new connection: [Errno -2] Name or service not known',))
HTTPConnectionPool(host='web.dmi.unict.itcorsi', port=80): Max retries exceeded with url: /l-35 (Caused by NewConnectionError('<urllib3.connection.HTTPConnection object at 0x7f8d84318588>: Failed to establish a new connection: [Errno -2] Name or service not known',))
HTTPConnectionPool(host='web.dmi.unict.itcorsi', port=80): Max retries exceeded with url: /lm-18 (Caused by NewConnectionError('<urllib3.connection.HTTPConnection object at 0x7f8d84318240>: Failed to establish a new connection: [Errno -2] Name or service not known',))
HTTPConnectionPool(host='web.dmi.unict.itcorsi', port=80): Max retries exceeded with url: /lm-40 (Caused by NewConnectionError('<urllib3.connection.HTTPConnection object at 0x7f8d84318278>: Failed to establish a new connection: [Errno -2] Name or service not known',))
'NoneType' object has no attribute 'find_all'
HTTPConnectionPool(host='web.dmi.unict.itcorsi', port=80): Max retries exceeded with url: /l-31 (Caused by NewConnectionError('<urllib3.connection.HTTPConnection object at 0x7f8d842f67f0>: Failed to establish a new connection: [Errno -2] Name or service not known',))
HTTPConnectionPool(host='web.dmi.unict.itcorsi', port=80): Max retries exceeded with url: /l-35 (Caused by NewConnectionError('<urllib3.connection.HTTPConnection object at 0x7f8d842f6be0>: Failed to establish a new connection: [Errno -2] Name or service not known',))
HTTPConnectionPool(host='web.dmi.unict.itcorsi', port=80): Max retries exceeded with url: /lm-18 (Caused by NewConnectionError('<urllib3.connection.HTTPConnection object at 0x7f8d842f6cf8>: Failed to establish a new connection: [Errno -2] Name or service not known',))
HTTPConnectionPool(host='web.dmi.unict.itcorsi', port=80): Max retries exceeded with url: /lm-40 (Caused by NewConnectionError('<urllib3.connection.HTTPConnection object at 0x7f8d842f6940>: Failed to establish a new connection: [Errno -2] Name or service not known',))
'NoneType' object has no attribute 'find_all'
HTTPConnectionPool(host='www.dieei.unict.itcorsi', port=80): Max retries exceeded with url: /l-8-ele (Caused by NewConnectionError('<urllib3.connection.HTTPConnection object at 0x7f8d75fd2860>: Failed to establish a new connection: [Errno -2] Name or service not known',))
HTTPConnectionPool(host='www.dieei.unict.itcorsi', port=80): Max retries exceeded with url: /l-9 (Caused by NewConnectionError('<urllib3.connection.HTTPConnection object at 0x7f8d75fd2518>: Failed to establish a new connection: [Errno -2] Name or service not known',))
HTTPConnectionPool(host='www.dieei.unict.itcorsi', port=80): Max retries exceeded with url: /l-8-inf (Caused by NewConnectionError('<urllib3.connection.HTTPConnection object at 0x7f8d75fd28d0>: Failed to establish a new connection: [Errno -2] Name or service not known',))
HTTPConnectionPool(host='www.dieei.unict.itcorsi', port=80): Max retries exceeded with url: /lm-25 (Caused by NewConnectionError('<urllib3.connection.HTTPConnection object at 0x7f8d75fd2748>: Failed to establish a new connection: [Errno -2] Name or service not known',))
HTTPConnectionPool(host='www.dieei.unict.itcorsi', port=80): Max retries exceeded with url: /lm-28 (Caused by NewConnectionError('<urllib3.connection.HTTPConnection object at 0x7f8d84079ef0>: Failed to establish a new connection: [Errno -2] Name or service not known',))
HTTPConnectionPool(host='www.dieei.unict.itcorsi', port=80): Max retries exceeded with url: /lm-29 (Caused by NewConnectionError('<urllib3.connection.HTTPConnection object at 0x7f8d841b8eb8>: Failed to establish a new connection: [Errno -2] Name or service not known',))
HTTPConnectionPool(host='www.dieei.unict.itcorsi', port=80): Max retries exceeded with url: /lm-27 (Caused by NewConnectionError('<urllib3.connection.HTTPConnection object at 0x7f8d841b8f28>: Failed to establish a new connection: [Errno -2] Name or service not known',))
HTTPConnectionPool(host='www.dieei.unict.itcorsi', port=80): Max retries exceeded with url: /lm-32 (Caused by NewConnectionError('<urllib3.connection.HTTPConnection object at 0x7f8d841b8748>: Failed to establish a new connection: [Errno -2] Name or service not known',))
HTTPConnectionPool(host='www.dieei.unict.itcorsi', port=80): Max retries exceeded with url: /l-8-ele (Caused by NewConnectionError('<urllib3.connection.HTTPConnection object at 0x7f8d86a6e588>: Failed to establish a new connection: [Errno -2] Name or service not known',))
HTTPConnectionPool(host='www.dieei.unict.itcorsi', port=80): Max retries exceeded with url: /l-9 (Caused by NewConnectionError('<urllib3.connection.HTTPConnection object at 0x7f8d86a47860>: Failed to establish a new connection: [Errno -2] Name or service not known',))
HTTPConnectionPool(host='www.dieei.unict.itcorsi', port=80): Max retries exceeded with url: /l-8-inf (Caused by NewConnectionError('<urllib3.connection.HTTPConnection object at 0x7f8d86a47a58>: Failed to establish a new connection: [Errno -2] Name or service not known',))
HTTPConnectionPool(host='www.dieei.unict.itcorsi', port=80): Max retries exceeded with url: /lm-25 (Caused by NewConnectionError('<urllib3.connection.HTTPConnection object at 0x7f8d86a47f60>: Failed to establish a new connection: [Errno -2] Name or service not known',))
HTTPConnectionPool(host='www.dieei.unict.itcorsi', port=80): Max retries exceeded with url: /lm-28 (Caused by NewConnectionError('<urllib3.connection.HTTPConnection object at 0x7f8d86a47f28>: Failed to establish a new connection: [Errno -2] Name or service not known',))
HTTPConnectionPool(host='www.dieei.unict.itcorsi', port=80): Max retries exceeded with url: /lm-29 (Caused by NewConnectionError('<urllib3.connection.HTTPConnection object at 0x7f8d86a47c88>: Failed to establish a new connection: [Errno -2] Name or service not known',))
HTTPConnectionPool(host='www.dieei.unict.itcorsi', port=80): Max retries exceeded with url: /lm-27 (Caused by NewConnectionError('<urllib3.connection.HTTPConnection object at 0x7f8d86a47f28>: Failed to establish a new connection: [Errno -2] Name or service not known',))
HTTPConnectionPool(host='www.dieei.unict.itcorsi', port=80): Max retries exceeded with url: /lm-32 (Caused by NewConnectionError('<urllib3.connection.HTTPConnection object at 0x7f8d86a47048>: Failed to establish a new connection: [Errno -2] Name or service not known',))
HTTPConnectionPool(host='web.dmi.unict.itcorsi', port=80): Max retries exceeded with url: /l-31 (Caused by NewConnectionError('<urllib3.connection.HTTPConnection object at 0x7efdb813bf98>: Failed to establish a new connection: [Errno -2] Name or service not known',))
HTTPConnectionPool(host='web.dmi.unict.itcorsi', port=80): Max retries exceeded with url: /l-35 (Caused by NewConnectionError('<urllib3.connection.HTTPConnection object at 0x7efdb813bef0>: Failed to establish a new connection: [Errno -2] Name or service not known',))
HTTPConnectionPool(host='web.dmi.unict.itcorsi', port=80): Max retries exceeded with url: /lm-18 (Caused by NewConnectionError('<urllib3.connection.HTTPConnection object at 0x7efdb813bfd0>: Failed to establish a new connection: [Errno -2] Name or service not known',))
HTTPConnectionPool(host='web.dmi.unict.itcorsi', port=80): Max retries exceeded with url: /lm-40 (Caused by NewConnectionError('<urllib3.connection.HTTPConnection object at 0x7efdb813bf98>: Failed to establish a new connection: [Errno -2] Name or service not known',))
'NoneType' object has no attribute 'find_all'
HTTPConnectionPool(host='web.dmi.unict.itcorsi', port=80): Max retries exceeded with url: /l-31 (Caused by NewConnectionError('<urllib3.connection.HTTPConnection object at 0x7efdb810da20>: Failed to establish a new connection: [Errno -2] Name or service not known',))
HTTPConnectionPool(host='web.dmi.unict.itcorsi', port=80): Max retries exceeded with url: /l-35 (Caused by NewConnectionError('<urllib3.connection.HTTPConnection object at 0x7efdb810dba8>: Failed to establish a new connection: [Errno -2] Name or service not known',))
HTTPConnectionPool(host='web.dmi.unict.itcorsi', port=80): Max retries exceeded with url: /lm-18 (Caused by NewConnectionError('<urllib3.connection.HTTPConnection object at 0x7efdb810da58>: Failed to establish a new connection: [Errno -2] Name or service not known',))
HTTPConnectionPool(host='web.dmi.unict.itcorsi', port=80): Max retries exceeded with url: /lm-40 (Caused by NewConnectionError('<urllib3.connection.HTTPConnection object at 0x7efdb810da20>: Failed to establish a new connection: [Errno -2] Name or service not known',))
'NoneType' object has no attribute 'find_all'
HTTPConnectionPool(host='www.dieei.unict.itcorsi', port=80): Max retries exceeded with url: /l-8-ele (Caused by NewConnectionError('<urllib3.connection.HTTPConnection object at 0x7efda95274e0>: Failed to establish a new connection: [Errno -2] Name or service not known',))
HTTPConnectionPool(host='www.dieei.unict.itcorsi', port=80): Max retries exceeded with url: /l-9 (Caused by NewConnectionError('<urllib3.connection.HTTPConnection object at 0x7efda95eaba8>: Failed to establish a new connection: [Errno -2] Name or service not known',))
HTTPConnectionPool(host='www.dieei.unict.itcorsi', port=80): Max retries exceeded with url: /l-8-inf (Caused by NewConnectionError('<urllib3.connection.HTTPConnection object at 0x7efda95eaba8>: Failed to establish a new connection: [Errno -2] Name or service not known',))
HTTPConnectionPool(host='www.dieei.unict.itcorsi', port=80): Max retries exceeded with url: /lm-25 (Caused by NewConnectionError('<urllib3.connection.HTTPConnection object at 0x7efda95ea8d0>: Failed to establish a new connection: [Errno -2] Name or service not known',))
HTTPConnectionPool(host='www.dieei.unict.itcorsi', port=80): Max retries exceeded with url: /lm-28 (Caused by NewConnectionError('<urllib3.connection.HTTPConnection object at 0x7efda9647b00>: Failed to establish a new connection: [Errno -2] Name or service not known',))
HTTPConnectionPool(host='www.dieei.unict.itcorsi', port=80): Max retries exceeded with url: /lm-29 (Caused by NewConnectionError('<urllib3.connection.HTTPConnection object at 0x7efda95279b0>: Failed to establish a new connection: [Errno -2] Name or service not known',))
HTTPConnectionPool(host='www.dieei.unict.itcorsi', port=80): Max retries exceeded with url: /lm-27 (Caused by NewConnectionError('<urllib3.connection.HTTPConnection object at 0x7efda95277b8>: Failed to establish a new connection: [Errno -2] Name or service not known',))
HTTPConnectionPool(host='www.dieei.unict.itcorsi', port=80): Max retries exceeded with url: /lm-32 (Caused by NewConnectionError('<urllib3.connection.HTTPConnection object at 0x7efda95276d8>: Failed to establish a new connection: [Errno -2] Name or service not known',))
HTTPConnectionPool(host='www.dieei.unict.itcorsi', port=80): Max retries exceeded with url: /l-8-ele (Caused by NewConnectionError('<urllib3.connection.HTTPConnection object at 0x7efda9691940>: Failed to establish a new connection: [Errno -2] Name or service not known',))
HTTPConnectionPool(host='www.dieei.unict.itcorsi', port=80): Max retries exceeded with url: /l-9 (Caused by NewConnectionError('<urllib3.connection.HTTPConnection object at 0x7efdb8084c50>: Failed to establish a new connection: [Errno -2] Name or service not known',))
HTTPConnectionPool(host='www.dieei.unict.itcorsi', port=80): Max retries exceeded with url: /l-8-inf (Caused by NewConnectionError('<urllib3.connection.HTTPConnection object at 0x7efda951fa90>: Failed to establish a new connection: [Errno -2] Name or service not known',))
HTTPConnectionPool(host='www.dieei.unict.itcorsi', port=80): Max retries exceeded with url: /lm-25 (Caused by NewConnectionError('<urllib3.connection.HTTPConnection object at 0x7efda9527438>: Failed to establish a new connection: [Errno -2] Name or service not known',))
HTTPConnectionPool(host='www.dieei.unict.itcorsi', port=80): Max retries exceeded with url: /lm-28 (Caused by NewConnectionError('<urllib3.connection.HTTPConnection object at 0x7efda9527898>: Failed to establish a new connection: [Errno -2] Name or service not known',))
HTTPConnectionPool(host='www.dieei.unict.itcorsi', port=80): Max retries exceeded with url: /lm-29 (Caused by NewConnectionError('<urllib3.connection.HTTPConnection object at 0x7efda9527438>: Failed to establish a new connection: [Errno -2] Name or service not known',))
HTTPConnectionPool(host='www.dieei.unict.itcorsi', port=80): Max retries exceeded with url: /lm-27 (Caused by NewConnectionError('<urllib3.connection.HTTPConnection object at 0x7efdb80480f0>: Failed to establish a new connection: [Errno -2] Name or service not known',))
HTTPConnectionPool(host='www.dieei.unict.itcorsi', port=80): Max retries exceeded with url: /lm-32 (Caused by NewConnectionError('<urllib3.connection.HTTPConnection object at 0x7efdb80484e0>: Failed to establish a new connection: [Errno -2] Name or service not known',))
HTTPConnectionPool(host='web.dmi.unict.itcorsi', port=80): Max retries exceeded with url: /l-31 (Caused by NewConnectionError('<urllib3.connection.HTTPConnection object at 0x7f4ae67c7d30>: Failed to establish a new connection: [Errno -2] Name or service not known',))
HTTPConnectionPool(host='web.dmi.unict.itcorsi', port=80): Max retries exceeded with url: /l-35 (Caused by NewConnectionError('<urllib3.connection.HTTPConnection object at 0x7f4ae67c7e48>: Failed to establish a new connection: [Errno -2] Name or service not known',))
HTTPConnectionPool(host='web.dmi.unict.itcorsi', port=80): Max retries exceeded with url: /lm-18 (Caused by NewConnectionError('<urllib3.connection.HTTPConnection object at 0x7f4ae67c7d30>: Failed to establish a new connection: [Errno -2] Name or service not known',))
HTTPConnectionPool(host='web.dmi.unict.itcorsi', port=80): Max retries exceeded with url: /lm-40 (Caused by NewConnectionError('<urllib3.connection.HTTPConnection object at 0x7f4ae67c7da0>: Failed to establish a new connection: [Errno -2] Name or service not known',))
'NoneType' object has no attribute 'find_all'
HTTPConnectionPool(host='web.dmi.unict.itcorsi', port=80): Max retries exceeded with url: /l-31 (Caused by NewConnectionError('<urllib3.connection.HTTPConnection object at 0x7f4ae67bc6d8>: Failed to establish a new connection: [Errno -2] Name or service not known',))
HTTPConnectionPool(host='web.dmi.unict.itcorsi', port=80): Max retries exceeded with url: /l-35 (Caused by NewConnectionError('<urllib3.connection.HTTPConnection object at 0x7f4ae67bc5c0>: Failed to establish a new connection: [Errno -2] Name or service not known',))
HTTPConnectionPool(host='web.dmi.unict.itcorsi', port=80): Max retries exceeded with url: /lm-18 (Caused by NewConnectionError('<urllib3.connection.HTTPConnection object at 0x7f4ae67bc6d8>: Failed to establish a new connection: [Errno -2] Name or service not known',))
HTTPConnectionPool(host='web.dmi.unict.itcorsi', port=80): Max retries exceeded with url: /lm-40 (Caused by NewConnectionError('<urllib3.connection.HTTPConnection object at 0x7f4ae67bc5c0>: Failed to establish a new connection: [Errno -2] Name or service not known',))
'NoneType' object has no attribute 'find_all'
HTTPConnectionPool(host='www.dieei.unict.itcorsi', port=80): Max retries exceeded with url: /l-8-ele (Caused by NewConnectionError('<urllib3.connection.HTTPConnection object at 0x7f4ae6491860>: Failed to establish a new connection: [Errno -2] Name or service not known',))
HTTPConnectionPool(host='www.dieei.unict.itcorsi', port=80): Max retries exceeded with url: /l-9 (Caused by NewConnectionError('<urllib3.connection.HTTPConnection object at 0x7f4ae64916d8>: Failed to establish a new connection: [Errno -2] Name or service not known',))
HTTPConnectionPool(host='www.dieei.unict.itcorsi', port=80): Max retries exceeded with url: /l-8-inf (Caused by NewConnectionError('<urllib3.connection.HTTPConnection object at 0x7f4ae64918d0>: Failed to establish a new connection: [Errno -2] Name or service not known',))
HTTPConnectionPool(host='www.dieei.unict.itcorsi', port=80): Max retries exceeded with url: /lm-25 (Caused by NewConnectionError('<urllib3.connection.HTTPConnection object at 0x7f4ae6491780>: Failed to establish a new connection: [Errno -2] Name or service not known',))
HTTPConnectionPool(host='www.dieei.unict.itcorsi', port=80): Max retries exceeded with url: /lm-28 (Caused by NewConnectionError('<urllib3.connection.HTTPConnection object at 0x7f4ae656e240>: Failed to establish a new connection: [Errno -2] Name or service not known',))
HTTPConnectionPool(host='www.dieei.unict.itcorsi', port=80): Max retries exceeded with url: /lm-29 (Caused by NewConnectionError('<urllib3.connection.HTTPConnection object at 0x7f4ae6590668>: Failed to establish a new connection: [Errno -2] Name or service not known',))
HTTPConnectionPool(host='www.dieei.unict.itcorsi', port=80): Max retries exceeded with url: /lm-27 (Caused by NewConnectionError('<urllib3.connection.HTTPConnection object at 0x7f4ae6590cc0>: Failed to establish a new connection: [Errno -2] Name or service not known',))
HTTPConnectionPool(host='www.dieei.unict.itcorsi', port=80): Max retries exceeded with url: /lm-32 (Caused by NewConnectionError('<urllib3.connection.HTTPConnection object at 0x7f4ae6590710>: Failed to establish a new connection: [Errno -2] Name or service not known',))
HTTPConnectionPool(host='www.dieei.unict.itcorsi', port=80): Max retries exceeded with url: /l-8-ele (Caused by NewConnectionError('<urllib3.connection.HTTPConnection object at 0x7f4afc03fc88>: Failed to establish a new connection: [Errno -2] Name or service not known',))
HTTPConnectionPool(host='www.dieei.unict.itcorsi', port=80): Max retries exceeded with url: /l-9 (Caused by NewConnectionError('<urllib3.connection.HTTPConnection object at 0x7f4ae659db70>: Failed to establish a new connection: [Errno -2] Name or service not known',))
HTTPConnectionPool(host='www.dieei.unict.itcorsi', port=80): Max retries exceeded with url: /l-8-inf (Caused by NewConnectionError('<urllib3.connection.HTTPConnection object at 0x7f4ae63e8b70>: Failed to establish a new connection: [Errno -2] Name or service not known',))
HTTPConnectionPool(host='www.dieei.unict.itcorsi', port=80): Max retries exceeded with url: /lm-25 (Caused by NewConnectionError('<urllib3.connection.HTTPConnection object at 0x7f4ae6590a20>: Failed to establish a new connection: [Errno -2] Name or service not known',))
HTTPConnectionPool(host='www.dieei.unict.itcorsi', port=80): Max retries exceeded with url: /lm-28 (Caused by NewConnectionError('<urllib3.connection.HTTPConnection object at 0x7f4ae6590b70>: Failed to establish a new connection: [Errno -2] Name or service not known',))
HTTPConnectionPool(host='www.dieei.unict.itcorsi', port=80): Max retries exceeded with url: /lm-29 (Caused by NewConnectionError('<urllib3.connection.HTTPConnection object at 0x7f4ae6686400>: Failed to establish a new connection: [Errno -2] Name or service not known',))
HTTPConnectionPool(host='www.dieei.unict.itcorsi', port=80): Max retries exceeded with url: /lm-27 (Caused by NewConnectionError('<urllib3.connection.HTTPConnection object at 0x7f4ae652ed68>: Failed to establish a new connection: [Errno -2] Name or service not known',))
HTTPConnectionPool(host='www.dieei.unict.itcorsi', port=80): Max retries exceeded with url: /lm-32 (Caused by NewConnectionError('<urllib3.connection.HTTPConnection object at 0x7f4afc03f4a8>: Failed to establish a new connection: [Errno -2] Name or service not known',))
HTTPConnectionPool(host='web.dmi.unict.itcorsi', port=80): Max retries exceeded with url: /l-31 (Caused by NewConnectionError('<urllib3.connection.HTTPConnection object at 0x7f74501fa518>: Failed to establish a new connection: [Errno -2] Name or service not known',))
HTTPConnectionPool(host='web.dmi.unict.itcorsi', port=80): Max retries exceeded with url: /l-35 (Caused by NewConnectionError('<urllib3.connection.HTTPConnection object at 0x7f74501fa5c0>: Failed to establish a new connection: [Errno -2] Name or service not known',))
HTTPConnectionPool(host='web.dmi.unict.itcorsi', port=80): Max retries exceeded with url: /lm-18 (Caused by NewConnectionError('<urllib3.connection.HTTPConnection object at 0x7f74501fa278>: Failed to establish a new connection: [Errno -2] Name or service not known',))
HTTPConnectionPool(host='web.dmi.unict.itcorsi', port=80): Max retries exceeded with url: /lm-40 (Caused by NewConnectionError('<urllib3.connection.HTTPConnection object at 0x7f74501fa2b0>: Failed to establish a new connection: [Errno -2] Name or service not known',))
'NoneType' object has no attribute 'find_all'
HTTPConnectionPool(host='web.dmi.unict.itcorsi', port=80): Max retries exceeded with url: /l-31 (Caused by NewConnectionError('<urllib3.connection.HTTPConnection object at 0x7f74501bdb00>: Failed to establish a new connection: [Errno -2] Name or service not known',))
HTTPConnectionPool(host='web.dmi.unict.itcorsi', port=80): Max retries exceeded with url: /l-35 (Caused by NewConnectionError('<urllib3.connection.HTTPConnection object at 0x7f74501bdb00>: Failed to establish a new connection: [Errno -2] Name or service not known',))
HTTPConnectionPool(host='web.dmi.unict.itcorsi', port=80): Max retries exceeded with url: /lm-18 (Caused by NewConnectionError('<urllib3.connection.HTTPConnection object at 0x7f74501bdb00>: Failed to establish a new connection: [Errno -2] Name or service not known',))
HTTPConnectionPool(host='web.dmi.unict.itcorsi', port=80): Max retries exceeded with url: /lm-40 (Caused by NewConnectionError('<urllib3.connection.HTTPConnection object at 0x7f74501bdb00>: Failed to establish a new connection: [Errno -2] Name or service not known',))
'NoneType' object has no attribute 'find_all'
HTTPConnectionPool(host='www.dieei.unict.itcorsi', port=80): Max retries exceeded with url: /l-8-ele (Caused by NewConnectionError('<urllib3.connection.HTTPConnection object at 0x7f7441733860>: Failed to establish a new connection: [Errno -2] Name or service not known',))
HTTPConnectionPool(host='www.dieei.unict.itcorsi', port=80): Max retries exceeded with url: /l-9 (Caused by NewConnectionError('<urllib3.connection.HTTPConnection object at 0x7f74417336d8>: Failed to establish a new connection: [Errno -2] Name or service not known',))
HTTPConnectionPool(host='www.dieei.unict.itcorsi', port=80): Max retries exceeded with url: /l-8-inf (Caused by NewConnectionError('<urllib3.connection.HTTPConnection object at 0x7f74417338d0>: Failed to establish a new connection: [Errno -2] Name or service not known',))
HTTPConnectionPool(host='www.dieei.unict.itcorsi', port=80): Max retries exceeded with url: /lm-25 (Caused by NewConnectionError('<urllib3.connection.HTTPConnection object at 0x7f7441733780>: Failed to establish a new connection: [Errno -2] Name or service not known',))
HTTPConnectionPool(host='www.dieei.unict.itcorsi', port=80): Max retries exceeded with url: /lm-28 (Caused by NewConnectionError('<urllib3.connection.HTTPConnection object at 0x7f744173fef0>: Failed to establish a new connection: [Errno -2] Name or service not known',))
HTTPConnectionPool(host='www.dieei.unict.itcorsi', port=80): Max retries exceeded with url: /lm-29 (Caused by NewConnectionError('<urllib3.connection.HTTPConnection object at 0x7f74500e66d8>: Failed to establish a new connection: [Errno -2] Name or service not known',))
HTTPConnectionPool(host='www.dieei.unict.itcorsi', port=80): Max retries exceeded with url: /lm-27 (Caused by NewConnectionError('<urllib3.connection.HTTPConnection object at 0x7f74500e6cf8>: Failed to establish a new connection: [Errno -2] Name or service not known',))
HTTPConnectionPool(host='www.dieei.unict.itcorsi', port=80): Max retries exceeded with url: /lm-32 (Caused by NewConnectionError('<urllib3.connection.HTTPConnection object at 0x7f74500e6748>: Failed to establish a new connection: [Errno -2] Name or service not known',))
HTTPConnectionPool(host='www.dieei.unict.itcorsi', port=80): Max retries exceeded with url: /l-8-ele (Caused by NewConnectionError('<urllib3.connection.HTTPConnection object at 0x7f74415ab6d8>: Failed to establish a new connection: [Errno -2] Name or service not known',))
HTTPConnectionPool(host='www.dieei.unict.itcorsi', port=80): Max retries exceeded with url: /l-9 (Caused by NewConnectionError('<urllib3.connection.HTTPConnection object at 0x7f74417b7cf8>: Failed to establish a new connection: [Errno -2] Name or service not known',))
HTTPConnectionPool(host='www.dieei.unict.itcorsi', port=80): Max retries exceeded with url: /l-8-inf (Caused by NewConnectionError('<urllib3.connection.HTTPConnection object at 0x7f74500e6ba8>: Failed to establish a new connection: [Errno -2] Name or service not known',))
HTTPConnectionPool(host='www.dieei.unict.itcorsi', port=80): Max retries exceeded with url: /lm-25 (Caused by NewConnectionError('<urllib3.connection.HTTPConnection object at 0x7f74416d25c0>: Failed to establish a new connection: [Errno -2] Name or service not known',))
HTTPConnectionPool(host='www.dieei.unict.itcorsi', port=80): Max retries exceeded with url: /lm-28 (Caused by NewConnectionError('<urllib3.connection.HTTPConnection object at 0x7f74415ab2e8>: Failed to establish a new connection: [Errno -2] Name or service not known',))
HTTPConnectionPool(host='www.dieei.unict.itcorsi', port=80): Max retries exceeded with url: /lm-29 (Caused by NewConnectionError('<urllib3.connection.HTTPConnection object at 0x7f74415abc50>: Failed to establish a new connection: [Errno -2] Name or service not known',))
HTTPConnectionPool(host='www.dieei.unict.itcorsi', port=80): Max retries exceeded with url: /lm-27 (Caused by NewConnectionError('<urllib3.connection.HTTPConnection object at 0x7f74415abeb8>: Failed to establish a new connection: [Errno -2] Name or service not known',))
HTTPConnectionPool(host='www.dieei.unict.itcorsi', port=80): Max retries exceeded with url: /lm-32 (Caused by NewConnectionError('<urllib3.connection.HTTPConnection object at 0x7f74415ab3c8>: Failed to establish a new connection: [Errno -2] Name or service not known',))
HTTPConnectionPool(host='web.dmi.unict.itcorsi', port=80): Max retries exceeded with url: /l-31 (Caused by NewConnectionError('<urllib3.connection.HTTPConnection object at 0x7f8a4c05d320>: Failed to establish a new connection: [Errno -2] Name or service not known',))
HTTPConnectionPool(host='web.dmi.unict.itcorsi', port=80): Max retries exceeded with url: /l-35 (Caused by NewConnectionError('<urllib3.connection.HTTPConnection object at 0x7f8a4c05d390>: Failed to establish a new connection: [Errno -2] Name or service not known',))
HTTPConnectionPool(host='web.dmi.unict.itcorsi', port=80): Max retries exceeded with url: /lm-18 (Caused by NewConnectionError('<urllib3.connection.HTTPConnection object at 0x7f8a4c05d2e8>: Failed to establish a new connection: [Errno -2] Name or service not known',))
HTTPConnectionPool(host='web.dmi.unict.itcorsi', port=80): Max retries exceeded with url: /lm-40 (Caused by NewConnectionError('<urllib3.connection.HTTPConnection object at 0x7f8a4c05d320>: Failed to establish a new connection: [Errno -2] Name or service not known',))
'NoneType' object has no attribute 'find_all'
HTTPConnectionPool(host='web.dmi.unict.itcorsi', port=80): Max retries exceeded with url: /l-31 (Caused by NewConnectionError('<urllib3.connection.HTTPConnection object at 0x7f8a4c028b00>: Failed to establish a new connection: [Errno -2] Name or service not known',))
HTTPConnectionPool(host='web.dmi.unict.itcorsi', port=80): Max retries exceeded with url: /l-35 (Caused by NewConnectionError('<urllib3.connection.HTTPConnection object at 0x7f8a4c028c88>: Failed to establish a new connection: [Errno -2] Name or service not known',))
HTTPConnectionPool(host='web.dmi.unict.itcorsi', port=80): Max retries exceeded with url: /lm-18 (Caused by NewConnectionError('<urllib3.connection.HTTPConnection object at 0x7f8a4c028f60>: Failed to establish a new connection: [Errno -2] Name or service not known',))
HTTPConnectionPool(host='web.dmi.unict.itcorsi', port=80): Max retries exceeded with url: /lm-40 (Caused by NewConnectionError('<urllib3.connection.HTTPConnection object at 0x7f8a4c028ac8>: Failed to establish a new connection: [Errno -2] Name or service not known',))
'NoneType' object has no attribute 'find_all'
HTTPConnectionPool(host='www.dieei.unict.itcorsi', port=80): Max retries exceeded with url: /l-8-ele (Caused by NewConnectionError('<urllib3.connection.HTTPConnection object at 0x7f8a44767828>: Failed to establish a new connection: [Errno -2] Name or service not known',))
HTTPConnectionPool(host='www.dieei.unict.itcorsi', port=80): Max retries exceeded with url: /l-9 (Caused by NewConnectionError('<urllib3.connection.HTTPConnection object at 0x7f8a447676a0>: Failed to establish a new connection: [Errno -2] Name or service not known',))
HTTPConnectionPool(host='www.dieei.unict.itcorsi', port=80): Max retries exceeded with url: /l-8-inf (Caused by NewConnectionError('<urllib3.connection.HTTPConnection object at 0x7f8a44767898>: Failed to establish a new connection: [Errno -2] Name or service not known',))
HTTPConnectionPool(host='www.dieei.unict.itcorsi', port=80): Max retries exceeded with url: /lm-25 (Caused by NewConnectionError('<urllib3.connection.HTTPConnection object at 0x7f8a44767748>: Failed to establish a new connection: [Errno -2] Name or service not known',))
HTTPConnectionPool(host='www.dieei.unict.itcorsi', port=80): Max retries exceeded with url: /lm-28 (Caused by NewConnectionError('<urllib3.connection.HTTPConnection object at 0x7f8a4463aeb8>: Failed to establish a new connection: [Errno -2] Name or service not known',))
HTTPConnectionPool(host='www.dieei.unict.itcorsi', port=80): Max retries exceeded with url: /lm-29 (Caused by NewConnectionError('<urllib3.connection.HTTPConnection object at 0x7f8a4471c668>: Failed to establish a new connection: [Errno -2] Name or service not known',))
HTTPConnectionPool(host='www.dieei.unict.itcorsi', port=80): Max retries exceeded with url: /lm-27 (Caused by NewConnectionError('<urllib3.connection.HTTPConnection object at 0x7f8a4471ccc0>: Failed to establish a new connection: [Errno -2] Name or service not known',))
HTTPConnectionPool(host='www.dieei.unict.itcorsi', port=80): Max retries exceeded with url: /lm-32 (Caused by NewConnectionError('<urllib3.connection.HTTPConnection object at 0x7f8a4471c710>: Failed to establish a new connection: [Errno -2] Name or service not known',))
HTTPConnectionPool(host='www.dieei.unict.itcorsi', port=80): Max retries exceeded with url: /l-8-ele (Caused by NewConnectionError('<urllib3.connection.HTTPConnection object at 0x7f8a4454f160>: Failed to establish a new connection: [Errno -2] Name or service not known',))
HTTPConnectionPool(host='www.dieei.unict.itcorsi', port=80): Max retries exceeded with url: /l-9 (Caused by NewConnectionError('<urllib3.connection.HTTPConnection object at 0x7f8a444cf240>: Failed to establish a new connection: [Errno -2] Name or service not known',))
HTTPConnectionPool(host='www.dieei.unict.itcorsi', port=80): Max retries exceeded with url: /l-8-inf (Caused by NewConnectionError('<urllib3.connection.HTTPConnection object at 0x7f8a4445c828>: Failed to establish a new connection: [Errno -2] Name or service not known',))
HTTPConnectionPool(host='www.dieei.unict.itcorsi', port=80): Max retries exceeded with url: /lm-25 (Caused by NewConnectionError('<urllib3.connection.HTTPConnection object at 0x7f8a445cf9e8>: Failed to establish a new connection: [Errno -2] Name or service not known',))
HTTPConnectionPool(host='www.dieei.unict.itcorsi', port=80): Max retries exceeded with url: /lm-28 (Caused by NewConnectionError('<urllib3.connection.HTTPConnection object at 0x7f8a4471ca20>: Failed to establish a new connection: [Errno -2] Name or service not known',))
HTTPConnectionPool(host='www.dieei.unict.itcorsi', port=80): Max retries exceeded with url: /lm-29 (Caused by NewConnectionError('<urllib3.connection.HTTPConnection object at 0x7f8a444cf2b0>: Failed to establish a new connection: [Errno -2] Name or service not known',))
HTTPConnectionPool(host='www.dieei.unict.itcorsi', port=80): Max retries exceeded with url: /lm-27 (Caused by NewConnectionError('<urllib3.connection.HTTPConnection object at 0x7f8a4c054a58>: Failed to establish a new connection: [Errno -2] Name or service not known',))
HTTPConnectionPool(host='www.dieei.unict.itcorsi', port=80): Max retries exceeded with url: /lm-32 (Caused by NewConnectionError('<urllib3.connection.HTTPConnection object at 0x7f8a4454f9b0>: Failed to establish a new connection: [Errno -2] Name or service not known',))
HTTPConnectionPool(host='web.dmi.unict.itcorsi', port=80): Max retries exceeded with url: /l-31 (Caused by NewConnectionError('<urllib3.connection.HTTPConnection object at 0x7f2f7c30f6a0>: Failed to establish a new connection: [Errno -2] Name or service not known',))
HTTPConnectionPool(host='web.dmi.unict.itcorsi', port=80): Max retries exceeded with url: /l-35 (Caused by NewConnectionError('<urllib3.connection.HTTPConnection object at 0x7f2f7c30ffd0>: Failed to establish a new connection: [Errno -2] Name or service not known',))
HTTPConnectionPool(host='web.dmi.unict.itcorsi', port=80): Max retries exceeded with url: /lm-18 (Caused by NewConnectionError('<urllib3.connection.HTTPConnection object at 0x7f2f7c30f828>: Failed to establish a new connection: [Errno -2] Name or service not known',))
HTTPConnectionPool(host='web.dmi.unict.itcorsi', port=80): Max retries exceeded with url: /lm-40 (Caused by NewConnectionError('<urllib3.connection.HTTPConnection object at 0x7f2f7c30f6a0>: Failed to establish a new connection: [Errno -2] Name or service not known',))
'NoneType' object has no attribute 'find_all'
HTTPConnectionPool(host='web.dmi.unict.itcorsi', port=80): Max retries exceeded with url: /l-31 (Caused by NewConnectionError('<urllib3.connection.HTTPConnection object at 0x7f2f7c2e69e8>: Failed to establish a new connection: [Errno -2] Name or service not known',))
HTTPConnectionPool(host='web.dmi.unict.itcorsi', port=80): Max retries exceeded with url: /l-35 (Caused by NewConnectionError('<urllib3.connection.HTTPConnection object at 0x7f2f7c2e6b70>: Failed to establish a new connection: [Errno -2] Name or service not known',))
HTTPConnectionPool(host='web.dmi.unict.itcorsi', port=80): Max retries exceeded with url: /lm-18 (Caused by NewConnectionError('<urllib3.connection.HTTPConnection object at 0x7f2f7c2e6a20>: Failed to establish a new connection: [Errno -2] Name or service not known',))
HTTPConnectionPool(host='web.dmi.unict.itcorsi', port=80): Max retries exceeded with url: /lm-40 (Caused by NewConnectionError('<urllib3.connection.HTTPConnection object at 0x7f2f7c2e69e8>: Failed to establish a new connection: [Errno -2] Name or service not known',))
'NoneType' object has no attribute 'find_all'
HTTPConnectionPool(host='www.dieei.unict.itcorsi', port=80): Max retries exceeded with url: /l-8-ele (Caused by NewConnectionError('<urllib3.connection.HTTPConnection object at 0x7f2f667dd7b8>: Failed to establish a new connection: [Errno -2] Name or service not known',))
HTTPConnectionPool(host='www.dieei.unict.itcorsi', port=80): Max retries exceeded with url: /l-9 (Caused by NewConnectionError('<urllib3.connection.HTTPConnection object at 0x7f2f667dd630>: Failed to establish a new connection: [Errno -2] Name or service not known',))
HTTPConnectionPool(host='www.dieei.unict.itcorsi', port=80): Max retries exceeded with url: /l-8-inf (Caused by NewConnectionError('<urllib3.connection.HTTPConnection object at 0x7f2f667dd828>: Failed to establish a new connection: [Errno -2] Name or service not known',))
HTTPConnectionPool(host='www.dieei.unict.itcorsi', port=80): Max retries exceeded with url: /lm-25 (Caused by NewConnectionError('<urllib3.connection.HTTPConnection object at 0x7f2f667dd6d8>: Failed to establish a new connection: [Errno -2] Name or service not known',))
HTTPConnectionPool(host='www.dieei.unict.itcorsi', port=80): Max retries exceeded with url: /lm-28 (Caused by NewConnectionError('<urllib3.connection.HTTPConnection object at 0x7f2f667759b0>: Failed to establish a new connection: [Errno -2] Name or service not known',))
HTTPConnectionPool(host='www.dieei.unict.itcorsi', port=80): Max retries exceeded with url: /lm-29 (Caused by NewConnectionError('<urllib3.connection.HTTPConnection object at 0x7f2f7c152c18>: Failed to establish a new connection: [Errno -2] Name or service not known',))
HTTPConnectionPool(host='www.dieei.unict.itcorsi', port=80): Max retries exceeded with url: /lm-27 (Caused by NewConnectionError('<urllib3.connection.HTTPConnection object at 0x7f2f7c152b00>: Failed to establish a new connection: [Errno -2] Name or service not known',))
HTTPConnectionPool(host='www.dieei.unict.itcorsi', port=80): Max retries exceeded with url: /lm-32 (Caused by NewConnectionError('<urllib3.connection.HTTPConnection object at 0x7f2f7c152668>: Failed to establish a new connection: [Errno -2] Name or service not known',))
HTTPConnectionPool(host='www.dieei.unict.itcorsi', port=80): Max retries exceeded with url: /l-8-ele (Caused by NewConnectionError('<urllib3.connection.HTTPConnection object at 0x7f2f7c075208>: Failed to establish a new connection: [Errno -2] Name or service not known',))
HTTPConnectionPool(host='www.dieei.unict.itcorsi', port=80): Max retries exceeded with url: /l-9 (Caused by NewConnectionError('<urllib3.connection.HTTPConnection object at 0x7f2f7c172c88>: Failed to establish a new connection: [Errno -2] Name or service not known',))
HTTPConnectionPool(host='www.dieei.unict.itcorsi', port=80): Max retries exceeded with url: /l-8-inf (Caused by NewConnectionError('<urllib3.connection.HTTPConnection object at 0x7f2f667f31d0>: Failed to establish a new connection: [Errno -2] Name or service not known',))
HTTPConnectionPool(host='www.dieei.unict.itcorsi', port=80): Max retries exceeded with url: /lm-25 (Caused by NewConnectionError('<urllib3.connection.HTTPConnection object at 0x7f2f667f3390>: Failed to establish a new connection: [Errno -2] Name or service not known',))
HTTPConnectionPool(host='www.dieei.unict.itcorsi', port=80): Max retries exceeded with url: /lm-28 (Caused by NewConnectionError('<urllib3.connection.HTTPConnection object at 0x7f2f7c007550>: Failed to establish a new connection: [Errno -2] Name or service not known',))
HTTPConnectionPool(host='www.dieei.unict.itcorsi', port=80): Max retries exceeded with url: /lm-29 (Caused by NewConnectionError('<urllib3.connection.HTTPConnection object at 0x7f2f7c2a4240>: Failed to establish a new connection: [Errno -2] Name or service not known',))
HTTPConnectionPool(host='www.dieei.unict.itcorsi', port=80): Max retries exceeded with url: /lm-27 (Caused by NewConnectionError('<urllib3.connection.HTTPConnection object at 0x7f2f7c152ba8>: Failed to establish a new connection: [Errno -2] Name or service not known',))
HTTPConnectionPool(host='www.dieei.unict.itcorsi', port=80): Max retries exceeded with url: /lm-32 (Caused by NewConnectionError('<urllib3.connection.HTTPConnection object at 0x7f2f7c160128>: Failed to establish a new connection: [Errno -2] Name or service not known',))
HTTPConnectionPool(host='web.dmi.unict.itcorsi', port=80): Max retries exceeded with url: /l-31 (Caused by NewConnectionError('<urllib3.connection.HTTPConnection object at 0x7fd2b8287f28>: Failed to establish a new connection: [Errno -2] Name or service not known',))
HTTPConnectionPool(host='web.dmi.unict.itcorsi', port=80): Max retries exceeded with url: /l-35 (Caused by NewConnectionError('<urllib3.connection.HTTPConnection object at 0x7fd2b8287eb8>: Failed to establish a new connection: [Errno -2] Name or service not known',))
HTTPConnectionPool(host='web.dmi.unict.itcorsi', port=80): Max retries exceeded with url: /lm-18 (Caused by NewConnectionError('<urllib3.connection.HTTPConnection object at 0x7fd2b8287fd0>: Failed to establish a new connection: [Errno -2] Name or service not known',))
HTTPConnectionPool(host='web.dmi.unict.itcorsi', port=80): Max retries exceeded with url: /lm-40 (Caused by NewConnectionError('<urllib3.connection.HTTPConnection object at 0x7fd2b8287f28>: Failed to establish a new connection: [Errno -2] Name or service not known',))
'NoneType' object has no attribute 'find_all'
HTTPConnectionPool(host='web.dmi.unict.itcorsi', port=80): Max retries exceeded with url: /l-31 (Caused by NewConnectionError('<urllib3.connection.HTTPConnection object at 0x7fd2b825ea58>: Failed to establish a new connection: [Errno -2] Name or service not known',))
HTTPConnectionPool(host='web.dmi.unict.itcorsi', port=80): Max retries exceeded with url: /l-35 (Caused by NewConnectionError('<urllib3.connection.HTTPConnection object at 0x7fd2b825ebe0>: Failed to establish a new connection: [Errno -2] Name or service not known',))
HTTPConnectionPool(host='web.dmi.unict.itcorsi', port=80): Max retries exceeded with url: /lm-18 (Caused by NewConnectionError('<urllib3.connection.HTTPConnection object at 0x7fd2b825ea90>: Failed to establish a new connection: [Errno -2] Name or service not known',))
HTTPConnectionPool(host='web.dmi.unict.itcorsi', port=80): Max retries exceeded with url: /lm-40 (Caused by NewConnectionError('<urllib3.connection.HTTPConnection object at 0x7fd2b825ea58>: Failed to establish a new connection: [Errno -2] Name or service not known',))
'NoneType' object has no attribute 'find_all'
HTTPConnectionPool(host='www.dieei.unict.itcorsi', port=80): Max retries exceeded with url: /l-8-ele (Caused by NewConnectionError('<urllib3.connection.HTTPConnection object at 0x7fd2b80fc828>: Failed to establish a new connection: [Errno -2] Name or service not known',))
HTTPConnectionPool(host='www.dieei.unict.itcorsi', port=80): Max retries exceeded with url: /l-9 (Caused by NewConnectionError('<urllib3.connection.HTTPConnection object at 0x7fd2b80fc6a0>: Failed to establish a new connection: [Errno -2] Name or service not known',))
HTTPConnectionPool(host='www.dieei.unict.itcorsi', port=80): Max retries exceeded with url: /l-8-inf (Caused by NewConnectionError('<urllib3.connection.HTTPConnection object at 0x7fd2b80fc898>: Failed to establish a new connection: [Errno -2] Name or service not known',))
HTTPConnectionPool(host='www.dieei.unict.itcorsi', port=80): Max retries exceeded with url: /lm-25 (Caused by NewConnectionError('<urllib3.connection.HTTPConnection object at 0x7fd2b80fc748>: Failed to establish a new connection: [Errno -2] Name or service not known',))
HTTPConnectionPool(host='www.dieei.unict.itcorsi', port=80): Max retries exceeded with url: /lm-28 (Caused by NewConnectionError('<urllib3.connection.HTTPConnection object at 0x7fd2b8073eb8>: Failed to establish a new connection: [Errno -2] Name or service not known',))
HTTPConnectionPool(host='www.dieei.unict.itcorsi', port=80): Max retries exceeded with url: /lm-29 (Caused by NewConnectionError('<urllib3.connection.HTTPConnection object at 0x7fd2b81a0668>: Failed to establish a new connection: [Errno -2] Name or service not known',))
HTTPConnectionPool(host='www.dieei.unict.itcorsi', port=80): Max retries exceeded with url: /lm-27 (Caused by NewConnectionError('<urllib3.connection.HTTPConnection object at 0x7fd2b81a0cc0>: Failed to establish a new connection: [Errno -2] Name or service not known',))
HTTPConnectionPool(host='www.dieei.unict.itcorsi', port=80): Max retries exceeded with url: /lm-32 (Caused by NewConnectionError('<urllib3.connection.HTTPConnection object at 0x7fd2b81a0710>: Failed to establish a new connection: [Errno -2] Name or service not known',))
HTTPConnectionPool(host='www.dieei.unict.itcorsi', port=80): Max retries exceeded with url: /l-8-ele (Caused by NewConnectionError('<urllib3.connection.HTTPConnection object at 0x7fd2b829dcf8>: Failed to establish a new connection: [Errno -2] Name or service not known',))
HTTPConnectionPool(host='www.dieei.unict.itcorsi', port=80): Max retries exceeded with url: /l-9 (Caused by NewConnectionError('<urllib3.connection.HTTPConnection object at 0x7fd2b810c6a0>: Failed to establish a new connection: [Errno -2] Name or service not known',))
HTTPConnectionPool(host='www.dieei.unict.itcorsi', port=80): Max retries exceeded with url: /l-8-inf (Caused by NewConnectionError('<urllib3.connection.HTTPConnection object at 0x7fd2b821c240>: Failed to establish a new connection: [Errno -2] Name or service not known',))
HTTPConnectionPool(host='www.dieei.unict.itcorsi', port=80): Max retries exceeded with url: /lm-25 (Caused by NewConnectionError('<urllib3.connection.HTTPConnection object at 0x7fd2b8153860>: Failed to establish a new connection: [Errno -2] Name or service not known',))
HTTPConnectionPool(host='www.dieei.unict.itcorsi', port=80): Max retries exceeded with url: /lm-28 (Caused by NewConnectionError('<urllib3.connection.HTTPConnection object at 0x7fd2b81534e0>: Failed to establish a new connection: [Errno -2] Name or service not known',))
HTTPConnectionPool(host='www.dieei.unict.itcorsi', port=80): Max retries exceeded with url: /lm-29 (Caused by NewConnectionError('<urllib3.connection.HTTPConnection object at 0x7fd2a9da6b70>: Failed to establish a new connection: [Errno -2] Name or service not known',))
HTTPConnectionPool(host='www.dieei.unict.itcorsi', port=80): Max retries exceeded with url: /lm-27 (Caused by NewConnectionError('<urllib3.connection.HTTPConnection object at 0x7fd2b81644e0>: Failed to establish a new connection: [Errno -2] Name or service not known',))
HTTPConnectionPool(host='www.dieei.unict.itcorsi', port=80): Max retries exceeded with url: /lm-32 (Caused by NewConnectionError('<urllib3.connection.HTTPConnection object at 0x7fd2b81a0c50>: Failed to establish a new connection: [Errno -2] Name or service not known',))
HTTPConnectionPool(host='web.dmi.unict.itcorsi', port=80): Max retries exceeded with url: /l-31 (Caused by NewConnectionError('<urllib3.connection.HTTPConnection object at 0x7fc46477e4e0>: Failed to establish a new connection: [Errno -2] Name or service not known',))
HTTPConnectionPool(host='web.dmi.unict.itcorsi', port=80): Max retries exceeded with url: /l-35 (Caused by NewConnectionError('<urllib3.connection.HTTPConnection object at 0x7fc46477e588>: Failed to establish a new connection: [Errno -2] Name or service not known',))
HTTPConnectionPool(host='web.dmi.unict.itcorsi', port=80): Max retries exceeded with url: /lm-18 (Caused by NewConnectionError('<urllib3.connection.HTTPConnection object at 0x7fc46477e240>: Failed to establish a new connection: [Errno -2] Name or service not known',))
HTTPConnectionPool(host='web.dmi.unict.itcorsi', port=80): Max retries exceeded with url: /lm-40 (Caused by NewConnectionError('<urllib3.connection.HTTPConnection object at 0x7fc46477e278>: Failed to establish a new connection: [Errno -2] Name or service not known',))
'NoneType' object has no attribute 'find_all'
HTTPConnectionPool(host='web.dmi.unict.itcorsi', port=80): Max retries exceeded with url: /l-31 (Caused by NewConnectionError('<urllib3.connection.HTTPConnection object at 0x7fc464742b00>: Failed to establish a new connection: [Errno -2] Name or service not known',))
HTTPConnectionPool(host='web.dmi.unict.itcorsi', port=80): Max retries exceeded with url: /l-35 (Caused by NewConnectionError('<urllib3.connection.HTTPConnection object at 0x7fc464742b00>: Failed to establish a new connection: [Errno -2] Name or service not known',))
HTTPConnectionPool(host='web.dmi.unict.itcorsi', port=80): Max retries exceeded with url: /lm-18 (Caused by NewConnectionError('<urllib3.connection.HTTPConnection object at 0x7fc464742b00>: Failed to establish a new connection: [Errno -2] Name or service not known',))
HTTPConnectionPool(host='web.dmi.unict.itcorsi', port=80): Max retries exceeded with url: /lm-40 (Caused by NewConnectionError('<urllib3.connection.HTTPConnection object at 0x7fc464742b00>: Failed to establish a new connection: [Errno -2] Name or service not known',))
'NoneType' object has no attribute 'find_all'
HTTPConnectionPool(host='www.dieei.unict.itcorsi', port=80): Max retries exceeded with url: /l-8-ele (Caused by NewConnectionError('<urllib3.connection.HTTPConnection object at 0x7fc46440f898>: Failed to establish a new connection: [Errno -2] Name or service not known',))
HTTPConnectionPool(host='www.dieei.unict.itcorsi', port=80): Max retries exceeded with url: /l-9 (Caused by NewConnectionError('<urllib3.connection.HTTPConnection object at 0x7fc46440f7f0>: Failed to establish a new connection: [Errno -2] Name or service not known',))
HTTPConnectionPool(host='www.dieei.unict.itcorsi', port=80): Max retries exceeded with url: /l-8-inf (Caused by NewConnectionError('<urllib3.connection.HTTPConnection object at 0x7fc46440f908>: Failed to establish a new connection: [Errno -2] Name or service not known',))
HTTPConnectionPool(host='www.dieei.unict.itcorsi', port=80): Max retries exceeded with url: /lm-25 (Caused by NewConnectionError('<urllib3.connection.HTTPConnection object at 0x7fc46440fa58>: Failed to establish a new connection: [Errno -2] Name or service not known',))
HTTPConnectionPool(host='www.dieei.unict.itcorsi', port=80): Max retries exceeded with url: /lm-28 (Caused by NewConnectionError('<urllib3.connection.HTTPConnection object at 0x7fc4643b62b0>: Failed to establish a new connection: [Errno -2] Name or service not known',))
HTTPConnectionPool(host='www.dieei.unict.itcorsi', port=80): Max retries exceeded with url: /lm-29 (Caused by NewConnectionError('<urllib3.connection.HTTPConnection object at 0x7fc4643cc1d0>: Failed to establish a new connection: [Errno -2] Name or service not known',))
HTTPConnectionPool(host='www.dieei.unict.itcorsi', port=80): Max retries exceeded with url: /lm-27 (Caused by NewConnectionError('<urllib3.connection.HTTPConnection object at 0x7fc464729d68>: Failed to establish a new connection: [Errno -2] Name or service not known',))
HTTPConnectionPool(host='www.dieei.unict.itcorsi', port=80): Max retries exceeded with url: /lm-32 (Caused by NewConnectionError('<urllib3.connection.HTTPConnection object at 0x7fc464729828>: Failed to establish a new connection: [Errno -2] Name or service not known',))
HTTPConnectionPool(host='www.dieei.unict.itcorsi', port=80): Max retries exceeded with url: /l-8-ele (Caused by NewConnectionError('<urllib3.connection.HTTPConnection object at 0x7fc4644f3d30>: Failed to establish a new connection: [Errno -2] Name or service not known',))
HTTPConnectionPool(host='www.dieei.unict.itcorsi', port=80): Max retries exceeded with url: /l-9 (Caused by NewConnectionError('<urllib3.connection.HTTPConnection object at 0x7fc46469ab70>: Failed to establish a new connection: [Errno -2] Name or service not known',))
HTTPConnectionPool(host='www.dieei.unict.itcorsi', port=80): Max retries exceeded with url: /l-8-inf (Caused by NewConnectionError('<urllib3.connection.HTTPConnection object at 0x7fc464729710>: Failed to establish a new connection: [Errno -2] Name or service not known',))
HTTPConnectionPool(host='www.dieei.unict.itcorsi', port=80): Max retries exceeded with url: /lm-25 (Caused by NewConnectionError('<urllib3.connection.HTTPConnection object at 0x7fc4645bd748>: Failed to establish a new connection: [Errno -2] Name or service not known',))
HTTPConnectionPool(host='www.dieei.unict.itcorsi', port=80): Max retries exceeded with url: /lm-28 (Caused by NewConnectionError('<urllib3.connection.HTTPConnection object at 0x7fc4644f3080>: Failed to establish a new connection: [Errno -2] Name or service not known',))
HTTPConnectionPool(host='www.dieei.unict.itcorsi', port=80): Max retries exceeded with url: /lm-29 (Caused by NewConnectionError('<urllib3.connection.HTTPConnection object at 0x7fc4644f3eb8>: Failed to establish a new connection: [Errno -2] Name or service not known',))
HTTPConnectionPool(host='www.dieei.unict.itcorsi', port=80): Max retries exceeded with url: /lm-27 (Caused by NewConnectionError('<urllib3.connection.HTTPConnection object at 0x7fc4644f3be0>: Failed to establish a new connection: [Errno -2] Name or service not known',))
HTTPConnectionPool(host='www.dieei.unict.itcorsi', port=80): Max retries exceeded with url: /lm-32 (Caused by NewConnectionError('<urllib3.connection.HTTPConnection object at 0x7fc4644f30b8>: Failed to establish a new connection: [Errno -2] Name or service not known',))
HTTPConnectionPool(host='web.dmi.unict.itcorsi', port=80): Max retries exceeded with url: /l-31 (Caused by NewConnectionError('<urllib3.connection.HTTPConnection object at 0x7fbf8861d550>: Failed to establish a new connection: [Errno -2] Name or service not known',))
HTTPConnectionPool(host='web.dmi.unict.itcorsi', port=80): Max retries exceeded with url: /l-35 (Caused by NewConnectionError('<urllib3.connection.HTTPConnection object at 0x7fbf8861d3c8>: Failed to establish a new connection: [Errno -2] Name or service not known',))
HTTPConnectionPool(host='web.dmi.unict.itcorsi', port=80): Max retries exceeded with url: /lm-18 (Caused by NewConnectionError('<urllib3.connection.HTTPConnection object at 0x7fbf8861d550>: Failed to establish a new connection: [Errno -2] Name or service not known',))
HTTPConnectionPool(host='web.dmi.unict.itcorsi', port=80): Max retries exceeded with url: /lm-40 (Caused by NewConnectionError('<urllib3.connection.HTTPConnection object at 0x7fbf8861d470>: Failed to establish a new connection: [Errno -2] Name or service not known',))
'NoneType' object has no attribute 'find_all'
HTTPConnectionPool(host='web.dmi.unict.itcorsi', port=80): Max retries exceeded with url: /l-31 (Caused by NewConnectionError('<urllib3.connection.HTTPConnection object at 0x7fbf885e0b00>: Failed to establish a new connection: [Errno -2] Name or service not known',))
HTTPConnectionPool(host='web.dmi.unict.itcorsi', port=80): Max retries exceeded with url: /l-35 (Caused by NewConnectionError('<urllib3.connection.HTTPConnection object at 0x7fbf885e0b00>: Failed to establish a new connection: [Errno -2] Name or service not known',))
HTTPConnectionPool(host='web.dmi.unict.itcorsi', port=80): Max retries exceeded with url: /lm-18 (Caused by NewConnectionError('<urllib3.connection.HTTPConnection object at 0x7fbf885e0b00>: Failed to establish a new connection: [Errno -2] Name or service not known',))
HTTPConnectionPool(host='web.dmi.unict.itcorsi', port=80): Max retries exceeded with url: /lm-40 (Caused by NewConnectionError('<urllib3.connection.HTTPConnection object at 0x7fbf885e0b00>: Failed to establish a new connection: [Errno -2] Name or service not known',))
'NoneType' object has no attribute 'find_all'
HTTPConnectionPool(host='www.dieei.unict.itcorsi', port=80): Max retries exceeded with url: /l-8-ele (Caused by NewConnectionError('<urllib3.connection.HTTPConnection object at 0x7fbf8855b5c0>: Failed to establish a new connection: [Errno -2] Name or service not known',))
HTTPConnectionPool(host='www.dieei.unict.itcorsi', port=80): Max retries exceeded with url: /l-9 (Caused by NewConnectionError('<urllib3.connection.HTTPConnection object at 0x7fbf88413d30>: Failed to establish a new connection: [Errno -2] Name or service not known',))
HTTPConnectionPool(host='www.dieei.unict.itcorsi', port=80): Max retries exceeded with url: /l-8-inf (Caused by NewConnectionError('<urllib3.connection.HTTPConnection object at 0x7fbf88413d30>: Failed to establish a new connection: [Errno -2] Name or service not known',))
HTTPConnectionPool(host='www.dieei.unict.itcorsi', port=80): Max retries exceeded with url: /lm-25 (Caused by NewConnectionError('<urllib3.connection.HTTPConnection object at 0x7fbf88413be0>: Failed to establish a new connection: [Errno -2] Name or service not known',))
HTTPConnectionPool(host='www.dieei.unict.itcorsi', port=80): Max retries exceeded with url: /lm-28 (Caused by NewConnectionError('<urllib3.connection.HTTPConnection object at 0x7fbf886615c0>: Failed to establish a new connection: [Errno -2] Name or service not known',))
HTTPConnectionPool(host='www.dieei.unict.itcorsi', port=80): Max retries exceeded with url: /lm-29 (Caused by NewConnectionError('<urllib3.connection.HTTPConnection object at 0x7fbf8855ba90>: Failed to establish a new connection: [Errno -2] Name or service not known',))
HTTPConnectionPool(host='www.dieei.unict.itcorsi', port=80): Max retries exceeded with url: /lm-27 (Caused by NewConnectionError('<urllib3.connection.HTTPConnection object at 0x7fbf8855b898>: Failed to establish a new connection: [Errno -2] Name or service not known',))
HTTPConnectionPool(host='www.dieei.unict.itcorsi', port=80): Max retries exceeded with url: /lm-32 (Caused by NewConnectionError('<urllib3.connection.HTTPConnection object at 0x7fbf8855b7b8>: Failed to establish a new connection: [Errno -2] Name or service not known',))
HTTPConnectionPool(host='www.dieei.unict.itcorsi', port=80): Max retries exceeded with url: /l-8-ele (Caused by NewConnectionError('<urllib3.connection.HTTPConnection object at 0x7fbf8861d630>: Failed to establish a new connection: [Errno -2] Name or service not known',))
HTTPConnectionPool(host='www.dieei.unict.itcorsi', port=80): Max retries exceeded with url: /l-9 (Caused by NewConnectionError('<urllib3.connection.HTTPConnection object at 0x7fbf88453438>: Failed to establish a new connection: [Errno -2] Name or service not known',))
HTTPConnectionPool(host='www.dieei.unict.itcorsi', port=80): Max retries exceeded with url: /l-8-inf (Caused by NewConnectionError('<urllib3.connection.HTTPConnection object at 0x7fbf8855b828>: Failed to establish a new connection: [Errno -2] Name or service not known',))
HTTPConnectionPool(host='www.dieei.unict.itcorsi', port=80): Max retries exceeded with url: /lm-25 (Caused by NewConnectionError('<urllib3.connection.HTTPConnection object at 0x7fbf8855b940>: Failed to establish a new connection: [Errno -2] Name or service not known',))
HTTPConnectionPool(host='www.dieei.unict.itcorsi', port=80): Max retries exceeded with url: /lm-28 (Caused by NewConnectionError('<urllib3.connection.HTTPConnection object at 0x7fbf8861de80>: Failed to establish a new connection: [Errno -2] Name or service not known',))
HTTPConnectionPool(host='www.dieei.unict.itcorsi', port=80): Max retries exceeded with url: /lm-29 (Caused by NewConnectionError('<urllib3.connection.HTTPConnection object at 0x7fbf8861d128>: Failed to establish a new connection: [Errno -2] Name or service not known',))
HTTPConnectionPool(host='www.dieei.unict.itcorsi', port=80): Max retries exceeded with url: /lm-27 (Caused by NewConnectionError('<urllib3.connection.HTTPConnection object at 0x7fbf8861df28>: Failed to establish a new connection: [Errno -2] Name or service not known',))
HTTPConnectionPool(host='www.dieei.unict.itcorsi', port=80): Max retries exceeded with url: /lm-32 (Caused by NewConnectionError('<urllib3.connection.HTTPConnection object at 0x7fbf8861dac8>: Failed to establish a new connection: [Errno -2] Name or service not known',))
HTTPConnectionPool(host='web.dmi.unict.itcorsi', port=80): Max retries exceeded with url: /l-31 (Caused by NewConnectionError('<urllib3.connection.HTTPConnection object at 0x7f34f067a518>: Failed to establish a new connection: [Errno -2] Name or service not known',))
HTTPConnectionPool(host='web.dmi.unict.itcorsi', port=80): Max retries exceeded with url: /l-35 (Caused by NewConnectionError('<urllib3.connection.HTTPConnection object at 0x7f34f067a5c0>: Failed to establish a new connection: [Errno -2] Name or service not known',))
HTTPConnectionPool(host='web.dmi.unict.itcorsi', port=80): Max retries exceeded with url: /lm-18 (Caused by NewConnectionError('<urllib3.connection.HTTPConnection object at 0x7f34f067a278>: Failed to establish a new connection: [Errno -2] Name or service not known',))
HTTPConnectionPool(host='web.dmi.unict.itcorsi', port=80): Max retries exceeded with url: /lm-40 (Caused by NewConnectionError('<urllib3.connection.HTTPConnection object at 0x7f34f067a2b0>: Failed to establish a new connection: [Errno -2] Name or service not known',))
'NoneType' object has no attribute 'find_all'
HTTPConnectionPool(host='web.dmi.unict.itcorsi', port=80): Max retries exceeded with url: /l-31 (Caused by NewConnectionError('<urllib3.connection.HTTPConnection object at 0x7f34f063bb00>: Failed to establish a new connection: [Errno -2] Name or service not known',))
HTTPConnectionPool(host='web.dmi.unict.itcorsi', port=80): Max retries exceeded with url: /l-35 (Caused by NewConnectionError('<urllib3.connection.HTTPConnection object at 0x7f34f063bb00>: Failed to establish a new connection: [Errno -2] Name or service not known',))
HTTPConnectionPool(host='web.dmi.unict.itcorsi', port=80): Max retries exceeded with url: /lm-18 (Caused by NewConnectionError('<urllib3.connection.HTTPConnection object at 0x7f34f063bb00>: Failed to establish a new connection: [Errno -2] Name or service not known',))
HTTPConnectionPool(host='web.dmi.unict.itcorsi', port=80): Max retries exceeded with url: /lm-40 (Caused by NewConnectionError('<urllib3.connection.HTTPConnection object at 0x7f34f063bb00>: Failed to establish a new connection: [Errno -2] Name or service not known',))
'NoneType' object has no attribute 'find_all'
HTTPConnectionPool(host='www.dieei.unict.itcorsi', port=80): Max retries exceeded with url: /l-8-ele (Caused by NewConnectionError('<urllib3.connection.HTTPConnection object at 0x7f34f035d898>: Failed to establish a new connection: [Errno -2] Name or service not known',))
HTTPConnectionPool(host='www.dieei.unict.itcorsi', port=80): Max retries exceeded with url: /l-9 (Caused by NewConnectionError('<urllib3.connection.HTTPConnection object at 0x7f34f035d710>: Failed to establish a new connection: [Errno -2] Name or service not known',))
HTTPConnectionPool(host='www.dieei.unict.itcorsi', port=80): Max retries exceeded with url: /l-8-inf (Caused by NewConnectionError('<urllib3.connection.HTTPConnection object at 0x7f34f035d908>: Failed to establish a new connection: [Errno -2] Name or service not known',))
HTTPConnectionPool(host='www.dieei.unict.itcorsi', port=80): Max retries exceeded with url: /lm-25 (Caused by NewConnectionError('<urllib3.connection.HTTPConnection object at 0x7f34f035d7b8>: Failed to establish a new connection: [Errno -2] Name or service not known',))
HTTPConnectionPool(host='www.dieei.unict.itcorsi', port=80): Max retries exceeded with url: /lm-28 (Caused by NewConnectionError('<urllib3.connection.HTTPConnection object at 0x7f34f066fe48>: Failed to establish a new connection: [Errno -2] Name or service not known',))
HTTPConnectionPool(host='www.dieei.unict.itcorsi', port=80): Max retries exceeded with url: /lm-29 (Caused by NewConnectionError('<urllib3.connection.HTTPConnection object at 0x7f34f04c81d0>: Failed to establish a new connection: [Errno -2] Name or service not known',))
HTTPConnectionPool(host='www.dieei.unict.itcorsi', port=80): Max retries exceeded with url: /lm-27 (Caused by NewConnectionError('<urllib3.connection.HTTPConnection object at 0x7f34f050de10>: Failed to establish a new connection: [Errno -2] Name or service not known',))
HTTPConnectionPool(host='www.dieei.unict.itcorsi', port=80): Max retries exceeded with url: /lm-32 (Caused by NewConnectionError('<urllib3.connection.HTTPConnection object at 0x7f34f050d630>: Failed to establish a new connection: [Errno -2] Name or service not known',))
HTTPConnectionPool(host='www.dieei.unict.itcorsi', port=80): Max retries exceeded with url: /l-8-ele (Caused by NewConnectionError('<urllib3.connection.HTTPConnection object at 0x7f34f03cd978>: Failed to establish a new connection: [Errno -2] Name or service not known',))
HTTPConnectionPool(host='www.dieei.unict.itcorsi', port=80): Max retries exceeded with url: /l-9 (Caused by NewConnectionError('<urllib3.connection.HTTPConnection object at 0x7f34f0372320>: Failed to establish a new connection: [Errno -2] Name or service not known',))
HTTPConnectionPool(host='www.dieei.unict.itcorsi', port=80): Max retries exceeded with url: /l-8-inf (Caused by NewConnectionError('<urllib3.connection.HTTPConnection object at 0x7f34f050dac8>: Failed to establish a new connection: [Errno -2] Name or service not known',))
HTTPConnectionPool(host='www.dieei.unict.itcorsi', port=80): Max retries exceeded with url: /lm-25 (Caused by NewConnectionError('<urllib3.connection.HTTPConnection object at 0x7f34f04d9780>: Failed to establish a new connection: [Errno -2] Name or service not known',))
HTTPConnectionPool(host='www.dieei.unict.itcorsi', port=80): Max retries exceeded with url: /lm-28 (Caused by NewConnectionError('<urllib3.connection.HTTPConnection object at 0x7f34f03cdf28>: Failed to establish a new connection: [Errno -2] Name or service not known',))
HTTPConnectionPool(host='www.dieei.unict.itcorsi', port=80): Max retries exceeded with url: /lm-29 (Caused by NewConnectionError('<urllib3.connection.HTTPConnection object at 0x7f34f03cdc88>: Failed to establish a new connection: [Errno -2] Name or service not known',))
HTTPConnectionPool(host='www.dieei.unict.itcorsi', port=80): Max retries exceeded with url: /lm-27 (Caused by NewConnectionError('<urllib3.connection.HTTPConnection object at 0x7f34f03cdbe0>: Failed to establish a new connection: [Errno -2] Name or service not known',))
HTTPConnectionPool(host='www.dieei.unict.itcorsi', port=80): Max retries exceeded with url: /lm-32 (Caused by NewConnectionError('<urllib3.connection.HTTPConnection object at 0x7f34f03cddd8>: Failed to establish a new connection: [Errno -2] Name or service not known',))
HTTPConnectionPool(host='web.dmi.unict.itcorsi', port=80): Max retries exceeded with url: /l-31 (Caused by NewConnectionError('<urllib3.connection.HTTPConnection object at 0x7fc09c0cd550>: Failed to establish a new connection: [Errno -2] Name or service not known',))
HTTPConnectionPool(host='web.dmi.unict.itcorsi', port=80): Max retries exceeded with url: /l-35 (Caused by NewConnectionError('<urllib3.connection.HTTPConnection object at 0x7fc09c0cd4e0>: Failed to establish a new connection: [Errno -2] Name or service not known',))
HTTPConnectionPool(host='web.dmi.unict.itcorsi', port=80): Max retries exceeded with url: /lm-18 (Caused by NewConnectionError('<urllib3.connection.HTTPConnection object at 0x7fc09c0cd550>: Failed to establish a new connection: [Errno -2] Name or service not known',))
HTTPConnectionPool(host='web.dmi.unict.itcorsi', port=80): Max retries exceeded with url: /lm-40 (Caused by NewConnectionError('<urllib3.connection.HTTPConnection object at 0x7fc09c0cd588>: Failed to establish a new connection: [Errno -2] Name or service not known',))
'NoneType' object has no attribute 'find_all'
HTTPConnectionPool(host='web.dmi.unict.itcorsi', port=80): Max retries exceeded with url: /l-31 (Caused by NewConnectionError('<urllib3.connection.HTTPConnection object at 0x7fc09c097ac8>: Failed to establish a new connection: [Errno -2] Name or service not known',))
HTTPConnectionPool(host='web.dmi.unict.itcorsi', port=80): Max retries exceeded with url: /l-35 (Caused by NewConnectionError('<urllib3.connection.HTTPConnection object at 0x7fc09c097b38>: Failed to establish a new connection: [Errno -2] Name or service not known',))
HTTPConnectionPool(host='web.dmi.unict.itcorsi', port=80): Max retries exceeded with url: /lm-18 (Caused by NewConnectionError('<urllib3.connection.HTTPConnection object at 0x7fc09c097ac8>: Failed to establish a new connection: [Errno -2] Name or service not known',))
HTTPConnectionPool(host='web.dmi.unict.itcorsi', port=80): Max retries exceeded with url: /lm-40 (Caused by NewConnectionError('<urllib3.connection.HTTPConnection object at 0x7fc09c097b38>: Failed to establish a new connection: [Errno -2] Name or service not known',))
'NoneType' object has no attribute 'find_all'
HTTPConnectionPool(host='www.dieei.unict.itcorsi', port=80): Max retries exceeded with url: /l-8-ele (Caused by NewConnectionError('<urllib3.connection.HTTPConnection object at 0x7fc07f6ce898>: Failed to establish a new connection: [Errno -2] Name or service not known',))
HTTPConnectionPool(host='www.dieei.unict.itcorsi', port=80): Max retries exceeded with url: /l-9 (Caused by NewConnectionError('<urllib3.connection.HTTPConnection object at 0x7fc07f6ce710>: Failed to establish a new connection: [Errno -2] Name or service not known',))
HTTPConnectionPool(host='www.dieei.unict.itcorsi', port=80): Max retries exceeded with url: /l-8-inf (Caused by NewConnectionError('<urllib3.connection.HTTPConnection object at 0x7fc07f6ce908>: Failed to establish a new connection: [Errno -2] Name or service not known',))
HTTPConnectionPool(host='www.dieei.unict.itcorsi', port=80): Max retries exceeded with url: /lm-25 (Caused by NewConnectionError('<urllib3.connection.HTTPConnection object at 0x7fc07f6ce7b8>: Failed to establish a new connection: [Errno -2] Name or service not known',))
HTTPConnectionPool(host='www.dieei.unict.itcorsi', port=80): Max retries exceeded with url: /lm-28 (Caused by NewConnectionError('<urllib3.connection.HTTPConnection object at 0x7fc07f4e4e48>: Failed to establish a new connection: [Errno -2] Name or service not known',))
HTTPConnectionPool(host='www.dieei.unict.itcorsi', port=80): Max retries exceeded with url: /lm-29 (Caused by NewConnectionError('<urllib3.connection.HTTPConnection object at 0x7fc07f725e48>: Failed to establish a new connection: [Errno -2] Name or service not known',))
HTTPConnectionPool(host='www.dieei.unict.itcorsi', port=80): Max retries exceeded with url: /lm-27 (Caused by NewConnectionError('<urllib3.connection.HTTPConnection object at 0x7fc09c05d8d0>: Failed to establish a new connection: [Errno -2] Name or service not known',))
HTTPConnectionPool(host='www.dieei.unict.itcorsi', port=80): Max retries exceeded with url: /lm-32 (Caused by NewConnectionError('<urllib3.connection.HTTPConnection object at 0x7fc09c05de48>: Failed to establish a new connection: [Errno -2] Name or service not known',))
HTTPConnectionPool(host='www.dieei.unict.itcorsi', port=80): Max retries exceeded with url: /l-8-ele (Caused by NewConnectionError('<urllib3.connection.HTTPConnection object at 0x7fc0a0032be0>: Failed to establish a new connection: [Errno -2] Name or service not known',))
HTTPConnectionPool(host='www.dieei.unict.itcorsi', port=80): Max retries exceeded with url: /l-9 (Caused by NewConnectionError('<urllib3.connection.HTTPConnection object at 0x7fc07f53bc18>: Failed to establish a new connection: [Errno -2] Name or service not known',))
HTTPConnectionPool(host='www.dieei.unict.itcorsi', port=80): Max retries exceeded with url: /l-8-inf (Caused by NewConnectionError('<urllib3.connection.HTTPConnection object at 0x7fc09c05dcc0>: Failed to establish a new connection: [Errno -2] Name or service not known',))
HTTPConnectionPool(host='www.dieei.unict.itcorsi', port=80): Max retries exceeded with url: /lm-25 (Caused by NewConnectionError('<urllib3.connection.HTTPConnection object at 0x7fc09c0f02e8>: Failed to establish a new connection: [Errno -2] Name or service not known',))
HTTPConnectionPool(host='www.dieei.unict.itcorsi', port=80): Max retries exceeded with url: /lm-28 (Caused by NewConnectionError('<urllib3.connection.HTTPConnection object at 0x7fc07f755cf8>: Failed to establish a new connection: [Errno -2] Name or service not known',))
HTTPConnectionPool(host='www.dieei.unict.itcorsi', port=80): Max retries exceeded with url: /lm-29 (Caused by NewConnectionError('<urllib3.connection.HTTPConnection object at 0x7fc09c0f0668>: Failed to establish a new connection: [Errno -2] Name or service not known',))
HTTPConnectionPool(host='www.dieei.unict.itcorsi', port=80): Max retries exceeded with url: /lm-27 (Caused by NewConnectionError('<urllib3.connection.HTTPConnection object at 0x7fc07f755e10>: Failed to establish a new connection: [Errno -2] Name or service not known',))
HTTPConnectionPool(host='www.dieei.unict.itcorsi', port=80): Max retries exceeded with url: /lm-32 (Caused by NewConnectionError('<urllib3.connection.HTTPConnection object at 0x7fc07f755e10>: Failed to establish a new connection: [Errno -2] Name or service not known',))
HTTPConnectionPool(host='web.dmi.unict.itcorsi', port=80): Max retries exceeded with url: /l-31 (Caused by NewConnectionError('<urllib3.connection.HTTPConnection object at 0x7ff6d409fcf8>: Failed to establish a new connection: [Errno -2] Name or service not known',))
HTTPConnectionPool(host='web.dmi.unict.itcorsi', port=80): Max retries exceeded with url: /l-35 (Caused by NewConnectionError('<urllib3.connection.HTTPConnection object at 0x7ff6d409fc18>: Failed to establish a new connection: [Errno -2] Name or service not known',))
HTTPConnectionPool(host='web.dmi.unict.itcorsi', port=80): Max retries exceeded with url: /lm-18 (Caused by NewConnectionError('<urllib3.connection.HTTPConnection object at 0x7ff6d409fcf8>: Failed to establish a new connection: [Errno -2] Name or service not known',))
HTTPConnectionPool(host='web.dmi.unict.itcorsi', port=80): Max retries exceeded with url: /lm-40 (Caused by NewConnectionError('<urllib3.connection.HTTPConnection object at 0x7ff6d409fdd8>: Failed to establish a new connection: [Errno -2] Name or service not known',))
'NoneType' object has no attribute 'find_all'
HTTPConnectionPool(host='web.dmi.unict.itcorsi', port=80): Max retries exceeded with url: /l-31 (Caused by NewConnectionError('<urllib3.connection.HTTPConnection object at 0x7ff6d407fc88>: Failed to establish a new connection: [Errno -2] Name or service not known',))
HTTPConnectionPool(host='web.dmi.unict.itcorsi', port=80): Max retries exceeded with url: /l-35 (Caused by NewConnectionError('<urllib3.connection.HTTPConnection object at 0x7ff6d407fb38>: Failed to establish a new connection: [Errno -2] Name or service not known',))
HTTPConnectionPool(host='web.dmi.unict.itcorsi', port=80): Max retries exceeded with url: /lm-18 (Caused by NewConnectionError('<urllib3.connection.HTTPConnection object at 0x7ff6d407fc88>: Failed to establish a new connection: [Errno -2] Name or service not known',))
HTTPConnectionPool(host='web.dmi.unict.itcorsi', port=80): Max retries exceeded with url: /lm-40 (Caused by NewConnectionError('<urllib3.connection.HTTPConnection object at 0x7ff6d407fb38>: Failed to establish a new connection: [Errno -2] Name or service not known',))
'NoneType' object has no attribute 'find_all'
HTTPConnectionPool(host='www.dieei.unict.itcorsi', port=80): Max retries exceeded with url: /l-8-ele (Caused by NewConnectionError('<urllib3.connection.HTTPConnection object at 0x7ff6b7f8d908>: Failed to establish a new connection: [Errno -2] Name or service not known',))
HTTPConnectionPool(host='www.dieei.unict.itcorsi', port=80): Max retries exceeded with url: /l-9 (Caused by NewConnectionError('<urllib3.connection.HTTPConnection object at 0x7ff6b7f8d780>: Failed to establish a new connection: [Errno -2] Name or service not known',))
HTTPConnectionPool(host='www.dieei.unict.itcorsi', port=80): Max retries exceeded with url: /l-8-inf (Caused by NewConnectionError('<urllib3.connection.HTTPConnection object at 0x7ff6b7f8d978>: Failed to establish a new connection: [Errno -2] Name or service not known',))
HTTPConnectionPool(host='www.dieei.unict.itcorsi', port=80): Max retries exceeded with url: /lm-25 (Caused by NewConnectionError('<urllib3.connection.HTTPConnection object at 0x7ff6b7f8d828>: Failed to establish a new connection: [Errno -2] Name or service not known',))
HTTPConnectionPool(host='www.dieei.unict.itcorsi', port=80): Max retries exceeded with url: /lm-28 (Caused by NewConnectionError('<urllib3.connection.HTTPConnection object at 0x7ff6d408beb8>: Failed to establish a new connection: [Errno -2] Name or service not known',))
HTTPConnectionPool(host='www.dieei.unict.itcorsi', port=80): Max retries exceeded with url: /lm-29 (Caused by NewConnectionError('<urllib3.connection.HTTPConnection object at 0x7ff6d40ae6a0>: Failed to establish a new connection: [Errno -2] Name or service not known',))
HTTPConnectionPool(host='www.dieei.unict.itcorsi', port=80): Max retries exceeded with url: /lm-27 (Caused by NewConnectionError('<urllib3.connection.HTTPConnection object at 0x7ff6d40ae390>: Failed to establish a new connection: [Errno -2] Name or service not known',))
HTTPConnectionPool(host='www.dieei.unict.itcorsi', port=80): Max retries exceeded with url: /lm-32 (Caused by NewConnectionError('<urllib3.connection.HTTPConnection object at 0x7ff6d40ae860>: Failed to establish a new connection: [Errno -2] Name or service not known',))
HTTPConnectionPool(host='www.dieei.unict.itcorsi', port=80): Max retries exceeded with url: /l-8-ele (Caused by NewConnectionError('<urllib3.connection.HTTPConnection object at 0x7ff6b7df1668>: Failed to establish a new connection: [Errno -2] Name or service not known',))
HTTPConnectionPool(host='www.dieei.unict.itcorsi', port=80): Max retries exceeded with url: /l-9 (Caused by NewConnectionError('<urllib3.connection.HTTPConnection object at 0x7ff6b7fb6780>: Failed to establish a new connection: [Errno -2] Name or service not known',))
HTTPConnectionPool(host='www.dieei.unict.itcorsi', port=80): Max retries exceeded with url: /l-8-inf (Caused by NewConnectionError('<urllib3.connection.HTTPConnection object at 0x7ff6b7ef19e8>: Failed to establish a new connection: [Errno -2] Name or service not known',))
HTTPConnectionPool(host='www.dieei.unict.itcorsi', port=80): Max retries exceeded with url: /lm-25 (Caused by NewConnectionError('<urllib3.connection.HTTPConnection object at 0x7ff6b7e9e6d8>: Failed to establish a new connection: [Errno -2] Name or service not known',))
HTTPConnectionPool(host='www.dieei.unict.itcorsi', port=80): Max retries exceeded with url: /lm-28 (Caused by NewConnectionError('<urllib3.connection.HTTPConnection object at 0x7ff6b7c44588>: Failed to establish a new connection: [Errno -2] Name or service not known',))
HTTPConnectionPool(host='www.dieei.unict.itcorsi', port=80): Max retries exceeded with url: /lm-29 (Caused by NewConnectionError('<urllib3.connection.HTTPConnection object at 0x7ff6b7e9ecc0>: Failed to establish a new connection: [Errno -2] Name or service not known',))
HTTPConnectionPool(host='www.dieei.unict.itcorsi', port=80): Max retries exceeded with url: /lm-27 (Caused by NewConnectionError('<urllib3.connection.HTTPConnection object at 0x7ff6b7d31d68>: Failed to establish a new connection: [Errno -2] Name or service not known',))
HTTPConnectionPool(host='www.dieei.unict.itcorsi', port=80): Max retries exceeded with url: /lm-32 (Caused by NewConnectionError('<urllib3.connection.HTTPConnection object at 0x7ff6b7df1a20>: Failed to establish a new connection: [Errno -2] Name or service not known',))
HTTPConnectionPool(host='web.dmi.unict.itcorsi', port=80): Max retries exceeded with url: /l-31 (Caused by NewConnectionError('<urllib3.connection.HTTPConnection object at 0x7f2474385550>: Failed to establish a new connection: [Errno -2] Name or service not known',))
HTTPConnectionPool(host='web.dmi.unict.itcorsi', port=80): Max retries exceeded with url: /l-35 (Caused by NewConnectionError('<urllib3.connection.HTTPConnection object at 0x7f24743855f8>: Failed to establish a new connection: [Errno -2] Name or service not known',))
HTTPConnectionPool(host='web.dmi.unict.itcorsi', port=80): Max retries exceeded with url: /lm-18 (Caused by NewConnectionError('<urllib3.connection.HTTPConnection object at 0x7f24743852b0>: Failed to establish a new connection: [Errno -2] Name or service not known',))
HTTPConnectionPool(host='web.dmi.unict.itcorsi', port=80): Max retries exceeded with url: /lm-40 (Caused by NewConnectionError('<urllib3.connection.HTTPConnection object at 0x7f24743852e8>: Failed to establish a new connection: [Errno -2] Name or service not known',))
'NoneType' object has no attribute 'find_all'
HTTPConnectionPool(host='web.dmi.unict.itcorsi', port=80): Max retries exceeded with url: /l-31 (Caused by NewConnectionError('<urllib3.connection.HTTPConnection object at 0x7f2474347b38>: Failed to establish a new connection: [Errno -2] Name or service not known',))
HTTPConnectionPool(host='web.dmi.unict.itcorsi', port=80): Max retries exceeded with url: /l-35 (Caused by NewConnectionError('<urllib3.connection.HTTPConnection object at 0x7f2474347b38>: Failed to establish a new connection: [Errno -2] Name or service not known',))
HTTPConnectionPool(host='web.dmi.unict.itcorsi', port=80): Max retries exceeded with url: /lm-18 (Caused by NewConnectionError('<urllib3.connection.HTTPConnection object at 0x7f2474347b38>: Failed to establish a new connection: [Errno -2] Name or service not known',))
HTTPConnectionPool(host='web.dmi.unict.itcorsi', port=80): Max retries exceeded with url: /lm-40 (Caused by NewConnectionError('<urllib3.connection.HTTPConnection object at 0x7f2474347b38>: Failed to establish a new connection: [Errno -2] Name or service not known',))
'NoneType' object has no attribute 'find_all'
HTTPConnectionPool(host='www.dieei.unict.itcorsi', port=80): Max retries exceeded with url: /l-8-ele (Caused by NewConnectionError('<urllib3.connection.HTTPConnection object at 0x7f2474326898>: Failed to establish a new connection: [Errno -2] Name or service not known',))
HTTPConnectionPool(host='www.dieei.unict.itcorsi', port=80): Max retries exceeded with url: /l-9 (Caused by NewConnectionError('<urllib3.connection.HTTPConnection object at 0x7f2474326710>: Failed to establish a new connection: [Errno -2] Name or service not known',))
HTTPConnectionPool(host='www.dieei.unict.itcorsi', port=80): Max retries exceeded with url: /l-8-inf (Caused by NewConnectionError('<urllib3.connection.HTTPConnection object at 0x7f2474326908>: Failed to establish a new connection: [Errno -2] Name or service not known',))
HTTPConnectionPool(host='www.dieei.unict.itcorsi', port=80): Max retries exceeded with url: /lm-25 (Caused by NewConnectionError('<urllib3.connection.HTTPConnection object at 0x7f24743267b8>: Failed to establish a new connection: [Errno -2] Name or service not known',))
HTTPConnectionPool(host='www.dieei.unict.itcorsi', port=80): Max retries exceeded with url: /lm-28 (Caused by NewConnectionError('<urllib3.connection.HTTPConnection object at 0x7f245e776e48>: Failed to establish a new connection: [Errno -2] Name or service not known',))
HTTPConnectionPool(host='www.dieei.unict.itcorsi', port=80): Max retries exceeded with url: /lm-29 (Caused by NewConnectionError('<urllib3.connection.HTTPConnection object at 0x7f24742140b8>: Failed to establish a new connection: [Errno -2] Name or service not known',))
HTTPConnectionPool(host='www.dieei.unict.itcorsi', port=80): Max retries exceeded with url: /lm-27 (Caused by NewConnectionError('<urllib3.connection.HTTPConnection object at 0x7f2474160e10>: Failed to establish a new connection: [Errno -2] Name or service not known',))
HTTPConnectionPool(host='www.dieei.unict.itcorsi', port=80): Max retries exceeded with url: /lm-32 (Caused by NewConnectionError('<urllib3.connection.HTTPConnection object at 0x7f2474160630>: Failed to establish a new connection: [Errno -2] Name or service not known',))
HTTPConnectionPool(host='www.dieei.unict.itcorsi', port=80): Max retries exceeded with url: /l-8-ele (Caused by NewConnectionError('<urllib3.connection.HTTPConnection object at 0x7f2474226198>: Failed to establish a new connection: [Errno -2] Name or service not known',))
HTTPConnectionPool(host='www.dieei.unict.itcorsi', port=80): Max retries exceeded with url: /l-9 (Caused by NewConnectionError('<urllib3.connection.HTTPConnection object at 0x7f24772c8668>: Failed to establish a new connection: [Errno -2] Name or service not known',))
HTTPConnectionPool(host='www.dieei.unict.itcorsi', port=80): Max retries exceeded with url: /l-8-inf (Caused by NewConnectionError('<urllib3.connection.HTTPConnection object at 0x7f2474160ac8>: Failed to establish a new connection: [Errno -2] Name or service not known',))
HTTPConnectionPool(host='www.dieei.unict.itcorsi', port=80): Max retries exceeded with url: /lm-25 (Caused by NewConnectionError('<urllib3.connection.HTTPConnection object at 0x7f24740387b8>: Failed to establish a new connection: [Errno -2] Name or service not known',))
HTTPConnectionPool(host='www.dieei.unict.itcorsi', port=80): Max retries exceeded with url: /lm-28 (Caused by NewConnectionError('<urllib3.connection.HTTPConnection object at 0x7f2474226978>: Failed to establish a new connection: [Errno -2] Name or service not known',))
HTTPConnectionPool(host='www.dieei.unict.itcorsi', port=80): Max retries exceeded with url: /lm-29 (Caused by NewConnectionError('<urllib3.connection.HTTPConnection object at 0x7f2474226208>: Failed to establish a new connection: [Errno -2] Name or service not known',))
HTTPConnectionPool(host='www.dieei.unict.itcorsi', port=80): Max retries exceeded with url: /lm-27 (Caused by NewConnectionError('<urllib3.connection.HTTPConnection object at 0x7f2474226128>: Failed to establish a new connection: [Errno -2] Name or service not known',))
HTTPConnectionPool(host='www.dieei.unict.itcorsi', port=80): Max retries exceeded with url: /lm-32 (Caused by NewConnectionError('<urllib3.connection.HTTPConnection object at 0x7f2474226278>: Failed to establish a new connection: [Errno -2] Name or service not known',))
HTTPConnectionPool(host='web.dmi.unict.itcorsi', port=80): Max retries exceeded with url: /l-31 (Caused by NewConnectionError('<urllib3.connection.HTTPConnection object at 0x7f61fc330f98>: Failed to establish a new connection: [Errno -2] Name or service not known',))
HTTPConnectionPool(host='web.dmi.unict.itcorsi', port=80): Max retries exceeded with url: /l-35 (Caused by NewConnectionError('<urllib3.connection.HTTPConnection object at 0x7f61fc330ef0>: Failed to establish a new connection: [Errno -2] Name or service not known',))
HTTPConnectionPool(host='web.dmi.unict.itcorsi', port=80): Max retries exceeded with url: /lm-18 (Caused by NewConnectionError('<urllib3.connection.HTTPConnection object at 0x7f61fc330fd0>: Failed to establish a new connection: [Errno -2] Name or service not known',))
HTTPConnectionPool(host='web.dmi.unict.itcorsi', port=80): Max retries exceeded with url: /lm-40 (Caused by NewConnectionError('<urllib3.connection.HTTPConnection object at 0x7f61fc330f98>: Failed to establish a new connection: [Errno -2] Name or service not known',))
'NoneType' object has no attribute 'find_all'
HTTPConnectionPool(host='web.dmi.unict.itcorsi', port=80): Max retries exceeded with url: /l-31 (Caused by NewConnectionError('<urllib3.connection.HTTPConnection object at 0x7f61fc306a20>: Failed to establish a new connection: [Errno -2] Name or service not known',))
HTTPConnectionPool(host='web.dmi.unict.itcorsi', port=80): Max retries exceeded with url: /l-35 (Caused by NewConnectionError('<urllib3.connection.HTTPConnection object at 0x7f61fc306ba8>: Failed to establish a new connection: [Errno -2] Name or service not known',))
HTTPConnectionPool(host='web.dmi.unict.itcorsi', port=80): Max retries exceeded with url: /lm-18 (Caused by NewConnectionError('<urllib3.connection.HTTPConnection object at 0x7f61fc306a58>: Failed to establish a new connection: [Errno -2] Name or service not known',))
HTTPConnectionPool(host='web.dmi.unict.itcorsi', port=80): Max retries exceeded with url: /lm-40 (Caused by NewConnectionError('<urllib3.connection.HTTPConnection object at 0x7f61fc306a20>: Failed to establish a new connection: [Errno -2] Name or service not known',))
'NoneType' object has no attribute 'find_all'
HTTPConnectionPool(host='www.dieei.unict.itcorsi', port=80): Max retries exceeded with url: /l-8-ele (Caused by NewConnectionError('<urllib3.connection.HTTPConnection object at 0x7f61fc264828>: Failed to establish a new connection: [Errno -2] Name or service not known',))
HTTPConnectionPool(host='www.dieei.unict.itcorsi', port=80): Max retries exceeded with url: /l-9 (Caused by NewConnectionError('<urllib3.connection.HTTPConnection object at 0x7f61fc264780>: Failed to establish a new connection: [Errno -2] Name or service not known',))
HTTPConnectionPool(host='www.dieei.unict.itcorsi', port=80): Max retries exceeded with url: /l-8-inf (Caused by NewConnectionError('<urllib3.connection.HTTPConnection object at 0x7f61fc264898>: Failed to establish a new connection: [Errno -2] Name or service not known',))
HTTPConnectionPool(host='www.dieei.unict.itcorsi', port=80): Max retries exceeded with url: /lm-25 (Caused by NewConnectionError('<urllib3.connection.HTTPConnection object at 0x7f61fc2649e8>: Failed to establish a new connection: [Errno -2] Name or service not known',))
HTTPConnectionPool(host='www.dieei.unict.itcorsi', port=80): Max retries exceeded with url: /lm-28 (Caused by NewConnectionError('<urllib3.connection.HTTPConnection object at 0x7f61fc1052b0>: Failed to establish a new connection: [Errno -2] Name or service not known',))
HTTPConnectionPool(host='www.dieei.unict.itcorsi', port=80): Max retries exceeded with url: /lm-29 (Caused by NewConnectionError('<urllib3.connection.HTTPConnection object at 0x7f61fc330c50>: Failed to establish a new connection: [Errno -2] Name or service not known',))
HTTPConnectionPool(host='www.dieei.unict.itcorsi', port=80): Max retries exceeded with url: /lm-27 (Caused by NewConnectionError('<urllib3.connection.HTTPConnection object at 0x7f61fc222eb8>: Failed to establish a new connection: [Errno -2] Name or service not known',))
HTTPConnectionPool(host='www.dieei.unict.itcorsi', port=80): Max retries exceeded with url: /lm-32 (Caused by NewConnectionError('<urllib3.connection.HTTPConnection object at 0x7f61fc222668>: Failed to establish a new connection: [Errno -2] Name or service not known',))
HTTPConnectionPool(host='www.dieei.unict.itcorsi', port=80): Max retries exceeded with url: /l-8-ele (Caused by NewConnectionError('<urllib3.connection.HTTPConnection object at 0x7f61fc109828>: Failed to establish a new connection: [Errno -2] Name or service not known',))
HTTPConnectionPool(host='www.dieei.unict.itcorsi', port=80): Max retries exceeded with url: /l-9 (Caused by NewConnectionError('<urllib3.connection.HTTPConnection object at 0x7f61fc252470>: Failed to establish a new connection: [Errno -2] Name or service not known',))
HTTPConnectionPool(host='www.dieei.unict.itcorsi', port=80): Max retries exceeded with url: /l-8-inf (Caused by NewConnectionError('<urllib3.connection.HTTPConnection object at 0x7f61fc2320b8>: Failed to establish a new connection: [Errno -2] Name or service not known',))
HTTPConnectionPool(host='www.dieei.unict.itcorsi', port=80): Max retries exceeded with url: /lm-25 (Caused by NewConnectionError('<urllib3.connection.HTTPConnection object at 0x7f61fc222dd8>: Failed to establish a new connection: [Errno -2] Name or service not known',))
HTTPConnectionPool(host='www.dieei.unict.itcorsi', port=80): Max retries exceeded with url: /lm-28 (Caused by NewConnectionError('<urllib3.connection.HTTPConnection object at 0x7f61fc222c50>: Failed to establish a new connection: [Errno -2] Name or service not known',))
HTTPConnectionPool(host='www.dieei.unict.itcorsi', port=80): Max retries exceeded with url: /lm-29 (Caused by NewConnectionError('<urllib3.connection.HTTPConnection object at 0x7f61fc2dc550>: Failed to establish a new connection: [Errno -2] Name or service not known',))
HTTPConnectionPool(host='www.dieei.unict.itcorsi', port=80): Max retries exceeded with url: /lm-27 (Caused by NewConnectionError('<urllib3.connection.HTTPConnection object at 0x7f620021f6d8>: Failed to establish a new connection: [Errno -2] Name or service not known',))
HTTPConnectionPool(host='www.dieei.unict.itcorsi', port=80): Max retries exceeded with url: /lm-32 (Caused by NewConnectionError('<urllib3.connection.HTTPConnection object at 0x7f61fc260ef0>: Failed to establish a new connection: [Errno -2] Name or service not known',))
HTTPConnectionPool(host='web.dmi.unict.itcorsi', port=80): Max retries exceeded with url: /l-31 (Caused by NewConnectionError('<urllib3.connection.HTTPConnection object at 0x7f4bf425f320>: Failed to establish a new connection: [Errno -2] Name or service not known',))
HTTPConnectionPool(host='web.dmi.unict.itcorsi', port=80): Max retries exceeded with url: /l-35 (Caused by NewConnectionError('<urllib3.connection.HTTPConnection object at 0x7f4bf425f390>: Failed to establish a new connection: [Errno -2] Name or service not known',))
HTTPConnectionPool(host='web.dmi.unict.itcorsi', port=80): Max retries exceeded with url: /lm-18 (Caused by NewConnectionError('<urllib3.connection.HTTPConnection object at 0x7f4bf425f2e8>: Failed to establish a new connection: [Errno -2] Name or service not known',))
HTTPConnectionPool(host='web.dmi.unict.itcorsi', port=80): Max retries exceeded with url: /lm-40 (Caused by NewConnectionError('<urllib3.connection.HTTPConnection object at 0x7f4bf425f320>: Failed to establish a new connection: [Errno -2] Name or service not known',))
'NoneType' object has no attribute 'find_all'
HTTPConnectionPool(host='web.dmi.unict.itcorsi', port=80): Max retries exceeded with url: /l-31 (Caused by NewConnectionError('<urllib3.connection.HTTPConnection object at 0x7f4bf423aa58>: Failed to establish a new connection: [Errno -2] Name or service not known',))
HTTPConnectionPool(host='web.dmi.unict.itcorsi', port=80): Max retries exceeded with url: /l-35 (Caused by NewConnectionError('<urllib3.connection.HTTPConnection object at 0x7f4bf423abe0>: Failed to establish a new connection: [Errno -2] Name or service not known',))
HTTPConnectionPool(host='web.dmi.unict.itcorsi', port=80): Max retries exceeded with url: /lm-18 (Caused by NewConnectionError('<urllib3.connection.HTTPConnection object at 0x7f4bf423aa90>: Failed to establish a new connection: [Errno -2] Name or service not known',))
HTTPConnectionPool(host='web.dmi.unict.itcorsi', port=80): Max retries exceeded with url: /lm-40 (Caused by NewConnectionError('<urllib3.connection.HTTPConnection object at 0x7f4bf423aa58>: Failed to establish a new connection: [Errno -2] Name or service not known',))
'NoneType' object has no attribute 'find_all'
HTTPConnectionPool(host='www.dieei.unict.itcorsi', port=80): Max retries exceeded with url: /l-8-ele (Caused by NewConnectionError('<urllib3.connection.HTTPConnection object at 0x7f4bece6e7f0>: Failed to establish a new connection: [Errno -2] Name or service not known',))
HTTPConnectionPool(host='www.dieei.unict.itcorsi', port=80): Max retries exceeded with url: /l-9 (Caused by NewConnectionError('<urllib3.connection.HTTPConnection object at 0x7f4bece6e828>: Failed to establish a new connection: [Errno -2] Name or service not known',))
HTTPConnectionPool(host='www.dieei.unict.itcorsi', port=80): Max retries exceeded with url: /l-8-inf (Caused by NewConnectionError('<urllib3.connection.HTTPConnection object at 0x7f4bece6e9b0>: Failed to establish a new connection: [Errno -2] Name or service not known',))
HTTPConnectionPool(host='www.dieei.unict.itcorsi', port=80): Max retries exceeded with url: /lm-25 (Caused by NewConnectionError('<urllib3.connection.HTTPConnection object at 0x7f4bece6e978>: Failed to establish a new connection: [Errno -2] Name or service not known',))
HTTPConnectionPool(host='www.dieei.unict.itcorsi', port=80): Max retries exceeded with url: /lm-28 (Caused by NewConnectionError('<urllib3.connection.HTTPConnection object at 0x7f4bf416a2e8>: Failed to establish a new connection: [Errno -2] Name or service not known',))
HTTPConnectionPool(host='www.dieei.unict.itcorsi', port=80): Max retries exceeded with url: /lm-29 (Caused by NewConnectionError('<urllib3.connection.HTTPConnection object at 0x7f4bf40ab358>: Failed to establish a new connection: [Errno -2] Name or service not known',))
HTTPConnectionPool(host='www.dieei.unict.itcorsi', port=80): Max retries exceeded with url: /lm-27 (Caused by NewConnectionError('<urllib3.connection.HTTPConnection object at 0x7f4bf40abb70>: Failed to establish a new connection: [Errno -2] Name or service not known',))
HTTPConnectionPool(host='www.dieei.unict.itcorsi', port=80): Max retries exceeded with url: /lm-32 (Caused by NewConnectionError('<urllib3.connection.HTTPConnection object at 0x7f4bece6e4e0>: Failed to establish a new connection: [Errno -2] Name or service not known',))
HTTPConnectionPool(host='www.dieei.unict.itcorsi', port=80): Max retries exceeded with url: /l-8-ele (Caused by NewConnectionError('<urllib3.connection.HTTPConnection object at 0x7f4bf59b3630>: Failed to establish a new connection: [Errno -2] Name or service not known',))
HTTPConnectionPool(host='www.dieei.unict.itcorsi', port=80): Max retries exceeded with url: /l-9 (Caused by NewConnectionError('<urllib3.connection.HTTPConnection object at 0x7f4bece4b7f0>: Failed to establish a new connection: [Errno -2] Name or service not known',))
HTTPConnectionPool(host='www.dieei.unict.itcorsi', port=80): Max retries exceeded with url: /l-8-inf (Caused by NewConnectionError('<urllib3.connection.HTTPConnection object at 0x7f4bf59a3898>: Failed to establish a new connection: [Errno -2] Name or service not known',))
HTTPConnectionPool(host='www.dieei.unict.itcorsi', port=80): Max retries exceeded with url: /lm-25 (Caused by NewConnectionError('<urllib3.connection.HTTPConnection object at 0x7f4bf59a3630>: Failed to establish a new connection: [Errno -2] Name or service not known',))
HTTPConnectionPool(host='www.dieei.unict.itcorsi', port=80): Max retries exceeded with url: /lm-28 (Caused by NewConnectionError('<urllib3.connection.HTTPConnection object at 0x7f4bf5944588>: Failed to establish a new connection: [Errno -2] Name or service not known',))
HTTPConnectionPool(host='www.dieei.unict.itcorsi', port=80): Max retries exceeded with url: /lm-29 (Caused by NewConnectionError('<urllib3.connection.HTTPConnection object at 0x7f4bf40abb38>: Failed to establish a new connection: [Errno -2] Name or service not known',))
HTTPConnectionPool(host='www.dieei.unict.itcorsi', port=80): Max retries exceeded with url: /lm-27 (Caused by NewConnectionError('<urllib3.connection.HTTPConnection object at 0x7f4bf59a3630>: Failed to establish a new connection: [Errno -2] Name or service not known',))
HTTPConnectionPool(host='www.dieei.unict.itcorsi', port=80): Max retries exceeded with url: /lm-32 (Caused by NewConnectionError('<urllib3.connection.HTTPConnection object at 0x7f4bf40abb00>: Failed to establish a new connection: [Errno -2] Name or service not known',))
HTTPConnectionPool(host='web.dmi.unict.itcorsi', port=80): Max retries exceeded with url: /l-31 (Caused by NewConnectionError('<urllib3.connection.HTTPConnection object at 0x7fcd885b2550>: Failed to establish a new connection: [Errno -2] Name or service not known',))
HTTPConnectionPool(host='web.dmi.unict.itcorsi', port=80): Max retries exceeded with url: /l-35 (Caused by NewConnectionError('<urllib3.connection.HTTPConnection object at 0x7fcd885b24e0>: Failed to establish a new connection: [Errno -2] Name or service not known',))
HTTPConnectionPool(host='web.dmi.unict.itcorsi', port=80): Max retries exceeded with url: /lm-18 (Caused by NewConnectionError('<urllib3.connection.HTTPConnection object at 0x7fcd885b2550>: Failed to establish a new connection: [Errno -2] Name or service not known',))
HTTPConnectionPool(host='web.dmi.unict.itcorsi', port=80): Max retries exceeded with url: /lm-40 (Caused by NewConnectionError('<urllib3.connection.HTTPConnection object at 0x7fcd885b2588>: Failed to establish a new connection: [Errno -2] Name or service not known',))
'NoneType' object has no attribute 'find_all'
HTTPConnectionPool(host='web.dmi.unict.itcorsi', port=80): Max retries exceeded with url: /l-31 (Caused by NewConnectionError('<urllib3.connection.HTTPConnection object at 0x7fcd88558b00>: Failed to establish a new connection: [Errno -2] Name or service not known',))
HTTPConnectionPool(host='web.dmi.unict.itcorsi', port=80): Max retries exceeded with url: /l-35 (Caused by NewConnectionError('<urllib3.connection.HTTPConnection object at 0x7fcd88558c88>: Failed to establish a new connection: [Errno -2] Name or service not known',))
HTTPConnectionPool(host='web.dmi.unict.itcorsi', port=80): Max retries exceeded with url: /lm-18 (Caused by NewConnectionError('<urllib3.connection.HTTPConnection object at 0x7fcd88558f60>: Failed to establish a new connection: [Errno -2] Name or service not known',))
HTTPConnectionPool(host='web.dmi.unict.itcorsi', port=80): Max retries exceeded with url: /lm-40 (Caused by NewConnectionError('<urllib3.connection.HTTPConnection object at 0x7fcd88558ac8>: Failed to establish a new connection: [Errno -2] Name or service not known',))
'NoneType' object has no attribute 'find_all'
HTTPConnectionPool(host='www.dieei.unict.itcorsi', port=80): Max retries exceeded with url: /l-8-ele (Caused by NewConnectionError('<urllib3.connection.HTTPConnection object at 0x7fcd88260fd0>: Failed to establish a new connection: [Errno -2] Name or service not known',))
HTTPConnectionPool(host='www.dieei.unict.itcorsi', port=80): Max retries exceeded with url: /l-9 (Caused by NewConnectionError('<urllib3.connection.HTTPConnection object at 0x7fcd88260e48>: Failed to establish a new connection: [Errno -2] Name or service not known',))
HTTPConnectionPool(host='www.dieei.unict.itcorsi', port=80): Max retries exceeded with url: /l-8-inf (Caused by NewConnectionError('<urllib3.connection.HTTPConnection object at 0x7fcd8bca2748>: Failed to establish a new connection: [Errno -2] Name or service not known',))
HTTPConnectionPool(host='www.dieei.unict.itcorsi', port=80): Max retries exceeded with url: /lm-25 (Caused by NewConnectionError('<urllib3.connection.HTTPConnection object at 0x7fcd88199f28>: Failed to establish a new connection: [Errno -2] Name or service not known',))
HTTPConnectionPool(host='www.dieei.unict.itcorsi', port=80): Max retries exceeded with url: /lm-28 (Caused by NewConnectionError('<urllib3.connection.HTTPConnection object at 0x7fcd88199b38>: Failed to establish a new connection: [Errno -2] Name or service not known',))
HTTPConnectionPool(host='www.dieei.unict.itcorsi', port=80): Max retries exceeded with url: /lm-29 (Caused by NewConnectionError('<urllib3.connection.HTTPConnection object at 0x7fcd88199cc0>: Failed to establish a new connection: [Errno -2] Name or service not known',))
HTTPConnectionPool(host='www.dieei.unict.itcorsi', port=80): Max retries exceeded with url: /lm-27 (Caused by NewConnectionError('<urllib3.connection.HTTPConnection object at 0x7fcd88199b38>: Failed to establish a new connection: [Errno -2] Name or service not known',))
HTTPConnectionPool(host='www.dieei.unict.itcorsi', port=80): Max retries exceeded with url: /lm-32 (Caused by NewConnectionError('<urllib3.connection.HTTPConnection object at 0x7fcd882600b8>: Failed to establish a new connection: [Errno -2] Name or service not known',))
HTTPConnectionPool(host='www.dieei.unict.itcorsi', port=80): Max retries exceeded with url: /l-8-ele (Caused by NewConnectionError('<urllib3.connection.HTTPConnection object at 0x7fcd882f59b0>: Failed to establish a new connection: [Errno -2] Name or service not known',))
HTTPConnectionPool(host='www.dieei.unict.itcorsi', port=80): Max retries exceeded with url: /l-9 (Caused by NewConnectionError('<urllib3.connection.HTTPConnection object at 0x7fcd882f5780>: Failed to establish a new connection: [Errno -2] Name or service not known',))
HTTPConnectionPool(host='www.dieei.unict.itcorsi', port=80): Max retries exceeded with url: /l-8-inf (Caused by NewConnectionError('<urllib3.connection.HTTPConnection object at 0x7fcd882f5898>: Failed to establish a new connection: [Errno -2] Name or service not known',))
HTTPConnectionPool(host='www.dieei.unict.itcorsi', port=80): Max retries exceeded with url: /lm-25 (Caused by NewConnectionError('<urllib3.connection.HTTPConnection object at 0x7fcd882f57b8>: Failed to establish a new connection: [Errno -2] Name or service not known',))
HTTPConnectionPool(host='www.dieei.unict.itcorsi', port=80): Max retries exceeded with url: /lm-28 (Caused by NewConnectionError('<urllib3.connection.HTTPConnection object at 0x7fcd882f5748>: Failed to establish a new connection: [Errno -2] Name or service not known',))
HTTPConnectionPool(host='www.dieei.unict.itcorsi', port=80): Max retries exceeded with url: /lm-29 (Caused by NewConnectionError('<urllib3.connection.HTTPConnection object at 0x7fcd88506940>: Failed to establish a new connection: [Errno -2] Name or service not known',))
HTTPConnectionPool(host='www.dieei.unict.itcorsi', port=80): Max retries exceeded with url: /lm-27 (Caused by NewConnectionError('<urllib3.connection.HTTPConnection object at 0x7fcd88506710>: Failed to establish a new connection: [Errno -2] Name or service not known',))
HTTPConnectionPool(host='www.dieei.unict.itcorsi', port=80): Max retries exceeded with url: /lm-32 (Caused by NewConnectionError('<urllib3.connection.HTTPConnection object at 0x7fcd882f5710>: Failed to establish a new connection: [Errno -2] Name or service not known',))
HTTPConnectionPool(host='web.dmi.unict.itcorsi', port=80): Max retries exceeded with url: /l-31 (Caused by NewConnectionError('<urllib3.connection.HTTPConnection object at 0x7f22c86ce2e8>: Failed to establish a new connection: [Errno -2] Name or service not known',))
HTTPConnectionPool(host='web.dmi.unict.itcorsi', port=80): Max retries exceeded with url: /l-35 (Caused by NewConnectionError('<urllib3.connection.HTTPConnection object at 0x7f22c86ce358>: Failed to establish a new connection: [Errno -2] Name or service not known',))
HTTPConnectionPool(host='web.dmi.unict.itcorsi', port=80): Max retries exceeded with url: /lm-18 (Caused by NewConnectionError('<urllib3.connection.HTTPConnection object at 0x7f22c86ce2b0>: Failed to establish a new connection: [Errno -2] Name or service not known',))
HTTPConnectionPool(host='web.dmi.unict.itcorsi', port=80): Max retries exceeded with url: /lm-40 (Caused by NewConnectionError('<urllib3.connection.HTTPConnection object at 0x7f22c86ce2e8>: Failed to establish a new connection: [Errno -2] Name or service not known',))
'NoneType' object has no attribute 'find_all'
HTTPConnectionPool(host='web.dmi.unict.itcorsi', port=80): Max retries exceeded with url: /l-31 (Caused by NewConnectionError('<urllib3.connection.HTTPConnection object at 0x7f22c857fa20>: Failed to establish a new connection: [Errno -2] Name or service not known',))
HTTPConnectionPool(host='web.dmi.unict.itcorsi', port=80): Max retries exceeded with url: /l-35 (Caused by NewConnectionError('<urllib3.connection.HTTPConnection object at 0x7f22c857fba8>: Failed to establish a new connection: [Errno -2] Name or service not known',))
HTTPConnectionPool(host='web.dmi.unict.itcorsi', port=80): Max retries exceeded with url: /lm-18 (Caused by NewConnectionError('<urllib3.connection.HTTPConnection object at 0x7f22c857fa58>: Failed to establish a new connection: [Errno -2] Name or service not known',))
HTTPConnectionPool(host='web.dmi.unict.itcorsi', port=80): Max retries exceeded with url: /lm-40 (Caused by NewConnectionError('<urllib3.connection.HTTPConnection object at 0x7f22c857fa20>: Failed to establish a new connection: [Errno -2] Name or service not known',))
'NoneType' object has no attribute 'find_all'
HTTPConnectionPool(host='www.dieei.unict.itcorsi', port=80): Max retries exceeded with url: /l-8-ele (Caused by NewConnectionError('<urllib3.connection.HTTPConnection object at 0x7f22c82885c0>: Failed to establish a new connection: [Errno -2] Name or service not known',))
HTTPConnectionPool(host='www.dieei.unict.itcorsi', port=80): Max retries exceeded with url: /l-9 (Caused by NewConnectionError('<urllib3.connection.HTTPConnection object at 0x7f22c82887b8>: Failed to establish a new connection: [Errno -2] Name or service not known',))
HTTPConnectionPool(host='www.dieei.unict.itcorsi', port=80): Max retries exceeded with url: /l-8-inf (Caused by NewConnectionError('<urllib3.connection.HTTPConnection object at 0x7f22c82883c8>: Failed to establish a new connection: [Errno -2] Name or service not known',))
HTTPConnectionPool(host='www.dieei.unict.itcorsi', port=80): Max retries exceeded with url: /lm-25 (Caused by NewConnectionError('<urllib3.connection.HTTPConnection object at 0x7f22c8288780>: Failed to establish a new connection: [Errno -2] Name or service not known',))
HTTPConnectionPool(host='www.dieei.unict.itcorsi', port=80): Max retries exceeded with url: /lm-28 (Caused by NewConnectionError('<urllib3.connection.HTTPConnection object at 0x7f22c82886a0>: Failed to establish a new connection: [Errno -2] Name or service not known',))
HTTPConnectionPool(host='www.dieei.unict.itcorsi', port=80): Max retries exceeded with url: /lm-29 (Caused by NewConnectionError('<urllib3.connection.HTTPConnection object at 0x7f22c8288128>: Failed to establish a new connection: [Errno -2] Name or service not known',))
HTTPConnectionPool(host='www.dieei.unict.itcorsi', port=80): Max retries exceeded with url: /lm-27 (Caused by NewConnectionError('<urllib3.connection.HTTPConnection object at 0x7f22c8288780>: Failed to establish a new connection: [Errno -2] Name or service not known',))
HTTPConnectionPool(host='www.dieei.unict.itcorsi', port=80): Max retries exceeded with url: /lm-32 (Caused by NewConnectionError('<urllib3.connection.HTTPConnection object at 0x7f22c82886a0>: Failed to establish a new connection: [Errno -2] Name or service not known',))
HTTPConnectionPool(host='www.dieei.unict.itcorsi', port=80): Max retries exceeded with url: /l-8-ele (Caused by NewConnectionError('<urllib3.connection.HTTPConnection object at 0x7f22c84b4080>: Failed to establish a new connection: [Errno -2] Name or service not known',))
HTTPConnectionPool(host='www.dieei.unict.itcorsi', port=80): Max retries exceeded with url: /l-9 (Caused by NewConnectionError('<urllib3.connection.HTTPConnection object at 0x7f22c82885f8>: Failed to establish a new connection: [Errno -2] Name or service not known',))
HTTPConnectionPool(host='www.dieei.unict.itcorsi', port=80): Max retries exceeded with url: /l-8-inf (Caused by NewConnectionError('<urllib3.connection.HTTPConnection object at 0x7f22c82885f8>: Failed to establish a new connection: [Errno -2] Name or service not known',))
HTTPConnectionPool(host='www.dieei.unict.itcorsi', port=80): Max retries exceeded with url: /lm-25 (Caused by NewConnectionError('<urllib3.connection.HTTPConnection object at 0x7f22c8288208>: Failed to establish a new connection: [Errno -2] Name or service not known',))
HTTPConnectionPool(host='www.dieei.unict.itcorsi', port=80): Max retries exceeded with url: /lm-28 (Caused by NewConnectionError('<urllib3.connection.HTTPConnection object at 0x7f22c84b40b8>: Failed to establish a new connection: [Errno -2] Name or service not known',))
HTTPConnectionPool(host='www.dieei.unict.itcorsi', port=80): Max retries exceeded with url: /lm-29 (Caused by NewConnectionError('<urllib3.connection.HTTPConnection object at 0x7f22c84b4198>: Failed to establish a new connection: [Errno -2] Name or service not known',))
HTTPConnectionPool(host='www.dieei.unict.itcorsi', port=80): Max retries exceeded with url: /lm-27 (Caused by NewConnectionError('<urllib3.connection.HTTPConnection object at 0x7f22c84b40b8>: Failed to establish a new connection: [Errno -2] Name or service not known',))
HTTPConnectionPool(host='www.dieei.unict.itcorsi', port=80): Max retries exceeded with url: /lm-32 (Caused by NewConnectionError('<urllib3.connection.HTTPConnection object at 0x7f22c84b4160>: Failed to establish a new connection: [Errno -2] Name or service not known',))
HTTPConnectionPool(host='web.dmi.unict.itcorsi', port=80): Max retries exceeded with url: /l-31 (Caused by NewConnectionError('<urllib3.connection.HTTPConnection object at 0x7f01680e34e0>: Failed to establish a new connection: [Errno -2] Name or service not known',))
HTTPConnectionPool(host='web.dmi.unict.itcorsi', port=80): Max retries exceeded with url: /l-35 (Caused by NewConnectionError('<urllib3.connection.HTTPConnection object at 0x7f01680e3470>: Failed to establish a new connection: [Errno -2] Name or service not known',))
HTTPConnectionPool(host='web.dmi.unict.itcorsi', port=80): Max retries exceeded with url: /lm-18 (Caused by NewConnectionError('<urllib3.connection.HTTPConnection object at 0x7f01680e34e0>: Failed to establish a new connection: [Errno -2] Name or service not known',))
HTTPConnectionPool(host='web.dmi.unict.itcorsi', port=80): Max retries exceeded with url: /lm-40 (Caused by NewConnectionError('<urllib3.connection.HTTPConnection object at 0x7f01680e3518>: Failed to establish a new connection: [Errno -2] Name or service not known',))
'NoneType' object has no attribute 'find_all'
HTTPConnectionPool(host='web.dmi.unict.itcorsi', port=80): Max retries exceeded with url: /l-31 (Caused by NewConnectionError('<urllib3.connection.HTTPConnection object at 0x7f014bf8b5f8>: Failed to establish a new connection: [Errno -2] Name or service not known',))
HTTPConnectionPool(host='web.dmi.unict.itcorsi', port=80): Max retries exceeded with url: /l-35 (Caused by NewConnectionError('<urllib3.connection.HTTPConnection object at 0x7f014bf8b5f8>: Failed to establish a new connection: [Errno -2] Name or service not known',))
HTTPConnectionPool(host='web.dmi.unict.itcorsi', port=80): Max retries exceeded with url: /lm-18 (Caused by NewConnectionError('<urllib3.connection.HTTPConnection object at 0x7f014bf8b5f8>: Failed to establish a new connection: [Errno -2] Name or service not known',))
HTTPConnectionPool(host='web.dmi.unict.itcorsi', port=80): Max retries exceeded with url: /lm-40 (Caused by NewConnectionError('<urllib3.connection.HTTPConnection object at 0x7f014bf8b5f8>: Failed to establish a new connection: [Errno -2] Name or service not known',))
'NoneType' object has no attribute 'find_all'
HTTPConnectionPool(host='www.dieei.unict.itcorsi', port=80): Max retries exceeded with url: /l-8-ele (Caused by NewConnectionError('<urllib3.connection.HTTPConnection object at 0x7f014bceb2e8>: Failed to establish a new connection: [Errno -2] Name or service not known',))
HTTPConnectionPool(host='www.dieei.unict.itcorsi', port=80): Max retries exceeded with url: /l-9 (Caused by NewConnectionError('<urllib3.connection.HTTPConnection object at 0x7f014bceb2b0>: Failed to establish a new connection: [Errno -2] Name or service not known',))
HTTPConnectionPool(host='www.dieei.unict.itcorsi', port=80): Max retries exceeded with url: /l-8-inf (Caused by NewConnectionError('<urllib3.connection.HTTPConnection object at 0x7f014be5f0f0>: Failed to establish a new connection: [Errno -2] Name or service not known',))
HTTPConnectionPool(host='www.dieei.unict.itcorsi', port=80): Max retries exceeded with url: /lm-25 (Caused by NewConnectionError('<urllib3.connection.HTTPConnection object at 0x7f01680d1b70>: Failed to establish a new connection: [Errno -2] Name or service not known',))
HTTPConnectionPool(host='www.dieei.unict.itcorsi', port=80): Max retries exceeded with url: /lm-28 (Caused by NewConnectionError('<urllib3.connection.HTTPConnection object at 0x7f014bceb048>: Failed to establish a new connection: [Errno -2] Name or service not known',))
HTTPConnectionPool(host='www.dieei.unict.itcorsi', port=80): Max retries exceeded with url: /lm-29 (Caused by NewConnectionError('<urllib3.connection.HTTPConnection object at 0x7f014bceb240>: Failed to establish a new connection: [Errno -2] Name or service not known',))
HTTPConnectionPool(host='www.dieei.unict.itcorsi', port=80): Max retries exceeded with url: /lm-27 (Caused by NewConnectionError('<urllib3.connection.HTTPConnection object at 0x7f014bceb048>: Failed to establish a new connection: [Errno -2] Name or service not known',))
HTTPConnectionPool(host='www.dieei.unict.itcorsi', port=80): Max retries exceeded with url: /lm-32 (Caused by NewConnectionError('<urllib3.connection.HTTPConnection object at 0x7f014bceb278>: Failed to establish a new connection: [Errno -2] Name or service not known',))
HTTPConnectionPool(host='www.dieei.unict.itcorsi', port=80): Max retries exceeded with url: /l-8-ele (Caused by NewConnectionError('<urllib3.connection.HTTPConnection object at 0x7f0168023198>: Failed to establish a new connection: [Errno -2] Name or service not known',))
HTTPConnectionPool(host='www.dieei.unict.itcorsi', port=80): Max retries exceeded with url: /l-9 (Caused by NewConnectionError('<urllib3.connection.HTTPConnection object at 0x7f01680231d0>: Failed to establish a new connection: [Errno -2] Name or service not known',))
HTTPConnectionPool(host='www.dieei.unict.itcorsi', port=80): Max retries exceeded with url: /l-8-inf (Caused by NewConnectionError('<urllib3.connection.HTTPConnection object at 0x7f0168023198>: Failed to establish a new connection: [Errno -2] Name or service not known',))
HTTPConnectionPool(host='www.dieei.unict.itcorsi', port=80): Max retries exceeded with url: /lm-25 (Caused by NewConnectionError('<urllib3.connection.HTTPConnection object at 0x7f0168023358>: Failed to establish a new connection: [Errno -2] Name or service not known',))
HTTPConnectionPool(host='www.dieei.unict.itcorsi', port=80): Max retries exceeded with url: /lm-28 (Caused by NewConnectionError('<urllib3.connection.HTTPConnection object at 0x7f01680232b0>: Failed to establish a new connection: [Errno -2] Name or service not known',))
HTTPConnectionPool(host='www.dieei.unict.itcorsi', port=80): Max retries exceeded with url: /lm-29 (Caused by NewConnectionError('<urllib3.connection.HTTPConnection object at 0x7f0168023240>: Failed to establish a new connection: [Errno -2] Name or service not known',))
HTTPConnectionPool(host='www.dieei.unict.itcorsi', port=80): Max retries exceeded with url: /lm-27 (Caused by NewConnectionError('<urllib3.connection.HTTPConnection object at 0x7f0168023208>: Failed to establish a new connection: [Errno -2] Name or service not known',))
HTTPConnectionPool(host='www.dieei.unict.itcorsi', port=80): Max retries exceeded with url: /lm-32 (Caused by NewConnectionError('<urllib3.connection.HTTPConnection object at 0x7f01680230b8>: Failed to establish a new connection: [Errno -2] Name or service not known',))
HTTPConnectionPool(host='web.dmi.unict.itcorsi', port=80): Max retries exceeded with url: /l-31 (Caused by NewConnectionError('<urllib3.connection.HTTPConnection object at 0x7f19e81dad68>: Failed to establish a new connection: [Errno -2] Name or service not known',))
HTTPConnectionPool(host='web.dmi.unict.itcorsi', port=80): Max retries exceeded with url: /l-35 (Caused by NewConnectionError('<urllib3.connection.HTTPConnection object at 0x7f19e81dacc0>: Failed to establish a new connection: [Errno -2] Name or service not known',))
HTTPConnectionPool(host='web.dmi.unict.itcorsi', port=80): Max retries exceeded with url: /lm-18 (Caused by NewConnectionError('<urllib3.connection.HTTPConnection object at 0x7f19e81daf98>: Failed to establish a new connection: [Errno -2] Name or service not known',))
HTTPConnectionPool(host='web.dmi.unict.itcorsi', port=80): Max retries exceeded with url: /lm-40 (Caused by NewConnectionError('<urllib3.connection.HTTPConnection object at 0x7f19e81da8d0>: Failed to establish a new connection: [Errno -2] Name or service not known',))
'NoneType' object has no attribute 'find_all'
HTTPConnectionPool(host='web.dmi.unict.itcorsi', port=80): Max retries exceeded with url: /l-31 (Caused by NewConnectionError('<urllib3.connection.HTTPConnection object at 0x7f19e809eb00>: Failed to establish a new connection: [Errno -2] Name or service not known',))
HTTPConnectionPool(host='web.dmi.unict.itcorsi', port=80): Max retries exceeded with url: /l-35 (Caused by NewConnectionError('<urllib3.connection.HTTPConnection object at 0x7f19e809eb00>: Failed to establish a new connection: [Errno -2] Name or service not known',))
HTTPConnectionPool(host='web.dmi.unict.itcorsi', port=80): Max retries exceeded with url: /lm-18 (Caused by NewConnectionError('<urllib3.connection.HTTPConnection object at 0x7f19e809eb00>: Failed to establish a new connection: [Errno -2] Name or service not known',))
HTTPConnectionPool(host='web.dmi.unict.itcorsi', port=80): Max retries exceeded with url: /lm-40 (Caused by NewConnectionError('<urllib3.connection.HTTPConnection object at 0x7f19e809eb00>: Failed to establish a new connection: [Errno -2] Name or service not known',))
'NoneType' object has no attribute 'find_all'
HTTPConnectionPool(host='www.dieei.unict.itcorsi', port=80): Max retries exceeded with url: /l-8-ele (Caused by NewConnectionError('<urllib3.connection.HTTPConnection object at 0x7f19e8157c50>: Failed to establish a new connection: [Errno -2] Name or service not known',))
HTTPConnectionPool(host='www.dieei.unict.itcorsi', port=80): Max retries exceeded with url: /l-9 (Caused by NewConnectionError('<urllib3.connection.HTTPConnection object at 0x7f19e8157e10>: Failed to establish a new connection: [Errno -2] Name or service not known',))
HTTPConnectionPool(host='www.dieei.unict.itcorsi', port=80): Max retries exceeded with url: /l-8-inf (Caused by NewConnectionError('<urllib3.connection.HTTPConnection object at 0x7f19e0f13208>: Failed to establish a new connection: [Errno -2] Name or service not known',))
HTTPConnectionPool(host='www.dieei.unict.itcorsi', port=80): Max retries exceeded with url: /lm-25 (Caused by NewConnectionError('<urllib3.connection.HTTPConnection object at 0x7f19e8157b00>: Failed to establish a new connection: [Errno -2] Name or service not known',))
HTTPConnectionPool(host='www.dieei.unict.itcorsi', port=80): Max retries exceeded with url: /lm-28 (Caused by NewConnectionError('<urllib3.connection.HTTPConnection object at 0x7f19e8157978>: Failed to establish a new connection: [Errno -2] Name or service not known',))
HTTPConnectionPool(host='www.dieei.unict.itcorsi', port=80): Max retries exceeded with url: /lm-29 (Caused by NewConnectionError('<urllib3.connection.HTTPConnection object at 0x7f19e81579b0>: Failed to establish a new connection: [Errno -2] Name or service not known',))
HTTPConnectionPool(host='www.dieei.unict.itcorsi', port=80): Max retries exceeded with url: /lm-27 (Caused by NewConnectionError('<urllib3.connection.HTTPConnection object at 0x7f19e81575f8>: Failed to establish a new connection: [Errno -2] Name or service not known',))
HTTPConnectionPool(host='www.dieei.unict.itcorsi', port=80): Max retries exceeded with url: /lm-32 (Caused by NewConnectionError('<urllib3.connection.HTTPConnection object at 0x7f19e8157d30>: Failed to establish a new connection: [Errno -2] Name or service not known',))
HTTPConnectionPool(host='www.dieei.unict.itcorsi', port=80): Max retries exceeded with url: /l-8-ele (Caused by NewConnectionError('<urllib3.connection.HTTPConnection object at 0x7f19e0ff4e48>: Failed to establish a new connection: [Errno -2] Name or service not known',))
HTTPConnectionPool(host='www.dieei.unict.itcorsi', port=80): Max retries exceeded with url: /l-9 (Caused by NewConnectionError('<urllib3.connection.HTTPConnection object at 0x7f19e0ff4cf8>: Failed to establish a new connection: [Errno -2] Name or service not known',))
HTTPConnectionPool(host='www.dieei.unict.itcorsi', port=80): Max retries exceeded with url: /l-8-inf (Caused by NewConnectionError('<urllib3.connection.HTTPConnection object at 0x7f19e0ff45f8>: Failed to establish a new connection: [Errno -2] Name or service not known',))
HTTPConnectionPool(host='www.dieei.unict.itcorsi', port=80): Max retries exceeded with url: /lm-25 (Caused by NewConnectionError('<urllib3.connection.HTTPConnection object at 0x7f19e0ff4da0>: Failed to establish a new connection: [Errno -2] Name or service not known',))
HTTPConnectionPool(host='www.dieei.unict.itcorsi', port=80): Max retries exceeded with url: /lm-28 (Caused by NewConnectionError('<urllib3.connection.HTTPConnection object at 0x7f19e0ff4cf8>: Failed to establish a new connection: [Errno -2] Name or service not known',))
HTTPConnectionPool(host='www.dieei.unict.itcorsi', port=80): Max retries exceeded with url: /lm-29 (Caused by NewConnectionError('<urllib3.connection.HTTPConnection object at 0x7f19e0ff45f8>: Failed to establish a new connection: [Errno -2] Name or service not known',))
HTTPConnectionPool(host='www.dieei.unict.itcorsi', port=80): Max retries exceeded with url: /lm-27 (Caused by NewConnectionError('<urllib3.connection.HTTPConnection object at 0x7f19e0ff4cf8>: Failed to establish a new connection: [Errno -2] Name or service not known',))
HTTPConnectionPool(host='www.dieei.unict.itcorsi', port=80): Max retries exceeded with url: /lm-32 (Caused by NewConnectionError('<urllib3.connection.HTTPConnection object at 0x7f19e0ff45f8>: Failed to establish a new connection: [Errno -2] Name or service not known',))
HTTPConnectionPool(host='web.dmi.unict.itcorsi', port=80): Max retries exceeded with url: /l-31 (Caused by NewConnectionError('<urllib3.connection.HTTPConnection object at 0x7f8dccfbb518>: Failed to establish a new connection: [Errno -2] Name or service not known',))
HTTPConnectionPool(host='web.dmi.unict.itcorsi', port=80): Max retries exceeded with url: /l-35 (Caused by NewConnectionError('<urllib3.connection.HTTPConnection object at 0x7f8dccfbb5c0>: Failed to establish a new connection: [Errno -2] Name or service not known',))
HTTPConnectionPool(host='web.dmi.unict.itcorsi', port=80): Max retries exceeded with url: /lm-18 (Caused by NewConnectionError('<urllib3.connection.HTTPConnection object at 0x7f8dccfbb2b0>: Failed to establish a new connection: [Errno -2] Name or service not known',))
HTTPConnectionPool(host='web.dmi.unict.itcorsi', port=80): Max retries exceeded with url: /lm-40 (Caused by NewConnectionError('<urllib3.connection.HTTPConnection object at 0x7f8dccfbb240>: Failed to establish a new connection: [Errno -2] Name or service not known',))
'NoneType' object has no attribute 'find_all'
HTTPConnectionPool(host='web.dmi.unict.itcorsi', port=80): Max retries exceeded with url: /l-31 (Caused by NewConnectionError('<urllib3.connection.HTTPConnection object at 0x7f8dccfb5b00>: Failed to establish a new connection: [Errno -2] Name or service not known',))
HTTPConnectionPool(host='web.dmi.unict.itcorsi', port=80): Max retries exceeded with url: /l-35 (Caused by NewConnectionError('<urllib3.connection.HTTPConnection object at 0x7f8dccfb5b00>: Failed to establish a new connection: [Errno -2] Name or service not known',))
HTTPConnectionPool(host='web.dmi.unict.itcorsi', port=80): Max retries exceeded with url: /lm-18 (Caused by NewConnectionError('<urllib3.connection.HTTPConnection object at 0x7f8dccfb5b00>: Failed to establish a new connection: [Errno -2] Name or service not known',))
HTTPConnectionPool(host='web.dmi.unict.itcorsi', port=80): Max retries exceeded with url: /lm-40 (Caused by NewConnectionError('<urllib3.connection.HTTPConnection object at 0x7f8dccfb5b00>: Failed to establish a new connection: [Errno -2] Name or service not known',))
'NoneType' object has no attribute 'find_all'
HTTPConnectionPool(host='www.dieei.unict.itcorsi', port=80): Max retries exceeded with url: /l-8-ele (Caused by NewConnectionError('<urllib3.connection.HTTPConnection object at 0x7f8dccc62a58>: Failed to establish a new connection: [Errno -2] Name or service not known',))
HTTPConnectionPool(host='www.dieei.unict.itcorsi', port=80): Max retries exceeded with url: /l-9 (Caused by NewConnectionError('<urllib3.connection.HTTPConnection object at 0x7f8dccb2b2b0>: Failed to establish a new connection: [Errno -2] Name or service not known',))
HTTPConnectionPool(host='www.dieei.unict.itcorsi', port=80): Max retries exceeded with url: /l-8-inf (Caused by NewConnectionError('<urllib3.connection.HTTPConnection object at 0x7f8dcce7e128>: Failed to establish a new connection: [Errno -2] Name or service not known',))
HTTPConnectionPool(host='www.dieei.unict.itcorsi', port=80): Max retries exceeded with url: /lm-25 (Caused by NewConnectionError('<urllib3.connection.HTTPConnection object at 0x7f8dcccf90b8>: Failed to establish a new connection: [Errno -2] Name or service not known',))
HTTPConnectionPool(host='www.dieei.unict.itcorsi', port=80): Max retries exceeded with url: /lm-28 (Caused by NewConnectionError('<urllib3.connection.HTTPConnection object at 0x7f8dcccf9160>: Failed to establish a new connection: [Errno -2] Name or service not known',))
HTTPConnectionPool(host='www.dieei.unict.itcorsi', port=80): Max retries exceeded with url: /lm-29 (Caused by NewConnectionError('<urllib3.connection.HTTPConnection object at 0x7f8dcccc8f28>: Failed to establish a new connection: [Errno -2] Name or service not known',))
HTTPConnectionPool(host='www.dieei.unict.itcorsi', port=80): Max retries exceeded with url: /lm-27 (Caused by NewConnectionError('<urllib3.connection.HTTPConnection object at 0x7f8dcccc8eb8>: Failed to establish a new connection: [Errno -2] Name or service not known',))
HTTPConnectionPool(host='www.dieei.unict.itcorsi', port=80): Max retries exceeded with url: /lm-32 (Caused by NewConnectionError('<urllib3.connection.HTTPConnection object at 0x7f8dcccc8f60>: Failed to establish a new connection: [Errno -2] Name or service not known',))
HTTPConnectionPool(host='www.dieei.unict.itcorsi', port=80): Max retries exceeded with url: /l-8-ele (Caused by NewConnectionError('<urllib3.connection.HTTPConnection object at 0x7f8dccd1c240>: Failed to establish a new connection: [Errno -2] Name or service not known',))
HTTPConnectionPool(host='www.dieei.unict.itcorsi', port=80): Max retries exceeded with url: /l-9 (Caused by NewConnectionError('<urllib3.connection.HTTPConnection object at 0x7f8dccd15470>: Failed to establish a new connection: [Errno -2] Name or service not known',))
HTTPConnectionPool(host='www.dieei.unict.itcorsi', port=80): Max retries exceeded with url: /l-8-inf (Caused by NewConnectionError('<urllib3.connection.HTTPConnection object at 0x7f8dccd15470>: Failed to establish a new connection: [Errno -2] Name or service not known',))
HTTPConnectionPool(host='www.dieei.unict.itcorsi', port=80): Max retries exceeded with url: /lm-25 (Caused by NewConnectionError('<urllib3.connection.HTTPConnection object at 0x7f8dccd15240>: Failed to establish a new connection: [Errno -2] Name or service not known',))
HTTPConnectionPool(host='www.dieei.unict.itcorsi', port=80): Max retries exceeded with url: /lm-28 (Caused by NewConnectionError('<urllib3.connection.HTTPConnection object at 0x7f8dccd15400>: Failed to establish a new connection: [Errno -2] Name or service not known',))
HTTPConnectionPool(host='www.dieei.unict.itcorsi', port=80): Max retries exceeded with url: /lm-29 (Caused by NewConnectionError('<urllib3.connection.HTTPConnection object at 0x7f8dccd155c0>: Failed to establish a new connection: [Errno -2] Name or service not known',))
HTTPConnectionPool(host='www.dieei.unict.itcorsi', port=80): Max retries exceeded with url: /lm-27 (Caused by NewConnectionError('<urllib3.connection.HTTPConnection object at 0x7f8dccd15470>: Failed to establish a new connection: [Errno -2] Name or service not known',))
HTTPConnectionPool(host='www.dieei.unict.itcorsi', port=80): Max retries exceeded with url: /lm-32 (Caused by NewConnectionError('<urllib3.connection.HTTPConnection object at 0x7f8dccd15400>: Failed to establish a new connection: [Errno -2] Name or service not known',))
HTTPConnectionPool(host='web.dmi.unict.itcorsi', port=80): Max retries exceeded with url: /l-31 (Caused by NewConnectionError('<urllib3.connection.HTTPConnection object at 0x7f1b70234320>: Failed to establish a new connection: [Errno -2] Name or service not known',))
HTTPConnectionPool(host='web.dmi.unict.itcorsi', port=80): Max retries exceeded with url: /l-35 (Caused by NewConnectionError('<urllib3.connection.HTTPConnection object at 0x7f1b70234390>: Failed to establish a new connection: [Errno -2] Name or service not known',))
HTTPConnectionPool(host='web.dmi.unict.itcorsi', port=80): Max retries exceeded with url: /lm-18 (Caused by NewConnectionError('<urllib3.connection.HTTPConnection object at 0x7f1b702342e8>: Failed to establish a new connection: [Errno -2] Name or service not known',))
HTTPConnectionPool(host='web.dmi.unict.itcorsi', port=80): Max retries exceeded with url: /lm-40 (Caused by NewConnectionError('<urllib3.connection.HTTPConnection object at 0x7f1b70234320>: Failed to establish a new connection: [Errno -2] Name or service not known',))
'NoneType' object has no attribute 'find_all'
HTTPConnectionPool(host='web.dmi.unict.itcorsi', port=80): Max retries exceeded with url: /l-31 (Caused by NewConnectionError('<urllib3.connection.HTTPConnection object at 0x7f1b7020ea58>: Failed to establish a new connection: [Errno -2] Name or service not known',))
HTTPConnectionPool(host='web.dmi.unict.itcorsi', port=80): Max retries exceeded with url: /l-35 (Caused by NewConnectionError('<urllib3.connection.HTTPConnection object at 0x7f1b7020ebe0>: Failed to establish a new connection: [Errno -2] Name or service not known',))
HTTPConnectionPool(host='web.dmi.unict.itcorsi', port=80): Max retries exceeded with url: /lm-18 (Caused by NewConnectionError('<urllib3.connection.HTTPConnection object at 0x7f1b7020ea90>: Failed to establish a new connection: [Errno -2] Name or service not known',))
HTTPConnectionPool(host='web.dmi.unict.itcorsi', port=80): Max retries exceeded with url: /lm-40 (Caused by NewConnectionError('<urllib3.connection.HTTPConnection object at 0x7f1b7020ea58>: Failed to establish a new connection: [Errno -2] Name or service not known',))
'NoneType' object has no attribute 'find_all'
HTTPConnectionPool(host='www.dieei.unict.itcorsi', port=80): Max retries exceeded with url: /l-8-ele (Caused by NewConnectionError('<urllib3.connection.HTTPConnection object at 0x7f1b7028cb00>: Failed to establish a new connection: [Errno -2] Name or service not known',))
HTTPConnectionPool(host='www.dieei.unict.itcorsi', port=80): Max retries exceeded with url: /l-9 (Caused by NewConnectionError('<urllib3.connection.HTTPConnection object at 0x7f1b5ae74518>: Failed to establish a new connection: [Errno -2] Name or service not known',))
HTTPConnectionPool(host='www.dieei.unict.itcorsi', port=80): Max retries exceeded with url: /l-8-inf (Caused by NewConnectionError('<urllib3.connection.HTTPConnection object at 0x7f1b5adff048>: Failed to establish a new connection: [Errno -2] Name or service not known',))
HTTPConnectionPool(host='www.dieei.unict.itcorsi', port=80): Max retries exceeded with url: /lm-25 (Caused by NewConnectionError('<urllib3.connection.HTTPConnection object at 0x7f1b5adff9e8>: Failed to establish a new connection: [Errno -2] Name or service not known',))
HTTPConnectionPool(host='www.dieei.unict.itcorsi', port=80): Max retries exceeded with url: /lm-28 (Caused by NewConnectionError('<urllib3.connection.HTTPConnection object at 0x7f1b702157b8>: Failed to establish a new connection: [Errno -2] Name or service not known',))
HTTPConnectionPool(host='www.dieei.unict.itcorsi', port=80): Max retries exceeded with url: /lm-29 (Caused by NewConnectionError('<urllib3.connection.HTTPConnection object at 0x7f1b70215710>: Failed to establish a new connection: [Errno -2] Name or service not known',))
HTTPConnectionPool(host='www.dieei.unict.itcorsi', port=80): Max retries exceeded with url: /lm-27 (Caused by NewConnectionError('<urllib3.connection.HTTPConnection object at 0x7f1b702159e8>: Failed to establish a new connection: [Errno -2] Name or service not known',))
HTTPConnectionPool(host='www.dieei.unict.itcorsi', port=80): Max retries exceeded with url: /lm-32 (Caused by NewConnectionError('<urllib3.connection.HTTPConnection object at 0x7f1b70215a90>: Failed to establish a new connection: [Errno -2] Name or service not known',))
HTTPConnectionPool(host='www.dieei.unict.itcorsi', port=80): Max retries exceeded with url: /l-8-ele (Caused by NewConnectionError('<urllib3.connection.HTTPConnection object at 0x7f1b70198278>: Failed to establish a new connection: [Errno -2] Name or service not known',))
HTTPConnectionPool(host='www.dieei.unict.itcorsi', port=80): Max retries exceeded with url: /l-9 (Caused by NewConnectionError('<urllib3.connection.HTTPConnection object at 0x7f1b701982b0>: Failed to establish a new connection: [Errno -2] Name or service not known',))
HTTPConnectionPool(host='www.dieei.unict.itcorsi', port=80): Max retries exceeded with url: /l-8-inf (Caused by NewConnectionError('<urllib3.connection.HTTPConnection object at 0x7f1b70198438>: Failed to establish a new connection: [Errno -2] Name or service not known',))
HTTPConnectionPool(host='www.dieei.unict.itcorsi', port=80): Max retries exceeded with url: /lm-25 (Caused by NewConnectionError('<urllib3.connection.HTTPConnection object at 0x7f1b701982b0>: Failed to establish a new connection: [Errno -2] Name or service not known',))
HTTPConnectionPool(host='www.dieei.unict.itcorsi', port=80): Max retries exceeded with url: /lm-28 (Caused by NewConnectionError('<urllib3.connection.HTTPConnection object at 0x7f1b70198198>: Failed to establish a new connection: [Errno -2] Name or service not known',))
HTTPConnectionPool(host='www.dieei.unict.itcorsi', port=80): Max retries exceeded with url: /lm-29 (Caused by NewConnectionError('<urllib3.connection.HTTPConnection object at 0x7f1b70198400>: Failed to establish a new connection: [Errno -2] Name or service not known',))
HTTPConnectionPool(host='www.dieei.unict.itcorsi', port=80): Max retries exceeded with url: /lm-27 (Caused by NewConnectionError('<urllib3.connection.HTTPConnection object at 0x7f1b5adffba8>: Failed to establish a new connection: [Errno -2] Name or service not known',))
HTTPConnectionPool(host='www.dieei.unict.itcorsi', port=80): Max retries exceeded with url: /lm-32 (Caused by NewConnectionError('<urllib3.connection.HTTPConnection object at 0x7f1b70198208>: Failed to establish a new connection: [Errno -2] Name or service not known',))
HTTPConnectionPool(host='web.dmi.unict.itcorsi', port=80): Max retries exceeded with url: /l-31 (Caused by NewConnectionError('<urllib3.connection.HTTPConnection object at 0x7fa2540acd68>: Failed to establish a new connection: [Errno -2] Name or service not known',))
HTTPConnectionPool(host='web.dmi.unict.itcorsi', port=80): Max retries exceeded with url: /l-35 (Caused by NewConnectionError('<urllib3.connection.HTTPConnection object at 0x7fa2540accc0>: Failed to establish a new connection: [Errno -2] Name or service not known',))
HTTPConnectionPool(host='web.dmi.unict.itcorsi', port=80): Max retries exceeded with url: /lm-18 (Caused by NewConnectionError('<urllib3.connection.HTTPConnection object at 0x7fa2540acf98>: Failed to establish a new connection: [Errno -2] Name or service not known',))
HTTPConnectionPool(host='web.dmi.unict.itcorsi', port=80): Max retries exceeded with url: /lm-40 (Caused by NewConnectionError('<urllib3.connection.HTTPConnection object at 0x7fa2540ac8d0>: Failed to establish a new connection: [Errno -2] Name or service not known',))
'NoneType' object has no attribute 'find_all'
HTTPConnectionPool(host='web.dmi.unict.itcorsi', port=80): Max retries exceeded with url: /l-31 (Caused by NewConnectionError('<urllib3.connection.HTTPConnection object at 0x7fa254098b00>: Failed to establish a new connection: [Errno -2] Name or service not known',))
HTTPConnectionPool(host='web.dmi.unict.itcorsi', port=80): Max retries exceeded with url: /l-35 (Caused by NewConnectionError('<urllib3.connection.HTTPConnection object at 0x7fa254098b00>: Failed to establish a new connection: [Errno -2] Name or service not known',))
HTTPConnectionPool(host='web.dmi.unict.itcorsi', port=80): Max retries exceeded with url: /lm-18 (Caused by NewConnectionError('<urllib3.connection.HTTPConnection object at 0x7fa254098b00>: Failed to establish a new connection: [Errno -2] Name or service not known',))
HTTPConnectionPool(host='web.dmi.unict.itcorsi', port=80): Max retries exceeded with url: /lm-40 (Caused by NewConnectionError('<urllib3.connection.HTTPConnection object at 0x7fa254098b00>: Failed to establish a new connection: [Errno -2] Name or service not known',))
'NoneType' object has no attribute 'find_all'
HTTPConnectionPool(host='www.dieei.unict.itcorsi', port=80): Max retries exceeded with url: /l-8-ele (Caused by NewConnectionError('<urllib3.connection.HTTPConnection object at 0x7fa24cd68ef0>: Failed to establish a new connection: [Errno -2] Name or service not known',))
HTTPConnectionPool(host='www.dieei.unict.itcorsi', port=80): Max retries exceeded with url: /l-9 (Caused by NewConnectionError('<urllib3.connection.HTTPConnection object at 0x7fa24cd68fd0>: Failed to establish a new connection: [Errno -2] Name or service not known',))
HTTPConnectionPool(host='www.dieei.unict.itcorsi', port=80): Max retries exceeded with url: /l-8-inf (Caused by NewConnectionError('<urllib3.connection.HTTPConnection object at 0x7fa24cd68ef0>: Failed to establish a new connection: [Errno -2] Name or service not known',))
HTTPConnectionPool(host='www.dieei.unict.itcorsi', port=80): Max retries exceeded with url: /lm-25 (Caused by NewConnectionError('<urllib3.connection.HTTPConnection object at 0x7fa24cd685c0>: Failed to establish a new connection: [Errno -2] Name or service not known',))
HTTPConnectionPool(host='www.dieei.unict.itcorsi', port=80): Max retries exceeded with url: /lm-28 (Caused by NewConnectionError('<urllib3.connection.HTTPConnection object at 0x7fa24cd68e10>: Failed to establish a new connection: [Errno -2] Name or service not known',))
HTTPConnectionPool(host='www.dieei.unict.itcorsi', port=80): Max retries exceeded with url: /lm-29 (Caused by NewConnectionError('<urllib3.connection.HTTPConnection object at 0x7fa24cd68390>: Failed to establish a new connection: [Errno -2] Name or service not known',))
HTTPConnectionPool(host='www.dieei.unict.itcorsi', port=80): Max retries exceeded with url: /lm-27 (Caused by NewConnectionError('<urllib3.connection.HTTPConnection object at 0x7fa24cd685c0>: Failed to establish a new connection: [Errno -2] Name or service not known',))
HTTPConnectionPool(host='www.dieei.unict.itcorsi', port=80): Max retries exceeded with url: /lm-32 (Caused by NewConnectionError('<urllib3.connection.HTTPConnection object at 0x7fa24cd68e48>: Failed to establish a new connection: [Errno -2] Name or service not known',))
HTTPConnectionPool(host='www.dieei.unict.itcorsi', port=80): Max retries exceeded with url: /l-8-ele (Caused by NewConnectionError('<urllib3.connection.HTTPConnection object at 0x7fa24cdaf0f0>: Failed to establish a new connection: [Errno -2] Name or service not known',))
HTTPConnectionPool(host='www.dieei.unict.itcorsi', port=80): Max retries exceeded with url: /l-9 (Caused by NewConnectionError('<urllib3.connection.HTTPConnection object at 0x7fa24cf0d320>: Failed to establish a new connection: [Errno -2] Name or service not known',))
HTTPConnectionPool(host='www.dieei.unict.itcorsi', port=80): Max retries exceeded with url: /l-8-inf (Caused by NewConnectionError('<urllib3.connection.HTTPConnection object at 0x7fa24cf0d320>: Failed to establish a new connection: [Errno -2] Name or service not known',))
HTTPConnectionPool(host='www.dieei.unict.itcorsi', port=80): Max retries exceeded with url: /lm-25 (Caused by NewConnectionError('<urllib3.connection.HTTPConnection object at 0x7fa24cf0d4e0>: Failed to establish a new connection: [Errno -2] Name or service not known',))
HTTPConnectionPool(host='www.dieei.unict.itcorsi', port=80): Max retries exceeded with url: /lm-28 (Caused by NewConnectionError('<urllib3.connection.HTTPConnection object at 0x7fa24cf0d4a8>: Failed to establish a new connection: [Errno -2] Name or service not known',))
HTTPConnectionPool(host='www.dieei.unict.itcorsi', port=80): Max retries exceeded with url: /lm-29 (Caused by NewConnectionError('<urllib3.connection.HTTPConnection object at 0x7fa24cf0d358>: Failed to establish a new connection: [Errno -2] Name or service not known',))
HTTPConnectionPool(host='www.dieei.unict.itcorsi', port=80): Max retries exceeded with url: /lm-27 (Caused by NewConnectionError('<urllib3.connection.HTTPConnection object at 0x7fa24cf0df60>: Failed to establish a new connection: [Errno -2] Name or service not known',))
HTTPConnectionPool(host='www.dieei.unict.itcorsi', port=80): Max retries exceeded with url: /lm-32 (Caused by NewConnectionError('<urllib3.connection.HTTPConnection object at 0x7fa24cf0dd30>: Failed to establish a new connection: [Errno -2] Name or service not known',))
HTTPConnectionPool(host='web.dmi.unict.itcorsi', port=80): Max retries exceeded with url: /l-31 (Caused by NewConnectionError('<urllib3.connection.HTTPConnection object at 0x7f0cc41d0320>: Failed to establish a new connection: [Errno -2] Name or service not known',))
HTTPConnectionPool(host='web.dmi.unict.itcorsi', port=80): Max retries exceeded with url: /l-35 (Caused by NewConnectionError('<urllib3.connection.HTTPConnection object at 0x7f0cc41d0390>: Failed to establish a new connection: [Errno -2] Name or service not known',))
HTTPConnectionPool(host='web.dmi.unict.itcorsi', port=80): Max retries exceeded with url: /lm-18 (Caused by NewConnectionError('<urllib3.connection.HTTPConnection object at 0x7f0cc41d02e8>: Failed to establish a new connection: [Errno -2] Name or service not known',))
HTTPConnectionPool(host='web.dmi.unict.itcorsi', port=80): Max retries exceeded with url: /lm-40 (Caused by NewConnectionError('<urllib3.connection.HTTPConnection object at 0x7f0cc41d0320>: Failed to establish a new connection: [Errno -2] Name or service not known',))
'NoneType' object has no attribute 'find_all'
HTTPConnectionPool(host='web.dmi.unict.itcorsi', port=80): Max retries exceeded with url: /l-31 (Caused by NewConnectionError('<urllib3.connection.HTTPConnection object at 0x7f0cc41b7710>: Failed to establish a new connection: [Errno -2] Name or service not known',))
HTTPConnectionPool(host='web.dmi.unict.itcorsi', port=80): Max retries exceeded with url: /l-35 (Caused by NewConnectionError('<urllib3.connection.HTTPConnection object at 0x7f0cc41b74e0>: Failed to establish a new connection: [Errno -2] Name or service not known',))
HTTPConnectionPool(host='web.dmi.unict.itcorsi', port=80): Max retries exceeded with url: /lm-18 (Caused by NewConnectionError('<urllib3.connection.HTTPConnection object at 0x7f0cc41b76a0>: Failed to establish a new connection: [Errno -2] Name or service not known',))
HTTPConnectionPool(host='web.dmi.unict.itcorsi', port=80): Max retries exceeded with url: /lm-40 (Caused by NewConnectionError('<urllib3.connection.HTTPConnection object at 0x7f0cc41b7710>: Failed to establish a new connection: [Errno -2] Name or service not known',))
'NoneType' object has no attribute 'find_all'
HTTPConnectionPool(host='www.dieei.unict.itcorsi', port=80): Max retries exceeded with url: /l-8-ele (Caused by NewConnectionError('<urllib3.connection.HTTPConnection object at 0x7f0ca74d8ef0>: Failed to establish a new connection: [Errno -2] Name or service not known',))
HTTPConnectionPool(host='www.dieei.unict.itcorsi', port=80): Max retries exceeded with url: /l-9 (Caused by NewConnectionError('<urllib3.connection.HTTPConnection object at 0x7f0ca74d8f28>: Failed to establish a new connection: [Errno -2] Name or service not known',))
HTTPConnectionPool(host='www.dieei.unict.itcorsi', port=80): Max retries exceeded with url: /l-8-inf (Caused by NewConnectionError('<urllib3.connection.HTTPConnection object at 0x7f0ca74c9240>: Failed to establish a new connection: [Errno -2] Name or service not known',))
HTTPConnectionPool(host='www.dieei.unict.itcorsi', port=80): Max retries exceeded with url: /lm-25 (Caused by NewConnectionError('<urllib3.connection.HTTPConnection object at 0x7f0ca74d8c18>: Failed to establish a new connection: [Errno -2] Name or service not known',))
HTTPConnectionPool(host='www.dieei.unict.itcorsi', port=80): Max retries exceeded with url: /lm-28 (Caused by NewConnectionError('<urllib3.connection.HTTPConnection object at 0x7f0ca74d8f28>: Failed to establish a new connection: [Errno -2] Name or service not known',))
HTTPConnectionPool(host='www.dieei.unict.itcorsi', port=80): Max retries exceeded with url: /lm-29 (Caused by NewConnectionError('<urllib3.connection.HTTPConnection object at 0x7f0cc405ea58>: Failed to establish a new connection: [Errno -2] Name or service not known',))
HTTPConnectionPool(host='www.dieei.unict.itcorsi', port=80): Max retries exceeded with url: /lm-27 (Caused by NewConnectionError('<urllib3.connection.HTTPConnection object at 0x7f0cc405e8d0>: Failed to establish a new connection: [Errno -2] Name or service not known',))
HTTPConnectionPool(host='www.dieei.unict.itcorsi', port=80): Max retries exceeded with url: /lm-32 (Caused by NewConnectionError('<urllib3.connection.HTTPConnection object at 0x7f0ca74d8f98>: Failed to establish a new connection: [Errno -2] Name or service not known',))
HTTPConnectionPool(host='www.dieei.unict.itcorsi', port=80): Max retries exceeded with url: /l-8-ele (Caused by NewConnectionError('<urllib3.connection.HTTPConnection object at 0x7f0ca74e6ef0>: Failed to establish a new connection: [Errno -2] Name or service not known',))
HTTPConnectionPool(host='www.dieei.unict.itcorsi', port=80): Max retries exceeded with url: /l-9 (Caused by NewConnectionError('<urllib3.connection.HTTPConnection object at 0x7f0ca74e6048>: Failed to establish a new connection: [Errno -2] Name or service not known',))
HTTPConnectionPool(host='www.dieei.unict.itcorsi', port=80): Max retries exceeded with url: /l-8-inf (Caused by NewConnectionError('<urllib3.connection.HTTPConnection object at 0x7f0ca74e6438>: Failed to establish a new connection: [Errno -2] Name or service not known',))
HTTPConnectionPool(host='www.dieei.unict.itcorsi', port=80): Max retries exceeded with url: /lm-25 (Caused by NewConnectionError('<urllib3.connection.HTTPConnection object at 0x7f0ca74e62e8>: Failed to establish a new connection: [Errno -2] Name or service not known',))
HTTPConnectionPool(host='www.dieei.unict.itcorsi', port=80): Max retries exceeded with url: /lm-28 (Caused by NewConnectionError('<urllib3.connection.HTTPConnection object at 0x7f0ca7721748>: Failed to establish a new connection: [Errno -2] Name or service not known',))
HTTPConnectionPool(host='www.dieei.unict.itcorsi', port=80): Max retries exceeded with url: /lm-29 (Caused by NewConnectionError('<urllib3.connection.HTTPConnection object at 0x7f0ca74e62b0>: Failed to establish a new connection: [Errno -2] Name or service not known',))
HTTPConnectionPool(host='www.dieei.unict.itcorsi', port=80): Max retries exceeded with url: /lm-27 (Caused by NewConnectionError('<urllib3.connection.HTTPConnection object at 0x7f0ca760f588>: Failed to establish a new connection: [Errno -2] Name or service not known',))
HTTPConnectionPool(host='www.dieei.unict.itcorsi', port=80): Max retries exceeded with url: /lm-32 (Caused by NewConnectionError('<urllib3.connection.HTTPConnection object at 0x7f0ca760f6d8>: Failed to establish a new connection: [Errno -2] Name or service not known',))
HTTPConnectionPool(host='web.dmi.unict.itcorsi', port=80): Max retries exceeded with url: /l-31 (Caused by NewConnectionError('<urllib3.connection.HTTPConnection object at 0x7f4bc40694e0>: Failed to establish a new connection: [Errno -2] Name or service not known',))
HTTPConnectionPool(host='web.dmi.unict.itcorsi', port=80): Max retries exceeded with url: /l-35 (Caused by NewConnectionError('<urllib3.connection.HTTPConnection object at 0x7f4bc4069470>: Failed to establish a new connection: [Errno -2] Name or service not known',))
HTTPConnectionPool(host='web.dmi.unict.itcorsi', port=80): Max retries exceeded with url: /lm-18 (Caused by NewConnectionError('<urllib3.connection.HTTPConnection object at 0x7f4bc4069588>: Failed to establish a new connection: [Errno -2] Name or service not known',))
HTTPConnectionPool(host='web.dmi.unict.itcorsi', port=80): Max retries exceeded with url: /lm-40 (Caused by NewConnectionError('<urllib3.connection.HTTPConnection object at 0x7f4bc4069630>: Failed to establish a new connection: [Errno -2] Name or service not known',))
'NoneType' object has no attribute 'find_all'
HTTPConnectionPool(host='web.dmi.unict.itcorsi', port=80): Max retries exceeded with url: /l-31 (Caused by NewConnectionError('<urllib3.connection.HTTPConnection object at 0x7f4bc4041a90>: Failed to establish a new connection: [Errno -2] Name or service not known',))
HTTPConnectionPool(host='web.dmi.unict.itcorsi', port=80): Max retries exceeded with url: /l-35 (Caused by NewConnectionError('<urllib3.connection.HTTPConnection object at 0x7f4bc4041b00>: Failed to establish a new connection: [Errno -2] Name or service not known',))
HTTPConnectionPool(host='web.dmi.unict.itcorsi', port=80): Max retries exceeded with url: /lm-18 (Caused by NewConnectionError('<urllib3.connection.HTTPConnection object at 0x7f4bc4041a90>: Failed to establish a new connection: [Errno -2] Name or service not known',))
HTTPConnectionPool(host='web.dmi.unict.itcorsi', port=80): Max retries exceeded with url: /lm-40 (Caused by NewConnectionError('<urllib3.connection.HTTPConnection object at 0x7f4bc4041b00>: Failed to establish a new connection: [Errno -2] Name or service not known',))
'NoneType' object has no attribute 'find_all'
HTTPConnectionPool(host='www.dieei.unict.itcorsi', port=80): Max retries exceeded with url: /l-8-ele (Caused by NewConnectionError('<urllib3.connection.HTTPConnection object at 0x7f4ba7c6db00>: Failed to establish a new connection: [Errno -2] Name or service not known',))
HTTPConnectionPool(host='www.dieei.unict.itcorsi', port=80): Max retries exceeded with url: /l-9 (Caused by NewConnectionError('<urllib3.connection.HTTPConnection object at 0x7f4ba7c6d470>: Failed to establish a new connection: [Errno -2] Name or service not known',))
HTTPConnectionPool(host='www.dieei.unict.itcorsi', port=80): Max retries exceeded with url: /l-8-inf (Caused by NewConnectionError('<urllib3.connection.HTTPConnection object at 0x7f4ba7c6d780>: Failed to establish a new connection: [Errno -2] Name or service not known',))
HTTPConnectionPool(host='www.dieei.unict.itcorsi', port=80): Max retries exceeded with url: /lm-25 (Caused by NewConnectionError('<urllib3.connection.HTTPConnection object at 0x7f4ba7c6dc88>: Failed to establish a new connection: [Errno -2] Name or service not known',))
HTTPConnectionPool(host='www.dieei.unict.itcorsi', port=80): Max retries exceeded with url: /lm-28 (Caused by NewConnectionError('<urllib3.connection.HTTPConnection object at 0x7f4ba7c6dac8>: Failed to establish a new connection: [Errno -2] Name or service not known',))
HTTPConnectionPool(host='www.dieei.unict.itcorsi', port=80): Max retries exceeded with url: /lm-29 (Caused by NewConnectionError('<urllib3.connection.HTTPConnection object at 0x7f4bc87cb630>: Failed to establish a new connection: [Errno -2] Name or service not known',))
HTTPConnectionPool(host='www.dieei.unict.itcorsi', port=80): Max retries exceeded with url: /lm-27 (Caused by NewConnectionError('<urllib3.connection.HTTPConnection object at 0x7f4ba7c6db70>: Failed to establish a new connection: [Errno -2] Name or service not known',))
HTTPConnectionPool(host='www.dieei.unict.itcorsi', port=80): Max retries exceeded with url: /lm-32 (Caused by NewConnectionError('<urllib3.connection.HTTPConnection object at 0x7f4ba7c6db00>: Failed to establish a new connection: [Errno -2] Name or service not known',))
HTTPConnectionPool(host='www.dieei.unict.itcorsi', port=80): Max retries exceeded with url: /l-8-ele (Caused by NewConnectionError('<urllib3.connection.HTTPConnection object at 0x7f4ba7cb2710>: Failed to establish a new connection: [Errno -2] Name or service not known',))
HTTPConnectionPool(host='www.dieei.unict.itcorsi', port=80): Max retries exceeded with url: /l-9 (Caused by NewConnectionError('<urllib3.connection.HTTPConnection object at 0x7f4ba7cb2828>: Failed to establish a new connection: [Errno -2] Name or service not known',))
HTTPConnectionPool(host='www.dieei.unict.itcorsi', port=80): Max retries exceeded with url: /l-8-inf (Caused by NewConnectionError('<urllib3.connection.HTTPConnection object at 0x7f4ba7cb2748>: Failed to establish a new connection: [Errno -2] Name or service not known',))
HTTPConnectionPool(host='www.dieei.unict.itcorsi', port=80): Max retries exceeded with url: /lm-25 (Caused by NewConnectionError('<urllib3.connection.HTTPConnection object at 0x7f4ba7cb29e8>: Failed to establish a new connection: [Errno -2] Name or service not known',))
HTTPConnectionPool(host='www.dieei.unict.itcorsi', port=80): Max retries exceeded with url: /lm-28 (Caused by NewConnectionError('<urllib3.connection.HTTPConnection object at 0x7f4ba7cb2780>: Failed to establish a new connection: [Errno -2] Name or service not known',))
HTTPConnectionPool(host='www.dieei.unict.itcorsi', port=80): Max retries exceeded with url: /lm-29 (Caused by NewConnectionError('<urllib3.connection.HTTPConnection object at 0x7f4ba7cb29e8>: Failed to establish a new connection: [Errno -2] Name or service not known',))
HTTPConnectionPool(host='www.dieei.unict.itcorsi', port=80): Max retries exceeded with url: /lm-27 (Caused by NewConnectionError('<urllib3.connection.HTTPConnection object at 0x7f4ba7cb2908>: Failed to establish a new connection: [Errno -2] Name or service not known',))
HTTPConnectionPool(host='www.dieei.unict.itcorsi', port=80): Max retries exceeded with url: /lm-32 (Caused by NewConnectionError('<urllib3.connection.HTTPConnection object at 0x7f4ba7cb26d8>: Failed to establish a new connection: [Errno -2] Name or service not known',))
HTTPConnectionPool(host='web.dmi.unict.itcorsi', port=80): Max retries exceeded with url: /l-31 (Caused by NewConnectionError('<urllib3.connection.HTTPConnection object at 0x7fc2c452cf28>: Failed to establish a new connection: [Errno -2] Name or service not known',))
HTTPConnectionPool(host='web.dmi.unict.itcorsi', port=80): Max retries exceeded with url: /l-35 (Caused by NewConnectionError('<urllib3.connection.HTTPConnection object at 0x7fc2c452ce80>: Failed to establish a new connection: [Errno -2] Name or service not known',))
HTTPConnectionPool(host='web.dmi.unict.itcorsi', port=80): Max retries exceeded with url: /lm-18 (Caused by NewConnectionError('<urllib3.connection.HTTPConnection object at 0x7fc2c452cf60>: Failed to establish a new connection: [Errno -2] Name or service not known',))
HTTPConnectionPool(host='web.dmi.unict.itcorsi', port=80): Max retries exceeded with url: /lm-40 (Caused by NewConnectionError('<urllib3.connection.HTTPConnection object at 0x7fc2c452cf28>: Failed to establish a new connection: [Errno -2] Name or service not known',))
'NoneType' object has no attribute 'find_all'
HTTPConnectionPool(host='web.dmi.unict.itcorsi', port=80): Max retries exceeded with url: /l-31 (Caused by NewConnectionError('<urllib3.connection.HTTPConnection object at 0x7fc2c43d7a20>: Failed to establish a new connection: [Errno -2] Name or service not known',))
HTTPConnectionPool(host='web.dmi.unict.itcorsi', port=80): Max retries exceeded with url: /l-35 (Caused by NewConnectionError('<urllib3.connection.HTTPConnection object at 0x7fc2c43d7ba8>: Failed to establish a new connection: [Errno -2] Name or service not known',))
HTTPConnectionPool(host='web.dmi.unict.itcorsi', port=80): Max retries exceeded with url: /lm-18 (Caused by NewConnectionError('<urllib3.connection.HTTPConnection object at 0x7fc2c43d7a58>: Failed to establish a new connection: [Errno -2] Name or service not known',))
HTTPConnectionPool(host='web.dmi.unict.itcorsi', port=80): Max retries exceeded with url: /lm-40 (Caused by NewConnectionError('<urllib3.connection.HTTPConnection object at 0x7fc2c43d7a20>: Failed to establish a new connection: [Errno -2] Name or service not known',))
'NoneType' object has no attribute 'find_all'
HTTPConnectionPool(host='www.dieei.unict.itcorsi', port=80): Max retries exceeded with url: /l-8-ele (Caused by NewConnectionError('<urllib3.connection.HTTPConnection object at 0x7fc2c4290518>: Failed to establish a new connection: [Errno -2] Name or service not known',))
HTTPConnectionPool(host='www.dieei.unict.itcorsi', port=80): Max retries exceeded with url: /l-9 (Caused by NewConnectionError('<urllib3.connection.HTTPConnection object at 0x7fc2c4290390>: Failed to establish a new connection: [Errno -2] Name or service not known',))
HTTPConnectionPool(host='www.dieei.unict.itcorsi', port=80): Max retries exceeded with url: /l-8-inf (Caused by NewConnectionError('<urllib3.connection.HTTPConnection object at 0x7fc2c4290518>: Failed to establish a new connection: [Errno -2] Name or service not known',))
HTTPConnectionPool(host='www.dieei.unict.itcorsi', port=80): Max retries exceeded with url: /lm-25 (Caused by NewConnectionError('<urllib3.connection.HTTPConnection object at 0x7fc2c4290400>: Failed to establish a new connection: [Errno -2] Name or service not known',))
HTTPConnectionPool(host='www.dieei.unict.itcorsi', port=80): Max retries exceeded with url: /lm-28 (Caused by NewConnectionError('<urllib3.connection.HTTPConnection object at 0x7fc2c43029b0>: Failed to establish a new connection: [Errno -2] Name or service not known',))
HTTPConnectionPool(host='www.dieei.unict.itcorsi', port=80): Max retries exceeded with url: /lm-29 (Caused by NewConnectionError('<urllib3.connection.HTTPConnection object at 0x7fc2c4290400>: Failed to establish a new connection: [Errno -2] Name or service not known',))
HTTPConnectionPool(host='www.dieei.unict.itcorsi', port=80): Max retries exceeded with url: /lm-27 (Caused by NewConnectionError('<urllib3.connection.HTTPConnection object at 0x7fc2c4302978>: Failed to establish a new connection: [Errno -2] Name or service not known',))
HTTPConnectionPool(host='www.dieei.unict.itcorsi', port=80): Max retries exceeded with url: /lm-32 (Caused by NewConnectionError('<urllib3.connection.HTTPConnection object at 0x7fc2c4302828>: Failed to establish a new connection: [Errno -2] Name or service not known',))
HTTPConnectionPool(host='www.dieei.unict.itcorsi', port=80): Max retries exceeded with url: /l-8-ele (Caused by NewConnectionError('<urllib3.connection.HTTPConnection object at 0x7fc2c7c6b978>: Failed to establish a new connection: [Errno -2] Name or service not known',))
HTTPConnectionPool(host='www.dieei.unict.itcorsi', port=80): Max retries exceeded with url: /l-9 (Caused by NewConnectionError('<urllib3.connection.HTTPConnection object at 0x7fc2c7c6b8d0>: Failed to establish a new connection: [Errno -2] Name or service not known',))
HTTPConnectionPool(host='www.dieei.unict.itcorsi', port=80): Max retries exceeded with url: /l-8-inf (Caused by NewConnectionError('<urllib3.connection.HTTPConnection object at 0x7fc2c7c6b978>: Failed to establish a new connection: [Errno -2] Name or service not known',))
HTTPConnectionPool(host='www.dieei.unict.itcorsi', port=80): Max retries exceeded with url: /lm-25 (Caused by NewConnectionError('<urllib3.connection.HTTPConnection object at 0x7fc2c43cd438>: Failed to establish a new connection: [Errno -2] Name or service not known',))
HTTPConnectionPool(host='www.dieei.unict.itcorsi', port=80): Max retries exceeded with url: /lm-28 (Caused by NewConnectionError('<urllib3.connection.HTTPConnection object at 0x7fc2c43cd400>: Failed to establish a new connection: [Errno -2] Name or service not known',))
HTTPConnectionPool(host='www.dieei.unict.itcorsi', port=80): Max retries exceeded with url: /lm-29 (Caused by NewConnectionError('<urllib3.connection.HTTPConnection object at 0x7fc2c7c6b550>: Failed to establish a new connection: [Errno -2] Name or service not known',))
HTTPConnectionPool(host='www.dieei.unict.itcorsi', port=80): Max retries exceeded with url: /lm-27 (Caused by NewConnectionError('<urllib3.connection.HTTPConnection object at 0x7fc2c7c6bef0>: Failed to establish a new connection: [Errno -2] Name or service not known',))
HTTPConnectionPool(host='www.dieei.unict.itcorsi', port=80): Max retries exceeded with url: /lm-32 (Caused by NewConnectionError('<urllib3.connection.HTTPConnection object at 0x7fc2c44b32b0>: Failed to establish a new connection: [Errno -2] Name or service not known',))
HTTPConnectionPool(host='web.dmi.unict.itcorsi', port=80): Max retries exceeded with url: /l-31 (Caused by NewConnectionError('<urllib3.connection.HTTPConnection object at 0x7f42a81ac4e0>: Failed to establish a new connection: [Errno -2] Name or service not known',))
HTTPConnectionPool(host='web.dmi.unict.itcorsi', port=80): Max retries exceeded with url: /l-35 (Caused by NewConnectionError('<urllib3.connection.HTTPConnection object at 0x7f42a81ac588>: Failed to establish a new connection: [Errno -2] Name or service not known',))
HTTPConnectionPool(host='web.dmi.unict.itcorsi', port=80): Max retries exceeded with url: /lm-18 (Caused by NewConnectionError('<urllib3.connection.HTTPConnection object at 0x7f42a81ac240>: Failed to establish a new connection: [Errno -2] Name or service not known',))
HTTPConnectionPool(host='web.dmi.unict.itcorsi', port=80): Max retries exceeded with url: /lm-40 (Caused by NewConnectionError('<urllib3.connection.HTTPConnection object at 0x7f42a81ac278>: Failed to establish a new connection: [Errno -2] Name or service not known',))
'NoneType' object has no attribute 'find_all'
HTTPConnectionPool(host='web.dmi.unict.itcorsi', port=80): Max retries exceeded with url: /l-31 (Caused by NewConnectionError('<urllib3.connection.HTTPConnection object at 0x7f42a805cb00>: Failed to establish a new connection: [Errno -2] Name or service not known',))
HTTPConnectionPool(host='web.dmi.unict.itcorsi', port=80): Max retries exceeded with url: /l-35 (Caused by NewConnectionError('<urllib3.connection.HTTPConnection object at 0x7f42a805cc88>: Failed to establish a new connection: [Errno -2] Name or service not known',))
HTTPConnectionPool(host='web.dmi.unict.itcorsi', port=80): Max retries exceeded with url: /lm-18 (Caused by NewConnectionError('<urllib3.connection.HTTPConnection object at 0x7f42a805cf60>: Failed to establish a new connection: [Errno -2] Name or service not known',))
HTTPConnectionPool(host='web.dmi.unict.itcorsi', port=80): Max retries exceeded with url: /lm-40 (Caused by NewConnectionError('<urllib3.connection.HTTPConnection object at 0x7f42a805cac8>: Failed to establish a new connection: [Errno -2] Name or service not known',))
'NoneType' object has no attribute 'find_all'
HTTPConnectionPool(host='www.dieei.unict.itcorsi', port=80): Max retries exceeded with url: /l-8-ele (Caused by NewConnectionError('<urllib3.connection.HTTPConnection object at 0x7f42a0462588>: Failed to establish a new connection: [Errno -2] Name or service not known',))
HTTPConnectionPool(host='www.dieei.unict.itcorsi', port=80): Max retries exceeded with url: /l-9 (Caused by NewConnectionError('<urllib3.connection.HTTPConnection object at 0x7f42a0462400>: Failed to establish a new connection: [Errno -2] Name or service not known',))
HTTPConnectionPool(host='www.dieei.unict.itcorsi', port=80): Max retries exceeded with url: /l-8-inf (Caused by NewConnectionError('<urllib3.connection.HTTPConnection object at 0x7f42a04625f8>: Failed to establish a new connection: [Errno -2] Name or service not known',))
HTTPConnectionPool(host='www.dieei.unict.itcorsi', port=80): Max retries exceeded with url: /lm-25 (Caused by NewConnectionError('<urllib3.connection.HTTPConnection object at 0x7f42a04624a8>: Failed to establish a new connection: [Errno -2] Name or service not known',))
HTTPConnectionPool(host='www.dieei.unict.itcorsi', port=80): Max retries exceeded with url: /lm-28 (Caused by NewConnectionError('<urllib3.connection.HTTPConnection object at 0x7f42a0462668>: Failed to establish a new connection: [Errno -2] Name or service not known',))
HTTPConnectionPool(host='www.dieei.unict.itcorsi', port=80): Max retries exceeded with url: /lm-29 (Caused by NewConnectionError('<urllib3.connection.HTTPConnection object at 0x7f42a0462710>: Failed to establish a new connection: [Errno -2] Name or service not known',))
HTTPConnectionPool(host='www.dieei.unict.itcorsi', port=80): Max retries exceeded with url: /lm-27 (Caused by NewConnectionError('<urllib3.connection.HTTPConnection object at 0x7f42a8e719b0>: Failed to establish a new connection: [Errno -2] Name or service not known',))
HTTPConnectionPool(host='www.dieei.unict.itcorsi', port=80): Max retries exceeded with url: /lm-32 (Caused by NewConnectionError('<urllib3.connection.HTTPConnection object at 0x7f42a8e71940>: Failed to establish a new connection: [Errno -2] Name or service not known',))
HTTPConnectionPool(host='www.dieei.unict.itcorsi', port=80): Max retries exceeded with url: /l-8-ele (Caused by NewConnectionError('<urllib3.connection.HTTPConnection object at 0x7f42a80a6438>: Failed to establish a new connection: [Errno -2] Name or service not known',))
HTTPConnectionPool(host='www.dieei.unict.itcorsi', port=80): Max retries exceeded with url: /l-9 (Caused by NewConnectionError('<urllib3.connection.HTTPConnection object at 0x7f42a80a6198>: Failed to establish a new connection: [Errno -2] Name or service not known',))
HTTPConnectionPool(host='www.dieei.unict.itcorsi', port=80): Max retries exceeded with url: /l-8-inf (Caused by NewConnectionError('<urllib3.connection.HTTPConnection object at 0x7f42a80a6668>: Failed to establish a new connection: [Errno -2] Name or service not known',))
HTTPConnectionPool(host='www.dieei.unict.itcorsi', port=80): Max retries exceeded with url: /lm-25 (Caused by NewConnectionError('<urllib3.connection.HTTPConnection object at 0x7f42a80a6588>: Failed to establish a new connection: [Errno -2] Name or service not known',))
HTTPConnectionPool(host='www.dieei.unict.itcorsi', port=80): Max retries exceeded with url: /lm-28 (Caused by NewConnectionError('<urllib3.connection.HTTPConnection object at 0x7f42a80a6320>: Failed to establish a new connection: [Errno -2] Name or service not known',))
HTTPConnectionPool(host='www.dieei.unict.itcorsi', port=80): Max retries exceeded with url: /lm-29 (Caused by NewConnectionError('<urllib3.connection.HTTPConnection object at 0x7f42a02bb710>: Failed to establish a new connection: [Errno -2] Name or service not known',))
HTTPConnectionPool(host='www.dieei.unict.itcorsi', port=80): Max retries exceeded with url: /lm-27 (Caused by NewConnectionError('<urllib3.connection.HTTPConnection object at 0x7f42a80a6320>: Failed to establish a new connection: [Errno -2] Name or service not known',))
HTTPConnectionPool(host='www.dieei.unict.itcorsi', port=80): Max retries exceeded with url: /lm-32 (Caused by NewConnectionError('<urllib3.connection.HTTPConnection object at 0x7f42a80a6438>: Failed to establish a new connection: [Errno -2] Name or service not known',))
HTTPConnectionPool(host='web.dmi.unict.itcorsi', port=80): Max retries exceeded with url: /l-31 (Caused by NewConnectionError('<urllib3.connection.HTTPConnection object at 0x7fef882b02b0>: Failed to establish a new connection: [Errno -2] Name or service not known',))
HTTPConnectionPool(host='web.dmi.unict.itcorsi', port=80): Max retries exceeded with url: /l-35 (Caused by NewConnectionError('<urllib3.connection.HTTPConnection object at 0x7fef882b0320>: Failed to establish a new connection: [Errno -2] Name or service not known',))
HTTPConnectionPool(host='web.dmi.unict.itcorsi', port=80): Max retries exceeded with url: /lm-18 (Caused by NewConnectionError('<urllib3.connection.HTTPConnection object at 0x7fef882b0278>: Failed to establish a new connection: [Errno -2] Name or service not known',))
HTTPConnectionPool(host='web.dmi.unict.itcorsi', port=80): Max retries exceeded with url: /lm-40 (Caused by NewConnectionError('<urllib3.connection.HTTPConnection object at 0x7fef882b02b0>: Failed to establish a new connection: [Errno -2] Name or service not known',))
'NoneType' object has no attribute 'find_all'
HTTPConnectionPool(host='web.dmi.unict.itcorsi', port=80): Max retries exceeded with url: /l-31 (Caused by NewConnectionError('<urllib3.connection.HTTPConnection object at 0x7fef8828f710>: Failed to establish a new connection: [Errno -2] Name or service not known',))
HTTPConnectionPool(host='web.dmi.unict.itcorsi', port=80): Max retries exceeded with url: /l-35 (Caused by NewConnectionError('<urllib3.connection.HTTPConnection object at 0x7fef8828f5f8>: Failed to establish a new connection: [Errno -2] Name or service not known',))
HTTPConnectionPool(host='web.dmi.unict.itcorsi', port=80): Max retries exceeded with url: /lm-18 (Caused by NewConnectionError('<urllib3.connection.HTTPConnection object at 0x7fef8828f828>: Failed to establish a new connection: [Errno -2] Name or service not known',))
HTTPConnectionPool(host='web.dmi.unict.itcorsi', port=80): Max retries exceeded with url: /lm-40 (Caused by NewConnectionError('<urllib3.connection.HTTPConnection object at 0x7fef8828f710>: Failed to establish a new connection: [Errno -2] Name or service not known',))
'NoneType' object has no attribute 'find_all'
HTTPConnectionPool(host='www.dieei.unict.itcorsi', port=80): Max retries exceeded with url: /l-8-ele (Caused by NewConnectionError('<urllib3.connection.HTTPConnection object at 0x7fef725d1358>: Failed to establish a new connection: [Errno -2] Name or service not known',))
HTTPConnectionPool(host='www.dieei.unict.itcorsi', port=80): Max retries exceeded with url: /l-9 (Caused by NewConnectionError('<urllib3.connection.HTTPConnection object at 0x7fef725d12e8>: Failed to establish a new connection: [Errno -2] Name or service not known',))
HTTPConnectionPool(host='www.dieei.unict.itcorsi', port=80): Max retries exceeded with url: /l-8-inf (Caused by NewConnectionError('<urllib3.connection.HTTPConnection object at 0x7fef725d1400>: Failed to establish a new connection: [Errno -2] Name or service not known',))
HTTPConnectionPool(host='www.dieei.unict.itcorsi', port=80): Max retries exceeded with url: /lm-25 (Caused by NewConnectionError('<urllib3.connection.HTTPConnection object at 0x7fef725d13c8>: Failed to establish a new connection: [Errno -2] Name or service not known',))
HTTPConnectionPool(host='www.dieei.unict.itcorsi', port=80): Max retries exceeded with url: /lm-28 (Caused by NewConnectionError('<urllib3.connection.HTTPConnection object at 0x7fef725d1438>: Failed to establish a new connection: [Errno -2] Name or service not known',))
HTTPConnectionPool(host='www.dieei.unict.itcorsi', port=80): Max retries exceeded with url: /lm-29 (Caused by NewConnectionError('<urllib3.connection.HTTPConnection object at 0x7fef725d1240>: Failed to establish a new connection: [Errno -2] Name or service not known',))
HTTPConnectionPool(host='www.dieei.unict.itcorsi', port=80): Max retries exceeded with url: /lm-27 (Caused by NewConnectionError('<urllib3.connection.HTTPConnection object at 0x7fef725d1438>: Failed to establish a new connection: [Errno -2] Name or service not known',))
HTTPConnectionPool(host='www.dieei.unict.itcorsi', port=80): Max retries exceeded with url: /lm-32 (Caused by NewConnectionError('<urllib3.connection.HTTPConnection object at 0x7fef725d1160>: Failed to establish a new connection: [Errno -2] Name or service not known',))
HTTPConnectionPool(host='www.dieei.unict.itcorsi', port=80): Max retries exceeded with url: /l-8-ele (Caused by NewConnectionError('<urllib3.connection.HTTPConnection object at 0x7fef882b05f8>: Failed to establish a new connection: [Errno -2] Name or service not known',))
HTTPConnectionPool(host='www.dieei.unict.itcorsi', port=80): Max retries exceeded with url: /l-9 (Caused by NewConnectionError('<urllib3.connection.HTTPConnection object at 0x7fef882b0e80>: Failed to establish a new connection: [Errno -2] Name or service not known',))
HTTPConnectionPool(host='www.dieei.unict.itcorsi', port=80): Max retries exceeded with url: /l-8-inf (Caused by NewConnectionError('<urllib3.connection.HTTPConnection object at 0x7fef882b0748>: Failed to establish a new connection: [Errno -2] Name or service not known',))
HTTPConnectionPool(host='www.dieei.unict.itcorsi', port=80): Max retries exceeded with url: /lm-25 (Caused by NewConnectionError('<urllib3.connection.HTTPConnection object at 0x7fef882b0908>: Failed to establish a new connection: [Errno -2] Name or service not known',))
HTTPConnectionPool(host='www.dieei.unict.itcorsi', port=80): Max retries exceeded with url: /lm-28 (Caused by NewConnectionError('<urllib3.connection.HTTPConnection object at 0x7fef882b0e10>: Failed to establish a new connection: [Errno -2] Name or service not known',))
HTTPConnectionPool(host='www.dieei.unict.itcorsi', port=80): Max retries exceeded with url: /lm-29 (Caused by NewConnectionError('<urllib3.connection.HTTPConnection object at 0x7fef727f2320>: Failed to establish a new connection: [Errno -2] Name or service not known',))
HTTPConnectionPool(host='www.dieei.unict.itcorsi', port=80): Max retries exceeded with url: /lm-27 (Caused by NewConnectionError('<urllib3.connection.HTTPConnection object at 0x7fef882b0908>: Failed to establish a new connection: [Errno -2] Name or service not known',))
HTTPConnectionPool(host='www.dieei.unict.itcorsi', port=80): Max retries exceeded with url: /lm-32 (Caused by NewConnectionError('<urllib3.connection.HTTPConnection object at 0x7fef727f2320>: Failed to establish a new connection: [Errno -2] Name or service not known',))
HTTPConnectionPool(host='web.dmi.unict.itcorsi', port=80): Max retries exceeded with url: /l-31 (Caused by NewConnectionError('<urllib3.connection.HTTPConnection object at 0x7f12dc1464e0>: Failed to establish a new connection: [Errno -2] Name or service not known',))
HTTPConnectionPool(host='web.dmi.unict.itcorsi', port=80): Max retries exceeded with url: /l-35 (Caused by NewConnectionError('<urllib3.connection.HTTPConnection object at 0x7f12dc146588>: Failed to establish a new connection: [Errno -2] Name or service not known',))
HTTPConnectionPool(host='web.dmi.unict.itcorsi', port=80): Max retries exceeded with url: /lm-18 (Caused by NewConnectionError('<urllib3.connection.HTTPConnection object at 0x7f12dc146240>: Failed to establish a new connection: [Errno -2] Name or service not known',))
HTTPConnectionPool(host='web.dmi.unict.itcorsi', port=80): Max retries exceeded with url: /lm-40 (Caused by NewConnectionError('<urllib3.connection.HTTPConnection object at 0x7f12dc146278>: Failed to establish a new connection: [Errno -2] Name or service not known',))
'NoneType' object has no attribute 'find_all'
HTTPConnectionPool(host='web.dmi.unict.itcorsi', port=80): Max retries exceeded with url: /l-31 (Caused by NewConnectionError('<urllib3.connection.HTTPConnection object at 0x7f12dc143b00>: Failed to establish a new connection: [Errno -2] Name or service not known',))
HTTPConnectionPool(host='web.dmi.unict.itcorsi', port=80): Max retries exceeded with url: /l-35 (Caused by NewConnectionError('<urllib3.connection.HTTPConnection object at 0x7f12dc143b00>: Failed to establish a new connection: [Errno -2] Name or service not known',))
HTTPConnectionPool(host='web.dmi.unict.itcorsi', port=80): Max retries exceeded with url: /lm-18 (Caused by NewConnectionError('<urllib3.connection.HTTPConnection object at 0x7f12dc143b00>: Failed to establish a new connection: [Errno -2] Name or service not known',))
HTTPConnectionPool(host='web.dmi.unict.itcorsi', port=80): Max retries exceeded with url: /lm-40 (Caused by NewConnectionError('<urllib3.connection.HTTPConnection object at 0x7f12dc143b00>: Failed to establish a new connection: [Errno -2] Name or service not known',))
'NoneType' object has no attribute 'find_all'
HTTPConnectionPool(host='www.dieei.unict.itcorsi', port=80): Max retries exceeded with url: /l-8-ele (Caused by NewConnectionError('<urllib3.connection.HTTPConnection object at 0x7f12dc0b5198>: Failed to establish a new connection: [Errno -2] Name or service not known',))
HTTPConnectionPool(host='www.dieei.unict.itcorsi', port=80): Max retries exceeded with url: /l-9 (Caused by NewConnectionError('<urllib3.connection.HTTPConnection object at 0x7f12dc0b52e8>: Failed to establish a new connection: [Errno -2] Name or service not known',))
HTTPConnectionPool(host='www.dieei.unict.itcorsi', port=80): Max retries exceeded with url: /l-8-inf (Caused by NewConnectionError('<urllib3.connection.HTTPConnection object at 0x7f12dc0b5438>: Failed to establish a new connection: [Errno -2] Name or service not known',))
HTTPConnectionPool(host='www.dieei.unict.itcorsi', port=80): Max retries exceeded with url: /lm-25 (Caused by NewConnectionError('<urllib3.connection.HTTPConnection object at 0x7f12dc0b50b8>: Failed to establish a new connection: [Errno -2] Name or service not known',))
HTTPConnectionPool(host='www.dieei.unict.itcorsi', port=80): Max retries exceeded with url: /lm-28 (Caused by NewConnectionError('<urllib3.connection.HTTPConnection object at 0x7f12dc0b5438>: Failed to establish a new connection: [Errno -2] Name or service not known',))
HTTPConnectionPool(host='www.dieei.unict.itcorsi', port=80): Max retries exceeded with url: /lm-29 (Caused by NewConnectionError('<urllib3.connection.HTTPConnection object at 0x7f12dc0b50b8>: Failed to establish a new connection: [Errno -2] Name or service not known',))
HTTPConnectionPool(host='www.dieei.unict.itcorsi', port=80): Max retries exceeded with url: /lm-27 (Caused by NewConnectionError('<urllib3.connection.HTTPConnection object at 0x7f12dc0b5438>: Failed to establish a new connection: [Errno -2] Name or service not known',))
HTTPConnectionPool(host='www.dieei.unict.itcorsi', port=80): Max retries exceeded with url: /lm-32 (Caused by NewConnectionError('<urllib3.connection.HTTPConnection object at 0x7f12dc0b5320>: Failed to establish a new connection: [Errno -2] Name or service not known',))
HTTPConnectionPool(host='www.dieei.unict.itcorsi', port=80): Max retries exceeded with url: /l-8-ele (Caused by NewConnectionError('<urllib3.connection.HTTPConnection object at 0x7f12dc13d518>: Failed to establish a new connection: [Errno -2] Name or service not known',))
HTTPConnectionPool(host='www.dieei.unict.itcorsi', port=80): Max retries exceeded with url: /l-9 (Caused by NewConnectionError('<urllib3.connection.HTTPConnection object at 0x7f12dc13dda0>: Failed to establish a new connection: [Errno -2] Name or service not known',))
HTTPConnectionPool(host='www.dieei.unict.itcorsi', port=80): Max retries exceeded with url: /l-8-inf (Caused by NewConnectionError('<urllib3.connection.HTTPConnection object at 0x7f12dc13d518>: Failed to establish a new connection: [Errno -2] Name or service not known',))
HTTPConnectionPool(host='www.dieei.unict.itcorsi', port=80): Max retries exceeded with url: /lm-25 (Caused by NewConnectionError('<urllib3.connection.HTTPConnection object at 0x7f12bff1c3c8>: Failed to establish a new connection: [Errno -2] Name or service not known',))
HTTPConnectionPool(host='www.dieei.unict.itcorsi', port=80): Max retries exceeded with url: /lm-28 (Caused by NewConnectionError('<urllib3.connection.HTTPConnection object at 0x7f12dc13dda0>: Failed to establish a new connection: [Errno -2] Name or service not known',))
HTTPConnectionPool(host='www.dieei.unict.itcorsi', port=80): Max retries exceeded with url: /lm-29 (Caused by NewConnectionError('<urllib3.connection.HTTPConnection object at 0x7f12dc13d6a0>: Failed to establish a new connection: [Errno -2] Name or service not known',))
HTTPConnectionPool(host='www.dieei.unict.itcorsi', port=80): Max retries exceeded with url: /lm-27 (Caused by NewConnectionError('<urllib3.connection.HTTPConnection object at 0x7f12dc13dda0>: Failed to establish a new connection: [Errno -2] Name or service not known',))
HTTPConnectionPool(host='www.dieei.unict.itcorsi', port=80): Max retries exceeded with url: /lm-32 (Caused by NewConnectionError('<urllib3.connection.HTTPConnection object at 0x7f12dc13d6a0>: Failed to establish a new connection: [Errno -2] Name or service not known',))
HTTPConnectionPool(host='web.dmi.unict.itcorsi', port=80): Max retries exceeded with url: /l-31 (Caused by NewConnectionError('<urllib3.connection.HTTPConnection object at 0x7f331860e320>: Failed to establish a new connection: [Errno -2] Name or service not known',))
HTTPConnectionPool(host='web.dmi.unict.itcorsi', port=80): Max retries exceeded with url: /l-35 (Caused by NewConnectionError('<urllib3.connection.HTTPConnection object at 0x7f331860e390>: Failed to establish a new connection: [Errno -2] Name or service not known',))
HTTPConnectionPool(host='web.dmi.unict.itcorsi', port=80): Max retries exceeded with url: /lm-18 (Caused by NewConnectionError('<urllib3.connection.HTTPConnection object at 0x7f331860e2e8>: Failed to establish a new connection: [Errno -2] Name or service not known',))
HTTPConnectionPool(host='web.dmi.unict.itcorsi', port=80): Max retries exceeded with url: /lm-40 (Caused by NewConnectionError('<urllib3.connection.HTTPConnection object at 0x7f331860e320>: Failed to establish a new connection: [Errno -2] Name or service not known',))
'NoneType' object has no attribute 'find_all'
HTTPConnectionPool(host='web.dmi.unict.itcorsi', port=80): Max retries exceeded with url: /l-31 (Caused by NewConnectionError('<urllib3.connection.HTTPConnection object at 0x7f33185d9a58>: Failed to establish a new connection: [Errno -2] Name or service not known',))
HTTPConnectionPool(host='web.dmi.unict.itcorsi', port=80): Max retries exceeded with url: /l-35 (Caused by NewConnectionError('<urllib3.connection.HTTPConnection object at 0x7f33185d9be0>: Failed to establish a new connection: [Errno -2] Name or service not known',))
HTTPConnectionPool(host='web.dmi.unict.itcorsi', port=80): Max retries exceeded with url: /lm-18 (Caused by NewConnectionError('<urllib3.connection.HTTPConnection object at 0x7f33185d9a90>: Failed to establish a new connection: [Errno -2] Name or service not known',))
HTTPConnectionPool(host='web.dmi.unict.itcorsi', port=80): Max retries exceeded with url: /lm-40 (Caused by NewConnectionError('<urllib3.connection.HTTPConnection object at 0x7f33185d9a58>: Failed to establish a new connection: [Errno -2] Name or service not known',))
'NoneType' object has no attribute 'find_all'
HTTPConnectionPool(host='www.dieei.unict.itcorsi', port=80): Max retries exceeded with url: /l-8-ele (Caused by NewConnectionError('<urllib3.connection.HTTPConnection object at 0x7f33185232e8>: Failed to establish a new connection: [Errno -2] Name or service not known',))
HTTPConnectionPool(host='www.dieei.unict.itcorsi', port=80): Max retries exceeded with url: /l-9 (Caused by NewConnectionError('<urllib3.connection.HTTPConnection object at 0x7f3318523320>: Failed to establish a new connection: [Errno -2] Name or service not known',))
HTTPConnectionPool(host='www.dieei.unict.itcorsi', port=80): Max retries exceeded with url: /l-8-inf (Caused by NewConnectionError('<urllib3.connection.HTTPConnection object at 0x7f33185234a8>: Failed to establish a new connection: [Errno -2] Name or service not known',))
HTTPConnectionPool(host='www.dieei.unict.itcorsi', port=80): Max retries exceeded with url: /lm-25 (Caused by NewConnectionError('<urllib3.connection.HTTPConnection object at 0x7f3318523320>: Failed to establish a new connection: [Errno -2] Name or service not known',))
HTTPConnectionPool(host='www.dieei.unict.itcorsi', port=80): Max retries exceeded with url: /lm-28 (Caused by NewConnectionError('<urllib3.connection.HTTPConnection object at 0x7f3318523400>: Failed to establish a new connection: [Errno -2] Name or service not known',))
HTTPConnectionPool(host='www.dieei.unict.itcorsi', port=80): Max retries exceeded with url: /lm-29 (Caused by NewConnectionError('<urllib3.connection.HTTPConnection object at 0x7f3318523320>: Failed to establish a new connection: [Errno -2] Name or service not known',))
HTTPConnectionPool(host='www.dieei.unict.itcorsi', port=80): Max retries exceeded with url: /lm-27 (Caused by NewConnectionError('<urllib3.connection.HTTPConnection object at 0x7f3318337470>: Failed to establish a new connection: [Errno -2] Name or service not known',))
HTTPConnectionPool(host='www.dieei.unict.itcorsi', port=80): Max retries exceeded with url: /lm-32 (Caused by NewConnectionError('<urllib3.connection.HTTPConnection object at 0x7f3318523358>: Failed to establish a new connection: [Errno -2] Name or service not known',))
HTTPConnectionPool(host='www.dieei.unict.itcorsi', port=80): Max retries exceeded with url: /l-8-ele (Caused by NewConnectionError('<urllib3.connection.HTTPConnection object at 0x7f3318373470>: Failed to establish a new connection: [Errno -2] Name or service not known',))
HTTPConnectionPool(host='www.dieei.unict.itcorsi', port=80): Max retries exceeded with url: /l-9 (Caused by NewConnectionError('<urllib3.connection.HTTPConnection object at 0x7f3318373438>: Failed to establish a new connection: [Errno -2] Name or service not known',))
HTTPConnectionPool(host='www.dieei.unict.itcorsi', port=80): Max retries exceeded with url: /l-8-inf (Caused by NewConnectionError('<urllib3.connection.HTTPConnection object at 0x7f3318373400>: Failed to establish a new connection: [Errno -2] Name or service not known',))
HTTPConnectionPool(host='www.dieei.unict.itcorsi', port=80): Max retries exceeded with url: /lm-25 (Caused by NewConnectionError('<urllib3.connection.HTTPConnection object at 0x7f33183734e0>: Failed to establish a new connection: [Errno -2] Name or service not known',))
HTTPConnectionPool(host='www.dieei.unict.itcorsi', port=80): Max retries exceeded with url: /lm-28 (Caused by NewConnectionError('<urllib3.connection.HTTPConnection object at 0x7f3318373438>: Failed to establish a new connection: [Errno -2] Name or service not known',))
HTTPConnectionPool(host='www.dieei.unict.itcorsi', port=80): Max retries exceeded with url: /lm-29 (Caused by NewConnectionError('<urllib3.connection.HTTPConnection object at 0x7f3318462438>: Failed to establish a new connection: [Errno -2] Name or service not known',))
HTTPConnectionPool(host='www.dieei.unict.itcorsi', port=80): Max retries exceeded with url: /lm-27 (Caused by NewConnectionError('<urllib3.connection.HTTPConnection object at 0x7f3318373438>: Failed to establish a new connection: [Errno -2] Name or service not known',))
HTTPConnectionPool(host='www.dieei.unict.itcorsi', port=80): Max retries exceeded with url: /lm-32 (Caused by NewConnectionError('<urllib3.connection.HTTPConnection object at 0x7f33184624a8>: Failed to establish a new connection: [Errno -2] Name or service not known',))
HTTPConnectionPool(host='web.dmi.unict.itcorsi', port=80): Max retries exceeded with url: /l-31 (Caused by NewConnectionError('<urllib3.connection.HTTPConnection object at 0x7fb6c00cc518>: Failed to establish a new connection: [Errno -2] Name or service not known',))
HTTPConnectionPool(host='web.dmi.unict.itcorsi', port=80): Max retries exceeded with url: /l-35 (Caused by NewConnectionError('<urllib3.connection.HTTPConnection object at 0x7fb6c00cc5c0>: Failed to establish a new connection: [Errno -2] Name or service not known',))
HTTPConnectionPool(host='web.dmi.unict.itcorsi', port=80): Max retries exceeded with url: /lm-18 (Caused by NewConnectionError('<urllib3.connection.HTTPConnection object at 0x7fb6c00cc278>: Failed to establish a new connection: [Errno -2] Name or service not known',))
HTTPConnectionPool(host='web.dmi.unict.itcorsi', port=80): Max retries exceeded with url: /lm-40 (Caused by NewConnectionError('<urllib3.connection.HTTPConnection object at 0x7fb6c00cc2b0>: Failed to establish a new connection: [Errno -2] Name or service not known',))
'NoneType' object has no attribute 'find_all'
HTTPConnectionPool(host='web.dmi.unict.itcorsi', port=80): Max retries exceeded with url: /l-31 (Caused by NewConnectionError('<urllib3.connection.HTTPConnection object at 0x7fb6b852bb38>: Failed to establish a new connection: [Errno -2] Name or service not known',))
HTTPConnectionPool(host='web.dmi.unict.itcorsi', port=80): Max retries exceeded with url: /l-35 (Caused by NewConnectionError('<urllib3.connection.HTTPConnection object at 0x7fb6b852bb38>: Failed to establish a new connection: [Errno -2] Name or service not known',))
HTTPConnectionPool(host='web.dmi.unict.itcorsi', port=80): Max retries exceeded with url: /lm-18 (Caused by NewConnectionError('<urllib3.connection.HTTPConnection object at 0x7fb6b852bb38>: Failed to establish a new connection: [Errno -2] Name or service not known',))
HTTPConnectionPool(host='web.dmi.unict.itcorsi', port=80): Max retries exceeded with url: /lm-40 (Caused by NewConnectionError('<urllib3.connection.HTTPConnection object at 0x7fb6b852bb38>: Failed to establish a new connection: [Errno -2] Name or service not known',))
'NoneType' object has no attribute 'find_all'
HTTPConnectionPool(host='www.dieei.unict.itcorsi', port=80): Max retries exceeded with url: /l-8-ele (Caused by NewConnectionError('<urllib3.connection.HTTPConnection object at 0x7fb6b8456400>: Failed to establish a new connection: [Errno -2] Name or service not known',))
HTTPConnectionPool(host='www.dieei.unict.itcorsi', port=80): Max retries exceeded with url: /l-9 (Caused by NewConnectionError('<urllib3.connection.HTTPConnection object at 0x7fb6b84562e8>: Failed to establish a new connection: [Errno -2] Name or service not known',))
HTTPConnectionPool(host='www.dieei.unict.itcorsi', port=80): Max retries exceeded with url: /l-8-inf (Caused by NewConnectionError('<urllib3.connection.HTTPConnection object at 0x7fb6b8456588>: Failed to establish a new connection: [Errno -2] Name or service not known',))
HTTPConnectionPool(host='www.dieei.unict.itcorsi', port=80): Max retries exceeded with url: /lm-25 (Caused by NewConnectionError('<urllib3.connection.HTTPConnection object at 0x7fb6b8456518>: Failed to establish a new connection: [Errno -2] Name or service not known',))
HTTPConnectionPool(host='www.dieei.unict.itcorsi', port=80): Max retries exceeded with url: /lm-28 (Caused by NewConnectionError('<urllib3.connection.HTTPConnection object at 0x7fb6b84562e8>: Failed to establish a new connection: [Errno -2] Name or service not known',))
HTTPConnectionPool(host='www.dieei.unict.itcorsi', port=80): Max retries exceeded with url: /lm-29 (Caused by NewConnectionError('<urllib3.connection.HTTPConnection object at 0x7fb6b84563c8>: Failed to establish a new connection: [Errno -2] Name or service not known',))
HTTPConnectionPool(host='www.dieei.unict.itcorsi', port=80): Max retries exceeded with url: /lm-27 (Caused by NewConnectionError('<urllib3.connection.HTTPConnection object at 0x7fb6b84562b0>: Failed to establish a new connection: [Errno -2] Name or service not known',))
HTTPConnectionPool(host='www.dieei.unict.itcorsi', port=80): Max retries exceeded with url: /lm-32 (Caused by NewConnectionError('<urllib3.connection.HTTPConnection object at 0x7fb6b84563c8>: Failed to establish a new connection: [Errno -2] Name or service not known',))
HTTPConnectionPool(host='www.dieei.unict.itcorsi', port=80): Max retries exceeded with url: /l-8-ele (Caused by NewConnectionError('<urllib3.connection.HTTPConnection object at 0x7fb6b83a6668>: Failed to establish a new connection: [Errno -2] Name or service not known',))
HTTPConnectionPool(host='www.dieei.unict.itcorsi', port=80): Max retries exceeded with url: /l-9 (Caused by NewConnectionError('<urllib3.connection.HTTPConnection object at 0x7fb6b83164a8>: Failed to establish a new connection: [Errno -2] Name or service not known',))
HTTPConnectionPool(host='www.dieei.unict.itcorsi', port=80): Max retries exceeded with url: /l-8-inf (Caused by NewConnectionError('<urllib3.connection.HTTPConnection object at 0x7fb6b83164a8>: Failed to establish a new connection: [Errno -2] Name or service not known',))
HTTPConnectionPool(host='www.dieei.unict.itcorsi', port=80): Max retries exceeded with url: /lm-25 (Caused by NewConnectionError('<urllib3.connection.HTTPConnection object at 0x7fb6b83166a0>: Failed to establish a new connection: [Errno -2] Name or service not known',))
HTTPConnectionPool(host='www.dieei.unict.itcorsi', port=80): Max retries exceeded with url: /lm-28 (Caused by NewConnectionError('<urllib3.connection.HTTPConnection object at 0x7fb6b8316588>: Failed to establish a new connection: [Errno -2] Name or service not known',))
HTTPConnectionPool(host='www.dieei.unict.itcorsi', port=80): Max retries exceeded with url: /lm-29 (Caused by NewConnectionError('<urllib3.connection.HTTPConnection object at 0x7fb6b83162e8>: Failed to establish a new connection: [Errno -2] Name or service not known',))
HTTPConnectionPool(host='www.dieei.unict.itcorsi', port=80): Max retries exceeded with url: /lm-27 (Caused by NewConnectionError('<urllib3.connection.HTTPConnection object at 0x7fb6c0e04400>: Failed to establish a new connection: [Errno -2] Name or service not known',))
HTTPConnectionPool(host='www.dieei.unict.itcorsi', port=80): Max retries exceeded with url: /lm-32 (Caused by NewConnectionError('<urllib3.connection.HTTPConnection object at 0x7fb6c0e045f8>: Failed to establish a new connection: [Errno -2] Name or service not known',))
HTTPConnectionPool(host='web.dmi.unict.itcorsi', port=80): Max retries exceeded with url: /l-31 (Caused by NewConnectionError('<urllib3.connection.HTTPConnection object at 0x7f23486444e0>: Failed to establish a new connection: [Errno -2] Name or service not known',))
HTTPConnectionPool(host='web.dmi.unict.itcorsi', port=80): Max retries exceeded with url: /l-35 (Caused by NewConnectionError('<urllib3.connection.HTTPConnection object at 0x7f2348644470>: Failed to establish a new connection: [Errno -2] Name or service not known',))
HTTPConnectionPool(host='web.dmi.unict.itcorsi', port=80): Max retries exceeded with url: /lm-18 (Caused by NewConnectionError('<urllib3.connection.HTTPConnection object at 0x7f23486444e0>: Failed to establish a new connection: [Errno -2] Name or service not known',))
HTTPConnectionPool(host='web.dmi.unict.itcorsi', port=80): Max retries exceeded with url: /lm-40 (Caused by NewConnectionError('<urllib3.connection.HTTPConnection object at 0x7f2348644518>: Failed to establish a new connection: [Errno -2] Name or service not known',))
'NoneType' object has no attribute 'find_all'
HTTPConnectionPool(host='web.dmi.unict.itcorsi', port=80): Max retries exceeded with url: /l-31 (Caused by NewConnectionError('<urllib3.connection.HTTPConnection object at 0x7f23484f5a90>: Failed to establish a new connection: [Errno -2] Name or service not known',))
HTTPConnectionPool(host='web.dmi.unict.itcorsi', port=80): Max retries exceeded with url: /l-35 (Caused by NewConnectionError('<urllib3.connection.HTTPConnection object at 0x7f23484f5b00>: Failed to establish a new connection: [Errno -2] Name or service not known',))
HTTPConnectionPool(host='web.dmi.unict.itcorsi', port=80): Max retries exceeded with url: /lm-18 (Caused by NewConnectionError('<urllib3.connection.HTTPConnection object at 0x7f23484f5a90>: Failed to establish a new connection: [Errno -2] Name or service not known',))
HTTPConnectionPool(host='web.dmi.unict.itcorsi', port=80): Max retries exceeded with url: /lm-40 (Caused by NewConnectionError('<urllib3.connection.HTTPConnection object at 0x7f23484f5b00>: Failed to establish a new connection: [Errno -2] Name or service not known',))
'NoneType' object has no attribute 'find_all'
HTTPConnectionPool(host='www.dieei.unict.itcorsi', port=80): Max retries exceeded with url: /l-8-ele (Caused by NewConnectionError('<urllib3.connection.HTTPConnection object at 0x7f23484fa668>: Failed to establish a new connection: [Errno -2] Name or service not known',))
HTTPConnectionPool(host='www.dieei.unict.itcorsi', port=80): Max retries exceeded with url: /l-9 (Caused by NewConnectionError('<urllib3.connection.HTTPConnection object at 0x7f23484fa5f8>: Failed to establish a new connection: [Errno -2] Name or service not known',))
HTTPConnectionPool(host='www.dieei.unict.itcorsi', port=80): Max retries exceeded with url: /l-8-inf (Caused by NewConnectionError('<urllib3.connection.HTTPConnection object at 0x7f23484fa710>: Failed to establish a new connection: [Errno -2] Name or service not known',))
HTTPConnectionPool(host='www.dieei.unict.itcorsi', port=80): Max retries exceeded with url: /lm-25 (Caused by NewConnectionError('<urllib3.connection.HTTPConnection object at 0x7f23484fa6d8>: Failed to establish a new connection: [Errno -2] Name or service not known',))
HTTPConnectionPool(host='www.dieei.unict.itcorsi', port=80): Max retries exceeded with url: /lm-28 (Caused by NewConnectionError('<urllib3.connection.HTTPConnection object at 0x7f23484fa1d0>: Failed to establish a new connection: [Errno -2] Name or service not known',))
HTTPConnectionPool(host='www.dieei.unict.itcorsi', port=80): Max retries exceeded with url: /lm-29 (Caused by NewConnectionError('<urllib3.connection.HTTPConnection object at 0x7f23484fa748>: Failed to establish a new connection: [Errno -2] Name or service not known',))
HTTPConnectionPool(host='www.dieei.unict.itcorsi', port=80): Max retries exceeded with url: /lm-27 (Caused by NewConnectionError('<urllib3.connection.HTTPConnection object at 0x7f234b59a198>: Failed to establish a new connection: [Errno -2] Name or service not known',))
HTTPConnectionPool(host='www.dieei.unict.itcorsi', port=80): Max retries exceeded with url: /lm-32 (Caused by NewConnectionError('<urllib3.connection.HTTPConnection object at 0x7f234b59a048>: Failed to establish a new connection: [Errno -2] Name or service not known',))
HTTPConnectionPool(host='www.dieei.unict.itcorsi', port=80): Max retries exceeded with url: /l-8-ele (Caused by NewConnectionError('<urllib3.connection.HTTPConnection object at 0x7f2348233a58>: Failed to establish a new connection: [Errno -2] Name or service not known',))
HTTPConnectionPool(host='www.dieei.unict.itcorsi', port=80): Max retries exceeded with url: /l-9 (Caused by NewConnectionError('<urllib3.connection.HTTPConnection object at 0x7f23482339b0>: Failed to establish a new connection: [Errno -2] Name or service not known',))
HTTPConnectionPool(host='www.dieei.unict.itcorsi', port=80): Max retries exceeded with url: /l-8-inf (Caused by NewConnectionError('<urllib3.connection.HTTPConnection object at 0x7f2348233c18>: Failed to establish a new connection: [Errno -2] Name or service not known',))
HTTPConnectionPool(host='www.dieei.unict.itcorsi', port=80): Max retries exceeded with url: /lm-25 (Caused by NewConnectionError('<urllib3.connection.HTTPConnection object at 0x7f2348233a90>: Failed to establish a new connection: [Errno -2] Name or service not known',))
HTTPConnectionPool(host='www.dieei.unict.itcorsi', port=80): Max retries exceeded with url: /lm-28 (Caused by NewConnectionError('<urllib3.connection.HTTPConnection object at 0x7f2348233860>: Failed to establish a new connection: [Errno -2] Name or service not known',))
HTTPConnectionPool(host='www.dieei.unict.itcorsi', port=80): Max retries exceeded with url: /lm-29 (Caused by NewConnectionError('<urllib3.connection.HTTPConnection object at 0x7f234855d6a0>: Failed to establish a new connection: [Errno -2] Name or service not known',))
HTTPConnectionPool(host='www.dieei.unict.itcorsi', port=80): Max retries exceeded with url: /lm-27 (Caused by NewConnectionError('<urllib3.connection.HTTPConnection object at 0x7f2348233748>: Failed to establish a new connection: [Errno -2] Name or service not known',))
HTTPConnectionPool(host='www.dieei.unict.itcorsi', port=80): Max retries exceeded with url: /lm-32 (Caused by NewConnectionError('<urllib3.connection.HTTPConnection object at 0x7f2348233ac8>: Failed to establish a new connection: [Errno -2] Name or service not known',))
HTTPConnectionPool(host='web.dmi.unict.itcorsi', port=80): Max retries exceeded with url: /l-31 (Caused by NewConnectionError('<urllib3.connection.HTTPConnection object at 0x7fbde864a2e8>: Failed to establish a new connection: [Errno -2] Name or service not known',))
HTTPConnectionPool(host='web.dmi.unict.itcorsi', port=80): Max retries exceeded with url: /l-35 (Caused by NewConnectionError('<urllib3.connection.HTTPConnection object at 0x7fbde864a358>: Failed to establish a new connection: [Errno -2] Name or service not known',))
HTTPConnectionPool(host='web.dmi.unict.itcorsi', port=80): Max retries exceeded with url: /lm-18 (Caused by NewConnectionError('<urllib3.connection.HTTPConnection object at 0x7fbde864a2b0>: Failed to establish a new connection: [Errno -2] Name or service not known',))
HTTPConnectionPool(host='web.dmi.unict.itcorsi', port=80): Max retries exceeded with url: /lm-40 (Caused by NewConnectionError('<urllib3.connection.HTTPConnection object at 0x7fbde864a2e8>: Failed to establish a new connection: [Errno -2] Name or service not known',))
'NoneType' object has no attribute 'find_all'
HTTPConnectionPool(host='web.dmi.unict.itcorsi', port=80): Max retries exceeded with url: /l-31 (Caused by NewConnectionError('<urllib3.connection.HTTPConnection object at 0x7fbde86317b8>: Failed to establish a new connection: [Errno -2] Name or service not known',))
HTTPConnectionPool(host='web.dmi.unict.itcorsi', port=80): Max retries exceeded with url: /l-35 (Caused by NewConnectionError('<urllib3.connection.HTTPConnection object at 0x7fbde8631518>: Failed to establish a new connection: [Errno -2] Name or service not known',))
HTTPConnectionPool(host='web.dmi.unict.itcorsi', port=80): Max retries exceeded with url: /lm-18 (Caused by NewConnectionError('<urllib3.connection.HTTPConnection object at 0x7fbde8631780>: Failed to establish a new connection: [Errno -2] Name or service not known',))
HTTPConnectionPool(host='web.dmi.unict.itcorsi', port=80): Max retries exceeded with url: /lm-40 (Caused by NewConnectionError('<urllib3.connection.HTTPConnection object at 0x7fbde86317b8>: Failed to establish a new connection: [Errno -2] Name or service not known',))
'NoneType' object has no attribute 'find_all'
HTTPConnectionPool(host='www.dieei.unict.itcorsi', port=80): Max retries exceeded with url: /l-8-ele (Caused by NewConnectionError('<urllib3.connection.HTTPConnection object at 0x7fbde8398588>: Failed to establish a new connection: [Errno -2] Name or service not known',))
HTTPConnectionPool(host='www.dieei.unict.itcorsi', port=80): Max retries exceeded with url: /l-9 (Caused by NewConnectionError('<urllib3.connection.HTTPConnection object at 0x7fbde8398400>: Failed to establish a new connection: [Errno -2] Name or service not known',))
HTTPConnectionPool(host='www.dieei.unict.itcorsi', port=80): Max retries exceeded with url: /l-8-inf (Caused by NewConnectionError('<urllib3.connection.HTTPConnection object at 0x7fbde83985f8>: Failed to establish a new connection: [Errno -2] Name or service not known',))
HTTPConnectionPool(host='www.dieei.unict.itcorsi', port=80): Max retries exceeded with url: /lm-25 (Caused by NewConnectionError('<urllib3.connection.HTTPConnection object at 0x7fbde8398438>: Failed to establish a new connection: [Errno -2] Name or service not known',))
HTTPConnectionPool(host='www.dieei.unict.itcorsi', port=80): Max retries exceeded with url: /lm-28 (Caused by NewConnectionError('<urllib3.connection.HTTPConnection object at 0x7fbde81ffac8>: Failed to establish a new connection: [Errno -2] Name or service not known',))
HTTPConnectionPool(host='www.dieei.unict.itcorsi', port=80): Max retries exceeded with url: /lm-29 (Caused by NewConnectionError('<urllib3.connection.HTTPConnection object at 0x7fbde81ff9b0>: Failed to establish a new connection: [Errno -2] Name or service not known',))
HTTPConnectionPool(host='www.dieei.unict.itcorsi', port=80): Max retries exceeded with url: /lm-27 (Caused by NewConnectionError('<urllib3.connection.HTTPConnection object at 0x7fbde81ff940>: Failed to establish a new connection: [Errno -2] Name or service not known',))
HTTPConnectionPool(host='www.dieei.unict.itcorsi', port=80): Max retries exceeded with url: /lm-32 (Caused by NewConnectionError('<urllib3.connection.HTTPConnection object at 0x7fbde81ff860>: Failed to establish a new connection: [Errno -2] Name or service not known',))
HTTPConnectionPool(host='www.dieei.unict.itcorsi', port=80): Max retries exceeded with url: /l-8-ele (Caused by NewConnectionError('<urllib3.connection.HTTPConnection object at 0x7fbdec59abe0>: Failed to establish a new connection: [Errno -2] Name or service not known',))
HTTPConnectionPool(host='www.dieei.unict.itcorsi', port=80): Max retries exceeded with url: /l-9 (Caused by NewConnectionError('<urllib3.connection.HTTPConnection object at 0x7fbdec59a6d8>: Failed to establish a new connection: [Errno -2] Name or service not known',))
HTTPConnectionPool(host='www.dieei.unict.itcorsi', port=80): Max retries exceeded with url: /l-8-inf (Caused by NewConnectionError('<urllib3.connection.HTTPConnection object at 0x7fbdec59a1d0>: Failed to establish a new connection: [Errno -2] Name or service not known',))
HTTPConnectionPool(host='www.dieei.unict.itcorsi', port=80): Max retries exceeded with url: /lm-25 (Caused by NewConnectionError('<urllib3.connection.HTTPConnection object at 0x7fbdec59a898>: Failed to establish a new connection: [Errno -2] Name or service not known',))
HTTPConnectionPool(host='www.dieei.unict.itcorsi', port=80): Max retries exceeded with url: /lm-28 (Caused by NewConnectionError('<urllib3.connection.HTTPConnection object at 0x7fbde8354ac8>: Failed to establish a new connection: [Errno -2] Name or service not known',))
HTTPConnectionPool(host='www.dieei.unict.itcorsi', port=80): Max retries exceeded with url: /lm-29 (Caused by NewConnectionError('<urllib3.connection.HTTPConnection object at 0x7fbdec59a5f8>: Failed to establish a new connection: [Errno -2] Name or service not known',))
HTTPConnectionPool(host='www.dieei.unict.itcorsi', port=80): Max retries exceeded with url: /lm-27 (Caused by NewConnectionError('<urllib3.connection.HTTPConnection object at 0x7fbde8354ac8>: Failed to establish a new connection: [Errno -2] Name or service not known',))
HTTPConnectionPool(host='www.dieei.unict.itcorsi', port=80): Max retries exceeded with url: /lm-32 (Caused by NewConnectionError('<urllib3.connection.HTTPConnection object at 0x7fbde8277208>: Failed to establish a new connection: [Errno -2] Name or service not known',))
HTTPConnectionPool(host='web.dmi.unict.itcorsi', port=80): Max retries exceeded with url: /l-31 (Caused by NewConnectionError('<urllib3.connection.HTTPConnection object at 0x7fa1bdfda4e0>: Failed to establish a new connection: [Errno -2] Name or service not known',))
HTTPConnectionPool(host='web.dmi.unict.itcorsi', port=80): Max retries exceeded with url: /l-35 (Caused by NewConnectionError('<urllib3.connection.HTTPConnection object at 0x7fa1bdfda588>: Failed to establish a new connection: [Errno -2] Name or service not known',))
HTTPConnectionPool(host='web.dmi.unict.itcorsi', port=80): Max retries exceeded with url: /lm-18 (Caused by NewConnectionError('<urllib3.connection.HTTPConnection object at 0x7fa1bdfda240>: Failed to establish a new connection: [Errno -2] Name or service not known',))
HTTPConnectionPool(host='web.dmi.unict.itcorsi', port=80): Max retries exceeded with url: /lm-40 (Caused by NewConnectionError('<urllib3.connection.HTTPConnection object at 0x7fa1bdfda278>: Failed to establish a new connection: [Errno -2] Name or service not known',))
'NoneType' object has no attribute 'find_all'
HTTPConnectionPool(host='web.dmi.unict.itcorsi', port=80): Max retries exceeded with url: /l-31 (Caused by NewConnectionError('<urllib3.connection.HTTPConnection object at 0x7fa1bde8cb00>: Failed to establish a new connection: [Errno -2] Name or service not known',))
HTTPConnectionPool(host='web.dmi.unict.itcorsi', port=80): Max retries exceeded with url: /l-35 (Caused by NewConnectionError('<urllib3.connection.HTTPConnection object at 0x7fa1bde8cb00>: Failed to establish a new connection: [Errno -2] Name or service not known',))
HTTPConnectionPool(host='web.dmi.unict.itcorsi', port=80): Max retries exceeded with url: /lm-18 (Caused by NewConnectionError('<urllib3.connection.HTTPConnection object at 0x7fa1bde8cb00>: Failed to establish a new connection: [Errno -2] Name or service not known',))
HTTPConnectionPool(host='web.dmi.unict.itcorsi', port=80): Max retries exceeded with url: /lm-40 (Caused by NewConnectionError('<urllib3.connection.HTTPConnection object at 0x7fa1bde8cb00>: Failed to establish a new connection: [Errno -2] Name or service not known',))
'NoneType' object has no attribute 'find_all'
HTTPConnectionPool(host='www.dieei.unict.itcorsi', port=80): Max retries exceeded with url: /l-8-ele (Caused by NewConnectionError('<urllib3.connection.HTTPConnection object at 0x7fa1bddd4be0>: Failed to establish a new connection: [Errno -2] Name or service not known',))
HTTPConnectionPool(host='www.dieei.unict.itcorsi', port=80): Max retries exceeded with url: /l-9 (Caused by NewConnectionError('<urllib3.connection.HTTPConnection object at 0x7fa1bddd4d68>: Failed to establish a new connection: [Errno -2] Name or service not known',))
HTTPConnectionPool(host='www.dieei.unict.itcorsi', port=80): Max retries exceeded with url: /l-8-inf (Caused by NewConnectionError('<urllib3.connection.HTTPConnection object at 0x7fa1bddd4d30>: Failed to establish a new connection: [Errno -2] Name or service not known',))
HTTPConnectionPool(host='www.dieei.unict.itcorsi', port=80): Max retries exceeded with url: /lm-25 (Caused by NewConnectionError('<urllib3.connection.HTTPConnection object at 0x7fa1bde4f198>: Failed to establish a new connection: [Errno -2] Name or service not known',))
HTTPConnectionPool(host='www.dieei.unict.itcorsi', port=80): Max retries exceeded with url: /lm-28 (Caused by NewConnectionError('<urllib3.connection.HTTPConnection object at 0x7fa1bde4f390>: Failed to establish a new connection: [Errno -2] Name or service not known',))
HTTPConnectionPool(host='www.dieei.unict.itcorsi', port=80): Max retries exceeded with url: /lm-29 (Caused by NewConnectionError('<urllib3.connection.HTTPConnection object at 0x7fa1bddd49e8>: Failed to establish a new connection: [Errno -2] Name or service not known',))
HTTPConnectionPool(host='www.dieei.unict.itcorsi', port=80): Max retries exceeded with url: /lm-27 (Caused by NewConnectionError('<urllib3.connection.HTTPConnection object at 0x7fa1bddd4e10>: Failed to establish a new connection: [Errno -2] Name or service not known',))
HTTPConnectionPool(host='www.dieei.unict.itcorsi', port=80): Max retries exceeded with url: /lm-32 (Caused by NewConnectionError('<urllib3.connection.HTTPConnection object at 0x7fa1bddd49e8>: Failed to establish a new connection: [Errno -2] Name or service not known',))
HTTPConnectionPool(host='www.dieei.unict.itcorsi', port=80): Max retries exceeded with url: /l-8-ele (Caused by NewConnectionError('<urllib3.connection.HTTPConnection object at 0x7fa1ce713dd8>: Failed to establish a new connection: [Errno -2] Name or service not known',))
HTTPConnectionPool(host='www.dieei.unict.itcorsi', port=80): Max retries exceeded with url: /l-9 (Caused by NewConnectionError('<urllib3.connection.HTTPConnection object at 0x7fa1ce7139b0>: Failed to establish a new connection: [Errno -2] Name or service not known',))
HTTPConnectionPool(host='www.dieei.unict.itcorsi', port=80): Max retries exceeded with url: /l-8-inf (Caused by NewConnectionError('<urllib3.connection.HTTPConnection object at 0x7fa1ce713ac8>: Failed to establish a new connection: [Errno -2] Name or service not known',))
HTTPConnectionPool(host='www.dieei.unict.itcorsi', port=80): Max retries exceeded with url: /lm-25 (Caused by NewConnectionError('<urllib3.connection.HTTPConnection object at 0x7fa1ce713b70>: Failed to establish a new connection: [Errno -2] Name or service not known',))
HTTPConnectionPool(host='www.dieei.unict.itcorsi', port=80): Max retries exceeded with url: /lm-28 (Caused by NewConnectionError('<urllib3.connection.HTTPConnection object at 0x7fa1ce7139b0>: Failed to establish a new connection: [Errno -2] Name or service not known',))
HTTPConnectionPool(host='www.dieei.unict.itcorsi', port=80): Max retries exceeded with url: /lm-29 (Caused by NewConnectionError('<urllib3.connection.HTTPConnection object at 0x7fa1ce713f60>: Failed to establish a new connection: [Errno -2] Name or service not known',))
HTTPConnectionPool(host='www.dieei.unict.itcorsi', port=80): Max retries exceeded with url: /lm-27 (Caused by NewConnectionError('<urllib3.connection.HTTPConnection object at 0x7fa1ce713dd8>: Failed to establish a new connection: [Errno -2] Name or service not known',))
HTTPConnectionPool(host='www.dieei.unict.itcorsi', port=80): Max retries exceeded with url: /lm-32 (Caused by NewConnectionError('<urllib3.connection.HTTPConnection object at 0x7fa1ce713f60>: Failed to establish a new connection: [Errno -2] Name or service not known',))
HTTPConnectionPool(host='web.dmi.unict.itcorsi', port=80): Max retries exceeded with url: /l-31 (Caused by NewConnectionError('<urllib3.connection.HTTPConnection object at 0x7f0d2435c320>: Failed to establish a new connection: [Errno -2] Name or service not known',))
HTTPConnectionPool(host='web.dmi.unict.itcorsi', port=80): Max retries exceeded with url: /l-35 (Caused by NewConnectionError('<urllib3.connection.HTTPConnection object at 0x7f0d2435c390>: Failed to establish a new connection: [Errno -2] Name or service not known',))
HTTPConnectionPool(host='web.dmi.unict.itcorsi', port=80): Max retries exceeded with url: /lm-18 (Caused by NewConnectionError('<urllib3.connection.HTTPConnection object at 0x7f0d2435c2e8>: Failed to establish a new connection: [Errno -2] Name or service not known',))
HTTPConnectionPool(host='web.dmi.unict.itcorsi', port=80): Max retries exceeded with url: /lm-40 (Caused by NewConnectionError('<urllib3.connection.HTTPConnection object at 0x7f0d2435c320>: Failed to establish a new connection: [Errno -2] Name or service not known',))
'NoneType' object has no attribute 'find_all'
HTTPConnectionPool(host='web.dmi.unict.itcorsi', port=80): Max retries exceeded with url: /l-31 (Caused by NewConnectionError('<urllib3.connection.HTTPConnection object at 0x7f0d2420da58>: Failed to establish a new connection: [Errno -2] Name or service not known',))
HTTPConnectionPool(host='web.dmi.unict.itcorsi', port=80): Max retries exceeded with url: /l-35 (Caused by NewConnectionError('<urllib3.connection.HTTPConnection object at 0x7f0d2420dbe0>: Failed to establish a new connection: [Errno -2] Name or service not known',))
HTTPConnectionPool(host='web.dmi.unict.itcorsi', port=80): Max retries exceeded with url: /lm-18 (Caused by NewConnectionError('<urllib3.connection.HTTPConnection object at 0x7f0d2420da90>: Failed to establish a new connection: [Errno -2] Name or service not known',))
HTTPConnectionPool(host='web.dmi.unict.itcorsi', port=80): Max retries exceeded with url: /lm-40 (Caused by NewConnectionError('<urllib3.connection.HTTPConnection object at 0x7f0d2420da58>: Failed to establish a new connection: [Errno -2] Name or service not known',))
'NoneType' object has no attribute 'find_all'
HTTPConnectionPool(host='www.dieei.unict.itcorsi', port=80): Max retries exceeded with url: /l-8-ele (Caused by NewConnectionError('<urllib3.connection.HTTPConnection object at 0x7f0d2418a0f0>: Failed to establish a new connection: [Errno -2] Name or service not known',))
HTTPConnectionPool(host='www.dieei.unict.itcorsi', port=80): Max retries exceeded with url: /l-9 (Caused by NewConnectionError('<urllib3.connection.HTTPConnection object at 0x7f0d272afe80>: Failed to establish a new connection: [Errno -2] Name or service not known',))
HTTPConnectionPool(host='www.dieei.unict.itcorsi', port=80): Max retries exceeded with url: /l-8-inf (Caused by NewConnectionError('<urllib3.connection.HTTPConnection object at 0x7f0d272afe80>: Failed to establish a new connection: [Errno -2] Name or service not known',))
HTTPConnectionPool(host='www.dieei.unict.itcorsi', port=80): Max retries exceeded with url: /lm-25 (Caused by NewConnectionError('<urllib3.connection.HTTPConnection object at 0x7f0d272af2b0>: Failed to establish a new connection: [Errno -2] Name or service not known',))
HTTPConnectionPool(host='www.dieei.unict.itcorsi', port=80): Max retries exceeded with url: /lm-28 (Caused by NewConnectionError('<urllib3.connection.HTTPConnection object at 0x7f0d272afbe0>: Failed to establish a new connection: [Errno -2] Name or service not known',))
HTTPConnectionPool(host='www.dieei.unict.itcorsi', port=80): Max retries exceeded with url: /lm-29 (Caused by NewConnectionError('<urllib3.connection.HTTPConnection object at 0x7f0d272afd68>: Failed to establish a new connection: [Errno -2] Name or service not known',))
HTTPConnectionPool(host='www.dieei.unict.itcorsi', port=80): Max retries exceeded with url: /lm-27 (Caused by NewConnectionError('<urllib3.connection.HTTPConnection object at 0x7f0d272afe80>: Failed to establish a new connection: [Errno -2] Name or service not known',))
HTTPConnectionPool(host='www.dieei.unict.itcorsi', port=80): Max retries exceeded with url: /lm-32 (Caused by NewConnectionError('<urllib3.connection.HTTPConnection object at 0x7f0d272afbe0>: Failed to establish a new connection: [Errno -2] Name or service not known',))
HTTPConnectionPool(host='www.dieei.unict.itcorsi', port=80): Max retries exceeded with url: /l-8-ele (Caused by NewConnectionError('<urllib3.connection.HTTPConnection object at 0x7f0d24181908>: Failed to establish a new connection: [Errno -2] Name or service not known',))
HTTPConnectionPool(host='www.dieei.unict.itcorsi', port=80): Max retries exceeded with url: /l-9 (Caused by NewConnectionError('<urllib3.connection.HTTPConnection object at 0x7f0d24181898>: Failed to establish a new connection: [Errno -2] Name or service not known',))
HTTPConnectionPool(host='www.dieei.unict.itcorsi', port=80): Max retries exceeded with url: /l-8-inf (Caused by NewConnectionError('<urllib3.connection.HTTPConnection object at 0x7f0d241816d8>: Failed to establish a new connection: [Errno -2] Name or service not known',))
HTTPConnectionPool(host='www.dieei.unict.itcorsi', port=80): Max retries exceeded with url: /lm-25 (Caused by NewConnectionError('<urllib3.connection.HTTPConnection object at 0x7f0d241812e8>: Failed to establish a new connection: [Errno -2] Name or service not known',))
HTTPConnectionPool(host='www.dieei.unict.itcorsi', port=80): Max retries exceeded with url: /lm-28 (Caused by NewConnectionError('<urllib3.connection.HTTPConnection object at 0x7f0d240fed30>: Failed to establish a new connection: [Errno -2] Name or service not known',))
HTTPConnectionPool(host='www.dieei.unict.itcorsi', port=80): Max retries exceeded with url: /lm-29 (Caused by NewConnectionError('<urllib3.connection.HTTPConnection object at 0x7f0d241816d8>: Failed to establish a new connection: [Errno -2] Name or service not known',))
HTTPConnectionPool(host='www.dieei.unict.itcorsi', port=80): Max retries exceeded with url: /lm-27 (Caused by NewConnectionError('<urllib3.connection.HTTPConnection object at 0x7f0d24181550>: Failed to establish a new connection: [Errno -2] Name or service not known',))
HTTPConnectionPool(host='www.dieei.unict.itcorsi', port=80): Max retries exceeded with url: /lm-32 (Caused by NewConnectionError('<urllib3.connection.HTTPConnection object at 0x7f0d241816d8>: Failed to establish a new connection: [Errno -2] Name or service not known',))
HTTPConnectionPool(host='web.dmi.unict.itcorsi', port=80): Max retries exceeded with url: /l-31 (Caused by NewConnectionError('<urllib3.connection.HTTPConnection object at 0x7f3f5c21e518>: Failed to establish a new connection: [Errno -2] Name or service not known',))
HTTPConnectionPool(host='web.dmi.unict.itcorsi', port=80): Max retries exceeded with url: /l-35 (Caused by NewConnectionError('<urllib3.connection.HTTPConnection object at 0x7f3f5c21e5c0>: Failed to establish a new connection: [Errno -2] Name or service not known',))
HTTPConnectionPool(host='web.dmi.unict.itcorsi', port=80): Max retries exceeded with url: /lm-18 (Caused by NewConnectionError('<urllib3.connection.HTTPConnection object at 0x7f3f5c21e278>: Failed to establish a new connection: [Errno -2] Name or service not known',))
HTTPConnectionPool(host='web.dmi.unict.itcorsi', port=80): Max retries exceeded with url: /lm-40 (Caused by NewConnectionError('<urllib3.connection.HTTPConnection object at 0x7f3f5c21e2b0>: Failed to establish a new connection: [Errno -2] Name or service not known',))
'NoneType' object has no attribute 'find_all'
HTTPConnectionPool(host='web.dmi.unict.itcorsi', port=80): Max retries exceeded with url: /l-31 (Caused by NewConnectionError('<urllib3.connection.HTTPConnection object at 0x7f3f5c0cfb00>: Failed to establish a new connection: [Errno -2] Name or service not known',))
HTTPConnectionPool(host='web.dmi.unict.itcorsi', port=80): Max retries exceeded with url: /l-35 (Caused by NewConnectionError('<urllib3.connection.HTTPConnection object at 0x7f3f5c0cfc88>: Failed to establish a new connection: [Errno -2] Name or service not known',))
HTTPConnectionPool(host='web.dmi.unict.itcorsi', port=80): Max retries exceeded with url: /lm-18 (Caused by NewConnectionError('<urllib3.connection.HTTPConnection object at 0x7f3f5c0cff60>: Failed to establish a new connection: [Errno -2] Name or service not known',))
HTTPConnectionPool(host='web.dmi.unict.itcorsi', port=80): Max retries exceeded with url: /lm-40 (Caused by NewConnectionError('<urllib3.connection.HTTPConnection object at 0x7f3f5c0cfac8>: Failed to establish a new connection: [Errno -2] Name or service not known',))
'NoneType' object has no attribute 'find_all'
HTTPConnectionPool(host='www.dieei.unict.itcorsi', port=80): Max retries exceeded with url: /l-8-ele (Caused by NewConnectionError('<urllib3.connection.HTTPConnection object at 0x7f3f5c0764e0>: Failed to establish a new connection: [Errno -2] Name or service not known',))
HTTPConnectionPool(host='www.dieei.unict.itcorsi', port=80): Max retries exceeded with url: /l-9 (Caused by NewConnectionError('<urllib3.connection.HTTPConnection object at 0x7f3f5c076320>: Failed to establish a new connection: [Errno -2] Name or service not known',))
HTTPConnectionPool(host='www.dieei.unict.itcorsi', port=80): Max retries exceeded with url: /l-8-inf (Caused by NewConnectionError('<urllib3.connection.HTTPConnection object at 0x7f3f5c0763c8>: Failed to establish a new connection: [Errno -2] Name or service not known',))
HTTPConnectionPool(host='www.dieei.unict.itcorsi', port=80): Max retries exceeded with url: /lm-25 (Caused by NewConnectionError('<urllib3.connection.HTTPConnection object at 0x7f3f54efd160>: Failed to establish a new connection: [Errno -2] Name or service not known',))
HTTPConnectionPool(host='www.dieei.unict.itcorsi', port=80): Max retries exceeded with url: /lm-28 (Caused by NewConnectionError('<urllib3.connection.HTTPConnection object at 0x7f3f54efd940>: Failed to establish a new connection: [Errno -2] Name or service not known',))
HTTPConnectionPool(host='www.dieei.unict.itcorsi', port=80): Max retries exceeded with url: /lm-29 (Caused by NewConnectionError('<urllib3.connection.HTTPConnection object at 0x7f3f5c076048>: Failed to establish a new connection: [Errno -2] Name or service not known',))
HTTPConnectionPool(host='www.dieei.unict.itcorsi', port=80): Max retries exceeded with url: /lm-27 (Caused by NewConnectionError('<urllib3.connection.HTTPConnection object at 0x7f3f5c0762e8>: Failed to establish a new connection: [Errno -2] Name or service not known',))
HTTPConnectionPool(host='www.dieei.unict.itcorsi', port=80): Max retries exceeded with url: /lm-32 (Caused by NewConnectionError('<urllib3.connection.HTTPConnection object at 0x7f3f5c076048>: Failed to establish a new connection: [Errno -2] Name or service not known',))
HTTPConnectionPool(host='www.dieei.unict.itcorsi', port=80): Max retries exceeded with url: /l-8-ele (Caused by NewConnectionError('<urllib3.connection.HTTPConnection object at 0x7f3f5d965fd0>: Failed to establish a new connection: [Errno -2] Name or service not known',))
HTTPConnectionPool(host='www.dieei.unict.itcorsi', port=80): Max retries exceeded with url: /l-9 (Caused by NewConnectionError('<urllib3.connection.HTTPConnection object at 0x7f3f5d965978>: Failed to establish a new connection: [Errno -2] Name or service not known',))
HTTPConnectionPool(host='www.dieei.unict.itcorsi', port=80): Max retries exceeded with url: /l-8-inf (Caused by NewConnectionError('<urllib3.connection.HTTPConnection object at 0x7f3f5d965ba8>: Failed to establish a new connection: [Errno -2] Name or service not known',))
HTTPConnectionPool(host='www.dieei.unict.itcorsi', port=80): Max retries exceeded with url: /lm-25 (Caused by NewConnectionError('<urllib3.connection.HTTPConnection object at 0x7f3f5d965c88>: Failed to establish a new connection: [Errno -2] Name or service not known',))
HTTPConnectionPool(host='www.dieei.unict.itcorsi', port=80): Max retries exceeded with url: /lm-28 (Caused by NewConnectionError('<urllib3.connection.HTTPConnection object at 0x7f3f5d965ba8>: Failed to establish a new connection: [Errno -2] Name or service not known',))
HTTPConnectionPool(host='www.dieei.unict.itcorsi', port=80): Max retries exceeded with url: /lm-29 (Caused by NewConnectionError('<urllib3.connection.HTTPConnection object at 0x7f3f5d965e48>: Failed to establish a new connection: [Errno -2] Name or service not known',))
HTTPConnectionPool(host='www.dieei.unict.itcorsi', port=80): Max retries exceeded with url: /lm-27 (Caused by NewConnectionError('<urllib3.connection.HTTPConnection object at 0x7f3f5d965a58>: Failed to establish a new connection: [Errno -2] Name or service not known',))
HTTPConnectionPool(host='www.dieei.unict.itcorsi', port=80): Max retries exceeded with url: /lm-32 (Caused by NewConnectionError('<urllib3.connection.HTTPConnection object at 0x7f3f5c1a8f60>: Failed to establish a new connection: [Errno -2] Name or service not known',))
HTTPConnectionPool(host='web.dmi.unict.itcorsi', port=80): Max retries exceeded with url: /l-31 (Caused by NewConnectionError('<urllib3.connection.HTTPConnection object at 0x7f026c0be4e0>: Failed to establish a new connection: [Errno -2] Name or service not known',))
HTTPConnectionPool(host='web.dmi.unict.itcorsi', port=80): Max retries exceeded with url: /l-35 (Caused by NewConnectionError('<urllib3.connection.HTTPConnection object at 0x7f026c0be588>: Failed to establish a new connection: [Errno -2] Name or service not known',))
HTTPConnectionPool(host='web.dmi.unict.itcorsi', port=80): Max retries exceeded with url: /lm-18 (Caused by NewConnectionError('<urllib3.connection.HTTPConnection object at 0x7f026c0be240>: Failed to establish a new connection: [Errno -2] Name or service not known',))
HTTPConnectionPool(host='web.dmi.unict.itcorsi', port=80): Max retries exceeded with url: /lm-40 (Caused by NewConnectionError('<urllib3.connection.HTTPConnection object at 0x7f026c0be278>: Failed to establish a new connection: [Errno -2] Name or service not known',))
'NoneType' object has no attribute 'find_all'
HTTPConnectionPool(host='web.dmi.unict.itcorsi', port=80): Max retries exceeded with url: /l-31 (Caused by NewConnectionError('<urllib3.connection.HTTPConnection object at 0x7f026c0b3668>: Failed to establish a new connection: [Errno -2] Name or service not known',))
HTTPConnectionPool(host='web.dmi.unict.itcorsi', port=80): Max retries exceeded with url: /l-35 (Caused by NewConnectionError('<urllib3.connection.HTTPConnection object at 0x7f026c0b3668>: Failed to establish a new connection: [Errno -2] Name or service not known',))
HTTPConnectionPool(host='web.dmi.unict.itcorsi', port=80): Max retries exceeded with url: /lm-18 (Caused by NewConnectionError('<urllib3.connection.HTTPConnection object at 0x7f026c0b3668>: Failed to establish a new connection: [Errno -2] Name or service not known',))
HTTPConnectionPool(host='web.dmi.unict.itcorsi', port=80): Max retries exceeded with url: /lm-40 (Caused by NewConnectionError('<urllib3.connection.HTTPConnection object at 0x7f026c0b3668>: Failed to establish a new connection: [Errno -2] Name or service not known',))
'NoneType' object has no attribute 'find_all'
HTTPConnectionPool(host='www.dieei.unict.itcorsi', port=80): Max retries exceeded with url: /l-8-ele (Caused by NewConnectionError('<urllib3.connection.HTTPConnection object at 0x7f025d4cd470>: Failed to establish a new connection: [Errno -2] Name or service not known',))
HTTPConnectionPool(host='www.dieei.unict.itcorsi', port=80): Max retries exceeded with url: /l-9 (Caused by NewConnectionError('<urllib3.connection.HTTPConnection object at 0x7f025d4cd358>: Failed to establish a new connection: [Errno -2] Name or service not known',))
HTTPConnectionPool(host='www.dieei.unict.itcorsi', port=80): Max retries exceeded with url: /l-8-inf (Caused by NewConnectionError('<urllib3.connection.HTTPConnection object at 0x7f025d7b1748>: Failed to establish a new connection: [Errno -2] Name or service not known',))
HTTPConnectionPool(host='www.dieei.unict.itcorsi', port=80): Max retries exceeded with url: /lm-25 (Caused by NewConnectionError('<urllib3.connection.HTTPConnection object at 0x7f025d771668>: Failed to establish a new connection: [Errno -2] Name or service not known',))
HTTPConnectionPool(host='www.dieei.unict.itcorsi', port=80): Max retries exceeded with url: /lm-28 (Caused by NewConnectionError('<urllib3.connection.HTTPConnection object at 0x7f025d79af60>: Failed to establish a new connection: [Errno -2] Name or service not known',))
HTTPConnectionPool(host='www.dieei.unict.itcorsi', port=80): Max retries exceeded with url: /lm-29 (Caused by NewConnectionError('<urllib3.connection.HTTPConnection object at 0x7f025d79a2b0>: Failed to establish a new connection: [Errno -2] Name or service not known',))
HTTPConnectionPool(host='www.dieei.unict.itcorsi', port=80): Max retries exceeded with url: /lm-27 (Caused by NewConnectionError('<urllib3.connection.HTTPConnection object at 0x7f025d79a0f0>: Failed to establish a new connection: [Errno -2] Name or service not known',))
HTTPConnectionPool(host='www.dieei.unict.itcorsi', port=80): Max retries exceeded with url: /lm-32 (Caused by NewConnectionError('<urllib3.connection.HTTPConnection object at 0x7f025d79a668>: Failed to establish a new connection: [Errno -2] Name or service not known',))
HTTPConnectionPool(host='www.dieei.unict.itcorsi', port=80): Max retries exceeded with url: /l-8-ele (Caused by NewConnectionError('<urllib3.connection.HTTPConnection object at 0x7f025d7448d0>: Failed to establish a new connection: [Errno -2] Name or service not known',))
HTTPConnectionPool(host='www.dieei.unict.itcorsi', port=80): Max retries exceeded with url: /l-9 (Caused by NewConnectionError('<urllib3.connection.HTTPConnection object at 0x7f025d744780>: Failed to establish a new connection: [Errno -2] Name or service not known',))
HTTPConnectionPool(host='www.dieei.unict.itcorsi', port=80): Max retries exceeded with url: /l-8-inf (Caused by NewConnectionError('<urllib3.connection.HTTPConnection object at 0x7f025d744908>: Failed to establish a new connection: [Errno -2] Name or service not known',))
HTTPConnectionPool(host='www.dieei.unict.itcorsi', port=80): Max retries exceeded with url: /lm-25 (Caused by NewConnectionError('<urllib3.connection.HTTPConnection object at 0x7f025d7446a0>: Failed to establish a new connection: [Errno -2] Name or service not known',))
HTTPConnectionPool(host='www.dieei.unict.itcorsi', port=80): Max retries exceeded with url: /lm-28 (Caused by NewConnectionError('<urllib3.connection.HTTPConnection object at 0x7f025d691ac8>: Failed to establish a new connection: [Errno -2] Name or service not known',))
HTTPConnectionPool(host='www.dieei.unict.itcorsi', port=80): Max retries exceeded with url: /lm-29 (Caused by NewConnectionError('<urllib3.connection.HTTPConnection object at 0x7f025d744908>: Failed to establish a new connection: [Errno -2] Name or service not known',))
HTTPConnectionPool(host='www.dieei.unict.itcorsi', port=80): Max retries exceeded with url: /lm-27 (Caused by NewConnectionError('<urllib3.connection.HTTPConnection object at 0x7f025d744898>: Failed to establish a new connection: [Errno -2] Name or service not known',))
HTTPConnectionPool(host='www.dieei.unict.itcorsi', port=80): Max retries exceeded with url: /lm-32 (Caused by NewConnectionError('<urllib3.connection.HTTPConnection object at 0x7f025d744780>: Failed to establish a new connection: [Errno -2] Name or service not known',))
HTTPConnectionPool(host='web.dmi.unict.itcorsi', port=80): Max retries exceeded with url: /l-31 (Caused by NewConnectionError('<urllib3.connection.HTTPConnection object at 0x7fb5c06fd4e0>: Failed to establish a new connection: [Errno -2] Name or service not known',))
HTTPConnectionPool(host='web.dmi.unict.itcorsi', port=80): Max retries exceeded with url: /l-35 (Caused by NewConnectionError('<urllib3.connection.HTTPConnection object at 0x7fb5c06fd588>: Failed to establish a new connection: [Errno -2] Name or service not known',))
HTTPConnectionPool(host='web.dmi.unict.itcorsi', port=80): Max retries exceeded with url: /lm-18 (Caused by NewConnectionError('<urllib3.connection.HTTPConnection object at 0x7fb5c06fd240>: Failed to establish a new connection: [Errno -2] Name or service not known',))
HTTPConnectionPool(host='web.dmi.unict.itcorsi', port=80): Max retries exceeded with url: /lm-40 (Caused by NewConnectionError('<urllib3.connection.HTTPConnection object at 0x7fb5c06fd278>: Failed to establish a new connection: [Errno -2] Name or service not known',))
'NoneType' object has no attribute 'find_all'
HTTPConnectionPool(host='web.dmi.unict.itcorsi', port=80): Max retries exceeded with url: /l-31 (Caused by NewConnectionError('<urllib3.connection.HTTPConnection object at 0x7fb5c05acb00>: Failed to establish a new connection: [Errno -2] Name or service not known',))
HTTPConnectionPool(host='web.dmi.unict.itcorsi', port=80): Max retries exceeded with url: /l-35 (Caused by NewConnectionError('<urllib3.connection.HTTPConnection object at 0x7fb5c05acc88>: Failed to establish a new connection: [Errno -2] Name or service not known',))
HTTPConnectionPool(host='web.dmi.unict.itcorsi', port=80): Max retries exceeded with url: /lm-18 (Caused by NewConnectionError('<urllib3.connection.HTTPConnection object at 0x7fb5c05acf60>: Failed to establish a new connection: [Errno -2] Name or service not known',))
HTTPConnectionPool(host='web.dmi.unict.itcorsi', port=80): Max retries exceeded with url: /lm-40 (Caused by NewConnectionError('<urllib3.connection.HTTPConnection object at 0x7fb5c05acac8>: Failed to establish a new connection: [Errno -2] Name or service not known',))
'NoneType' object has no attribute 'find_all'
HTTPConnectionPool(host='www.dieei.unict.itcorsi', port=80): Max retries exceeded with url: /l-8-ele (Caused by NewConnectionError('<urllib3.connection.HTTPConnection object at 0x7fb5c0683908>: Failed to establish a new connection: [Errno -2] Name or service not known',))
HTTPConnectionPool(host='www.dieei.unict.itcorsi', port=80): Max retries exceeded with url: /l-9 (Caused by NewConnectionError('<urllib3.connection.HTTPConnection object at 0x7fb5c06839b0>: Failed to establish a new connection: [Errno -2] Name or service not known',))
HTTPConnectionPool(host='www.dieei.unict.itcorsi', port=80): Max retries exceeded with url: /l-8-inf (Caused by NewConnectionError('<urllib3.connection.HTTPConnection object at 0x7fb5c0683da0>: Failed to establish a new connection: [Errno -2] Name or service not known',))
HTTPConnectionPool(host='www.dieei.unict.itcorsi', port=80): Max retries exceeded with url: /lm-25 (Caused by NewConnectionError('<urllib3.connection.HTTPConnection object at 0x7fb5c0683a58>: Failed to establish a new connection: [Errno -2] Name or service not known',))
HTTPConnectionPool(host='www.dieei.unict.itcorsi', port=80): Max retries exceeded with url: /lm-28 (Caused by NewConnectionError('<urllib3.connection.HTTPConnection object at 0x7fb5c0683e48>: Failed to establish a new connection: [Errno -2] Name or service not known',))
HTTPConnectionPool(host='www.dieei.unict.itcorsi', port=80): Max retries exceeded with url: /lm-29 (Caused by NewConnectionError('<urllib3.connection.HTTPConnection object at 0x7fb5c2e314e0>: Failed to establish a new connection: [Errno -2] Name or service not known',))
HTTPConnectionPool(host='www.dieei.unict.itcorsi', port=80): Max retries exceeded with url: /lm-27 (Caused by NewConnectionError('<urllib3.connection.HTTPConnection object at 0x7fb5c2e31358>: Failed to establish a new connection: [Errno -2] Name or service not known',))
HTTPConnectionPool(host='www.dieei.unict.itcorsi', port=80): Max retries exceeded with url: /lm-32 (Caused by NewConnectionError('<urllib3.connection.HTTPConnection object at 0x7fb5c2e31240>: Failed to establish a new connection: [Errno -2] Name or service not known',))
HTTPConnectionPool(host='www.dieei.unict.itcorsi', port=80): Max retries exceeded with url: /l-8-ele (Caused by NewConnectionError('<urllib3.connection.HTTPConnection object at 0x7fb5c0392f98>: Failed to establish a new connection: [Errno -2] Name or service not known',))
HTTPConnectionPool(host='www.dieei.unict.itcorsi', port=80): Max retries exceeded with url: /l-9 (Caused by NewConnectionError('<urllib3.connection.HTTPConnection object at 0x7fb5c0392eb8>: Failed to establish a new connection: [Errno -2] Name or service not known',))
HTTPConnectionPool(host='www.dieei.unict.itcorsi', port=80): Max retries exceeded with url: /l-8-inf (Caused by NewConnectionError('<urllib3.connection.HTTPConnection object at 0x7fb5c0392be0>: Failed to establish a new connection: [Errno -2] Name or service not known',))
HTTPConnectionPool(host='www.dieei.unict.itcorsi', port=80): Max retries exceeded with url: /lm-25 (Caused by NewConnectionError('<urllib3.connection.HTTPConnection object at 0x7fb5c0392e48>: Failed to establish a new connection: [Errno -2] Name or service not known',))
HTTPConnectionPool(host='www.dieei.unict.itcorsi', port=80): Max retries exceeded with url: /lm-28 (Caused by NewConnectionError('<urllib3.connection.HTTPConnection object at 0x7fb5c0392f60>: Failed to establish a new connection: [Errno -2] Name or service not known',))
HTTPConnectionPool(host='www.dieei.unict.itcorsi', port=80): Max retries exceeded with url: /lm-29 (Caused by NewConnectionError('<urllib3.connection.HTTPConnection object at 0x7fb5c050b710>: Failed to establish a new connection: [Errno -2] Name or service not known',))
HTTPConnectionPool(host='www.dieei.unict.itcorsi', port=80): Max retries exceeded with url: /lm-27 (Caused by NewConnectionError('<urllib3.connection.HTTPConnection object at 0x7fb5c0392da0>: Failed to establish a new connection: [Errno -2] Name or service not known',))
HTTPConnectionPool(host='www.dieei.unict.itcorsi', port=80): Max retries exceeded with url: /lm-32 (Caused by NewConnectionError('<urllib3.connection.HTTPConnection object at 0x7fb5c050b748>: Failed to establish a new connection: [Errno -2] Name or service not known',))
HTTPConnectionPool(host='web.dmi.unict.itcorsi', port=80): Max retries exceeded with url: /l-31 (Caused by NewConnectionError('<urllib3.connection.HTTPConnection object at 0x7f0cc81672e8>: Failed to establish a new connection: [Errno -2] Name or service not known',))
HTTPConnectionPool(host='web.dmi.unict.itcorsi', port=80): Max retries exceeded with url: /l-35 (Caused by NewConnectionError('<urllib3.connection.HTTPConnection object at 0x7f0cc81675c0>: Failed to establish a new connection: [Errno -2] Name or service not known',))
HTTPConnectionPool(host='web.dmi.unict.itcorsi', port=80): Max retries exceeded with url: /lm-18 (Caused by NewConnectionError('<urllib3.connection.HTTPConnection object at 0x7f0cc8167080>: Failed to establish a new connection: [Errno -2] Name or service not known',))
HTTPConnectionPool(host='web.dmi.unict.itcorsi', port=80): Max retries exceeded with url: /lm-40 (Caused by NewConnectionError('<urllib3.connection.HTTPConnection object at 0x7f0cc8167588>: Failed to establish a new connection: [Errno -2] Name or service not known',))
'NoneType' object has no attribute 'find_all'
HTTPConnectionPool(host='web.dmi.unict.itcorsi', port=80): Max retries exceeded with url: /l-31 (Caused by NewConnectionError('<urllib3.connection.HTTPConnection object at 0x7f0cc814cc88>: Failed to establish a new connection: [Errno -2] Name or service not known',))
HTTPConnectionPool(host='web.dmi.unict.itcorsi', port=80): Max retries exceeded with url: /l-35 (Caused by NewConnectionError('<urllib3.connection.HTTPConnection object at 0x7f0cc814c780>: Failed to establish a new connection: [Errno -2] Name or service not known',))
HTTPConnectionPool(host='web.dmi.unict.itcorsi', port=80): Max retries exceeded with url: /lm-18 (Caused by NewConnectionError('<urllib3.connection.HTTPConnection object at 0x7f0cc814cc88>: Failed to establish a new connection: [Errno -2] Name or service not known',))
HTTPConnectionPool(host='web.dmi.unict.itcorsi', port=80): Max retries exceeded with url: /lm-40 (Caused by NewConnectionError('<urllib3.connection.HTTPConnection object at 0x7f0cc814c780>: Failed to establish a new connection: [Errno -2] Name or service not known',))
'NoneType' object has no attribute 'find_all'
HTTPConnectionPool(host='www.dieei.unict.itcorsi', port=80): Max retries exceeded with url: /l-8-ele (Caused by NewConnectionError('<urllib3.connection.HTTPConnection object at 0x7f0cc803d630>: Failed to establish a new connection: [Errno -2] Name or service not known',))
HTTPConnectionPool(host='www.dieei.unict.itcorsi', port=80): Max retries exceeded with url: /l-9 (Caused by NewConnectionError('<urllib3.connection.HTTPConnection object at 0x7f0cc803d668>: Failed to establish a new connection: [Errno -2] Name or service not known',))
HTTPConnectionPool(host='www.dieei.unict.itcorsi', port=80): Max retries exceeded with url: /l-8-inf (Caused by NewConnectionError('<urllib3.connection.HTTPConnection object at 0x7f0cc803d7f0>: Failed to establish a new connection: [Errno -2] Name or service not known',))
HTTPConnectionPool(host='www.dieei.unict.itcorsi', port=80): Max retries exceeded with url: /lm-25 (Caused by NewConnectionError('<urllib3.connection.HTTPConnection object at 0x7f0cc803d7b8>: Failed to establish a new connection: [Errno -2] Name or service not known',))
HTTPConnectionPool(host='www.dieei.unict.itcorsi', port=80): Max retries exceeded with url: /lm-28 (Caused by NewConnectionError('<urllib3.connection.HTTPConnection object at 0x7f0cc803d668>: Failed to establish a new connection: [Errno -2] Name or service not known',))
HTTPConnectionPool(host='www.dieei.unict.itcorsi', port=80): Max retries exceeded with url: /lm-29 (Caused by NewConnectionError('<urllib3.connection.HTTPConnection object at 0x7f0cc96a1048>: Failed to establish a new connection: [Errno -2] Name or service not known',))
HTTPConnectionPool(host='www.dieei.unict.itcorsi', port=80): Max retries exceeded with url: /lm-27 (Caused by NewConnectionError('<urllib3.connection.HTTPConnection object at 0x7f0cc96a19e8>: Failed to establish a new connection: [Errno -2] Name or service not known',))
HTTPConnectionPool(host='www.dieei.unict.itcorsi', port=80): Max retries exceeded with url: /lm-32 (Caused by NewConnectionError('<urllib3.connection.HTTPConnection object at 0x7f0cc96a1e10>: Failed to establish a new connection: [Errno -2] Name or service not known',))
HTTPConnectionPool(host='www.dieei.unict.itcorsi', port=80): Max retries exceeded with url: /l-8-ele (Caused by NewConnectionError('<urllib3.connection.HTTPConnection object at 0x7f0cc0bee438>: Failed to establish a new connection: [Errno -2] Name or service not known',))
HTTPConnectionPool(host='www.dieei.unict.itcorsi', port=80): Max retries exceeded with url: /l-9 (Caused by NewConnectionError('<urllib3.connection.HTTPConnection object at 0x7f0cc0beeb38>: Failed to establish a new connection: [Errno -2] Name or service not known',))
HTTPConnectionPool(host='www.dieei.unict.itcorsi', port=80): Max retries exceeded with url: /l-8-inf (Caused by NewConnectionError('<urllib3.connection.HTTPConnection object at 0x7f0cc0bee6a0>: Failed to establish a new connection: [Errno -2] Name or service not known',))
HTTPConnectionPool(host='www.dieei.unict.itcorsi', port=80): Max retries exceeded with url: /lm-25 (Caused by NewConnectionError('<urllib3.connection.HTTPConnection object at 0x7f0cc0bee780>: Failed to establish a new connection: [Errno -2] Name or service not known',))
HTTPConnectionPool(host='www.dieei.unict.itcorsi', port=80): Max retries exceeded with url: /lm-28 (Caused by NewConnectionError('<urllib3.connection.HTTPConnection object at 0x7f0cc0beed30>: Failed to establish a new connection: [Errno -2] Name or service not known',))
HTTPConnectionPool(host='www.dieei.unict.itcorsi', port=80): Max retries exceeded with url: /lm-29 (Caused by NewConnectionError('<urllib3.connection.HTTPConnection object at 0x7f0cc0bee748>: Failed to establish a new connection: [Errno -2] Name or service not known',))
HTTPConnectionPool(host='www.dieei.unict.itcorsi', port=80): Max retries exceeded with url: /lm-27 (Caused by NewConnectionError('<urllib3.connection.HTTPConnection object at 0x7f0cc0beed30>: Failed to establish a new connection: [Errno -2] Name or service not known',))
HTTPConnectionPool(host='www.dieei.unict.itcorsi', port=80): Max retries exceeded with url: /lm-32 (Caused by NewConnectionError('<urllib3.connection.HTTPConnection object at 0x7f0cc0bee748>: Failed to establish a new connection: [Errno -2] Name or service not known',))
HTTPConnectionPool(host='web.dmi.unict.itcorsi', port=80): Max retries exceeded with url: /l-31 (Caused by NewConnectionError('<urllib3.connection.HTTPConnection object at 0x7f2ff0542518>: Failed to establish a new connection: [Errno -2] Name or service not known',))
HTTPConnectionPool(host='web.dmi.unict.itcorsi', port=80): Max retries exceeded with url: /l-35 (Caused by NewConnectionError('<urllib3.connection.HTTPConnection object at 0x7f2ff05425c0>: Failed to establish a new connection: [Errno -2] Name or service not known',))
HTTPConnectionPool(host='web.dmi.unict.itcorsi', port=80): Max retries exceeded with url: /lm-18 (Caused by NewConnectionError('<urllib3.connection.HTTPConnection object at 0x7f2ff0542278>: Failed to establish a new connection: [Errno -2] Name or service not known',))
HTTPConnectionPool(host='web.dmi.unict.itcorsi', port=80): Max retries exceeded with url: /lm-40 (Caused by NewConnectionError('<urllib3.connection.HTTPConnection object at 0x7f2ff05422b0>: Failed to establish a new connection: [Errno -2] Name or service not known',))
'NoneType' object has no attribute 'find_all'
HTTPConnectionPool(host='web.dmi.unict.itcorsi', port=80): Max retries exceeded with url: /l-31 (Caused by NewConnectionError('<urllib3.connection.HTTPConnection object at 0x7f2ff040eb00>: Failed to establish a new connection: [Errno -2] Name or service not known',))
HTTPConnectionPool(host='web.dmi.unict.itcorsi', port=80): Max retries exceeded with url: /l-35 (Caused by NewConnectionError('<urllib3.connection.HTTPConnection object at 0x7f2ff040eb00>: Failed to establish a new connection: [Errno -2] Name or service not known',))
HTTPConnectionPool(host='web.dmi.unict.itcorsi', port=80): Max retries exceeded with url: /lm-18 (Caused by NewConnectionError('<urllib3.connection.HTTPConnection object at 0x7f2ff040eb00>: Failed to establish a new connection: [Errno -2] Name or service not known',))
HTTPConnectionPool(host='web.dmi.unict.itcorsi', port=80): Max retries exceeded with url: /lm-40 (Caused by NewConnectionError('<urllib3.connection.HTTPConnection object at 0x7f2ff040eb00>: Failed to establish a new connection: [Errno -2] Name or service not known',))
'NoneType' object has no attribute 'find_all'
HTTPConnectionPool(host='www.dieei.unict.itcorsi', port=80): Max retries exceeded with url: /l-8-ele (Caused by NewConnectionError('<urllib3.connection.HTTPConnection object at 0x7f2ff02aae10>: Failed to establish a new connection: [Errno -2] Name or service not known',))
HTTPConnectionPool(host='www.dieei.unict.itcorsi', port=80): Max retries exceeded with url: /l-9 (Caused by NewConnectionError('<urllib3.connection.HTTPConnection object at 0x7f2ff02aada0>: Failed to establish a new connection: [Errno -2] Name or service not known',))
HTTPConnectionPool(host='www.dieei.unict.itcorsi', port=80): Max retries exceeded with url: /l-8-inf (Caused by NewConnectionError('<urllib3.connection.HTTPConnection object at 0x7f2ff02aaf28>: Failed to establish a new connection: [Errno -2] Name or service not known',))
HTTPConnectionPool(host='www.dieei.unict.itcorsi', port=80): Max retries exceeded with url: /lm-25 (Caused by NewConnectionError('<urllib3.connection.HTTPConnection object at 0x7f2ff04aa6d8>: Failed to establish a new connection: [Errno -2] Name or service not known',))
HTTPConnectionPool(host='www.dieei.unict.itcorsi', port=80): Max retries exceeded with url: /lm-28 (Caused by NewConnectionError('<urllib3.connection.HTTPConnection object at 0x7f2ff04aa278>: Failed to establish a new connection: [Errno -2] Name or service not known',))
HTTPConnectionPool(host='www.dieei.unict.itcorsi', port=80): Max retries exceeded with url: /lm-29 (Caused by NewConnectionError('<urllib3.connection.HTTPConnection object at 0x7f2ff04aa5f8>: Failed to establish a new connection: [Errno -2] Name or service not known',))
HTTPConnectionPool(host='www.dieei.unict.itcorsi', port=80): Max retries exceeded with url: /lm-27 (Caused by NewConnectionError('<urllib3.connection.HTTPConnection object at 0x7f2ff04aa048>: Failed to establish a new connection: [Errno -2] Name or service not known',))
HTTPConnectionPool(host='www.dieei.unict.itcorsi', port=80): Max retries exceeded with url: /lm-32 (Caused by NewConnectionError('<urllib3.connection.HTTPConnection object at 0x7f2ff04aa6d8>: Failed to establish a new connection: [Errno -2] Name or service not known',))
HTTPConnectionPool(host='www.dieei.unict.itcorsi', port=80): Max retries exceeded with url: /l-8-ele (Caused by NewConnectionError('<urllib3.connection.HTTPConnection object at 0x7f2ff01ea0b8>: Failed to establish a new connection: [Errno -2] Name or service not known',))
HTTPConnectionPool(host='www.dieei.unict.itcorsi', port=80): Max retries exceeded with url: /l-9 (Caused by NewConnectionError('<urllib3.connection.HTTPConnection object at 0x7f2ff01eafd0>: Failed to establish a new connection: [Errno -2] Name or service not known',))
HTTPConnectionPool(host='www.dieei.unict.itcorsi', port=80): Max retries exceeded with url: /l-8-inf (Caused by NewConnectionError('<urllib3.connection.HTTPConnection object at 0x7f2ff0397390>: Failed to establish a new connection: [Errno -2] Name or service not known',))
HTTPConnectionPool(host='www.dieei.unict.itcorsi', port=80): Max retries exceeded with url: /lm-25 (Caused by NewConnectionError('<urllib3.connection.HTTPConnection object at 0x7f2ff0397160>: Failed to establish a new connection: [Errno -2] Name or service not known',))
HTTPConnectionPool(host='www.dieei.unict.itcorsi', port=80): Max retries exceeded with url: /lm-28 (Caused by NewConnectionError('<urllib3.connection.HTTPConnection object at 0x7f2ff01eaeb8>: Failed to establish a new connection: [Errno -2] Name or service not known',))
HTTPConnectionPool(host='www.dieei.unict.itcorsi', port=80): Max retries exceeded with url: /lm-29 (Caused by NewConnectionError('<urllib3.connection.HTTPConnection object at 0x7f2ff01eaf60>: Failed to establish a new connection: [Errno -2] Name or service not known',))
HTTPConnectionPool(host='www.dieei.unict.itcorsi', port=80): Max retries exceeded with url: /lm-27 (Caused by NewConnectionError('<urllib3.connection.HTTPConnection object at 0x7f2ff01eac18>: Failed to establish a new connection: [Errno -2] Name or service not known',))
HTTPConnectionPool(host='www.dieei.unict.itcorsi', port=80): Max retries exceeded with url: /lm-32 (Caused by NewConnectionError('<urllib3.connection.HTTPConnection object at 0x7f2ff34b5748>: Failed to establish a new connection: [Errno -2] Name or service not known',))
HTTPConnectionPool(host='web.dmi.unict.itcorsi', port=80): Max retries exceeded with url: /l-31 (Caused by NewConnectionError('<urllib3.connection.HTTPConnection object at 0x7f53dc126fd0>: Failed to establish a new connection: [Errno -2] Name or service not known',))
HTTPConnectionPool(host='web.dmi.unict.itcorsi', port=80): Max retries exceeded with url: /l-35 (Caused by NewConnectionError('<urllib3.connection.HTTPConnection object at 0x7f53dc126eb8>: Failed to establish a new connection: [Errno -2] Name or service not known',))
HTTPConnectionPool(host='web.dmi.unict.itcorsi', port=80): Max retries exceeded with url: /lm-18 (Caused by NewConnectionError('<urllib3.connection.HTTPConnection object at 0x7f53dc126f60>: Failed to establish a new connection: [Errno -2] Name or service not known',))
HTTPConnectionPool(host='web.dmi.unict.itcorsi', port=80): Max retries exceeded with url: /lm-40 (Caused by NewConnectionError('<urllib3.connection.HTTPConnection object at 0x7f53dc126fd0>: Failed to establish a new connection: [Errno -2] Name or service not known',))
'NoneType' object has no attribute 'find_all'
HTTPConnectionPool(host='web.dmi.unict.itcorsi', port=80): Max retries exceeded with url: /l-31 (Caused by NewConnectionError('<urllib3.connection.HTTPConnection object at 0x7f53d45aba58>: Failed to establish a new connection: [Errno -2] Name or service not known',))
HTTPConnectionPool(host='web.dmi.unict.itcorsi', port=80): Max retries exceeded with url: /l-35 (Caused by NewConnectionError('<urllib3.connection.HTTPConnection object at 0x7f53d45abbe0>: Failed to establish a new connection: [Errno -2] Name or service not known',))
HTTPConnectionPool(host='web.dmi.unict.itcorsi', port=80): Max retries exceeded with url: /lm-18 (Caused by NewConnectionError('<urllib3.connection.HTTPConnection object at 0x7f53d45aba90>: Failed to establish a new connection: [Errno -2] Name or service not known',))
HTTPConnectionPool(host='web.dmi.unict.itcorsi', port=80): Max retries exceeded with url: /lm-40 (Caused by NewConnectionError('<urllib3.connection.HTTPConnection object at 0x7f53d45aba58>: Failed to establish a new connection: [Errno -2] Name or service not known',))
'NoneType' object has no attribute 'find_all'
HTTPConnectionPool(host='www.dieei.unict.itcorsi', port=80): Max retries exceeded with url: /l-8-ele (Caused by NewConnectionError('<urllib3.connection.HTTPConnection object at 0x7f53d45c14a8>: Failed to establish a new connection: [Errno -2] Name or service not known',))
HTTPConnectionPool(host='www.dieei.unict.itcorsi', port=80): Max retries exceeded with url: /l-9 (Caused by NewConnectionError('<urllib3.connection.HTTPConnection object at 0x7f53d45c12e8>: Failed to establish a new connection: [Errno -2] Name or service not known',))
HTTPConnectionPool(host='www.dieei.unict.itcorsi', port=80): Max retries exceeded with url: /l-8-inf (Caused by NewConnectionError('<urllib3.connection.HTTPConnection object at 0x7f53d45c1390>: Failed to establish a new connection: [Errno -2] Name or service not known',))
HTTPConnectionPool(host='www.dieei.unict.itcorsi', port=80): Max retries exceeded with url: /lm-25 (Caused by NewConnectionError('<urllib3.connection.HTTPConnection object at 0x7f53d453c160>: Failed to establish a new connection: [Errno -2] Name or service not known',))
HTTPConnectionPool(host='www.dieei.unict.itcorsi', port=80): Max retries exceeded with url: /lm-28 (Caused by NewConnectionError('<urllib3.connection.HTTPConnection object at 0x7f53d453c3c8>: Failed to establish a new connection: [Errno -2] Name or service not known',))
HTTPConnectionPool(host='www.dieei.unict.itcorsi', port=80): Max retries exceeded with url: /lm-29 (Caused by NewConnectionError('<urllib3.connection.HTTPConnection object at 0x7f53d45c1198>: Failed to establish a new connection: [Errno -2] Name or service not known',))
HTTPConnectionPool(host='www.dieei.unict.itcorsi', port=80): Max retries exceeded with url: /lm-27 (Caused by NewConnectionError('<urllib3.connection.HTTPConnection object at 0x7f53d45c13c8>: Failed to establish a new connection: [Errno -2] Name or service not known',))
HTTPConnectionPool(host='www.dieei.unict.itcorsi', port=80): Max retries exceeded with url: /lm-32 (Caused by NewConnectionError('<urllib3.connection.HTTPConnection object at 0x7f53d45c1198>: Failed to establish a new connection: [Errno -2] Name or service not known',))
HTTPConnectionPool(host='www.dieei.unict.itcorsi', port=80): Max retries exceeded with url: /l-8-ele (Caused by NewConnectionError('<urllib3.connection.HTTPConnection object at 0x7f53dce51048>: Failed to establish a new connection: [Errno -2] Name or service not known',))
HTTPConnectionPool(host='www.dieei.unict.itcorsi', port=80): Max retries exceeded with url: /l-9 (Caused by NewConnectionError('<urllib3.connection.HTTPConnection object at 0x7f53dce51438>: Failed to establish a new connection: [Errno -2] Name or service not known',))
HTTPConnectionPool(host='www.dieei.unict.itcorsi', port=80): Max retries exceeded with url: /l-8-inf (Caused by NewConnectionError('<urllib3.connection.HTTPConnection object at 0x7f53dce51048>: Failed to establish a new connection: [Errno -2] Name or service not known',))
HTTPConnectionPool(host='www.dieei.unict.itcorsi', port=80): Max retries exceeded with url: /lm-25 (Caused by NewConnectionError('<urllib3.connection.HTTPConnection object at 0x7f53dce512b0>: Failed to establish a new connection: [Errno -2] Name or service not known',))
HTTPConnectionPool(host='www.dieei.unict.itcorsi', port=80): Max retries exceeded with url: /lm-28 (Caused by NewConnectionError('<urllib3.connection.HTTPConnection object at 0x7f53dce51b70>: Failed to establish a new connection: [Errno -2] Name or service not known',))
HTTPConnectionPool(host='www.dieei.unict.itcorsi', port=80): Max retries exceeded with url: /lm-29 (Caused by NewConnectionError('<urllib3.connection.HTTPConnection object at 0x7f53dce51b00>: Failed to establish a new connection: [Errno -2] Name or service not known',))
HTTPConnectionPool(host='www.dieei.unict.itcorsi', port=80): Max retries exceeded with url: /lm-27 (Caused by NewConnectionError('<urllib3.connection.HTTPConnection object at 0x7f53dce51ef0>: Failed to establish a new connection: [Errno -2] Name or service not known',))
HTTPConnectionPool(host='www.dieei.unict.itcorsi', port=80): Max retries exceeded with url: /lm-32 (Caused by NewConnectionError('<urllib3.connection.HTTPConnection object at 0x7f53dcdf8e10>: Failed to establish a new connection: [Errno -2] Name or service not known',))
HTTPConnectionPool(host='web.dmi.unict.itcorsi', port=80): Max retries exceeded with url: /l-31 (Caused by NewConnectionError('<urllib3.connection.HTTPConnection object at 0x7f65340a0e10>: Failed to establish a new connection: [Errno -2] Name or service not known',))
HTTPConnectionPool(host='web.dmi.unict.itcorsi', port=80): Max retries exceeded with url: /l-35 (Caused by NewConnectionError('<urllib3.connection.HTTPConnection object at 0x7f65340a0d68>: Failed to establish a new connection: [Errno -2] Name or service not known',))
HTTPConnectionPool(host='web.dmi.unict.itcorsi', port=80): Max retries exceeded with url: /lm-18 (Caused by NewConnectionError('<urllib3.connection.HTTPConnection object at 0x7f65340a0908>: Failed to establish a new connection: [Errno -2] Name or service not known',))
HTTPConnectionPool(host='web.dmi.unict.itcorsi', port=80): Max retries exceeded with url: /lm-40 (Caused by NewConnectionError('<urllib3.connection.HTTPConnection object at 0x7f65340a0780>: Failed to establish a new connection: [Errno -2] Name or service not known',))
'NoneType' object has no attribute 'find_all'
HTTPConnectionPool(host='web.dmi.unict.itcorsi', port=80): Max retries exceeded with url: /l-31 (Caused by NewConnectionError('<urllib3.connection.HTTPConnection object at 0x7f652cf47b00>: Failed to establish a new connection: [Errno -2] Name or service not known',))
HTTPConnectionPool(host='web.dmi.unict.itcorsi', port=80): Max retries exceeded with url: /l-35 (Caused by NewConnectionError('<urllib3.connection.HTTPConnection object at 0x7f652cf47c88>: Failed to establish a new connection: [Errno -2] Name or service not known',))
HTTPConnectionPool(host='web.dmi.unict.itcorsi', port=80): Max retries exceeded with url: /lm-18 (Caused by NewConnectionError('<urllib3.connection.HTTPConnection object at 0x7f652cf47f60>: Failed to establish a new connection: [Errno -2] Name or service not known',))
HTTPConnectionPool(host='web.dmi.unict.itcorsi', port=80): Max retries exceeded with url: /lm-40 (Caused by NewConnectionError('<urllib3.connection.HTTPConnection object at 0x7f652cf47ac8>: Failed to establish a new connection: [Errno -2] Name or service not known',))
'NoneType' object has no attribute 'find_all'
HTTPConnectionPool(host='www.dieei.unict.itcorsi', port=80): Max retries exceeded with url: /l-8-ele (Caused by NewConnectionError('<urllib3.connection.HTTPConnection object at 0x7f652cde24e0>: Failed to establish a new connection: [Errno -2] Name or service not known',))
HTTPConnectionPool(host='www.dieei.unict.itcorsi', port=80): Max retries exceeded with url: /l-9 (Caused by NewConnectionError('<urllib3.connection.HTTPConnection object at 0x7f652cde2320>: Failed to establish a new connection: [Errno -2] Name or service not known',))
HTTPConnectionPool(host='www.dieei.unict.itcorsi', port=80): Max retries exceeded with url: /l-8-inf (Caused by NewConnectionError('<urllib3.connection.HTTPConnection object at 0x7f652cde23c8>: Failed to establish a new connection: [Errno -2] Name or service not known',))
HTTPConnectionPool(host='www.dieei.unict.itcorsi', port=80): Max retries exceeded with url: /lm-25 (Caused by NewConnectionError('<urllib3.connection.HTTPConnection object at 0x7f652cd59320>: Failed to establish a new connection: [Errno -2] Name or service not known',))
HTTPConnectionPool(host='www.dieei.unict.itcorsi', port=80): Max retries exceeded with url: /lm-28 (Caused by NewConnectionError('<urllib3.connection.HTTPConnection object at 0x7f652cde23c8>: Failed to establish a new connection: [Errno -2] Name or service not known',))
HTTPConnectionPool(host='www.dieei.unict.itcorsi', port=80): Max retries exceeded with url: /lm-29 (Caused by NewConnectionError('<urllib3.connection.HTTPConnection object at 0x7f652cde22b0>: Failed to establish a new connection: [Errno -2] Name or service not known',))
HTTPConnectionPool(host='www.dieei.unict.itcorsi', port=80): Max retries exceeded with url: /lm-27 (Caused by NewConnectionError('<urllib3.connection.HTTPConnection object at 0x7f652cde23c8>: Failed to establish a new connection: [Errno -2] Name or service not known',))
HTTPConnectionPool(host='www.dieei.unict.itcorsi', port=80): Max retries exceeded with url: /lm-32 (Caused by NewConnectionError('<urllib3.connection.HTTPConnection object at 0x7f652cde2400>: Failed to establish a new connection: [Errno -2] Name or service not known',))
HTTPConnectionPool(host='www.dieei.unict.itcorsi', port=80): Max retries exceeded with url: /l-8-ele (Caused by NewConnectionError('<urllib3.connection.HTTPConnection object at 0x7f652cf2f470>: Failed to establish a new connection: [Errno -2] Name or service not known',))
HTTPConnectionPool(host='www.dieei.unict.itcorsi', port=80): Max retries exceeded with url: /l-9 (Caused by NewConnectionError('<urllib3.connection.HTTPConnection object at 0x7f652cf2f6d8>: Failed to establish a new connection: [Errno -2] Name or service not known',))
HTTPConnectionPool(host='www.dieei.unict.itcorsi', port=80): Max retries exceeded with url: /l-8-inf (Caused by NewConnectionError('<urllib3.connection.HTTPConnection object at 0x7f652cf2f160>: Failed to establish a new connection: [Errno -2] Name or service not known',))
HTTPConnectionPool(host='www.dieei.unict.itcorsi', port=80): Max retries exceeded with url: /lm-25 (Caused by NewConnectionError('<urllib3.connection.HTTPConnection object at 0x7f652cf2f940>: Failed to establish a new connection: [Errno -2] Name or service not known',))
HTTPConnectionPool(host='www.dieei.unict.itcorsi', port=80): Max retries exceeded with url: /lm-28 (Caused by NewConnectionError('<urllib3.connection.HTTPConnection object at 0x7f652cf2f6d8>: Failed to establish a new connection: [Errno -2] Name or service not known',))
HTTPConnectionPool(host='www.dieei.unict.itcorsi', port=80): Max retries exceeded with url: /lm-29 (Caused by NewConnectionError('<urllib3.connection.HTTPConnection object at 0x7f652cf2f160>: Failed to establish a new connection: [Errno -2] Name or service not known',))
HTTPConnectionPool(host='www.dieei.unict.itcorsi', port=80): Max retries exceeded with url: /lm-27 (Caused by NewConnectionError('<urllib3.connection.HTTPConnection object at 0x7f652cf2f6d8>: Failed to establish a new connection: [Errno -2] Name or service not known',))
HTTPConnectionPool(host='www.dieei.unict.itcorsi', port=80): Max retries exceeded with url: /lm-32 (Caused by NewConnectionError('<urllib3.connection.HTTPConnection object at 0x7f652cf2f160>: Failed to establish a new connection: [Errno -2] Name or service not known',))
HTTPConnectionPool(host='web.dmi.unict.itcorsi', port=80): Max retries exceeded with url: /l-31 (Caused by NewConnectionError('<urllib3.connection.HTTPConnection object at 0x7f7480697d30>: Failed to establish a new connection: [Errno -2] Name or service not known',))
HTTPConnectionPool(host='web.dmi.unict.itcorsi', port=80): Max retries exceeded with url: /l-35 (Caused by NewConnectionError('<urllib3.connection.HTTPConnection object at 0x7f7480697c88>: Failed to establish a new connection: [Errno -2] Name or service not known',))
HTTPConnectionPool(host='web.dmi.unict.itcorsi', port=80): Max retries exceeded with url: /lm-18 (Caused by NewConnectionError('<urllib3.connection.HTTPConnection object at 0x7f7480697940>: Failed to establish a new connection: [Errno -2] Name or service not known',))
HTTPConnectionPool(host='web.dmi.unict.itcorsi', port=80): Max retries exceeded with url: /lm-40 (Caused by NewConnectionError('<urllib3.connection.HTTPConnection object at 0x7f74806977b8>: Failed to establish a new connection: [Errno -2] Name or service not known',))
'NoneType' object has no attribute 'find_all'
HTTPConnectionPool(host='web.dmi.unict.itcorsi', port=80): Max retries exceeded with url: /l-31 (Caused by NewConnectionError('<urllib3.connection.HTTPConnection object at 0x7f748066cb00>: Failed to establish a new connection: [Errno -2] Name or service not known',))
HTTPConnectionPool(host='web.dmi.unict.itcorsi', port=80): Max retries exceeded with url: /l-35 (Caused by NewConnectionError('<urllib3.connection.HTTPConnection object at 0x7f748066cb00>: Failed to establish a new connection: [Errno -2] Name or service not known',))
HTTPConnectionPool(host='web.dmi.unict.itcorsi', port=80): Max retries exceeded with url: /lm-18 (Caused by NewConnectionError('<urllib3.connection.HTTPConnection object at 0x7f748066cb00>: Failed to establish a new connection: [Errno -2] Name or service not known',))
HTTPConnectionPool(host='web.dmi.unict.itcorsi', port=80): Max retries exceeded with url: /lm-40 (Caused by NewConnectionError('<urllib3.connection.HTTPConnection object at 0x7f748066cb00>: Failed to establish a new connection: [Errno -2] Name or service not known',))
'NoneType' object has no attribute 'find_all'
HTTPConnectionPool(host='www.dieei.unict.itcorsi', port=80): Max retries exceeded with url: /l-8-ele (Caused by NewConnectionError('<urllib3.connection.HTTPConnection object at 0x7f748053b4a8>: Failed to establish a new connection: [Errno -2] Name or service not known',))
HTTPConnectionPool(host='www.dieei.unict.itcorsi', port=80): Max retries exceeded with url: /l-9 (Caused by NewConnectionError('<urllib3.connection.HTTPConnection object at 0x7f748053b400>: Failed to establish a new connection: [Errno -2] Name or service not known',))
HTTPConnectionPool(host='www.dieei.unict.itcorsi', port=80): Max retries exceeded with url: /l-8-inf (Caused by NewConnectionError('<urllib3.connection.HTTPConnection object at 0x7f748053b438>: Failed to establish a new connection: [Errno -2] Name or service not known',))
HTTPConnectionPool(host='www.dieei.unict.itcorsi', port=80): Max retries exceeded with url: /lm-25 (Caused by NewConnectionError('<urllib3.connection.HTTPConnection object at 0x7f7480480128>: Failed to establish a new connection: [Errno -2] Name or service not known',))
HTTPConnectionPool(host='www.dieei.unict.itcorsi', port=80): Max retries exceeded with url: /lm-28 (Caused by NewConnectionError('<urllib3.connection.HTTPConnection object at 0x7f748053b400>: Failed to establish a new connection: [Errno -2] Name or service not known',))
HTTPConnectionPool(host='www.dieei.unict.itcorsi', port=80): Max retries exceeded with url: /lm-29 (Caused by NewConnectionError('<urllib3.connection.HTTPConnection object at 0x7f748053b2b0>: Failed to establish a new connection: [Errno -2] Name or service not known',))
HTTPConnectionPool(host='www.dieei.unict.itcorsi', port=80): Max retries exceeded with url: /lm-27 (Caused by NewConnectionError('<urllib3.connection.HTTPConnection object at 0x7f748053b400>: Failed to establish a new connection: [Errno -2] Name or service not known',))
HTTPConnectionPool(host='www.dieei.unict.itcorsi', port=80): Max retries exceeded with url: /lm-32 (Caused by NewConnectionError('<urllib3.connection.HTTPConnection object at 0x7f748053b320>: Failed to establish a new connection: [Errno -2] Name or service not known',))
HTTPConnectionPool(host='www.dieei.unict.itcorsi', port=80): Max retries exceeded with url: /l-8-ele (Caused by NewConnectionError('<urllib3.connection.HTTPConnection object at 0x7f7480697518>: Failed to establish a new connection: [Errno -2] Name or service not known',))
HTTPConnectionPool(host='www.dieei.unict.itcorsi', port=80): Max retries exceeded with url: /l-9 (Caused by NewConnectionError('<urllib3.connection.HTTPConnection object at 0x7f7480697080>: Failed to establish a new connection: [Errno -2] Name or service not known',))
HTTPConnectionPool(host='www.dieei.unict.itcorsi', port=80): Max retries exceeded with url: /l-8-inf (Caused by NewConnectionError('<urllib3.connection.HTTPConnection object at 0x7f7480697320>: Failed to establish a new connection: [Errno -2] Name or service not known',))
HTTPConnectionPool(host='www.dieei.unict.itcorsi', port=80): Max retries exceeded with url: /lm-25 (Caused by NewConnectionError('<urllib3.connection.HTTPConnection object at 0x7f7480697710>: Failed to establish a new connection: [Errno -2] Name or service not known',))
HTTPConnectionPool(host='www.dieei.unict.itcorsi', port=80): Max retries exceeded with url: /lm-28 (Caused by NewConnectionError('<urllib3.connection.HTTPConnection object at 0x7f7480697908>: Failed to establish a new connection: [Errno -2] Name or service not known',))
HTTPConnectionPool(host='www.dieei.unict.itcorsi', port=80): Max retries exceeded with url: /lm-29 (Caused by NewConnectionError('<urllib3.connection.HTTPConnection object at 0x7f74806978d0>: Failed to establish a new connection: [Errno -2] Name or service not known',))
HTTPConnectionPool(host='www.dieei.unict.itcorsi', port=80): Max retries exceeded with url: /lm-27 (Caused by NewConnectionError('<urllib3.connection.HTTPConnection object at 0x7f7480697908>: Failed to establish a new connection: [Errno -2] Name or service not known',))
HTTPConnectionPool(host='www.dieei.unict.itcorsi', port=80): Max retries exceeded with url: /lm-32 (Caused by NewConnectionError('<urllib3.connection.HTTPConnection object at 0x7f74806978d0>: Failed to establish a new connection: [Errno -2] Name or service not known',))
HTTPConnectionPool(host='web.dmi.unict.itcorsi', port=80): Max retries exceeded with url: /l-31 (Caused by NewConnectionError('<urllib3.connection.HTTPConnection object at 0x7f17d83c24e0>: Failed to establish a new connection: [Errno -2] Name or service not known',))
HTTPConnectionPool(host='web.dmi.unict.itcorsi', port=80): Max retries exceeded with url: /l-35 (Caused by NewConnectionError('<urllib3.connection.HTTPConnection object at 0x7f17d83c2588>: Failed to establish a new connection: [Errno -2] Name or service not known',))
HTTPConnectionPool(host='web.dmi.unict.itcorsi', port=80): Max retries exceeded with url: /lm-18 (Caused by NewConnectionError('<urllib3.connection.HTTPConnection object at 0x7f17d83c2240>: Failed to establish a new connection: [Errno -2] Name or service not known',))
HTTPConnectionPool(host='web.dmi.unict.itcorsi', port=80): Max retries exceeded with url: /lm-40 (Caused by NewConnectionError('<urllib3.connection.HTTPConnection object at 0x7f17d83c2278>: Failed to establish a new connection: [Errno -2] Name or service not known',))
'NoneType' object has no attribute 'find_all'
HTTPConnectionPool(host='web.dmi.unict.itcorsi', port=80): Max retries exceeded with url: /l-31 (Caused by NewConnectionError('<urllib3.connection.HTTPConnection object at 0x7f17d8382b00>: Failed to establish a new connection: [Errno -2] Name or service not known',))
HTTPConnectionPool(host='web.dmi.unict.itcorsi', port=80): Max retries exceeded with url: /l-35 (Caused by NewConnectionError('<urllib3.connection.HTTPConnection object at 0x7f17d8382c88>: Failed to establish a new connection: [Errno -2] Name or service not known',))
HTTPConnectionPool(host='web.dmi.unict.itcorsi', port=80): Max retries exceeded with url: /lm-18 (Caused by NewConnectionError('<urllib3.connection.HTTPConnection object at 0x7f17d8382f60>: Failed to establish a new connection: [Errno -2] Name or service not known',))
HTTPConnectionPool(host='web.dmi.unict.itcorsi', port=80): Max retries exceeded with url: /lm-40 (Caused by NewConnectionError('<urllib3.connection.HTTPConnection object at 0x7f17d8382ac8>: Failed to establish a new connection: [Errno -2] Name or service not known',))
'NoneType' object has no attribute 'find_all'
HTTPConnectionPool(host='www.dieei.unict.itcorsi', port=80): Max retries exceeded with url: /l-8-ele (Caused by NewConnectionError('<urllib3.connection.HTTPConnection object at 0x7f17d82fcdd8>: Failed to establish a new connection: [Errno -2] Name or service not known',))
HTTPConnectionPool(host='www.dieei.unict.itcorsi', port=80): Max retries exceeded with url: /l-9 (Caused by NewConnectionError('<urllib3.connection.HTTPConnection object at 0x7f17d82fcef0>: Failed to establish a new connection: [Errno -2] Name or service not known',))
HTTPConnectionPool(host='www.dieei.unict.itcorsi', port=80): Max retries exceeded with url: /l-8-inf (Caused by NewConnectionError('<urllib3.connection.HTTPConnection object at 0x7f17d8260780>: Failed to establish a new connection: [Errno -2] Name or service not known',))
HTTPConnectionPool(host='www.dieei.unict.itcorsi', port=80): Max retries exceeded with url: /lm-25 (Caused by NewConnectionError('<urllib3.connection.HTTPConnection object at 0x7f17d82fcb38>: Failed to establish a new connection: [Errno -2] Name or service not known',))
HTTPConnectionPool(host='www.dieei.unict.itcorsi', port=80): Max retries exceeded with url: /lm-28 (Caused by NewConnectionError('<urllib3.connection.HTTPConnection object at 0x7f17d82fcfd0>: Failed to establish a new connection: [Errno -2] Name or service not known',))
HTTPConnectionPool(host='www.dieei.unict.itcorsi', port=80): Max retries exceeded with url: /lm-29 (Caused by NewConnectionError('<urllib3.connection.HTTPConnection object at 0x7f17d80806d8>: Failed to establish a new connection: [Errno -2] Name or service not known',))
HTTPConnectionPool(host='www.dieei.unict.itcorsi', port=80): Max retries exceeded with url: /lm-27 (Caused by NewConnectionError('<urllib3.connection.HTTPConnection object at 0x7f17d82fcb38>: Failed to establish a new connection: [Errno -2] Name or service not known',))
HTTPConnectionPool(host='www.dieei.unict.itcorsi', port=80): Max retries exceeded with url: /lm-32 (Caused by NewConnectionError('<urllib3.connection.HTTPConnection object at 0x7f17d82fccf8>: Failed to establish a new connection: [Errno -2] Name or service not known',))
HTTPConnectionPool(host='www.dieei.unict.itcorsi', port=80): Max retries exceeded with url: /l-8-ele (Caused by NewConnectionError('<urllib3.connection.HTTPConnection object at 0x7f17dc2c2f60>: Failed to establish a new connection: [Errno -2] Name or service not known',))
HTTPConnectionPool(host='www.dieei.unict.itcorsi', port=80): Max retries exceeded with url: /l-9 (Caused by NewConnectionError('<urllib3.connection.HTTPConnection object at 0x7f17dc2c2400>: Failed to establish a new connection: [Errno -2] Name or service not known',))
HTTPConnectionPool(host='www.dieei.unict.itcorsi', port=80): Max retries exceeded with url: /l-8-inf (Caused by NewConnectionError('<urllib3.connection.HTTPConnection object at 0x7f17dc2c2d68>: Failed to establish a new connection: [Errno -2] Name or service not known',))
HTTPConnectionPool(host='www.dieei.unict.itcorsi', port=80): Max retries exceeded with url: /lm-25 (Caused by NewConnectionError('<urllib3.connection.HTTPConnection object at 0x7f17dc2c2eb8>: Failed to establish a new connection: [Errno -2] Name or service not known',))
HTTPConnectionPool(host='www.dieei.unict.itcorsi', port=80): Max retries exceeded with url: /lm-28 (Caused by NewConnectionError('<urllib3.connection.HTTPConnection object at 0x7f17dc2c2cc0>: Failed to establish a new connection: [Errno -2] Name or service not known',))
HTTPConnectionPool(host='www.dieei.unict.itcorsi', port=80): Max retries exceeded with url: /lm-29 (Caused by NewConnectionError('<urllib3.connection.HTTPConnection object at 0x7f17dc2c2eb8>: Failed to establish a new connection: [Errno -2] Name or service not known',))
HTTPConnectionPool(host='www.dieei.unict.itcorsi', port=80): Max retries exceeded with url: /lm-27 (Caused by NewConnectionError('<urllib3.connection.HTTPConnection object at 0x7f17dc2c2cc0>: Failed to establish a new connection: [Errno -2] Name or service not known',))
HTTPConnectionPool(host='www.dieei.unict.itcorsi', port=80): Max retries exceeded with url: /lm-32 (Caused by NewConnectionError('<urllib3.connection.HTTPConnection object at 0x7f17d83997f0>: Failed to establish a new connection: [Errno -2] Name or service not known',))
HTTPConnectionPool(host='web.dmi.unict.itcorsi', port=80): Max retries exceeded with url: /l-31 (Caused by NewConnectionError('<urllib3.connection.HTTPConnection object at 0x7ff62444f550>: Failed to establish a new connection: [Errno -2] Name or service not known',))
HTTPConnectionPool(host='web.dmi.unict.itcorsi', port=80): Max retries exceeded with url: /l-35 (Caused by NewConnectionError('<urllib3.connection.HTTPConnection object at 0x7ff62444f5f8>: Failed to establish a new connection: [Errno -2] Name or service not known',))
HTTPConnectionPool(host='web.dmi.unict.itcorsi', port=80): Max retries exceeded with url: /lm-18 (Caused by NewConnectionError('<urllib3.connection.HTTPConnection object at 0x7ff62444f2b0>: Failed to establish a new connection: [Errno -2] Name or service not known',))
HTTPConnectionPool(host='web.dmi.unict.itcorsi', port=80): Max retries exceeded with url: /lm-40 (Caused by NewConnectionError('<urllib3.connection.HTTPConnection object at 0x7ff62444f2e8>: Failed to establish a new connection: [Errno -2] Name or service not known',))
'NoneType' object has no attribute 'find_all'
HTTPConnectionPool(host='web.dmi.unict.itcorsi', port=80): Max retries exceeded with url: /l-31 (Caused by NewConnectionError('<urllib3.connection.HTTPConnection object at 0x7ff624300b00>: Failed to establish a new connection: [Errno -2] Name or service not known',))
HTTPConnectionPool(host='web.dmi.unict.itcorsi', port=80): Max retries exceeded with url: /l-35 (Caused by NewConnectionError('<urllib3.connection.HTTPConnection object at 0x7ff624300b70>: Failed to establish a new connection: [Errno -2] Name or service not known',))
HTTPConnectionPool(host='web.dmi.unict.itcorsi', port=80): Max retries exceeded with url: /lm-18 (Caused by NewConnectionError('<urllib3.connection.HTTPConnection object at 0x7ff624300b00>: Failed to establish a new connection: [Errno -2] Name or service not known',))
HTTPConnectionPool(host='web.dmi.unict.itcorsi', port=80): Max retries exceeded with url: /lm-40 (Caused by NewConnectionError('<urllib3.connection.HTTPConnection object at 0x7ff624300b70>: Failed to establish a new connection: [Errno -2] Name or service not known',))
'NoneType' object has no attribute 'find_all'
HTTPConnectionPool(host='www.dieei.unict.itcorsi', port=80): Max retries exceeded with url: /l-8-ele (Caused by NewConnectionError('<urllib3.connection.HTTPConnection object at 0x7ff624140518>: Failed to establish a new connection: [Errno -2] Name or service not known',))
HTTPConnectionPool(host='www.dieei.unict.itcorsi', port=80): Max retries exceeded with url: /l-9 (Caused by NewConnectionError('<urllib3.connection.HTTPConnection object at 0x7ff624140358>: Failed to establish a new connection: [Errno -2] Name or service not known',))
HTTPConnectionPool(host='www.dieei.unict.itcorsi', port=80): Max retries exceeded with url: /l-8-inf (Caused by NewConnectionError('<urllib3.connection.HTTPConnection object at 0x7ff6241404a8>: Failed to establish a new connection: [Errno -2] Name or service not known',))
HTTPConnectionPool(host='www.dieei.unict.itcorsi', port=80): Max retries exceeded with url: /lm-25 (Caused by NewConnectionError('<urllib3.connection.HTTPConnection object at 0x7ff624140588>: Failed to establish a new connection: [Errno -2] Name or service not known',))
HTTPConnectionPool(host='www.dieei.unict.itcorsi', port=80): Max retries exceeded with url: /lm-28 (Caused by NewConnectionError('<urllib3.connection.HTTPConnection object at 0x7ff6243c7f60>: Failed to establish a new connection: [Errno -2] Name or service not known',))
HTTPConnectionPool(host='www.dieei.unict.itcorsi', port=80): Max retries exceeded with url: /lm-29 (Caused by NewConnectionError('<urllib3.connection.HTTPConnection object at 0x7ff624140048>: Failed to establish a new connection: [Errno -2] Name or service not known',))
HTTPConnectionPool(host='www.dieei.unict.itcorsi', port=80): Max retries exceeded with url: /lm-27 (Caused by NewConnectionError('<urllib3.connection.HTTPConnection object at 0x7ff6241404e0>: Failed to establish a new connection: [Errno -2] Name or service not known',))
HTTPConnectionPool(host='www.dieei.unict.itcorsi', port=80): Max retries exceeded with url: /lm-32 (Caused by NewConnectionError('<urllib3.connection.HTTPConnection object at 0x7ff628348320>: Failed to establish a new connection: [Errno -2] Name or service not known',))
HTTPConnectionPool(host='www.dieei.unict.itcorsi', port=80): Max retries exceeded with url: /l-8-ele (Caused by NewConnectionError('<urllib3.connection.HTTPConnection object at 0x7ff624426278>: Failed to establish a new connection: [Errno -2] Name or service not known',))
HTTPConnectionPool(host='www.dieei.unict.itcorsi', port=80): Max retries exceeded with url: /l-9 (Caused by NewConnectionError('<urllib3.connection.HTTPConnection object at 0x7ff6241175f8>: Failed to establish a new connection: [Errno -2] Name or service not known',))
HTTPConnectionPool(host='www.dieei.unict.itcorsi', port=80): Max retries exceeded with url: /l-8-inf (Caused by NewConnectionError('<urllib3.connection.HTTPConnection object at 0x7ff6241175c0>: Failed to establish a new connection: [Errno -2] Name or service not known',))
HTTPConnectionPool(host='www.dieei.unict.itcorsi', port=80): Max retries exceeded with url: /lm-25 (Caused by NewConnectionError('<urllib3.connection.HTTPConnection object at 0x7ff6242cecf8>: Failed to establish a new connection: [Errno -2] Name or service not known',))
HTTPConnectionPool(host='www.dieei.unict.itcorsi', port=80): Max retries exceeded with url: /lm-28 (Caused by NewConnectionError('<urllib3.connection.HTTPConnection object at 0x7ff6242cec50>: Failed to establish a new connection: [Errno -2] Name or service not known',))
HTTPConnectionPool(host='www.dieei.unict.itcorsi', port=80): Max retries exceeded with url: /lm-29 (Caused by NewConnectionError('<urllib3.connection.HTTPConnection object at 0x7ff6241dea90>: Failed to establish a new connection: [Errno -2] Name or service not known',))
HTTPConnectionPool(host='www.dieei.unict.itcorsi', port=80): Max retries exceeded with url: /lm-27 (Caused by NewConnectionError('<urllib3.connection.HTTPConnection object at 0x7ff6241deba8>: Failed to establish a new connection: [Errno -2] Name or service not known',))
HTTPConnectionPool(host='www.dieei.unict.itcorsi', port=80): Max retries exceeded with url: /lm-32 (Caused by NewConnectionError('<urllib3.connection.HTTPConnection object at 0x7ff6241de9b0>: Failed to establish a new connection: [Errno -2] Name or service not known',))
HTTPConnectionPool(host='web.dmi.unict.itcorsi', port=80): Max retries exceeded with url: /l-31 (Caused by NewConnectionError('<urllib3.connection.HTTPConnection object at 0x7f77785efe10>: Failed to establish a new connection: [Errno -2] Name or service not known',))
HTTPConnectionPool(host='web.dmi.unict.itcorsi', port=80): Max retries exceeded with url: /l-35 (Caused by NewConnectionError('<urllib3.connection.HTTPConnection object at 0x7f77785efd68>: Failed to establish a new connection: [Errno -2] Name or service not known',))
HTTPConnectionPool(host='web.dmi.unict.itcorsi', port=80): Max retries exceeded with url: /lm-18 (Caused by NewConnectionError('<urllib3.connection.HTTPConnection object at 0x7f77785ef908>: Failed to establish a new connection: [Errno -2] Name or service not known',))
HTTPConnectionPool(host='web.dmi.unict.itcorsi', port=80): Max retries exceeded with url: /lm-40 (Caused by NewConnectionError('<urllib3.connection.HTTPConnection object at 0x7f77785ef780>: Failed to establish a new connection: [Errno -2] Name or service not known',))
'NoneType' object has no attribute 'find_all'
HTTPConnectionPool(host='web.dmi.unict.itcorsi', port=80): Max retries exceeded with url: /l-31 (Caused by NewConnectionError('<urllib3.connection.HTTPConnection object at 0x7f77785dcb00>: Failed to establish a new connection: [Errno -2] Name or service not known',))
HTTPConnectionPool(host='web.dmi.unict.itcorsi', port=80): Max retries exceeded with url: /l-35 (Caused by NewConnectionError('<urllib3.connection.HTTPConnection object at 0x7f77785dcc88>: Failed to establish a new connection: [Errno -2] Name or service not known',))
HTTPConnectionPool(host='web.dmi.unict.itcorsi', port=80): Max retries exceeded with url: /lm-18 (Caused by NewConnectionError('<urllib3.connection.HTTPConnection object at 0x7f77785dcf60>: Failed to establish a new connection: [Errno -2] Name or service not known',))
HTTPConnectionPool(host='web.dmi.unict.itcorsi', port=80): Max retries exceeded with url: /lm-40 (Caused by NewConnectionError('<urllib3.connection.HTTPConnection object at 0x7f77785dcac8>: Failed to establish a new connection: [Errno -2] Name or service not known',))
'NoneType' object has no attribute 'find_all'
HTTPConnectionPool(host='www.dieei.unict.itcorsi', port=80): Max retries exceeded with url: /l-8-ele (Caused by NewConnectionError('<urllib3.connection.HTTPConnection object at 0x7f77783d0390>: Failed to establish a new connection: [Errno -2] Name or service not known',))
HTTPConnectionPool(host='www.dieei.unict.itcorsi', port=80): Max retries exceeded with url: /l-9 (Caused by NewConnectionError('<urllib3.connection.HTTPConnection object at 0x7f77783d02e8>: Failed to establish a new connection: [Errno -2] Name or service not known',))
HTTPConnectionPool(host='www.dieei.unict.itcorsi', port=80): Max retries exceeded with url: /l-8-inf (Caused by NewConnectionError('<urllib3.connection.HTTPConnection object at 0x7f77783d0400>: Failed to establish a new connection: [Errno -2] Name or service not known',))
HTTPConnectionPool(host='www.dieei.unict.itcorsi', port=80): Max retries exceeded with url: /lm-25 (Caused by NewConnectionError('<urllib3.connection.HTTPConnection object at 0x7f77783d0550>: Failed to establish a new connection: [Errno -2] Name or service not known',))
HTTPConnectionPool(host='www.dieei.unict.itcorsi', port=80): Max retries exceeded with url: /lm-28 (Caused by NewConnectionError('<urllib3.connection.HTTPConnection object at 0x7f77783d02e8>: Failed to establish a new connection: [Errno -2] Name or service not known',))
HTTPConnectionPool(host='www.dieei.unict.itcorsi', port=80): Max retries exceeded with url: /lm-29 (Caused by NewConnectionError('<urllib3.connection.HTTPConnection object at 0x7f77783d0358>: Failed to establish a new connection: [Errno -2] Name or service not known',))
HTTPConnectionPool(host='www.dieei.unict.itcorsi', port=80): Max retries exceeded with url: /lm-27 (Caused by NewConnectionError('<urllib3.connection.HTTPConnection object at 0x7f77783d04a8>: Failed to establish a new connection: [Errno -2] Name or service not known',))
HTTPConnectionPool(host='www.dieei.unict.itcorsi', port=80): Max retries exceeded with url: /lm-32 (Caused by NewConnectionError('<urllib3.connection.HTTPConnection object at 0x7f77783d0358>: Failed to establish a new connection: [Errno -2] Name or service not known',))
HTTPConnectionPool(host='www.dieei.unict.itcorsi', port=80): Max retries exceeded with url: /l-8-ele (Caused by NewConnectionError('<urllib3.connection.HTTPConnection object at 0x7f777a539550>: Failed to establish a new connection: [Errno -2] Name or service not known',))
HTTPConnectionPool(host='www.dieei.unict.itcorsi', port=80): Max retries exceeded with url: /l-9 (Caused by NewConnectionError('<urllib3.connection.HTTPConnection object at 0x7f777a5395c0>: Failed to establish a new connection: [Errno -2] Name or service not known',))
HTTPConnectionPool(host='www.dieei.unict.itcorsi', port=80): Max retries exceeded with url: /l-8-inf (Caused by NewConnectionError('<urllib3.connection.HTTPConnection object at 0x7f777a539550>: Failed to establish a new connection: [Errno -2] Name or service not known',))
HTTPConnectionPool(host='www.dieei.unict.itcorsi', port=80): Max retries exceeded with url: /lm-25 (Caused by NewConnectionError('<urllib3.connection.HTTPConnection object at 0x7f777a539a58>: Failed to establish a new connection: [Errno -2] Name or service not known',))
HTTPConnectionPool(host='www.dieei.unict.itcorsi', port=80): Max retries exceeded with url: /lm-28 (Caused by NewConnectionError('<urllib3.connection.HTTPConnection object at 0x7f777a539438>: Failed to establish a new connection: [Errno -2] Name or service not known',))
HTTPConnectionPool(host='www.dieei.unict.itcorsi', port=80): Max retries exceeded with url: /lm-29 (Caused by NewConnectionError('<urllib3.connection.HTTPConnection object at 0x7f777a539cc0>: Failed to establish a new connection: [Errno -2] Name or service not known',))
HTTPConnectionPool(host='www.dieei.unict.itcorsi', port=80): Max retries exceeded with url: /lm-27 (Caused by NewConnectionError('<urllib3.connection.HTTPConnection object at 0x7f777a539438>: Failed to establish a new connection: [Errno -2] Name or service not known',))
HTTPConnectionPool(host='www.dieei.unict.itcorsi', port=80): Max retries exceeded with url: /lm-32 (Caused by NewConnectionError('<urllib3.connection.HTTPConnection object at 0x7f777a539cc0>: Failed to establish a new connection: [Errno -2] Name or service not known',))
HTTPConnectionPool(host='web.dmi.unict.itcorsi', port=80): Max retries exceeded with url: /l-31 (Caused by NewConnectionError('<urllib3.connection.HTTPConnection object at 0x7f39480284a8>: Failed to establish a new connection: [Errno -2] Name or service not known',))
HTTPConnectionPool(host='web.dmi.unict.itcorsi', port=80): Max retries exceeded with url: /l-35 (Caused by NewConnectionError('<urllib3.connection.HTTPConnection object at 0x7f3948028470>: Failed to establish a new connection: [Errno -2] Name or service not known',))
HTTPConnectionPool(host='web.dmi.unict.itcorsi', port=80): Max retries exceeded with url: /lm-18 (Caused by NewConnectionError('<urllib3.connection.HTTPConnection object at 0x7f3948028358>: Failed to establish a new connection: [Errno -2] Name or service not known',))
HTTPConnectionPool(host='web.dmi.unict.itcorsi', port=80): Max retries exceeded with url: /lm-40 (Caused by NewConnectionError('<urllib3.connection.HTTPConnection object at 0x7f3948028518>: Failed to establish a new connection: [Errno -2] Name or service not known',))
'NoneType' object has no attribute 'find_all'
HTTPConnectionPool(host='web.dmi.unict.itcorsi', port=80): Max retries exceeded with url: /l-31 (Caused by NewConnectionError('<urllib3.connection.HTTPConnection object at 0x7f3940893a90>: Failed to establish a new connection: [Errno -2] Name or service not known',))
HTTPConnectionPool(host='web.dmi.unict.itcorsi', port=80): Max retries exceeded with url: /l-35 (Caused by NewConnectionError('<urllib3.connection.HTTPConnection object at 0x7f3940893b00>: Failed to establish a new connection: [Errno -2] Name or service not known',))
HTTPConnectionPool(host='web.dmi.unict.itcorsi', port=80): Max retries exceeded with url: /lm-18 (Caused by NewConnectionError('<urllib3.connection.HTTPConnection object at 0x7f3940893a90>: Failed to establish a new connection: [Errno -2] Name or service not known',))
HTTPConnectionPool(host='web.dmi.unict.itcorsi', port=80): Max retries exceeded with url: /lm-40 (Caused by NewConnectionError('<urllib3.connection.HTTPConnection object at 0x7f3940893b00>: Failed to establish a new connection: [Errno -2] Name or service not known',))
'NoneType' object has no attribute 'find_all'
HTTPConnectionPool(host='www.dieei.unict.itcorsi', port=80): Max retries exceeded with url: /l-8-ele (Caused by NewConnectionError('<urllib3.connection.HTTPConnection object at 0x7f394078aa90>: Failed to establish a new connection: [Errno -2] Name or service not known',))
HTTPConnectionPool(host='www.dieei.unict.itcorsi', port=80): Max retries exceeded with url: /l-9 (Caused by NewConnectionError('<urllib3.connection.HTTPConnection object at 0x7f394078add8>: Failed to establish a new connection: [Errno -2] Name or service not known',))
HTTPConnectionPool(host='www.dieei.unict.itcorsi', port=80): Max retries exceeded with url: /l-8-inf (Caused by NewConnectionError('<urllib3.connection.HTTPConnection object at 0x7f394078acf8>: Failed to establish a new connection: [Errno -2] Name or service not known',))
HTTPConnectionPool(host='www.dieei.unict.itcorsi', port=80): Max retries exceeded with url: /lm-25 (Caused by NewConnectionError('<urllib3.connection.HTTPConnection object at 0x7f39408b5ef0>: Failed to establish a new connection: [Errno -2] Name or service not known',))
HTTPConnectionPool(host='www.dieei.unict.itcorsi', port=80): Max retries exceeded with url: /lm-28 (Caused by NewConnectionError('<urllib3.connection.HTTPConnection object at 0x7f39408b5dd8>: Failed to establish a new connection: [Errno -2] Name or service not known',))
HTTPConnectionPool(host='www.dieei.unict.itcorsi', port=80): Max retries exceeded with url: /lm-29 (Caused by NewConnectionError('<urllib3.connection.HTTPConnection object at 0x7f394078a4e0>: Failed to establish a new connection: [Errno -2] Name or service not known',))
HTTPConnectionPool(host='www.dieei.unict.itcorsi', port=80): Max retries exceeded with url: /lm-27 (Caused by NewConnectionError('<urllib3.connection.HTTPConnection object at 0x7f394078ae10>: Failed to establish a new connection: [Errno -2] Name or service not known',))
HTTPConnectionPool(host='www.dieei.unict.itcorsi', port=80): Max retries exceeded with url: /lm-32 (Caused by NewConnectionError('<urllib3.connection.HTTPConnection object at 0x7f394078a4e0>: Failed to establish a new connection: [Errno -2] Name or service not known',))
HTTPConnectionPool(host='www.dieei.unict.itcorsi', port=80): Max retries exceeded with url: /l-8-ele (Caused by NewConnectionError('<urllib3.connection.HTTPConnection object at 0x7f394912d860>: Failed to establish a new connection: [Errno -2] Name or service not known',))
HTTPConnectionPool(host='www.dieei.unict.itcorsi', port=80): Max retries exceeded with url: /l-9 (Caused by NewConnectionError('<urllib3.connection.HTTPConnection object at 0x7f3949133c50>: Failed to establish a new connection: [Errno -2] Name or service not known',))
HTTPConnectionPool(host='www.dieei.unict.itcorsi', port=80): Max retries exceeded with url: /l-8-inf (Caused by NewConnectionError('<urllib3.connection.HTTPConnection object at 0x7f3949133c50>: Failed to establish a new connection: [Errno -2] Name or service not known',))
HTTPConnectionPool(host='www.dieei.unict.itcorsi', port=80): Max retries exceeded with url: /lm-25 (Caused by NewConnectionError('<urllib3.connection.HTTPConnection object at 0x7f3949133c88>: Failed to establish a new connection: [Errno -2] Name or service not known',))
HTTPConnectionPool(host='www.dieei.unict.itcorsi', port=80): Max retries exceeded with url: /lm-28 (Caused by NewConnectionError('<urllib3.connection.HTTPConnection object at 0x7f3949133e80>: Failed to establish a new connection: [Errno -2] Name or service not known',))
HTTPConnectionPool(host='www.dieei.unict.itcorsi', port=80): Max retries exceeded with url: /lm-29 (Caused by NewConnectionError('<urllib3.connection.HTTPConnection object at 0x7f3949133f98>: Failed to establish a new connection: [Errno -2] Name or service not known',))
HTTPConnectionPool(host='www.dieei.unict.itcorsi', port=80): Max retries exceeded with url: /lm-27 (Caused by NewConnectionError('<urllib3.connection.HTTPConnection object at 0x7f3949133e80>: Failed to establish a new connection: [Errno -2] Name or service not known',))
HTTPConnectionPool(host='www.dieei.unict.itcorsi', port=80): Max retries exceeded with url: /lm-32 (Caused by NewConnectionError('<urllib3.connection.HTTPConnection object at 0x7f3949133f98>: Failed to establish a new connection: [Errno -2] Name or service not known',))
HTTPConnectionPool(host='web.dmi.unict.itcorsi', port=80): Max retries exceeded with url: /l-31 (Caused by NewConnectionError('<urllib3.connection.HTTPConnection object at 0x7fedac61e518>: Failed to establish a new connection: [Errno -2] Name or service not known',))
HTTPConnectionPool(host='web.dmi.unict.itcorsi', port=80): Max retries exceeded with url: /l-35 (Caused by NewConnectionError('<urllib3.connection.HTTPConnection object at 0x7fedac61e5c0>: Failed to establish a new connection: [Errno -2] Name or service not known',))
HTTPConnectionPool(host='web.dmi.unict.itcorsi', port=80): Max retries exceeded with url: /lm-18 (Caused by NewConnectionError('<urllib3.connection.HTTPConnection object at 0x7fedac61e278>: Failed to establish a new connection: [Errno -2] Name or service not known',))
HTTPConnectionPool(host='web.dmi.unict.itcorsi', port=80): Max retries exceeded with url: /lm-40 (Caused by NewConnectionError('<urllib3.connection.HTTPConnection object at 0x7fedac61e2b0>: Failed to establish a new connection: [Errno -2] Name or service not known',))
'NoneType' object has no attribute 'find_all'
HTTPConnectionPool(host='web.dmi.unict.itcorsi', port=80): Max retries exceeded with url: /l-31 (Caused by NewConnectionError('<urllib3.connection.HTTPConnection object at 0x7fedac4ceb38>: Failed to establish a new connection: [Errno -2] Name or service not known',))
HTTPConnectionPool(host='web.dmi.unict.itcorsi', port=80): Max retries exceeded with url: /l-35 (Caused by NewConnectionError('<urllib3.connection.HTTPConnection object at 0x7fedac4ceb38>: Failed to establish a new connection: [Errno -2] Name or service not known',))
HTTPConnectionPool(host='web.dmi.unict.itcorsi', port=80): Max retries exceeded with url: /lm-18 (Caused by NewConnectionError('<urllib3.connection.HTTPConnection object at 0x7fedac4ceb38>: Failed to establish a new connection: [Errno -2] Name or service not known',))
HTTPConnectionPool(host='web.dmi.unict.itcorsi', port=80): Max retries exceeded with url: /lm-40 (Caused by NewConnectionError('<urllib3.connection.HTTPConnection object at 0x7fedac4ceb38>: Failed to establish a new connection: [Errno -2] Name or service not known',))
'NoneType' object has no attribute 'find_all'
HTTPConnectionPool(host='www.dieei.unict.itcorsi', port=80): Max retries exceeded with url: /l-8-ele (Caused by NewConnectionError('<urllib3.connection.HTTPConnection object at 0x7fedac4f04e0>: Failed to establish a new connection: [Errno -2] Name or service not known',))
HTTPConnectionPool(host='www.dieei.unict.itcorsi', port=80): Max retries exceeded with url: /l-9 (Caused by NewConnectionError('<urllib3.connection.HTTPConnection object at 0x7fedac4f0320>: Failed to establish a new connection: [Errno -2] Name or service not known',))
HTTPConnectionPool(host='www.dieei.unict.itcorsi', port=80): Max retries exceeded with url: /l-8-inf (Caused by NewConnectionError('<urllib3.connection.HTTPConnection object at 0x7fedac4f03c8>: Failed to establish a new connection: [Errno -2] Name or service not known',))
HTTPConnectionPool(host='www.dieei.unict.itcorsi', port=80): Max retries exceeded with url: /lm-25 (Caused by NewConnectionError('<urllib3.connection.HTTPConnection object at 0x7fedac363128>: Failed to establish a new connection: [Errno -2] Name or service not known',))
HTTPConnectionPool(host='www.dieei.unict.itcorsi', port=80): Max retries exceeded with url: /lm-28 (Caused by NewConnectionError('<urllib3.connection.HTTPConnection object at 0x7fedac3630b8>: Failed to establish a new connection: [Errno -2] Name or service not known',))
HTTPConnectionPool(host='www.dieei.unict.itcorsi', port=80): Max retries exceeded with url: /lm-29 (Caused by NewConnectionError('<urllib3.connection.HTTPConnection object at 0x7fedac4f0048>: Failed to establish a new connection: [Errno -2] Name or service not known',))
HTTPConnectionPool(host='www.dieei.unict.itcorsi', port=80): Max retries exceeded with url: /lm-27 (Caused by NewConnectionError('<urllib3.connection.HTTPConnection object at 0x7fedac4f02e8>: Failed to establish a new connection: [Errno -2] Name or service not known',))
HTTPConnectionPool(host='www.dieei.unict.itcorsi', port=80): Max retries exceeded with url: /lm-32 (Caused by NewConnectionError('<urllib3.connection.HTTPConnection object at 0x7fedac4f0048>: Failed to establish a new connection: [Errno -2] Name or service not known',))
HTTPConnectionPool(host='www.dieei.unict.itcorsi', port=80): Max retries exceeded with url: /l-8-ele (Caused by NewConnectionError('<urllib3.connection.HTTPConnection object at 0x7fedac5a9d30>: Failed to establish a new connection: [Errno -2] Name or service not known',))
HTTPConnectionPool(host='www.dieei.unict.itcorsi', port=80): Max retries exceeded with url: /l-9 (Caused by NewConnectionError('<urllib3.connection.HTTPConnection object at 0x7fedac5a96d8>: Failed to establish a new connection: [Errno -2] Name or service not known',))
HTTPConnectionPool(host='www.dieei.unict.itcorsi', port=80): Max retries exceeded with url: /l-8-inf (Caused by NewConnectionError('<urllib3.connection.HTTPConnection object at 0x7fedac5a9160>: Failed to establish a new connection: [Errno -2] Name or service not known',))
HTTPConnectionPool(host='www.dieei.unict.itcorsi', port=80): Max retries exceeded with url: /lm-25 (Caused by NewConnectionError('<urllib3.connection.HTTPConnection object at 0x7fedac5a90b8>: Failed to establish a new connection: [Errno -2] Name or service not known',))
HTTPConnectionPool(host='www.dieei.unict.itcorsi', port=80): Max retries exceeded with url: /lm-28 (Caused by NewConnectionError('<urllib3.connection.HTTPConnection object at 0x7fedac5a98d0>: Failed to establish a new connection: [Errno -2] Name or service not known',))
HTTPConnectionPool(host='www.dieei.unict.itcorsi', port=80): Max retries exceeded with url: /lm-29 (Caused by NewConnectionError('<urllib3.connection.HTTPConnection object at 0x7fedac477518>: Failed to establish a new connection: [Errno -2] Name or service not known',))
HTTPConnectionPool(host='www.dieei.unict.itcorsi', port=80): Max retries exceeded with url: /lm-27 (Caused by NewConnectionError('<urllib3.connection.HTTPConnection object at 0x7fedac5a90b8>: Failed to establish a new connection: [Errno -2] Name or service not known',))
HTTPConnectionPool(host='www.dieei.unict.itcorsi', port=80): Max retries exceeded with url: /lm-32 (Caused by NewConnectionError('<urllib3.connection.HTTPConnection object at 0x7fedac5a9550>: Failed to establish a new connection: [Errno -2] Name or service not known',))
HTTPConnectionPool(host='web.dmi.unict.itcorsi', port=80): Max retries exceeded with url: /l-31 (Caused by NewConnectionError('<urllib3.connection.HTTPConnection object at 0x7f118004b518>: Failed to establish a new connection: [Errno -2] Name or service not known',))
HTTPConnectionPool(host='web.dmi.unict.itcorsi', port=80): Max retries exceeded with url: /l-35 (Caused by NewConnectionError('<urllib3.connection.HTTPConnection object at 0x7f118004b5c0>: Failed to establish a new connection: [Errno -2] Name or service not known',))
HTTPConnectionPool(host='web.dmi.unict.itcorsi', port=80): Max retries exceeded with url: /lm-18 (Caused by NewConnectionError('<urllib3.connection.HTTPConnection object at 0x7f118004b278>: Failed to establish a new connection: [Errno -2] Name or service not known',))
HTTPConnectionPool(host='web.dmi.unict.itcorsi', port=80): Max retries exceeded with url: /lm-40 (Caused by NewConnectionError('<urllib3.connection.HTTPConnection object at 0x7f118004b2b0>: Failed to establish a new connection: [Errno -2] Name or service not known',))
'NoneType' object has no attribute 'find_all'
HTTPConnectionPool(host='web.dmi.unict.itcorsi', port=80): Max retries exceeded with url: /l-31 (Caused by NewConnectionError('<urllib3.connection.HTTPConnection object at 0x7f116a6c84e0>: Failed to establish a new connection: [Errno -2] Name or service not known',))
HTTPConnectionPool(host='web.dmi.unict.itcorsi', port=80): Max retries exceeded with url: /l-35 (Caused by NewConnectionError('<urllib3.connection.HTTPConnection object at 0x7f116a6c83c8>: Failed to establish a new connection: [Errno -2] Name or service not known',))
HTTPConnectionPool(host='web.dmi.unict.itcorsi', port=80): Max retries exceeded with url: /lm-18 (Caused by NewConnectionError('<urllib3.connection.HTTPConnection object at 0x7f116a6c80f0>: Failed to establish a new connection: [Errno -2] Name or service not known',))
HTTPConnectionPool(host='web.dmi.unict.itcorsi', port=80): Max retries exceeded with url: /lm-40 (Caused by NewConnectionError('<urllib3.connection.HTTPConnection object at 0x7f116a6c8470>: Failed to establish a new connection: [Errno -2] Name or service not known',))
'NoneType' object has no attribute 'find_all'
HTTPConnectionPool(host='www.dieei.unict.itcorsi', port=80): Max retries exceeded with url: /l-8-ele (Caused by NewConnectionError('<urllib3.connection.HTTPConnection object at 0x7f116a5ac4e0>: Failed to establish a new connection: [Errno -2] Name or service not known',))
HTTPConnectionPool(host='www.dieei.unict.itcorsi', port=80): Max retries exceeded with url: /l-9 (Caused by NewConnectionError('<urllib3.connection.HTTPConnection object at 0x7f116a5ac320>: Failed to establish a new connection: [Errno -2] Name or service not known',))
HTTPConnectionPool(host='www.dieei.unict.itcorsi', port=80): Max retries exceeded with url: /l-8-inf (Caused by NewConnectionError('<urllib3.connection.HTTPConnection object at 0x7f116a5ac3c8>: Failed to establish a new connection: [Errno -2] Name or service not known',))
HTTPConnectionPool(host='www.dieei.unict.itcorsi', port=80): Max retries exceeded with url: /lm-25 (Caused by NewConnectionError('<urllib3.connection.HTTPConnection object at 0x7f116a7d1518>: Failed to establish a new connection: [Errno -2] Name or service not known',))
HTTPConnectionPool(host='www.dieei.unict.itcorsi', port=80): Max retries exceeded with url: /lm-28 (Caused by NewConnectionError('<urllib3.connection.HTTPConnection object at 0x7f116a7d1be0>: Failed to establish a new connection: [Errno -2] Name or service not known',))
HTTPConnectionPool(host='www.dieei.unict.itcorsi', port=80): Max retries exceeded with url: /lm-29 (Caused by NewConnectionError('<urllib3.connection.HTTPConnection object at 0x7f116a5ac240>: Failed to establish a new connection: [Errno -2] Name or service not known',))
HTTPConnectionPool(host='www.dieei.unict.itcorsi', port=80): Max retries exceeded with url: /lm-27 (Caused by NewConnectionError('<urllib3.connection.HTTPConnection object at 0x7f116a5ac2b0>: Failed to establish a new connection: [Errno -2] Name or service not known',))
HTTPConnectionPool(host='www.dieei.unict.itcorsi', port=80): Max retries exceeded with url: /lm-32 (Caused by NewConnectionError('<urllib3.connection.HTTPConnection object at 0x7f116a5ac320>: Failed to establish a new connection: [Errno -2] Name or service not known',))
HTTPConnectionPool(host='www.dieei.unict.itcorsi', port=80): Max retries exceeded with url: /l-8-ele (Caused by NewConnectionError('<urllib3.connection.HTTPConnection object at 0x7f118004bc18>: Failed to establish a new connection: [Errno -2] Name or service not known',))
HTTPConnectionPool(host='www.dieei.unict.itcorsi', port=80): Max retries exceeded with url: /l-9 (Caused by NewConnectionError('<urllib3.connection.HTTPConnection object at 0x7f118004bba8>: Failed to establish a new connection: [Errno -2] Name or service not known',))
HTTPConnectionPool(host='www.dieei.unict.itcorsi', port=80): Max retries exceeded with url: /l-8-inf (Caused by NewConnectionError('<urllib3.connection.HTTPConnection object at 0x7f118004bd30>: Failed to establish a new connection: [Errno -2] Name or service not known',))
HTTPConnectionPool(host='www.dieei.unict.itcorsi', port=80): Max retries exceeded with url: /lm-25 (Caused by NewConnectionError('<urllib3.connection.HTTPConnection object at 0x7f118008f240>: Failed to establish a new connection: [Errno -2] Name or service not known',))
HTTPConnectionPool(host='www.dieei.unict.itcorsi', port=80): Max retries exceeded with url: /lm-28 (Caused by NewConnectionError('<urllib3.connection.HTTPConnection object at 0x7f116a75a9b0>: Failed to establish a new connection: [Errno -2] Name or service not known',))
HTTPConnectionPool(host='www.dieei.unict.itcorsi', port=80): Max retries exceeded with url: /lm-29 (Caused by NewConnectionError('<urllib3.connection.HTTPConnection object at 0x7f116a75a7b8>: Failed to establish a new connection: [Errno -2] Name or service not known',))
HTTPConnectionPool(host='www.dieei.unict.itcorsi', port=80): Max retries exceeded with url: /lm-27 (Caused by NewConnectionError('<urllib3.connection.HTTPConnection object at 0x7f1182f29470>: Failed to establish a new connection: [Errno -2] Name or service not known',))
HTTPConnectionPool(host='www.dieei.unict.itcorsi', port=80): Max retries exceeded with url: /lm-32 (Caused by NewConnectionError('<urllib3.connection.HTTPConnection object at 0x7f1182f292b0>: Failed to establish a new connection: [Errno -2] Name or service not known',))
HTTPConnectionPool(host='web.dmi.unict.itcorsi', port=80): Max retries exceeded with url: /l-31 (Caused by NewConnectionError('<urllib3.connection.HTTPConnection object at 0x7fd7a427e4e0>: Failed to establish a new connection: [Errno -2] Name or service not known',))
HTTPConnectionPool(host='web.dmi.unict.itcorsi', port=80): Max retries exceeded with url: /l-35 (Caused by NewConnectionError('<urllib3.connection.HTTPConnection object at 0x7fd7a427e588>: Failed to establish a new connection: [Errno -2] Name or service not known',))
HTTPConnectionPool(host='web.dmi.unict.itcorsi', port=80): Max retries exceeded with url: /lm-18 (Caused by NewConnectionError('<urllib3.connection.HTTPConnection object at 0x7fd7a427e240>: Failed to establish a new connection: [Errno -2] Name or service not known',))
HTTPConnectionPool(host='web.dmi.unict.itcorsi', port=80): Max retries exceeded with url: /lm-40 (Caused by NewConnectionError('<urllib3.connection.HTTPConnection object at 0x7fd7a427e278>: Failed to establish a new connection: [Errno -2] Name or service not known',))
'NoneType' object has no attribute 'find_all'
HTTPConnectionPool(host='web.dmi.unict.itcorsi', port=80): Max retries exceeded with url: /l-31 (Caused by NewConnectionError('<urllib3.connection.HTTPConnection object at 0x7fd7a412eb00>: Failed to establish a new connection: [Errno -2] Name or service not known',))
HTTPConnectionPool(host='web.dmi.unict.itcorsi', port=80): Max retries exceeded with url: /l-35 (Caused by NewConnectionError('<urllib3.connection.HTTPConnection object at 0x7fd7a412ec88>: Failed to establish a new connection: [Errno -2] Name or service not known',))
HTTPConnectionPool(host='web.dmi.unict.itcorsi', port=80): Max retries exceeded with url: /lm-18 (Caused by NewConnectionError('<urllib3.connection.HTTPConnection object at 0x7fd7a412ef60>: Failed to establish a new connection: [Errno -2] Name or service not known',))
HTTPConnectionPool(host='web.dmi.unict.itcorsi', port=80): Max retries exceeded with url: /lm-40 (Caused by NewConnectionError('<urllib3.connection.HTTPConnection object at 0x7fd7a412eac8>: Failed to establish a new connection: [Errno -2] Name or service not known',))
'NoneType' object has no attribute 'find_all'
HTTPConnectionPool(host='www.dieei.unict.itcorsi', port=80): Max retries exceeded with url: /l-8-ele (Caused by NewConnectionError('<urllib3.connection.HTTPConnection object at 0x7fd7a40e2cf8>: Failed to establish a new connection: [Errno -2] Name or service not known',))
HTTPConnectionPool(host='www.dieei.unict.itcorsi', port=80): Max retries exceeded with url: /l-9 (Caused by NewConnectionError('<urllib3.connection.HTTPConnection object at 0x7fd7a40e2e10>: Failed to establish a new connection: [Errno -2] Name or service not known',))
HTTPConnectionPool(host='www.dieei.unict.itcorsi', port=80): Max retries exceeded with url: /l-8-inf (Caused by NewConnectionError('<urllib3.connection.HTTPConnection object at 0x7fd7a40e2be0>: Failed to establish a new connection: [Errno -2] Name or service not known',))
HTTPConnectionPool(host='www.dieei.unict.itcorsi', port=80): Max retries exceeded with url: /lm-25 (Caused by NewConnectionError('<urllib3.connection.HTTPConnection object at 0x7fd7a40e2cf8>: Failed to establish a new connection: [Errno -2] Name or service not known',))
HTTPConnectionPool(host='www.dieei.unict.itcorsi', port=80): Max retries exceeded with url: /lm-28 (Caused by NewConnectionError('<urllib3.connection.HTTPConnection object at 0x7fd7a40e2f98>: Failed to establish a new connection: [Errno -2] Name or service not known',))
HTTPConnectionPool(host='www.dieei.unict.itcorsi', port=80): Max retries exceeded with url: /lm-29 (Caused by NewConnectionError('<urllib3.connection.HTTPConnection object at 0x7fd7a40e2be0>: Failed to establish a new connection: [Errno -2] Name or service not known',))
HTTPConnectionPool(host='www.dieei.unict.itcorsi', port=80): Max retries exceeded with url: /lm-27 (Caused by NewConnectionError('<urllib3.connection.HTTPConnection object at 0x7fd7a40e2f98>: Failed to establish a new connection: [Errno -2] Name or service not known',))
HTTPConnectionPool(host='www.dieei.unict.itcorsi', port=80): Max retries exceeded with url: /lm-32 (Caused by NewConnectionError('<urllib3.connection.HTTPConnection object at 0x7fd7a40e2c88>: Failed to establish a new connection: [Errno -2] Name or service not known',))
HTTPConnectionPool(host='www.dieei.unict.itcorsi', port=80): Max retries exceeded with url: /l-8-ele (Caused by NewConnectionError('<urllib3.connection.HTTPConnection object at 0x7fd7a40b8d30>: Failed to establish a new connection: [Errno -2] Name or service not known',))
HTTPConnectionPool(host='www.dieei.unict.itcorsi', port=80): Max retries exceeded with url: /l-9 (Caused by NewConnectionError('<urllib3.connection.HTTPConnection object at 0x7fd7a40b87b8>: Failed to establish a new connection: [Errno -2] Name or service not known',))
HTTPConnectionPool(host='www.dieei.unict.itcorsi', port=80): Max retries exceeded with url: /l-8-inf (Caused by NewConnectionError('<urllib3.connection.HTTPConnection object at 0x7fd7a40b8710>: Failed to establish a new connection: [Errno -2] Name or service not known',))
HTTPConnectionPool(host='www.dieei.unict.itcorsi', port=80): Max retries exceeded with url: /lm-25 (Caused by NewConnectionError('<urllib3.connection.HTTPConnection object at 0x7fd7a40b8668>: Failed to establish a new connection: [Errno -2] Name or service not known',))
HTTPConnectionPool(host='www.dieei.unict.itcorsi', port=80): Max retries exceeded with url: /lm-28 (Caused by NewConnectionError('<urllib3.connection.HTTPConnection object at 0x7fd7a40b8b38>: Failed to establish a new connection: [Errno -2] Name or service not known',))
HTTPConnectionPool(host='www.dieei.unict.itcorsi', port=80): Max retries exceeded with url: /lm-29 (Caused by NewConnectionError('<urllib3.connection.HTTPConnection object at 0x7fd7a40e85c0>: Failed to establish a new connection: [Errno -2] Name or service not known',))
HTTPConnectionPool(host='www.dieei.unict.itcorsi', port=80): Max retries exceeded with url: /lm-27 (Caused by NewConnectionError('<urllib3.connection.HTTPConnection object at 0x7fd7a40e8710>: Failed to establish a new connection: [Errno -2] Name or service not known',))
HTTPConnectionPool(host='www.dieei.unict.itcorsi', port=80): Max retries exceeded with url: /lm-32 (Caused by NewConnectionError('<urllib3.connection.HTTPConnection object at 0x7fd7a40b8d30>: Failed to establish a new connection: [Errno -2] Name or service not known',))
HTTPConnectionPool(host='web.dmi.unict.itcorsi', port=80): Max retries exceeded with url: /l-31 (Caused by NewConnectionError('<urllib3.connection.HTTPConnection object at 0x7f01c3fde550>: Failed to establish a new connection: [Errno -2] Name or service not known',))
HTTPConnectionPool(host='web.dmi.unict.itcorsi', port=80): Max retries exceeded with url: /l-35 (Caused by NewConnectionError('<urllib3.connection.HTTPConnection object at 0x7f01c3fde5f8>: Failed to establish a new connection: [Errno -2] Name or service not known',))
HTTPConnectionPool(host='web.dmi.unict.itcorsi', port=80): Max retries exceeded with url: /lm-18 (Caused by NewConnectionError('<urllib3.connection.HTTPConnection object at 0x7f01c3fde2b0>: Failed to establish a new connection: [Errno -2] Name or service not known',))
HTTPConnectionPool(host='web.dmi.unict.itcorsi', port=80): Max retries exceeded with url: /lm-40 (Caused by NewConnectionError('<urllib3.connection.HTTPConnection object at 0x7f01c3fde2e8>: Failed to establish a new connection: [Errno -2] Name or service not known',))
'NoneType' object has no attribute 'find_all'
HTTPConnectionPool(host='web.dmi.unict.itcorsi', port=80): Max retries exceeded with url: /l-31 (Caused by NewConnectionError('<urllib3.connection.HTTPConnection object at 0x7f01c3e8eb00>: Failed to establish a new connection: [Errno -2] Name or service not known',))
HTTPConnectionPool(host='web.dmi.unict.itcorsi', port=80): Max retries exceeded with url: /l-35 (Caused by NewConnectionError('<urllib3.connection.HTTPConnection object at 0x7f01c3e8eb70>: Failed to establish a new connection: [Errno -2] Name or service not known',))
HTTPConnectionPool(host='web.dmi.unict.itcorsi', port=80): Max retries exceeded with url: /lm-18 (Caused by NewConnectionError('<urllib3.connection.HTTPConnection object at 0x7f01c3e8eb00>: Failed to establish a new connection: [Errno -2] Name or service not known',))
HTTPConnectionPool(host='web.dmi.unict.itcorsi', port=80): Max retries exceeded with url: /lm-40 (Caused by NewConnectionError('<urllib3.connection.HTTPConnection object at 0x7f01c3e8eb70>: Failed to establish a new connection: [Errno -2] Name or service not known',))
'NoneType' object has no attribute 'find_all'
HTTPConnectionPool(host='www.dieei.unict.itcorsi', port=80): Max retries exceeded with url: /l-8-ele (Caused by NewConnectionError('<urllib3.connection.HTTPConnection object at 0x7f01c3e3d4e0>: Failed to establish a new connection: [Errno -2] Name or service not known',))
HTTPConnectionPool(host='www.dieei.unict.itcorsi', port=80): Max retries exceeded with url: /l-9 (Caused by NewConnectionError('<urllib3.connection.HTTPConnection object at 0x7f01c3e3d160>: Failed to establish a new connection: [Errno -2] Name or service not known',))
HTTPConnectionPool(host='www.dieei.unict.itcorsi', port=80): Max retries exceeded with url: /l-8-inf (Caused by NewConnectionError('<urllib3.connection.HTTPConnection object at 0x7f01c3e3d4e0>: Failed to establish a new connection: [Errno -2] Name or service not known',))
HTTPConnectionPool(host='www.dieei.unict.itcorsi', port=80): Max retries exceeded with url: /lm-25 (Caused by NewConnectionError('<urllib3.connection.HTTPConnection object at 0x7f01c3e3dba8>: Failed to establish a new connection: [Errno -2] Name or service not known',))
HTTPConnectionPool(host='www.dieei.unict.itcorsi', port=80): Max retries exceeded with url: /lm-28 (Caused by NewConnectionError('<urllib3.connection.HTTPConnection object at 0x7f01c3e3d4a8>: Failed to establish a new connection: [Errno -2] Name or service not known',))
HTTPConnectionPool(host='www.dieei.unict.itcorsi', port=80): Max retries exceeded with url: /lm-29 (Caused by NewConnectionError('<urllib3.connection.HTTPConnection object at 0x7f01c3e3d668>: Failed to establish a new connection: [Errno -2] Name or service not known',))
HTTPConnectionPool(host='www.dieei.unict.itcorsi', port=80): Max retries exceeded with url: /lm-27 (Caused by NewConnectionError('<urllib3.connection.HTTPConnection object at 0x7f01c3e3dba8>: Failed to establish a new connection: [Errno -2] Name or service not known',))
HTTPConnectionPool(host='www.dieei.unict.itcorsi', port=80): Max retries exceeded with url: /lm-32 (Caused by NewConnectionError('<urllib3.connection.HTTPConnection object at 0x7f01c3e3d4a8>: Failed to establish a new connection: [Errno -2] Name or service not known',))
HTTPConnectionPool(host='www.dieei.unict.itcorsi', port=80): Max retries exceeded with url: /l-8-ele (Caused by NewConnectionError('<urllib3.connection.HTTPConnection object at 0x7f01c3c21438>: Failed to establish a new connection: [Errno -2] Name or service not known',))
HTTPConnectionPool(host='www.dieei.unict.itcorsi', port=80): Max retries exceeded with url: /l-9 (Caused by NewConnectionError('<urllib3.connection.HTTPConnection object at 0x7f01c3c21ac8>: Failed to establish a new connection: [Errno -2] Name or service not known',))
HTTPConnectionPool(host='www.dieei.unict.itcorsi', port=80): Max retries exceeded with url: /l-8-inf (Caused by NewConnectionError('<urllib3.connection.HTTPConnection object at 0x7f01c3c21240>: Failed to establish a new connection: [Errno -2] Name or service not known',))
HTTPConnectionPool(host='www.dieei.unict.itcorsi', port=80): Max retries exceeded with url: /lm-25 (Caused by NewConnectionError('<urllib3.connection.HTTPConnection object at 0x7f01c3c21358>: Failed to establish a new connection: [Errno -2] Name or service not known',))
HTTPConnectionPool(host='www.dieei.unict.itcorsi', port=80): Max retries exceeded with url: /lm-28 (Caused by NewConnectionError('<urllib3.connection.HTTPConnection object at 0x7f01c3c21240>: Failed to establish a new connection: [Errno -2] Name or service not known',))
HTTPConnectionPool(host='www.dieei.unict.itcorsi', port=80): Max retries exceeded with url: /lm-29 (Caused by NewConnectionError('<urllib3.connection.HTTPConnection object at 0x7f01c3c21518>: Failed to establish a new connection: [Errno -2] Name or service not known',))
HTTPConnectionPool(host='www.dieei.unict.itcorsi', port=80): Max retries exceeded with url: /lm-27 (Caused by NewConnectionError('<urllib3.connection.HTTPConnection object at 0x7f01c3c21240>: Failed to establish a new connection: [Errno -2] Name or service not known',))
HTTPConnectionPool(host='www.dieei.unict.itcorsi', port=80): Max retries exceeded with url: /lm-32 (Caused by NewConnectionError('<urllib3.connection.HTTPConnection object at 0x7f01c3fde198>: Failed to establish a new connection: [Errno -2] Name or service not known',))
HTTPConnectionPool(host='web.dmi.unict.itcorsi', port=80): Max retries exceeded with url: /l-31 (Caused by NewConnectionError('<urllib3.connection.HTTPConnection object at 0x7f6dd494f588>: Failed to establish a new connection: [Errno -2] Name or service not known',))
HTTPConnectionPool(host='web.dmi.unict.itcorsi', port=80): Max retries exceeded with url: /l-35 (Caused by NewConnectionError('<urllib3.connection.HTTPConnection object at 0x7f6dd494f4e0>: Failed to establish a new connection: [Errno -2] Name or service not known',))
HTTPConnectionPool(host='web.dmi.unict.itcorsi', port=80): Max retries exceeded with url: /lm-18 (Caused by NewConnectionError('<urllib3.connection.HTTPConnection object at 0x7f6dd494f588>: Failed to establish a new connection: [Errno -2] Name or service not known',))
HTTPConnectionPool(host='web.dmi.unict.itcorsi', port=80): Max retries exceeded with url: /lm-40 (Caused by NewConnectionError('<urllib3.connection.HTTPConnection object at 0x7f6dd494f550>: Failed to establish a new connection: [Errno -2] Name or service not known',))
'NoneType' object has no attribute 'find_all'
HTTPConnectionPool(host='web.dmi.unict.itcorsi', port=80): Max retries exceeded with url: /l-31 (Caused by NewConnectionError('<urllib3.connection.HTTPConnection object at 0x7f6dd4944b38>: Failed to establish a new connection: [Errno -2] Name or service not known',))
HTTPConnectionPool(host='web.dmi.unict.itcorsi', port=80): Max retries exceeded with url: /l-35 (Caused by NewConnectionError('<urllib3.connection.HTTPConnection object at 0x7f6dd4944b38>: Failed to establish a new connection: [Errno -2] Name or service not known',))
HTTPConnectionPool(host='web.dmi.unict.itcorsi', port=80): Max retries exceeded with url: /lm-18 (Caused by NewConnectionError('<urllib3.connection.HTTPConnection object at 0x7f6dd4944b38>: Failed to establish a new connection: [Errno -2] Name or service not known',))
HTTPConnectionPool(host='web.dmi.unict.itcorsi', port=80): Max retries exceeded with url: /lm-40 (Caused by NewConnectionError('<urllib3.connection.HTTPConnection object at 0x7f6dd4944b38>: Failed to establish a new connection: [Errno -2] Name or service not known',))
'NoneType' object has no attribute 'find_all'
HTTPConnectionPool(host='www.dieei.unict.itcorsi', port=80): Max retries exceeded with url: /l-8-ele (Caused by NewConnectionError('<urllib3.connection.HTTPConnection object at 0x7f6dd48e6e80>: Failed to establish a new connection: [Errno -2] Name or service not known',))
HTTPConnectionPool(host='www.dieei.unict.itcorsi', port=80): Max retries exceeded with url: /l-9 (Caused by NewConnectionError('<urllib3.connection.HTTPConnection object at 0x7f6dd4744400>: Failed to establish a new connection: [Errno -2] Name or service not known',))
HTTPConnectionPool(host='www.dieei.unict.itcorsi', port=80): Max retries exceeded with url: /l-8-inf (Caused by NewConnectionError('<urllib3.connection.HTTPConnection object at 0x7f6dd4744400>: Failed to establish a new connection: [Errno -2] Name or service not known',))
HTTPConnectionPool(host='www.dieei.unict.itcorsi', port=80): Max retries exceeded with url: /lm-25 (Caused by NewConnectionError('<urllib3.connection.HTTPConnection object at 0x7f6dd4744358>: Failed to establish a new connection: [Errno -2] Name or service not known',))
HTTPConnectionPool(host='www.dieei.unict.itcorsi', port=80): Max retries exceeded with url: /lm-28 (Caused by NewConnectionError('<urllib3.connection.HTTPConnection object at 0x7f6dd47443c8>: Failed to establish a new connection: [Errno -2] Name or service not known',))
HTTPConnectionPool(host='www.dieei.unict.itcorsi', port=80): Max retries exceeded with url: /lm-29 (Caused by NewConnectionError('<urllib3.connection.HTTPConnection object at 0x7f6ddd0b4ac8>: Failed to establish a new connection: [Errno -2] Name or service not known',))
HTTPConnectionPool(host='www.dieei.unict.itcorsi', port=80): Max retries exceeded with url: /lm-27 (Caused by NewConnectionError('<urllib3.connection.HTTPConnection object at 0x7f6ddd0b4e10>: Failed to establish a new connection: [Errno -2] Name or service not known',))
HTTPConnectionPool(host='www.dieei.unict.itcorsi', port=80): Max retries exceeded with url: /lm-32 (Caused by NewConnectionError('<urllib3.connection.HTTPConnection object at 0x7f6ddd0b4438>: Failed to establish a new connection: [Errno -2] Name or service not known',))
HTTPConnectionPool(host='www.dieei.unict.itcorsi', port=80): Max retries exceeded with url: /l-8-ele (Caused by NewConnectionError('<urllib3.connection.HTTPConnection object at 0x7f6ddd07b048>: Failed to establish a new connection: [Errno -2] Name or service not known',))
HTTPConnectionPool(host='www.dieei.unict.itcorsi', port=80): Max retries exceeded with url: /l-9 (Caused by NewConnectionError('<urllib3.connection.HTTPConnection object at 0x7f6ddd07b748>: Failed to establish a new connection: [Errno -2] Name or service not known',))
HTTPConnectionPool(host='www.dieei.unict.itcorsi', port=80): Max retries exceeded with url: /l-8-inf (Caused by NewConnectionError('<urllib3.connection.HTTPConnection object at 0x7f6ddd07b048>: Failed to establish a new connection: [Errno -2] Name or service not known',))
HTTPConnectionPool(host='www.dieei.unict.itcorsi', port=80): Max retries exceeded with url: /lm-25 (Caused by NewConnectionError('<urllib3.connection.HTTPConnection object at 0x7f6ddd07b748>: Failed to establish a new connection: [Errno -2] Name or service not known',))
HTTPConnectionPool(host='www.dieei.unict.itcorsi', port=80): Max retries exceeded with url: /lm-28 (Caused by NewConnectionError('<urllib3.connection.HTTPConnection object at 0x7f6ddd07b048>: Failed to establish a new connection: [Errno -2] Name or service not known',))
HTTPConnectionPool(host='www.dieei.unict.itcorsi', port=80): Max retries exceeded with url: /lm-29 (Caused by NewConnectionError('<urllib3.connection.HTTPConnection object at 0x7f6dd4482668>: Failed to establish a new connection: [Errno -2] Name or service not known',))
HTTPConnectionPool(host='www.dieei.unict.itcorsi', port=80): Max retries exceeded with url: /lm-27 (Caused by NewConnectionError('<urllib3.connection.HTTPConnection object at 0x7f6ddd07bef0>: Failed to establish a new connection: [Errno -2] Name or service not known',))
HTTPConnectionPool(host='www.dieei.unict.itcorsi', port=80): Max retries exceeded with url: /lm-32 (Caused by NewConnectionError('<urllib3.connection.HTTPConnection object at 0x7f6ddd07b828>: Failed to establish a new connection: [Errno -2] Name or service not known',))
HTTPConnectionPool(host='web.dmi.unict.itcorsi', port=80): Max retries exceeded with url: /l-31 (Caused by NewConnectionError('<urllib3.connection.HTTPConnection object at 0x7f8dd77d6320>: Failed to establish a new connection: [Errno -2] Name or service not known',))
HTTPConnectionPool(host='web.dmi.unict.itcorsi', port=80): Max retries exceeded with url: /l-35 (Caused by NewConnectionError('<urllib3.connection.HTTPConnection object at 0x7f8dd77d6390>: Failed to establish a new connection: [Errno -2] Name or service not known',))
HTTPConnectionPool(host='web.dmi.unict.itcorsi', port=80): Max retries exceeded with url: /lm-18 (Caused by NewConnectionError('<urllib3.connection.HTTPConnection object at 0x7f8dd77d62e8>: Failed to establish a new connection: [Errno -2] Name or service not known',))
HTTPConnectionPool(host='web.dmi.unict.itcorsi', port=80): Max retries exceeded with url: /lm-40 (Caused by NewConnectionError('<urllib3.connection.HTTPConnection object at 0x7f8dd77d6320>: Failed to establish a new connection: [Errno -2] Name or service not known',))
'NoneType' object has no attribute 'find_all'
HTTPConnectionPool(host='web.dmi.unict.itcorsi', port=80): Max retries exceeded with url: /l-31 (Caused by NewConnectionError('<urllib3.connection.HTTPConnection object at 0x7f8dd77ba9e8>: Failed to establish a new connection: [Errno -2] Name or service not known',))
HTTPConnectionPool(host='web.dmi.unict.itcorsi', port=80): Max retries exceeded with url: /l-35 (Caused by NewConnectionError('<urllib3.connection.HTTPConnection object at 0x7f8dd77bac88>: Failed to establish a new connection: [Errno -2] Name or service not known',))
HTTPConnectionPool(host='web.dmi.unict.itcorsi', port=80): Max retries exceeded with url: /lm-18 (Caused by NewConnectionError('<urllib3.connection.HTTPConnection object at 0x7f8dd77ba7b8>: Failed to establish a new connection: [Errno -2] Name or service not known',))
HTTPConnectionPool(host='web.dmi.unict.itcorsi', port=80): Max retries exceeded with url: /lm-40 (Caused by NewConnectionError('<urllib3.connection.HTTPConnection object at 0x7f8dd77ba9e8>: Failed to establish a new connection: [Errno -2] Name or service not known',))
'NoneType' object has no attribute 'find_all'
HTTPConnectionPool(host='www.dieei.unict.itcorsi', port=80): Max retries exceeded with url: /l-8-ele (Caused by NewConnectionError('<urllib3.connection.HTTPConnection object at 0x7f8dd75dde10>: Failed to establish a new connection: [Errno -2] Name or service not known',))
HTTPConnectionPool(host='www.dieei.unict.itcorsi', port=80): Max retries exceeded with url: /l-9 (Caused by NewConnectionError('<urllib3.connection.HTTPConnection object at 0x7f8dd74a2358>: Failed to establish a new connection: [Errno -2] Name or service not known',))
HTTPConnectionPool(host='www.dieei.unict.itcorsi', port=80): Max retries exceeded with url: /l-8-inf (Caused by NewConnectionError('<urllib3.connection.HTTPConnection object at 0x7f8df401d470>: Failed to establish a new connection: [Errno -2] Name or service not known',))
HTTPConnectionPool(host='www.dieei.unict.itcorsi', port=80): Max retries exceeded with url: /lm-25 (Caused by NewConnectionError('<urllib3.connection.HTTPConnection object at 0x7f8dd7624240>: Failed to establish a new connection: [Errno -2] Name or service not known',))
HTTPConnectionPool(host='www.dieei.unict.itcorsi', port=80): Max retries exceeded with url: /lm-28 (Caused by NewConnectionError('<urllib3.connection.HTTPConnection object at 0x7f8dd77f9b70>: Failed to establish a new connection: [Errno -2] Name or service not known',))
HTTPConnectionPool(host='www.dieei.unict.itcorsi', port=80): Max retries exceeded with url: /lm-29 (Caused by NewConnectionError('<urllib3.connection.HTTPConnection object at 0x7f8dd77f9e48>: Failed to establish a new connection: [Errno -2] Name or service not known',))
HTTPConnectionPool(host='www.dieei.unict.itcorsi', port=80): Max retries exceeded with url: /lm-27 (Caused by NewConnectionError('<urllib3.connection.HTTPConnection object at 0x7f8dd77f92e8>: Failed to establish a new connection: [Errno -2] Name or service not known',))
HTTPConnectionPool(host='www.dieei.unict.itcorsi', port=80): Max retries exceeded with url: /lm-32 (Caused by NewConnectionError('<urllib3.connection.HTTPConnection object at 0x7f8dd77f94a8>: Failed to establish a new connection: [Errno -2] Name or service not known',))
HTTPConnectionPool(host='www.dieei.unict.itcorsi', port=80): Max retries exceeded with url: /l-8-ele (Caused by NewConnectionError('<urllib3.connection.HTTPConnection object at 0x7f8dd74268d0>: Failed to establish a new connection: [Errno -2] Name or service not known',))
HTTPConnectionPool(host='www.dieei.unict.itcorsi', port=80): Max retries exceeded with url: /l-9 (Caused by NewConnectionError('<urllib3.connection.HTTPConnection object at 0x7f8dd74262b0>: Failed to establish a new connection: [Errno -2] Name or service not known',))
HTTPConnectionPool(host='www.dieei.unict.itcorsi', port=80): Max retries exceeded with url: /l-8-inf (Caused by NewConnectionError('<urllib3.connection.HTTPConnection object at 0x7f8dd76b7828>: Failed to establish a new connection: [Errno -2] Name or service not known',))
HTTPConnectionPool(host='www.dieei.unict.itcorsi', port=80): Max retries exceeded with url: /lm-25 (Caused by NewConnectionError('<urllib3.connection.HTTPConnection object at 0x7f8dd76b7898>: Failed to establish a new connection: [Errno -2] Name or service not known',))
HTTPConnectionPool(host='www.dieei.unict.itcorsi', port=80): Max retries exceeded with url: /lm-28 (Caused by NewConnectionError('<urllib3.connection.HTTPConnection object at 0x7f8dd74262b0>: Failed to establish a new connection: [Errno -2] Name or service not known',))
HTTPConnectionPool(host='www.dieei.unict.itcorsi', port=80): Max retries exceeded with url: /lm-29 (Caused by NewConnectionError('<urllib3.connection.HTTPConnection object at 0x7f8dd7426630>: Failed to establish a new connection: [Errno -2] Name or service not known',))
HTTPConnectionPool(host='www.dieei.unict.itcorsi', port=80): Max retries exceeded with url: /lm-27 (Caused by NewConnectionError('<urllib3.connection.HTTPConnection object at 0x7f8dd74262b0>: Failed to establish a new connection: [Errno -2] Name or service not known',))
HTTPConnectionPool(host='www.dieei.unict.itcorsi', port=80): Max retries exceeded with url: /lm-32 (Caused by NewConnectionError('<urllib3.connection.HTTPConnection object at 0x7f8df7f37dd8>: Failed to establish a new connection: [Errno -2] Name or service not known',))
HTTPConnectionPool(host='web.dmi.unict.itcorsi', port=80): Max retries exceeded with url: /l-31 (Caused by NewConnectionError('<urllib3.connection.HTTPConnection object at 0x7f4dac593588>: Failed to establish a new connection: [Errno -2] Name or service not known',))
HTTPConnectionPool(host='web.dmi.unict.itcorsi', port=80): Max retries exceeded with url: /l-35 (Caused by NewConnectionError('<urllib3.connection.HTTPConnection object at 0x7f4dac593630>: Failed to establish a new connection: [Errno -2] Name or service not known',))
HTTPConnectionPool(host='web.dmi.unict.itcorsi', port=80): Max retries exceeded with url: /lm-18 (Caused by NewConnectionError('<urllib3.connection.HTTPConnection object at 0x7f4dac593588>: Failed to establish a new connection: [Errno -2] Name or service not known',))
HTTPConnectionPool(host='web.dmi.unict.itcorsi', port=80): Max retries exceeded with url: /lm-40 (Caused by NewConnectionError('<urllib3.connection.HTTPConnection object at 0x7f4dac593400>: Failed to establish a new connection: [Errno -2] Name or service not known',))
'NoneType' object has no attribute 'find_all'
HTTPConnectionPool(host='web.dmi.unict.itcorsi', port=80): Max retries exceeded with url: /l-31 (Caused by NewConnectionError('<urllib3.connection.HTTPConnection object at 0x7f4dac44d5c0>: Failed to establish a new connection: [Errno -2] Name or service not known',))
HTTPConnectionPool(host='web.dmi.unict.itcorsi', port=80): Max retries exceeded with url: /l-35 (Caused by NewConnectionError('<urllib3.connection.HTTPConnection object at 0x7f4dac44d550>: Failed to establish a new connection: [Errno -2] Name or service not known',))
HTTPConnectionPool(host='web.dmi.unict.itcorsi', port=80): Max retries exceeded with url: /lm-18 (Caused by NewConnectionError('<urllib3.connection.HTTPConnection object at 0x7f4dac44d5c0>: Failed to establish a new connection: [Errno -2] Name or service not known',))
HTTPConnectionPool(host='web.dmi.unict.itcorsi', port=80): Max retries exceeded with url: /lm-40 (Caused by NewConnectionError('<urllib3.connection.HTTPConnection object at 0x7f4dac44d550>: Failed to establish a new connection: [Errno -2] Name or service not known',))
'NoneType' object has no attribute 'find_all'
HTTPConnectionPool(host='www.dieei.unict.itcorsi', port=80): Max retries exceeded with url: /l-8-ele (Caused by NewConnectionError('<urllib3.connection.HTTPConnection object at 0x7f4dac28c278>: Failed to establish a new connection: [Errno -2] Name or service not known',))
HTTPConnectionPool(host='www.dieei.unict.itcorsi', port=80): Max retries exceeded with url: /l-9 (Caused by NewConnectionError('<urllib3.connection.HTTPConnection object at 0x7f4dac111be0>: Failed to establish a new connection: [Errno -2] Name or service not known',))
HTTPConnectionPool(host='www.dieei.unict.itcorsi', port=80): Max retries exceeded with url: /l-8-inf (Caused by NewConnectionError('<urllib3.connection.HTTPConnection object at 0x7f4dac111f28>: Failed to establish a new connection: [Errno -2] Name or service not known',))
HTTPConnectionPool(host='www.dieei.unict.itcorsi', port=80): Max retries exceeded with url: /lm-25 (Caused by NewConnectionError('<urllib3.connection.HTTPConnection object at 0x7f4dac111b00>: Failed to establish a new connection: [Errno -2] Name or service not known',))
HTTPConnectionPool(host='www.dieei.unict.itcorsi', port=80): Max retries exceeded with url: /lm-28 (Caused by NewConnectionError('<urllib3.connection.HTTPConnection object at 0x7f4dac111fd0>: Failed to establish a new connection: [Errno -2] Name or service not known',))
HTTPConnectionPool(host='www.dieei.unict.itcorsi', port=80): Max retries exceeded with url: /lm-29 (Caused by NewConnectionError('<urllib3.connection.HTTPConnection object at 0x7f4dac111a58>: Failed to establish a new connection: [Errno -2] Name or service not known',))
HTTPConnectionPool(host='www.dieei.unict.itcorsi', port=80): Max retries exceeded with url: /lm-27 (Caused by NewConnectionError('<urllib3.connection.HTTPConnection object at 0x7f4dac111b00>: Failed to establish a new connection: [Errno -2] Name or service not known',))
HTTPConnectionPool(host='www.dieei.unict.itcorsi', port=80): Max retries exceeded with url: /lm-32 (Caused by NewConnectionError('<urllib3.connection.HTTPConnection object at 0x7f4dac111fd0>: Failed to establish a new connection: [Errno -2] Name or service not known',))
HTTPConnectionPool(host='www.dieei.unict.itcorsi', port=80): Max retries exceeded with url: /l-8-ele (Caused by NewConnectionError('<urllib3.connection.HTTPConnection object at 0x7f4dac590a20>: Failed to establish a new connection: [Errno -2] Name or service not known',))
HTTPConnectionPool(host='www.dieei.unict.itcorsi', port=80): Max retries exceeded with url: /l-9 (Caused by NewConnectionError('<urllib3.connection.HTTPConnection object at 0x7f4dac590898>: Failed to establish a new connection: [Errno -2] Name or service not known',))
HTTPConnectionPool(host='www.dieei.unict.itcorsi', port=80): Max retries exceeded with url: /l-8-inf (Caused by NewConnectionError('<urllib3.connection.HTTPConnection object at 0x7f4dac590588>: Failed to establish a new connection: [Errno -2] Name or service not known',))
HTTPConnectionPool(host='www.dieei.unict.itcorsi', port=80): Max retries exceeded with url: /lm-25 (Caused by NewConnectionError('<urllib3.connection.HTTPConnection object at 0x7f4dac5900b8>: Failed to establish a new connection: [Errno -2] Name or service not known',))
HTTPConnectionPool(host='www.dieei.unict.itcorsi', port=80): Max retries exceeded with url: /lm-28 (Caused by NewConnectionError('<urllib3.connection.HTTPConnection object at 0x7f4dac0996d8>: Failed to establish a new connection: [Errno -2] Name or service not known',))
HTTPConnectionPool(host='www.dieei.unict.itcorsi', port=80): Max retries exceeded with url: /lm-29 (Caused by NewConnectionError('<urllib3.connection.HTTPConnection object at 0x7f4dac099940>: Failed to establish a new connection: [Errno -2] Name or service not known',))
HTTPConnectionPool(host='www.dieei.unict.itcorsi', port=80): Max retries exceeded with url: /lm-27 (Caused by NewConnectionError('<urllib3.connection.HTTPConnection object at 0x7f4dac590b00>: Failed to establish a new connection: [Errno -2] Name or service not known',))
HTTPConnectionPool(host='www.dieei.unict.itcorsi', port=80): Max retries exceeded with url: /lm-32 (Caused by NewConnectionError('<urllib3.connection.HTTPConnection object at 0x7f4dac5904e0>: Failed to establish a new connection: [Errno -2] Name or service not known',))
HTTPConnectionPool(host='web.dmi.unict.itcorsi', port=80): Max retries exceeded with url: /l-31 (Caused by NewConnectionError('<urllib3.connection.HTTPConnection object at 0x7fad1c1b2550>: Failed to establish a new connection: [Errno -2] Name or service not known',))
HTTPConnectionPool(host='web.dmi.unict.itcorsi', port=80): Max retries exceeded with url: /l-35 (Caused by NewConnectionError('<urllib3.connection.HTTPConnection object at 0x7fad1c1b24e0>: Failed to establish a new connection: [Errno -2] Name or service not known',))
HTTPConnectionPool(host='web.dmi.unict.itcorsi', port=80): Max retries exceeded with url: /lm-18 (Caused by NewConnectionError('<urllib3.connection.HTTPConnection object at 0x7fad1c1b2550>: Failed to establish a new connection: [Errno -2] Name or service not known',))
HTTPConnectionPool(host='web.dmi.unict.itcorsi', port=80): Max retries exceeded with url: /lm-40 (Caused by NewConnectionError('<urllib3.connection.HTTPConnection object at 0x7fad1c1b2588>: Failed to establish a new connection: [Errno -2] Name or service not known',))
'NoneType' object has no attribute 'find_all'
HTTPConnectionPool(host='web.dmi.unict.itcorsi', port=80): Max retries exceeded with url: /l-31 (Caused by NewConnectionError('<urllib3.connection.HTTPConnection object at 0x7fad1c062ac8>: Failed to establish a new connection: [Errno -2] Name or service not known',))
HTTPConnectionPool(host='web.dmi.unict.itcorsi', port=80): Max retries exceeded with url: /l-35 (Caused by NewConnectionError('<urllib3.connection.HTTPConnection object at 0x7fad1c062b38>: Failed to establish a new connection: [Errno -2] Name or service not known',))
HTTPConnectionPool(host='web.dmi.unict.itcorsi', port=80): Max retries exceeded with url: /lm-18 (Caused by NewConnectionError('<urllib3.connection.HTTPConnection object at 0x7fad1c062ac8>: Failed to establish a new connection: [Errno -2] Name or service not known',))
HTTPConnectionPool(host='web.dmi.unict.itcorsi', port=80): Max retries exceeded with url: /lm-40 (Caused by NewConnectionError('<urllib3.connection.HTTPConnection object at 0x7fad1c062b38>: Failed to establish a new connection: [Errno -2] Name or service not known',))
'NoneType' object has no attribute 'find_all'
HTTPConnectionPool(host='www.dieei.unict.itcorsi', port=80): Max retries exceeded with url: /l-8-ele (Caused by NewConnectionError('<urllib3.connection.HTTPConnection object at 0x7fad1c1502e8>: Failed to establish a new connection: [Errno -2] Name or service not known',))
HTTPConnectionPool(host='www.dieei.unict.itcorsi', port=80): Max retries exceeded with url: /l-9 (Caused by NewConnectionError('<urllib3.connection.HTTPConnection object at 0x7fad1f899198>: Failed to establish a new connection: [Errno -2] Name or service not known',))
HTTPConnectionPool(host='www.dieei.unict.itcorsi', port=80): Max retries exceeded with url: /l-8-inf (Caused by NewConnectionError('<urllib3.connection.HTTPConnection object at 0x7fad1f899198>: Failed to establish a new connection: [Errno -2] Name or service not known',))
HTTPConnectionPool(host='www.dieei.unict.itcorsi', port=80): Max retries exceeded with url: /lm-25 (Caused by NewConnectionError('<urllib3.connection.HTTPConnection object at 0x7fad1f8998d0>: Failed to establish a new connection: [Errno -2] Name or service not known',))
HTTPConnectionPool(host='www.dieei.unict.itcorsi', port=80): Max retries exceeded with url: /lm-28 (Caused by NewConnectionError('<urllib3.connection.HTTPConnection object at 0x7fad1f8997f0>: Failed to establish a new connection: [Errno -2] Name or service not known',))
HTTPConnectionPool(host='www.dieei.unict.itcorsi', port=80): Max retries exceeded with url: /lm-29 (Caused by NewConnectionError('<urllib3.connection.HTTPConnection object at 0x7fad1f8997b8>: Failed to establish a new connection: [Errno -2] Name or service not known',))
HTTPConnectionPool(host='www.dieei.unict.itcorsi', port=80): Max retries exceeded with url: /lm-27 (Caused by NewConnectionError('<urllib3.connection.HTTPConnection object at 0x7fad1f8993c8>: Failed to establish a new connection: [Errno -2] Name or service not known',))
HTTPConnectionPool(host='www.dieei.unict.itcorsi', port=80): Max retries exceeded with url: /lm-32 (Caused by NewConnectionError('<urllib3.connection.HTTPConnection object at 0x7fad1f8997f0>: Failed to establish a new connection: [Errno -2] Name or service not known',))
HTTPConnectionPool(host='www.dieei.unict.itcorsi', port=80): Max retries exceeded with url: /l-8-ele (Caused by NewConnectionError('<urllib3.connection.HTTPConnection object at 0x7fad06e42b38>: Failed to establish a new connection: [Errno -2] Name or service not known',))
HTTPConnectionPool(host='www.dieei.unict.itcorsi', port=80): Max retries exceeded with url: /l-9 (Caused by NewConnectionError('<urllib3.connection.HTTPConnection object at 0x7fad06e42be0>: Failed to establish a new connection: [Errno -2] Name or service not known',))
HTTPConnectionPool(host='www.dieei.unict.itcorsi', port=80): Max retries exceeded with url: /l-8-inf (Caused by NewConnectionError('<urllib3.connection.HTTPConnection object at 0x7fad06e42e48>: Failed to establish a new connection: [Errno -2] Name or service not known',))
HTTPConnectionPool(host='www.dieei.unict.itcorsi', port=80): Max retries exceeded with url: /lm-25 (Caused by NewConnectionError('<urllib3.connection.HTTPConnection object at 0x7fad06e42f28>: Failed to establish a new connection: [Errno -2] Name or service not known',))
HTTPConnectionPool(host='www.dieei.unict.itcorsi', port=80): Max retries exceeded with url: /lm-28 (Caused by NewConnectionError('<urllib3.connection.HTTPConnection object at 0x7fad06e42fd0>: Failed to establish a new connection: [Errno -2] Name or service not known',))
HTTPConnectionPool(host='www.dieei.unict.itcorsi', port=80): Max retries exceeded with url: /lm-29 (Caused by NewConnectionError('<urllib3.connection.HTTPConnection object at 0x7fad06e42c18>: Failed to establish a new connection: [Errno -2] Name or service not known',))
HTTPConnectionPool(host='www.dieei.unict.itcorsi', port=80): Max retries exceeded with url: /lm-27 (Caused by NewConnectionError('<urllib3.connection.HTTPConnection object at 0x7fad06e42fd0>: Failed to establish a new connection: [Errno -2] Name or service not known',))
HTTPConnectionPool(host='www.dieei.unict.itcorsi', port=80): Max retries exceeded with url: /lm-32 (Caused by NewConnectionError('<urllib3.connection.HTTPConnection object at 0x7fad06e42c18>: Failed to establish a new connection: [Errno -2] Name or service not known',))
HTTPConnectionPool(host='web.dmi.unict.itcorsi', port=80): Max retries exceeded with url: /l-31 (Caused by NewConnectionError('<urllib3.connection.HTTPConnection object at 0x7f57603ac550>: Failed to establish a new connection: [Errno -2] Name or service not known',))
HTTPConnectionPool(host='web.dmi.unict.itcorsi', port=80): Max retries exceeded with url: /l-35 (Caused by NewConnectionError('<urllib3.connection.HTTPConnection object at 0x7f57603ac5f8>: Failed to establish a new connection: [Errno -2] Name or service not known',))
HTTPConnectionPool(host='web.dmi.unict.itcorsi', port=80): Max retries exceeded with url: /lm-18 (Caused by NewConnectionError('<urllib3.connection.HTTPConnection object at 0x7f57603ac2b0>: Failed to establish a new connection: [Errno -2] Name or service not known',))
HTTPConnectionPool(host='web.dmi.unict.itcorsi', port=80): Max retries exceeded with url: /lm-40 (Caused by NewConnectionError('<urllib3.connection.HTTPConnection object at 0x7f57603ac2e8>: Failed to establish a new connection: [Errno -2] Name or service not known',))
'NoneType' object has no attribute 'find_all'
HTTPConnectionPool(host='web.dmi.unict.itcorsi', port=80): Max retries exceeded with url: /l-31 (Caused by NewConnectionError('<urllib3.connection.HTTPConnection object at 0x7f5760259588>: Failed to establish a new connection: [Errno -2] Name or service not known',))
HTTPConnectionPool(host='web.dmi.unict.itcorsi', port=80): Max retries exceeded with url: /l-35 (Caused by NewConnectionError('<urllib3.connection.HTTPConnection object at 0x7f5760259588>: Failed to establish a new connection: [Errno -2] Name or service not known',))
HTTPConnectionPool(host='web.dmi.unict.itcorsi', port=80): Max retries exceeded with url: /lm-18 (Caused by NewConnectionError('<urllib3.connection.HTTPConnection object at 0x7f5760259588>: Failed to establish a new connection: [Errno -2] Name or service not known',))
HTTPConnectionPool(host='web.dmi.unict.itcorsi', port=80): Max retries exceeded with url: /lm-40 (Caused by NewConnectionError('<urllib3.connection.HTTPConnection object at 0x7f5760259588>: Failed to establish a new connection: [Errno -2] Name or service not known',))
'NoneType' object has no attribute 'find_all'
HTTPConnectionPool(host='www.dieei.unict.itcorsi', port=80): Max retries exceeded with url: /l-8-ele (Caused by NewConnectionError('<urllib3.connection.HTTPConnection object at 0x7f57601aa320>: Failed to establish a new connection: [Errno -2] Name or service not known',))
HTTPConnectionPool(host='www.dieei.unict.itcorsi', port=80): Max retries exceeded with url: /l-9 (Caused by NewConnectionError('<urllib3.connection.HTTPConnection object at 0x7f57603f09e8>: Failed to establish a new connection: [Errno -2] Name or service not known',))
HTTPConnectionPool(host='www.dieei.unict.itcorsi', port=80): Max retries exceeded with url: /l-8-inf (Caused by NewConnectionError('<urllib3.connection.HTTPConnection object at 0x7f57603f09e8>: Failed to establish a new connection: [Errno -2] Name or service not known',))
HTTPConnectionPool(host='www.dieei.unict.itcorsi', port=80): Max retries exceeded with url: /lm-25 (Caused by NewConnectionError('<urllib3.connection.HTTPConnection object at 0x7f57603f0978>: Failed to establish a new connection: [Errno -2] Name or service not known',))
HTTPConnectionPool(host='www.dieei.unict.itcorsi', port=80): Max retries exceeded with url: /lm-28 (Caused by NewConnectionError('<urllib3.connection.HTTPConnection object at 0x7f57603f0e48>: Failed to establish a new connection: [Errno -2] Name or service not known',))
HTTPConnectionPool(host='www.dieei.unict.itcorsi', port=80): Max retries exceeded with url: /lm-29 (Caused by NewConnectionError('<urllib3.connection.HTTPConnection object at 0x7f57603f03c8>: Failed to establish a new connection: [Errno -2] Name or service not known',))
HTTPConnectionPool(host='www.dieei.unict.itcorsi', port=80): Max retries exceeded with url: /lm-27 (Caused by NewConnectionError('<urllib3.connection.HTTPConnection object at 0x7f57603f07f0>: Failed to establish a new connection: [Errno -2] Name or service not known',))
HTTPConnectionPool(host='www.dieei.unict.itcorsi', port=80): Max retries exceeded with url: /lm-32 (Caused by NewConnectionError('<urllib3.connection.HTTPConnection object at 0x7f57603f0b00>: Failed to establish a new connection: [Errno -2] Name or service not known',))
HTTPConnectionPool(host='www.dieei.unict.itcorsi', port=80): Max retries exceeded with url: /l-8-ele (Caused by NewConnectionError('<urllib3.connection.HTTPConnection object at 0x7f5758ec1c88>: Failed to establish a new connection: [Errno -2] Name or service not known',))
HTTPConnectionPool(host='www.dieei.unict.itcorsi', port=80): Max retries exceeded with url: /l-9 (Caused by NewConnectionError('<urllib3.connection.HTTPConnection object at 0x7f5760126710>: Failed to establish a new connection: [Errno -2] Name or service not known',))
HTTPConnectionPool(host='www.dieei.unict.itcorsi', port=80): Max retries exceeded with url: /l-8-inf (Caused by NewConnectionError('<urllib3.connection.HTTPConnection object at 0x7f57601266a0>: Failed to establish a new connection: [Errno -2] Name or service not known',))
HTTPConnectionPool(host='www.dieei.unict.itcorsi', port=80): Max retries exceeded with url: /lm-25 (Caused by NewConnectionError('<urllib3.connection.HTTPConnection object at 0x7f57601264a8>: Failed to establish a new connection: [Errno -2] Name or service not known',))
HTTPConnectionPool(host='www.dieei.unict.itcorsi', port=80): Max retries exceeded with url: /lm-28 (Caused by NewConnectionError('<urllib3.connection.HTTPConnection object at 0x7f5760397160>: Failed to establish a new connection: [Errno -2] Name or service not known',))
HTTPConnectionPool(host='www.dieei.unict.itcorsi', port=80): Max retries exceeded with url: /lm-29 (Caused by NewConnectionError('<urllib3.connection.HTTPConnection object at 0x7f57603970f0>: Failed to establish a new connection: [Errno -2] Name or service not known',))
HTTPConnectionPool(host='www.dieei.unict.itcorsi', port=80): Max retries exceeded with url: /lm-27 (Caused by NewConnectionError('<urllib3.connection.HTTPConnection object at 0x7f5758eb5748>: Failed to establish a new connection: [Errno -2] Name or service not known',))
HTTPConnectionPool(host='www.dieei.unict.itcorsi', port=80): Max retries exceeded with url: /lm-32 (Caused by NewConnectionError('<urllib3.connection.HTTPConnection object at 0x7f5758eb5668>: Failed to establish a new connection: [Errno -2] Name or service not known',))
HTTPConnectionPool(host='web.dmi.unict.itcorsi', port=80): Max retries exceeded with url: /l-31 (Caused by NewConnectionError('<urllib3.connection.HTTPConnection object at 0x7fadea79a2e8>: Failed to establish a new connection: [Errno -2] Name or service not known',))
HTTPConnectionPool(host='web.dmi.unict.itcorsi', port=80): Max retries exceeded with url: /l-35 (Caused by NewConnectionError('<urllib3.connection.HTTPConnection object at 0x7fadea79a358>: Failed to establish a new connection: [Errno -2] Name or service not known',))
HTTPConnectionPool(host='web.dmi.unict.itcorsi', port=80): Max retries exceeded with url: /lm-18 (Caused by NewConnectionError('<urllib3.connection.HTTPConnection object at 0x7fadea79a2b0>: Failed to establish a new connection: [Errno -2] Name or service not known',))
HTTPConnectionPool(host='web.dmi.unict.itcorsi', port=80): Max retries exceeded with url: /lm-40 (Caused by NewConnectionError('<urllib3.connection.HTTPConnection object at 0x7fadea79a2e8>: Failed to establish a new connection: [Errno -2] Name or service not known',))
'NoneType' object has no attribute 'find_all'
HTTPConnectionPool(host='web.dmi.unict.itcorsi', port=80): Max retries exceeded with url: /l-31 (Caused by NewConnectionError('<urllib3.connection.HTTPConnection object at 0x7fadea648a20>: Failed to establish a new connection: [Errno -2] Name or service not known',))
HTTPConnectionPool(host='web.dmi.unict.itcorsi', port=80): Max retries exceeded with url: /l-35 (Caused by NewConnectionError('<urllib3.connection.HTTPConnection object at 0x7fadea648ba8>: Failed to establish a new connection: [Errno -2] Name or service not known',))
HTTPConnectionPool(host='web.dmi.unict.itcorsi', port=80): Max retries exceeded with url: /lm-18 (Caused by NewConnectionError('<urllib3.connection.HTTPConnection object at 0x7fadea648a58>: Failed to establish a new connection: [Errno -2] Name or service not known',))
HTTPConnectionPool(host='web.dmi.unict.itcorsi', port=80): Max retries exceeded with url: /lm-40 (Caused by NewConnectionError('<urllib3.connection.HTTPConnection object at 0x7fadea648a20>: Failed to establish a new connection: [Errno -2] Name or service not known',))
'NoneType' object has no attribute 'find_all'
HTTPConnectionPool(host='www.dieei.unict.itcorsi', port=80): Max retries exceeded with url: /l-8-ele (Caused by NewConnectionError('<urllib3.connection.HTTPConnection object at 0x7fadea721dd8>: Failed to establish a new connection: [Errno -2] Name or service not known',))
HTTPConnectionPool(host='www.dieei.unict.itcorsi', port=80): Max retries exceeded with url: /l-9 (Caused by NewConnectionError('<urllib3.connection.HTTPConnection object at 0x7fadea6ec278>: Failed to establish a new connection: [Errno -2] Name or service not known',))
HTTPConnectionPool(host='www.dieei.unict.itcorsi', port=80): Max retries exceeded with url: /l-8-inf (Caused by NewConnectionError('<urllib3.connection.HTTPConnection object at 0x7fadea6ec0f0>: Failed to establish a new connection: [Errno -2] Name or service not known',))
HTTPConnectionPool(host='www.dieei.unict.itcorsi', port=80): Max retries exceeded with url: /lm-25 (Caused by NewConnectionError('<urllib3.connection.HTTPConnection object at 0x7fae02ed3dd8>: Failed to establish a new connection: [Errno -2] Name or service not known',))
HTTPConnectionPool(host='www.dieei.unict.itcorsi', port=80): Max retries exceeded with url: /lm-28 (Caused by NewConnectionError('<urllib3.connection.HTTPConnection object at 0x7fae02ed3048>: Failed to establish a new connection: [Errno -2] Name or service not known',))
HTTPConnectionPool(host='www.dieei.unict.itcorsi', port=80): Max retries exceeded with url: /lm-29 (Caused by NewConnectionError('<urllib3.connection.HTTPConnection object at 0x7fae02ed3c88>: Failed to establish a new connection: [Errno -2] Name or service not known',))
HTTPConnectionPool(host='www.dieei.unict.itcorsi', port=80): Max retries exceeded with url: /lm-27 (Caused by NewConnectionError('<urllib3.connection.HTTPConnection object at 0x7fae02ed3160>: Failed to establish a new connection: [Errno -2] Name or service not known',))
HTTPConnectionPool(host='www.dieei.unict.itcorsi', port=80): Max retries exceeded with url: /lm-32 (Caused by NewConnectionError('<urllib3.connection.HTTPConnection object at 0x7fae02ed3dd8>: Failed to establish a new connection: [Errno -2] Name or service not known',))
HTTPConnectionPool(host='www.dieei.unict.itcorsi', port=80): Max retries exceeded with url: /l-8-ele (Caused by NewConnectionError('<urllib3.connection.HTTPConnection object at 0x7fadea2d17b8>: Failed to establish a new connection: [Errno -2] Name or service not known',))
HTTPConnectionPool(host='www.dieei.unict.itcorsi', port=80): Max retries exceeded with url: /l-9 (Caused by NewConnectionError('<urllib3.connection.HTTPConnection object at 0x7fadea2d1208>: Failed to establish a new connection: [Errno -2] Name or service not known',))
HTTPConnectionPool(host='www.dieei.unict.itcorsi', port=80): Max retries exceeded with url: /l-8-inf (Caused by NewConnectionError('<urllib3.connection.HTTPConnection object at 0x7fadea2d1320>: Failed to establish a new connection: [Errno -2] Name or service not known',))
HTTPConnectionPool(host='www.dieei.unict.itcorsi', port=80): Max retries exceeded with url: /lm-25 (Caused by NewConnectionError('<urllib3.connection.HTTPConnection object at 0x7fadea2d13c8>: Failed to establish a new connection: [Errno -2] Name or service not known',))
HTTPConnectionPool(host='www.dieei.unict.itcorsi', port=80): Max retries exceeded with url: /lm-28 (Caused by NewConnectionError('<urllib3.connection.HTTPConnection object at 0x7fadea2d12e8>: Failed to establish a new connection: [Errno -2] Name or service not known',))
HTTPConnectionPool(host='www.dieei.unict.itcorsi', port=80): Max retries exceeded with url: /lm-29 (Caused by NewConnectionError('<urllib3.connection.HTTPConnection object at 0x7fadea4fa358>: Failed to establish a new connection: [Errno -2] Name or service not known',))
HTTPConnectionPool(host='www.dieei.unict.itcorsi', port=80): Max retries exceeded with url: /lm-27 (Caused by NewConnectionError('<urllib3.connection.HTTPConnection object at 0x7fadea2d13c8>: Failed to establish a new connection: [Errno -2] Name or service not known',))
HTTPConnectionPool(host='www.dieei.unict.itcorsi', port=80): Max retries exceeded with url: /lm-32 (Caused by NewConnectionError('<urllib3.connection.HTTPConnection object at 0x7fadea2d1198>: Failed to establish a new connection: [Errno -2] Name or service not known',))
HTTPConnectionPool(host='web.dmi.unict.itcorsi', port=80): Max retries exceeded with url: /l-31 (Caused by NewConnectionError('<urllib3.connection.HTTPConnection object at 0x7fcdd816c518>: Failed to establish a new connection: [Errno -2] Name or service not known',))
HTTPConnectionPool(host='web.dmi.unict.itcorsi', port=80): Max retries exceeded with url: /l-35 (Caused by NewConnectionError('<urllib3.connection.HTTPConnection object at 0x7fcdd816c5c0>: Failed to establish a new connection: [Errno -2] Name or service not known',))
HTTPConnectionPool(host='web.dmi.unict.itcorsi', port=80): Max retries exceeded with url: /lm-18 (Caused by NewConnectionError('<urllib3.connection.HTTPConnection object at 0x7fcdd816c518>: Failed to establish a new connection: [Errno -2] Name or service not known',))
HTTPConnectionPool(host='web.dmi.unict.itcorsi', port=80): Max retries exceeded with url: /lm-40 (Caused by NewConnectionError('<urllib3.connection.HTTPConnection object at 0x7fcdd816c390>: Failed to establish a new connection: [Errno -2] Name or service not known',))
'NoneType' object has no attribute 'find_all'
HTTPConnectionPool(host='web.dmi.unict.itcorsi', port=80): Max retries exceeded with url: /l-31 (Caused by NewConnectionError('<urllib3.connection.HTTPConnection object at 0x7fcdd8129b00>: Failed to establish a new connection: [Errno -2] Name or service not known',))
HTTPConnectionPool(host='web.dmi.unict.itcorsi', port=80): Max retries exceeded with url: /l-35 (Caused by NewConnectionError('<urllib3.connection.HTTPConnection object at 0x7fcdd8129c88>: Failed to establish a new connection: [Errno -2] Name or service not known',))
HTTPConnectionPool(host='web.dmi.unict.itcorsi', port=80): Max retries exceeded with url: /lm-18 (Caused by NewConnectionError('<urllib3.connection.HTTPConnection object at 0x7fcdd8129f60>: Failed to establish a new connection: [Errno -2] Name or service not known',))
HTTPConnectionPool(host='web.dmi.unict.itcorsi', port=80): Max retries exceeded with url: /lm-40 (Caused by NewConnectionError('<urllib3.connection.HTTPConnection object at 0x7fcdd8129ac8>: Failed to establish a new connection: [Errno -2] Name or service not known',))
'NoneType' object has no attribute 'find_all'
HTTPConnectionPool(host='www.dieei.unict.itcorsi', port=80): Max retries exceeded with url: /l-8-ele (Caused by NewConnectionError('<urllib3.connection.HTTPConnection object at 0x7fcdda06e2e8>: Failed to establish a new connection: [Errno -2] Name or service not known',))
HTTPConnectionPool(host='www.dieei.unict.itcorsi', port=80): Max retries exceeded with url: /l-9 (Caused by NewConnectionError('<urllib3.connection.HTTPConnection object at 0x7fcdda06e198>: Failed to establish a new connection: [Errno -2] Name or service not known',))
HTTPConnectionPool(host='www.dieei.unict.itcorsi', port=80): Max retries exceeded with url: /l-8-inf (Caused by NewConnectionError('<urllib3.connection.HTTPConnection object at 0x7fcdc96f01d0>: Failed to establish a new connection: [Errno -2] Name or service not known',))
HTTPConnectionPool(host='www.dieei.unict.itcorsi', port=80): Max retries exceeded with url: /lm-25 (Caused by NewConnectionError('<urllib3.connection.HTTPConnection object at 0x7fcdc96f0198>: Failed to establish a new connection: [Errno -2] Name or service not known',))
HTTPConnectionPool(host='www.dieei.unict.itcorsi', port=80): Max retries exceeded with url: /lm-28 (Caused by NewConnectionError('<urllib3.connection.HTTPConnection object at 0x7fcdc96f03c8>: Failed to establish a new connection: [Errno -2] Name or service not known',))
HTTPConnectionPool(host='www.dieei.unict.itcorsi', port=80): Max retries exceeded with url: /lm-29 (Caused by NewConnectionError('<urllib3.connection.HTTPConnection object at 0x7fcdda0996d8>: Failed to establish a new connection: [Errno -2] Name or service not known',))
HTTPConnectionPool(host='www.dieei.unict.itcorsi', port=80): Max retries exceeded with url: /lm-27 (Caused by NewConnectionError('<urllib3.connection.HTTPConnection object at 0x7fcdda061630>: Failed to establish a new connection: [Errno -2] Name or service not known',))
HTTPConnectionPool(host='www.dieei.unict.itcorsi', port=80): Max retries exceeded with url: /lm-32 (Caused by NewConnectionError('<urllib3.connection.HTTPConnection object at 0x7fcdda061748>: Failed to establish a new connection: [Errno -2] Name or service not known',))
HTTPConnectionPool(host='www.dieei.unict.itcorsi', port=80): Max retries exceeded with url: /l-8-ele (Caused by NewConnectionError('<urllib3.connection.HTTPConnection object at 0x7fcdc95f95f8>: Failed to establish a new connection: [Errno -2] Name or service not known',))
HTTPConnectionPool(host='www.dieei.unict.itcorsi', port=80): Max retries exceeded with url: /l-9 (Caused by NewConnectionError('<urllib3.connection.HTTPConnection object at 0x7fcdc95f9630>: Failed to establish a new connection: [Errno -2] Name or service not known',))
HTTPConnectionPool(host='www.dieei.unict.itcorsi', port=80): Max retries exceeded with url: /l-8-inf (Caused by NewConnectionError('<urllib3.connection.HTTPConnection object at 0x7fcdc95f9470>: Failed to establish a new connection: [Errno -2] Name or service not known',))
HTTPConnectionPool(host='www.dieei.unict.itcorsi', port=80): Max retries exceeded with url: /lm-25 (Caused by NewConnectionError('<urllib3.connection.HTTPConnection object at 0x7fcdc95f9780>: Failed to establish a new connection: [Errno -2] Name or service not known',))
HTTPConnectionPool(host='www.dieei.unict.itcorsi', port=80): Max retries exceeded with url: /lm-28 (Caused by NewConnectionError('<urllib3.connection.HTTPConnection object at 0x7fcdc95f93c8>: Failed to establish a new connection: [Errno -2] Name or service not known',))
HTTPConnectionPool(host='www.dieei.unict.itcorsi', port=80): Max retries exceeded with url: /lm-29 (Caused by NewConnectionError('<urllib3.connection.HTTPConnection object at 0x7fcdc95f96a0>: Failed to establish a new connection: [Errno -2] Name or service not known',))
HTTPConnectionPool(host='www.dieei.unict.itcorsi', port=80): Max retries exceeded with url: /lm-27 (Caused by NewConnectionError('<urllib3.connection.HTTPConnection object at 0x7fcdc95f9550>: Failed to establish a new connection: [Errno -2] Name or service not known',))
HTTPConnectionPool(host='www.dieei.unict.itcorsi', port=80): Max retries exceeded with url: /lm-32 (Caused by NewConnectionError('<urllib3.connection.HTTPConnection object at 0x7fcdc95f95c0>: Failed to establish a new connection: [Errno -2] Name or service not known',))
HTTPConnectionPool(host='web.dmi.unict.itcorsi', port=80): Max retries exceeded with url: /l-31 (Caused by NewConnectionError('<urllib3.connection.HTTPConnection object at 0x7fd08b783d30>: Failed to establish a new connection: [Errno -2] Name or service not known',))
HTTPConnectionPool(host='web.dmi.unict.itcorsi', port=80): Max retries exceeded with url: /l-35 (Caused by NewConnectionError('<urllib3.connection.HTTPConnection object at 0x7fd08b783ba8>: Failed to establish a new connection: [Errno -2] Name or service not known',))
HTTPConnectionPool(host='web.dmi.unict.itcorsi', port=80): Max retries exceeded with url: /lm-18 (Caused by NewConnectionError('<urllib3.connection.HTTPConnection object at 0x7fd08b783a20>: Failed to establish a new connection: [Errno -2] Name or service not known',))
HTTPConnectionPool(host='web.dmi.unict.itcorsi', port=80): Max retries exceeded with url: /lm-40 (Caused by NewConnectionError('<urllib3.connection.HTTPConnection object at 0x7fd08b783ef0>: Failed to establish a new connection: [Errno -2] Name or service not known',))
'NoneType' object has no attribute 'find_all'
HTTPConnectionPool(host='web.dmi.unict.itcorsi', port=80): Max retries exceeded with url: /l-31 (Caused by NewConnectionError('<urllib3.connection.HTTPConnection object at 0x7fd08b75eb00>: Failed to establish a new connection: [Errno -2] Name or service not known',))
HTTPConnectionPool(host='web.dmi.unict.itcorsi', port=80): Max retries exceeded with url: /l-35 (Caused by NewConnectionError('<urllib3.connection.HTTPConnection object at 0x7fd08b75eb00>: Failed to establish a new connection: [Errno -2] Name or service not known',))
HTTPConnectionPool(host='web.dmi.unict.itcorsi', port=80): Max retries exceeded with url: /lm-18 (Caused by NewConnectionError('<urllib3.connection.HTTPConnection object at 0x7fd08b75eb00>: Failed to establish a new connection: [Errno -2] Name or service not known',))
HTTPConnectionPool(host='web.dmi.unict.itcorsi', port=80): Max retries exceeded with url: /lm-40 (Caused by NewConnectionError('<urllib3.connection.HTTPConnection object at 0x7fd08b75eb00>: Failed to establish a new connection: [Errno -2] Name or service not known',))
'NoneType' object has no attribute 'find_all'
HTTPConnectionPool(host='www.dieei.unict.itcorsi', port=80): Max retries exceeded with url: /l-8-ele (Caused by NewConnectionError('<urllib3.connection.HTTPConnection object at 0x7fd08b5b9e48>: Failed to establish a new connection: [Errno -2] Name or service not known',))
HTTPConnectionPool(host='www.dieei.unict.itcorsi', port=80): Max retries exceeded with url: /l-9 (Caused by NewConnectionError('<urllib3.connection.HTTPConnection object at 0x7fd0abefab38>: Failed to establish a new connection: [Errno -2] Name or service not known',))
HTTPConnectionPool(host='www.dieei.unict.itcorsi', port=80): Max retries exceeded with url: /l-8-inf (Caused by NewConnectionError('<urllib3.connection.HTTPConnection object at 0x7fd0abefab38>: Failed to establish a new connection: [Errno -2] Name or service not known',))
HTTPConnectionPool(host='www.dieei.unict.itcorsi', port=80): Max retries exceeded with url: /lm-25 (Caused by NewConnectionError('<urllib3.connection.HTTPConnection object at 0x7fd0abefa4a8>: Failed to establish a new connection: [Errno -2] Name or service not known',))
HTTPConnectionPool(host='www.dieei.unict.itcorsi', port=80): Max retries exceeded with url: /lm-28 (Caused by NewConnectionError('<urllib3.connection.HTTPConnection object at 0x7fd0abefa6a0>: Failed to establish a new connection: [Errno -2] Name or service not known',))
HTTPConnectionPool(host='www.dieei.unict.itcorsi', port=80): Max retries exceeded with url: /lm-29 (Caused by NewConnectionError('<urllib3.connection.HTTPConnection object at 0x7fd0abefa550>: Failed to establish a new connection: [Errno -2] Name or service not known',))
HTTPConnectionPool(host='www.dieei.unict.itcorsi', port=80): Max retries exceeded with url: /lm-27 (Caused by NewConnectionError('<urllib3.connection.HTTPConnection object at 0x7fd0abefa4a8>: Failed to establish a new connection: [Errno -2] Name or service not known',))
HTTPConnectionPool(host='www.dieei.unict.itcorsi', port=80): Max retries exceeded with url: /lm-32 (Caused by NewConnectionError('<urllib3.connection.HTTPConnection object at 0x7fd0abefa6a0>: Failed to establish a new connection: [Errno -2] Name or service not known',))
HTTPConnectionPool(host='www.dieei.unict.itcorsi', port=80): Max retries exceeded with url: /l-8-ele (Caused by NewConnectionError('<urllib3.connection.HTTPConnection object at 0x7fd08b340278>: Failed to establish a new connection: [Errno -2] Name or service not known',))
HTTPConnectionPool(host='www.dieei.unict.itcorsi', port=80): Max retries exceeded with url: /l-9 (Caused by NewConnectionError('<urllib3.connection.HTTPConnection object at 0x7fd08b3402b0>: Failed to establish a new connection: [Errno -2] Name or service not known',))
HTTPConnectionPool(host='www.dieei.unict.itcorsi', port=80): Max retries exceeded with url: /l-8-inf (Caused by NewConnectionError('<urllib3.connection.HTTPConnection object at 0x7fd08b340518>: Failed to establish a new connection: [Errno -2] Name or service not known',))
HTTPConnectionPool(host='www.dieei.unict.itcorsi', port=80): Max retries exceeded with url: /lm-25 (Caused by NewConnectionError('<urllib3.connection.HTTPConnection object at 0x7fd08b340438>: Failed to establish a new connection: [Errno -2] Name or service not known',))
HTTPConnectionPool(host='www.dieei.unict.itcorsi', port=80): Max retries exceeded with url: /lm-28 (Caused by NewConnectionError('<urllib3.connection.HTTPConnection object at 0x7fd08b340518>: Failed to establish a new connection: [Errno -2] Name or service not known',))
HTTPConnectionPool(host='www.dieei.unict.itcorsi', port=80): Max retries exceeded with url: /lm-29 (Caused by NewConnectionError('<urllib3.connection.HTTPConnection object at 0x7fd08b340438>: Failed to establish a new connection: [Errno -2] Name or service not known',))
HTTPConnectionPool(host='www.dieei.unict.itcorsi', port=80): Max retries exceeded with url: /lm-27 (Caused by NewConnectionError('<urllib3.connection.HTTPConnection object at 0x7fd08b340048>: Failed to establish a new connection: [Errno -2] Name or service not known',))
HTTPConnectionPool(host='www.dieei.unict.itcorsi', port=80): Max retries exceeded with url: /lm-32 (Caused by NewConnectionError('<urllib3.connection.HTTPConnection object at 0x7fd08b340400>: Failed to establish a new connection: [Errno -2] Name or service not known',))
HTTPConnectionPool(host='web.dmi.unict.itcorsi', port=80): Max retries exceeded with url: /l-31 (Caused by NewConnectionError('<urllib3.connection.HTTPConnection object at 0x7fb8681264a8>: Failed to establish a new connection: [Errno -2] Name or service not known',))
HTTPConnectionPool(host='web.dmi.unict.itcorsi', port=80): Max retries exceeded with url: /l-35 (Caused by NewConnectionError('<urllib3.connection.HTTPConnection object at 0x7fb868126470>: Failed to establish a new connection: [Errno -2] Name or service not known',))
HTTPConnectionPool(host='web.dmi.unict.itcorsi', port=80): Max retries exceeded with url: /lm-18 (Caused by NewConnectionError('<urllib3.connection.HTTPConnection object at 0x7fb868126358>: Failed to establish a new connection: [Errno -2] Name or service not known',))
HTTPConnectionPool(host='web.dmi.unict.itcorsi', port=80): Max retries exceeded with url: /lm-40 (Caused by NewConnectionError('<urllib3.connection.HTTPConnection object at 0x7fb868126518>: Failed to establish a new connection: [Errno -2] Name or service not known',))
'NoneType' object has no attribute 'find_all'
HTTPConnectionPool(host='web.dmi.unict.itcorsi', port=80): Max retries exceeded with url: /l-31 (Caused by NewConnectionError('<urllib3.connection.HTTPConnection object at 0x7fb860ba5ac8>: Failed to establish a new connection: [Errno -2] Name or service not known',))
HTTPConnectionPool(host='web.dmi.unict.itcorsi', port=80): Max retries exceeded with url: /l-35 (Caused by NewConnectionError('<urllib3.connection.HTTPConnection object at 0x7fb860ba5b38>: Failed to establish a new connection: [Errno -2] Name or service not known',))
HTTPConnectionPool(host='web.dmi.unict.itcorsi', port=80): Max retries exceeded with url: /lm-18 (Caused by NewConnectionError('<urllib3.connection.HTTPConnection object at 0x7fb860ba5ac8>: Failed to establish a new connection: [Errno -2] Name or service not known',))
HTTPConnectionPool(host='web.dmi.unict.itcorsi', port=80): Max retries exceeded with url: /lm-40 (Caused by NewConnectionError('<urllib3.connection.HTTPConnection object at 0x7fb860ba5b38>: Failed to establish a new connection: [Errno -2] Name or service not known',))
'NoneType' object has no attribute 'find_all'
HTTPConnectionPool(host='www.dieei.unict.itcorsi', port=80): Max retries exceeded with url: /l-8-ele (Caused by NewConnectionError('<urllib3.connection.HTTPConnection object at 0x7fb8693f60f0>: Failed to establish a new connection: [Errno -2] Name or service not known',))
HTTPConnectionPool(host='www.dieei.unict.itcorsi', port=80): Max retries exceeded with url: /l-9 (Caused by NewConnectionError('<urllib3.connection.HTTPConnection object at 0x7fb86943df28>: Failed to establish a new connection: [Errno -2] Name or service not known',))
HTTPConnectionPool(host='www.dieei.unict.itcorsi', port=80): Max retries exceeded with url: /l-8-inf (Caused by NewConnectionError('<urllib3.connection.HTTPConnection object at 0x7fb86943df28>: Failed to establish a new connection: [Errno -2] Name or service not known',))
HTTPConnectionPool(host='www.dieei.unict.itcorsi', port=80): Max retries exceeded with url: /lm-25 (Caused by NewConnectionError('<urllib3.connection.HTTPConnection object at 0x7fb86943d860>: Failed to establish a new connection: [Errno -2] Name or service not known',))
HTTPConnectionPool(host='www.dieei.unict.itcorsi', port=80): Max retries exceeded with url: /lm-28 (Caused by NewConnectionError('<urllib3.connection.HTTPConnection object at 0x7fb86943dba8>: Failed to establish a new connection: [Errno -2] Name or service not known',))
HTTPConnectionPool(host='www.dieei.unict.itcorsi', port=80): Max retries exceeded with url: /lm-29 (Caused by NewConnectionError('<urllib3.connection.HTTPConnection object at 0x7fb86943db70>: Failed to establish a new connection: [Errno -2] Name or service not known',))
HTTPConnectionPool(host='www.dieei.unict.itcorsi', port=80): Max retries exceeded with url: /lm-27 (Caused by NewConnectionError('<urllib3.connection.HTTPConnection object at 0x7fb86943df28>: Failed to establish a new connection: [Errno -2] Name or service not known',))
HTTPConnectionPool(host='www.dieei.unict.itcorsi', port=80): Max retries exceeded with url: /lm-32 (Caused by NewConnectionError('<urllib3.connection.HTTPConnection object at 0x7fb86943d9e8>: Failed to establish a new connection: [Errno -2] Name or service not known',))
HTTPConnectionPool(host='www.dieei.unict.itcorsi', port=80): Max retries exceeded with url: /l-8-ele (Caused by NewConnectionError('<urllib3.connection.HTTPConnection object at 0x7fb868161400>: Failed to establish a new connection: [Errno -2] Name or service not known',))
HTTPConnectionPool(host='www.dieei.unict.itcorsi', port=80): Max retries exceeded with url: /l-9 (Caused by NewConnectionError('<urllib3.connection.HTTPConnection object at 0x7fb8681615f8>: Failed to establish a new connection: [Errno -2] Name or service not known',))
HTTPConnectionPool(host='www.dieei.unict.itcorsi', port=80): Max retries exceeded with url: /l-8-inf (Caused by NewConnectionError('<urllib3.connection.HTTPConnection object at 0x7fb868161b00>: Failed to establish a new connection: [Errno -2] Name or service not known',))
HTTPConnectionPool(host='www.dieei.unict.itcorsi', port=80): Max retries exceeded with url: /lm-25 (Caused by NewConnectionError('<urllib3.connection.HTTPConnection object at 0x7fb8681615f8>: Failed to establish a new connection: [Errno -2] Name or service not known',))
HTTPConnectionPool(host='www.dieei.unict.itcorsi', port=80): Max retries exceeded with url: /lm-28 (Caused by NewConnectionError('<urllib3.connection.HTTPConnection object at 0x7fb868161b00>: Failed to establish a new connection: [Errno -2] Name or service not known',))
HTTPConnectionPool(host='www.dieei.unict.itcorsi', port=80): Max retries exceeded with url: /lm-29 (Caused by NewConnectionError('<urllib3.connection.HTTPConnection object at 0x7fb86802a7b8>: Failed to establish a new connection: [Errno -2] Name or service not known',))
HTTPConnectionPool(host='www.dieei.unict.itcorsi', port=80): Max retries exceeded with url: /lm-27 (Caused by NewConnectionError('<urllib3.connection.HTTPConnection object at 0x7fb868161b00>: Failed to establish a new connection: [Errno -2] Name or service not known',))
HTTPConnectionPool(host='www.dieei.unict.itcorsi', port=80): Max retries exceeded with url: /lm-32 (Caused by NewConnectionError('<urllib3.connection.HTTPConnection object at 0x7fb8681615f8>: Failed to establish a new connection: [Errno -2] Name or service not known',))
HTTPConnectionPool(host='web.dmi.unict.itcorsi', port=80): Max retries exceeded with url: /l-31 (Caused by NewConnectionError('<urllib3.connection.HTTPConnection object at 0x7fc36c1a1fd0>: Failed to establish a new connection: [Errno -2] Name or service not known',))
HTTPConnectionPool(host='web.dmi.unict.itcorsi', port=80): Max retries exceeded with url: /l-35 (Caused by NewConnectionError('<urllib3.connection.HTTPConnection object at 0x7fc36c1a1f98>: Failed to establish a new connection: [Errno -2] Name or service not known',))
HTTPConnectionPool(host='web.dmi.unict.itcorsi', port=80): Max retries exceeded with url: /lm-18 (Caused by NewConnectionError('<urllib3.connection.HTTPConnection object at 0x7fc36c1a1e48>: Failed to establish a new connection: [Errno -2] Name or service not known',))
HTTPConnectionPool(host='web.dmi.unict.itcorsi', port=80): Max retries exceeded with url: /lm-40 (Caused by NewConnectionError('<urllib3.connection.HTTPConnection object at 0x7fc36c1a1e80>: Failed to establish a new connection: [Errno -2] Name or service not known',))
'NoneType' object has no attribute 'find_all'
HTTPConnectionPool(host='web.dmi.unict.itcorsi', port=80): Max retries exceeded with url: /l-31 (Caused by NewConnectionError('<urllib3.connection.HTTPConnection object at 0x7fc36c1779e8>: Failed to establish a new connection: [Errno -2] Name or service not known',))
HTTPConnectionPool(host='web.dmi.unict.itcorsi', port=80): Max retries exceeded with url: /l-35 (Caused by NewConnectionError('<urllib3.connection.HTTPConnection object at 0x7fc36c177b70>: Failed to establish a new connection: [Errno -2] Name or service not known',))
HTTPConnectionPool(host='web.dmi.unict.itcorsi', port=80): Max retries exceeded with url: /lm-18 (Caused by NewConnectionError('<urllib3.connection.HTTPConnection object at 0x7fc36c177a20>: Failed to establish a new connection: [Errno -2] Name or service not known',))
HTTPConnectionPool(host='web.dmi.unict.itcorsi', port=80): Max retries exceeded with url: /lm-40 (Caused by NewConnectionError('<urllib3.connection.HTTPConnection object at 0x7fc36c1779e8>: Failed to establish a new connection: [Errno -2] Name or service not known',))
'NoneType' object has no attribute 'find_all'
HTTPConnectionPool(host='www.dieei.unict.itcorsi', port=80): Max retries exceeded with url: /l-8-ele (Caused by NewConnectionError('<urllib3.connection.HTTPConnection object at 0x7fc36c0ac1d0>: Failed to establish a new connection: [Errno -2] Name or service not known',))
HTTPConnectionPool(host='www.dieei.unict.itcorsi', port=80): Max retries exceeded with url: /l-9 (Caused by NewConnectionError('<urllib3.connection.HTTPConnection object at 0x7fc36c0ac160>: Failed to establish a new connection: [Errno -2] Name or service not known',))
HTTPConnectionPool(host='www.dieei.unict.itcorsi', port=80): Max retries exceeded with url: /l-8-inf (Caused by NewConnectionError('<urllib3.connection.HTTPConnection object at 0x7fc36c0ac278>: Failed to establish a new connection: [Errno -2] Name or service not known',))
HTTPConnectionPool(host='www.dieei.unict.itcorsi', port=80): Max retries exceeded with url: /lm-25 (Caused by NewConnectionError('<urllib3.connection.HTTPConnection object at 0x7fc36c0ac0f0>: Failed to establish a new connection: [Errno -2] Name or service not known',))
HTTPConnectionPool(host='www.dieei.unict.itcorsi', port=80): Max retries exceeded with url: /lm-28 (Caused by NewConnectionError('<urllib3.connection.HTTPConnection object at 0x7fc36c0ac278>: Failed to establish a new connection: [Errno -2] Name or service not known',))
HTTPConnectionPool(host='www.dieei.unict.itcorsi', port=80): Max retries exceeded with url: /lm-29 (Caused by NewConnectionError('<urllib3.connection.HTTPConnection object at 0x7fc36c0ac1d0>: Failed to establish a new connection: [Errno -2] Name or service not known',))
HTTPConnectionPool(host='www.dieei.unict.itcorsi', port=80): Max retries exceeded with url: /lm-27 (Caused by NewConnectionError('<urllib3.connection.HTTPConnection object at 0x7fc36f10aef0>: Failed to establish a new connection: [Errno -2] Name or service not known',))
HTTPConnectionPool(host='www.dieei.unict.itcorsi', port=80): Max retries exceeded with url: /lm-32 (Caused by NewConnectionError('<urllib3.connection.HTTPConnection object at 0x7fc36f10ae48>: Failed to establish a new connection: [Errno -2] Name or service not known',))
HTTPConnectionPool(host='www.dieei.unict.itcorsi', port=80): Max retries exceeded with url: /l-8-ele (Caused by NewConnectionError('<urllib3.connection.HTTPConnection object at 0x7fc36c07afd0>: Failed to establish a new connection: [Errno -2] Name or service not known',))
HTTPConnectionPool(host='www.dieei.unict.itcorsi', port=80): Max retries exceeded with url: /l-9 (Caused by NewConnectionError('<urllib3.connection.HTTPConnection object at 0x7fc36c07a940>: Failed to establish a new connection: [Errno -2] Name or service not known',))
HTTPConnectionPool(host='www.dieei.unict.itcorsi', port=80): Max retries exceeded with url: /l-8-inf (Caused by NewConnectionError('<urllib3.connection.HTTPConnection object at 0x7fc36c07ad30>: Failed to establish a new connection: [Errno -2] Name or service not known',))
HTTPConnectionPool(host='www.dieei.unict.itcorsi', port=80): Max retries exceeded with url: /lm-25 (Caused by NewConnectionError('<urllib3.connection.HTTPConnection object at 0x7fc36c07aba8>: Failed to establish a new connection: [Errno -2] Name or service not known',))
HTTPConnectionPool(host='www.dieei.unict.itcorsi', port=80): Max retries exceeded with url: /lm-28 (Caused by NewConnectionError('<urllib3.connection.HTTPConnection object at 0x7fc36c07a940>: Failed to establish a new connection: [Errno -2] Name or service not known',))
HTTPConnectionPool(host='www.dieei.unict.itcorsi', port=80): Max retries exceeded with url: /lm-29 (Caused by NewConnectionError('<urllib3.connection.HTTPConnection object at 0x7fc36c07ad30>: Failed to establish a new connection: [Errno -2] Name or service not known',))
HTTPConnectionPool(host='www.dieei.unict.itcorsi', port=80): Max retries exceeded with url: /lm-27 (Caused by NewConnectionError('<urllib3.connection.HTTPConnection object at 0x7fc36c07a940>: Failed to establish a new connection: [Errno -2] Name or service not known',))
HTTPConnectionPool(host='www.dieei.unict.itcorsi', port=80): Max retries exceeded with url: /lm-32 (Caused by NewConnectionError('<urllib3.connection.HTTPConnection object at 0x7fc356760668>: Failed to establish a new connection: [Errno -2] Name or service not known',))
HTTPConnectionPool(host='web.dmi.unict.itcorsi', port=80): Max retries exceeded with url: /l-31 (Caused by NewConnectionError('<urllib3.connection.HTTPConnection object at 0x7f84a4015fd0>: Failed to establish a new connection: [Errno -2] Name or service not known',))
HTTPConnectionPool(host='web.dmi.unict.itcorsi', port=80): Max retries exceeded with url: /l-35 (Caused by NewConnectionError('<urllib3.connection.HTTPConnection object at 0x7f84a4015eb8>: Failed to establish a new connection: [Errno -2] Name or service not known',))
HTTPConnectionPool(host='web.dmi.unict.itcorsi', port=80): Max retries exceeded with url: /lm-18 (Caused by NewConnectionError('<urllib3.connection.HTTPConnection object at 0x7f84a4015f60>: Failed to establish a new connection: [Errno -2] Name or service not known',))
HTTPConnectionPool(host='web.dmi.unict.itcorsi', port=80): Max retries exceeded with url: /lm-40 (Caused by NewConnectionError('<urllib3.connection.HTTPConnection object at 0x7f84a4015fd0>: Failed to establish a new connection: [Errno -2] Name or service not known',))
'NoneType' object has no attribute 'find_all'
HTTPConnectionPool(host='web.dmi.unict.itcorsi', port=80): Max retries exceeded with url: /l-31 (Caused by NewConnectionError('<urllib3.connection.HTTPConnection object at 0x7f848e7e0a58>: Failed to establish a new connection: [Errno -2] Name or service not known',))
HTTPConnectionPool(host='web.dmi.unict.itcorsi', port=80): Max retries exceeded with url: /l-35 (Caused by NewConnectionError('<urllib3.connection.HTTPConnection object at 0x7f848e7e0be0>: Failed to establish a new connection: [Errno -2] Name or service not known',))
HTTPConnectionPool(host='web.dmi.unict.itcorsi', port=80): Max retries exceeded with url: /lm-18 (Caused by NewConnectionError('<urllib3.connection.HTTPConnection object at 0x7f848e7e0a90>: Failed to establish a new connection: [Errno -2] Name or service not known',))
HTTPConnectionPool(host='web.dmi.unict.itcorsi', port=80): Max retries exceeded with url: /lm-40 (Caused by NewConnectionError('<urllib3.connection.HTTPConnection object at 0x7f848e7e0a58>: Failed to establish a new connection: [Errno -2] Name or service not known',))
'NoneType' object has no attribute 'find_all'
HTTPConnectionPool(host='www.dieei.unict.itcorsi', port=80): Max retries exceeded with url: /l-8-ele (Caused by NewConnectionError('<urllib3.connection.HTTPConnection object at 0x7f848e7a4278>: Failed to establish a new connection: [Errno -2] Name or service not known',))
HTTPConnectionPool(host='www.dieei.unict.itcorsi', port=80): Max retries exceeded with url: /l-9 (Caused by NewConnectionError('<urllib3.connection.HTTPConnection object at 0x7f848e7a4320>: Failed to establish a new connection: [Errno -2] Name or service not known',))
HTTPConnectionPool(host='www.dieei.unict.itcorsi', port=80): Max retries exceeded with url: /l-8-inf (Caused by NewConnectionError('<urllib3.connection.HTTPConnection object at 0x7f848e7a42e8>: Failed to establish a new connection: [Errno -2] Name or service not known',))
HTTPConnectionPool(host='www.dieei.unict.itcorsi', port=80): Max retries exceeded with url: /lm-25 (Caused by NewConnectionError('<urllib3.connection.HTTPConnection object at 0x7f848e7afe10>: Failed to establish a new connection: [Errno -2] Name or service not known',))
HTTPConnectionPool(host='www.dieei.unict.itcorsi', port=80): Max retries exceeded with url: /lm-28 (Caused by NewConnectionError('<urllib3.connection.HTTPConnection object at 0x7f848e7afba8>: Failed to establish a new connection: [Errno -2] Name or service not known',))
HTTPConnectionPool(host='www.dieei.unict.itcorsi', port=80): Max retries exceeded with url: /lm-29 (Caused by NewConnectionError('<urllib3.connection.HTTPConnection object at 0x7f848e7afcc0>: Failed to establish a new connection: [Errno -2] Name or service not known',))
HTTPConnectionPool(host='www.dieei.unict.itcorsi', port=80): Max retries exceeded with url: /lm-27 (Caused by NewConnectionError('<urllib3.connection.HTTPConnection object at 0x7f848e7afa20>: Failed to establish a new connection: [Errno -2] Name or service not known',))
HTTPConnectionPool(host='www.dieei.unict.itcorsi', port=80): Max retries exceeded with url: /lm-32 (Caused by NewConnectionError('<urllib3.connection.HTTPConnection object at 0x7f848e7af630>: Failed to establish a new connection: [Errno -2] Name or service not known',))
HTTPConnectionPool(host='www.dieei.unict.itcorsi', port=80): Max retries exceeded with url: /l-8-ele (Caused by NewConnectionError('<urllib3.connection.HTTPConnection object at 0x7f848e6f0b38>: Failed to establish a new connection: [Errno -2] Name or service not known',))
HTTPConnectionPool(host='www.dieei.unict.itcorsi', port=80): Max retries exceeded with url: /l-9 (Caused by NewConnectionError('<urllib3.connection.HTTPConnection object at 0x7f848e6f0cf8>: Failed to establish a new connection: [Errno -2] Name or service not known',))
HTTPConnectionPool(host='www.dieei.unict.itcorsi', port=80): Max retries exceeded with url: /l-8-inf (Caused by NewConnectionError('<urllib3.connection.HTTPConnection object at 0x7f848e6f0a90>: Failed to establish a new connection: [Errno -2] Name or service not known',))
HTTPConnectionPool(host='www.dieei.unict.itcorsi', port=80): Max retries exceeded with url: /lm-25 (Caused by NewConnectionError('<urllib3.connection.HTTPConnection object at 0x7f848e6f0c50>: Failed to establish a new connection: [Errno -2] Name or service not known',))
HTTPConnectionPool(host='www.dieei.unict.itcorsi', port=80): Max retries exceeded with url: /lm-28 (Caused by NewConnectionError('<urllib3.connection.HTTPConnection object at 0x7f848e6f08d0>: Failed to establish a new connection: [Errno -2] Name or service not known',))
HTTPConnectionPool(host='www.dieei.unict.itcorsi', port=80): Max retries exceeded with url: /lm-29 (Caused by NewConnectionError('<urllib3.connection.HTTPConnection object at 0x7f848e6f0be0>: Failed to establish a new connection: [Errno -2] Name or service not known',))
HTTPConnectionPool(host='www.dieei.unict.itcorsi', port=80): Max retries exceeded with url: /lm-27 (Caused by NewConnectionError('<urllib3.connection.HTTPConnection object at 0x7f848e6f09b0>: Failed to establish a new connection: [Errno -2] Name or service not known',))
HTTPConnectionPool(host='www.dieei.unict.itcorsi', port=80): Max retries exceeded with url: /lm-32 (Caused by NewConnectionError('<urllib3.connection.HTTPConnection object at 0x7f848e6f03c8>: Failed to establish a new connection: [Errno -2] Name or service not known',))
HTTPConnectionPool(host='web.dmi.unict.itcorsi', port=80): Max retries exceeded with url: /l-31 (Caused by NewConnectionError('<urllib3.connection.HTTPConnection object at 0x7f334c6b0518>: Failed to establish a new connection: [Errno -2] Name or service not known',))
HTTPConnectionPool(host='web.dmi.unict.itcorsi', port=80): Max retries exceeded with url: /l-35 (Caused by NewConnectionError('<urllib3.connection.HTTPConnection object at 0x7f334c6b05c0>: Failed to establish a new connection: [Errno -2] Name or service not known',))
HTTPConnectionPool(host='web.dmi.unict.itcorsi', port=80): Max retries exceeded with url: /lm-18 (Caused by NewConnectionError('<urllib3.connection.HTTPConnection object at 0x7f334c6b0278>: Failed to establish a new connection: [Errno -2] Name or service not known',))
HTTPConnectionPool(host='web.dmi.unict.itcorsi', port=80): Max retries exceeded with url: /lm-40 (Caused by NewConnectionError('<urllib3.connection.HTTPConnection object at 0x7f334c6b02b0>: Failed to establish a new connection: [Errno -2] Name or service not known',))
'NoneType' object has no attribute 'find_all'
HTTPConnectionPool(host='web.dmi.unict.itcorsi', port=80): Max retries exceeded with url: /l-31 (Caused by NewConnectionError('<urllib3.connection.HTTPConnection object at 0x7f334c572b00>: Failed to establish a new connection: [Errno -2] Name or service not known',))
HTTPConnectionPool(host='web.dmi.unict.itcorsi', port=80): Max retries exceeded with url: /l-35 (Caused by NewConnectionError('<urllib3.connection.HTTPConnection object at 0x7f334c572b00>: Failed to establish a new connection: [Errno -2] Name or service not known',))
HTTPConnectionPool(host='web.dmi.unict.itcorsi', port=80): Max retries exceeded with url: /lm-18 (Caused by NewConnectionError('<urllib3.connection.HTTPConnection object at 0x7f334c572b00>: Failed to establish a new connection: [Errno -2] Name or service not known',))
HTTPConnectionPool(host='web.dmi.unict.itcorsi', port=80): Max retries exceeded with url: /lm-40 (Caused by NewConnectionError('<urllib3.connection.HTTPConnection object at 0x7f334c572b00>: Failed to establish a new connection: [Errno -2] Name or service not known',))
'NoneType' object has no attribute 'find_all'
HTTPConnectionPool(host='www.dieei.unict.itcorsi', port=80): Max retries exceeded with url: /l-8-ele (Caused by NewConnectionError('<urllib3.connection.HTTPConnection object at 0x7f334c65f358>: Failed to establish a new connection: [Errno -2] Name or service not known',))
HTTPConnectionPool(host='www.dieei.unict.itcorsi', port=80): Max retries exceeded with url: /l-9 (Caused by NewConnectionError('<urllib3.connection.HTTPConnection object at 0x7f334c650e10>: Failed to establish a new connection: [Errno -2] Name or service not known',))
HTTPConnectionPool(host='www.dieei.unict.itcorsi', port=80): Max retries exceeded with url: /l-8-inf (Caused by NewConnectionError('<urllib3.connection.HTTPConnection object at 0x7f334c650278>: Failed to establish a new connection: [Errno -2] Name or service not known',))
HTTPConnectionPool(host='www.dieei.unict.itcorsi', port=80): Max retries exceeded with url: /lm-25 (Caused by NewConnectionError('<urllib3.connection.HTTPConnection object at 0x7f334c650898>: Failed to establish a new connection: [Errno -2] Name or service not known',))
HTTPConnectionPool(host='www.dieei.unict.itcorsi', port=80): Max retries exceeded with url: /lm-28 (Caused by NewConnectionError('<urllib3.connection.HTTPConnection object at 0x7f334c650ef0>: Failed to establish a new connection: [Errno -2] Name or service not known',))
HTTPConnectionPool(host='www.dieei.unict.itcorsi', port=80): Max retries exceeded with url: /lm-29 (Caused by NewConnectionError('<urllib3.connection.HTTPConnection object at 0x7f334c650908>: Failed to establish a new connection: [Errno -2] Name or service not known',))
HTTPConnectionPool(host='www.dieei.unict.itcorsi', port=80): Max retries exceeded with url: /lm-27 (Caused by NewConnectionError('<urllib3.connection.HTTPConnection object at 0x7f334c650898>: Failed to establish a new connection: [Errno -2] Name or service not known',))
HTTPConnectionPool(host='www.dieei.unict.itcorsi', port=80): Max retries exceeded with url: /lm-32 (Caused by NewConnectionError('<urllib3.connection.HTTPConnection object at 0x7f334c650ef0>: Failed to establish a new connection: [Errno -2] Name or service not known',))
HTTPConnectionPool(host='www.dieei.unict.itcorsi', port=80): Max retries exceeded with url: /l-8-ele (Caused by NewConnectionError('<urllib3.connection.HTTPConnection object at 0x7f334c537748>: Failed to establish a new connection: [Errno -2] Name or service not known',))
HTTPConnectionPool(host='www.dieei.unict.itcorsi', port=80): Max retries exceeded with url: /l-9 (Caused by NewConnectionError('<urllib3.connection.HTTPConnection object at 0x7f334c5375c0>: Failed to establish a new connection: [Errno -2] Name or service not known',))
HTTPConnectionPool(host='www.dieei.unict.itcorsi', port=80): Max retries exceeded with url: /l-8-inf (Caused by NewConnectionError('<urllib3.connection.HTTPConnection object at 0x7f334c5379b0>: Failed to establish a new connection: [Errno -2] Name or service not known',))
HTTPConnectionPool(host='www.dieei.unict.itcorsi', port=80): Max retries exceeded with url: /lm-25 (Caused by NewConnectionError('<urllib3.connection.HTTPConnection object at 0x7f334c5376d8>: Failed to establish a new connection: [Errno -2] Name or service not known',))
HTTPConnectionPool(host='www.dieei.unict.itcorsi', port=80): Max retries exceeded with url: /lm-28 (Caused by NewConnectionError('<urllib3.connection.HTTPConnection object at 0x7f334c5375c0>: Failed to establish a new connection: [Errno -2] Name or service not known',))
HTTPConnectionPool(host='www.dieei.unict.itcorsi', port=80): Max retries exceeded with url: /lm-29 (Caused by NewConnectionError('<urllib3.connection.HTTPConnection object at 0x7f334c5379b0>: Failed to establish a new connection: [Errno -2] Name or service not known',))
HTTPConnectionPool(host='www.dieei.unict.itcorsi', port=80): Max retries exceeded with url: /lm-27 (Caused by NewConnectionError('<urllib3.connection.HTTPConnection object at 0x7f334c5375c0>: Failed to establish a new connection: [Errno -2] Name or service not known',))
HTTPConnectionPool(host='www.dieei.unict.itcorsi', port=80): Max retries exceeded with url: /lm-32 (Caused by NewConnectionError('<urllib3.connection.HTTPConnection object at 0x7f334c537128>: Failed to establish a new connection: [Errno -2] Name or service not known',))
HTTPConnectionPool(host='web.dmi.unict.itcorsi', port=80): Max retries exceeded with url: /l-31 (Caused by NewConnectionError('<urllib3.connection.HTTPConnection object at 0x7f529004f4e0>: Failed to establish a new connection: [Errno -2] Name or service not known',))
HTTPConnectionPool(host='web.dmi.unict.itcorsi', port=80): Max retries exceeded with url: /l-35 (Caused by NewConnectionError('<urllib3.connection.HTTPConnection object at 0x7f529004f588>: Failed to establish a new connection: [Errno -2] Name or service not known',))
HTTPConnectionPool(host='web.dmi.unict.itcorsi', port=80): Max retries exceeded with url: /lm-18 (Caused by NewConnectionError('<urllib3.connection.HTTPConnection object at 0x7f529004f240>: Failed to establish a new connection: [Errno -2] Name or service not known',))
HTTPConnectionPool(host='web.dmi.unict.itcorsi', port=80): Max retries exceeded with url: /lm-40 (Caused by NewConnectionError('<urllib3.connection.HTTPConnection object at 0x7f529004f278>: Failed to establish a new connection: [Errno -2] Name or service not known',))
'NoneType' object has no attribute 'find_all'
HTTPConnectionPool(host='web.dmi.unict.itcorsi', port=80): Max retries exceeded with url: /l-31 (Caused by NewConnectionError('<urllib3.connection.HTTPConnection object at 0x7f527a6c84e0>: Failed to establish a new connection: [Errno -2] Name or service not known',))
HTTPConnectionPool(host='web.dmi.unict.itcorsi', port=80): Max retries exceeded with url: /l-35 (Caused by NewConnectionError('<urllib3.connection.HTTPConnection object at 0x7f527a6c83c8>: Failed to establish a new connection: [Errno -2] Name or service not known',))
HTTPConnectionPool(host='web.dmi.unict.itcorsi', port=80): Max retries exceeded with url: /lm-18 (Caused by NewConnectionError('<urllib3.connection.HTTPConnection object at 0x7f527a6c80f0>: Failed to establish a new connection: [Errno -2] Name or service not known',))
HTTPConnectionPool(host='web.dmi.unict.itcorsi', port=80): Max retries exceeded with url: /lm-40 (Caused by NewConnectionError('<urllib3.connection.HTTPConnection object at 0x7f527a6c8470>: Failed to establish a new connection: [Errno -2] Name or service not known',))
'NoneType' object has no attribute 'find_all'
HTTPConnectionPool(host='www.dieei.unict.itcorsi', port=80): Max retries exceeded with url: /l-8-ele (Caused by NewConnectionError('<urllib3.connection.HTTPConnection object at 0x7f527a51f2e8>: Failed to establish a new connection: [Errno -2] Name or service not known',))
HTTPConnectionPool(host='www.dieei.unict.itcorsi', port=80): Max retries exceeded with url: /l-9 (Caused by NewConnectionError('<urllib3.connection.HTTPConnection object at 0x7f527a51f160>: Failed to establish a new connection: [Errno -2] Name or service not known',))
HTTPConnectionPool(host='www.dieei.unict.itcorsi', port=80): Max retries exceeded with url: /l-8-inf (Caused by NewConnectionError('<urllib3.connection.HTTPConnection object at 0x7f529004ff98>: Failed to establish a new connection: [Errno -2] Name or service not known',))
HTTPConnectionPool(host='www.dieei.unict.itcorsi', port=80): Max retries exceeded with url: /lm-25 (Caused by NewConnectionError('<urllib3.connection.HTTPConnection object at 0x7f529004fc18>: Failed to establish a new connection: [Errno -2] Name or service not known',))
HTTPConnectionPool(host='www.dieei.unict.itcorsi', port=80): Max retries exceeded with url: /lm-28 (Caused by NewConnectionError('<urllib3.connection.HTTPConnection object at 0x7f529004ff60>: Failed to establish a new connection: [Errno -2] Name or service not known',))
HTTPConnectionPool(host='www.dieei.unict.itcorsi', port=80): Max retries exceeded with url: /lm-29 (Caused by NewConnectionError('<urllib3.connection.HTTPConnection object at 0x7f529004ffd0>: Failed to establish a new connection: [Errno -2] Name or service not known',))
HTTPConnectionPool(host='www.dieei.unict.itcorsi', port=80): Max retries exceeded with url: /lm-27 (Caused by NewConnectionError('<urllib3.connection.HTTPConnection object at 0x7f529004ff98>: Failed to establish a new connection: [Errno -2] Name or service not known',))
HTTPConnectionPool(host='www.dieei.unict.itcorsi', port=80): Max retries exceeded with url: /lm-32 (Caused by NewConnectionError('<urllib3.connection.HTTPConnection object at 0x7f529004ff60>: Failed to establish a new connection: [Errno -2] Name or service not known',))
HTTPConnectionPool(host='www.dieei.unict.itcorsi', port=80): Max retries exceeded with url: /l-8-ele (Caused by NewConnectionError('<urllib3.connection.HTTPConnection object at 0x7f527a763978>: Failed to establish a new connection: [Errno -2] Name or service not known',))
HTTPConnectionPool(host='www.dieei.unict.itcorsi', port=80): Max retries exceeded with url: /l-9 (Caused by NewConnectionError('<urllib3.connection.HTTPConnection object at 0x7f527a763a58>: Failed to establish a new connection: [Errno -2] Name or service not known',))
HTTPConnectionPool(host='www.dieei.unict.itcorsi', port=80): Max retries exceeded with url: /l-8-inf (Caused by NewConnectionError('<urllib3.connection.HTTPConnection object at 0x7f527a763a20>: Failed to establish a new connection: [Errno -2] Name or service not known',))
HTTPConnectionPool(host='www.dieei.unict.itcorsi', port=80): Max retries exceeded with url: /lm-25 (Caused by NewConnectionError('<urllib3.connection.HTTPConnection object at 0x7f527a763908>: Failed to establish a new connection: [Errno -2] Name or service not known',))
HTTPConnectionPool(host='www.dieei.unict.itcorsi', port=80): Max retries exceeded with url: /lm-28 (Caused by NewConnectionError('<urllib3.connection.HTTPConnection object at 0x7f527a763ba8>: Failed to establish a new connection: [Errno -2] Name or service not known',))
HTTPConnectionPool(host='www.dieei.unict.itcorsi', port=80): Max retries exceeded with url: /lm-29 (Caused by NewConnectionError('<urllib3.connection.HTTPConnection object at 0x7f527a7639b0>: Failed to establish a new connection: [Errno -2] Name or service not known',))
HTTPConnectionPool(host='www.dieei.unict.itcorsi', port=80): Max retries exceeded with url: /lm-27 (Caused by NewConnectionError('<urllib3.connection.HTTPConnection object at 0x7f527a763ba8>: Failed to establish a new connection: [Errno -2] Name or service not known',))
HTTPConnectionPool(host='www.dieei.unict.itcorsi', port=80): Max retries exceeded with url: /lm-32 (Caused by NewConnectionError('<urllib3.connection.HTTPConnection object at 0x7f527a7639b0>: Failed to establish a new connection: [Errno -2] Name or service not known',))
HTTPConnectionPool(host='web.dmi.unict.itcorsi', port=80): Max retries exceeded with url: /l-31 (Caused by NewConnectionError('<urllib3.connection.HTTPConnection object at 0x7f28882f44e0>: Failed to establish a new connection: [Errno -2] Name or service not known',))
HTTPConnectionPool(host='web.dmi.unict.itcorsi', port=80): Max retries exceeded with url: /l-35 (Caused by NewConnectionError('<urllib3.connection.HTTPConnection object at 0x7f28882f4588>: Failed to establish a new connection: [Errno -2] Name or service not known',))
HTTPConnectionPool(host='web.dmi.unict.itcorsi', port=80): Max retries exceeded with url: /lm-18 (Caused by NewConnectionError('<urllib3.connection.HTTPConnection object at 0x7f28882f4240>: Failed to establish a new connection: [Errno -2] Name or service not known',))
HTTPConnectionPool(host='web.dmi.unict.itcorsi', port=80): Max retries exceeded with url: /lm-40 (Caused by NewConnectionError('<urllib3.connection.HTTPConnection object at 0x7f28882f4278>: Failed to establish a new connection: [Errno -2] Name or service not known',))
'NoneType' object has no attribute 'find_all'
HTTPConnectionPool(host='web.dmi.unict.itcorsi', port=80): Max retries exceeded with url: /l-31 (Caused by NewConnectionError('<urllib3.connection.HTTPConnection object at 0x7f28881a6b00>: Failed to establish a new connection: [Errno -2] Name or service not known',))
HTTPConnectionPool(host='web.dmi.unict.itcorsi', port=80): Max retries exceeded with url: /l-35 (Caused by NewConnectionError('<urllib3.connection.HTTPConnection object at 0x7f28881a6c88>: Failed to establish a new connection: [Errno -2] Name or service not known',))
HTTPConnectionPool(host='web.dmi.unict.itcorsi', port=80): Max retries exceeded with url: /lm-18 (Caused by NewConnectionError('<urllib3.connection.HTTPConnection object at 0x7f28881a6f60>: Failed to establish a new connection: [Errno -2] Name or service not known',))
HTTPConnectionPool(host='web.dmi.unict.itcorsi', port=80): Max retries exceeded with url: /lm-40 (Caused by NewConnectionError('<urllib3.connection.HTTPConnection object at 0x7f28881a6ac8>: Failed to establish a new connection: [Errno -2] Name or service not known',))
'NoneType' object has no attribute 'find_all'
HTTPConnectionPool(host='www.dieei.unict.itcorsi', port=80): Max retries exceeded with url: /l-8-ele (Caused by NewConnectionError('<urllib3.connection.HTTPConnection object at 0x7f28880a9358>: Failed to establish a new connection: [Errno -2] Name or service not known',))
HTTPConnectionPool(host='www.dieei.unict.itcorsi', port=80): Max retries exceeded with url: /l-9 (Caused by NewConnectionError('<urllib3.connection.HTTPConnection object at 0x7f28880a9438>: Failed to establish a new connection: [Errno -2] Name or service not known',))
HTTPConnectionPool(host='www.dieei.unict.itcorsi', port=80): Max retries exceeded with url: /l-8-inf (Caused by NewConnectionError('<urllib3.connection.HTTPConnection object at 0x7f28880a9320>: Failed to establish a new connection: [Errno -2] Name or service not known',))
HTTPConnectionPool(host='www.dieei.unict.itcorsi', port=80): Max retries exceeded with url: /lm-25 (Caused by NewConnectionError('<urllib3.connection.HTTPConnection object at 0x7f288802b9e8>: Failed to establish a new connection: [Errno -2] Name or service not known',))
HTTPConnectionPool(host='www.dieei.unict.itcorsi', port=80): Max retries exceeded with url: /lm-28 (Caused by NewConnectionError('<urllib3.connection.HTTPConnection object at 0x7f288802bcc0>: Failed to establish a new connection: [Errno -2] Name or service not known',))
HTTPConnectionPool(host='www.dieei.unict.itcorsi', port=80): Max retries exceeded with url: /lm-29 (Caused by NewConnectionError('<urllib3.connection.HTTPConnection object at 0x7f288802b630>: Failed to establish a new connection: [Errno -2] Name or service not known',))
HTTPConnectionPool(host='www.dieei.unict.itcorsi', port=80): Max retries exceeded with url: /lm-27 (Caused by NewConnectionError('<urllib3.connection.HTTPConnection object at 0x7f288802bdd8>: Failed to establish a new connection: [Errno -2] Name or service not known',))
HTTPConnectionPool(host='www.dieei.unict.itcorsi', port=80): Max retries exceeded with url: /lm-32 (Caused by NewConnectionError('<urllib3.connection.HTTPConnection object at 0x7f288802bcc0>: Failed to establish a new connection: [Errno -2] Name or service not known',))
HTTPConnectionPool(host='www.dieei.unict.itcorsi', port=80): Max retries exceeded with url: /l-8-ele (Caused by NewConnectionError('<urllib3.connection.HTTPConnection object at 0x7f2872f40b38>: Failed to establish a new connection: [Errno -2] Name or service not known',))
HTTPConnectionPool(host='www.dieei.unict.itcorsi', port=80): Max retries exceeded with url: /l-9 (Caused by NewConnectionError('<urllib3.connection.HTTPConnection object at 0x7f2872f40f60>: Failed to establish a new connection: [Errno -2] Name or service not known',))
HTTPConnectionPool(host='www.dieei.unict.itcorsi', port=80): Max retries exceeded with url: /l-8-inf (Caused by NewConnectionError('<urllib3.connection.HTTPConnection object at 0x7f2872f400b8>: Failed to establish a new connection: [Errno -2] Name or service not known',))
HTTPConnectionPool(host='www.dieei.unict.itcorsi', port=80): Max retries exceeded with url: /lm-25 (Caused by NewConnectionError('<urllib3.connection.HTTPConnection object at 0x7f2872f40f60>: Failed to establish a new connection: [Errno -2] Name or service not known',))
HTTPConnectionPool(host='www.dieei.unict.itcorsi', port=80): Max retries exceeded with url: /lm-28 (Caused by NewConnectionError('<urllib3.connection.HTTPConnection object at 0x7f2872f40160>: Failed to establish a new connection: [Errno -2] Name or service not known',))
HTTPConnectionPool(host='www.dieei.unict.itcorsi', port=80): Max retries exceeded with url: /lm-29 (Caused by NewConnectionError('<urllib3.connection.HTTPConnection object at 0x7f2872df97f0>: Failed to establish a new connection: [Errno -2] Name or service not known',))
HTTPConnectionPool(host='www.dieei.unict.itcorsi', port=80): Max retries exceeded with url: /lm-27 (Caused by NewConnectionError('<urllib3.connection.HTTPConnection object at 0x7f2872df9748>: Failed to establish a new connection: [Errno -2] Name or service not known',))
HTTPConnectionPool(host='www.dieei.unict.itcorsi', port=80): Max retries exceeded with url: /lm-32 (Caused by NewConnectionError('<urllib3.connection.HTTPConnection object at 0x7f2872f40ef0>: Failed to establish a new connection: [Errno -2] Name or service not known',))
HTTPConnectionPool(host='web.dmi.unict.itcorsi', port=80): Max retries exceeded with url: /l-31 (Caused by NewConnectionError('<urllib3.connection.HTTPConnection object at 0x7fabb0077518>: Failed to establish a new connection: [Errno -2] Name or service not known',))
HTTPConnectionPool(host='web.dmi.unict.itcorsi', port=80): Max retries exceeded with url: /l-35 (Caused by NewConnectionError('<urllib3.connection.HTTPConnection object at 0x7fabb00775c0>: Failed to establish a new connection: [Errno -2] Name or service not known',))
HTTPConnectionPool(host='web.dmi.unict.itcorsi', port=80): Max retries exceeded with url: /lm-18 (Caused by NewConnectionError('<urllib3.connection.HTTPConnection object at 0x7fabb0077278>: Failed to establish a new connection: [Errno -2] Name or service not known',))
HTTPConnectionPool(host='web.dmi.unict.itcorsi', port=80): Max retries exceeded with url: /lm-40 (Caused by NewConnectionError('<urllib3.connection.HTTPConnection object at 0x7fabb00772b0>: Failed to establish a new connection: [Errno -2] Name or service not known',))
'NoneType' object has no attribute 'find_all'
HTTPConnectionPool(host='web.dmi.unict.itcorsi', port=80): Max retries exceeded with url: /l-31 (Caused by NewConnectionError('<urllib3.connection.HTTPConnection object at 0x7faba88d5b00>: Failed to establish a new connection: [Errno -2] Name or service not known',))
HTTPConnectionPool(host='web.dmi.unict.itcorsi', port=80): Max retries exceeded with url: /l-35 (Caused by NewConnectionError('<urllib3.connection.HTTPConnection object at 0x7faba88d5c88>: Failed to establish a new connection: [Errno -2] Name or service not known',))
HTTPConnectionPool(host='web.dmi.unict.itcorsi', port=80): Max retries exceeded with url: /lm-18 (Caused by NewConnectionError('<urllib3.connection.HTTPConnection object at 0x7faba88d5f60>: Failed to establish a new connection: [Errno -2] Name or service not known',))
HTTPConnectionPool(host='web.dmi.unict.itcorsi', port=80): Max retries exceeded with url: /lm-40 (Caused by NewConnectionError('<urllib3.connection.HTTPConnection object at 0x7faba88d5ac8>: Failed to establish a new connection: [Errno -2] Name or service not known',))
'NoneType' object has no attribute 'find_all'
HTTPConnectionPool(host='www.dieei.unict.itcorsi', port=80): Max retries exceeded with url: /l-8-ele (Caused by NewConnectionError('<urllib3.connection.HTTPConnection object at 0x7faba8845e10>: Failed to establish a new connection: [Errno -2] Name or service not known',))
HTTPConnectionPool(host='www.dieei.unict.itcorsi', port=80): Max retries exceeded with url: /l-9 (Caused by NewConnectionError('<urllib3.connection.HTTPConnection object at 0x7faba8909240>: Failed to establish a new connection: [Errno -2] Name or service not known',))
HTTPConnectionPool(host='www.dieei.unict.itcorsi', port=80): Max retries exceeded with url: /l-8-inf (Caused by NewConnectionError('<urllib3.connection.HTTPConnection object at 0x7faba89092b0>: Failed to establish a new connection: [Errno -2] Name or service not known',))
HTTPConnectionPool(host='www.dieei.unict.itcorsi', port=80): Max retries exceeded with url: /lm-25 (Caused by NewConnectionError('<urllib3.connection.HTTPConnection object at 0x7fabb117bfd0>: Failed to establish a new connection: [Errno -2] Name or service not known',))
HTTPConnectionPool(host='www.dieei.unict.itcorsi', port=80): Max retries exceeded with url: /lm-28 (Caused by NewConnectionError('<urllib3.connection.HTTPConnection object at 0x7fabb117b588>: Failed to establish a new connection: [Errno -2] Name or service not known',))
HTTPConnectionPool(host='www.dieei.unict.itcorsi', port=80): Max retries exceeded with url: /lm-29 (Caused by NewConnectionError('<urllib3.connection.HTTPConnection object at 0x7fabb117b048>: Failed to establish a new connection: [Errno -2] Name or service not known',))
HTTPConnectionPool(host='www.dieei.unict.itcorsi', port=80): Max retries exceeded with url: /lm-27 (Caused by NewConnectionError('<urllib3.connection.HTTPConnection object at 0x7faba8909208>: Failed to establish a new connection: [Errno -2] Name or service not known',))
HTTPConnectionPool(host='www.dieei.unict.itcorsi', port=80): Max retries exceeded with url: /lm-32 (Caused by NewConnectionError('<urllib3.connection.HTTPConnection object at 0x7fabb002f208>: Failed to establish a new connection: [Errno -2] Name or service not known',))
HTTPConnectionPool(host='www.dieei.unict.itcorsi', port=80): Max retries exceeded with url: /l-8-ele (Caused by NewConnectionError('<urllib3.connection.HTTPConnection object at 0x7faba89684a8>: Failed to establish a new connection: [Errno -2] Name or service not known',))
HTTPConnectionPool(host='www.dieei.unict.itcorsi', port=80): Max retries exceeded with url: /l-9 (Caused by NewConnectionError('<urllib3.connection.HTTPConnection object at 0x7faba89687b8>: Failed to establish a new connection: [Errno -2] Name or service not known',))
HTTPConnectionPool(host='www.dieei.unict.itcorsi', port=80): Max retries exceeded with url: /l-8-inf (Caused by NewConnectionError('<urllib3.connection.HTTPConnection object at 0x7faba8968588>: Failed to establish a new connection: [Errno -2] Name or service not known',))
HTTPConnectionPool(host='www.dieei.unict.itcorsi', port=80): Max retries exceeded with url: /lm-25 (Caused by NewConnectionError('<urllib3.connection.HTTPConnection object at 0x7faba8968630>: Failed to establish a new connection: [Errno -2] Name or service not known',))
HTTPConnectionPool(host='www.dieei.unict.itcorsi', port=80): Max retries exceeded with url: /lm-28 (Caused by NewConnectionError('<urllib3.connection.HTTPConnection object at 0x7faba8968320>: Failed to establish a new connection: [Errno -2] Name or service not known',))
HTTPConnectionPool(host='www.dieei.unict.itcorsi', port=80): Max retries exceeded with url: /lm-29 (Caused by NewConnectionError('<urllib3.connection.HTTPConnection object at 0x7faba89685f8>: Failed to establish a new connection: [Errno -2] Name or service not known',))
HTTPConnectionPool(host='www.dieei.unict.itcorsi', port=80): Max retries exceeded with url: /lm-27 (Caused by NewConnectionError('<urllib3.connection.HTTPConnection object at 0x7faba8968320>: Failed to establish a new connection: [Errno -2] Name or service not known',))
HTTPConnectionPool(host='www.dieei.unict.itcorsi', port=80): Max retries exceeded with url: /lm-32 (Caused by NewConnectionError('<urllib3.connection.HTTPConnection object at 0x7faba89685f8>: Failed to establish a new connection: [Errno -2] Name or service not known',))
HTTPConnectionPool(host='web.dmi.unict.itcorsi', port=80): Max retries exceeded with url: /l-31 (Caused by NewConnectionError('<urllib3.connection.HTTPConnection object at 0x7f3a283b6518>: Failed to establish a new connection: [Errno -2] Name or service not known',))
HTTPConnectionPool(host='web.dmi.unict.itcorsi', port=80): Max retries exceeded with url: /l-35 (Caused by NewConnectionError('<urllib3.connection.HTTPConnection object at 0x7f3a283b64a8>: Failed to establish a new connection: [Errno -2] Name or service not known',))
HTTPConnectionPool(host='web.dmi.unict.itcorsi', port=80): Max retries exceeded with url: /lm-18 (Caused by NewConnectionError('<urllib3.connection.HTTPConnection object at 0x7f3a283b6518>: Failed to establish a new connection: [Errno -2] Name or service not known',))
HTTPConnectionPool(host='web.dmi.unict.itcorsi', port=80): Max retries exceeded with url: /lm-40 (Caused by NewConnectionError('<urllib3.connection.HTTPConnection object at 0x7f3a283b6550>: Failed to establish a new connection: [Errno -2] Name or service not known',))
'NoneType' object has no attribute 'find_all'
HTTPConnectionPool(host='web.dmi.unict.itcorsi', port=80): Max retries exceeded with url: /l-31 (Caused by NewConnectionError('<urllib3.connection.HTTPConnection object at 0x7f3a28266a90>: Failed to establish a new connection: [Errno -2] Name or service not known',))
HTTPConnectionPool(host='web.dmi.unict.itcorsi', port=80): Max retries exceeded with url: /l-35 (Caused by NewConnectionError('<urllib3.connection.HTTPConnection object at 0x7f3a28266b00>: Failed to establish a new connection: [Errno -2] Name or service not known',))
HTTPConnectionPool(host='web.dmi.unict.itcorsi', port=80): Max retries exceeded with url: /lm-18 (Caused by NewConnectionError('<urllib3.connection.HTTPConnection object at 0x7f3a28266a90>: Failed to establish a new connection: [Errno -2] Name or service not known',))
HTTPConnectionPool(host='web.dmi.unict.itcorsi', port=80): Max retries exceeded with url: /lm-40 (Caused by NewConnectionError('<urllib3.connection.HTTPConnection object at 0x7f3a28266b00>: Failed to establish a new connection: [Errno -2] Name or service not known',))
'NoneType' object has no attribute 'find_all'
HTTPConnectionPool(host='www.dieei.unict.itcorsi', port=80): Max retries exceeded with url: /l-8-ele (Caused by NewConnectionError('<urllib3.connection.HTTPConnection object at 0x7f3a2827efd0>: Failed to establish a new connection: [Errno -2] Name or service not known',))
HTTPConnectionPool(host='www.dieei.unict.itcorsi', port=80): Max retries exceeded with url: /l-9 (Caused by NewConnectionError('<urllib3.connection.HTTPConnection object at 0x7f3a280eb208>: Failed to establish a new connection: [Errno -2] Name or service not known',))
HTTPConnectionPool(host='www.dieei.unict.itcorsi', port=80): Max retries exceeded with url: /l-8-inf (Caused by NewConnectionError('<urllib3.connection.HTTPConnection object at 0x7f3a28341a20>: Failed to establish a new connection: [Errno -2] Name or service not known',))
HTTPConnectionPool(host='www.dieei.unict.itcorsi', port=80): Max retries exceeded with url: /lm-25 (Caused by NewConnectionError('<urllib3.connection.HTTPConnection object at 0x7f3a28341fd0>: Failed to establish a new connection: [Errno -2] Name or service not known',))
HTTPConnectionPool(host='www.dieei.unict.itcorsi', port=80): Max retries exceeded with url: /lm-28 (Caused by NewConnectionError('<urllib3.connection.HTTPConnection object at 0x7f3a283417b8>: Failed to establish a new connection: [Errno -2] Name or service not known',))
HTTPConnectionPool(host='www.dieei.unict.itcorsi', port=80): Max retries exceeded with url: /lm-29 (Caused by NewConnectionError('<urllib3.connection.HTTPConnection object at 0x7f3a28341c50>: Failed to establish a new connection: [Errno -2] Name or service not known',))
HTTPConnectionPool(host='www.dieei.unict.itcorsi', port=80): Max retries exceeded with url: /lm-27 (Caused by NewConnectionError('<urllib3.connection.HTTPConnection object at 0x7f3a28341c18>: Failed to establish a new connection: [Errno -2] Name or service not known',))
HTTPConnectionPool(host='www.dieei.unict.itcorsi', port=80): Max retries exceeded with url: /lm-32 (Caused by NewConnectionError('<urllib3.connection.HTTPConnection object at 0x7f3a28341d68>: Failed to establish a new connection: [Errno -2] Name or service not known',))
HTTPConnectionPool(host='www.dieei.unict.itcorsi', port=80): Max retries exceeded with url: /l-8-ele (Caused by NewConnectionError('<urllib3.connection.HTTPConnection object at 0x7f3a281377f0>: Failed to establish a new connection: [Errno -2] Name or service not known',))
HTTPConnectionPool(host='www.dieei.unict.itcorsi', port=80): Max retries exceeded with url: /l-9 (Caused by NewConnectionError('<urllib3.connection.HTTPConnection object at 0x7f3a281378d0>: Failed to establish a new connection: [Errno -2] Name or service not known',))
HTTPConnectionPool(host='www.dieei.unict.itcorsi', port=80): Max retries exceeded with url: /l-8-inf (Caused by NewConnectionError('<urllib3.connection.HTTPConnection object at 0x7f3a28137cf8>: Failed to establish a new connection: [Errno -2] Name or service not known',))
HTTPConnectionPool(host='www.dieei.unict.itcorsi', port=80): Max retries exceeded with url: /lm-25 (Caused by NewConnectionError('<urllib3.connection.HTTPConnection object at 0x7f3a28137978>: Failed to establish a new connection: [Errno -2] Name or service not known',))
HTTPConnectionPool(host='www.dieei.unict.itcorsi', port=80): Max retries exceeded with url: /lm-28 (Caused by NewConnectionError('<urllib3.connection.HTTPConnection object at 0x7f3a28137eb8>: Failed to establish a new connection: [Errno -2] Name or service not known',))
HTTPConnectionPool(host='www.dieei.unict.itcorsi', port=80): Max retries exceeded with url: /lm-29 (Caused by NewConnectionError('<urllib3.connection.HTTPConnection object at 0x7f3a281379e8>: Failed to establish a new connection: [Errno -2] Name or service not known',))
HTTPConnectionPool(host='www.dieei.unict.itcorsi', port=80): Max retries exceeded with url: /lm-27 (Caused by NewConnectionError('<urllib3.connection.HTTPConnection object at 0x7f3a28137eb8>: Failed to establish a new connection: [Errno -2] Name or service not known',))
HTTPConnectionPool(host='www.dieei.unict.itcorsi', port=80): Max retries exceeded with url: /lm-32 (Caused by NewConnectionError('<urllib3.connection.HTTPConnection object at 0x7f3a196b65f8>: Failed to establish a new connection: [Errno -2] Name or service not known',))
HTTPConnectionPool(host='web.dmi.unict.itcorsi', port=80): Max retries exceeded with url: /l-31 (Caused by NewConnectionError('<urllib3.connection.HTTPConnection object at 0x7f55c4159d68>: Failed to establish a new connection: [Errno -2] Name or service not known',))
HTTPConnectionPool(host='web.dmi.unict.itcorsi', port=80): Max retries exceeded with url: /l-35 (Caused by NewConnectionError('<urllib3.connection.HTTPConnection object at 0x7f55c4159cc0>: Failed to establish a new connection: [Errno -2] Name or service not known',))
HTTPConnectionPool(host='web.dmi.unict.itcorsi', port=80): Max retries exceeded with url: /lm-18 (Caused by NewConnectionError('<urllib3.connection.HTTPConnection object at 0x7f55c4159f98>: Failed to establish a new connection: [Errno -2] Name or service not known',))
HTTPConnectionPool(host='web.dmi.unict.itcorsi', port=80): Max retries exceeded with url: /lm-40 (Caused by NewConnectionError('<urllib3.connection.HTTPConnection object at 0x7f55c41598d0>: Failed to establish a new connection: [Errno -2] Name or service not known',))
'NoneType' object has no attribute 'find_all'
HTTPConnectionPool(host='web.dmi.unict.itcorsi', port=80): Max retries exceeded with url: /l-31 (Caused by NewConnectionError('<urllib3.connection.HTTPConnection object at 0x7f55c401eb00>: Failed to establish a new connection: [Errno -2] Name or service not known',))
HTTPConnectionPool(host='web.dmi.unict.itcorsi', port=80): Max retries exceeded with url: /l-35 (Caused by NewConnectionError('<urllib3.connection.HTTPConnection object at 0x7f55c401ec88>: Failed to establish a new connection: [Errno -2] Name or service not known',))
HTTPConnectionPool(host='web.dmi.unict.itcorsi', port=80): Max retries exceeded with url: /lm-18 (Caused by NewConnectionError('<urllib3.connection.HTTPConnection object at 0x7f55c401ef60>: Failed to establish a new connection: [Errno -2] Name or service not known',))
HTTPConnectionPool(host='web.dmi.unict.itcorsi', port=80): Max retries exceeded with url: /lm-40 (Caused by NewConnectionError('<urllib3.connection.HTTPConnection object at 0x7f55c401eac8>: Failed to establish a new connection: [Errno -2] Name or service not known',))
'NoneType' object has no attribute 'find_all'
HTTPConnectionPool(host='www.dieei.unict.itcorsi', port=80): Max retries exceeded with url: /l-8-ele (Caused by NewConnectionError('<urllib3.connection.HTTPConnection object at 0x7f55bc422588>: Failed to establish a new connection: [Errno -2] Name or service not known',))
HTTPConnectionPool(host='www.dieei.unict.itcorsi', port=80): Max retries exceeded with url: /l-9 (Caused by NewConnectionError('<urllib3.connection.HTTPConnection object at 0x7f55c4e84198>: Failed to establish a new connection: [Errno -2] Name or service not known',))
HTTPConnectionPool(host='www.dieei.unict.itcorsi', port=80): Max retries exceeded with url: /l-8-inf (Caused by NewConnectionError('<urllib3.connection.HTTPConnection object at 0x7f55c4e84198>: Failed to establish a new connection: [Errno -2] Name or service not known',))
HTTPConnectionPool(host='www.dieei.unict.itcorsi', port=80): Max retries exceeded with url: /lm-25 (Caused by NewConnectionError('<urllib3.connection.HTTPConnection object at 0x7f55c4e84e10>: Failed to establish a new connection: [Errno -2] Name or service not known',))
HTTPConnectionPool(host='www.dieei.unict.itcorsi', port=80): Max retries exceeded with url: /lm-28 (Caused by NewConnectionError('<urllib3.connection.HTTPConnection object at 0x7f55c4e84b00>: Failed to establish a new connection: [Errno -2] Name or service not known',))
HTTPConnectionPool(host='www.dieei.unict.itcorsi', port=80): Max retries exceeded with url: /lm-29 (Caused by NewConnectionError('<urllib3.connection.HTTPConnection object at 0x7f55c4e84e48>: Failed to establish a new connection: [Errno -2] Name or service not known',))
HTTPConnectionPool(host='www.dieei.unict.itcorsi', port=80): Max retries exceeded with url: /lm-27 (Caused by NewConnectionError('<urllib3.connection.HTTPConnection object at 0x7f55c4e84e10>: Failed to establish a new connection: [Errno -2] Name or service not known',))
HTTPConnectionPool(host='www.dieei.unict.itcorsi', port=80): Max retries exceeded with url: /lm-32 (Caused by NewConnectionError('<urllib3.connection.HTTPConnection object at 0x7f55c4e84b00>: Failed to establish a new connection: [Errno -2] Name or service not known',))
HTTPConnectionPool(host='www.dieei.unict.itcorsi', port=80): Max retries exceeded with url: /l-8-ele (Caused by NewConnectionError('<urllib3.connection.HTTPConnection object at 0x7f55c413d240>: Failed to establish a new connection: [Errno -2] Name or service not known',))
HTTPConnectionPool(host='www.dieei.unict.itcorsi', port=80): Max retries exceeded with url: /l-9 (Caused by NewConnectionError('<urllib3.connection.HTTPConnection object at 0x7f55c413d128>: Failed to establish a new connection: [Errno -2] Name or service not known',))
HTTPConnectionPool(host='www.dieei.unict.itcorsi', port=80): Max retries exceeded with url: /l-8-inf (Caused by NewConnectionError('<urllib3.connection.HTTPConnection object at 0x7f55c413d2e8>: Failed to establish a new connection: [Errno -2] Name or service not known',))
HTTPConnectionPool(host='www.dieei.unict.itcorsi', port=80): Max retries exceeded with url: /lm-25 (Caused by NewConnectionError('<urllib3.connection.HTTPConnection object at 0x7f55c413d978>: Failed to establish a new connection: [Errno -2] Name or service not known',))
HTTPConnectionPool(host='www.dieei.unict.itcorsi', port=80): Max retries exceeded with url: /lm-28 (Caused by NewConnectionError('<urllib3.connection.HTTPConnection object at 0x7f55c413d630>: Failed to establish a new connection: [Errno -2] Name or service not known',))
HTTPConnectionPool(host='www.dieei.unict.itcorsi', port=80): Max retries exceeded with url: /lm-29 (Caused by NewConnectionError('<urllib3.connection.HTTPConnection object at 0x7f55c413d1d0>: Failed to establish a new connection: [Errno -2] Name or service not known',))
HTTPConnectionPool(host='www.dieei.unict.itcorsi', port=80): Max retries exceeded with url: /lm-27 (Caused by NewConnectionError('<urllib3.connection.HTTPConnection object at 0x7f55c413d630>: Failed to establish a new connection: [Errno -2] Name or service not known',))
HTTPConnectionPool(host='www.dieei.unict.itcorsi', port=80): Max retries exceeded with url: /lm-32 (Caused by NewConnectionError('<urllib3.connection.HTTPConnection object at 0x7f55c413d1d0>: Failed to establish a new connection: [Errno -2] Name or service not known',))
HTTPConnectionPool(host='web.dmi.unict.itcorsi', port=80): Max retries exceeded with url: /l-31 (Caused by NewConnectionError('<urllib3.connection.HTTPConnection object at 0x7f5c640ddd68>: Failed to establish a new connection: [Errno -2] Name or service not known',))
HTTPConnectionPool(host='web.dmi.unict.itcorsi', port=80): Max retries exceeded with url: /l-35 (Caused by NewConnectionError('<urllib3.connection.HTTPConnection object at 0x7f5c640ddcc0>: Failed to establish a new connection: [Errno -2] Name or service not known',))
HTTPConnectionPool(host='web.dmi.unict.itcorsi', port=80): Max retries exceeded with url: /lm-18 (Caused by NewConnectionError('<urllib3.connection.HTTPConnection object at 0x7f5c640ddf98>: Failed to establish a new connection: [Errno -2] Name or service not known',))
HTTPConnectionPool(host='web.dmi.unict.itcorsi', port=80): Max retries exceeded with url: /lm-40 (Caused by NewConnectionError('<urllib3.connection.HTTPConnection object at 0x7f5c640dd8d0>: Failed to establish a new connection: [Errno -2] Name or service not known',))
'NoneType' object has no attribute 'find_all'
HTTPConnectionPool(host='web.dmi.unict.itcorsi', port=80): Max retries exceeded with url: /l-31 (Caused by NewConnectionError('<urllib3.connection.HTTPConnection object at 0x7f5c640aeb00>: Failed to establish a new connection: [Errno -2] Name or service not known',))
HTTPConnectionPool(host='web.dmi.unict.itcorsi', port=80): Max retries exceeded with url: /l-35 (Caused by NewConnectionError('<urllib3.connection.HTTPConnection object at 0x7f5c640aeb00>: Failed to establish a new connection: [Errno -2] Name or service not known',))
HTTPConnectionPool(host='web.dmi.unict.itcorsi', port=80): Max retries exceeded with url: /lm-18 (Caused by NewConnectionError('<urllib3.connection.HTTPConnection object at 0x7f5c640aeb00>: Failed to establish a new connection: [Errno -2] Name or service not known',))
HTTPConnectionPool(host='web.dmi.unict.itcorsi', port=80): Max retries exceeded with url: /lm-40 (Caused by NewConnectionError('<urllib3.connection.HTTPConnection object at 0x7f5c640aeb00>: Failed to establish a new connection: [Errno -2] Name or service not known',))
'NoneType' object has no attribute 'find_all'
HTTPConnectionPool(host='www.dieei.unict.itcorsi', port=80): Max retries exceeded with url: /l-8-ele (Caused by NewConnectionError('<urllib3.connection.HTTPConnection object at 0x7f5c556f52b0>: Failed to establish a new connection: [Errno -2] Name or service not known',))
HTTPConnectionPool(host='www.dieei.unict.itcorsi', port=80): Max retries exceeded with url: /l-9 (Caused by NewConnectionError('<urllib3.connection.HTTPConnection object at 0x7f5c556f53c8>: Failed to establish a new connection: [Errno -2] Name or service not known',))
HTTPConnectionPool(host='www.dieei.unict.itcorsi', port=80): Max retries exceeded with url: /l-8-inf (Caused by NewConnectionError('<urllib3.connection.HTTPConnection object at 0x7f5c556f5320>: Failed to establish a new connection: [Errno -2] Name or service not known',))
HTTPConnectionPool(host='www.dieei.unict.itcorsi', port=80): Max retries exceeded with url: /lm-25 (Caused by NewConnectionError('<urllib3.connection.HTTPConnection object at 0x7f5c556f53c8>: Failed to establish a new connection: [Errno -2] Name or service not known',))
HTTPConnectionPool(host='www.dieei.unict.itcorsi', port=80): Max retries exceeded with url: /lm-28 (Caused by NewConnectionError('<urllib3.connection.HTTPConnection object at 0x7f5c556f5320>: Failed to establish a new connection: [Errno -2] Name or service not known',))
HTTPConnectionPool(host='www.dieei.unict.itcorsi', port=80): Max retries exceeded with url: /lm-29 (Caused by NewConnectionError('<urllib3.connection.HTTPConnection object at 0x7f5c554cb0f0>: Failed to establish a new connection: [Errno -2] Name or service not known',))
HTTPConnectionPool(host='www.dieei.unict.itcorsi', port=80): Max retries exceeded with url: /lm-27 (Caused by NewConnectionError('<urllib3.connection.HTTPConnection object at 0x7f5c554cb320>: Failed to establish a new connection: [Errno -2] Name or service not known',))
HTTPConnectionPool(host='www.dieei.unict.itcorsi', port=80): Max retries exceeded with url: /lm-32 (Caused by NewConnectionError('<urllib3.connection.HTTPConnection object at 0x7f5c556f5080>: Failed to establish a new connection: [Errno -2] Name or service not known',))
HTTPConnectionPool(host='www.dieei.unict.itcorsi', port=80): Max retries exceeded with url: /l-8-ele (Caused by NewConnectionError('<urllib3.connection.HTTPConnection object at 0x7f5c555a8d30>: Failed to establish a new connection: [Errno -2] Name or service not known',))
HTTPConnectionPool(host='www.dieei.unict.itcorsi', port=80): Max retries exceeded with url: /l-9 (Caused by NewConnectionError('<urllib3.connection.HTTPConnection object at 0x7f5c555a8b38>: Failed to establish a new connection: [Errno -2] Name or service not known',))
HTTPConnectionPool(host='www.dieei.unict.itcorsi', port=80): Max retries exceeded with url: /l-8-inf (Caused by NewConnectionError('<urllib3.connection.HTTPConnection object at 0x7f5c555a89b0>: Failed to establish a new connection: [Errno -2] Name or service not known',))
HTTPConnectionPool(host='www.dieei.unict.itcorsi', port=80): Max retries exceeded with url: /lm-25 (Caused by NewConnectionError('<urllib3.connection.HTTPConnection object at 0x7f5c555a8908>: Failed to establish a new connection: [Errno -2] Name or service not known',))
HTTPConnectionPool(host='www.dieei.unict.itcorsi', port=80): Max retries exceeded with url: /lm-28 (Caused by NewConnectionError('<urllib3.connection.HTTPConnection object at 0x7f5c555a8cf8>: Failed to establish a new connection: [Errno -2] Name or service not known',))
HTTPConnectionPool(host='www.dieei.unict.itcorsi', port=80): Max retries exceeded with url: /lm-29 (Caused by NewConnectionError('<urllib3.connection.HTTPConnection object at 0x7f5c553f6240>: Failed to establish a new connection: [Errno -2] Name or service not known',))
HTTPConnectionPool(host='www.dieei.unict.itcorsi', port=80): Max retries exceeded with url: /lm-27 (Caused by NewConnectionError('<urllib3.connection.HTTPConnection object at 0x7f5c555a8908>: Failed to establish a new connection: [Errno -2] Name or service not known',))
HTTPConnectionPool(host='www.dieei.unict.itcorsi', port=80): Max retries exceeded with url: /lm-32 (Caused by NewConnectionError('<urllib3.connection.HTTPConnection object at 0x7f5c555a8c18>: Failed to establish a new connection: [Errno -2] Name or service not known',))
HTTPConnectionPool(host='web.dmi.unict.itcorsi', port=80): Max retries exceeded with url: /l-31 (Caused by NewConnectionError('<urllib3.connection.HTTPConnection object at 0x7f55f410b2b0>: Failed to establish a new connection: [Errno -2] Name or service not known',))
HTTPConnectionPool(host='web.dmi.unict.itcorsi', port=80): Max retries exceeded with url: /l-35 (Caused by NewConnectionError('<urllib3.connection.HTTPConnection object at 0x7f55f410b320>: Failed to establish a new connection: [Errno -2] Name or service not known',))
HTTPConnectionPool(host='web.dmi.unict.itcorsi', port=80): Max retries exceeded with url: /lm-18 (Caused by NewConnectionError('<urllib3.connection.HTTPConnection object at 0x7f55f410b278>: Failed to establish a new connection: [Errno -2] Name or service not known',))
HTTPConnectionPool(host='web.dmi.unict.itcorsi', port=80): Max retries exceeded with url: /lm-40 (Caused by NewConnectionError('<urllib3.connection.HTTPConnection object at 0x7f55f410b2b0>: Failed to establish a new connection: [Errno -2] Name or service not known',))
'NoneType' object has no attribute 'find_all'
HTTPConnectionPool(host='web.dmi.unict.itcorsi', port=80): Max retries exceeded with url: /l-31 (Caused by NewConnectionError('<urllib3.connection.HTTPConnection object at 0x7f55f40d39e8>: Failed to establish a new connection: [Errno -2] Name or service not known',))
HTTPConnectionPool(host='web.dmi.unict.itcorsi', port=80): Max retries exceeded with url: /l-35 (Caused by NewConnectionError('<urllib3.connection.HTTPConnection object at 0x7f55f40d3b70>: Failed to establish a new connection: [Errno -2] Name or service not known',))
HTTPConnectionPool(host='web.dmi.unict.itcorsi', port=80): Max retries exceeded with url: /lm-18 (Caused by NewConnectionError('<urllib3.connection.HTTPConnection object at 0x7f55f40d3a20>: Failed to establish a new connection: [Errno -2] Name or service not known',))
HTTPConnectionPool(host='web.dmi.unict.itcorsi', port=80): Max retries exceeded with url: /lm-40 (Caused by NewConnectionError('<urllib3.connection.HTTPConnection object at 0x7f55f40d39e8>: Failed to establish a new connection: [Errno -2] Name or service not known',))
'NoneType' object has no attribute 'find_all'
HTTPConnectionPool(host='www.dieei.unict.itcorsi', port=80): Max retries exceeded with url: /l-8-ele (Caused by NewConnectionError('<urllib3.connection.HTTPConnection object at 0x7f55ec87bda0>: Failed to establish a new connection: [Errno -2] Name or service not known',))
HTTPConnectionPool(host='www.dieei.unict.itcorsi', port=80): Max retries exceeded with url: /l-9 (Caused by NewConnectionError('<urllib3.connection.HTTPConnection object at 0x7f55ec956208>: Failed to establish a new connection: [Errno -2] Name or service not known',))
HTTPConnectionPool(host='www.dieei.unict.itcorsi', port=80): Max retries exceeded with url: /l-8-inf (Caused by NewConnectionError('<urllib3.connection.HTTPConnection object at 0x7f55ec956208>: Failed to establish a new connection: [Errno -2] Name or service not known',))
HTTPConnectionPool(host='www.dieei.unict.itcorsi', port=80): Max retries exceeded with url: /lm-25 (Caused by NewConnectionError('<urllib3.connection.HTTPConnection object at 0x7f55f4082320>: Failed to establish a new connection: [Errno -2] Name or service not known',))
HTTPConnectionPool(host='www.dieei.unict.itcorsi', port=80): Max retries exceeded with url: /lm-28 (Caused by NewConnectionError('<urllib3.connection.HTTPConnection object at 0x7f55ec9560b8>: Failed to establish a new connection: [Errno -2] Name or service not known',))
HTTPConnectionPool(host='www.dieei.unict.itcorsi', port=80): Max retries exceeded with url: /lm-29 (Caused by NewConnectionError('<urllib3.connection.HTTPConnection object at 0x7f55ec856f28>: Failed to establish a new connection: [Errno -2] Name or service not known',))
HTTPConnectionPool(host='www.dieei.unict.itcorsi', port=80): Max retries exceeded with url: /lm-27 (Caused by NewConnectionError('<urllib3.connection.HTTPConnection object at 0x7f55ec8568d0>: Failed to establish a new connection: [Errno -2] Name or service not known',))
HTTPConnectionPool(host='www.dieei.unict.itcorsi', port=80): Max retries exceeded with url: /lm-32 (Caused by NewConnectionError('<urllib3.connection.HTTPConnection object at 0x7f55ec856860>: Failed to establish a new connection: [Errno -2] Name or service not known',))
HTTPConnectionPool(host='www.dieei.unict.itcorsi', port=80): Max retries exceeded with url: /l-8-ele (Caused by NewConnectionError('<urllib3.connection.HTTPConnection object at 0x7f55ec70c550>: Failed to establish a new connection: [Errno -2] Name or service not known',))
HTTPConnectionPool(host='www.dieei.unict.itcorsi', port=80): Max retries exceeded with url: /l-9 (Caused by NewConnectionError('<urllib3.connection.HTTPConnection object at 0x7f55ec70c828>: Failed to establish a new connection: [Errno -2] Name or service not known',))
HTTPConnectionPool(host='www.dieei.unict.itcorsi', port=80): Max retries exceeded with url: /l-8-inf (Caused by NewConnectionError('<urllib3.connection.HTTPConnection object at 0x7f55ec70c198>: Failed to establish a new connection: [Errno -2] Name or service not known',))
HTTPConnectionPool(host='www.dieei.unict.itcorsi', port=80): Max retries exceeded with url: /lm-25 (Caused by NewConnectionError('<urllib3.connection.HTTPConnection object at 0x7f55ec70c080>: Failed to establish a new connection: [Errno -2] Name or service not known',))
HTTPConnectionPool(host='www.dieei.unict.itcorsi', port=80): Max retries exceeded with url: /lm-28 (Caused by NewConnectionError('<urllib3.connection.HTTPConnection object at 0x7f55ec70c470>: Failed to establish a new connection: [Errno -2] Name or service not known',))
HTTPConnectionPool(host='www.dieei.unict.itcorsi', port=80): Max retries exceeded with url: /lm-29 (Caused by NewConnectionError('<urllib3.connection.HTTPConnection object at 0x7f55ec5c0710>: Failed to establish a new connection: [Errno -2] Name or service not known',))
HTTPConnectionPool(host='www.dieei.unict.itcorsi', port=80): Max retries exceeded with url: /lm-27 (Caused by NewConnectionError('<urllib3.connection.HTTPConnection object at 0x7f55ec70c080>: Failed to establish a new connection: [Errno -2] Name or service not known',))
HTTPConnectionPool(host='www.dieei.unict.itcorsi', port=80): Max retries exceeded with url: /lm-32 (Caused by NewConnectionError('<urllib3.connection.HTTPConnection object at 0x7f55ec70c208>: Failed to establish a new connection: [Errno -2] Name or service not known',))
HTTPConnectionPool(host='web.dmi.unict.itcorsi', port=80): Max retries exceeded with url: /l-31 (Caused by NewConnectionError('<urllib3.connection.HTTPConnection object at 0x7f67244d5f28>: Failed to establish a new connection: [Errno -2] Name or service not known',))
HTTPConnectionPool(host='web.dmi.unict.itcorsi', port=80): Max retries exceeded with url: /l-35 (Caused by NewConnectionError('<urllib3.connection.HTTPConnection object at 0x7f67244d5eb8>: Failed to establish a new connection: [Errno -2] Name or service not known',))
HTTPConnectionPool(host='web.dmi.unict.itcorsi', port=80): Max retries exceeded with url: /lm-18 (Caused by NewConnectionError('<urllib3.connection.HTTPConnection object at 0x7f67244d5fd0>: Failed to establish a new connection: [Errno -2] Name or service not known',))
HTTPConnectionPool(host='web.dmi.unict.itcorsi', port=80): Max retries exceeded with url: /lm-40 (Caused by NewConnectionError('<urllib3.connection.HTTPConnection object at 0x7f67244d5f28>: Failed to establish a new connection: [Errno -2] Name or service not known',))
'NoneType' object has no attribute 'find_all'
HTTPConnectionPool(host='web.dmi.unict.itcorsi', port=80): Max retries exceeded with url: /l-31 (Caused by NewConnectionError('<urllib3.connection.HTTPConnection object at 0x7f67244aba58>: Failed to establish a new connection: [Errno -2] Name or service not known',))
HTTPConnectionPool(host='web.dmi.unict.itcorsi', port=80): Max retries exceeded with url: /l-35 (Caused by NewConnectionError('<urllib3.connection.HTTPConnection object at 0x7f67244abbe0>: Failed to establish a new connection: [Errno -2] Name or service not known',))
HTTPConnectionPool(host='web.dmi.unict.itcorsi', port=80): Max retries exceeded with url: /lm-18 (Caused by NewConnectionError('<urllib3.connection.HTTPConnection object at 0x7f67244aba90>: Failed to establish a new connection: [Errno -2] Name or service not known',))
HTTPConnectionPool(host='web.dmi.unict.itcorsi', port=80): Max retries exceeded with url: /lm-40 (Caused by NewConnectionError('<urllib3.connection.HTTPConnection object at 0x7f67244aba58>: Failed to establish a new connection: [Errno -2] Name or service not known',))
'NoneType' object has no attribute 'find_all'
HTTPConnectionPool(host='www.dieei.unict.itcorsi', port=80): Max retries exceeded with url: /l-8-ele (Caused by NewConnectionError('<urllib3.connection.HTTPConnection object at 0x7f672446dd30>: Failed to establish a new connection: [Errno -2] Name or service not known',))
HTTPConnectionPool(host='www.dieei.unict.itcorsi', port=80): Max retries exceeded with url: /l-9 (Caused by NewConnectionError('<urllib3.connection.HTTPConnection object at 0x7f6724287a58>: Failed to establish a new connection: [Errno -2] Name or service not known',))
HTTPConnectionPool(host='www.dieei.unict.itcorsi', port=80): Max retries exceeded with url: /l-8-inf (Caused by NewConnectionError('<urllib3.connection.HTTPConnection object at 0x7f6724287080>: Failed to establish a new connection: [Errno -2] Name or service not known',))
HTTPConnectionPool(host='www.dieei.unict.itcorsi', port=80): Max retries exceeded with url: /lm-25 (Caused by NewConnectionError('<urllib3.connection.HTTPConnection object at 0x7f672741b3c8>: Failed to establish a new connection: [Errno -2] Name or service not known',))
HTTPConnectionPool(host='www.dieei.unict.itcorsi', port=80): Max retries exceeded with url: /lm-28 (Caused by NewConnectionError('<urllib3.connection.HTTPConnection object at 0x7f672741b978>: Failed to establish a new connection: [Errno -2] Name or service not known',))
HTTPConnectionPool(host='www.dieei.unict.itcorsi', port=80): Max retries exceeded with url: /lm-29 (Caused by NewConnectionError('<urllib3.connection.HTTPConnection object at 0x7f672741b278>: Failed to establish a new connection: [Errno -2] Name or service not known',))
HTTPConnectionPool(host='www.dieei.unict.itcorsi', port=80): Max retries exceeded with url: /lm-27 (Caused by NewConnectionError('<urllib3.connection.HTTPConnection object at 0x7f672741b3c8>: Failed to establish a new connection: [Errno -2] Name or service not known',))
HTTPConnectionPool(host='www.dieei.unict.itcorsi', port=80): Max retries exceeded with url: /lm-32 (Caused by NewConnectionError('<urllib3.connection.HTTPConnection object at 0x7f672741b978>: Failed to establish a new connection: [Errno -2] Name or service not known',))
HTTPConnectionPool(host='www.dieei.unict.itcorsi', port=80): Max retries exceeded with url: /l-8-ele (Caused by NewConnectionError('<urllib3.connection.HTTPConnection object at 0x7f67240b9e48>: Failed to establish a new connection: [Errno -2] Name or service not known',))
HTTPConnectionPool(host='www.dieei.unict.itcorsi', port=80): Max retries exceeded with url: /l-9 (Caused by NewConnectionError('<urllib3.connection.HTTPConnection object at 0x7f67240b9ba8>: Failed to establish a new connection: [Errno -2] Name or service not known',))
HTTPConnectionPool(host='www.dieei.unict.itcorsi', port=80): Max retries exceeded with url: /l-8-inf (Caused by NewConnectionError('<urllib3.connection.HTTPConnection object at 0x7f67240b9668>: Failed to establish a new connection: [Errno -2] Name or service not known',))
HTTPConnectionPool(host='www.dieei.unict.itcorsi', port=80): Max retries exceeded with url: /lm-25 (Caused by NewConnectionError('<urllib3.connection.HTTPConnection object at 0x7f67240b9cf8>: Failed to establish a new connection: [Errno -2] Name or service not known',))
HTTPConnectionPool(host='www.dieei.unict.itcorsi', port=80): Max retries exceeded with url: /lm-28 (Caused by NewConnectionError('<urllib3.connection.HTTPConnection object at 0x7f67240b9f28>: Failed to establish a new connection: [Errno -2] Name or service not known',))
HTTPConnectionPool(host='www.dieei.unict.itcorsi', port=80): Max retries exceeded with url: /lm-29 (Caused by NewConnectionError('<urllib3.connection.HTTPConnection object at 0x7f67240b9e48>: Failed to establish a new connection: [Errno -2] Name or service not known',))
HTTPConnectionPool(host='www.dieei.unict.itcorsi', port=80): Max retries exceeded with url: /lm-27 (Caused by NewConnectionError('<urllib3.connection.HTTPConnection object at 0x7f67240b9668>: Failed to establish a new connection: [Errno -2] Name or service not known',))
HTTPConnectionPool(host='www.dieei.unict.itcorsi', port=80): Max retries exceeded with url: /lm-32 (Caused by NewConnectionError('<urllib3.connection.HTTPConnection object at 0x7f67240b9e48>: Failed to establish a new connection: [Errno -2] Name or service not known',))
HTTPConnectionPool(host='web.dmi.unict.itcorsi', port=80): Max retries exceeded with url: /l-31 (Caused by NewConnectionError('<urllib3.connection.HTTPConnection object at 0x7f6310020518>: Failed to establish a new connection: [Errno -2] Name or service not known',))
HTTPConnectionPool(host='web.dmi.unict.itcorsi', port=80): Max retries exceeded with url: /l-35 (Caused by NewConnectionError('<urllib3.connection.HTTPConnection object at 0x7f63100205c0>: Failed to establish a new connection: [Errno -2] Name or service not known',))
HTTPConnectionPool(host='web.dmi.unict.itcorsi', port=80): Max retries exceeded with url: /lm-18 (Caused by NewConnectionError('<urllib3.connection.HTTPConnection object at 0x7f6310020278>: Failed to establish a new connection: [Errno -2] Name or service not known',))
HTTPConnectionPool(host='web.dmi.unict.itcorsi', port=80): Max retries exceeded with url: /lm-40 (Caused by NewConnectionError('<urllib3.connection.HTTPConnection object at 0x7f63100202b0>: Failed to establish a new connection: [Errno -2] Name or service not known',))
'NoneType' object has no attribute 'find_all'
HTTPConnectionPool(host='web.dmi.unict.itcorsi', port=80): Max retries exceeded with url: /l-31 (Caused by NewConnectionError('<urllib3.connection.HTTPConnection object at 0x7f63084abb00>: Failed to establish a new connection: [Errno -2] Name or service not known',))
HTTPConnectionPool(host='web.dmi.unict.itcorsi', port=80): Max retries exceeded with url: /l-35 (Caused by NewConnectionError('<urllib3.connection.HTTPConnection object at 0x7f63084abb00>: Failed to establish a new connection: [Errno -2] Name or service not known',))
HTTPConnectionPool(host='web.dmi.unict.itcorsi', port=80): Max retries exceeded with url: /lm-18 (Caused by NewConnectionError('<urllib3.connection.HTTPConnection object at 0x7f63084abb00>: Failed to establish a new connection: [Errno -2] Name or service not known',))
HTTPConnectionPool(host='web.dmi.unict.itcorsi', port=80): Max retries exceeded with url: /lm-40 (Caused by NewConnectionError('<urllib3.connection.HTTPConnection object at 0x7f63084abb00>: Failed to establish a new connection: [Errno -2] Name or service not known',))
'NoneType' object has no attribute 'find_all'
HTTPConnectionPool(host='www.dieei.unict.itcorsi', port=80): Max retries exceeded with url: /l-8-ele (Caused by NewConnectionError('<urllib3.connection.HTTPConnection object at 0x7f6310020ac8>: Failed to establish a new connection: [Errno -2] Name or service not known',))
HTTPConnectionPool(host='www.dieei.unict.itcorsi', port=80): Max retries exceeded with url: /l-9 (Caused by NewConnectionError('<urllib3.connection.HTTPConnection object at 0x7f6310020be0>: Failed to establish a new connection: [Errno -2] Name or service not known',))
HTTPConnectionPool(host='www.dieei.unict.itcorsi', port=80): Max retries exceeded with url: /l-8-inf (Caused by NewConnectionError('<urllib3.connection.HTTPConnection object at 0x7f6310020ac8>: Failed to establish a new connection: [Errno -2] Name or service not known',))
HTTPConnectionPool(host='www.dieei.unict.itcorsi', port=80): Max retries exceeded with url: /lm-25 (Caused by NewConnectionError('<urllib3.connection.HTTPConnection object at 0x7f63100204a8>: Failed to establish a new connection: [Errno -2] Name or service not known',))
HTTPConnectionPool(host='www.dieei.unict.itcorsi', port=80): Max retries exceeded with url: /lm-28 (Caused by NewConnectionError('<urllib3.connection.HTTPConnection object at 0x7f6310020978>: Failed to establish a new connection: [Errno -2] Name or service not known',))
HTTPConnectionPool(host='www.dieei.unict.itcorsi', port=80): Max retries exceeded with url: /lm-29 (Caused by NewConnectionError('<urllib3.connection.HTTPConnection object at 0x7f6310020e10>: Failed to establish a new connection: [Errno -2] Name or service not known',))
HTTPConnectionPool(host='www.dieei.unict.itcorsi', port=80): Max retries exceeded with url: /lm-27 (Caused by NewConnectionError('<urllib3.connection.HTTPConnection object at 0x7f63100204a8>: Failed to establish a new connection: [Errno -2] Name or service not known',))
HTTPConnectionPool(host='www.dieei.unict.itcorsi', port=80): Max retries exceeded with url: /lm-32 (Caused by NewConnectionError('<urllib3.connection.HTTPConnection object at 0x7f6310020978>: Failed to establish a new connection: [Errno -2] Name or service not known',))
HTTPConnectionPool(host='www.dieei.unict.itcorsi', port=80): Max retries exceeded with url: /l-8-ele (Caused by NewConnectionError('<urllib3.connection.HTTPConnection object at 0x7f6310d6cf28>: Failed to establish a new connection: [Errno -2] Name or service not known',))
HTTPConnectionPool(host='www.dieei.unict.itcorsi', port=80): Max retries exceeded with url: /l-9 (Caused by NewConnectionError('<urllib3.connection.HTTPConnection object at 0x7f6308119630>: Failed to establish a new connection: [Errno -2] Name or service not known',))
HTTPConnectionPool(host='www.dieei.unict.itcorsi', port=80): Max retries exceeded with url: /l-8-inf (Caused by NewConnectionError('<urllib3.connection.HTTPConnection object at 0x7f6308119630>: Failed to establish a new connection: [Errno -2] Name or service not known',))
HTTPConnectionPool(host='www.dieei.unict.itcorsi', port=80): Max retries exceeded with url: /lm-25 (Caused by NewConnectionError('<urllib3.connection.HTTPConnection object at 0x7f63081195f8>: Failed to establish a new connection: [Errno -2] Name or service not known',))
HTTPConnectionPool(host='www.dieei.unict.itcorsi', port=80): Max retries exceeded with url: /lm-28 (Caused by NewConnectionError('<urllib3.connection.HTTPConnection object at 0x7f6308119780>: Failed to establish a new connection: [Errno -2] Name or service not known',))
HTTPConnectionPool(host='www.dieei.unict.itcorsi', port=80): Max retries exceeded with url: /lm-29 (Caused by NewConnectionError('<urllib3.connection.HTTPConnection object at 0x7f6308119710>: Failed to establish a new connection: [Errno -2] Name or service not known',))
HTTPConnectionPool(host='www.dieei.unict.itcorsi', port=80): Max retries exceeded with url: /lm-27 (Caused by NewConnectionError('<urllib3.connection.HTTPConnection object at 0x7f6308119780>: Failed to establish a new connection: [Errno -2] Name or service not known',))
HTTPConnectionPool(host='www.dieei.unict.itcorsi', port=80): Max retries exceeded with url: /lm-32 (Caused by NewConnectionError('<urllib3.connection.HTTPConnection object at 0x7f6308339390>: Failed to establish a new connection: [Errno -2] Name or service not known',))
HTTPConnectionPool(host='web.dmi.unict.itcorsi', port=80): Max retries exceeded with url: /l-31 (Caused by NewConnectionError('<urllib3.connection.HTTPConnection object at 0x7f3ddc06d550>: Failed to establish a new connection: [Errno -2] Name or service not known',))
HTTPConnectionPool(host='web.dmi.unict.itcorsi', port=80): Max retries exceeded with url: /l-35 (Caused by NewConnectionError('<urllib3.connection.HTTPConnection object at 0x7f3ddc06d5f8>: Failed to establish a new connection: [Errno -2] Name or service not known',))
HTTPConnectionPool(host='web.dmi.unict.itcorsi', port=80): Max retries exceeded with url: /lm-18 (Caused by NewConnectionError('<urllib3.connection.HTTPConnection object at 0x7f3ddc06d2b0>: Failed to establish a new connection: [Errno -2] Name or service not known',))
HTTPConnectionPool(host='web.dmi.unict.itcorsi', port=80): Max retries exceeded with url: /lm-40 (Caused by NewConnectionError('<urllib3.connection.HTTPConnection object at 0x7f3ddc06d2e8>: Failed to establish a new connection: [Errno -2] Name or service not known',))
'NoneType' object has no attribute 'find_all'
HTTPConnectionPool(host='web.dmi.unict.itcorsi', port=80): Max retries exceeded with url: /l-31 (Caused by NewConnectionError('<urllib3.connection.HTTPConnection object at 0x7f3dc6f0bb38>: Failed to establish a new connection: [Errno -2] Name or service not known',))
HTTPConnectionPool(host='web.dmi.unict.itcorsi', port=80): Max retries exceeded with url: /l-35 (Caused by NewConnectionError('<urllib3.connection.HTTPConnection object at 0x7f3dc6f0bb38>: Failed to establish a new connection: [Errno -2] Name or service not known',))
HTTPConnectionPool(host='web.dmi.unict.itcorsi', port=80): Max retries exceeded with url: /lm-18 (Caused by NewConnectionError('<urllib3.connection.HTTPConnection object at 0x7f3dc6f0bb38>: Failed to establish a new connection: [Errno -2] Name or service not known',))
HTTPConnectionPool(host='web.dmi.unict.itcorsi', port=80): Max retries exceeded with url: /lm-40 (Caused by NewConnectionError('<urllib3.connection.HTTPConnection object at 0x7f3dc6f0bb38>: Failed to establish a new connection: [Errno -2] Name or service not known',))
'NoneType' object has no attribute 'find_all'
HTTPConnectionPool(host='www.dieei.unict.itcorsi', port=80): Max retries exceeded with url: /l-8-ele (Caused by NewConnectionError('<urllib3.connection.HTTPConnection object at 0x7f3dc6d6cf28>: Failed to establish a new connection: [Errno -2] Name or service not known',))
HTTPConnectionPool(host='www.dieei.unict.itcorsi', port=80): Max retries exceeded with url: /l-9 (Caused by NewConnectionError('<urllib3.connection.HTTPConnection object at 0x7f3dc6d4c630>: Failed to establish a new connection: [Errno -2] Name or service not known',))
HTTPConnectionPool(host='www.dieei.unict.itcorsi', port=80): Max retries exceeded with url: /l-8-inf (Caused by NewConnectionError('<urllib3.connection.HTTPConnection object at 0x7f3dc6d4cda0>: Failed to establish a new connection: [Errno -2] Name or service not known',))
HTTPConnectionPool(host='www.dieei.unict.itcorsi', port=80): Max retries exceeded with url: /lm-25 (Caused by NewConnectionError('<urllib3.connection.HTTPConnection object at 0x7f3dc6d4cb00>: Failed to establish a new connection: [Errno -2] Name or service not known',))
HTTPConnectionPool(host='www.dieei.unict.itcorsi', port=80): Max retries exceeded with url: /lm-28 (Caused by NewConnectionError('<urllib3.connection.HTTPConnection object at 0x7f3dc6d4c630>: Failed to establish a new connection: [Errno -2] Name or service not known',))
HTTPConnectionPool(host='www.dieei.unict.itcorsi', port=80): Max retries exceeded with url: /lm-29 (Caused by NewConnectionError('<urllib3.connection.HTTPConnection object at 0x7f3dc6d4cda0>: Failed to establish a new connection: [Errno -2] Name or service not known',))
HTTPConnectionPool(host='www.dieei.unict.itcorsi', port=80): Max retries exceeded with url: /lm-27 (Caused by NewConnectionError('<urllib3.connection.HTTPConnection object at 0x7f3dc6d4cb00>: Failed to establish a new connection: [Errno -2] Name or service not known',))
HTTPConnectionPool(host='www.dieei.unict.itcorsi', port=80): Max retries exceeded with url: /lm-32 (Caused by NewConnectionError('<urllib3.connection.HTTPConnection object at 0x7f3dc6d4c630>: Failed to establish a new connection: [Errno -2] Name or service not known',))
HTTPConnectionPool(host='www.dieei.unict.itcorsi', port=80): Max retries exceeded with url: /l-8-ele (Caused by NewConnectionError('<urllib3.connection.HTTPConnection object at 0x7f3dc6f3f7b8>: Failed to establish a new connection: [Errno -2] Name or service not known',))
HTTPConnectionPool(host='www.dieei.unict.itcorsi', port=80): Max retries exceeded with url: /l-9 (Caused by NewConnectionError('<urllib3.connection.HTTPConnection object at 0x7f3dc6f3f710>: Failed to establish a new connection: [Errno -2] Name or service not known',))
HTTPConnectionPool(host='www.dieei.unict.itcorsi', port=80): Max retries exceeded with url: /l-8-inf (Caused by NewConnectionError('<urllib3.connection.HTTPConnection object at 0x7f3dc6f3f588>: Failed to establish a new connection: [Errno -2] Name or service not known',))
HTTPConnectionPool(host='www.dieei.unict.itcorsi', port=80): Max retries exceeded with url: /lm-25 (Caused by NewConnectionError('<urllib3.connection.HTTPConnection object at 0x7f3dc6f3fa90>: Failed to establish a new connection: [Errno -2] Name or service not known',))
HTTPConnectionPool(host='www.dieei.unict.itcorsi', port=80): Max retries exceeded with url: /lm-28 (Caused by NewConnectionError('<urllib3.connection.HTTPConnection object at 0x7f3dc6f3f588>: Failed to establish a new connection: [Errno -2] Name or service not known',))
HTTPConnectionPool(host='www.dieei.unict.itcorsi', port=80): Max retries exceeded with url: /lm-29 (Caused by NewConnectionError('<urllib3.connection.HTTPConnection object at 0x7f3dc6f3f828>: Failed to establish a new connection: [Errno -2] Name or service not known',))
HTTPConnectionPool(host='www.dieei.unict.itcorsi', port=80): Max retries exceeded with url: /lm-27 (Caused by NewConnectionError('<urllib3.connection.HTTPConnection object at 0x7f3dc6f3f7f0>: Failed to establish a new connection: [Errno -2] Name or service not known',))
HTTPConnectionPool(host='www.dieei.unict.itcorsi', port=80): Max retries exceeded with url: /lm-32 (Caused by NewConnectionError('<urllib3.connection.HTTPConnection object at 0x7f3dc6ed6828>: Failed to establish a new connection: [Errno -2] Name or service not known',))
HTTPConnectionPool(host='web.dmi.unict.itcorsi', port=80): Max retries exceeded with url: /l-31 (Caused by NewConnectionError('<urllib3.connection.HTTPConnection object at 0x7fd2b853f4e0>: Failed to establish a new connection: [Errno -2] Name or service not known',))
HTTPConnectionPool(host='web.dmi.unict.itcorsi', port=80): Max retries exceeded with url: /l-35 (Caused by NewConnectionError('<urllib3.connection.HTTPConnection object at 0x7fd2b853f588>: Failed to establish a new connection: [Errno -2] Name or service not known',))
HTTPConnectionPool(host='web.dmi.unict.itcorsi', port=80): Max retries exceeded with url: /lm-18 (Caused by NewConnectionError('<urllib3.connection.HTTPConnection object at 0x7fd2b853f240>: Failed to establish a new connection: [Errno -2] Name or service not known',))
HTTPConnectionPool(host='web.dmi.unict.itcorsi', port=80): Max retries exceeded with url: /lm-40 (Caused by NewConnectionError('<urllib3.connection.HTTPConnection object at 0x7fd2b853f278>: Failed to establish a new connection: [Errno -2] Name or service not known',))
'NoneType' object has no attribute 'find_all'
HTTPConnectionPool(host='web.dmi.unict.itcorsi', port=80): Max retries exceeded with url: /l-31 (Caused by NewConnectionError('<urllib3.connection.HTTPConnection object at 0x7fd2b84feb00>: Failed to establish a new connection: [Errno -2] Name or service not known',))
HTTPConnectionPool(host='web.dmi.unict.itcorsi', port=80): Max retries exceeded with url: /l-35 (Caused by NewConnectionError('<urllib3.connection.HTTPConnection object at 0x7fd2b84fec88>: Failed to establish a new connection: [Errno -2] Name or service not known',))
HTTPConnectionPool(host='web.dmi.unict.itcorsi', port=80): Max retries exceeded with url: /lm-18 (Caused by NewConnectionError('<urllib3.connection.HTTPConnection object at 0x7fd2b84fef60>: Failed to establish a new connection: [Errno -2] Name or service not known',))
HTTPConnectionPool(host='web.dmi.unict.itcorsi', port=80): Max retries exceeded with url: /lm-40 (Caused by NewConnectionError('<urllib3.connection.HTTPConnection object at 0x7fd2b84feac8>: Failed to establish a new connection: [Errno -2] Name or service not known',))
'NoneType' object has no attribute 'find_all'
HTTPConnectionPool(host='www.dieei.unict.itcorsi', port=80): Max retries exceeded with url: /l-8-ele (Caused by NewConnectionError('<urllib3.connection.HTTPConnection object at 0x7fd2b825d320>: Failed to establish a new connection: [Errno -2] Name or service not known',))
HTTPConnectionPool(host='www.dieei.unict.itcorsi', port=80): Max retries exceeded with url: /l-9 (Caused by NewConnectionError('<urllib3.connection.HTTPConnection object at 0x7fd2b825d278>: Failed to establish a new connection: [Errno -2] Name or service not known',))
HTTPConnectionPool(host='www.dieei.unict.itcorsi', port=80): Max retries exceeded with url: /l-8-inf (Caused by NewConnectionError('<urllib3.connection.HTTPConnection object at 0x7fd2b825d2b0>: Failed to establish a new connection: [Errno -2] Name or service not known',))
HTTPConnectionPool(host='www.dieei.unict.itcorsi', port=80): Max retries exceeded with url: /lm-25 (Caused by NewConnectionError('<urllib3.connection.HTTPConnection object at 0x7fd2bac95518>: Failed to establish a new connection: [Errno -2] Name or service not known',))
HTTPConnectionPool(host='www.dieei.unict.itcorsi', port=80): Max retries exceeded with url: /lm-28 (Caused by NewConnectionError('<urllib3.connection.HTTPConnection object at 0x7fd2bac95828>: Failed to establish a new connection: [Errno -2] Name or service not known',))
HTTPConnectionPool(host='www.dieei.unict.itcorsi', port=80): Max retries exceeded with url: /lm-29 (Caused by NewConnectionError('<urllib3.connection.HTTPConnection object at 0x7fd2bac95390>: Failed to establish a new connection: [Errno -2] Name or service not known',))
HTTPConnectionPool(host='www.dieei.unict.itcorsi', port=80): Max retries exceeded with url: /lm-27 (Caused by NewConnectionError('<urllib3.connection.HTTPConnection object at 0x7fd2bac954a8>: Failed to establish a new connection: [Errno -2] Name or service not known',))
HTTPConnectionPool(host='www.dieei.unict.itcorsi', port=80): Max retries exceeded with url: /lm-32 (Caused by NewConnectionError('<urllib3.connection.HTTPConnection object at 0x7fd2bac95828>: Failed to establish a new connection: [Errno -2] Name or service not known',))
HTTPConnectionPool(host='www.dieei.unict.itcorsi', port=80): Max retries exceeded with url: /l-8-ele (Caused by NewConnectionError('<urllib3.connection.HTTPConnection object at 0x7fd2b8548da0>: Failed to establish a new connection: [Errno -2] Name or service not known',))
HTTPConnectionPool(host='www.dieei.unict.itcorsi', port=80): Max retries exceeded with url: /l-9 (Caused by NewConnectionError('<urllib3.connection.HTTPConnection object at 0x7fd2b8548e48>: Failed to establish a new connection: [Errno -2] Name or service not known',))
HTTPConnectionPool(host='www.dieei.unict.itcorsi', port=80): Max retries exceeded with url: /l-8-inf (Caused by NewConnectionError('<urllib3.connection.HTTPConnection object at 0x7fd2b8548c18>: Failed to establish a new connection: [Errno -2] Name or service not known',))
HTTPConnectionPool(host='www.dieei.unict.itcorsi', port=80): Max retries exceeded with url: /lm-25 (Caused by NewConnectionError('<urllib3.connection.HTTPConnection object at 0x7fd2b8548eb8>: Failed to establish a new connection: [Errno -2] Name or service not known',))
HTTPConnectionPool(host='www.dieei.unict.itcorsi', port=80): Max retries exceeded with url: /lm-28 (Caused by NewConnectionError('<urllib3.connection.HTTPConnection object at 0x7fd2b8548e48>: Failed to establish a new connection: [Errno -2] Name or service not known',))
HTTPConnectionPool(host='www.dieei.unict.itcorsi', port=80): Max retries exceeded with url: /lm-29 (Caused by NewConnectionError('<urllib3.connection.HTTPConnection object at 0x7fd2b8324748>: Failed to establish a new connection: [Errno -2] Name or service not known',))
HTTPConnectionPool(host='www.dieei.unict.itcorsi', port=80): Max retries exceeded with url: /lm-27 (Caused by NewConnectionError('<urllib3.connection.HTTPConnection object at 0x7fd2b8548208>: Failed to establish a new connection: [Errno -2] Name or service not known',))
HTTPConnectionPool(host='www.dieei.unict.itcorsi', port=80): Max retries exceeded with url: /lm-32 (Caused by NewConnectionError('<urllib3.connection.HTTPConnection object at 0x7fd2b8548f28>: Failed to establish a new connection: [Errno -2] Name or service not known',))
HTTPConnectionPool(host='web.dmi.unict.itcorsi', port=80): Max retries exceeded with url: /l-31 (Caused by NewConnectionError('<urllib3.connection.HTTPConnection object at 0x7f5e601494a8>: Failed to establish a new connection: [Errno -2] Name or service not known',))
HTTPConnectionPool(host='web.dmi.unict.itcorsi', port=80): Max retries exceeded with url: /l-35 (Caused by NewConnectionError('<urllib3.connection.HTTPConnection object at 0x7f5e60149438>: Failed to establish a new connection: [Errno -2] Name or service not known',))
HTTPConnectionPool(host='web.dmi.unict.itcorsi', port=80): Max retries exceeded with url: /lm-18 (Caused by NewConnectionError('<urllib3.connection.HTTPConnection object at 0x7f5e601494a8>: Failed to establish a new connection: [Errno -2] Name or service not known',))
HTTPConnectionPool(host='web.dmi.unict.itcorsi', port=80): Max retries exceeded with url: /lm-40 (Caused by NewConnectionError('<urllib3.connection.HTTPConnection object at 0x7f5e601494e0>: Failed to establish a new connection: [Errno -2] Name or service not known',))
'NoneType' object has no attribute 'find_all'
HTTPConnectionPool(host='web.dmi.unict.itcorsi', port=80): Max retries exceeded with url: /l-31 (Caused by NewConnectionError('<urllib3.connection.HTTPConnection object at 0x7f5e60125ac8>: Failed to establish a new connection: [Errno -2] Name or service not known',))
HTTPConnectionPool(host='web.dmi.unict.itcorsi', port=80): Max retries exceeded with url: /l-35 (Caused by NewConnectionError('<urllib3.connection.HTTPConnection object at 0x7f5e60125ac8>: Failed to establish a new connection: [Errno -2] Name or service not known',))
HTTPConnectionPool(host='web.dmi.unict.itcorsi', port=80): Max retries exceeded with url: /lm-18 (Caused by NewConnectionError('<urllib3.connection.HTTPConnection object at 0x7f5e60125ac8>: Failed to establish a new connection: [Errno -2] Name or service not known',))
HTTPConnectionPool(host='web.dmi.unict.itcorsi', port=80): Max retries exceeded with url: /lm-40 (Caused by NewConnectionError('<urllib3.connection.HTTPConnection object at 0x7f5e60125ac8>: Failed to establish a new connection: [Errno -2] Name or service not known',))
'NoneType' object has no attribute 'find_all'
HTTPConnectionPool(host='www.dieei.unict.itcorsi', port=80): Max retries exceeded with url: /l-8-ele (Caused by NewConnectionError('<urllib3.connection.HTTPConnection object at 0x7f5e43564c50>: Failed to establish a new connection: [Errno -2] Name or service not known',))
HTTPConnectionPool(host='www.dieei.unict.itcorsi', port=80): Max retries exceeded with url: /l-9 (Caused by NewConnectionError('<urllib3.connection.HTTPConnection object at 0x7f5e43564dd8>: Failed to establish a new connection: [Errno -2] Name or service not known',))
HTTPConnectionPool(host='www.dieei.unict.itcorsi', port=80): Max retries exceeded with url: /l-8-inf (Caused by NewConnectionError('<urllib3.connection.HTTPConnection object at 0x7f5e435640f0>: Failed to establish a new connection: [Errno -2] Name or service not known',))
HTTPConnectionPool(host='www.dieei.unict.itcorsi', port=80): Max retries exceeded with url: /lm-25 (Caused by NewConnectionError('<urllib3.connection.HTTPConnection object at 0x7f5e43564e80>: Failed to establish a new connection: [Errno -2] Name or service not known',))
HTTPConnectionPool(host='www.dieei.unict.itcorsi', port=80): Max retries exceeded with url: /lm-28 (Caused by NewConnectionError('<urllib3.connection.HTTPConnection object at 0x7f5e43564dd8>: Failed to establish a new connection: [Errno -2] Name or service not known',))
HTTPConnectionPool(host='www.dieei.unict.itcorsi', port=80): Max retries exceeded with url: /lm-29 (Caused by NewConnectionError('<urllib3.connection.HTTPConnection object at 0x7f5e43564e80>: Failed to establish a new connection: [Errno -2] Name or service not known',))
HTTPConnectionPool(host='www.dieei.unict.itcorsi', port=80): Max retries exceeded with url: /lm-27 (Caused by NewConnectionError('<urllib3.connection.HTTPConnection object at 0x7f5e43564710>: Failed to establish a new connection: [Errno -2] Name or service not known',))
HTTPConnectionPool(host='www.dieei.unict.itcorsi', port=80): Max retries exceeded with url: /lm-32 (Caused by NewConnectionError('<urllib3.connection.HTTPConnection object at 0x7f5e43564e80>: Failed to establish a new connection: [Errno -2] Name or service not known',))
HTTPConnectionPool(host='www.dieei.unict.itcorsi', port=80): Max retries exceeded with url: /l-8-ele (Caused by NewConnectionError('<urllib3.connection.HTTPConnection object at 0x7f5e640b8cf8>: Failed to establish a new connection: [Errno -2] Name or service not known',))
HTTPConnectionPool(host='www.dieei.unict.itcorsi', port=80): Max retries exceeded with url: /l-9 (Caused by NewConnectionError('<urllib3.connection.HTTPConnection object at 0x7f5e640afcc0>: Failed to establish a new connection: [Errno -2] Name or service not known',))
HTTPConnectionPool(host='www.dieei.unict.itcorsi', port=80): Max retries exceeded with url: /l-8-inf (Caused by NewConnectionError('<urllib3.connection.HTTPConnection object at 0x7f5e640af240>: Failed to establish a new connection: [Errno -2] Name or service not known',))
HTTPConnectionPool(host='www.dieei.unict.itcorsi', port=80): Max retries exceeded with url: /lm-25 (Caused by NewConnectionError('<urllib3.connection.HTTPConnection object at 0x7f5e436a2d68>: Failed to establish a new connection: [Errno -2] Name or service not known',))
HTTPConnectionPool(host='www.dieei.unict.itcorsi', port=80): Max retries exceeded with url: /lm-28 (Caused by NewConnectionError('<urllib3.connection.HTTPConnection object at 0x7f5e436a2400>: Failed to establish a new connection: [Errno -2] Name or service not known',))
HTTPConnectionPool(host='www.dieei.unict.itcorsi', port=80): Max retries exceeded with url: /lm-29 (Caused by NewConnectionError('<urllib3.connection.HTTPConnection object at 0x7f5e437d1da0>: Failed to establish a new connection: [Errno -2] Name or service not known',))
HTTPConnectionPool(host='www.dieei.unict.itcorsi', port=80): Max retries exceeded with url: /lm-27 (Caused by NewConnectionError('<urllib3.connection.HTTPConnection object at 0x7f5e437d1390>: Failed to establish a new connection: [Errno -2] Name or service not known',))
HTTPConnectionPool(host='www.dieei.unict.itcorsi', port=80): Max retries exceeded with url: /lm-32 (Caused by NewConnectionError('<urllib3.connection.HTTPConnection object at 0x7f5e436a2cf8>: Failed to establish a new connection: [Errno -2] Name or service not known',))
HTTPConnectionPool(host='web.dmi.unict.itcorsi', port=80): Max retries exceeded with url: /l-31 (Caused by NewConnectionError('<urllib3.connection.HTTPConnection object at 0x7f026076b518>: Failed to establish a new connection: [Errno -2] Name or service not known',))
HTTPConnectionPool(host='web.dmi.unict.itcorsi', port=80): Max retries exceeded with url: /l-35 (Caused by NewConnectionError('<urllib3.connection.HTTPConnection object at 0x7f026076b5c0>: Failed to establish a new connection: [Errno -2] Name or service not known',))
HTTPConnectionPool(host='web.dmi.unict.itcorsi', port=80): Max retries exceeded with url: /lm-18 (Caused by NewConnectionError('<urllib3.connection.HTTPConnection object at 0x7f026076b2b0>: Failed to establish a new connection: [Errno -2] Name or service not known',))
HTTPConnectionPool(host='web.dmi.unict.itcorsi', port=80): Max retries exceeded with url: /lm-40 (Caused by NewConnectionError('<urllib3.connection.HTTPConnection object at 0x7f026076b240>: Failed to establish a new connection: [Errno -2] Name or service not known',))
'NoneType' object has no attribute 'find_all'
HTTPConnectionPool(host='web.dmi.unict.itcorsi', port=80): Max retries exceeded with url: /l-31 (Caused by NewConnectionError('<urllib3.connection.HTTPConnection object at 0x7f026061bb00>: Failed to establish a new connection: [Errno -2] Name or service not known',))
HTTPConnectionPool(host='web.dmi.unict.itcorsi', port=80): Max retries exceeded with url: /l-35 (Caused by NewConnectionError('<urllib3.connection.HTTPConnection object at 0x7f026061bb00>: Failed to establish a new connection: [Errno -2] Name or service not known',))
HTTPConnectionPool(host='web.dmi.unict.itcorsi', port=80): Max retries exceeded with url: /lm-18 (Caused by NewConnectionError('<urllib3.connection.HTTPConnection object at 0x7f026061bb00>: Failed to establish a new connection: [Errno -2] Name or service not known',))
HTTPConnectionPool(host='web.dmi.unict.itcorsi', port=80): Max retries exceeded with url: /lm-40 (Caused by NewConnectionError('<urllib3.connection.HTTPConnection object at 0x7f026061bb00>: Failed to establish a new connection: [Errno -2] Name or service not known',))
'NoneType' object has no attribute 'find_all'
HTTPConnectionPool(host='www.dieei.unict.itcorsi', port=80): Max retries exceeded with url: /l-8-ele (Caused by NewConnectionError('<urllib3.connection.HTTPConnection object at 0x7f02646509b0>: Failed to establish a new connection: [Errno -2] Name or service not known',))
HTTPConnectionPool(host='www.dieei.unict.itcorsi', port=80): Max retries exceeded with url: /l-9 (Caused by NewConnectionError('<urllib3.connection.HTTPConnection object at 0x7f0264650198>: Failed to establish a new connection: [Errno -2] Name or service not known',))
HTTPConnectionPool(host='www.dieei.unict.itcorsi', port=80): Max retries exceeded with url: /l-8-inf (Caused by NewConnectionError('<urllib3.connection.HTTPConnection object at 0x7f02606a1240>: Failed to establish a new connection: [Errno -2] Name or service not known',))
HTTPConnectionPool(host='www.dieei.unict.itcorsi', port=80): Max retries exceeded with url: /lm-25 (Caused by NewConnectionError('<urllib3.connection.HTTPConnection object at 0x7f02606a1128>: Failed to establish a new connection: [Errno -2] Name or service not known',))
HTTPConnectionPool(host='www.dieei.unict.itcorsi', port=80): Max retries exceeded with url: /lm-28 (Caused by NewConnectionError('<urllib3.connection.HTTPConnection object at 0x7f02606a1358>: Failed to establish a new connection: [Errno -2] Name or service not known',))
HTTPConnectionPool(host='www.dieei.unict.itcorsi', port=80): Max retries exceeded with url: /lm-29 (Caused by NewConnectionError('<urllib3.connection.HTTPConnection object at 0x7f02606a1320>: Failed to establish a new connection: [Errno -2] Name or service not known',))
HTTPConnectionPool(host='www.dieei.unict.itcorsi', port=80): Max retries exceeded with url: /lm-27 (Caused by NewConnectionError('<urllib3.connection.HTTPConnection object at 0x7f02606a1160>: Failed to establish a new connection: [Errno -2] Name or service not known',))
HTTPConnectionPool(host='www.dieei.unict.itcorsi', port=80): Max retries exceeded with url: /lm-32 (Caused by NewConnectionError('<urllib3.connection.HTTPConnection object at 0x7f02606a11d0>: Failed to establish a new connection: [Errno -2] Name or service not known',))
HTTPConnectionPool(host='www.dieei.unict.itcorsi', port=80): Max retries exceeded with url: /l-8-ele (Caused by NewConnectionError('<urllib3.connection.HTTPConnection object at 0x7f0260718358>: Failed to establish a new connection: [Errno -2] Name or service not known',))
HTTPConnectionPool(host='www.dieei.unict.itcorsi', port=80): Max retries exceeded with url: /l-9 (Caused by NewConnectionError('<urllib3.connection.HTTPConnection object at 0x7f0260718828>: Failed to establish a new connection: [Errno -2] Name or service not known',))
HTTPConnectionPool(host='www.dieei.unict.itcorsi', port=80): Max retries exceeded with url: /l-8-inf (Caused by NewConnectionError('<urllib3.connection.HTTPConnection object at 0x7f02607186a0>: Failed to establish a new connection: [Errno -2] Name or service not known',))
HTTPConnectionPool(host='www.dieei.unict.itcorsi', port=80): Max retries exceeded with url: /lm-25 (Caused by NewConnectionError('<urllib3.connection.HTTPConnection object at 0x7f0260718550>: Failed to establish a new connection: [Errno -2] Name or service not known',))
HTTPConnectionPool(host='www.dieei.unict.itcorsi', port=80): Max retries exceeded with url: /lm-28 (Caused by NewConnectionError('<urllib3.connection.HTTPConnection object at 0x7f0260718630>: Failed to establish a new connection: [Errno -2] Name or service not known',))
HTTPConnectionPool(host='www.dieei.unict.itcorsi', port=80): Max retries exceeded with url: /lm-29 (Caused by NewConnectionError('<urllib3.connection.HTTPConnection object at 0x7f0260718550>: Failed to establish a new connection: [Errno -2] Name or service not known',))
HTTPConnectionPool(host='www.dieei.unict.itcorsi', port=80): Max retries exceeded with url: /lm-27 (Caused by NewConnectionError('<urllib3.connection.HTTPConnection object at 0x7f0260718630>: Failed to establish a new connection: [Errno -2] Name or service not known',))
HTTPConnectionPool(host='www.dieei.unict.itcorsi', port=80): Max retries exceeded with url: /lm-32 (Caused by NewConnectionError('<urllib3.connection.HTTPConnection object at 0x7f026079bef0>: Failed to establish a new connection: [Errno -2] Name or service not known',))
HTTPConnectionPool(host='web.dmi.unict.itcorsi', port=80): Max retries exceeded with url: /l-31 (Caused by NewConnectionError('<urllib3.connection.HTTPConnection object at 0x7ff3b416f550>: Failed to establish a new connection: [Errno -2] Name or service not known',))
HTTPConnectionPool(host='web.dmi.unict.itcorsi', port=80): Max retries exceeded with url: /l-35 (Caused by NewConnectionError('<urllib3.connection.HTTPConnection object at 0x7ff3b416f5f8>: Failed to establish a new connection: [Errno -2] Name or service not known',))
HTTPConnectionPool(host='web.dmi.unict.itcorsi', port=80): Max retries exceeded with url: /lm-18 (Caused by NewConnectionError('<urllib3.connection.HTTPConnection object at 0x7ff3b416f2b0>: Failed to establish a new connection: [Errno -2] Name or service not known',))
HTTPConnectionPool(host='web.dmi.unict.itcorsi', port=80): Max retries exceeded with url: /lm-40 (Caused by NewConnectionError('<urllib3.connection.HTTPConnection object at 0x7ff3b416f2e8>: Failed to establish a new connection: [Errno -2] Name or service not known',))
'NoneType' object has no attribute 'find_all'
HTTPConnectionPool(host='web.dmi.unict.itcorsi', port=80): Max retries exceeded with url: /l-31 (Caused by NewConnectionError('<urllib3.connection.HTTPConnection object at 0x7ff3b4132b38>: Failed to establish a new connection: [Errno -2] Name or service not known',))
HTTPConnectionPool(host='web.dmi.unict.itcorsi', port=80): Max retries exceeded with url: /l-35 (Caused by NewConnectionError('<urllib3.connection.HTTPConnection object at 0x7ff3b4132b38>: Failed to establish a new connection: [Errno -2] Name or service not known',))
HTTPConnectionPool(host='web.dmi.unict.itcorsi', port=80): Max retries exceeded with url: /lm-18 (Caused by NewConnectionError('<urllib3.connection.HTTPConnection object at 0x7ff3b4132b38>: Failed to establish a new connection: [Errno -2] Name or service not known',))
HTTPConnectionPool(host='web.dmi.unict.itcorsi', port=80): Max retries exceeded with url: /lm-40 (Caused by NewConnectionError('<urllib3.connection.HTTPConnection object at 0x7ff3b4132b38>: Failed to establish a new connection: [Errno -2] Name or service not known',))
'NoneType' object has no attribute 'find_all'
HTTPConnectionPool(host='www.dieei.unict.itcorsi', port=80): Max retries exceeded with url: /l-8-ele (Caused by NewConnectionError('<urllib3.connection.HTTPConnection object at 0x7ff3b40330f0>: Failed to establish a new connection: [Errno -2] Name or service not known',))
HTTPConnectionPool(host='www.dieei.unict.itcorsi', port=80): Max retries exceeded with url: /l-9 (Caused by NewConnectionError('<urllib3.connection.HTTPConnection object at 0x7ff3b4033358>: Failed to establish a new connection: [Errno -2] Name or service not known',))
HTTPConnectionPool(host='www.dieei.unict.itcorsi', port=80): Max retries exceeded with url: /l-8-inf (Caused by NewConnectionError('<urllib3.connection.HTTPConnection object at 0x7ff3b40330f0>: Failed to establish a new connection: [Errno -2] Name or service not known',))
HTTPConnectionPool(host='www.dieei.unict.itcorsi', port=80): Max retries exceeded with url: /lm-25 (Caused by NewConnectionError('<urllib3.connection.HTTPConnection object at 0x7ff3b4033d68>: Failed to establish a new connection: [Errno -2] Name or service not known',))
HTTPConnectionPool(host='www.dieei.unict.itcorsi', port=80): Max retries exceeded with url: /lm-28 (Caused by NewConnectionError('<urllib3.connection.HTTPConnection object at 0x7ff3b4137e80>: Failed to establish a new connection: [Errno -2] Name or service not known',))
HTTPConnectionPool(host='www.dieei.unict.itcorsi', port=80): Max retries exceeded with url: /lm-29 (Caused by NewConnectionError('<urllib3.connection.HTTPConnection object at 0x7ff3b4137e80>: Failed to establish a new connection: [Errno -2] Name or service not known',))
HTTPConnectionPool(host='www.dieei.unict.itcorsi', port=80): Max retries exceeded with url: /lm-27 (Caused by NewConnectionError('<urllib3.connection.HTTPConnection object at 0x7ff3b4137da0>: Failed to establish a new connection: [Errno -2] Name or service not known',))
HTTPConnectionPool(host='www.dieei.unict.itcorsi', port=80): Max retries exceeded with url: /lm-32 (Caused by NewConnectionError('<urllib3.connection.HTTPConnection object at 0x7ff39758ae80>: Failed to establish a new connection: [Errno -2] Name or service not known',))
HTTPConnectionPool(host='www.dieei.unict.itcorsi', port=80): Max retries exceeded with url: /l-8-ele (Caused by NewConnectionError('<urllib3.connection.HTTPConnection object at 0x7ff3b416def0>: Failed to establish a new connection: [Errno -2] Name or service not known',))
HTTPConnectionPool(host='www.dieei.unict.itcorsi', port=80): Max retries exceeded with url: /l-9 (Caused by NewConnectionError('<urllib3.connection.HTTPConnection object at 0x7ff3b416deb8>: Failed to establish a new connection: [Errno -2] Name or service not known',))
HTTPConnectionPool(host='www.dieei.unict.itcorsi', port=80): Max retries exceeded with url: /l-8-inf (Caused by NewConnectionError('<urllib3.connection.HTTPConnection object at 0x7ff3b416dd30>: Failed to establish a new connection: [Errno -2] Name or service not known',))
HTTPConnectionPool(host='www.dieei.unict.itcorsi', port=80): Max retries exceeded with url: /lm-25 (Caused by NewConnectionError('<urllib3.connection.HTTPConnection object at 0x7ff3b416db00>: Failed to establish a new connection: [Errno -2] Name or service not known',))
HTTPConnectionPool(host='www.dieei.unict.itcorsi', port=80): Max retries exceeded with url: /lm-28 (Caused by NewConnectionError('<urllib3.connection.HTTPConnection object at 0x7ff397707710>: Failed to establish a new connection: [Errno -2] Name or service not known',))
HTTPConnectionPool(host='www.dieei.unict.itcorsi', port=80): Max retries exceeded with url: /lm-29 (Caused by NewConnectionError('<urllib3.connection.HTTPConnection object at 0x7ff397707da0>: Failed to establish a new connection: [Errno -2] Name or service not known',))
HTTPConnectionPool(host='www.dieei.unict.itcorsi', port=80): Max retries exceeded with url: /lm-27 (Caused by NewConnectionError('<urllib3.connection.HTTPConnection object at 0x7ff3b416def0>: Failed to establish a new connection: [Errno -2] Name or service not known',))
HTTPConnectionPool(host='www.dieei.unict.itcorsi', port=80): Max retries exceeded with url: /lm-32 (Caused by NewConnectionError('<urllib3.connection.HTTPConnection object at 0x7ff397707f28>: Failed to establish a new connection: [Errno -2] Name or service not known',))
HTTPConnectionPool(host='web.dmi.unict.itcorsi', port=80): Max retries exceeded with url: /l-31 (Caused by NewConnectionError('<urllib3.connection.HTTPConnection object at 0x7ffb50594f98>: Failed to establish a new connection: [Errno -2] Name or service not known',))
HTTPConnectionPool(host='web.dmi.unict.itcorsi', port=80): Max retries exceeded with url: /l-35 (Caused by NewConnectionError('<urllib3.connection.HTTPConnection object at 0x7ffb50594ef0>: Failed to establish a new connection: [Errno -2] Name or service not known',))
HTTPConnectionPool(host='web.dmi.unict.itcorsi', port=80): Max retries exceeded with url: /lm-18 (Caused by NewConnectionError('<urllib3.connection.HTTPConnection object at 0x7ffb50594fd0>: Failed to establish a new connection: [Errno -2] Name or service not known',))
HTTPConnectionPool(host='web.dmi.unict.itcorsi', port=80): Max retries exceeded with url: /lm-40 (Caused by NewConnectionError('<urllib3.connection.HTTPConnection object at 0x7ffb50594f98>: Failed to establish a new connection: [Errno -2] Name or service not known',))
'NoneType' object has no attribute 'find_all'
HTTPConnectionPool(host='web.dmi.unict.itcorsi', port=80): Max retries exceeded with url: /l-31 (Caused by NewConnectionError('<urllib3.connection.HTTPConnection object at 0x7ffb50456a20>: Failed to establish a new connection: [Errno -2] Name or service not known',))
HTTPConnectionPool(host='web.dmi.unict.itcorsi', port=80): Max retries exceeded with url: /l-35 (Caused by NewConnectionError('<urllib3.connection.HTTPConnection object at 0x7ffb50456ba8>: Failed to establish a new connection: [Errno -2] Name or service not known',))
HTTPConnectionPool(host='web.dmi.unict.itcorsi', port=80): Max retries exceeded with url: /lm-18 (Caused by NewConnectionError('<urllib3.connection.HTTPConnection object at 0x7ffb50456a58>: Failed to establish a new connection: [Errno -2] Name or service not known',))
HTTPConnectionPool(host='web.dmi.unict.itcorsi', port=80): Max retries exceeded with url: /lm-40 (Caused by NewConnectionError('<urllib3.connection.HTTPConnection object at 0x7ffb50456a20>: Failed to establish a new connection: [Errno -2] Name or service not known',))
'NoneType' object has no attribute 'find_all'
HTTPConnectionPool(host='www.dieei.unict.itcorsi', port=80): Max retries exceeded with url: /l-8-ele (Caused by NewConnectionError('<urllib3.connection.HTTPConnection object at 0x7ffb504378d0>: Failed to establish a new connection: [Errno -2] Name or service not known',))
HTTPConnectionPool(host='www.dieei.unict.itcorsi', port=80): Max retries exceeded with url: /l-9 (Caused by NewConnectionError('<urllib3.connection.HTTPConnection object at 0x7ffb50437518>: Failed to establish a new connection: [Errno -2] Name or service not known',))
HTTPConnectionPool(host='www.dieei.unict.itcorsi', port=80): Max retries exceeded with url: /l-8-inf (Caused by NewConnectionError('<urllib3.connection.HTTPConnection object at 0x7ffb504377f0>: Failed to establish a new connection: [Errno -2] Name or service not known',))
HTTPConnectionPool(host='www.dieei.unict.itcorsi', port=80): Max retries exceeded with url: /lm-25 (Caused by NewConnectionError('<urllib3.connection.HTTPConnection object at 0x7ffb50437630>: Failed to establish a new connection: [Errno -2] Name or service not known',))
HTTPConnectionPool(host='www.dieei.unict.itcorsi', port=80): Max retries exceeded with url: /lm-28 (Caused by NewConnectionError('<urllib3.connection.HTTPConnection object at 0x7ffb50437940>: Failed to establish a new connection: [Errno -2] Name or service not known',))
HTTPConnectionPool(host='www.dieei.unict.itcorsi', port=80): Max retries exceeded with url: /lm-29 (Caused by NewConnectionError('<urllib3.connection.HTTPConnection object at 0x7ffb504374e0>: Failed to establish a new connection: [Errno -2] Name or service not known',))
HTTPConnectionPool(host='www.dieei.unict.itcorsi', port=80): Max retries exceeded with url: /lm-27 (Caused by NewConnectionError('<urllib3.connection.HTTPConnection object at 0x7ffb50437588>: Failed to establish a new connection: [Errno -2] Name or service not known',))
HTTPConnectionPool(host='www.dieei.unict.itcorsi', port=80): Max retries exceeded with url: /lm-32 (Caused by NewConnectionError('<urllib3.connection.HTTPConnection object at 0x7ffb504376d8>: Failed to establish a new connection: [Errno -2] Name or service not known',))
HTTPConnectionPool(host='www.dieei.unict.itcorsi', port=80): Max retries exceeded with url: /l-8-ele (Caused by NewConnectionError('<urllib3.connection.HTTPConnection object at 0x7ffb502e2550>: Failed to establish a new connection: [Errno -2] Name or service not known',))
HTTPConnectionPool(host='www.dieei.unict.itcorsi', port=80): Max retries exceeded with url: /l-9 (Caused by NewConnectionError('<urllib3.connection.HTTPConnection object at 0x7ffb502e2748>: Failed to establish a new connection: [Errno -2] Name or service not known',))
HTTPConnectionPool(host='www.dieei.unict.itcorsi', port=80): Max retries exceeded with url: /l-8-inf (Caused by NewConnectionError('<urllib3.connection.HTTPConnection object at 0x7ffb502e2470>: Failed to establish a new connection: [Errno -2] Name or service not known',))
HTTPConnectionPool(host='www.dieei.unict.itcorsi', port=80): Max retries exceeded with url: /lm-25 (Caused by NewConnectionError('<urllib3.connection.HTTPConnection object at 0x7ffb502e2588>: Failed to establish a new connection: [Errno -2] Name or service not known',))
HTTPConnectionPool(host='www.dieei.unict.itcorsi', port=80): Max retries exceeded with url: /lm-28 (Caused by NewConnectionError('<urllib3.connection.HTTPConnection object at 0x7ffb502e24a8>: Failed to establish a new connection: [Errno -2] Name or service not known',))
HTTPConnectionPool(host='www.dieei.unict.itcorsi', port=80): Max retries exceeded with url: /lm-29 (Caused by NewConnectionError('<urllib3.connection.HTTPConnection object at 0x7ffb502e2588>: Failed to establish a new connection: [Errno -2] Name or service not known',))
HTTPConnectionPool(host='www.dieei.unict.itcorsi', port=80): Max retries exceeded with url: /lm-27 (Caused by NewConnectionError('<urllib3.connection.HTTPConnection object at 0x7ffb502e24a8>: Failed to establish a new connection: [Errno -2] Name or service not known',))
HTTPConnectionPool(host='www.dieei.unict.itcorsi', port=80): Max retries exceeded with url: /lm-32 (Caused by NewConnectionError('<urllib3.connection.HTTPConnection object at 0x7ffb53485c88>: Failed to establish a new connection: [Errno -2] Name or service not known',))
HTTPConnectionPool(host='web.dmi.unict.itcorsi', port=80): Max retries exceeded with url: /l-31 (Caused by NewConnectionError('<urllib3.connection.HTTPConnection object at 0x7f8ffc5ad518>: Failed to establish a new connection: [Errno -2] Name or service not known',))
HTTPConnectionPool(host='web.dmi.unict.itcorsi', port=80): Max retries exceeded with url: /l-35 (Caused by NewConnectionError('<urllib3.connection.HTTPConnection object at 0x7f8ffc5ad5c0>: Failed to establish a new connection: [Errno -2] Name or service not known',))
HTTPConnectionPool(host='web.dmi.unict.itcorsi', port=80): Max retries exceeded with url: /lm-18 (Caused by NewConnectionError('<urllib3.connection.HTTPConnection object at 0x7f8ffc5ad278>: Failed to establish a new connection: [Errno -2] Name or service not known',))
HTTPConnectionPool(host='web.dmi.unict.itcorsi', port=80): Max retries exceeded with url: /lm-40 (Caused by NewConnectionError('<urllib3.connection.HTTPConnection object at 0x7f8ffc5ad2b0>: Failed to establish a new connection: [Errno -2] Name or service not known',))
'NoneType' object has no attribute 'find_all'
HTTPConnectionPool(host='web.dmi.unict.itcorsi', port=80): Max retries exceeded with url: /l-31 (Caused by NewConnectionError('<urllib3.connection.HTTPConnection object at 0x7f8ffc46ab38>: Failed to establish a new connection: [Errno -2] Name or service not known',))
HTTPConnectionPool(host='web.dmi.unict.itcorsi', port=80): Max retries exceeded with url: /l-35 (Caused by NewConnectionError('<urllib3.connection.HTTPConnection object at 0x7f8ffc46ab38>: Failed to establish a new connection: [Errno -2] Name or service not known',))
HTTPConnectionPool(host='web.dmi.unict.itcorsi', port=80): Max retries exceeded with url: /lm-18 (Caused by NewConnectionError('<urllib3.connection.HTTPConnection object at 0x7f8ffc46ab38>: Failed to establish a new connection: [Errno -2] Name or service not known',))
HTTPConnectionPool(host='web.dmi.unict.itcorsi', port=80): Max retries exceeded with url: /lm-40 (Caused by NewConnectionError('<urllib3.connection.HTTPConnection object at 0x7f8ffc46ab38>: Failed to establish a new connection: [Errno -2] Name or service not known',))
'NoneType' object has no attribute 'find_all'
HTTPConnectionPool(host='www.dieei.unict.itcorsi', port=80): Max retries exceeded with url: /l-8-ele (Caused by NewConnectionError('<urllib3.connection.HTTPConnection object at 0x7f8ffc3f4d30>: Failed to establish a new connection: [Errno -2] Name or service not known',))
HTTPConnectionPool(host='www.dieei.unict.itcorsi', port=80): Max retries exceeded with url: /l-9 (Caused by NewConnectionError('<urllib3.connection.HTTPConnection object at 0x7f8ffc3f4898>: Failed to establish a new connection: [Errno -2] Name or service not known',))
HTTPConnectionPool(host='www.dieei.unict.itcorsi', port=80): Max retries exceeded with url: /l-8-inf (Caused by NewConnectionError('<urllib3.connection.HTTPConnection object at 0x7f8ffc3f4d30>: Failed to establish a new connection: [Errno -2] Name or service not known',))
HTTPConnectionPool(host='www.dieei.unict.itcorsi', port=80): Max retries exceeded with url: /lm-25 (Caused by NewConnectionError('<urllib3.connection.HTTPConnection object at 0x7f8ffc3f43c8>: Failed to establish a new connection: [Errno -2] Name or service not known',))
HTTPConnectionPool(host='www.dieei.unict.itcorsi', port=80): Max retries exceeded with url: /lm-28 (Caused by NewConnectionError('<urllib3.connection.HTTPConnection object at 0x7f8ffc3f4518>: Failed to establish a new connection: [Errno -2] Name or service not known',))
HTTPConnectionPool(host='www.dieei.unict.itcorsi', port=80): Max retries exceeded with url: /lm-29 (Caused by NewConnectionError('<urllib3.connection.HTTPConnection object at 0x7f8ffc3f4390>: Failed to establish a new connection: [Errno -2] Name or service not known',))
HTTPConnectionPool(host='www.dieei.unict.itcorsi', port=80): Max retries exceeded with url: /lm-27 (Caused by NewConnectionError('<urllib3.connection.HTTPConnection object at 0x7f8ffc4b1f28>: Failed to establish a new connection: [Errno -2] Name or service not known',))
HTTPConnectionPool(host='www.dieei.unict.itcorsi', port=80): Max retries exceeded with url: /lm-32 (Caused by NewConnectionError('<urllib3.connection.HTTPConnection object at 0x7f8ffc3f4c50>: Failed to establish a new connection: [Errno -2] Name or service not known',))
HTTPConnectionPool(host='www.dieei.unict.itcorsi', port=80): Max retries exceeded with url: /l-8-ele (Caused by NewConnectionError('<urllib3.connection.HTTPConnection object at 0x7f8ffc2f8fd0>: Failed to establish a new connection: [Errno -2] Name or service not known',))
HTTPConnectionPool(host='www.dieei.unict.itcorsi', port=80): Max retries exceeded with url: /l-9 (Caused by NewConnectionError('<urllib3.connection.HTTPConnection object at 0x7f8ffc2f8518>: Failed to establish a new connection: [Errno -2] Name or service not known',))
HTTPConnectionPool(host='www.dieei.unict.itcorsi', port=80): Max retries exceeded with url: /l-8-inf (Caused by NewConnectionError('<urllib3.connection.HTTPConnection object at 0x7f8ffc2f8978>: Failed to establish a new connection: [Errno -2] Name or service not known',))
HTTPConnectionPool(host='www.dieei.unict.itcorsi', port=80): Max retries exceeded with url: /lm-25 (Caused by NewConnectionError('<urllib3.connection.HTTPConnection object at 0x7f8ffc2f8fd0>: Failed to establish a new connection: [Errno -2] Name or service not known',))
HTTPConnectionPool(host='www.dieei.unict.itcorsi', port=80): Max retries exceeded with url: /lm-28 (Caused by NewConnectionError('<urllib3.connection.HTTPConnection object at 0x7f8ffc2f8f28>: Failed to establish a new connection: [Errno -2] Name or service not known',))
HTTPConnectionPool(host='www.dieei.unict.itcorsi', port=80): Max retries exceeded with url: /lm-29 (Caused by NewConnectionError('<urllib3.connection.HTTPConnection object at 0x7f8ffc2f8978>: Failed to establish a new connection: [Errno -2] Name or service not known',))
HTTPConnectionPool(host='www.dieei.unict.itcorsi', port=80): Max retries exceeded with url: /lm-27 (Caused by NewConnectionError('<urllib3.connection.HTTPConnection object at 0x7f8ffc2f8be0>: Failed to establish a new connection: [Errno -2] Name or service not known',))
HTTPConnectionPool(host='www.dieei.unict.itcorsi', port=80): Max retries exceeded with url: /lm-32 (Caused by NewConnectionError('<urllib3.connection.HTTPConnection object at 0x7f8ffc203e10>: Failed to establish a new connection: [Errno -2] Name or service not known',))
HTTPConnectionPool(host='web.dmi.unict.itcorsi', port=80): Max retries exceeded with url: /l-31 (Caused by NewConnectionError('<urllib3.connection.HTTPConnection object at 0x7fac04015d68>: Failed to establish a new connection: [Errno -2] Name or service not known',))
HTTPConnectionPool(host='web.dmi.unict.itcorsi', port=80): Max retries exceeded with url: /l-35 (Caused by NewConnectionError('<urllib3.connection.HTTPConnection object at 0x7fac04015cc0>: Failed to establish a new connection: [Errno -2] Name or service not known',))
HTTPConnectionPool(host='web.dmi.unict.itcorsi', port=80): Max retries exceeded with url: /lm-18 (Caused by NewConnectionError('<urllib3.connection.HTTPConnection object at 0x7fac04015f98>: Failed to establish a new connection: [Errno -2] Name or service not known',))
HTTPConnectionPool(host='web.dmi.unict.itcorsi', port=80): Max retries exceeded with url: /lm-40 (Caused by NewConnectionError('<urllib3.connection.HTTPConnection object at 0x7fac040158d0>: Failed to establish a new connection: [Errno -2] Name or service not known',))
'NoneType' object has no attribute 'find_all'
HTTPConnectionPool(host='web.dmi.unict.itcorsi', port=80): Max retries exceeded with url: /l-31 (Caused by NewConnectionError('<urllib3.connection.HTTPConnection object at 0x7fabe7fe0b00>: Failed to establish a new connection: [Errno -2] Name or service not known',))
HTTPConnectionPool(host='web.dmi.unict.itcorsi', port=80): Max retries exceeded with url: /l-35 (Caused by NewConnectionError('<urllib3.connection.HTTPConnection object at 0x7fabe7fe0c88>: Failed to establish a new connection: [Errno -2] Name or service not known',))
HTTPConnectionPool(host='web.dmi.unict.itcorsi', port=80): Max retries exceeded with url: /lm-18 (Caused by NewConnectionError('<urllib3.connection.HTTPConnection object at 0x7fabe7fe0f60>: Failed to establish a new connection: [Errno -2] Name or service not known',))
HTTPConnectionPool(host='web.dmi.unict.itcorsi', port=80): Max retries exceeded with url: /lm-40 (Caused by NewConnectionError('<urllib3.connection.HTTPConnection object at 0x7fabe7fe0ac8>: Failed to establish a new connection: [Errno -2] Name or service not known',))
'NoneType' object has no attribute 'find_all'
HTTPConnectionPool(host='www.dieei.unict.itcorsi', port=80): Max retries exceeded with url: /l-8-ele (Caused by NewConnectionError('<urllib3.connection.HTTPConnection object at 0x7fabe7f7d0b8>: Failed to establish a new connection: [Errno -2] Name or service not known',))
HTTPConnectionPool(host='www.dieei.unict.itcorsi', port=80): Max retries exceeded with url: /l-9 (Caused by NewConnectionError('<urllib3.connection.HTTPConnection object at 0x7fabe7f7d780>: Failed to establish a new connection: [Errno -2] Name or service not known',))
HTTPConnectionPool(host='www.dieei.unict.itcorsi', port=80): Max retries exceeded with url: /l-8-inf (Caused by NewConnectionError('<urllib3.connection.HTTPConnection object at 0x7fabe7f7de48>: Failed to establish a new connection: [Errno -2] Name or service not known',))
HTTPConnectionPool(host='www.dieei.unict.itcorsi', port=80): Max retries exceeded with url: /lm-25 (Caused by NewConnectionError('<urllib3.connection.HTTPConnection object at 0x7fabe7f7d160>: Failed to establish a new connection: [Errno -2] Name or service not known',))
HTTPConnectionPool(host='www.dieei.unict.itcorsi', port=80): Max retries exceeded with url: /lm-28 (Caused by NewConnectionError('<urllib3.connection.HTTPConnection object at 0x7fabe7f7dc88>: Failed to establish a new connection: [Errno -2] Name or service not known',))
HTTPConnectionPool(host='www.dieei.unict.itcorsi', port=80): Max retries exceeded with url: /lm-29 (Caused by NewConnectionError('<urllib3.connection.HTTPConnection object at 0x7fabe7f7d278>: Failed to establish a new connection: [Errno -2] Name or service not known',))
HTTPConnectionPool(host='www.dieei.unict.itcorsi', port=80): Max retries exceeded with url: /lm-27 (Caused by NewConnectionError('<urllib3.connection.HTTPConnection object at 0x7fabe7f7d518>: Failed to establish a new connection: [Errno -2] Name or service not known',))
HTTPConnectionPool(host='www.dieei.unict.itcorsi', port=80): Max retries exceeded with url: /lm-32 (Caused by NewConnectionError('<urllib3.connection.HTTPConnection object at 0x7fac040835c0>: Failed to establish a new connection: [Errno -2] Name or service not known',))
HTTPConnectionPool(host='www.dieei.unict.itcorsi', port=80): Max retries exceeded with url: /l-8-ele (Caused by NewConnectionError('<urllib3.connection.HTTPConnection object at 0x7fabe7cffeb8>: Failed to establish a new connection: [Errno -2] Name or service not known',))
HTTPConnectionPool(host='www.dieei.unict.itcorsi', port=80): Max retries exceeded with url: /l-9 (Caused by NewConnectionError('<urllib3.connection.HTTPConnection object at 0x7fabe7cfffd0>: Failed to establish a new connection: [Errno -2] Name or service not known',))
HTTPConnectionPool(host='www.dieei.unict.itcorsi', port=80): Max retries exceeded with url: /l-8-inf (Caused by NewConnectionError('<urllib3.connection.HTTPConnection object at 0x7fabe7cff3c8>: Failed to establish a new connection: [Errno -2] Name or service not known',))
HTTPConnectionPool(host='www.dieei.unict.itcorsi', port=80): Max retries exceeded with url: /lm-25 (Caused by NewConnectionError('<urllib3.connection.HTTPConnection object at 0x7fabe7cff438>: Failed to establish a new connection: [Errno -2] Name or service not known',))
HTTPConnectionPool(host='www.dieei.unict.itcorsi', port=80): Max retries exceeded with url: /lm-28 (Caused by NewConnectionError('<urllib3.connection.HTTPConnection object at 0x7fabe7b255c0>: Failed to establish a new connection: [Errno -2] Name or service not known',))
HTTPConnectionPool(host='www.dieei.unict.itcorsi', port=80): Max retries exceeded with url: /lm-29 (Caused by NewConnectionError('<urllib3.connection.HTTPConnection object at 0x7fabe7cff3c8>: Failed to establish a new connection: [Errno -2] Name or service not known',))
HTTPConnectionPool(host='www.dieei.unict.itcorsi', port=80): Max retries exceeded with url: /lm-27 (Caused by NewConnectionError('<urllib3.connection.HTTPConnection object at 0x7fabe7cfff28>: Failed to establish a new connection: [Errno -2] Name or service not known',))
HTTPConnectionPool(host='www.dieei.unict.itcorsi', port=80): Max retries exceeded with url: /lm-32 (Caused by NewConnectionError('<urllib3.connection.HTTPConnection object at 0x7fac0875fd68>: Failed to establish a new connection: [Errno -2] Name or service not known',))
HTTPConnectionPool(host='web.dmi.unict.itcorsi', port=80): Max retries exceeded with url: /l-31 (Caused by NewConnectionError('<urllib3.connection.HTTPConnection object at 0x7efda861c4e0>: Failed to establish a new connection: [Errno -2] Name or service not known',))
HTTPConnectionPool(host='web.dmi.unict.itcorsi', port=80): Max retries exceeded with url: /l-35 (Caused by NewConnectionError('<urllib3.connection.HTTPConnection object at 0x7efda861c470>: Failed to establish a new connection: [Errno -2] Name or service not known',))
HTTPConnectionPool(host='web.dmi.unict.itcorsi', port=80): Max retries exceeded with url: /lm-18 (Caused by NewConnectionError('<urllib3.connection.HTTPConnection object at 0x7efda85f4f28>: Failed to establish a new connection: [Errno -2] Name or service not known',))
HTTPConnectionPool(host='web.dmi.unict.itcorsi', port=80): Max retries exceeded with url: /lm-40 (Caused by NewConnectionError('<urllib3.connection.HTTPConnection object at 0x7efda861c390>: Failed to establish a new connection: [Errno -2] Name or service not known',))
'NoneType' object has no attribute 'find_all'
HTTPConnectionPool(host='web.dmi.unict.itcorsi', port=80): Max retries exceeded with url: /l-31 (Caused by NewConnectionError('<urllib3.connection.HTTPConnection object at 0x7efda84daac8>: Failed to establish a new connection: [Errno -2] Name or service not known',))
HTTPConnectionPool(host='web.dmi.unict.itcorsi', port=80): Max retries exceeded with url: /l-35 (Caused by NewConnectionError('<urllib3.connection.HTTPConnection object at 0x7efda84daac8>: Failed to establish a new connection: [Errno -2] Name or service not known',))
HTTPConnectionPool(host='web.dmi.unict.itcorsi', port=80): Max retries exceeded with url: /lm-18 (Caused by NewConnectionError('<urllib3.connection.HTTPConnection object at 0x7efda84daac8>: Failed to establish a new connection: [Errno -2] Name or service not known',))
HTTPConnectionPool(host='web.dmi.unict.itcorsi', port=80): Max retries exceeded with url: /lm-40 (Caused by NewConnectionError('<urllib3.connection.HTTPConnection object at 0x7efda84daac8>: Failed to establish a new connection: [Errno -2] Name or service not known',))
'NoneType' object has no attribute 'find_all'
HTTPConnectionPool(host='www.dieei.unict.itcorsi', port=80): Max retries exceeded with url: /l-8-ele (Caused by NewConnectionError('<urllib3.connection.HTTPConnection object at 0x7efda81bc908>: Failed to establish a new connection: [Errno -2] Name or service not known',))
HTTPConnectionPool(host='www.dieei.unict.itcorsi', port=80): Max retries exceeded with url: /l-9 (Caused by NewConnectionError('<urllib3.connection.HTTPConnection object at 0x7efda81bcac8>: Failed to establish a new connection: [Errno -2] Name or service not known',))
HTTPConnectionPool(host='www.dieei.unict.itcorsi', port=80): Max retries exceeded with url: /l-8-inf (Caused by NewConnectionError('<urllib3.connection.HTTPConnection object at 0x7efda81bcc18>: Failed to establish a new connection: [Errno -2] Name or service not known',))
HTTPConnectionPool(host='www.dieei.unict.itcorsi', port=80): Max retries exceeded with url: /lm-25 (Caused by NewConnectionError('<urllib3.connection.HTTPConnection object at 0x7efda81bc710>: Failed to establish a new connection: [Errno -2] Name or service not known',))
HTTPConnectionPool(host='www.dieei.unict.itcorsi', port=80): Max retries exceeded with url: /lm-28 (Caused by NewConnectionError('<urllib3.connection.HTTPConnection object at 0x7efda81bc780>: Failed to establish a new connection: [Errno -2] Name or service not known',))
HTTPConnectionPool(host='www.dieei.unict.itcorsi', port=80): Max retries exceeded with url: /lm-29 (Caused by NewConnectionError('<urllib3.connection.HTTPConnection object at 0x7efda81bc588>: Failed to establish a new connection: [Errno -2] Name or service not known',))
HTTPConnectionPool(host='www.dieei.unict.itcorsi', port=80): Max retries exceeded with url: /lm-27 (Caused by NewConnectionError('<urllib3.connection.HTTPConnection object at 0x7efda81bc7f0>: Failed to establish a new connection: [Errno -2] Name or service not known',))
HTTPConnectionPool(host='www.dieei.unict.itcorsi', port=80): Max retries exceeded with url: /lm-32 (Caused by NewConnectionError('<urllib3.connection.HTTPConnection object at 0x7efda81bc588>: Failed to establish a new connection: [Errno -2] Name or service not known',))
HTTPConnectionPool(host='www.dieei.unict.itcorsi', port=80): Max retries exceeded with url: /l-8-ele (Caused by NewConnectionError('<urllib3.connection.HTTPConnection object at 0x7efda8639048>: Failed to establish a new connection: [Errno -2] Name or service not known',))
HTTPConnectionPool(host='www.dieei.unict.itcorsi', port=80): Max retries exceeded with url: /l-9 (Caused by NewConnectionError('<urllib3.connection.HTTPConnection object at 0x7efda840c400>: Failed to establish a new connection: [Errno -2] Name or service not known',))
HTTPConnectionPool(host='www.dieei.unict.itcorsi', port=80): Max retries exceeded with url: /l-8-inf (Caused by NewConnectionError('<urllib3.connection.HTTPConnection object at 0x7efda840c400>: Failed to establish a new connection: [Errno -2] Name or service not known',))
HTTPConnectionPool(host='www.dieei.unict.itcorsi', port=80): Max retries exceeded with url: /lm-25 (Caused by NewConnectionError('<urllib3.connection.HTTPConnection object at 0x7efda840c3c8>: Failed to establish a new connection: [Errno -2] Name or service not known',))
HTTPConnectionPool(host='www.dieei.unict.itcorsi', port=80): Max retries exceeded with url: /lm-28 (Caused by NewConnectionError('<urllib3.connection.HTTPConnection object at 0x7efda840c438>: Failed to establish a new connection: [Errno -2] Name or service not known',))
HTTPConnectionPool(host='www.dieei.unict.itcorsi', port=80): Max retries exceeded with url: /lm-29 (Caused by NewConnectionError('<urllib3.connection.HTTPConnection object at 0x7efda840c048>: Failed to establish a new connection: [Errno -2] Name or service not known',))
HTTPConnectionPool(host='www.dieei.unict.itcorsi', port=80): Max retries exceeded with url: /lm-27 (Caused by NewConnectionError('<urllib3.connection.HTTPConnection object at 0x7efda840c400>: Failed to establish a new connection: [Errno -2] Name or service not known',))
HTTPConnectionPool(host='www.dieei.unict.itcorsi', port=80): Max retries exceeded with url: /lm-32 (Caused by NewConnectionError('<urllib3.connection.HTTPConnection object at 0x7efdaa50a5f8>: Failed to establish a new connection: [Errno -2] Name or service not known',))
HTTPConnectionPool(host='web.dmi.unict.itcorsi', port=80): Max retries exceeded with url: /l-31 (Caused by NewConnectionError('<urllib3.connection.HTTPConnection object at 0x7ff0cc0a3550>: Failed to establish a new connection: [Errno -2] Name or service not known',))
HTTPConnectionPool(host='web.dmi.unict.itcorsi', port=80): Max retries exceeded with url: /l-35 (Caused by NewConnectionError('<urllib3.connection.HTTPConnection object at 0x7ff0cc0a35f8>: Failed to establish a new connection: [Errno -2] Name or service not known',))
HTTPConnectionPool(host='web.dmi.unict.itcorsi', port=80): Max retries exceeded with url: /lm-18 (Caused by NewConnectionError('<urllib3.connection.HTTPConnection object at 0x7ff0cc0a32b0>: Failed to establish a new connection: [Errno -2] Name or service not known',))
HTTPConnectionPool(host='web.dmi.unict.itcorsi', port=80): Max retries exceeded with url: /lm-40 (Caused by NewConnectionError('<urllib3.connection.HTTPConnection object at 0x7ff0cc0a32e8>: Failed to establish a new connection: [Errno -2] Name or service not known',))
'NoneType' object has no attribute 'find_all'
HTTPConnectionPool(host='web.dmi.unict.itcorsi', port=80): Max retries exceeded with url: /l-31 (Caused by NewConnectionError('<urllib3.connection.HTTPConnection object at 0x7ff0b6f4bb38>: Failed to establish a new connection: [Errno -2] Name or service not known',))
HTTPConnectionPool(host='web.dmi.unict.itcorsi', port=80): Max retries exceeded with url: /l-35 (Caused by NewConnectionError('<urllib3.connection.HTTPConnection object at 0x7ff0b6f4bb38>: Failed to establish a new connection: [Errno -2] Name or service not known',))
HTTPConnectionPool(host='web.dmi.unict.itcorsi', port=80): Max retries exceeded with url: /lm-18 (Caused by NewConnectionError('<urllib3.connection.HTTPConnection object at 0x7ff0b6f4bb38>: Failed to establish a new connection: [Errno -2] Name or service not known',))
HTTPConnectionPool(host='web.dmi.unict.itcorsi', port=80): Max retries exceeded with url: /lm-40 (Caused by NewConnectionError('<urllib3.connection.HTTPConnection object at 0x7ff0b6f4bb38>: Failed to establish a new connection: [Errno -2] Name or service not known',))
'NoneType' object has no attribute 'find_all'
HTTPConnectionPool(host='www.dieei.unict.itcorsi', port=80): Max retries exceeded with url: /l-8-ele (Caused by NewConnectionError('<urllib3.connection.HTTPConnection object at 0x7ff0b6f1e5f8>: Failed to establish a new connection: [Errno -2] Name or service not known',))
HTTPConnectionPool(host='www.dieei.unict.itcorsi', port=80): Max retries exceeded with url: /l-9 (Caused by NewConnectionError('<urllib3.connection.HTTPConnection object at 0x7ff0b6f1e940>: Failed to establish a new connection: [Errno -2] Name or service not known',))
HTTPConnectionPool(host='www.dieei.unict.itcorsi', port=80): Max retries exceeded with url: /l-8-inf (Caused by NewConnectionError('<urllib3.connection.HTTPConnection object at 0x7ff0b6f1e9b0>: Failed to establish a new connection: [Errno -2] Name or service not known',))
HTTPConnectionPool(host='www.dieei.unict.itcorsi', port=80): Max retries exceeded with url: /lm-25 (Caused by NewConnectionError('<urllib3.connection.HTTPConnection object at 0x7ff0b6f1e780>: Failed to establish a new connection: [Errno -2] Name or service not known',))
HTTPConnectionPool(host='www.dieei.unict.itcorsi', port=80): Max retries exceeded with url: /lm-28 (Caused by NewConnectionError('<urllib3.connection.HTTPConnection object at 0x7ff0b6f1e9b0>: Failed to establish a new connection: [Errno -2] Name or service not known',))
HTTPConnectionPool(host='www.dieei.unict.itcorsi', port=80): Max retries exceeded with url: /lm-29 (Caused by NewConnectionError('<urllib3.connection.HTTPConnection object at 0x7ff0cc0596a0>: Failed to establish a new connection: [Errno -2] Name or service not known',))
HTTPConnectionPool(host='www.dieei.unict.itcorsi', port=80): Max retries exceeded with url: /lm-27 (Caused by NewConnectionError('<urllib3.connection.HTTPConnection object at 0x7ff0b6f1eb38>: Failed to establish a new connection: [Errno -2] Name or service not known',))
HTTPConnectionPool(host='www.dieei.unict.itcorsi', port=80): Max retries exceeded with url: /lm-32 (Caused by NewConnectionError('<urllib3.connection.HTTPConnection object at 0x7ff0b6f1e6a0>: Failed to establish a new connection: [Errno -2] Name or service not known',))
HTTPConnectionPool(host='www.dieei.unict.itcorsi', port=80): Max retries exceeded with url: /l-8-ele (Caused by NewConnectionError('<urllib3.connection.HTTPConnection object at 0x7ff0b6fa6e48>: Failed to establish a new connection: [Errno -2] Name or service not known',))
HTTPConnectionPool(host='www.dieei.unict.itcorsi', port=80): Max retries exceeded with url: /l-9 (Caused by NewConnectionError('<urllib3.connection.HTTPConnection object at 0x7ff0b6fa6c88>: Failed to establish a new connection: [Errno -2] Name or service not known',))
HTTPConnectionPool(host='www.dieei.unict.itcorsi', port=80): Max retries exceeded with url: /l-8-inf (Caused by NewConnectionError('<urllib3.connection.HTTPConnection object at 0x7ff0b6e3ccc0>: Failed to establish a new connection: [Errno -2] Name or service not known',))
HTTPConnectionPool(host='www.dieei.unict.itcorsi', port=80): Max retries exceeded with url: /lm-25 (Caused by NewConnectionError('<urllib3.connection.HTTPConnection object at 0x7ff0b6e3cda0>: Failed to establish a new connection: [Errno -2] Name or service not known',))
HTTPConnectionPool(host='www.dieei.unict.itcorsi', port=80): Max retries exceeded with url: /lm-28 (Caused by NewConnectionError('<urllib3.connection.HTTPConnection object at 0x7ff0b6e3c128>: Failed to establish a new connection: [Errno -2] Name or service not known',))
HTTPConnectionPool(host='www.dieei.unict.itcorsi', port=80): Max retries exceeded with url: /lm-29 (Caused by NewConnectionError('<urllib3.connection.HTTPConnection object at 0x7ff0b6e3c048>: Failed to establish a new connection: [Errno -2] Name or service not known',))
HTTPConnectionPool(host='www.dieei.unict.itcorsi', port=80): Max retries exceeded with url: /lm-27 (Caused by NewConnectionError('<urllib3.connection.HTTPConnection object at 0x7ff0b6e3c1d0>: Failed to establish a new connection: [Errno -2] Name or service not known',))
HTTPConnectionPool(host='www.dieei.unict.itcorsi', port=80): Max retries exceeded with url: /lm-32 (Caused by NewConnectionError('<urllib3.connection.HTTPConnection object at 0x7ff0b6e3c080>: Failed to establish a new connection: [Errno -2] Name or service not known',))
HTTPConnectionPool(host='web.dmi.unict.itcorsi', port=80): Max retries exceeded with url: /l-31 (Caused by NewConnectionError('<urllib3.connection.HTTPConnection object at 0x7ff2f863b518>: Failed to establish a new connection: [Errno -2] Name or service not known',))
HTTPConnectionPool(host='web.dmi.unict.itcorsi', port=80): Max retries exceeded with url: /l-35 (Caused by NewConnectionError('<urllib3.connection.HTTPConnection object at 0x7ff2f863b5c0>: Failed to establish a new connection: [Errno -2] Name or service not known',))
HTTPConnectionPool(host='web.dmi.unict.itcorsi', port=80): Max retries exceeded with url: /lm-18 (Caused by NewConnectionError('<urllib3.connection.HTTPConnection object at 0x7ff2f863b278>: Failed to establish a new connection: [Errno -2] Name or service not known',))
HTTPConnectionPool(host='web.dmi.unict.itcorsi', port=80): Max retries exceeded with url: /lm-40 (Caused by NewConnectionError('<urllib3.connection.HTTPConnection object at 0x7ff2f863b2b0>: Failed to establish a new connection: [Errno -2] Name or service not known',))
'NoneType' object has no attribute 'find_all'
HTTPConnectionPool(host='web.dmi.unict.itcorsi', port=80): Max retries exceeded with url: /l-31 (Caused by NewConnectionError('<urllib3.connection.HTTPConnection object at 0x7ff2f84eab00>: Failed to establish a new connection: [Errno -2] Name or service not known',))
HTTPConnectionPool(host='web.dmi.unict.itcorsi', port=80): Max retries exceeded with url: /l-35 (Caused by NewConnectionError('<urllib3.connection.HTTPConnection object at 0x7ff2f84eab00>: Failed to establish a new connection: [Errno -2] Name or service not known',))
HTTPConnectionPool(host='web.dmi.unict.itcorsi', port=80): Max retries exceeded with url: /lm-18 (Caused by NewConnectionError('<urllib3.connection.HTTPConnection object at 0x7ff2f84eab00>: Failed to establish a new connection: [Errno -2] Name or service not known',))
HTTPConnectionPool(host='web.dmi.unict.itcorsi', port=80): Max retries exceeded with url: /lm-40 (Caused by NewConnectionError('<urllib3.connection.HTTPConnection object at 0x7ff2f84eab00>: Failed to establish a new connection: [Errno -2] Name or service not known',))
'NoneType' object has no attribute 'find_all'
HTTPConnectionPool(host='www.dieei.unict.itcorsi', port=80): Max retries exceeded with url: /l-8-ele (Caused by NewConnectionError('<urllib3.connection.HTTPConnection object at 0x7ff2f85c62e8>: Failed to establish a new connection: [Errno -2] Name or service not known',))
HTTPConnectionPool(host='www.dieei.unict.itcorsi', port=80): Max retries exceeded with url: /l-9 (Caused by NewConnectionError('<urllib3.connection.HTTPConnection object at 0x7ff2f85c67b8>: Failed to establish a new connection: [Errno -2] Name or service not known',))
HTTPConnectionPool(host='www.dieei.unict.itcorsi', port=80): Max retries exceeded with url: /l-8-inf (Caused by NewConnectionError('<urllib3.connection.HTTPConnection object at 0x7ff2f85c6470>: Failed to establish a new connection: [Errno -2] Name or service not known',))
HTTPConnectionPool(host='www.dieei.unict.itcorsi', port=80): Max retries exceeded with url: /lm-25 (Caused by NewConnectionError('<urllib3.connection.HTTPConnection object at 0x7ff2f85c6a90>: Failed to establish a new connection: [Errno -2] Name or service not known',))
HTTPConnectionPool(host='www.dieei.unict.itcorsi', port=80): Max retries exceeded with url: /lm-28 (Caused by NewConnectionError('<urllib3.connection.HTTPConnection object at 0x7ff2f85c6710>: Failed to establish a new connection: [Errno -2] Name or service not known',))
HTTPConnectionPool(host='www.dieei.unict.itcorsi', port=80): Max retries exceeded with url: /lm-29 (Caused by NewConnectionError('<urllib3.connection.HTTPConnection object at 0x7ff2f85c68d0>: Failed to establish a new connection: [Errno -2] Name or service not known',))
HTTPConnectionPool(host='www.dieei.unict.itcorsi', port=80): Max retries exceeded with url: /lm-27 (Caused by NewConnectionError('<urllib3.connection.HTTPConnection object at 0x7ff2f85c6710>: Failed to establish a new connection: [Errno -2] Name or service not known',))
HTTPConnectionPool(host='www.dieei.unict.itcorsi', port=80): Max retries exceeded with url: /lm-32 (Caused by NewConnectionError('<urllib3.connection.HTTPConnection object at 0x7ff2f85c68d0>: Failed to establish a new connection: [Errno -2] Name or service not known',))
HTTPConnectionPool(host='www.dieei.unict.itcorsi', port=80): Max retries exceeded with url: /l-8-ele (Caused by NewConnectionError('<urllib3.connection.HTTPConnection object at 0x7ff2f82f7ef0>: Failed to establish a new connection: [Errno -2] Name or service not known',))
HTTPConnectionPool(host='www.dieei.unict.itcorsi', port=80): Max retries exceeded with url: /l-9 (Caused by NewConnectionError('<urllib3.connection.HTTPConnection object at 0x7ff2f82f7d68>: Failed to establish a new connection: [Errno -2] Name or service not known',))
HTTPConnectionPool(host='www.dieei.unict.itcorsi', port=80): Max retries exceeded with url: /l-8-inf (Caused by NewConnectionError('<urllib3.connection.HTTPConnection object at 0x7ff2f82f7fd0>: Failed to establish a new connection: [Errno -2] Name or service not known',))
HTTPConnectionPool(host='www.dieei.unict.itcorsi', port=80): Max retries exceeded with url: /lm-25 (Caused by NewConnectionError('<urllib3.connection.HTTPConnection object at 0x7ff2f82f7da0>: Failed to establish a new connection: [Errno -2] Name or service not known',))
HTTPConnectionPool(host='www.dieei.unict.itcorsi', port=80): Max retries exceeded with url: /lm-28 (Caused by NewConnectionError('<urllib3.connection.HTTPConnection object at 0x7ff2f82f7b00>: Failed to establish a new connection: [Errno -2] Name or service not known',))
HTTPConnectionPool(host='www.dieei.unict.itcorsi', port=80): Max retries exceeded with url: /lm-29 (Caused by NewConnectionError('<urllib3.connection.HTTPConnection object at 0x7ff2f82f7f28>: Failed to establish a new connection: [Errno -2] Name or service not known',))
HTTPConnectionPool(host='www.dieei.unict.itcorsi', port=80): Max retries exceeded with url: /lm-27 (Caused by NewConnectionError('<urllib3.connection.HTTPConnection object at 0x7ff2f82f7b00>: Failed to establish a new connection: [Errno -2] Name or service not known',))
HTTPConnectionPool(host='www.dieei.unict.itcorsi', port=80): Max retries exceeded with url: /lm-32 (Caused by NewConnectionError('<urllib3.connection.HTTPConnection object at 0x7ff2f82f7f28>: Failed to establish a new connection: [Errno -2] Name or service not known',))
HTTPConnectionPool(host='web.dmi.unict.itcorsi', port=80): Max retries exceeded with url: /l-31 (Caused by NewConnectionError('<urllib3.connection.HTTPConnection object at 0x7f6a0df932b0>: Failed to establish a new connection: [Errno -2] Name or service not known',))
HTTPConnectionPool(host='web.dmi.unict.itcorsi', port=80): Max retries exceeded with url: /l-35 (Caused by NewConnectionError('<urllib3.connection.HTTPConnection object at 0x7f6a0df93320>: Failed to establish a new connection: [Errno -2] Name or service not known',))
HTTPConnectionPool(host='web.dmi.unict.itcorsi', port=80): Max retries exceeded with url: /lm-18 (Caused by NewConnectionError('<urllib3.connection.HTTPConnection object at 0x7f6a0df93278>: Failed to establish a new connection: [Errno -2] Name or service not known',))
HTTPConnectionPool(host='web.dmi.unict.itcorsi', port=80): Max retries exceeded with url: /lm-40 (Caused by NewConnectionError('<urllib3.connection.HTTPConnection object at 0x7f6a0df932b0>: Failed to establish a new connection: [Errno -2] Name or service not known',))
'NoneType' object has no attribute 'find_all'
HTTPConnectionPool(host='web.dmi.unict.itcorsi', port=80): Max retries exceeded with url: /l-31 (Caused by NewConnectionError('<urllib3.connection.HTTPConnection object at 0x7f6a0de4ba20>: Failed to establish a new connection: [Errno -2] Name or service not known',))
HTTPConnectionPool(host='web.dmi.unict.itcorsi', port=80): Max retries exceeded with url: /l-35 (Caused by NewConnectionError('<urllib3.connection.HTTPConnection object at 0x7f6a0de4bba8>: Failed to establish a new connection: [Errno -2] Name or service not known',))
HTTPConnectionPool(host='web.dmi.unict.itcorsi', port=80): Max retries exceeded with url: /lm-18 (Caused by NewConnectionError('<urllib3.connection.HTTPConnection object at 0x7f6a0de4ba58>: Failed to establish a new connection: [Errno -2] Name or service not known',))
HTTPConnectionPool(host='web.dmi.unict.itcorsi', port=80): Max retries exceeded with url: /lm-40 (Caused by NewConnectionError('<urllib3.connection.HTTPConnection object at 0x7f6a0de4ba20>: Failed to establish a new connection: [Errno -2] Name or service not known',))
'NoneType' object has no attribute 'find_all'
HTTPConnectionPool(host='www.dieei.unict.itcorsi', port=80): Max retries exceeded with url: /l-8-ele (Caused by NewConnectionError('<urllib3.connection.HTTPConnection object at 0x7f6a0df249b0>: Failed to establish a new connection: [Errno -2] Name or service not known',))
HTTPConnectionPool(host='www.dieei.unict.itcorsi', port=80): Max retries exceeded with url: /l-9 (Caused by NewConnectionError('<urllib3.connection.HTTPConnection object at 0x7f6a0df24390>: Failed to establish a new connection: [Errno -2] Name or service not known',))
HTTPConnectionPool(host='www.dieei.unict.itcorsi', port=80): Max retries exceeded with url: /l-8-inf (Caused by NewConnectionError('<urllib3.connection.HTTPConnection object at 0x7f6a0df249b0>: Failed to establish a new connection: [Errno -2] Name or service not known',))
HTTPConnectionPool(host='www.dieei.unict.itcorsi', port=80): Max retries exceeded with url: /lm-25 (Caused by NewConnectionError('<urllib3.connection.HTTPConnection object at 0x7f6a0df24860>: Failed to establish a new connection: [Errno -2] Name or service not known',))
HTTPConnectionPool(host='www.dieei.unict.itcorsi', port=80): Max retries exceeded with url: /lm-28 (Caused by NewConnectionError('<urllib3.connection.HTTPConnection object at 0x7f6a0df246a0>: Failed to establish a new connection: [Errno -2] Name or service not known',))
HTTPConnectionPool(host='www.dieei.unict.itcorsi', port=80): Max retries exceeded with url: /lm-29 (Caused by NewConnectionError('<urllib3.connection.HTTPConnection object at 0x7f6a0df24d68>: Failed to establish a new connection: [Errno -2] Name or service not known',))
HTTPConnectionPool(host='www.dieei.unict.itcorsi', port=80): Max retries exceeded with url: /lm-27 (Caused by NewConnectionError('<urllib3.connection.HTTPConnection object at 0x7f6a0df246a0>: Failed to establish a new connection: [Errno -2] Name or service not known',))
HTTPConnectionPool(host='www.dieei.unict.itcorsi', port=80): Max retries exceeded with url: /lm-32 (Caused by NewConnectionError('<urllib3.connection.HTTPConnection object at 0x7f6a0df24860>: Failed to establish a new connection: [Errno -2] Name or service not known',))
HTTPConnectionPool(host='www.dieei.unict.itcorsi', port=80): Max retries exceeded with url: /l-8-ele (Caused by NewConnectionError('<urllib3.connection.HTTPConnection object at 0x7f6a0df27908>: Failed to establish a new connection: [Errno -2] Name or service not known',))
HTTPConnectionPool(host='www.dieei.unict.itcorsi', port=80): Max retries exceeded with url: /l-9 (Caused by NewConnectionError('<urllib3.connection.HTTPConnection object at 0x7f6a0df279b0>: Failed to establish a new connection: [Errno -2] Name or service not known',))
HTTPConnectionPool(host='www.dieei.unict.itcorsi', port=80): Max retries exceeded with url: /l-8-inf (Caused by NewConnectionError('<urllib3.connection.HTTPConnection object at 0x7f6a0df27c88>: Failed to establish a new connection: [Errno -2] Name or service not known',))
HTTPConnectionPool(host='www.dieei.unict.itcorsi', port=80): Max retries exceeded with url: /lm-25 (Caused by NewConnectionError('<urllib3.connection.HTTPConnection object at 0x7f6a0df27908>: Failed to establish a new connection: [Errno -2] Name or service not known',))
HTTPConnectionPool(host='www.dieei.unict.itcorsi', port=80): Max retries exceeded with url: /lm-28 (Caused by NewConnectionError('<urllib3.connection.HTTPConnection object at 0x7f6a0df27a20>: Failed to establish a new connection: [Errno -2] Name or service not known',))
HTTPConnectionPool(host='www.dieei.unict.itcorsi', port=80): Max retries exceeded with url: /lm-29 (Caused by NewConnectionError('<urllib3.connection.HTTPConnection object at 0x7f6a0df279b0>: Failed to establish a new connection: [Errno -2] Name or service not known',))
HTTPConnectionPool(host='www.dieei.unict.itcorsi', port=80): Max retries exceeded with url: /lm-27 (Caused by NewConnectionError('<urllib3.connection.HTTPConnection object at 0x7f6a0df27908>: Failed to establish a new connection: [Errno -2] Name or service not known',))
HTTPConnectionPool(host='www.dieei.unict.itcorsi', port=80): Max retries exceeded with url: /lm-32 (Caused by NewConnectionError('<urllib3.connection.HTTPConnection object at 0x7f6a0df27a20>: Failed to establish a new connection: [Errno -2] Name or service not known',))
HTTPConnectionPool(host='web.dmi.unict.itcorsi', port=80): Max retries exceeded with url: /l-31 (Caused by NewConnectionError('<urllib3.connection.HTTPConnection object at 0x7f328436f550>: Failed to establish a new connection: [Errno -2] Name or service not known',))
HTTPConnectionPool(host='web.dmi.unict.itcorsi', port=80): Max retries exceeded with url: /l-35 (Caused by NewConnectionError('<urllib3.connection.HTTPConnection object at 0x7f328436f5f8>: Failed to establish a new connection: [Errno -2] Name or service not known',))
HTTPConnectionPool(host='web.dmi.unict.itcorsi', port=80): Max retries exceeded with url: /lm-18 (Caused by NewConnectionError('<urllib3.connection.HTTPConnection object at 0x7f328436f2b0>: Failed to establish a new connection: [Errno -2] Name or service not known',))
HTTPConnectionPool(host='web.dmi.unict.itcorsi', port=80): Max retries exceeded with url: /lm-40 (Caused by NewConnectionError('<urllib3.connection.HTTPConnection object at 0x7f328436f2e8>: Failed to establish a new connection: [Errno -2] Name or service not known',))
'NoneType' object has no attribute 'find_all'
HTTPConnectionPool(host='web.dmi.unict.itcorsi', port=80): Max retries exceeded with url: /l-31 (Caused by NewConnectionError('<urllib3.connection.HTTPConnection object at 0x7f3284332b00>: Failed to establish a new connection: [Errno -2] Name or service not known',))
HTTPConnectionPool(host='web.dmi.unict.itcorsi', port=80): Max retries exceeded with url: /l-35 (Caused by NewConnectionError('<urllib3.connection.HTTPConnection object at 0x7f3284332b70>: Failed to establish a new connection: [Errno -2] Name or service not known',))
HTTPConnectionPool(host='web.dmi.unict.itcorsi', port=80): Max retries exceeded with url: /lm-18 (Caused by NewConnectionError('<urllib3.connection.HTTPConnection object at 0x7f3284332b00>: Failed to establish a new connection: [Errno -2] Name or service not known',))
HTTPConnectionPool(host='web.dmi.unict.itcorsi', port=80): Max retries exceeded with url: /lm-40 (Caused by NewConnectionError('<urllib3.connection.HTTPConnection object at 0x7f3284332b70>: Failed to establish a new connection: [Errno -2] Name or service not known',))
'NoneType' object has no attribute 'find_all'
HTTPConnectionPool(host='www.dieei.unict.itcorsi', port=80): Max retries exceeded with url: /l-8-ele (Caused by NewConnectionError('<urllib3.connection.HTTPConnection object at 0x7f32840eec18>: Failed to establish a new connection: [Errno -2] Name or service not known',))
HTTPConnectionPool(host='www.dieei.unict.itcorsi', port=80): Max retries exceeded with url: /l-9 (Caused by NewConnectionError('<urllib3.connection.HTTPConnection object at 0x7f32840ee940>: Failed to establish a new connection: [Errno -2] Name or service not known',))
HTTPConnectionPool(host='www.dieei.unict.itcorsi', port=80): Max retries exceeded with url: /l-8-inf (Caused by NewConnectionError('<urllib3.connection.HTTPConnection object at 0x7f32840eec88>: Failed to establish a new connection: [Errno -2] Name or service not known',))
HTTPConnectionPool(host='www.dieei.unict.itcorsi', port=80): Max retries exceeded with url: /lm-25 (Caused by NewConnectionError('<urllib3.connection.HTTPConnection object at 0x7f32840ee780>: Failed to establish a new connection: [Errno -2] Name or service not known',))
HTTPConnectionPool(host='www.dieei.unict.itcorsi', port=80): Max retries exceeded with url: /lm-28 (Caused by NewConnectionError('<urllib3.connection.HTTPConnection object at 0x7f32840ee630>: Failed to establish a new connection: [Errno -2] Name or service not known',))
HTTPConnectionPool(host='www.dieei.unict.itcorsi', port=80): Max retries exceeded with url: /lm-29 (Caused by NewConnectionError('<urllib3.connection.HTTPConnection object at 0x7f32840eebe0>: Failed to establish a new connection: [Errno -2] Name or service not known',))
HTTPConnectionPool(host='www.dieei.unict.itcorsi', port=80): Max retries exceeded with url: /lm-27 (Caused by NewConnectionError('<urllib3.connection.HTTPConnection object at 0x7f32840ee550>: Failed to establish a new connection: [Errno -2] Name or service not known',))
HTTPConnectionPool(host='www.dieei.unict.itcorsi', port=80): Max retries exceeded with url: /lm-32 (Caused by NewConnectionError('<urllib3.connection.HTTPConnection object at 0x7f32840eebe0>: Failed to establish a new connection: [Errno -2] Name or service not known',))
HTTPConnectionPool(host='www.dieei.unict.itcorsi', port=80): Max retries exceeded with url: /l-8-ele (Caused by NewConnectionError('<urllib3.connection.HTTPConnection object at 0x7f32840bf780>: Failed to establish a new connection: [Errno -2] Name or service not known',))
HTTPConnectionPool(host='www.dieei.unict.itcorsi', port=80): Max retries exceeded with url: /l-9 (Caused by NewConnectionError('<urllib3.connection.HTTPConnection object at 0x7f32840bf390>: Failed to establish a new connection: [Errno -2] Name or service not known',))
HTTPConnectionPool(host='www.dieei.unict.itcorsi', port=80): Max retries exceeded with url: /l-8-inf (Caused by NewConnectionError('<urllib3.connection.HTTPConnection object at 0x7f32840bf828>: Failed to establish a new connection: [Errno -2] Name or service not known',))
HTTPConnectionPool(host='www.dieei.unict.itcorsi', port=80): Max retries exceeded with url: /lm-25 (Caused by NewConnectionError('<urllib3.connection.HTTPConnection object at 0x7f3284181ba8>: Failed to establish a new connection: [Errno -2] Name or service not known',))
HTTPConnectionPool(host='www.dieei.unict.itcorsi', port=80): Max retries exceeded with url: /lm-28 (Caused by NewConnectionError('<urllib3.connection.HTTPConnection object at 0x7f3284181b00>: Failed to establish a new connection: [Errno -2] Name or service not known',))
HTTPConnectionPool(host='www.dieei.unict.itcorsi', port=80): Max retries exceeded with url: /lm-29 (Caused by NewConnectionError('<urllib3.connection.HTTPConnection object at 0x7f32840bf588>: Failed to establish a new connection: [Errno -2] Name or service not known',))
HTTPConnectionPool(host='www.dieei.unict.itcorsi', port=80): Max retries exceeded with url: /lm-27 (Caused by NewConnectionError('<urllib3.connection.HTTPConnection object at 0x7f32840bfba8>: Failed to establish a new connection: [Errno -2] Name or service not known',))
HTTPConnectionPool(host='www.dieei.unict.itcorsi', port=80): Max retries exceeded with url: /lm-32 (Caused by NewConnectionError('<urllib3.connection.HTTPConnection object at 0x7f3287a6f860>: Failed to establish a new connection: [Errno -2] Name or service not known',))
HTTPConnectionPool(host='web.dmi.unict.itcorsi', port=80): Max retries exceeded with url: /l-31 (Caused by NewConnectionError('<urllib3.connection.HTTPConnection object at 0x7efc8807d518>: Failed to establish a new connection: [Errno -2] Name or service not known',))
HTTPConnectionPool(host='web.dmi.unict.itcorsi', port=80): Max retries exceeded with url: /l-35 (Caused by NewConnectionError('<urllib3.connection.HTTPConnection object at 0x7efc8807d5c0>: Failed to establish a new connection: [Errno -2] Name or service not known',))
HTTPConnectionPool(host='web.dmi.unict.itcorsi', port=80): Max retries exceeded with url: /lm-18 (Caused by NewConnectionError('<urllib3.connection.HTTPConnection object at 0x7efc8807d278>: Failed to establish a new connection: [Errno -2] Name or service not known',))
HTTPConnectionPool(host='web.dmi.unict.itcorsi', port=80): Max retries exceeded with url: /lm-40 (Caused by NewConnectionError('<urllib3.connection.HTTPConnection object at 0x7efc8807d2b0>: Failed to establish a new connection: [Errno -2] Name or service not known',))
'NoneType' object has no attribute 'find_all'
HTTPConnectionPool(host='web.dmi.unict.itcorsi', port=80): Max retries exceeded with url: /l-31 (Caused by NewConnectionError('<urllib3.connection.HTTPConnection object at 0x7efc80ae4588>: Failed to establish a new connection: [Errno -2] Name or service not known',))
HTTPConnectionPool(host='web.dmi.unict.itcorsi', port=80): Max retries exceeded with url: /l-35 (Caused by NewConnectionError('<urllib3.connection.HTTPConnection object at 0x7efc80ae4588>: Failed to establish a new connection: [Errno -2] Name or service not known',))
HTTPConnectionPool(host='web.dmi.unict.itcorsi', port=80): Max retries exceeded with url: /lm-18 (Caused by NewConnectionError('<urllib3.connection.HTTPConnection object at 0x7efc80ae4588>: Failed to establish a new connection: [Errno -2] Name or service not known',))
HTTPConnectionPool(host='web.dmi.unict.itcorsi', port=80): Max retries exceeded with url: /lm-40 (Caused by NewConnectionError('<urllib3.connection.HTTPConnection object at 0x7efc80ae4588>: Failed to establish a new connection: [Errno -2] Name or service not known',))
'NoneType' object has no attribute 'find_all'
HTTPConnectionPool(host='www.dieei.unict.itcorsi', port=80): Max retries exceeded with url: /l-8-ele (Caused by NewConnectionError('<urllib3.connection.HTTPConnection object at 0x7efc8098aeb8>: Failed to establish a new connection: [Errno -2] Name or service not known',))
HTTPConnectionPool(host='www.dieei.unict.itcorsi', port=80): Max retries exceeded with url: /l-9 (Caused by NewConnectionError('<urllib3.connection.HTTPConnection object at 0x7efc8098a748>: Failed to establish a new connection: [Errno -2] Name or service not known',))
HTTPConnectionPool(host='www.dieei.unict.itcorsi', port=80): Max retries exceeded with url: /l-8-inf (Caused by NewConnectionError('<urllib3.connection.HTTPConnection object at 0x7efc8098aa20>: Failed to establish a new connection: [Errno -2] Name or service not known',))
HTTPConnectionPool(host='www.dieei.unict.itcorsi', port=80): Max retries exceeded with url: /lm-25 (Caused by NewConnectionError('<urllib3.connection.HTTPConnection object at 0x7efc8098a4e0>: Failed to establish a new connection: [Errno -2] Name or service not known',))
HTTPConnectionPool(host='www.dieei.unict.itcorsi', port=80): Max retries exceeded with url: /lm-28 (Caused by NewConnectionError('<urllib3.connection.HTTPConnection object at 0x7efc8098aef0>: Failed to establish a new connection: [Errno -2] Name or service not known',))
HTTPConnectionPool(host='www.dieei.unict.itcorsi', port=80): Max retries exceeded with url: /lm-29 (Caused by NewConnectionError('<urllib3.connection.HTTPConnection object at 0x7efc8098a828>: Failed to establish a new connection: [Errno -2] Name or service not known',))
HTTPConnectionPool(host='www.dieei.unict.itcorsi', port=80): Max retries exceeded with url: /lm-27 (Caused by NewConnectionError('<urllib3.connection.HTTPConnection object at 0x7efc8098afd0>: Failed to establish a new connection: [Errno -2] Name or service not known',))
HTTPConnectionPool(host='www.dieei.unict.itcorsi', port=80): Max retries exceeded with url: /lm-32 (Caused by NewConnectionError('<urllib3.connection.HTTPConnection object at 0x7efc8098a860>: Failed to establish a new connection: [Errno -2] Name or service not known',))
HTTPConnectionPool(host='www.dieei.unict.itcorsi', port=80): Max retries exceeded with url: /l-8-ele (Caused by NewConnectionError('<urllib3.connection.HTTPConnection object at 0x7efc80bad080>: Failed to establish a new connection: [Errno -2] Name or service not known',))
HTTPConnectionPool(host='www.dieei.unict.itcorsi', port=80): Max retries exceeded with url: /l-9 (Caused by NewConnectionError('<urllib3.connection.HTTPConnection object at 0x7efc80bad400>: Failed to establish a new connection: [Errno -2] Name or service not known',))
HTTPConnectionPool(host='www.dieei.unict.itcorsi', port=80): Max retries exceeded with url: /l-8-inf (Caused by NewConnectionError('<urllib3.connection.HTTPConnection object at 0x7efc80bad780>: Failed to establish a new connection: [Errno -2] Name or service not known',))
HTTPConnectionPool(host='www.dieei.unict.itcorsi', port=80): Max retries exceeded with url: /lm-25 (Caused by NewConnectionError('<urllib3.connection.HTTPConnection object at 0x7efc80badc50>: Failed to establish a new connection: [Errno -2] Name or service not known',))
HTTPConnectionPool(host='www.dieei.unict.itcorsi', port=80): Max retries exceeded with url: /lm-28 (Caused by NewConnectionError('<urllib3.connection.HTTPConnection object at 0x7efc80bad400>: Failed to establish a new connection: [Errno -2] Name or service not known',))
HTTPConnectionPool(host='www.dieei.unict.itcorsi', port=80): Max retries exceeded with url: /lm-29 (Caused by NewConnectionError('<urllib3.connection.HTTPConnection object at 0x7efc80bad780>: Failed to establish a new connection: [Errno -2] Name or service not known',))
HTTPConnectionPool(host='www.dieei.unict.itcorsi', port=80): Max retries exceeded with url: /lm-27 (Caused by NewConnectionError('<urllib3.connection.HTTPConnection object at 0x7efc80badc50>: Failed to establish a new connection: [Errno -2] Name or service not known',))
HTTPConnectionPool(host='www.dieei.unict.itcorsi', port=80): Max retries exceeded with url: /lm-32 (Caused by NewConnectionError('<urllib3.connection.HTTPConnection object at 0x7efc80bad5c0>: Failed to establish a new connection: [Errno -2] Name or service not known',))
HTTPConnectionPool(host='web.dmi.unict.itcorsi', port=80): Max retries exceeded with url: /l-31 (Caused by NewConnectionError('<urllib3.connection.HTTPConnection object at 0x7fe887f9e518>: Failed to establish a new connection: [Errno -2] Name or service not known',))
HTTPConnectionPool(host='web.dmi.unict.itcorsi', port=80): Max retries exceeded with url: /l-35 (Caused by NewConnectionError('<urllib3.connection.HTTPConnection object at 0x7fe887f9e5c0>: Failed to establish a new connection: [Errno -2] Name or service not known',))
HTTPConnectionPool(host='web.dmi.unict.itcorsi', port=80): Max retries exceeded with url: /lm-18 (Caused by NewConnectionError('<urllib3.connection.HTTPConnection object at 0x7fe887f9e2b0>: Failed to establish a new connection: [Errno -2] Name or service not known',))
HTTPConnectionPool(host='web.dmi.unict.itcorsi', port=80): Max retries exceeded with url: /lm-40 (Caused by NewConnectionError('<urllib3.connection.HTTPConnection object at 0x7fe887f9e240>: Failed to establish a new connection: [Errno -2] Name or service not known',))
'NoneType' object has no attribute 'find_all'
HTTPConnectionPool(host='web.dmi.unict.itcorsi', port=80): Max retries exceeded with url: /l-31 (Caused by NewConnectionError('<urllib3.connection.HTTPConnection object at 0x7fe887e50b00>: Failed to establish a new connection: [Errno -2] Name or service not known',))
HTTPConnectionPool(host='web.dmi.unict.itcorsi', port=80): Max retries exceeded with url: /l-35 (Caused by NewConnectionError('<urllib3.connection.HTTPConnection object at 0x7fe887e50b00>: Failed to establish a new connection: [Errno -2] Name or service not known',))
HTTPConnectionPool(host='web.dmi.unict.itcorsi', port=80): Max retries exceeded with url: /lm-18 (Caused by NewConnectionError('<urllib3.connection.HTTPConnection object at 0x7fe887e50b00>: Failed to establish a new connection: [Errno -2] Name or service not known',))
HTTPConnectionPool(host='web.dmi.unict.itcorsi', port=80): Max retries exceeded with url: /lm-40 (Caused by NewConnectionError('<urllib3.connection.HTTPConnection object at 0x7fe887e50b00>: Failed to establish a new connection: [Errno -2] Name or service not known',))
'NoneType' object has no attribute 'find_all'
HTTPConnectionPool(host='www.dieei.unict.itcorsi', port=80): Max retries exceeded with url: /l-8-ele (Caused by NewConnectionError('<urllib3.connection.HTTPConnection object at 0x7fe887eeaa20>: Failed to establish a new connection: [Errno -2] Name or service not known',))
HTTPConnectionPool(host='www.dieei.unict.itcorsi', port=80): Max retries exceeded with url: /l-9 (Caused by NewConnectionError('<urllib3.connection.HTTPConnection object at 0x7fe887eea5f8>: Failed to establish a new connection: [Errno -2] Name or service not known',))
HTTPConnectionPool(host='www.dieei.unict.itcorsi', port=80): Max retries exceeded with url: /l-8-inf (Caused by NewConnectionError('<urllib3.connection.HTTPConnection object at 0x7fe887eeaa20>: Failed to establish a new connection: [Errno -2] Name or service not known',))
HTTPConnectionPool(host='www.dieei.unict.itcorsi', port=80): Max retries exceeded with url: /lm-25 (Caused by NewConnectionError('<urllib3.connection.HTTPConnection object at 0x7fe887c921d0>: Failed to establish a new connection: [Errno -2] Name or service not known',))
HTTPConnectionPool(host='www.dieei.unict.itcorsi', port=80): Max retries exceeded with url: /lm-28 (Caused by NewConnectionError('<urllib3.connection.HTTPConnection object at 0x7fe887c92358>: Failed to establish a new connection: [Errno -2] Name or service not known',))
HTTPConnectionPool(host='www.dieei.unict.itcorsi', port=80): Max retries exceeded with url: /lm-29 (Caused by NewConnectionError('<urllib3.connection.HTTPConnection object at 0x7fe887c92240>: Failed to establish a new connection: [Errno -2] Name or service not known',))
HTTPConnectionPool(host='www.dieei.unict.itcorsi', port=80): Max retries exceeded with url: /lm-27 (Caused by NewConnectionError('<urllib3.connection.HTTPConnection object at 0x7fe887c922b0>: Failed to establish a new connection: [Errno -2] Name or service not known',))
HTTPConnectionPool(host='www.dieei.unict.itcorsi', port=80): Max retries exceeded with url: /lm-32 (Caused by NewConnectionError('<urllib3.connection.HTTPConnection object at 0x7fe887c921d0>: Failed to establish a new connection: [Errno -2] Name or service not known',))
HTTPConnectionPool(host='www.dieei.unict.itcorsi', port=80): Max retries exceeded with url: /l-8-ele (Caused by NewConnectionError('<urllib3.connection.HTTPConnection object at 0x7fe887ca76a0>: Failed to establish a new connection: [Errno -2] Name or service not known',))
HTTPConnectionPool(host='www.dieei.unict.itcorsi', port=80): Max retries exceeded with url: /l-9 (Caused by NewConnectionError('<urllib3.connection.HTTPConnection object at 0x7fe887ca74a8>: Failed to establish a new connection: [Errno -2] Name or service not known',))
HTTPConnectionPool(host='www.dieei.unict.itcorsi', port=80): Max retries exceeded with url: /l-8-inf (Caused by NewConnectionError('<urllib3.connection.HTTPConnection object at 0x7fe887ca70b8>: Failed to establish a new connection: [Errno -2] Name or service not known',))
HTTPConnectionPool(host='www.dieei.unict.itcorsi', port=80): Max retries exceeded with url: /lm-25 (Caused by NewConnectionError('<urllib3.connection.HTTPConnection object at 0x7fe887ca7898>: Failed to establish a new connection: [Errno -2] Name or service not known',))
HTTPConnectionPool(host='www.dieei.unict.itcorsi', port=80): Max retries exceeded with url: /lm-28 (Caused by NewConnectionError('<urllib3.connection.HTTPConnection object at 0x7fe887ca70b8>: Failed to establish a new connection: [Errno -2] Name or service not known',))
HTTPConnectionPool(host='www.dieei.unict.itcorsi', port=80): Max retries exceeded with url: /lm-29 (Caused by NewConnectionError('<urllib3.connection.HTTPConnection object at 0x7fe887ca74a8>: Failed to establish a new connection: [Errno -2] Name or service not known',))
HTTPConnectionPool(host='www.dieei.unict.itcorsi', port=80): Max retries exceeded with url: /lm-27 (Caused by NewConnectionError('<urllib3.connection.HTTPConnection object at 0x7fe887ca7898>: Failed to establish a new connection: [Errno -2] Name or service not known',))
HTTPConnectionPool(host='www.dieei.unict.itcorsi', port=80): Max retries exceeded with url: /lm-32 (Caused by NewConnectionError('<urllib3.connection.HTTPConnection object at 0x7fe887ca70b8>: Failed to establish a new connection: [Errno -2] Name or service not known',))
HTTPConnectionPool(host='web.dmi.unict.itcorsi', port=80): Max retries exceeded with url: /l-31 (Caused by NewConnectionError('<urllib3.connection.HTTPConnection object at 0x7f2e0c1014e0>: Failed to establish a new connection: [Errno -2] Name or service not known',))
HTTPConnectionPool(host='web.dmi.unict.itcorsi', port=80): Max retries exceeded with url: /l-35 (Caused by NewConnectionError('<urllib3.connection.HTTPConnection object at 0x7f2e0c101588>: Failed to establish a new connection: [Errno -2] Name or service not known',))
HTTPConnectionPool(host='web.dmi.unict.itcorsi', port=80): Max retries exceeded with url: /lm-18 (Caused by NewConnectionError('<urllib3.connection.HTTPConnection object at 0x7f2e0c101240>: Failed to establish a new connection: [Errno -2] Name or service not known',))
HTTPConnectionPool(host='web.dmi.unict.itcorsi', port=80): Max retries exceeded with url: /lm-40 (Caused by NewConnectionError('<urllib3.connection.HTTPConnection object at 0x7f2e0c101278>: Failed to establish a new connection: [Errno -2] Name or service not known',))
'NoneType' object has no attribute 'find_all'
HTTPConnectionPool(host='web.dmi.unict.itcorsi', port=80): Max retries exceeded with url: /l-31 (Caused by NewConnectionError('<urllib3.connection.HTTPConnection object at 0x7f2e0c0beb00>: Failed to establish a new connection: [Errno -2] Name or service not known',))
HTTPConnectionPool(host='web.dmi.unict.itcorsi', port=80): Max retries exceeded with url: /l-35 (Caused by NewConnectionError('<urllib3.connection.HTTPConnection object at 0x7f2e0c0bec88>: Failed to establish a new connection: [Errno -2] Name or service not known',))
HTTPConnectionPool(host='web.dmi.unict.itcorsi', port=80): Max retries exceeded with url: /lm-18 (Caused by NewConnectionError('<urllib3.connection.HTTPConnection object at 0x7f2e0c0bef60>: Failed to establish a new connection: [Errno -2] Name or service not known',))
HTTPConnectionPool(host='web.dmi.unict.itcorsi', port=80): Max retries exceeded with url: /lm-40 (Caused by NewConnectionError('<urllib3.connection.HTTPConnection object at 0x7f2e0c0beac8>: Failed to establish a new connection: [Errno -2] Name or service not known',))
'NoneType' object has no attribute 'find_all'
HTTPConnectionPool(host='www.dieei.unict.itcorsi', port=80): Max retries exceeded with url: /l-8-ele (Caused by NewConnectionError('<urllib3.connection.HTTPConnection object at 0x7f2e0f854390>: Failed to establish a new connection: [Errno -2] Name or service not known',))
HTTPConnectionPool(host='www.dieei.unict.itcorsi', port=80): Max retries exceeded with url: /l-9 (Caused by NewConnectionError('<urllib3.connection.HTTPConnection object at 0x7f2e0f854278>: Failed to establish a new connection: [Errno -2] Name or service not known',))
HTTPConnectionPool(host='www.dieei.unict.itcorsi', port=80): Max retries exceeded with url: /l-8-inf (Caused by NewConnectionError('<urllib3.connection.HTTPConnection object at 0x7f2e0f854320>: Failed to establish a new connection: [Errno -2] Name or service not known',))
HTTPConnectionPool(host='www.dieei.unict.itcorsi', port=80): Max retries exceeded with url: /lm-25 (Caused by NewConnectionError('<urllib3.connection.HTTPConnection object at 0x7f2e0f8546d8>: Failed to establish a new connection: [Errno -2] Name or service not known',))
HTTPConnectionPool(host='www.dieei.unict.itcorsi', port=80): Max retries exceeded with url: /lm-28 (Caused by NewConnectionError('<urllib3.connection.HTTPConnection object at 0x7f2e0f854278>: Failed to establish a new connection: [Errno -2] Name or service not known',))
HTTPConnectionPool(host='www.dieei.unict.itcorsi', port=80): Max retries exceeded with url: /lm-29 (Caused by NewConnectionError('<urllib3.connection.HTTPConnection object at 0x7f2e0f854e80>: Failed to establish a new connection: [Errno -2] Name or service not known',))
HTTPConnectionPool(host='www.dieei.unict.itcorsi', port=80): Max retries exceeded with url: /lm-27 (Caused by NewConnectionError('<urllib3.connection.HTTPConnection object at 0x7f2e0f854278>: Failed to establish a new connection: [Errno -2] Name or service not known',))
HTTPConnectionPool(host='www.dieei.unict.itcorsi', port=80): Max retries exceeded with url: /lm-32 (Caused by NewConnectionError('<urllib3.connection.HTTPConnection object at 0x7f2e0f8540b8>: Failed to establish a new connection: [Errno -2] Name or service not known',))
HTTPConnectionPool(host='www.dieei.unict.itcorsi', port=80): Max retries exceeded with url: /l-8-ele (Caused by NewConnectionError('<urllib3.connection.HTTPConnection object at 0x7f2e0f7dd080>: Failed to establish a new connection: [Errno -2] Name or service not known',))
HTTPConnectionPool(host='www.dieei.unict.itcorsi', port=80): Max retries exceeded with url: /l-9 (Caused by NewConnectionError('<urllib3.connection.HTTPConnection object at 0x7f2e0f7ddf28>: Failed to establish a new connection: [Errno -2] Name or service not known',))
HTTPConnectionPool(host='www.dieei.unict.itcorsi', port=80): Max retries exceeded with url: /l-8-inf (Caused by NewConnectionError('<urllib3.connection.HTTPConnection object at 0x7f2e0f7dd470>: Failed to establish a new connection: [Errno -2] Name or service not known',))
HTTPConnectionPool(host='www.dieei.unict.itcorsi', port=80): Max retries exceeded with url: /lm-25 (Caused by NewConnectionError('<urllib3.connection.HTTPConnection object at 0x7f2e0f7ddf60>: Failed to establish a new connection: [Errno -2] Name or service not known',))
HTTPConnectionPool(host='www.dieei.unict.itcorsi', port=80): Max retries exceeded with url: /lm-28 (Caused by NewConnectionError('<urllib3.connection.HTTPConnection object at 0x7f2df6e04518>: Failed to establish a new connection: [Errno -2] Name or service not known',))
HTTPConnectionPool(host='www.dieei.unict.itcorsi', port=80): Max retries exceeded with url: /lm-29 (Caused by NewConnectionError('<urllib3.connection.HTTPConnection object at 0x7f2df6e04668>: Failed to establish a new connection: [Errno -2] Name or service not known',))
HTTPConnectionPool(host='www.dieei.unict.itcorsi', port=80): Max retries exceeded with url: /lm-27 (Caused by NewConnectionError('<urllib3.connection.HTTPConnection object at 0x7f2e0f7dd080>: Failed to establish a new connection: [Errno -2] Name or service not known',))
HTTPConnectionPool(host='www.dieei.unict.itcorsi', port=80): Max retries exceeded with url: /lm-32 (Caused by NewConnectionError('<urllib3.connection.HTTPConnection object at 0x7f2df6cd0eb8>: Failed to establish a new connection: [Errno -2] Name or service not known',))
HTTPConnectionPool(host='web.dmi.unict.itcorsi', port=80): Max retries exceeded with url: /l-31 (Caused by NewConnectionError('<urllib3.connection.HTTPConnection object at 0x7f05c4210550>: Failed to establish a new connection: [Errno -2] Name or service not known',))
HTTPConnectionPool(host='web.dmi.unict.itcorsi', port=80): Max retries exceeded with url: /l-35 (Caused by NewConnectionError('<urllib3.connection.HTTPConnection object at 0x7f05c42104e0>: Failed to establish a new connection: [Errno -2] Name or service not known',))
HTTPConnectionPool(host='web.dmi.unict.itcorsi', port=80): Max retries exceeded with url: /lm-18 (Caused by NewConnectionError('<urllib3.connection.HTTPConnection object at 0x7f05c4210550>: Failed to establish a new connection: [Errno -2] Name or service not known',))
HTTPConnectionPool(host='web.dmi.unict.itcorsi', port=80): Max retries exceeded with url: /lm-40 (Caused by NewConnectionError('<urllib3.connection.HTTPConnection object at 0x7f05c4210588>: Failed to establish a new connection: [Errno -2] Name or service not known',))
'NoneType' object has no attribute 'find_all'
HTTPConnectionPool(host='web.dmi.unict.itcorsi', port=80): Max retries exceeded with url: /l-31 (Caused by NewConnectionError('<urllib3.connection.HTTPConnection object at 0x7f05c40ca518>: Failed to establish a new connection: [Errno -2] Name or service not known',))
HTTPConnectionPool(host='web.dmi.unict.itcorsi', port=80): Max retries exceeded with url: /l-35 (Caused by NewConnectionError('<urllib3.connection.HTTPConnection object at 0x7f05c40ca048>: Failed to establish a new connection: [Errno -2] Name or service not known',))
HTTPConnectionPool(host='web.dmi.unict.itcorsi', port=80): Max retries exceeded with url: /lm-18 (Caused by NewConnectionError('<urllib3.connection.HTTPConnection object at 0x7f05c40ca5c0>: Failed to establish a new connection: [Errno -2] Name or service not known',))
HTTPConnectionPool(host='web.dmi.unict.itcorsi', port=80): Max retries exceeded with url: /lm-40 (Caused by NewConnectionError('<urllib3.connection.HTTPConnection object at 0x7f05c40ca048>: Failed to establish a new connection: [Errno -2] Name or service not known',))
'NoneType' object has no attribute 'find_all'
HTTPConnectionPool(host='www.dieei.unict.itcorsi', port=80): Max retries exceeded with url: /l-8-ele (Caused by NewConnectionError('<urllib3.connection.HTTPConnection object at 0x7f05aef1ed68>: Failed to establish a new connection: [Errno -2] Name or service not known',))
HTTPConnectionPool(host='www.dieei.unict.itcorsi', port=80): Max retries exceeded with url: /l-9 (Caused by NewConnectionError('<urllib3.connection.HTTPConnection object at 0x7f05aef1e908>: Failed to establish a new connection: [Errno -2] Name or service not known',))
HTTPConnectionPool(host='www.dieei.unict.itcorsi', port=80): Max retries exceeded with url: /l-8-inf (Caused by NewConnectionError('<urllib3.connection.HTTPConnection object at 0x7f05aef1ee48>: Failed to establish a new connection: [Errno -2] Name or service not known',))
HTTPConnectionPool(host='www.dieei.unict.itcorsi', port=80): Max retries exceeded with url: /lm-25 (Caused by NewConnectionError('<urllib3.connection.HTTPConnection object at 0x7f05aef1ee80>: Failed to establish a new connection: [Errno -2] Name or service not known',))
HTTPConnectionPool(host='www.dieei.unict.itcorsi', port=80): Max retries exceeded with url: /lm-28 (Caused by NewConnectionError('<urllib3.connection.HTTPConnection object at 0x7f05aef1e908>: Failed to establish a new connection: [Errno -2] Name or service not known',))
HTTPConnectionPool(host='www.dieei.unict.itcorsi', port=80): Max retries exceeded with url: /lm-29 (Caused by NewConnectionError('<urllib3.connection.HTTPConnection object at 0x7f05aef1ee48>: Failed to establish a new connection: [Errno -2] Name or service not known',))
HTTPConnectionPool(host='www.dieei.unict.itcorsi', port=80): Max retries exceeded with url: /lm-27 (Caused by NewConnectionError('<urllib3.connection.HTTPConnection object at 0x7f05aef1e908>: Failed to establish a new connection: [Errno -2] Name or service not known',))
HTTPConnectionPool(host='www.dieei.unict.itcorsi', port=80): Max retries exceeded with url: /lm-32 (Caused by NewConnectionError('<urllib3.connection.HTTPConnection object at 0x7f05aef1ee48>: Failed to establish a new connection: [Errno -2] Name or service not known',))
HTTPConnectionPool(host='www.dieei.unict.itcorsi', port=80): Max retries exceeded with url: /l-8-ele (Caused by NewConnectionError('<urllib3.connection.HTTPConnection object at 0x7f05c4165320>: Failed to establish a new connection: [Errno -2] Name or service not known',))
HTTPConnectionPool(host='www.dieei.unict.itcorsi', port=80): Max retries exceeded with url: /l-9 (Caused by NewConnectionError('<urllib3.connection.HTTPConnection object at 0x7f05c4165780>: Failed to establish a new connection: [Errno -2] Name or service not known',))
HTTPConnectionPool(host='www.dieei.unict.itcorsi', port=80): Max retries exceeded with url: /l-8-inf (Caused by NewConnectionError('<urllib3.connection.HTTPConnection object at 0x7f05c4165320>: Failed to establish a new connection: [Errno -2] Name or service not known',))
HTTPConnectionPool(host='www.dieei.unict.itcorsi', port=80): Max retries exceeded with url: /lm-25 (Caused by NewConnectionError('<urllib3.connection.HTTPConnection object at 0x7f05aee5c9e8>: Failed to establish a new connection: [Errno -2] Name or service not known',))
HTTPConnectionPool(host='www.dieei.unict.itcorsi', port=80): Max retries exceeded with url: /lm-28 (Caused by NewConnectionError('<urllib3.connection.HTTPConnection object at 0x7f05aee5cb00>: Failed to establish a new connection: [Errno -2] Name or service not known',))
HTTPConnectionPool(host='www.dieei.unict.itcorsi', port=80): Max retries exceeded with url: /lm-29 (Caused by NewConnectionError('<urllib3.connection.HTTPConnection object at 0x7f05aee5c9e8>: Failed to establish a new connection: [Errno -2] Name or service not known',))
HTTPConnectionPool(host='www.dieei.unict.itcorsi', port=80): Max retries exceeded with url: /lm-27 (Caused by NewConnectionError('<urllib3.connection.HTTPConnection object at 0x7f05aee5cb00>: Failed to establish a new connection: [Errno -2] Name or service not known',))
HTTPConnectionPool(host='www.dieei.unict.itcorsi', port=80): Max retries exceeded with url: /lm-32 (Caused by NewConnectionError('<urllib3.connection.HTTPConnection object at 0x7f05aee5ca20>: Failed to establish a new connection: [Errno -2] Name or service not known',))
HTTPConnectionPool(host='web.dmi.unict.itcorsi', port=80): Max retries exceeded with url: /l-31 (Caused by NewConnectionError('<urllib3.connection.HTTPConnection object at 0x7f393c0dd4e0>: Failed to establish a new connection: [Errno -2] Name or service not known',))
HTTPConnectionPool(host='web.dmi.unict.itcorsi', port=80): Max retries exceeded with url: /l-35 (Caused by NewConnectionError('<urllib3.connection.HTTPConnection object at 0x7f393c0dd588>: Failed to establish a new connection: [Errno -2] Name or service not known',))
HTTPConnectionPool(host='web.dmi.unict.itcorsi', port=80): Max retries exceeded with url: /lm-18 (Caused by NewConnectionError('<urllib3.connection.HTTPConnection object at 0x7f393c0dd240>: Failed to establish a new connection: [Errno -2] Name or service not known',))
HTTPConnectionPool(host='web.dmi.unict.itcorsi', port=80): Max retries exceeded with url: /lm-40 (Caused by NewConnectionError('<urllib3.connection.HTTPConnection object at 0x7f393c0dd278>: Failed to establish a new connection: [Errno -2] Name or service not known',))
'NoneType' object has no attribute 'find_all'
HTTPConnectionPool(host='web.dmi.unict.itcorsi', port=80): Max retries exceeded with url: /l-31 (Caused by NewConnectionError('<urllib3.connection.HTTPConnection object at 0x7f391ff8b4e0>: Failed to establish a new connection: [Errno -2] Name or service not known',))
HTTPConnectionPool(host='web.dmi.unict.itcorsi', port=80): Max retries exceeded with url: /l-35 (Caused by NewConnectionError('<urllib3.connection.HTTPConnection object at 0x7f391ff8b3c8>: Failed to establish a new connection: [Errno -2] Name or service not known',))
HTTPConnectionPool(host='web.dmi.unict.itcorsi', port=80): Max retries exceeded with url: /lm-18 (Caused by NewConnectionError('<urllib3.connection.HTTPConnection object at 0x7f391ff8b0f0>: Failed to establish a new connection: [Errno -2] Name or service not known',))
HTTPConnectionPool(host='web.dmi.unict.itcorsi', port=80): Max retries exceeded with url: /lm-40 (Caused by NewConnectionError('<urllib3.connection.HTTPConnection object at 0x7f391ff8b470>: Failed to establish a new connection: [Errno -2] Name or service not known',))
'NoneType' object has no attribute 'find_all'
HTTPConnectionPool(host='www.dieei.unict.itcorsi', port=80): Max retries exceeded with url: /l-8-ele (Caused by NewConnectionError('<urllib3.connection.HTTPConnection object at 0x7f391fec88d0>: Failed to establish a new connection: [Errno -2] Name or service not known',))
HTTPConnectionPool(host='www.dieei.unict.itcorsi', port=80): Max retries exceeded with url: /l-9 (Caused by NewConnectionError('<urllib3.connection.HTTPConnection object at 0x7f391fec8780>: Failed to establish a new connection: [Errno -2] Name or service not known',))
HTTPConnectionPool(host='www.dieei.unict.itcorsi', port=80): Max retries exceeded with url: /l-8-inf (Caused by NewConnectionError('<urllib3.connection.HTTPConnection object at 0x7f391fec87f0>: Failed to establish a new connection: [Errno -2] Name or service not known',))
HTTPConnectionPool(host='www.dieei.unict.itcorsi', port=80): Max retries exceeded with url: /lm-25 (Caused by NewConnectionError('<urllib3.connection.HTTPConnection object at 0x7f391fec8518>: Failed to establish a new connection: [Errno -2] Name or service not known',))
HTTPConnectionPool(host='www.dieei.unict.itcorsi', port=80): Max retries exceeded with url: /lm-28 (Caused by NewConnectionError('<urllib3.connection.HTTPConnection object at 0x7f391fec82e8>: Failed to establish a new connection: [Errno -2] Name or service not known',))
HTTPConnectionPool(host='www.dieei.unict.itcorsi', port=80): Max retries exceeded with url: /lm-29 (Caused by NewConnectionError('<urllib3.connection.HTTPConnection object at 0x7f391fec8908>: Failed to establish a new connection: [Errno -2] Name or service not known',))
HTTPConnectionPool(host='www.dieei.unict.itcorsi', port=80): Max retries exceeded with url: /lm-27 (Caused by NewConnectionError('<urllib3.connection.HTTPConnection object at 0x7f391fec8390>: Failed to establish a new connection: [Errno -2] Name or service not known',))
HTTPConnectionPool(host='www.dieei.unict.itcorsi', port=80): Max retries exceeded with url: /lm-32 (Caused by NewConnectionError('<urllib3.connection.HTTPConnection object at 0x7f391fec8908>: Failed to establish a new connection: [Errno -2] Name or service not known',))
HTTPConnectionPool(host='www.dieei.unict.itcorsi', port=80): Max retries exceeded with url: /l-8-ele (Caused by NewConnectionError('<urllib3.connection.HTTPConnection object at 0x7f39407d1080>: Failed to establish a new connection: [Errno -2] Name or service not known',))
HTTPConnectionPool(host='www.dieei.unict.itcorsi', port=80): Max retries exceeded with url: /l-9 (Caused by NewConnectionError('<urllib3.connection.HTTPConnection object at 0x7f39407d1a90>: Failed to establish a new connection: [Errno -2] Name or service not known',))
HTTPConnectionPool(host='www.dieei.unict.itcorsi', port=80): Max retries exceeded with url: /l-8-inf (Caused by NewConnectionError('<urllib3.connection.HTTPConnection object at 0x7f393c07e588>: Failed to establish a new connection: [Errno -2] Name or service not known',))
HTTPConnectionPool(host='www.dieei.unict.itcorsi', port=80): Max retries exceeded with url: /lm-25 (Caused by NewConnectionError('<urllib3.connection.HTTPConnection object at 0x7f393c07ecc0>: Failed to establish a new connection: [Errno -2] Name or service not known',))
HTTPConnectionPool(host='www.dieei.unict.itcorsi', port=80): Max retries exceeded with url: /lm-28 (Caused by NewConnectionError('<urllib3.connection.HTTPConnection object at 0x7f39407d1470>: Failed to establish a new connection: [Errno -2] Name or service not known',))
HTTPConnectionPool(host='www.dieei.unict.itcorsi', port=80): Max retries exceeded with url: /lm-29 (Caused by NewConnectionError('<urllib3.connection.HTTPConnection object at 0x7f39407d1780>: Failed to establish a new connection: [Errno -2] Name or service not known',))
HTTPConnectionPool(host='www.dieei.unict.itcorsi', port=80): Max retries exceeded with url: /lm-27 (Caused by NewConnectionError('<urllib3.connection.HTTPConnection object at 0x7f39408159e8>: Failed to establish a new connection: [Errno -2] Name or service not known',))
HTTPConnectionPool(host='www.dieei.unict.itcorsi', port=80): Max retries exceeded with url: /lm-32 (Caused by NewConnectionError('<urllib3.connection.HTTPConnection object at 0x7f3940815828>: Failed to establish a new connection: [Errno -2] Name or service not known',))
HTTPConnectionPool(host='web.dmi.unict.itcorsi', port=80): Max retries exceeded with url: /l-31 (Caused by NewConnectionError('<urllib3.connection.HTTPConnection object at 0x7fa4100836a0>: Failed to establish a new connection: [Errno -2] Name or service not known',))
HTTPConnectionPool(host='web.dmi.unict.itcorsi', port=80): Max retries exceeded with url: /l-35 (Caused by NewConnectionError('<urllib3.connection.HTTPConnection object at 0x7fa410083fd0>: Failed to establish a new connection: [Errno -2] Name or service not known',))
HTTPConnectionPool(host='web.dmi.unict.itcorsi', port=80): Max retries exceeded with url: /lm-18 (Caused by NewConnectionError('<urllib3.connection.HTTPConnection object at 0x7fa410083828>: Failed to establish a new connection: [Errno -2] Name or service not known',))
HTTPConnectionPool(host='web.dmi.unict.itcorsi', port=80): Max retries exceeded with url: /lm-40 (Caused by NewConnectionError('<urllib3.connection.HTTPConnection object at 0x7fa4100836a0>: Failed to establish a new connection: [Errno -2] Name or service not known',))
'NoneType' object has no attribute 'find_all'
HTTPConnectionPool(host='web.dmi.unict.itcorsi', port=80): Max retries exceeded with url: /l-31 (Caused by NewConnectionError('<urllib3.connection.HTTPConnection object at 0x7fa4084ea9e8>: Failed to establish a new connection: [Errno -2] Name or service not known',))
HTTPConnectionPool(host='web.dmi.unict.itcorsi', port=80): Max retries exceeded with url: /l-35 (Caused by NewConnectionError('<urllib3.connection.HTTPConnection object at 0x7fa4084eab70>: Failed to establish a new connection: [Errno -2] Name or service not known',))
HTTPConnectionPool(host='web.dmi.unict.itcorsi', port=80): Max retries exceeded with url: /lm-18 (Caused by NewConnectionError('<urllib3.connection.HTTPConnection object at 0x7fa4084eaa20>: Failed to establish a new connection: [Errno -2] Name or service not known',))
HTTPConnectionPool(host='web.dmi.unict.itcorsi', port=80): Max retries exceeded with url: /lm-40 (Caused by NewConnectionError('<urllib3.connection.HTTPConnection object at 0x7fa4084ea9e8>: Failed to establish a new connection: [Errno -2] Name or service not known',))
'NoneType' object has no attribute 'find_all'
HTTPConnectionPool(host='www.dieei.unict.itcorsi', port=80): Max retries exceeded with url: /l-8-ele (Caused by NewConnectionError('<urllib3.connection.HTTPConnection object at 0x7fa408418b38>: Failed to establish a new connection: [Errno -2] Name or service not known',))
HTTPConnectionPool(host='www.dieei.unict.itcorsi', port=80): Max retries exceeded with url: /l-9 (Caused by NewConnectionError('<urllib3.connection.HTTPConnection object at 0x7fa408418a58>: Failed to establish a new connection: [Errno -2] Name or service not known',))
HTTPConnectionPool(host='www.dieei.unict.itcorsi', port=80): Max retries exceeded with url: /l-8-inf (Caused by NewConnectionError('<urllib3.connection.HTTPConnection object at 0x7fa4083fb5f8>: Failed to establish a new connection: [Errno -2] Name or service not known',))
HTTPConnectionPool(host='www.dieei.unict.itcorsi', port=80): Max retries exceeded with url: /lm-25 (Caused by NewConnectionError('<urllib3.connection.HTTPConnection object at 0x7fa4083fb748>: Failed to establish a new connection: [Errno -2] Name or service not known',))
HTTPConnectionPool(host='www.dieei.unict.itcorsi', port=80): Max retries exceeded with url: /lm-28 (Caused by NewConnectionError('<urllib3.connection.HTTPConnection object at 0x7fa408205d68>: Failed to establish a new connection: [Errno -2] Name or service not known',))
HTTPConnectionPool(host='www.dieei.unict.itcorsi', port=80): Max retries exceeded with url: /lm-29 (Caused by NewConnectionError('<urllib3.connection.HTTPConnection object at 0x7fa408205710>: Failed to establish a new connection: [Errno -2] Name or service not known',))
HTTPConnectionPool(host='www.dieei.unict.itcorsi', port=80): Max retries exceeded with url: /lm-27 (Caused by NewConnectionError('<urllib3.connection.HTTPConnection object at 0x7fa408205278>: Failed to establish a new connection: [Errno -2] Name or service not known',))
HTTPConnectionPool(host='www.dieei.unict.itcorsi', port=80): Max retries exceeded with url: /lm-32 (Caused by NewConnectionError('<urllib3.connection.HTTPConnection object at 0x7fa4082055c0>: Failed to establish a new connection: [Errno -2] Name or service not known',))
HTTPConnectionPool(host='www.dieei.unict.itcorsi', port=80): Max retries exceeded with url: /l-8-ele (Caused by NewConnectionError('<urllib3.connection.HTTPConnection object at 0x7fa4084abe48>: Failed to establish a new connection: [Errno -2] Name or service not known',))
HTTPConnectionPool(host='www.dieei.unict.itcorsi', port=80): Max retries exceeded with url: /l-9 (Caused by NewConnectionError('<urllib3.connection.HTTPConnection object at 0x7fa4084abe80>: Failed to establish a new connection: [Errno -2] Name or service not known',))
HTTPConnectionPool(host='www.dieei.unict.itcorsi', port=80): Max retries exceeded with url: /l-8-inf (Caused by NewConnectionError('<urllib3.connection.HTTPConnection object at 0x7fa4084ab518>: Failed to establish a new connection: [Errno -2] Name or service not known',))
HTTPConnectionPool(host='www.dieei.unict.itcorsi', port=80): Max retries exceeded with url: /lm-25 (Caused by NewConnectionError('<urllib3.connection.HTTPConnection object at 0x7fa4084abfd0>: Failed to establish a new connection: [Errno -2] Name or service not known',))
HTTPConnectionPool(host='www.dieei.unict.itcorsi', port=80): Max retries exceeded with url: /lm-28 (Caused by NewConnectionError('<urllib3.connection.HTTPConnection object at 0x7fa4084ab978>: Failed to establish a new connection: [Errno -2] Name or service not known',))
HTTPConnectionPool(host='www.dieei.unict.itcorsi', port=80): Max retries exceeded with url: /lm-29 (Caused by NewConnectionError('<urllib3.connection.HTTPConnection object at 0x7fa4084abf60>: Failed to establish a new connection: [Errno -2] Name or service not known',))
HTTPConnectionPool(host='www.dieei.unict.itcorsi', port=80): Max retries exceeded with url: /lm-27 (Caused by NewConnectionError('<urllib3.connection.HTTPConnection object at 0x7fa4084ab978>: Failed to establish a new connection: [Errno -2] Name or service not known',))
HTTPConnectionPool(host='www.dieei.unict.itcorsi', port=80): Max retries exceeded with url: /lm-32 (Caused by NewConnectionError('<urllib3.connection.HTTPConnection object at 0x7fa4084abf60>: Failed to establish a new connection: [Errno -2] Name or service not known',))
HTTPConnectionPool(host='web.dmi.unict.itcorsi', port=80): Max retries exceeded with url: /l-31 (Caused by NewConnectionError('<urllib3.connection.HTTPConnection object at 0x7f276805f518>: Failed to establish a new connection: [Errno -2] Name or service not known',))
HTTPConnectionPool(host='web.dmi.unict.itcorsi', port=80): Max retries exceeded with url: /l-35 (Caused by NewConnectionError('<urllib3.connection.HTTPConnection object at 0x7f276805f5c0>: Failed to establish a new connection: [Errno -2] Name or service not known',))
HTTPConnectionPool(host='web.dmi.unict.itcorsi', port=80): Max retries exceeded with url: /lm-18 (Caused by NewConnectionError('<urllib3.connection.HTTPConnection object at 0x7f276805f278>: Failed to establish a new connection: [Errno -2] Name or service not known',))
HTTPConnectionPool(host='web.dmi.unict.itcorsi', port=80): Max retries exceeded with url: /lm-40 (Caused by NewConnectionError('<urllib3.connection.HTTPConnection object at 0x7f276805f2b0>: Failed to establish a new connection: [Errno -2] Name or service not known',))
'NoneType' object has no attribute 'find_all'
HTTPConnectionPool(host='web.dmi.unict.itcorsi', port=80): Max retries exceeded with url: /l-31 (Caused by NewConnectionError('<urllib3.connection.HTTPConnection object at 0x7f27604edb38>: Failed to establish a new connection: [Errno -2] Name or service not known',))
HTTPConnectionPool(host='web.dmi.unict.itcorsi', port=80): Max retries exceeded with url: /l-35 (Caused by NewConnectionError('<urllib3.connection.HTTPConnection object at 0x7f27604edb38>: Failed to establish a new connection: [Errno -2] Name or service not known',))
HTTPConnectionPool(host='web.dmi.unict.itcorsi', port=80): Max retries exceeded with url: /lm-18 (Caused by NewConnectionError('<urllib3.connection.HTTPConnection object at 0x7f27604edb38>: Failed to establish a new connection: [Errno -2] Name or service not known',))
HTTPConnectionPool(host='web.dmi.unict.itcorsi', port=80): Max retries exceeded with url: /lm-40 (Caused by NewConnectionError('<urllib3.connection.HTTPConnection object at 0x7f27604edb38>: Failed to establish a new connection: [Errno -2] Name or service not known',))
'NoneType' object has no attribute 'find_all'
HTTPConnectionPool(host='www.dieei.unict.itcorsi', port=80): Max retries exceeded with url: /l-8-ele (Caused by NewConnectionError('<urllib3.connection.HTTPConnection object at 0x7f2760490b38>: Failed to establish a new connection: [Errno -2] Name or service not known',))
HTTPConnectionPool(host='www.dieei.unict.itcorsi', port=80): Max retries exceeded with url: /l-9 (Caused by NewConnectionError('<urllib3.connection.HTTPConnection object at 0x7f2760490a20>: Failed to establish a new connection: [Errno -2] Name or service not known',))
HTTPConnectionPool(host='www.dieei.unict.itcorsi', port=80): Max retries exceeded with url: /l-8-inf (Caused by NewConnectionError('<urllib3.connection.HTTPConnection object at 0x7f2760490c18>: Failed to establish a new connection: [Errno -2] Name or service not known',))
HTTPConnectionPool(host='www.dieei.unict.itcorsi', port=80): Max retries exceeded with url: /lm-25 (Caused by NewConnectionError('<urllib3.connection.HTTPConnection object at 0x7f2760490748>: Failed to establish a new connection: [Errno -2] Name or service not known',))
HTTPConnectionPool(host='www.dieei.unict.itcorsi', port=80): Max retries exceeded with url: /lm-28 (Caused by NewConnectionError('<urllib3.connection.HTTPConnection object at 0x7f27604905c0>: Failed to establish a new connection: [Errno -2] Name or service not known',))
HTTPConnectionPool(host='www.dieei.unict.itcorsi', port=80): Max retries exceeded with url: /lm-29 (Caused by NewConnectionError('<urllib3.connection.HTTPConnection object at 0x7f276049ab38>: Failed to establish a new connection: [Errno -2] Name or service not known',))
HTTPConnectionPool(host='www.dieei.unict.itcorsi', port=80): Max retries exceeded with url: /lm-27 (Caused by NewConnectionError('<urllib3.connection.HTTPConnection object at 0x7f27604906a0>: Failed to establish a new connection: [Errno -2] Name or service not known',))
HTTPConnectionPool(host='www.dieei.unict.itcorsi', port=80): Max retries exceeded with url: /lm-32 (Caused by NewConnectionError('<urllib3.connection.HTTPConnection object at 0x7f27604906d8>: Failed to establish a new connection: [Errno -2] Name or service not known',))
HTTPConnectionPool(host='www.dieei.unict.itcorsi', port=80): Max retries exceeded with url: /l-8-ele (Caused by NewConnectionError('<urllib3.connection.HTTPConnection object at 0x7f276031d7f0>: Failed to establish a new connection: [Errno -2] Name or service not known',))
HTTPConnectionPool(host='www.dieei.unict.itcorsi', port=80): Max retries exceeded with url: /l-9 (Caused by NewConnectionError('<urllib3.connection.HTTPConnection object at 0x7f276031d518>: Failed to establish a new connection: [Errno -2] Name or service not known',))
HTTPConnectionPool(host='www.dieei.unict.itcorsi', port=80): Max retries exceeded with url: /l-8-inf (Caused by NewConnectionError('<urllib3.connection.HTTPConnection object at 0x7f276031d2b0>: Failed to establish a new connection: [Errno -2] Name or service not known',))
HTTPConnectionPool(host='www.dieei.unict.itcorsi', port=80): Max retries exceeded with url: /lm-25 (Caused by NewConnectionError('<urllib3.connection.HTTPConnection object at 0x7f276031d9e8>: Failed to establish a new connection: [Errno -2] Name or service not known',))
HTTPConnectionPool(host='www.dieei.unict.itcorsi', port=80): Max retries exceeded with url: /lm-28 (Caused by NewConnectionError('<urllib3.connection.HTTPConnection object at 0x7f2760469c18>: Failed to establish a new connection: [Errno -2] Name or service not known',))
HTTPConnectionPool(host='www.dieei.unict.itcorsi', port=80): Max retries exceeded with url: /lm-29 (Caused by NewConnectionError('<urllib3.connection.HTTPConnection object at 0x7f2760469518>: Failed to establish a new connection: [Errno -2] Name or service not known',))
HTTPConnectionPool(host='www.dieei.unict.itcorsi', port=80): Max retries exceeded with url: /lm-27 (Caused by NewConnectionError('<urllib3.connection.HTTPConnection object at 0x7f27680869b0>: Failed to establish a new connection: [Errno -2] Name or service not known',))
HTTPConnectionPool(host='www.dieei.unict.itcorsi', port=80): Max retries exceeded with url: /lm-32 (Caused by NewConnectionError('<urllib3.connection.HTTPConnection object at 0x7f2768086668>: Failed to establish a new connection: [Errno -2] Name or service not known',))
HTTPConnectionPool(host='web.dmi.unict.itcorsi', port=80): Max retries exceeded with url: /l-31 (Caused by NewConnectionError('<urllib3.connection.HTTPConnection object at 0x7fc8440484e0>: Failed to establish a new connection: [Errno -2] Name or service not known',))
HTTPConnectionPool(host='web.dmi.unict.itcorsi', port=80): Max retries exceeded with url: /l-35 (Caused by NewConnectionError('<urllib3.connection.HTTPConnection object at 0x7fc844048588>: Failed to establish a new connection: [Errno -2] Name or service not known',))
HTTPConnectionPool(host='web.dmi.unict.itcorsi', port=80): Max retries exceeded with url: /lm-18 (Caused by NewConnectionError('<urllib3.connection.HTTPConnection object at 0x7fc844048240>: Failed to establish a new connection: [Errno -2] Name or service not known',))
HTTPConnectionPool(host='web.dmi.unict.itcorsi', port=80): Max retries exceeded with url: /lm-40 (Caused by NewConnectionError('<urllib3.connection.HTTPConnection object at 0x7fc844048278>: Failed to establish a new connection: [Errno -2] Name or service not known',))
'NoneType' object has no attribute 'find_all'
HTTPConnectionPool(host='web.dmi.unict.itcorsi', port=80): Max retries exceeded with url: /l-31 (Caused by NewConnectionError('<urllib3.connection.HTTPConnection object at 0x7fc83c094b00>: Failed to establish a new connection: [Errno -2] Name or service not known',))
HTTPConnectionPool(host='web.dmi.unict.itcorsi', port=80): Max retries exceeded with url: /l-35 (Caused by NewConnectionError('<urllib3.connection.HTTPConnection object at 0x7fc83c094b00>: Failed to establish a new connection: [Errno -2] Name or service not known',))
HTTPConnectionPool(host='web.dmi.unict.itcorsi', port=80): Max retries exceeded with url: /lm-18 (Caused by NewConnectionError('<urllib3.connection.HTTPConnection object at 0x7fc83c094b00>: Failed to establish a new connection: [Errno -2] Name or service not known',))
HTTPConnectionPool(host='web.dmi.unict.itcorsi', port=80): Max retries exceeded with url: /lm-40 (Caused by NewConnectionError('<urllib3.connection.HTTPConnection object at 0x7fc83c094b00>: Failed to establish a new connection: [Errno -2] Name or service not known',))
'NoneType' object has no attribute 'find_all'
HTTPConnectionPool(host='www.dieei.unict.itcorsi', port=80): Max retries exceeded with url: /l-8-ele (Caused by NewConnectionError('<urllib3.connection.HTTPConnection object at 0x7fc81fe86860>: Failed to establish a new connection: [Errno -2] Name or service not known',))
HTTPConnectionPool(host='www.dieei.unict.itcorsi', port=80): Max retries exceeded with url: /l-9 (Caused by NewConnectionError('<urllib3.connection.HTTPConnection object at 0x7fc81fe866a0>: Failed to establish a new connection: [Errno -2] Name or service not known',))
HTTPConnectionPool(host='www.dieei.unict.itcorsi', port=80): Max retries exceeded with url: /l-8-inf (Caused by NewConnectionError('<urllib3.connection.HTTPConnection object at 0x7fc81fe86550>: Failed to establish a new connection: [Errno -2] Name or service not known',))
HTTPConnectionPool(host='www.dieei.unict.itcorsi', port=80): Max retries exceeded with url: /lm-25 (Caused by NewConnectionError('<urllib3.connection.HTTPConnection object at 0x7fc81fe86a58>: Failed to establish a new connection: [Errno -2] Name or service not known',))
HTTPConnectionPool(host='www.dieei.unict.itcorsi', port=80): Max retries exceeded with url: /lm-28 (Caused by NewConnectionError('<urllib3.connection.HTTPConnection object at 0x7fc81fe86978>: Failed to establish a new connection: [Errno -2] Name or service not known',))
HTTPConnectionPool(host='www.dieei.unict.itcorsi', port=80): Max retries exceeded with url: /lm-29 (Caused by NewConnectionError('<urllib3.connection.HTTPConnection object at 0x7fc81fe86a90>: Failed to establish a new connection: [Errno -2] Name or service not known',))
HTTPConnectionPool(host='www.dieei.unict.itcorsi', port=80): Max retries exceeded with url: /lm-27 (Caused by NewConnectionError('<urllib3.connection.HTTPConnection object at 0x7fc81fe869b0>: Failed to establish a new connection: [Errno -2] Name or service not known',))
HTTPConnectionPool(host='www.dieei.unict.itcorsi', port=80): Max retries exceeded with url: /lm-32 (Caused by NewConnectionError('<urllib3.connection.HTTPConnection object at 0x7fc81fe86a90>: Failed to establish a new connection: [Errno -2] Name or service not known',))
HTTPConnectionPool(host='www.dieei.unict.itcorsi', port=80): Max retries exceeded with url: /l-8-ele (Caused by NewConnectionError('<urllib3.connection.HTTPConnection object at 0x7fc81ffbb710>: Failed to establish a new connection: [Errno -2] Name or service not known',))
HTTPConnectionPool(host='www.dieei.unict.itcorsi', port=80): Max retries exceeded with url: /l-9 (Caused by NewConnectionError('<urllib3.connection.HTTPConnection object at 0x7fc81ffbb4a8>: Failed to establish a new connection: [Errno -2] Name or service not known',))
HTTPConnectionPool(host='www.dieei.unict.itcorsi', port=80): Max retries exceeded with url: /l-8-inf (Caused by NewConnectionError('<urllib3.connection.HTTPConnection object at 0x7fc81ffbb518>: Failed to establish a new connection: [Errno -2] Name or service not known',))
HTTPConnectionPool(host='www.dieei.unict.itcorsi', port=80): Max retries exceeded with url: /lm-25 (Caused by NewConnectionError('<urllib3.connection.HTTPConnection object at 0x7fc81ffbb780>: Failed to establish a new connection: [Errno -2] Name or service not known',))
HTTPConnectionPool(host='www.dieei.unict.itcorsi', port=80): Max retries exceeded with url: /lm-28 (Caused by NewConnectionError('<urllib3.connection.HTTPConnection object at 0x7fc81ffbb518>: Failed to establish a new connection: [Errno -2] Name or service not known',))
HTTPConnectionPool(host='www.dieei.unict.itcorsi', port=80): Max retries exceeded with url: /lm-29 (Caused by NewConnectionError('<urllib3.connection.HTTPConnection object at 0x7fc81ffbb4a8>: Failed to establish a new connection: [Errno -2] Name or service not known',))
HTTPConnectionPool(host='www.dieei.unict.itcorsi', port=80): Max retries exceeded with url: /lm-27 (Caused by NewConnectionError('<urllib3.connection.HTTPConnection object at 0x7fc81ffbb780>: Failed to establish a new connection: [Errno -2] Name or service not known',))
HTTPConnectionPool(host='www.dieei.unict.itcorsi', port=80): Max retries exceeded with url: /lm-32 (Caused by NewConnectionError('<urllib3.connection.HTTPConnection object at 0x7fc81ffbb518>: Failed to establish a new connection: [Errno -2] Name or service not known',))
HTTPConnectionPool(host='web.dmi.unict.itcorsi', port=80): Max retries exceeded with url: /l-31 (Caused by NewConnectionError('<urllib3.connection.HTTPConnection object at 0x7f52bc45f4e0>: Failed to establish a new connection: [Errno -2] Name or service not known',))
HTTPConnectionPool(host='web.dmi.unict.itcorsi', port=80): Max retries exceeded with url: /l-35 (Caused by NewConnectionError('<urllib3.connection.HTTPConnection object at 0x7f52bc45f588>: Failed to establish a new connection: [Errno -2] Name or service not known',))
HTTPConnectionPool(host='web.dmi.unict.itcorsi', port=80): Max retries exceeded with url: /lm-18 (Caused by NewConnectionError('<urllib3.connection.HTTPConnection object at 0x7f52bc45f240>: Failed to establish a new connection: [Errno -2] Name or service not known',))
HTTPConnectionPool(host='web.dmi.unict.itcorsi', port=80): Max retries exceeded with url: /lm-40 (Caused by NewConnectionError('<urllib3.connection.HTTPConnection object at 0x7f52bc45f278>: Failed to establish a new connection: [Errno -2] Name or service not known',))
'NoneType' object has no attribute 'find_all'
HTTPConnectionPool(host='web.dmi.unict.itcorsi', port=80): Max retries exceeded with url: /l-31 (Caused by NewConnectionError('<urllib3.connection.HTTPConnection object at 0x7f52bc41fb00>: Failed to establish a new connection: [Errno -2] Name or service not known',))
HTTPConnectionPool(host='web.dmi.unict.itcorsi', port=80): Max retries exceeded with url: /l-35 (Caused by NewConnectionError('<urllib3.connection.HTTPConnection object at 0x7f52bc41fc88>: Failed to establish a new connection: [Errno -2] Name or service not known',))
HTTPConnectionPool(host='web.dmi.unict.itcorsi', port=80): Max retries exceeded with url: /lm-18 (Caused by NewConnectionError('<urllib3.connection.HTTPConnection object at 0x7f52bc41ff60>: Failed to establish a new connection: [Errno -2] Name or service not known',))
HTTPConnectionPool(host='web.dmi.unict.itcorsi', port=80): Max retries exceeded with url: /lm-40 (Caused by NewConnectionError('<urllib3.connection.HTTPConnection object at 0x7f52bc41fac8>: Failed to establish a new connection: [Errno -2] Name or service not known',))
'NoneType' object has no attribute 'find_all'
HTTPConnectionPool(host='www.dieei.unict.itcorsi', port=80): Max retries exceeded with url: /l-8-ele (Caused by NewConnectionError('<urllib3.connection.HTTPConnection object at 0x7f52bc203a20>: Failed to establish a new connection: [Errno -2] Name or service not known',))
HTTPConnectionPool(host='www.dieei.unict.itcorsi', port=80): Max retries exceeded with url: /l-9 (Caused by NewConnectionError('<urllib3.connection.HTTPConnection object at 0x7f52bc203cc0>: Failed to establish a new connection: [Errno -2] Name or service not known',))
HTTPConnectionPool(host='www.dieei.unict.itcorsi', port=80): Max retries exceeded with url: /l-8-inf (Caused by NewConnectionError('<urllib3.connection.HTTPConnection object at 0x7f52bc203b70>: Failed to establish a new connection: [Errno -2] Name or service not known',))
HTTPConnectionPool(host='www.dieei.unict.itcorsi', port=80): Max retries exceeded with url: /lm-25 (Caused by NewConnectionError('<urllib3.connection.HTTPConnection object at 0x7f52bc203748>: Failed to establish a new connection: [Errno -2] Name or service not known',))
HTTPConnectionPool(host='www.dieei.unict.itcorsi', port=80): Max retries exceeded with url: /lm-28 (Caused by NewConnectionError('<urllib3.connection.HTTPConnection object at 0x7f52bc2037f0>: Failed to establish a new connection: [Errno -2] Name or service not known',))
HTTPConnectionPool(host='www.dieei.unict.itcorsi', port=80): Max retries exceeded with url: /lm-29 (Caused by NewConnectionError('<urllib3.connection.HTTPConnection object at 0x7f52bc203470>: Failed to establish a new connection: [Errno -2] Name or service not known',))
HTTPConnectionPool(host='www.dieei.unict.itcorsi', port=80): Max retries exceeded with url: /lm-27 (Caused by NewConnectionError('<urllib3.connection.HTTPConnection object at 0x7f52bc203630>: Failed to establish a new connection: [Errno -2] Name or service not known',))
HTTPConnectionPool(host='www.dieei.unict.itcorsi', port=80): Max retries exceeded with url: /lm-32 (Caused by NewConnectionError('<urllib3.connection.HTTPConnection object at 0x7f52bc2039e8>: Failed to establish a new connection: [Errno -2] Name or service not known',))
HTTPConnectionPool(host='www.dieei.unict.itcorsi', port=80): Max retries exceeded with url: /l-8-ele (Caused by NewConnectionError('<urllib3.connection.HTTPConnection object at 0x7f52bc184358>: Failed to establish a new connection: [Errno -2] Name or service not known',))
HTTPConnectionPool(host='www.dieei.unict.itcorsi', port=80): Max retries exceeded with url: /l-9 (Caused by NewConnectionError('<urllib3.connection.HTTPConnection object at 0x7f52bc184a58>: Failed to establish a new connection: [Errno -2] Name or service not known',))
HTTPConnectionPool(host='www.dieei.unict.itcorsi', port=80): Max retries exceeded with url: /l-8-inf (Caused by NewConnectionError('<urllib3.connection.HTTPConnection object at 0x7f52bc1841d0>: Failed to establish a new connection: [Errno -2] Name or service not known',))
HTTPConnectionPool(host='www.dieei.unict.itcorsi', port=80): Max retries exceeded with url: /lm-25 (Caused by NewConnectionError('<urllib3.connection.HTTPConnection object at 0x7f52bc184518>: Failed to establish a new connection: [Errno -2] Name or service not known',))
HTTPConnectionPool(host='www.dieei.unict.itcorsi', port=80): Max retries exceeded with url: /lm-28 (Caused by NewConnectionError('<urllib3.connection.HTTPConnection object at 0x7f52bc1845f8>: Failed to establish a new connection: [Errno -2] Name or service not known',))
HTTPConnectionPool(host='www.dieei.unict.itcorsi', port=80): Max retries exceeded with url: /lm-29 (Caused by NewConnectionError('<urllib3.connection.HTTPConnection object at 0x7f52bc184d30>: Failed to establish a new connection: [Errno -2] Name or service not known',))
HTTPConnectionPool(host='www.dieei.unict.itcorsi', port=80): Max retries exceeded with url: /lm-27 (Caused by NewConnectionError('<urllib3.connection.HTTPConnection object at 0x7f52bc1842b0>: Failed to establish a new connection: [Errno -2] Name or service not known',))
HTTPConnectionPool(host='www.dieei.unict.itcorsi', port=80): Max retries exceeded with url: /lm-32 (Caused by NewConnectionError('<urllib3.connection.HTTPConnection object at 0x7f52bc184588>: Failed to establish a new connection: [Errno -2] Name or service not known',))
HTTPConnectionPool(host='web.dmi.unict.itcorsi', port=80): Max retries exceeded with url: /l-31 (Caused by NewConnectionError('<urllib3.connection.HTTPConnection object at 0x7fd48c1a3518>: Failed to establish a new connection: [Errno -2] Name or service not known',))
HTTPConnectionPool(host='web.dmi.unict.itcorsi', port=80): Max retries exceeded with url: /l-35 (Caused by NewConnectionError('<urllib3.connection.HTTPConnection object at 0x7fd48c1a35c0>: Failed to establish a new connection: [Errno -2] Name or service not known',))
HTTPConnectionPool(host='web.dmi.unict.itcorsi', port=80): Max retries exceeded with url: /lm-18 (Caused by NewConnectionError('<urllib3.connection.HTTPConnection object at 0x7fd48c1a3278>: Failed to establish a new connection: [Errno -2] Name or service not known',))
HTTPConnectionPool(host='web.dmi.unict.itcorsi', port=80): Max retries exceeded with url: /lm-40 (Caused by NewConnectionError('<urllib3.connection.HTTPConnection object at 0x7fd48c1a32b0>: Failed to establish a new connection: [Errno -2] Name or service not known',))
'NoneType' object has no attribute 'find_all'
HTTPConnectionPool(host='web.dmi.unict.itcorsi', port=80): Max retries exceeded with url: /l-31 (Caused by NewConnectionError('<urllib3.connection.HTTPConnection object at 0x7fd48c053b00>: Failed to establish a new connection: [Errno -2] Name or service not known',))
HTTPConnectionPool(host='web.dmi.unict.itcorsi', port=80): Max retries exceeded with url: /l-35 (Caused by NewConnectionError('<urllib3.connection.HTTPConnection object at 0x7fd48c053b00>: Failed to establish a new connection: [Errno -2] Name or service not known',))
HTTPConnectionPool(host='web.dmi.unict.itcorsi', port=80): Max retries exceeded with url: /lm-18 (Caused by NewConnectionError('<urllib3.connection.HTTPConnection object at 0x7fd48c053b00>: Failed to establish a new connection: [Errno -2] Name or service not known',))
HTTPConnectionPool(host='web.dmi.unict.itcorsi', port=80): Max retries exceeded with url: /lm-40 (Caused by NewConnectionError('<urllib3.connection.HTTPConnection object at 0x7fd48c053b00>: Failed to establish a new connection: [Errno -2] Name or service not known',))
'NoneType' object has no attribute 'find_all'
HTTPConnectionPool(host='www.dieei.unict.itcorsi', port=80): Max retries exceeded with url: /l-8-ele (Caused by NewConnectionError('<urllib3.connection.HTTPConnection object at 0x7fd48c130470>: Failed to establish a new connection: [Errno -2] Name or service not known',))
HTTPConnectionPool(host='www.dieei.unict.itcorsi', port=80): Max retries exceeded with url: /l-9 (Caused by NewConnectionError('<urllib3.connection.HTTPConnection object at 0x7fd48c130908>: Failed to establish a new connection: [Errno -2] Name or service not known',))
HTTPConnectionPool(host='www.dieei.unict.itcorsi', port=80): Max retries exceeded with url: /l-8-inf (Caused by NewConnectionError('<urllib3.connection.HTTPConnection object at 0x7fd48c1305c0>: Failed to establish a new connection: [Errno -2] Name or service not known',))
HTTPConnectionPool(host='www.dieei.unict.itcorsi', port=80): Max retries exceeded with url: /lm-25 (Caused by NewConnectionError('<urllib3.connection.HTTPConnection object at 0x7fd48c130908>: Failed to establish a new connection: [Errno -2] Name or service not known',))
HTTPConnectionPool(host='www.dieei.unict.itcorsi', port=80): Max retries exceeded with url: /lm-28 (Caused by NewConnectionError('<urllib3.connection.HTTPConnection object at 0x7fd48c1309e8>: Failed to establish a new connection: [Errno -2] Name or service not known',))
HTTPConnectionPool(host='www.dieei.unict.itcorsi', port=80): Max retries exceeded with url: /lm-29 (Caused by NewConnectionError('<urllib3.connection.HTTPConnection object at 0x7fd48c0cb390>: Failed to establish a new connection: [Errno -2] Name or service not known',))
HTTPConnectionPool(host='www.dieei.unict.itcorsi', port=80): Max retries exceeded with url: /lm-27 (Caused by NewConnectionError('<urllib3.connection.HTTPConnection object at 0x7fd48c0cb400>: Failed to establish a new connection: [Errno -2] Name or service not known',))
HTTPConnectionPool(host='www.dieei.unict.itcorsi', port=80): Max retries exceeded with url: /lm-32 (Caused by NewConnectionError('<urllib3.connection.HTTPConnection object at 0x7fd48c1304e0>: Failed to establish a new connection: [Errno -2] Name or service not known',))
HTTPConnectionPool(host='www.dieei.unict.itcorsi', port=80): Max retries exceeded with url: /l-8-ele (Caused by NewConnectionError('<urllib3.connection.HTTPConnection object at 0x7fd494063e48>: Failed to establish a new connection: [Errno -2] Name or service not known',))
HTTPConnectionPool(host='www.dieei.unict.itcorsi', port=80): Max retries exceeded with url: /l-9 (Caused by NewConnectionError('<urllib3.connection.HTTPConnection object at 0x7fd494063908>: Failed to establish a new connection: [Errno -2] Name or service not known',))
HTTPConnectionPool(host='www.dieei.unict.itcorsi', port=80): Max retries exceeded with url: /l-8-inf (Caused by NewConnectionError('<urllib3.connection.HTTPConnection object at 0x7fd494063da0>: Failed to establish a new connection: [Errno -2] Name or service not known',))
HTTPConnectionPool(host='www.dieei.unict.itcorsi', port=80): Max retries exceeded with url: /lm-25 (Caused by NewConnectionError('<urllib3.connection.HTTPConnection object at 0x7fd494063400>: Failed to establish a new connection: [Errno -2] Name or service not known',))
HTTPConnectionPool(host='www.dieei.unict.itcorsi', port=80): Max retries exceeded with url: /lm-28 (Caused by NewConnectionError('<urllib3.connection.HTTPConnection object at 0x7fd494063908>: Failed to establish a new connection: [Errno -2] Name or service not known',))
HTTPConnectionPool(host='www.dieei.unict.itcorsi', port=80): Max retries exceeded with url: /lm-29 (Caused by NewConnectionError('<urllib3.connection.HTTPConnection object at 0x7fd494063400>: Failed to establish a new connection: [Errno -2] Name or service not known',))
HTTPConnectionPool(host='www.dieei.unict.itcorsi', port=80): Max retries exceeded with url: /lm-27 (Caused by NewConnectionError('<urllib3.connection.HTTPConnection object at 0x7fd46fca1128>: Failed to establish a new connection: [Errno -2] Name or service not known',))
HTTPConnectionPool(host='www.dieei.unict.itcorsi', port=80): Max retries exceeded with url: /lm-32 (Caused by NewConnectionError('<urllib3.connection.HTTPConnection object at 0x7fd46fdcc6a0>: Failed to establish a new connection: [Errno -2] Name or service not known',))
HTTPConnectionPool(host='web.dmi.unict.itcorsi', port=80): Max retries exceeded with url: /l-31 (Caused by NewConnectionError('<urllib3.connection.HTTPConnection object at 0x7ff5d40c3d30>: Failed to establish a new connection: [Errno -2] Name or service not known',))
HTTPConnectionPool(host='web.dmi.unict.itcorsi', port=80): Max retries exceeded with url: /l-35 (Caused by NewConnectionError('<urllib3.connection.HTTPConnection object at 0x7ff5d40c3c88>: Failed to establish a new connection: [Errno -2] Name or service not known',))
HTTPConnectionPool(host='web.dmi.unict.itcorsi', port=80): Max retries exceeded with url: /lm-18 (Caused by NewConnectionError('<urllib3.connection.HTTPConnection object at 0x7ff5d40c3780>: Failed to establish a new connection: [Errno -2] Name or service not known',))
HTTPConnectionPool(host='web.dmi.unict.itcorsi', port=80): Max retries exceeded with url: /lm-40 (Caused by NewConnectionError('<urllib3.connection.HTTPConnection object at 0x7ff5d40c3fd0>: Failed to establish a new connection: [Errno -2] Name or service not known',))
'NoneType' object has no attribute 'find_all'
HTTPConnectionPool(host='web.dmi.unict.itcorsi', port=80): Max retries exceeded with url: /l-31 (Caused by NewConnectionError('<urllib3.connection.HTTPConnection object at 0x7ff5cc114b00>: Failed to establish a new connection: [Errno -2] Name or service not known',))
HTTPConnectionPool(host='web.dmi.unict.itcorsi', port=80): Max retries exceeded with url: /l-35 (Caused by NewConnectionError('<urllib3.connection.HTTPConnection object at 0x7ff5cc114b00>: Failed to establish a new connection: [Errno -2] Name or service not known',))
HTTPConnectionPool(host='web.dmi.unict.itcorsi', port=80): Max retries exceeded with url: /lm-18 (Caused by NewConnectionError('<urllib3.connection.HTTPConnection object at 0x7ff5cc114b00>: Failed to establish a new connection: [Errno -2] Name or service not known',))
HTTPConnectionPool(host='web.dmi.unict.itcorsi', port=80): Max retries exceeded with url: /lm-40 (Caused by NewConnectionError('<urllib3.connection.HTTPConnection object at 0x7ff5cc114b00>: Failed to establish a new connection: [Errno -2] Name or service not known',))
'NoneType' object has no attribute 'find_all'
HTTPConnectionPool(host='www.dieei.unict.itcorsi', port=80): Max retries exceeded with url: /l-8-ele (Caused by NewConnectionError('<urllib3.connection.HTTPConnection object at 0x7ff5cc1799e8>: Failed to establish a new connection: [Errno -2] Name or service not known',))
HTTPConnectionPool(host='www.dieei.unict.itcorsi', port=80): Max retries exceeded with url: /l-9 (Caused by NewConnectionError('<urllib3.connection.HTTPConnection object at 0x7ff5cc179a58>: Failed to establish a new connection: [Errno -2] Name or service not known',))
HTTPConnectionPool(host='www.dieei.unict.itcorsi', port=80): Max retries exceeded with url: /l-8-inf (Caused by NewConnectionError('<urllib3.connection.HTTPConnection object at 0x7ff5cc179ac8>: Failed to establish a new connection: [Errno -2] Name or service not known',))
HTTPConnectionPool(host='www.dieei.unict.itcorsi', port=80): Max retries exceeded with url: /lm-25 (Caused by NewConnectionError('<urllib3.connection.HTTPConnection object at 0x7ff5cc179710>: Failed to establish a new connection: [Errno -2] Name or service not known',))
HTTPConnectionPool(host='www.dieei.unict.itcorsi', port=80): Max retries exceeded with url: /lm-28 (Caused by NewConnectionError('<urllib3.connection.HTTPConnection object at 0x7ff5cc1795f8>: Failed to establish a new connection: [Errno -2] Name or service not known',))
HTTPConnectionPool(host='www.dieei.unict.itcorsi', port=80): Max retries exceeded with url: /lm-29 (Caused by NewConnectionError('<urllib3.connection.HTTPConnection object at 0x7ff5cc179b38>: Failed to establish a new connection: [Errno -2] Name or service not known',))
HTTPConnectionPool(host='www.dieei.unict.itcorsi', port=80): Max retries exceeded with url: /lm-27 (Caused by NewConnectionError('<urllib3.connection.HTTPConnection object at 0x7ff5cc1796d8>: Failed to establish a new connection: [Errno -2] Name or service not known',))
HTTPConnectionPool(host='www.dieei.unict.itcorsi', port=80): Max retries exceeded with url: /lm-32 (Caused by NewConnectionError('<urllib3.connection.HTTPConnection object at 0x7ff5cc179b38>: Failed to establish a new connection: [Errno -2] Name or service not known',))
HTTPConnectionPool(host='www.dieei.unict.itcorsi', port=80): Max retries exceeded with url: /l-8-ele (Caused by NewConnectionError('<urllib3.connection.HTTPConnection object at 0x7ff5affee588>: Failed to establish a new connection: [Errno -2] Name or service not known',))
HTTPConnectionPool(host='www.dieei.unict.itcorsi', port=80): Max retries exceeded with url: /l-9 (Caused by NewConnectionError('<urllib3.connection.HTTPConnection object at 0x7ff5affee550>: Failed to establish a new connection: [Errno -2] Name or service not known',))
HTTPConnectionPool(host='www.dieei.unict.itcorsi', port=80): Max retries exceeded with url: /l-8-inf (Caused by NewConnectionError('<urllib3.connection.HTTPConnection object at 0x7ff5affee710>: Failed to establish a new connection: [Errno -2] Name or service not known',))
HTTPConnectionPool(host='www.dieei.unict.itcorsi', port=80): Max retries exceeded with url: /lm-25 (Caused by NewConnectionError('<urllib3.connection.HTTPConnection object at 0x7ff5affee748>: Failed to establish a new connection: [Errno -2] Name or service not known',))
HTTPConnectionPool(host='www.dieei.unict.itcorsi', port=80): Max retries exceeded with url: /lm-28 (Caused by NewConnectionError('<urllib3.connection.HTTPConnection object at 0x7ff5affee400>: Failed to establish a new connection: [Errno -2] Name or service not known',))
HTTPConnectionPool(host='www.dieei.unict.itcorsi', port=80): Max retries exceeded with url: /lm-29 (Caused by NewConnectionError('<urllib3.connection.HTTPConnection object at 0x7ff5cc14c0b8>: Failed to establish a new connection: [Errno -2] Name or service not known',))
HTTPConnectionPool(host='www.dieei.unict.itcorsi', port=80): Max retries exceeded with url: /lm-27 (Caused by NewConnectionError('<urllib3.connection.HTTPConnection object at 0x7ff5affee748>: Failed to establish a new connection: [Errno -2] Name or service not known',))
HTTPConnectionPool(host='www.dieei.unict.itcorsi', port=80): Max retries exceeded with url: /lm-32 (Caused by NewConnectionError('<urllib3.connection.HTTPConnection object at 0x7ff5cc14c0b8>: Failed to establish a new connection: [Errno -2] Name or service not known',))
HTTPConnectionPool(host='web.dmi.unict.itcorsi', port=80): Max retries exceeded with url: /l-31 (Caused by NewConnectionError('<urllib3.connection.HTTPConnection object at 0x7f43c077c550>: Failed to establish a new connection: [Errno -2] Name or service not known',))
HTTPConnectionPool(host='web.dmi.unict.itcorsi', port=80): Max retries exceeded with url: /l-35 (Caused by NewConnectionError('<urllib3.connection.HTTPConnection object at 0x7f43c077c4e0>: Failed to establish a new connection: [Errno -2] Name or service not known',))
HTTPConnectionPool(host='web.dmi.unict.itcorsi', port=80): Max retries exceeded with url: /lm-18 (Caused by NewConnectionError('<urllib3.connection.HTTPConnection object at 0x7f43c077c550>: Failed to establish a new connection: [Errno -2] Name or service not known',))
HTTPConnectionPool(host='web.dmi.unict.itcorsi', port=80): Max retries exceeded with url: /lm-40 (Caused by NewConnectionError('<urllib3.connection.HTTPConnection object at 0x7f43c077c588>: Failed to establish a new connection: [Errno -2] Name or service not known',))
'NoneType' object has no attribute 'find_all'
HTTPConnectionPool(host='web.dmi.unict.itcorsi', port=80): Max retries exceeded with url: /l-31 (Caused by NewConnectionError('<urllib3.connection.HTTPConnection object at 0x7f43c0747ac8>: Failed to establish a new connection: [Errno -2] Name or service not known',))
HTTPConnectionPool(host='web.dmi.unict.itcorsi', port=80): Max retries exceeded with url: /l-35 (Caused by NewConnectionError('<urllib3.connection.HTTPConnection object at 0x7f43c0747b38>: Failed to establish a new connection: [Errno -2] Name or service not known',))
HTTPConnectionPool(host='web.dmi.unict.itcorsi', port=80): Max retries exceeded with url: /lm-18 (Caused by NewConnectionError('<urllib3.connection.HTTPConnection object at 0x7f43c0747ac8>: Failed to establish a new connection: [Errno -2] Name or service not known',))
HTTPConnectionPool(host='web.dmi.unict.itcorsi', port=80): Max retries exceeded with url: /lm-40 (Caused by NewConnectionError('<urllib3.connection.HTTPConnection object at 0x7f43c0747b38>: Failed to establish a new connection: [Errno -2] Name or service not known',))
'NoneType' object has no attribute 'find_all'
HTTPConnectionPool(host='www.dieei.unict.itcorsi', port=80): Max retries exceeded with url: /l-8-ele (Caused by NewConnectionError('<urllib3.connection.HTTPConnection object at 0x7f43c073f978>: Failed to establish a new connection: [Errno -2] Name or service not known',))
HTTPConnectionPool(host='www.dieei.unict.itcorsi', port=80): Max retries exceeded with url: /l-9 (Caused by NewConnectionError('<urllib3.connection.HTTPConnection object at 0x7f43c073fa20>: Failed to establish a new connection: [Errno -2] Name or service not known',))
HTTPConnectionPool(host='www.dieei.unict.itcorsi', port=80): Max retries exceeded with url: /l-8-inf (Caused by NewConnectionError('<urllib3.connection.HTTPConnection object at 0x7f43c073f400>: Failed to establish a new connection: [Errno -2] Name or service not known',))
HTTPConnectionPool(host='www.dieei.unict.itcorsi', port=80): Max retries exceeded with url: /lm-25 (Caused by NewConnectionError('<urllib3.connection.HTTPConnection object at 0x7f43c073f898>: Failed to establish a new connection: [Errno -2] Name or service not known',))
HTTPConnectionPool(host='www.dieei.unict.itcorsi', port=80): Max retries exceeded with url: /lm-28 (Caused by NewConnectionError('<urllib3.connection.HTTPConnection object at 0x7f43c073fd68>: Failed to establish a new connection: [Errno -2] Name or service not known',))
HTTPConnectionPool(host='www.dieei.unict.itcorsi', port=80): Max retries exceeded with url: /lm-29 (Caused by NewConnectionError('<urllib3.connection.HTTPConnection object at 0x7f43c073f940>: Failed to establish a new connection: [Errno -2] Name or service not known',))
HTTPConnectionPool(host='www.dieei.unict.itcorsi', port=80): Max retries exceeded with url: /lm-27 (Caused by NewConnectionError('<urllib3.connection.HTTPConnection object at 0x7f43c073f470>: Failed to establish a new connection: [Errno -2] Name or service not known',))
HTTPConnectionPool(host='www.dieei.unict.itcorsi', port=80): Max retries exceeded with url: /lm-32 (Caused by NewConnectionError('<urllib3.connection.HTTPConnection object at 0x7f43c073f940>: Failed to establish a new connection: [Errno -2] Name or service not known',))
HTTPConnectionPool(host='www.dieei.unict.itcorsi', port=80): Max retries exceeded with url: /l-8-ele (Caused by NewConnectionError('<urllib3.connection.HTTPConnection object at 0x7f43c0675908>: Failed to establish a new connection: [Errno -2] Name or service not known',))
HTTPConnectionPool(host='www.dieei.unict.itcorsi', port=80): Max retries exceeded with url: /l-9 (Caused by NewConnectionError('<urllib3.connection.HTTPConnection object at 0x7f43c0283cc0>: Failed to establish a new connection: [Errno -2] Name or service not known',))
HTTPConnectionPool(host='www.dieei.unict.itcorsi', port=80): Max retries exceeded with url: /l-8-inf (Caused by NewConnectionError('<urllib3.connection.HTTPConnection object at 0x7f43c0283cc0>: Failed to establish a new connection: [Errno -2] Name or service not known',))
HTTPConnectionPool(host='www.dieei.unict.itcorsi', port=80): Max retries exceeded with url: /lm-25 (Caused by NewConnectionError('<urllib3.connection.HTTPConnection object at 0x7f43c0283dd8>: Failed to establish a new connection: [Errno -2] Name or service not known',))
HTTPConnectionPool(host='www.dieei.unict.itcorsi', port=80): Max retries exceeded with url: /lm-28 (Caused by NewConnectionError('<urllib3.connection.HTTPConnection object at 0x7f43c0283c88>: Failed to establish a new connection: [Errno -2] Name or service not known',))
HTTPConnectionPool(host='www.dieei.unict.itcorsi', port=80): Max retries exceeded with url: /lm-29 (Caused by NewConnectionError('<urllib3.connection.HTTPConnection object at 0x7f43c0283dd8>: Failed to establish a new connection: [Errno -2] Name or service not known',))
HTTPConnectionPool(host='www.dieei.unict.itcorsi', port=80): Max retries exceeded with url: /lm-27 (Caused by NewConnectionError('<urllib3.connection.HTTPConnection object at 0x7f43c0283c88>: Failed to establish a new connection: [Errno -2] Name or service not known',))
HTTPConnectionPool(host='www.dieei.unict.itcorsi', port=80): Max retries exceeded with url: /lm-32 (Caused by NewConnectionError('<urllib3.connection.HTTPConnection object at 0x7f43c03b2780>: Failed to establish a new connection: [Errno -2] Name or service not known',))
HTTPConnectionPool(host='web.dmi.unict.itcorsi', port=80): Max retries exceeded with url: /l-31 (Caused by NewConnectionError('<urllib3.connection.HTTPConnection object at 0x7f8ae4765d30>: Failed to establish a new connection: [Errno -2] Name or service not known',))
HTTPConnectionPool(host='web.dmi.unict.itcorsi', port=80): Max retries exceeded with url: /l-35 (Caused by NewConnectionError('<urllib3.connection.HTTPConnection object at 0x7f8ae4765c88>: Failed to establish a new connection: [Errno -2] Name or service not known',))
HTTPConnectionPool(host='web.dmi.unict.itcorsi', port=80): Max retries exceeded with url: /lm-18 (Caused by NewConnectionError('<urllib3.connection.HTTPConnection object at 0x7f8ae4765780>: Failed to establish a new connection: [Errno -2] Name or service not known',))
HTTPConnectionPool(host='web.dmi.unict.itcorsi', port=80): Max retries exceeded with url: /lm-40 (Caused by NewConnectionError('<urllib3.connection.HTTPConnection object at 0x7f8ae4765fd0>: Failed to establish a new connection: [Errno -2] Name or service not known',))
'NoneType' object has no attribute 'find_all'
HTTPConnectionPool(host='web.dmi.unict.itcorsi', port=80): Max retries exceeded with url: /l-31 (Caused by NewConnectionError('<urllib3.connection.HTTPConnection object at 0x7f8ae4629b00>: Failed to establish a new connection: [Errno -2] Name or service not known',))
HTTPConnectionPool(host='web.dmi.unict.itcorsi', port=80): Max retries exceeded with url: /l-35 (Caused by NewConnectionError('<urllib3.connection.HTTPConnection object at 0x7f8ae4629b00>: Failed to establish a new connection: [Errno -2] Name or service not known',))
HTTPConnectionPool(host='web.dmi.unict.itcorsi', port=80): Max retries exceeded with url: /lm-18 (Caused by NewConnectionError('<urllib3.connection.HTTPConnection object at 0x7f8ae4629b00>: Failed to establish a new connection: [Errno -2] Name or service not known',))
HTTPConnectionPool(host='web.dmi.unict.itcorsi', port=80): Max retries exceeded with url: /lm-40 (Caused by NewConnectionError('<urllib3.connection.HTTPConnection object at 0x7f8ae4629b00>: Failed to establish a new connection: [Errno -2] Name or service not known',))
'NoneType' object has no attribute 'find_all'
HTTPConnectionPool(host='www.dieei.unict.itcorsi', port=80): Max retries exceeded with url: /l-8-ele (Caused by NewConnectionError('<urllib3.connection.HTTPConnection object at 0x7f8ae46e5d30>: Failed to establish a new connection: [Errno -2] Name or service not known',))
HTTPConnectionPool(host='www.dieei.unict.itcorsi', port=80): Max retries exceeded with url: /l-9 (Caused by NewConnectionError('<urllib3.connection.HTTPConnection object at 0x7f8ae46e5160>: Failed to establish a new connection: [Errno -2] Name or service not known',))
HTTPConnectionPool(host='www.dieei.unict.itcorsi', port=80): Max retries exceeded with url: /l-8-inf (Caused by NewConnectionError('<urllib3.connection.HTTPConnection object at 0x7f8ae46e5d30>: Failed to establish a new connection: [Errno -2] Name or service not known',))
HTTPConnectionPool(host='www.dieei.unict.itcorsi', port=80): Max retries exceeded with url: /lm-25 (Caused by NewConnectionError('<urllib3.connection.HTTPConnection object at 0x7f8ae46e5f60>: Failed to establish a new connection: [Errno -2] Name or service not known',))
HTTPConnectionPool(host='www.dieei.unict.itcorsi', port=80): Max retries exceeded with url: /lm-28 (Caused by NewConnectionError('<urllib3.connection.HTTPConnection object at 0x7f8ae46e5ba8>: Failed to establish a new connection: [Errno -2] Name or service not known',))
HTTPConnectionPool(host='www.dieei.unict.itcorsi', port=80): Max retries exceeded with url: /lm-29 (Caused by NewConnectionError('<urllib3.connection.HTTPConnection object at 0x7f8ae46e5d68>: Failed to establish a new connection: [Errno -2] Name or service not known',))
HTTPConnectionPool(host='www.dieei.unict.itcorsi', port=80): Max retries exceeded with url: /lm-27 (Caused by NewConnectionError('<urllib3.connection.HTTPConnection object at 0x7f8ae46e5f60>: Failed to establish a new connection: [Errno -2] Name or service not known',))
HTTPConnectionPool(host='www.dieei.unict.itcorsi', port=80): Max retries exceeded with url: /lm-32 (Caused by NewConnectionError('<urllib3.connection.HTTPConnection object at 0x7f8ae46e5ba8>: Failed to establish a new connection: [Errno -2] Name or service not known',))
HTTPConnectionPool(host='www.dieei.unict.itcorsi', port=80): Max retries exceeded with url: /l-8-ele (Caused by NewConnectionError('<urllib3.connection.HTTPConnection object at 0x7f8ae4643cf8>: Failed to establish a new connection: [Errno -2] Name or service not known',))
HTTPConnectionPool(host='www.dieei.unict.itcorsi', port=80): Max retries exceeded with url: /l-9 (Caused by NewConnectionError('<urllib3.connection.HTTPConnection object at 0x7f8ae4643c50>: Failed to establish a new connection: [Errno -2] Name or service not known',))
HTTPConnectionPool(host='www.dieei.unict.itcorsi', port=80): Max retries exceeded with url: /l-8-inf (Caused by NewConnectionError('<urllib3.connection.HTTPConnection object at 0x7f8ae4643b70>: Failed to establish a new connection: [Errno -2] Name or service not known',))
HTTPConnectionPool(host='www.dieei.unict.itcorsi', port=80): Max retries exceeded with url: /lm-25 (Caused by NewConnectionError('<urllib3.connection.HTTPConnection object at 0x7f8ae44efef0>: Failed to establish a new connection: [Errno -2] Name or service not known',))
HTTPConnectionPool(host='www.dieei.unict.itcorsi', port=80): Max retries exceeded with url: /lm-28 (Caused by NewConnectionError('<urllib3.connection.HTTPConnection object at 0x7f8ae44efc18>: Failed to establish a new connection: [Errno -2] Name or service not known',))
HTTPConnectionPool(host='www.dieei.unict.itcorsi', port=80): Max retries exceeded with url: /lm-29 (Caused by NewConnectionError('<urllib3.connection.HTTPConnection object at 0x7f8ae44efe80>: Failed to establish a new connection: [Errno -2] Name or service not known',))
HTTPConnectionPool(host='www.dieei.unict.itcorsi', port=80): Max retries exceeded with url: /lm-27 (Caused by NewConnectionError('<urllib3.connection.HTTPConnection object at 0x7f8ae46437b8>: Failed to establish a new connection: [Errno -2] Name or service not known',))
HTTPConnectionPool(host='www.dieei.unict.itcorsi', port=80): Max retries exceeded with url: /lm-32 (Caused by NewConnectionError('<urllib3.connection.HTTPConnection object at 0x7f8ae44efdd8>: Failed to establish a new connection: [Errno -2] Name or service not known',))
HTTPConnectionPool(host='web.dmi.unict.itcorsi', port=80): Max retries exceeded with url: /l-31 (Caused by NewConnectionError('<urllib3.connection.HTTPConnection object at 0x7f83a4687ba8>: Failed to establish a new connection: [Errno -2] Name or service not known',))
HTTPConnectionPool(host='web.dmi.unict.itcorsi', port=80): Max retries exceeded with url: /l-35 (Caused by NewConnectionError('<urllib3.connection.HTTPConnection object at 0x7f83a4687a20>: Failed to establish a new connection: [Errno -2] Name or service not known',))
HTTPConnectionPool(host='web.dmi.unict.itcorsi', port=80): Max retries exceeded with url: /lm-18 (Caused by NewConnectionError('<urllib3.connection.HTTPConnection object at 0x7f83a4687d68>: Failed to establish a new connection: [Errno -2] Name or service not known',))
HTTPConnectionPool(host='web.dmi.unict.itcorsi', port=80): Max retries exceeded with url: /lm-40 (Caused by NewConnectionError('<urllib3.connection.HTTPConnection object at 0x7f83a4687e48>: Failed to establish a new connection: [Errno -2] Name or service not known',))
'NoneType' object has no attribute 'find_all'
HTTPConnectionPool(host='web.dmi.unict.itcorsi', port=80): Max retries exceeded with url: /l-31 (Caused by NewConnectionError('<urllib3.connection.HTTPConnection object at 0x7f83a4557b00>: Failed to establish a new connection: [Errno -2] Name or service not known',))
HTTPConnectionPool(host='web.dmi.unict.itcorsi', port=80): Max retries exceeded with url: /l-35 (Caused by NewConnectionError('<urllib3.connection.HTTPConnection object at 0x7f83a4557b00>: Failed to establish a new connection: [Errno -2] Name or service not known',))
HTTPConnectionPool(host='web.dmi.unict.itcorsi', port=80): Max retries exceeded with url: /lm-18 (Caused by NewConnectionError('<urllib3.connection.HTTPConnection object at 0x7f83a4557b00>: Failed to establish a new connection: [Errno -2] Name or service not known',))
HTTPConnectionPool(host='web.dmi.unict.itcorsi', port=80): Max retries exceeded with url: /lm-40 (Caused by NewConnectionError('<urllib3.connection.HTTPConnection object at 0x7f83a4557b00>: Failed to establish a new connection: [Errno -2] Name or service not known',))
'NoneType' object has no attribute 'find_all'
HTTPConnectionPool(host='www.dieei.unict.itcorsi', port=80): Max retries exceeded with url: /l-8-ele (Caused by NewConnectionError('<urllib3.connection.HTTPConnection object at 0x7f83a46d88d0>: Failed to establish a new connection: [Errno -2] Name or service not known',))
HTTPConnectionPool(host='www.dieei.unict.itcorsi', port=80): Max retries exceeded with url: /l-9 (Caused by NewConnectionError('<urllib3.connection.HTTPConnection object at 0x7f83a46d8898>: Failed to establish a new connection: [Errno -2] Name or service not known',))
HTTPConnectionPool(host='www.dieei.unict.itcorsi', port=80): Max retries exceeded with url: /l-8-inf (Caused by NewConnectionError('<urllib3.connection.HTTPConnection object at 0x7f83a46d88d0>: Failed to establish a new connection: [Errno -2] Name or service not known',))
HTTPConnectionPool(host='www.dieei.unict.itcorsi', port=80): Max retries exceeded with url: /lm-25 (Caused by NewConnectionError('<urllib3.connection.HTTPConnection object at 0x7f83a46d89e8>: Failed to establish a new connection: [Errno -2] Name or service not known',))
HTTPConnectionPool(host='www.dieei.unict.itcorsi', port=80): Max retries exceeded with url: /lm-28 (Caused by NewConnectionError('<urllib3.connection.HTTPConnection object at 0x7f83a46d8860>: Failed to establish a new connection: [Errno -2] Name or service not known',))
HTTPConnectionPool(host='www.dieei.unict.itcorsi', port=80): Max retries exceeded with url: /lm-29 (Caused by NewConnectionError('<urllib3.connection.HTTPConnection object at 0x7f83a46d89b0>: Failed to establish a new connection: [Errno -2] Name or service not known',))
HTTPConnectionPool(host='www.dieei.unict.itcorsi', port=80): Max retries exceeded with url: /lm-27 (Caused by NewConnectionError('<urllib3.connection.HTTPConnection object at 0x7f83a46d8860>: Failed to establish a new connection: [Errno -2] Name or service not known',))
HTTPConnectionPool(host='www.dieei.unict.itcorsi', port=80): Max retries exceeded with url: /lm-32 (Caused by NewConnectionError('<urllib3.connection.HTTPConnection object at 0x7f83a46d89b0>: Failed to establish a new connection: [Errno -2] Name or service not known',))
HTTPConnectionPool(host='www.dieei.unict.itcorsi', port=80): Max retries exceeded with url: /l-8-ele (Caused by NewConnectionError('<urllib3.connection.HTTPConnection object at 0x7f83a4350128>: Failed to establish a new connection: [Errno -2] Name or service not known',))
HTTPConnectionPool(host='www.dieei.unict.itcorsi', port=80): Max retries exceeded with url: /l-9 (Caused by NewConnectionError('<urllib3.connection.HTTPConnection object at 0x7f83a4350208>: Failed to establish a new connection: [Errno -2] Name or service not known',))
HTTPConnectionPool(host='www.dieei.unict.itcorsi', port=80): Max retries exceeded with url: /l-8-inf (Caused by NewConnectionError('<urllib3.connection.HTTPConnection object at 0x7f83a4350160>: Failed to establish a new connection: [Errno -2] Name or service not known',))
HTTPConnectionPool(host='www.dieei.unict.itcorsi', port=80): Max retries exceeded with url: /lm-25 (Caused by NewConnectionError('<urllib3.connection.HTTPConnection object at 0x7f83a4350240>: Failed to establish a new connection: [Errno -2] Name or service not known',))
HTTPConnectionPool(host='www.dieei.unict.itcorsi', port=80): Max retries exceeded with url: /lm-28 (Caused by NewConnectionError('<urllib3.connection.HTTPConnection object at 0x7f83a41e57b8>: Failed to establish a new connection: [Errno -2] Name or service not known',))
HTTPConnectionPool(host='www.dieei.unict.itcorsi', port=80): Max retries exceeded with url: /lm-29 (Caused by NewConnectionError('<urllib3.connection.HTTPConnection object at 0x7f83a41e5940>: Failed to establish a new connection: [Errno -2] Name or service not known',))
HTTPConnectionPool(host='www.dieei.unict.itcorsi', port=80): Max retries exceeded with url: /lm-27 (Caused by NewConnectionError('<urllib3.connection.HTTPConnection object at 0x7f83a43501d0>: Failed to establish a new connection: [Errno -2] Name or service not known',))
HTTPConnectionPool(host='www.dieei.unict.itcorsi', port=80): Max retries exceeded with url: /lm-32 (Caused by NewConnectionError('<urllib3.connection.HTTPConnection object at 0x7f83a43503c8>: Failed to establish a new connection: [Errno -2] Name or service not known',))
HTTPConnectionPool(host='web.dmi.unict.itcorsi', port=80): Max retries exceeded with url: /l-31 (Caused by NewConnectionError('<urllib3.connection.HTTPConnection object at 0x7fb4ec1694e0>: Failed to establish a new connection: [Errno -2] Name or service not known',))
HTTPConnectionPool(host='web.dmi.unict.itcorsi', port=80): Max retries exceeded with url: /l-35 (Caused by NewConnectionError('<urllib3.connection.HTTPConnection object at 0x7fb4ec169588>: Failed to establish a new connection: [Errno -2] Name or service not known',))
HTTPConnectionPool(host='web.dmi.unict.itcorsi', port=80): Max retries exceeded with url: /lm-18 (Caused by NewConnectionError('<urllib3.connection.HTTPConnection object at 0x7fb4ec169240>: Failed to establish a new connection: [Errno -2] Name or service not known',))
HTTPConnectionPool(host='web.dmi.unict.itcorsi', port=80): Max retries exceeded with url: /lm-40 (Caused by NewConnectionError('<urllib3.connection.HTTPConnection object at 0x7fb4ec169278>: Failed to establish a new connection: [Errno -2] Name or service not known',))
'NoneType' object has no attribute 'find_all'
HTTPConnectionPool(host='web.dmi.unict.itcorsi', port=80): Max retries exceeded with url: /l-31 (Caused by NewConnectionError('<urllib3.connection.HTTPConnection object at 0x7fb4ec14d7f0>: Failed to establish a new connection: [Errno -2] Name or service not known',))
HTTPConnectionPool(host='web.dmi.unict.itcorsi', port=80): Max retries exceeded with url: /l-35 (Caused by NewConnectionError('<urllib3.connection.HTTPConnection object at 0x7fb4ec14dbe0>: Failed to establish a new connection: [Errno -2] Name or service not known',))
HTTPConnectionPool(host='web.dmi.unict.itcorsi', port=80): Max retries exceeded with url: /lm-18 (Caused by NewConnectionError('<urllib3.connection.HTTPConnection object at 0x7fb4ec14dcf8>: Failed to establish a new connection: [Errno -2] Name or service not known',))
HTTPConnectionPool(host='web.dmi.unict.itcorsi', port=80): Max retries exceeded with url: /lm-40 (Caused by NewConnectionError('<urllib3.connection.HTTPConnection object at 0x7fb4ec14d940>: Failed to establish a new connection: [Errno -2] Name or service not known',))
'NoneType' object has no attribute 'find_all'
HTTPConnectionPool(host='www.dieei.unict.itcorsi', port=80): Max retries exceeded with url: /l-8-ele (Caused by NewConnectionError('<urllib3.connection.HTTPConnection object at 0x7fb4e4afc748>: Failed to establish a new connection: [Errno -2] Name or service not known',))
HTTPConnectionPool(host='www.dieei.unict.itcorsi', port=80): Max retries exceeded with url: /l-9 (Caused by NewConnectionError('<urllib3.connection.HTTPConnection object at 0x7fb4e4afcdd8>: Failed to establish a new connection: [Errno -2] Name or service not known',))
HTTPConnectionPool(host='www.dieei.unict.itcorsi', port=80): Max retries exceeded with url: /l-8-inf (Caused by NewConnectionError('<urllib3.connection.HTTPConnection object at 0x7fb4e4afce48>: Failed to establish a new connection: [Errno -2] Name or service not known',))
HTTPConnectionPool(host='www.dieei.unict.itcorsi', port=80): Max retries exceeded with url: /lm-25 (Caused by NewConnectionError('<urllib3.connection.HTTPConnection object at 0x7fb4e4afcf60>: Failed to establish a new connection: [Errno -2] Name or service not known',))
HTTPConnectionPool(host='www.dieei.unict.itcorsi', port=80): Max retries exceeded with url: /lm-28 (Caused by NewConnectionError('<urllib3.connection.HTTPConnection object at 0x7fb4e4afc780>: Failed to establish a new connection: [Errno -2] Name or service not known',))
HTTPConnectionPool(host='www.dieei.unict.itcorsi', port=80): Max retries exceeded with url: /lm-29 (Caused by NewConnectionError('<urllib3.connection.HTTPConnection object at 0x7fb4e4d1aef0>: Failed to establish a new connection: [Errno -2] Name or service not known',))
HTTPConnectionPool(host='www.dieei.unict.itcorsi', port=80): Max retries exceeded with url: /lm-27 (Caused by NewConnectionError('<urllib3.connection.HTTPConnection object at 0x7fb4e4afc780>: Failed to establish a new connection: [Errno -2] Name or service not known',))
HTTPConnectionPool(host='www.dieei.unict.itcorsi', port=80): Max retries exceeded with url: /lm-32 (Caused by NewConnectionError('<urllib3.connection.HTTPConnection object at 0x7fb4e4afceb8>: Failed to establish a new connection: [Errno -2] Name or service not known',))
HTTPConnectionPool(host='www.dieei.unict.itcorsi', port=80): Max retries exceeded with url: /l-8-ele (Caused by NewConnectionError('<urllib3.connection.HTTPConnection object at 0x7fb4e4bfd7f0>: Failed to establish a new connection: [Errno -2] Name or service not known',))
HTTPConnectionPool(host='www.dieei.unict.itcorsi', port=80): Max retries exceeded with url: /l-9 (Caused by NewConnectionError('<urllib3.connection.HTTPConnection object at 0x7fb4e4bfd7b8>: Failed to establish a new connection: [Errno -2] Name or service not known',))
HTTPConnectionPool(host='www.dieei.unict.itcorsi', port=80): Max retries exceeded with url: /l-8-inf (Caused by NewConnectionError('<urllib3.connection.HTTPConnection object at 0x7fb4e4bfd630>: Failed to establish a new connection: [Errno -2] Name or service not known',))
HTTPConnectionPool(host='www.dieei.unict.itcorsi', port=80): Max retries exceeded with url: /lm-25 (Caused by NewConnectionError('<urllib3.connection.HTTPConnection object at 0x7fb4e4bfda58>: Failed to establish a new connection: [Errno -2] Name or service not known',))
HTTPConnectionPool(host='www.dieei.unict.itcorsi', port=80): Max retries exceeded with url: /lm-28 (Caused by NewConnectionError('<urllib3.connection.HTTPConnection object at 0x7fb4e4bfd940>: Failed to establish a new connection: [Errno -2] Name or service not known',))
HTTPConnectionPool(host='www.dieei.unict.itcorsi', port=80): Max retries exceeded with url: /lm-29 (Caused by NewConnectionError('<urllib3.connection.HTTPConnection object at 0x7fb4e4bfda58>: Failed to establish a new connection: [Errno -2] Name or service not known',))
HTTPConnectionPool(host='www.dieei.unict.itcorsi', port=80): Max retries exceeded with url: /lm-27 (Caused by NewConnectionError('<urllib3.connection.HTTPConnection object at 0x7fb4e4bfd940>: Failed to establish a new connection: [Errno -2] Name or service not known',))
HTTPConnectionPool(host='www.dieei.unict.itcorsi', port=80): Max retries exceeded with url: /lm-32 (Caused by NewConnectionError('<urllib3.connection.HTTPConnection object at 0x7fb4e4b59eb8>: Failed to establish a new connection: [Errno -2] Name or service not known',))
HTTPConnectionPool(host='web.dmi.unict.itcorsi', port=80): Max retries exceeded with url: /l-31 (Caused by NewConnectionError('<urllib3.connection.HTTPConnection object at 0x7fd71d786f28>: Failed to establish a new connection: [Errno -2] Name or service not known',))
HTTPConnectionPool(host='web.dmi.unict.itcorsi', port=80): Max retries exceeded with url: /l-35 (Caused by NewConnectionError('<urllib3.connection.HTTPConnection object at 0x7fd71d786eb8>: Failed to establish a new connection: [Errno -2] Name or service not known',))
HTTPConnectionPool(host='web.dmi.unict.itcorsi', port=80): Max retries exceeded with url: /lm-18 (Caused by NewConnectionError('<urllib3.connection.HTTPConnection object at 0x7fd72def01d0>: Failed to establish a new connection: [Errno -2] Name or service not known',))
HTTPConnectionPool(host='web.dmi.unict.itcorsi', port=80): Max retries exceeded with url: /lm-40 (Caused by NewConnectionError('<urllib3.connection.HTTPConnection object at 0x7fd71d786d68>: Failed to establish a new connection: [Errno -2] Name or service not known',))
'NoneType' object has no attribute 'find_all'
HTTPConnectionPool(host='web.dmi.unict.itcorsi', port=80): Max retries exceeded with url: /l-31 (Caused by NewConnectionError('<urllib3.connection.HTTPConnection object at 0x7fd71d75cb00>: Failed to establish a new connection: [Errno -2] Name or service not known',))
HTTPConnectionPool(host='web.dmi.unict.itcorsi', port=80): Max retries exceeded with url: /l-35 (Caused by NewConnectionError('<urllib3.connection.HTTPConnection object at 0x7fd71d75cc88>: Failed to establish a new connection: [Errno -2] Name or service not known',))
HTTPConnectionPool(host='web.dmi.unict.itcorsi', port=80): Max retries exceeded with url: /lm-18 (Caused by NewConnectionError('<urllib3.connection.HTTPConnection object at 0x7fd71d75cf60>: Failed to establish a new connection: [Errno -2] Name or service not known',))
HTTPConnectionPool(host='web.dmi.unict.itcorsi', port=80): Max retries exceeded with url: /lm-40 (Caused by NewConnectionError('<urllib3.connection.HTTPConnection object at 0x7fd71d75cac8>: Failed to establish a new connection: [Errno -2] Name or service not known',))
'NoneType' object has no attribute 'find_all'
HTTPConnectionPool(host='www.dieei.unict.itcorsi', port=80): Max retries exceeded with url: /l-8-ele (Caused by NewConnectionError('<urllib3.connection.HTTPConnection object at 0x7fd72def8400>: Failed to establish a new connection: [Errno -2] Name or service not known',))
HTTPConnectionPool(host='www.dieei.unict.itcorsi', port=80): Max retries exceeded with url: /l-9 (Caused by NewConnectionError('<urllib3.connection.HTTPConnection object at 0x7fd72def8320>: Failed to establish a new connection: [Errno -2] Name or service not known',))
HTTPConnectionPool(host='www.dieei.unict.itcorsi', port=80): Max retries exceeded with url: /l-8-inf (Caused by NewConnectionError('<urllib3.connection.HTTPConnection object at 0x7fd72def8668>: Failed to establish a new connection: [Errno -2] Name or service not known',))
HTTPConnectionPool(host='www.dieei.unict.itcorsi', port=80): Max retries exceeded with url: /lm-25 (Caused by NewConnectionError('<urllib3.connection.HTTPConnection object at 0x7fd72def8d30>: Failed to establish a new connection: [Errno -2] Name or service not known',))
HTTPConnectionPool(host='www.dieei.unict.itcorsi', port=80): Max retries exceeded with url: /lm-28 (Caused by NewConnectionError('<urllib3.connection.HTTPConnection object at 0x7fd72def8860>: Failed to establish a new connection: [Errno -2] Name or service not known',))
HTTPConnectionPool(host='www.dieei.unict.itcorsi', port=80): Max retries exceeded with url: /lm-29 (Caused by NewConnectionError('<urllib3.connection.HTTPConnection object at 0x7fd72def8e80>: Failed to establish a new connection: [Errno -2] Name or service not known',))
HTTPConnectionPool(host='www.dieei.unict.itcorsi', port=80): Max retries exceeded with url: /lm-27 (Caused by NewConnectionError('<urllib3.connection.HTTPConnection object at 0x7fd72def8b70>: Failed to establish a new connection: [Errno -2] Name or service not known',))
HTTPConnectionPool(host='www.dieei.unict.itcorsi', port=80): Max retries exceeded with url: /lm-32 (Caused by NewConnectionError('<urllib3.connection.HTTPConnection object at 0x7fd72def8358>: Failed to establish a new connection: [Errno -2] Name or service not known',))
HTTPConnectionPool(host='www.dieei.unict.itcorsi', port=80): Max retries exceeded with url: /l-8-ele (Caused by NewConnectionError('<urllib3.connection.HTTPConnection object at 0x7fd72de89fd0>: Failed to establish a new connection: [Errno -2] Name or service not known',))
HTTPConnectionPool(host='www.dieei.unict.itcorsi', port=80): Max retries exceeded with url: /l-9 (Caused by NewConnectionError('<urllib3.connection.HTTPConnection object at 0x7fd71d4b7fd0>: Failed to establish a new connection: [Errno -2] Name or service not known',))
HTTPConnectionPool(host='www.dieei.unict.itcorsi', port=80): Max retries exceeded with url: /l-8-inf (Caused by NewConnectionError('<urllib3.connection.HTTPConnection object at 0x7fd71d4b76d8>: Failed to establish a new connection: [Errno -2] Name or service not known',))
HTTPConnectionPool(host='www.dieei.unict.itcorsi', port=80): Max retries exceeded with url: /lm-25 (Caused by NewConnectionError('<urllib3.connection.HTTPConnection object at 0x7fd71d43a8d0>: Failed to establish a new connection: [Errno -2] Name or service not known',))
HTTPConnectionPool(host='www.dieei.unict.itcorsi', port=80): Max retries exceeded with url: /lm-28 (Caused by NewConnectionError('<urllib3.connection.HTTPConnection object at 0x7fd71d43a9b0>: Failed to establish a new connection: [Errno -2] Name or service not known',))
HTTPConnectionPool(host='www.dieei.unict.itcorsi', port=80): Max retries exceeded with url: /lm-29 (Caused by NewConnectionError('<urllib3.connection.HTTPConnection object at 0x7fd71d4b7710>: Failed to establish a new connection: [Errno -2] Name or service not known',))
HTTPConnectionPool(host='www.dieei.unict.itcorsi', port=80): Max retries exceeded with url: /lm-27 (Caused by NewConnectionError('<urllib3.connection.HTTPConnection object at 0x7fd71d4b7710>: Failed to establish a new connection: [Errno -2] Name or service not known',))
HTTPConnectionPool(host='www.dieei.unict.itcorsi', port=80): Max retries exceeded with url: /lm-32 (Caused by NewConnectionError('<urllib3.connection.HTTPConnection object at 0x7fd71d4b7fd0>: Failed to establish a new connection: [Errno -2] Name or service not known',))
HTTPConnectionPool(host='web.dmi.unict.itcorsi', port=80): Max retries exceeded with url: /l-31 (Caused by NewConnectionError('<urllib3.connection.HTTPConnection object at 0x7f7ac82e24e0>: Failed to establish a new connection: [Errno -2] Name or service not known',))
HTTPConnectionPool(host='web.dmi.unict.itcorsi', port=80): Max retries exceeded with url: /l-35 (Caused by NewConnectionError('<urllib3.connection.HTTPConnection object at 0x7f7ac82e2588>: Failed to establish a new connection: [Errno -2] Name or service not known',))
HTTPConnectionPool(host='web.dmi.unict.itcorsi', port=80): Max retries exceeded with url: /lm-18 (Caused by NewConnectionError('<urllib3.connection.HTTPConnection object at 0x7f7ac82b4e48>: Failed to establish a new connection: [Errno -2] Name or service not known',))
HTTPConnectionPool(host='web.dmi.unict.itcorsi', port=80): Max retries exceeded with url: /lm-40 (Caused by NewConnectionError('<urllib3.connection.HTTPConnection object at 0x7f7ac82e2240>: Failed to establish a new connection: [Errno -2] Name or service not known',))
'NoneType' object has no attribute 'find_all'
HTTPConnectionPool(host='web.dmi.unict.itcorsi', port=80): Max retries exceeded with url: /l-31 (Caused by NewConnectionError('<urllib3.connection.HTTPConnection object at 0x7f7ac819ab00>: Failed to establish a new connection: [Errno -2] Name or service not known',))
HTTPConnectionPool(host='web.dmi.unict.itcorsi', port=80): Max retries exceeded with url: /l-35 (Caused by NewConnectionError('<urllib3.connection.HTTPConnection object at 0x7f7ac819ab00>: Failed to establish a new connection: [Errno -2] Name or service not known',))
HTTPConnectionPool(host='web.dmi.unict.itcorsi', port=80): Max retries exceeded with url: /lm-18 (Caused by NewConnectionError('<urllib3.connection.HTTPConnection object at 0x7f7ac819ab00>: Failed to establish a new connection: [Errno -2] Name or service not known',))
HTTPConnectionPool(host='web.dmi.unict.itcorsi', port=80): Max retries exceeded with url: /lm-40 (Caused by NewConnectionError('<urllib3.connection.HTTPConnection object at 0x7f7ac819ab00>: Failed to establish a new connection: [Errno -2] Name or service not known',))
'NoneType' object has no attribute 'find_all'
HTTPConnectionPool(host='www.dieei.unict.itcorsi', port=80): Max retries exceeded with url: /l-8-ele (Caused by NewConnectionError('<urllib3.connection.HTTPConnection object at 0x7f7aca9c3710>: Failed to establish a new connection: [Errno -2] Name or service not known',))
HTTPConnectionPool(host='www.dieei.unict.itcorsi', port=80): Max retries exceeded with url: /l-9 (Caused by NewConnectionError('<urllib3.connection.HTTPConnection object at 0x7f7aca9c3cf8>: Failed to establish a new connection: [Errno -2] Name or service not known',))
HTTPConnectionPool(host='www.dieei.unict.itcorsi', port=80): Max retries exceeded with url: /l-8-inf (Caused by NewConnectionError('<urllib3.connection.HTTPConnection object at 0x7f7aca9c3898>: Failed to establish a new connection: [Errno -2] Name or service not known',))
HTTPConnectionPool(host='www.dieei.unict.itcorsi', port=80): Max retries exceeded with url: /lm-25 (Caused by NewConnectionError('<urllib3.connection.HTTPConnection object at 0x7f7aca9c37f0>: Failed to establish a new connection: [Errno -2] Name or service not known',))
HTTPConnectionPool(host='www.dieei.unict.itcorsi', port=80): Max retries exceeded with url: /lm-28 (Caused by NewConnectionError('<urllib3.connection.HTTPConnection object at 0x7f7aca9c3cf8>: Failed to establish a new connection: [Errno -2] Name or service not known',))
HTTPConnectionPool(host='www.dieei.unict.itcorsi', port=80): Max retries exceeded with url: /lm-29 (Caused by NewConnectionError('<urllib3.connection.HTTPConnection object at 0x7f7ac806aeb8>: Failed to establish a new connection: [Errno -2] Name or service not known',))
HTTPConnectionPool(host='www.dieei.unict.itcorsi', port=80): Max retries exceeded with url: /lm-27 (Caused by NewConnectionError('<urllib3.connection.HTTPConnection object at 0x7f7aca9c3cf8>: Failed to establish a new connection: [Errno -2] Name or service not known',))
HTTPConnectionPool(host='www.dieei.unict.itcorsi', port=80): Max retries exceeded with url: /lm-32 (Caused by NewConnectionError('<urllib3.connection.HTTPConnection object at 0x7f7ac806ae80>: Failed to establish a new connection: [Errno -2] Name or service not known',))
HTTPConnectionPool(host='www.dieei.unict.itcorsi', port=80): Max retries exceeded with url: /l-8-ele (Caused by NewConnectionError('<urllib3.connection.HTTPConnection object at 0x7f7ac8137f60>: Failed to establish a new connection: [Errno -2] Name or service not known',))
HTTPConnectionPool(host='www.dieei.unict.itcorsi', port=80): Max retries exceeded with url: /l-9 (Caused by NewConnectionError('<urllib3.connection.HTTPConnection object at 0x7f7ac8137ba8>: Failed to establish a new connection: [Errno -2] Name or service not known',))
HTTPConnectionPool(host='www.dieei.unict.itcorsi', port=80): Max retries exceeded with url: /l-8-inf (Caused by NewConnectionError('<urllib3.connection.HTTPConnection object at 0x7f7ac81377b8>: Failed to establish a new connection: [Errno -2] Name or service not known',))
HTTPConnectionPool(host='www.dieei.unict.itcorsi', port=80): Max retries exceeded with url: /lm-25 (Caused by NewConnectionError('<urllib3.connection.HTTPConnection object at 0x7f7ac81379e8>: Failed to establish a new connection: [Errno -2] Name or service not known',))
HTTPConnectionPool(host='www.dieei.unict.itcorsi', port=80): Max retries exceeded with url: /lm-28 (Caused by NewConnectionError('<urllib3.connection.HTTPConnection object at 0x7f7ac81378d0>: Failed to establish a new connection: [Errno -2] Name or service not known',))
HTTPConnectionPool(host='www.dieei.unict.itcorsi', port=80): Max retries exceeded with url: /lm-29 (Caused by NewConnectionError('<urllib3.connection.HTTPConnection object at 0x7f7ac8137a20>: Failed to establish a new connection: [Errno -2] Name or service not known',))
HTTPConnectionPool(host='www.dieei.unict.itcorsi', port=80): Max retries exceeded with url: /lm-27 (Caused by NewConnectionError('<urllib3.connection.HTTPConnection object at 0x7f7ac81377b8>: Failed to establish a new connection: [Errno -2] Name or service not known',))
HTTPConnectionPool(host='www.dieei.unict.itcorsi', port=80): Max retries exceeded with url: /lm-32 (Caused by NewConnectionError('<urllib3.connection.HTTPConnection object at 0x7f7ab9e0c048>: Failed to establish a new connection: [Errno -2] Name or service not known',))
HTTPConnectionPool(host='web.dmi.unict.itcorsi', port=80): Max retries exceeded with url: /l-31 (Caused by NewConnectionError('<urllib3.connection.HTTPConnection object at 0x7efc8809b550>: Failed to establish a new connection: [Errno -2] Name or service not known',))
HTTPConnectionPool(host='web.dmi.unict.itcorsi', port=80): Max retries exceeded with url: /l-35 (Caused by NewConnectionError('<urllib3.connection.HTTPConnection object at 0x7efc8809b5f8>: Failed to establish a new connection: [Errno -2] Name or service not known',))
HTTPConnectionPool(host='web.dmi.unict.itcorsi', port=80): Max retries exceeded with url: /lm-18 (Caused by NewConnectionError('<urllib3.connection.HTTPConnection object at 0x7efc8809b2b0>: Failed to establish a new connection: [Errno -2] Name or service not known',))
HTTPConnectionPool(host='web.dmi.unict.itcorsi', port=80): Max retries exceeded with url: /lm-40 (Caused by NewConnectionError('<urllib3.connection.HTTPConnection object at 0x7efc8809b2e8>: Failed to establish a new connection: [Errno -2] Name or service not known',))
'NoneType' object has no attribute 'find_all'
HTTPConnectionPool(host='web.dmi.unict.itcorsi', port=80): Max retries exceeded with url: /l-31 (Caused by NewConnectionError('<urllib3.connection.HTTPConnection object at 0x7efc80f055c0>: Failed to establish a new connection: [Errno -2] Name or service not known',))
HTTPConnectionPool(host='web.dmi.unict.itcorsi', port=80): Max retries exceeded with url: /l-35 (Caused by NewConnectionError('<urllib3.connection.HTTPConnection object at 0x7efc80f055c0>: Failed to establish a new connection: [Errno -2] Name or service not known',))
HTTPConnectionPool(host='web.dmi.unict.itcorsi', port=80): Max retries exceeded with url: /lm-18 (Caused by NewConnectionError('<urllib3.connection.HTTPConnection object at 0x7efc80f055c0>: Failed to establish a new connection: [Errno -2] Name or service not known',))
HTTPConnectionPool(host='web.dmi.unict.itcorsi', port=80): Max retries exceeded with url: /lm-40 (Caused by NewConnectionError('<urllib3.connection.HTTPConnection object at 0x7efc80f055c0>: Failed to establish a new connection: [Errno -2] Name or service not known',))
'NoneType' object has no attribute 'find_all'
HTTPConnectionPool(host='www.dieei.unict.itcorsi', port=80): Max retries exceeded with url: /l-8-ele (Caused by NewConnectionError('<urllib3.connection.HTTPConnection object at 0x7efc80e21a58>: Failed to establish a new connection: [Errno -2] Name or service not known',))
HTTPConnectionPool(host='www.dieei.unict.itcorsi', port=80): Max retries exceeded with url: /l-9 (Caused by NewConnectionError('<urllib3.connection.HTTPConnection object at 0x7efc80e21390>: Failed to establish a new connection: [Errno -2] Name or service not known',))
HTTPConnectionPool(host='www.dieei.unict.itcorsi', port=80): Max retries exceeded with url: /l-8-inf (Caused by NewConnectionError('<urllib3.connection.HTTPConnection object at 0x7efc80e21c50>: Failed to establish a new connection: [Errno -2] Name or service not known',))
HTTPConnectionPool(host='www.dieei.unict.itcorsi', port=80): Max retries exceeded with url: /lm-25 (Caused by NewConnectionError('<urllib3.connection.HTTPConnection object at 0x7efc80e216d8>: Failed to establish a new connection: [Errno -2] Name or service not known',))
HTTPConnectionPool(host='www.dieei.unict.itcorsi', port=80): Max retries exceeded with url: /lm-28 (Caused by NewConnectionError('<urllib3.connection.HTTPConnection object at 0x7efc80e21be0>: Failed to establish a new connection: [Errno -2] Name or service not known',))
HTTPConnectionPool(host='www.dieei.unict.itcorsi', port=80): Max retries exceeded with url: /lm-29 (Caused by NewConnectionError('<urllib3.connection.HTTPConnection object at 0x7efc80e21470>: Failed to establish a new connection: [Errno -2] Name or service not known',))
HTTPConnectionPool(host='www.dieei.unict.itcorsi', port=80): Max retries exceeded with url: /lm-27 (Caused by NewConnectionError('<urllib3.connection.HTTPConnection object at 0x7efc80e214a8>: Failed to establish a new connection: [Errno -2] Name or service not known',))
HTTPConnectionPool(host='www.dieei.unict.itcorsi', port=80): Max retries exceeded with url: /lm-32 (Caused by NewConnectionError('<urllib3.connection.HTTPConnection object at 0x7efc80e21588>: Failed to establish a new connection: [Errno -2] Name or service not known',))
HTTPConnectionPool(host='www.dieei.unict.itcorsi', port=80): Max retries exceeded with url: /l-8-ele (Caused by NewConnectionError('<urllib3.connection.HTTPConnection object at 0x7efc80b71cc0>: Failed to establish a new connection: [Errno -2] Name or service not known',))
HTTPConnectionPool(host='www.dieei.unict.itcorsi', port=80): Max retries exceeded with url: /l-9 (Caused by NewConnectionError('<urllib3.connection.HTTPConnection object at 0x7efc80f93cc0>: Failed to establish a new connection: [Errno -2] Name or service not known',))
HTTPConnectionPool(host='www.dieei.unict.itcorsi', port=80): Max retries exceeded with url: /l-8-inf (Caused by NewConnectionError('<urllib3.connection.HTTPConnection object at 0x7efc80f93be0>: Failed to establish a new connection: [Errno -2] Name or service not known',))
HTTPConnectionPool(host='www.dieei.unict.itcorsi', port=80): Max retries exceeded with url: /lm-25 (Caused by NewConnectionError('<urllib3.connection.HTTPConnection object at 0x7efc80ddd4e0>: Failed to establish a new connection: [Errno -2] Name or service not known',))
HTTPConnectionPool(host='www.dieei.unict.itcorsi', port=80): Max retries exceeded with url: /lm-28 (Caused by NewConnectionError('<urllib3.connection.HTTPConnection object at 0x7efc80ddda58>: Failed to establish a new connection: [Errno -2] Name or service not known',))
HTTPConnectionPool(host='www.dieei.unict.itcorsi', port=80): Max retries exceeded with url: /lm-29 (Caused by NewConnectionError('<urllib3.connection.HTTPConnection object at 0x7efc80dddb00>: Failed to establish a new connection: [Errno -2] Name or service not known',))
HTTPConnectionPool(host='www.dieei.unict.itcorsi', port=80): Max retries exceeded with url: /lm-27 (Caused by NewConnectionError('<urllib3.connection.HTTPConnection object at 0x7efc80dddc50>: Failed to establish a new connection: [Errno -2] Name or service not known',))
HTTPConnectionPool(host='www.dieei.unict.itcorsi', port=80): Max retries exceeded with url: /lm-32 (Caused by NewConnectionError('<urllib3.connection.HTTPConnection object at 0x7efc80ddd4e0>: Failed to establish a new connection: [Errno -2] Name or service not known',))
HTTPConnectionPool(host='web.dmi.unict.itcorsi', port=80): Max retries exceeded with url: /l-31 (Caused by NewConnectionError('<urllib3.connection.HTTPConnection object at 0x7ff6681554e0>: Failed to establish a new connection: [Errno -2] Name or service not known',))
HTTPConnectionPool(host='web.dmi.unict.itcorsi', port=80): Max retries exceeded with url: /l-35 (Caused by NewConnectionError('<urllib3.connection.HTTPConnection object at 0x7ff668155588>: Failed to establish a new connection: [Errno -2] Name or service not known',))
HTTPConnectionPool(host='web.dmi.unict.itcorsi', port=80): Max retries exceeded with url: /lm-18 (Caused by NewConnectionError('<urllib3.connection.HTTPConnection object at 0x7ff668155240>: Failed to establish a new connection: [Errno -2] Name or service not known',))
HTTPConnectionPool(host='web.dmi.unict.itcorsi', port=80): Max retries exceeded with url: /lm-40 (Caused by NewConnectionError('<urllib3.connection.HTTPConnection object at 0x7ff668155278>: Failed to establish a new connection: [Errno -2] Name or service not known',))
'NoneType' object has no attribute 'find_all'
HTTPConnectionPool(host='web.dmi.unict.itcorsi', port=80): Max retries exceeded with url: /l-31 (Caused by NewConnectionError('<urllib3.connection.HTTPConnection object at 0x7ff668120b00>: Failed to establish a new connection: [Errno -2] Name or service not known',))
HTTPConnectionPool(host='web.dmi.unict.itcorsi', port=80): Max retries exceeded with url: /l-35 (Caused by NewConnectionError('<urllib3.connection.HTTPConnection object at 0x7ff668120c88>: Failed to establish a new connection: [Errno -2] Name or service not known',))
HTTPConnectionPool(host='web.dmi.unict.itcorsi', port=80): Max retries exceeded with url: /lm-18 (Caused by NewConnectionError('<urllib3.connection.HTTPConnection object at 0x7ff668120f60>: Failed to establish a new connection: [Errno -2] Name or service not known',))
HTTPConnectionPool(host='web.dmi.unict.itcorsi', port=80): Max retries exceeded with url: /lm-40 (Caused by NewConnectionError('<urllib3.connection.HTTPConnection object at 0x7ff668120ac8>: Failed to establish a new connection: [Errno -2] Name or service not known',))
'NoneType' object has no attribute 'find_all'
HTTPConnectionPool(host='www.dieei.unict.itcorsi', port=80): Max retries exceeded with url: /l-8-ele (Caused by NewConnectionError('<urllib3.connection.HTTPConnection object at 0x7ff668067978>: Failed to establish a new connection: [Errno -2] Name or service not known',))
HTTPConnectionPool(host='www.dieei.unict.itcorsi', port=80): Max retries exceeded with url: /l-9 (Caused by NewConnectionError('<urllib3.connection.HTTPConnection object at 0x7ff65974f1d0>: Failed to establish a new connection: [Errno -2] Name or service not known',))
HTTPConnectionPool(host='www.dieei.unict.itcorsi', port=80): Max retries exceeded with url: /l-8-inf (Caused by NewConnectionError('<urllib3.connection.HTTPConnection object at 0x7ff65974f160>: Failed to establish a new connection: [Errno -2] Name or service not known',))
HTTPConnectionPool(host='www.dieei.unict.itcorsi', port=80): Max retries exceeded with url: /lm-25 (Caused by NewConnectionError('<urllib3.connection.HTTPConnection object at 0x7ff668067e48>: Failed to establish a new connection: [Errno -2] Name or service not known',))
HTTPConnectionPool(host='www.dieei.unict.itcorsi', port=80): Max retries exceeded with url: /lm-28 (Caused by NewConnectionError('<urllib3.connection.HTTPConnection object at 0x7ff668067a90>: Failed to establish a new connection: [Errno -2] Name or service not known',))
HTTPConnectionPool(host='www.dieei.unict.itcorsi', port=80): Max retries exceeded with url: /lm-29 (Caused by NewConnectionError('<urllib3.connection.HTTPConnection object at 0x7ff668067e48>: Failed to establish a new connection: [Errno -2] Name or service not known',))
HTTPConnectionPool(host='www.dieei.unict.itcorsi', port=80): Max retries exceeded with url: /lm-27 (Caused by NewConnectionError('<urllib3.connection.HTTPConnection object at 0x7ff6594e50b8>: Failed to establish a new connection: [Errno -2] Name or service not known',))
HTTPConnectionPool(host='www.dieei.unict.itcorsi', port=80): Max retries exceeded with url: /lm-32 (Caused by NewConnectionError('<urllib3.connection.HTTPConnection object at 0x7ff6594e5c88>: Failed to establish a new connection: [Errno -2] Name or service not known',))
HTTPConnectionPool(host='www.dieei.unict.itcorsi', port=80): Max retries exceeded with url: /l-8-ele (Caused by NewConnectionError('<urllib3.connection.HTTPConnection object at 0x7ff6680fdc18>: Failed to establish a new connection: [Errno -2] Name or service not known',))
HTTPConnectionPool(host='www.dieei.unict.itcorsi', port=80): Max retries exceeded with url: /l-9 (Caused by NewConnectionError('<urllib3.connection.HTTPConnection object at 0x7ff6680fd5c0>: Failed to establish a new connection: [Errno -2] Name or service not known',))
HTTPConnectionPool(host='www.dieei.unict.itcorsi', port=80): Max retries exceeded with url: /l-8-inf (Caused by NewConnectionError('<urllib3.connection.HTTPConnection object at 0x7ff6680fdac8>: Failed to establish a new connection: [Errno -2] Name or service not known',))
HTTPConnectionPool(host='www.dieei.unict.itcorsi', port=80): Max retries exceeded with url: /lm-25 (Caused by NewConnectionError('<urllib3.connection.HTTPConnection object at 0x7ff659706b38>: Failed to establish a new connection: [Errno -2] Name or service not known',))
HTTPConnectionPool(host='www.dieei.unict.itcorsi', port=80): Max retries exceeded with url: /lm-28 (Caused by NewConnectionError('<urllib3.connection.HTTPConnection object at 0x7ff659706630>: Failed to establish a new connection: [Errno -2] Name or service not known',))
HTTPConnectionPool(host='www.dieei.unict.itcorsi', port=80): Max retries exceeded with url: /lm-29 (Caused by NewConnectionError('<urllib3.connection.HTTPConnection object at 0x7ff6680fd860>: Failed to establish a new connection: [Errno -2] Name or service not known',))
HTTPConnectionPool(host='www.dieei.unict.itcorsi', port=80): Max retries exceeded with url: /lm-27 (Caused by NewConnectionError('<urllib3.connection.HTTPConnection object at 0x7ff6680fd940>: Failed to establish a new connection: [Errno -2] Name or service not known',))
HTTPConnectionPool(host='www.dieei.unict.itcorsi', port=80): Max retries exceeded with url: /lm-32 (Caused by NewConnectionError('<urllib3.connection.HTTPConnection object at 0x7ff6595aa400>: Failed to establish a new connection: [Errno -2] Name or service not known',))
HTTPConnectionPool(host='web.dmi.unict.itcorsi', port=80): Max retries exceeded with url: /l-31 (Caused by NewConnectionError('<urllib3.connection.HTTPConnection object at 0x7f2e9cdac040>: Failed to establish a new connection: [Errno -2] Name or service not known'))
HTTPConnectionPool(host='web.dmi.unict.itcorsi', port=80): Max retries exceeded with url: /l-35 (Caused by NewConnectionError('<urllib3.connection.HTTPConnection object at 0x7f2e9cda9040>: Failed to establish a new connection: [Errno -2] Name or service not known'))
HTTPConnectionPool(host='web.dmi.unict.itcorsi', port=80): Max retries exceeded with url: /lm-18 (Caused by NewConnectionError('<urllib3.connection.HTTPConnection object at 0x7f2e9cda9070>: Failed to establish a new connection: [Errno -2] Name or service not known'))
HTTPConnectionPool(host='web.dmi.unict.itcorsi', port=80): Max retries exceeded with url: /lm-40 (Caused by NewConnectionError('<urllib3.connection.HTTPConnection object at 0x7f2e9cda9040>: Failed to establish a new connection: [Errno -2] Name or service not known'))
'NoneType' object has no attribute 'find_all'
HTTPConnectionPool(host='web.dmi.unict.itcorsi', port=80): Max retries exceeded with url: /l-31 (Caused by NewConnectionError('<urllib3.connection.HTTPConnection object at 0x7f2e9ccb6040>: Failed to establish a new connection: [Errno -2] Name or service not known'))
HTTPConnectionPool(host='web.dmi.unict.itcorsi', port=80): Max retries exceeded with url: /l-35 (Caused by NewConnectionError('<urllib3.connection.HTTPConnection object at 0x7f2e9ccb6070>: Failed to establish a new connection: [Errno -2] Name or service not known'))
HTTPConnectionPool(host='web.dmi.unict.itcorsi', port=80): Max retries exceeded with url: /lm-18 (Caused by NewConnectionError('<urllib3.connection.HTTPConnection object at 0x7f2e9ccb60a0>: Failed to establish a new connection: [Errno -2] Name or service not known'))
HTTPConnectionPool(host='web.dmi.unict.itcorsi', port=80): Max retries exceeded with url: /lm-40 (Caused by NewConnectionError('<urllib3.connection.HTTPConnection object at 0x7f2e9ccb8040>: Failed to establish a new connection: [Errno -2] Name or service not known'))
'NoneType' object has no attribute 'find_all'
HTTPConnectionPool(host='web.dmi.unict.itcorsi', port=80): Max retries exceeded with url: /l-31 (Caused by NewConnectionError('<urllib3.connection.HTTPConnection object at 0x7f16a4462d30>: Failed to establish a new connection: [Errno -2] Name or service not known'))
HTTPConnectionPool(host='web.dmi.unict.itcorsi', port=80): Max retries exceeded with url: /l-35 (Caused by NewConnectionError('<urllib3.connection.HTTPConnection object at 0x7f16a44473d0>: Failed to establish a new connection: [Errno -2] Name or service not known'))
HTTPConnectionPool(host='web.dmi.unict.itcorsi', port=80): Max retries exceeded with url: /lm-18 (Caused by NewConnectionError('<urllib3.connection.HTTPConnection object at 0x7f16a4447280>: Failed to establish a new connection: [Errno -2] Name or service not known'))
HTTPConnectionPool(host='web.dmi.unict.itcorsi', port=80): Max retries exceeded with url: /lm-40 (Caused by NewConnectionError('<urllib3.connection.HTTPConnection object at 0x7f16a4447430>: Failed to establish a new connection: [Errno -2] Name or service not known'))
'NoneType' object has no attribute 'find_all'
HTTPConnectionPool(host='web.dmi.unict.itcorsi', port=80): Max retries exceeded with url: /l-31 (Caused by NewConnectionError('<urllib3.connection.HTTPConnection object at 0x7f16a4433e20>: Failed to establish a new connection: [Errno -2] Name or service not known'))
HTTPConnectionPool(host='web.dmi.unict.itcorsi', port=80): Max retries exceeded with url: /l-35 (Caused by NewConnectionError('<urllib3.connection.HTTPConnection object at 0x7f16a4433d30>: Failed to establish a new connection: [Errno -2] Name or service not known'))
HTTPConnectionPool(host='web.dmi.unict.itcorsi', port=80): Max retries exceeded with url: /lm-18 (Caused by NewConnectionError('<urllib3.connection.HTTPConnection object at 0x7f16a4433c10>: Failed to establish a new connection: [Errno -2] Name or service not known'))
HTTPConnectionPool(host='web.dmi.unict.itcorsi', port=80): Max retries exceeded with url: /lm-40 (Caused by NewConnectionError('<urllib3.connection.HTTPConnection object at 0x7f16a4502370>: Failed to establish a new connection: [Errno -2] Name or service not known'))
'NoneType' object has no attribute 'find_all'
HTTPConnectionPool(host='www.dieei.unict.itcorsi', port=80): Max retries exceeded with url: /l-8-ele (Caused by NewConnectionError('<urllib3.connection.HTTPConnection object at 0x7f2e9cdbd1f0>: Failed to establish a new connection: [Errno -2] Name or service not known'))
HTTPConnectionPool(host='www.dieei.unict.itcorsi', port=80): Max retries exceeded with url: /l-9 (Caused by NewConnectionError('<urllib3.connection.HTTPConnection object at 0x7f2e9cdbdd00>: Failed to establish a new connection: [Errno -2] Name or service not known'))
HTTPConnectionPool(host='www.dieei.unict.itcorsi', port=80): Max retries exceeded with url: /l-8-inf (Caused by NewConnectionError('<urllib3.connection.HTTPConnection object at 0x7f2e9cdbd550>: Failed to establish a new connection: [Errno -2] Name or service not known'))
HTTPConnectionPool(host='www.dieei.unict.itcorsi', port=80): Max retries exceeded with url: /lm-25 (Caused by NewConnectionError('<urllib3.connection.HTTPConnection object at 0x7f2e9cdbd940>: Failed to establish a new connection: [Errno -2] Name or service not known'))
HTTPConnectionPool(host='www.dieei.unict.itcorsi', port=80): Max retries exceeded with url: /lm-28 (Caused by NewConnectionError('<urllib3.connection.HTTPConnection object at 0x7f2e9cdbd070>: Failed to establish a new connection: [Errno -2] Name or service not known'))
HTTPConnectionPool(host='www.dieei.unict.itcorsi', port=80): Max retries exceeded with url: /lm-29 (Caused by NewConnectionError('<urllib3.connection.HTTPConnection object at 0x7f2e9cdbda90>: Failed to establish a new connection: [Errno -2] Name or service not known'))
HTTPConnectionPool(host='www.dieei.unict.itcorsi', port=80): Max retries exceeded with url: /lm-27 (Caused by NewConnectionError('<urllib3.connection.HTTPConnection object at 0x7f2e9cdbd0a0>: Failed to establish a new connection: [Errno -2] Name or service not known'))
HTTPConnectionPool(host='www.dieei.unict.itcorsi', port=80): Max retries exceeded with url: /lm-32 (Caused by NewConnectionError('<urllib3.connection.HTTPConnection object at 0x7f2e9cdbd580>: Failed to establish a new connection: [Errno -2] Name or service not known'))
HTTPConnectionPool(host='www.dieei.unict.itcorsi', port=80): Max retries exceeded with url: /l-8-ele (Caused by NewConnectionError('<urllib3.connection.HTTPConnection object at 0x7f2e9ca71f70>: Failed to establish a new connection: [Errno -2] Name or service not known'))
HTTPConnectionPool(host='www.dieei.unict.itcorsi', port=80): Max retries exceeded with url: /l-9 (Caused by NewConnectionError('<urllib3.connection.HTTPConnection object at 0x7f2e9ca71d90>: Failed to establish a new connection: [Errno -2] Name or service not known'))
HTTPConnectionPool(host='www.dieei.unict.itcorsi', port=80): Max retries exceeded with url: /l-8-inf (Caused by NewConnectionError('<urllib3.connection.HTTPConnection object at 0x7f2e9ca71ee0>: Failed to establish a new connection: [Errno -2] Name or service not known'))
HTTPConnectionPool(host='www.dieei.unict.itcorsi', port=80): Max retries exceeded with url: /lm-25 (Caused by NewConnectionError('<urllib3.connection.HTTPConnection object at 0x7f2e9ca71e50>: Failed to establish a new connection: [Errno -2] Name or service not known'))
HTTPConnectionPool(host='www.dieei.unict.itcorsi', port=80): Max retries exceeded with url: /lm-28 (Caused by NewConnectionError('<urllib3.connection.HTTPConnection object at 0x7f2e9cc822e0>: Failed to establish a new connection: [Errno -2] Name or service not known'))
HTTPConnectionPool(host='www.dieei.unict.itcorsi', port=80): Max retries exceeded with url: /lm-29 (Caused by NewConnectionError('<urllib3.connection.HTTPConnection object at 0x7f2e9cc82190>: Failed to establish a new connection: [Errno -2] Name or service not known'))
HTTPConnectionPool(host='www.dieei.unict.itcorsi', port=80): Max retries exceeded with url: /lm-27 (Caused by NewConnectionError('<urllib3.connection.HTTPConnection object at 0x7f2e9cc82310>: Failed to establish a new connection: [Errno -2] Name or service not known'))
HTTPConnectionPool(host='www.dieei.unict.itcorsi', port=80): Max retries exceeded with url: /lm-32 (Caused by NewConnectionError('<urllib3.connection.HTTPConnection object at 0x7f2e9cc821c0>: Failed to establish a new connection: [Errno -2] Name or service not known'))
HTTPConnectionPool(host='www.dieei.unict.itcorsi', port=80): Max retries exceeded with url: /l-8-ele (Caused by NewConnectionError('<urllib3.connection.HTTPConnection object at 0x7f16a44ebaf0>: Failed to establish a new connection: [Errno -2] Name or service not known'))
HTTPConnectionPool(host='www.dieei.unict.itcorsi', port=80): Max retries exceeded with url: /l-9 (Caused by NewConnectionError('<urllib3.connection.HTTPConnection object at 0x7f16a44eb820>: Failed to establish a new connection: [Errno -2] Name or service not known'))
HTTPConnectionPool(host='www.dieei.unict.itcorsi', port=80): Max retries exceeded with url: /l-8-inf (Caused by NewConnectionError('<urllib3.connection.HTTPConnection object at 0x7f16a44eb790>: Failed to establish a new connection: [Errno -2] Name or service not known'))
HTTPConnectionPool(host='www.dieei.unict.itcorsi', port=80): Max retries exceeded with url: /lm-25 (Caused by NewConnectionError('<urllib3.connection.HTTPConnection object at 0x7f16a44eb2b0>: Failed to establish a new connection: [Errno -2] Name or service not known'))
HTTPConnectionPool(host='www.dieei.unict.itcorsi', port=80): Max retries exceeded with url: /lm-28 (Caused by NewConnectionError('<urllib3.connection.HTTPConnection object at 0x7f16a44ebbb0>: Failed to establish a new connection: [Errno -2] Name or service not known'))
HTTPConnectionPool(host='www.dieei.unict.itcorsi', port=80): Max retries exceeded with url: /lm-29 (Caused by NewConnectionError('<urllib3.connection.HTTPConnection object at 0x7f16a44ebfa0>: Failed to establish a new connection: [Errno -2] Name or service not known'))
HTTPConnectionPool(host='www.dieei.unict.itcorsi', port=80): Max retries exceeded with url: /lm-27 (Caused by NewConnectionError('<urllib3.connection.HTTPConnection object at 0x7f16a44ebbe0>: Failed to establish a new connection: [Errno -2] Name or service not known'))
HTTPConnectionPool(host='www.dieei.unict.itcorsi', port=80): Max retries exceeded with url: /lm-32 (Caused by NewConnectionError('<urllib3.connection.HTTPConnection object at 0x7f16a44eb940>: Failed to establish a new connection: [Errno -2] Name or service not known'))
HTTPConnectionPool(host='www.dieei.unict.itcorsi', port=80): Max retries exceeded with url: /l-8-ele (Caused by NewConnectionError('<urllib3.connection.HTTPConnection object at 0x7f16a4243430>: Failed to establish a new connection: [Errno -2] Name or service not known'))
HTTPConnectionPool(host='www.dieei.unict.itcorsi', port=80): Max retries exceeded with url: /l-9 (Caused by NewConnectionError('<urllib3.connection.HTTPConnection object at 0x7f16a42432e0>: Failed to establish a new connection: [Errno -2] Name or service not known'))
HTTPConnectionPool(host='www.dieei.unict.itcorsi', port=80): Max retries exceeded with url: /l-8-inf (Caused by NewConnectionError('<urllib3.connection.HTTPConnection object at 0x7f16a4243460>: Failed to establish a new connection: [Errno -2] Name or service not known'))
HTTPConnectionPool(host='www.dieei.unict.itcorsi', port=80): Max retries exceeded with url: /lm-25 (Caused by NewConnectionError('<urllib3.connection.HTTPConnection object at 0x7f16a4243310>: Failed to establish a new connection: [Errno -2] Name or service not known'))
HTTPConnectionPool(host='www.dieei.unict.itcorsi', port=80): Max retries exceeded with url: /lm-28 (Caused by NewConnectionError('<urllib3.connection.HTTPConnection object at 0x7f16a4243340>: Failed to establish a new connection: [Errno -2] Name or service not known'))
HTTPConnectionPool(host='www.dieei.unict.itcorsi', port=80): Max retries exceeded with url: /lm-29 (Caused by NewConnectionError('<urllib3.connection.HTTPConnection object at 0x7f16a4243430>: Failed to establish a new connection: [Errno -2] Name or service not known'))
HTTPConnectionPool(host='www.dieei.unict.itcorsi', port=80): Max retries exceeded with url: /lm-27 (Caused by NewConnectionError('<urllib3.connection.HTTPConnection object at 0x7f16a42432e0>: Failed to establish a new connection: [Errno -2] Name or service not known'))
HTTPConnectionPool(host='www.dieei.unict.itcorsi', port=80): Max retries exceeded with url: /lm-32 (Caused by NewConnectionError('<urllib3.connection.HTTPConnection object at 0x7f16a4243310>: Failed to establish a new connection: [Errno -2] Name or service not known'))
HTTPConnectionPool(host='web.dmi.unict.itcorsi', port=80): Max retries exceeded with url: /l-31 (Caused by NewConnectionError('<urllib3.connection.HTTPConnection object at 0x7f306ef0e550>: Failed to establish a new connection: [Errno -2] Name or service not known',))
HTTPConnectionPool(host='web.dmi.unict.itcorsi', port=80): Max retries exceeded with url: /l-35 (Caused by NewConnectionError('<urllib3.connection.HTTPConnection object at 0x7f306ef0e3c8>: Failed to establish a new connection: [Errno -2] Name or service not known',))
HTTPConnectionPool(host='web.dmi.unict.itcorsi', port=80): Max retries exceeded with url: /lm-18 (Caused by NewConnectionError('<urllib3.connection.HTTPConnection object at 0x7f306ef0e048>: Failed to establish a new connection: [Errno -2] Name or service not known',))
HTTPConnectionPool(host='web.dmi.unict.itcorsi', port=80): Max retries exceeded with url: /lm-40 (Caused by NewConnectionError('<urllib3.connection.HTTPConnection object at 0x7f306eef53c8>: Failed to establish a new connection: [Errno -2] Name or service not known',))
HTTPConnectionPool(host='web.dmi.unict.itcorsi', port=80): Max retries exceeded with url: /l-31 (Caused by NewConnectionError('<urllib3.connection.HTTPConnection object at 0x7f30566db320>: Failed to establish a new connection: [Errno -2] Name or service not known',))
HTTPConnectionPool(host='web.dmi.unict.itcorsi', port=80): Max retries exceeded with url: /l-35 (Caused by NewConnectionError('<urllib3.connection.HTTPConnection object at 0x7f30566db320>: Failed to establish a new connection: [Errno -2] Name or service not known',))
HTTPConnectionPool(host='web.dmi.unict.itcorsi', port=80): Max retries exceeded with url: /lm-18 (Caused by NewConnectionError('<urllib3.connection.HTTPConnection object at 0x7f30566db128>: Failed to establish a new connection: [Errno -2] Name or service not known',))
HTTPConnectionPool(host='web.dmi.unict.itcorsi', port=80): Max retries exceeded with url: /lm-40 (Caused by NewConnectionError('<urllib3.connection.HTTPConnection object at 0x7f30566db0f0>: Failed to establish a new connection: [Errno -2] Name or service not known',))
HTTPConnectionPool(host='www.dieei.unict.itcorsi', port=80): Max retries exceeded with url: /l-8-ele (Caused by NewConnectionError('<urllib3.connection.HTTPConnection object at 0x7f30563aea20>: Failed to establish a new connection: [Errno -2] Name or service not known',))
HTTPConnectionPool(host='www.dieei.unict.itcorsi', port=80): Max retries exceeded with url: /l-9 (Caused by NewConnectionError('<urllib3.connection.HTTPConnection object at 0x7f30563ae470>: Failed to establish a new connection: [Errno -2] Name or service not known',))
HTTPConnectionPool(host='www.dieei.unict.itcorsi', port=80): Max retries exceeded with url: /l-8-inf (Caused by NewConnectionError('<urllib3.connection.HTTPConnection object at 0x7f30563ae898>: Failed to establish a new connection: [Errno -2] Name or service not known',))
HTTPConnectionPool(host='www.dieei.unict.itcorsi', port=80): Max retries exceeded with url: /lm-25 (Caused by NewConnectionError('<urllib3.connection.HTTPConnection object at 0x7f30563ae518>: Failed to establish a new connection: [Errno -2] Name or service not known',))
HTTPConnectionPool(host='www.dieei.unict.itcorsi', port=80): Max retries exceeded with url: /lm-28 (Caused by NewConnectionError('<urllib3.connection.HTTPConnection object at 0x7f30563ae828>: Failed to establish a new connection: [Errno -2] Name or service not known',))
HTTPConnectionPool(host='www.dieei.unict.itcorsi', port=80): Max retries exceeded with url: /lm-29 (Caused by NewConnectionError('<urllib3.connection.HTTPConnection object at 0x7f30563ae748>: Failed to establish a new connection: [Errno -2] Name or service not known',))
HTTPConnectionPool(host='www.dieei.unict.itcorsi', port=80): Max retries exceeded with url: /lm-27 (Caused by NewConnectionError('<urllib3.connection.HTTPConnection object at 0x7f30563aef28>: Failed to establish a new connection: [Errno -2] Name or service not known',))
HTTPConnectionPool(host='www.dieei.unict.itcorsi', port=80): Max retries exceeded with url: /lm-32 (Caused by NewConnectionError('<urllib3.connection.HTTPConnection object at 0x7f30563ae438>: Failed to establish a new connection: [Errno -2] Name or service not known',))
HTTPConnectionPool(host='www.dieei.unict.itcorsi', port=80): Max retries exceeded with url: /l-8-ele (Caused by NewConnectionError('<urllib3.connection.HTTPConnection object at 0x7f30567eac50>: Failed to establish a new connection: [Errno -2] Name or service not known',))
HTTPConnectionPool(host='www.dieei.unict.itcorsi', port=80): Max retries exceeded with url: /l-9 (Caused by NewConnectionError('<urllib3.connection.HTTPConnection object at 0x7f30567eac88>: Failed to establish a new connection: [Errno -2] Name or service not known',))
HTTPConnectionPool(host='www.dieei.unict.itcorsi', port=80): Max retries exceeded with url: /l-8-inf (Caused by NewConnectionError('<urllib3.connection.HTTPConnection object at 0x7f30567eaa20>: Failed to establish a new connection: [Errno -2] Name or service not known',))
HTTPConnectionPool(host='www.dieei.unict.itcorsi', port=80): Max retries exceeded with url: /lm-25 (Caused by NewConnectionError('<urllib3.connection.HTTPConnection object at 0x7f30567eacf8>: Failed to establish a new connection: [Errno -2] Name or service not known',))
HTTPConnectionPool(host='www.dieei.unict.itcorsi', port=80): Max retries exceeded with url: /lm-28 (Caused by NewConnectionError('<urllib3.connection.HTTPConnection object at 0x7f30567efb38>: Failed to establish a new connection: [Errno -2] Name or service not known',))
HTTPConnectionPool(host='www.dieei.unict.itcorsi', port=80): Max retries exceeded with url: /lm-29 (Caused by NewConnectionError('<urllib3.connection.HTTPConnection object at 0x7f30567eae80>: Failed to establish a new connection: [Errno -2] Name or service not known',))
HTTPConnectionPool(host='www.dieei.unict.itcorsi', port=80): Max retries exceeded with url: /lm-27 (Caused by NewConnectionError('<urllib3.connection.HTTPConnection object at 0x7f30566063c8>: Failed to establish a new connection: [Errno -2] Name or service not known',))
HTTPConnectionPool(host='www.dieei.unict.itcorsi', port=80): Max retries exceeded with url: /lm-32 (Caused by NewConnectionError('<urllib3.connection.HTTPConnection object at 0x7f30567eae48>: Failed to establish a new connection: [Errno -2] Name or service not known',))
HTTPConnectionPool(host='web.dmi.unict.itcorsi', port=80): Max retries exceeded with url: /l-31 (Caused by NewConnectionError('<urllib3.connection.HTTPConnection object at 0x7f25e8721cf8>: Failed to establish a new connection: [Errno -2] Name or service not known',))
HTTPConnectionPool(host='web.dmi.unict.itcorsi', port=80): Max retries exceeded with url: /l-35 (Caused by NewConnectionError('<urllib3.connection.HTTPConnection object at 0x7f25e8721cc0>: Failed to establish a new connection: [Errno -2] Name or service not known',))
HTTPConnectionPool(host='web.dmi.unict.itcorsi', port=80): Max retries exceeded with url: /lm-18 (Caused by NewConnectionError('<urllib3.connection.HTTPConnection object at 0x7f25e8721dd8>: Failed to establish a new connection: [Errno -2] Name or service not known',))
HTTPConnectionPool(host='web.dmi.unict.itcorsi', port=80): Max retries exceeded with url: /lm-40 (Caused by NewConnectionError('<urllib3.connection.HTTPConnection object at 0x7f25e8721e48>: Failed to establish a new connection: [Errno -2] Name or service not known',))
HTTPConnectionPool(host='web.dmi.unict.itcorsi', port=80): Max retries exceeded with url: /l-31 (Caused by NewConnectionError('<urllib3.connection.HTTPConnection object at 0x7f25e862f320>: Failed to establish a new connection: [Errno -2] Name or service not known',))
HTTPConnectionPool(host='web.dmi.unict.itcorsi', port=80): Max retries exceeded with url: /l-35 (Caused by NewConnectionError('<urllib3.connection.HTTPConnection object at 0x7f25e862f128>: Failed to establish a new connection: [Errno -2] Name or service not known',))
HTTPConnectionPool(host='web.dmi.unict.itcorsi', port=80): Max retries exceeded with url: /lm-18 (Caused by NewConnectionError('<urllib3.connection.HTTPConnection object at 0x7f25e8632320>: Failed to establish a new connection: [Errno -2] Name or service not known',))
HTTPConnectionPool(host='web.dmi.unict.itcorsi', port=80): Max retries exceeded with url: /lm-40 (Caused by NewConnectionError('<urllib3.connection.HTTPConnection object at 0x7f25e8632128>: Failed to establish a new connection: [Errno -2] Name or service not known',))
HTTPConnectionPool(host='www.dieei.unict.itcorsi', port=80): Max retries exceeded with url: /l-8-ele (Caused by NewConnectionError('<urllib3.connection.HTTPConnection object at 0x7f25e84d74e0>: Failed to establish a new connection: [Errno -2] Name or service not known',))
HTTPConnectionPool(host='www.dieei.unict.itcorsi', port=80): Max retries exceeded with url: /l-9 (Caused by NewConnectionError('<urllib3.connection.HTTPConnection object at 0x7f25e84d7358>: Failed to establish a new connection: [Errno -2] Name or service not known',))
HTTPConnectionPool(host='www.dieei.unict.itcorsi', port=80): Max retries exceeded with url: /l-8-inf (Caused by NewConnectionError('<urllib3.connection.HTTPConnection object at 0x7f25e84d74e0>: Failed to establish a new connection: [Errno -2] Name or service not known',))
HTTPConnectionPool(host='www.dieei.unict.itcorsi', port=80): Max retries exceeded with url: /lm-25 (Caused by NewConnectionError('<urllib3.connection.HTTPConnection object at 0x7f25e84d72e8>: Failed to establish a new connection: [Errno -2] Name or service not known',))
HTTPConnectionPool(host='www.dieei.unict.itcorsi', port=80): Max retries exceeded with url: /lm-28 (Caused by NewConnectionError('<urllib3.connection.HTTPConnection object at 0x7f25e84d7240>: Failed to establish a new connection: [Errno -2] Name or service not known',))
HTTPConnectionPool(host='www.dieei.unict.itcorsi', port=80): Max retries exceeded with url: /lm-29 (Caused by NewConnectionError('<urllib3.connection.HTTPConnection object at 0x7f25e9e1acc0>: Failed to establish a new connection: [Errno -2] Name or service not known',))
HTTPConnectionPool(host='www.dieei.unict.itcorsi', port=80): Max retries exceeded with url: /lm-27 (Caused by NewConnectionError('<urllib3.connection.HTTPConnection object at 0x7f25e9e1a2b0>: Failed to establish a new connection: [Errno -2] Name or service not known',))
HTTPConnectionPool(host='www.dieei.unict.itcorsi', port=80): Max retries exceeded with url: /lm-32 (Caused by NewConnectionError('<urllib3.connection.HTTPConnection object at 0x7f25e9e1ac50>: Failed to establish a new connection: [Errno -2] Name or service not known',))
HTTPConnectionPool(host='www.dieei.unict.itcorsi', port=80): Max retries exceeded with url: /l-8-ele (Caused by NewConnectionError('<urllib3.connection.HTTPConnection object at 0x7f25e83de908>: Failed to establish a new connection: [Errno -2] Name or service not known',))
HTTPConnectionPool(host='www.dieei.unict.itcorsi', port=80): Max retries exceeded with url: /l-9 (Caused by NewConnectionError('<urllib3.connection.HTTPConnection object at 0x7f25e83de240>: Failed to establish a new connection: [Errno -2] Name or service not known',))
HTTPConnectionPool(host='www.dieei.unict.itcorsi', port=80): Max retries exceeded with url: /l-8-inf (Caused by NewConnectionError('<urllib3.connection.HTTPConnection object at 0x7f25e83de898>: Failed to establish a new connection: [Errno -2] Name or service not known',))
HTTPConnectionPool(host='www.dieei.unict.itcorsi', port=80): Max retries exceeded with url: /lm-25 (Caused by NewConnectionError('<urllib3.connection.HTTPConnection object at 0x7f25e83de668>: Failed to establish a new connection: [Errno -2] Name or service not known',))
HTTPConnectionPool(host='www.dieei.unict.itcorsi', port=80): Max retries exceeded with url: /lm-28 (Caused by NewConnectionError('<urllib3.connection.HTTPConnection object at 0x7f25e83de5f8>: Failed to establish a new connection: [Errno -2] Name or service not known',))
HTTPConnectionPool(host='www.dieei.unict.itcorsi', port=80): Max retries exceeded with url: /lm-29 (Caused by NewConnectionError('<urllib3.connection.HTTPConnection object at 0x7f25e83dea20>: Failed to establish a new connection: [Errno -2] Name or service not known',))
HTTPConnectionPool(host='www.dieei.unict.itcorsi', port=80): Max retries exceeded with url: /lm-27 (Caused by NewConnectionError('<urllib3.connection.HTTPConnection object at 0x7f25e83de080>: Failed to establish a new connection: [Errno -2] Name or service not known',))
HTTPConnectionPool(host='www.dieei.unict.itcorsi', port=80): Max retries exceeded with url: /lm-32 (Caused by NewConnectionError('<urllib3.connection.HTTPConnection object at 0x7f25e83de9b0>: Failed to establish a new connection: [Errno -2] Name or service not known',))
HTTPConnectionPool(host='web.dmi.unict.itcorsi', port=80): Max retries exceeded with url: /l-31 (Caused by NewConnectionError('<urllib3.connection.HTTPConnection object at 0x7fdca64dd4a8>: Failed to establish a new connection: [Errno -2] Name or service not known',))
HTTPConnectionPool(host='web.dmi.unict.itcorsi', port=80): Max retries exceeded with url: /l-35 (Caused by NewConnectionError('<urllib3.connection.HTTPConnection object at 0x7fdca64dd2b0>: Failed to establish a new connection: [Errno -2] Name or service not known',))
HTTPConnectionPool(host='web.dmi.unict.itcorsi', port=80): Max retries exceeded with url: /lm-18 (Caused by NewConnectionError('<urllib3.connection.HTTPConnection object at 0x7fdca64c4898>: Failed to establish a new connection: [Errno -2] Name or service not known',))
HTTPConnectionPool(host='web.dmi.unict.itcorsi', port=80): Max retries exceeded with url: /lm-40 (Caused by NewConnectionError('<urllib3.connection.HTTPConnection object at 0x7fdca64c4198>: Failed to establish a new connection: [Errno -2] Name or service not known',))
HTTPConnectionPool(host='web.dmi.unict.itcorsi', port=80): Max retries exceeded with url: /l-31 (Caused by NewConnectionError('<urllib3.connection.HTTPConnection object at 0x7fdca44d82b0>: Failed to establish a new connection: [Errno -2] Name or service not known',))
HTTPConnectionPool(host='web.dmi.unict.itcorsi', port=80): Max retries exceeded with url: /l-35 (Caused by NewConnectionError('<urllib3.connection.HTTPConnection object at 0x7fdca44d80b8>: Failed to establish a new connection: [Errno -2] Name or service not known',))
HTTPConnectionPool(host='web.dmi.unict.itcorsi', port=80): Max retries exceeded with url: /lm-18 (Caused by NewConnectionError('<urllib3.connection.HTTPConnection object at 0x7fdca44db2b0>: Failed to establish a new connection: [Errno -2] Name or service not known',))
HTTPConnectionPool(host='web.dmi.unict.itcorsi', port=80): Max retries exceeded with url: /lm-40 (Caused by NewConnectionError('<urllib3.connection.HTTPConnection object at 0x7fdca44db0b8>: Failed to establish a new connection: [Errno -2] Name or service not known',))
HTTPConnectionPool(host='www.dieei.unict.itcorsi', port=80): Max retries exceeded with url: /l-8-ele (Caused by NewConnectionError('<urllib3.connection.HTTPConnection object at 0x7fdca458a198>: Failed to establish a new connection: [Errno -2] Name or service not known',))
HTTPConnectionPool(host='www.dieei.unict.itcorsi', port=80): Max retries exceeded with url: /l-9 (Caused by NewConnectionError('<urllib3.connection.HTTPConnection object at 0x7fdca649c6d8>: Failed to establish a new connection: [Errno -2] Name or service not known',))
HTTPConnectionPool(host='www.dieei.unict.itcorsi', port=80): Max retries exceeded with url: /l-8-inf (Caused by NewConnectionError('<urllib3.connection.HTTPConnection object at 0x7fdca649c6d8>: Failed to establish a new connection: [Errno -2] Name or service not known',))
HTTPConnectionPool(host='www.dieei.unict.itcorsi', port=80): Max retries exceeded with url: /lm-25 (Caused by NewConnectionError('<urllib3.connection.HTTPConnection object at 0x7fdca458a2e8>: Failed to establish a new connection: [Errno -2] Name or service not known',))
HTTPConnectionPool(host='www.dieei.unict.itcorsi', port=80): Max retries exceeded with url: /lm-28 (Caused by NewConnectionError('<urllib3.connection.HTTPConnection object at 0x7fdca458a358>: Failed to establish a new connection: [Errno -2] Name or service not known',))
HTTPConnectionPool(host='www.dieei.unict.itcorsi', port=80): Max retries exceeded with url: /lm-29 (Caused by NewConnectionError('<urllib3.connection.HTTPConnection object at 0x7fdca64c4588>: Failed to establish a new connection: [Errno -2] Name or service not known',))
HTTPConnectionPool(host='www.dieei.unict.itcorsi', port=80): Max retries exceeded with url: /lm-27 (Caused by NewConnectionError('<urllib3.connection.HTTPConnection object at 0x7fdca64c43c8>: Failed to establish a new connection: [Errno -2] Name or service not known',))
HTTPConnectionPool(host='www.dieei.unict.itcorsi', port=80): Max retries exceeded with url: /lm-32 (Caused by NewConnectionError('<urllib3.connection.HTTPConnection object at 0x7fdca65065c0>: Failed to establish a new connection: [Errno -2] Name or service not known',))
HTTPConnectionPool(host='www.dieei.unict.itcorsi', port=80): Max retries exceeded with url: /l-8-ele (Caused by NewConnectionError('<urllib3.connection.HTTPConnection object at 0x7fdca44906d8>: Failed to establish a new connection: [Errno -2] Name or service not known',))
HTTPConnectionPool(host='www.dieei.unict.itcorsi', port=80): Max retries exceeded with url: /l-9 (Caused by NewConnectionError('<urllib3.connection.HTTPConnection object at 0x7fdca4490898>: Failed to establish a new connection: [Errno -2] Name or service not known',))
HTTPConnectionPool(host='www.dieei.unict.itcorsi', port=80): Max retries exceeded with url: /l-8-inf (Caused by NewConnectionError('<urllib3.connection.HTTPConnection object at 0x7fdca4490048>: Failed to establish a new connection: [Errno -2] Name or service not known',))
HTTPConnectionPool(host='www.dieei.unict.itcorsi', port=80): Max retries exceeded with url: /lm-25 (Caused by NewConnectionError('<urllib3.connection.HTTPConnection object at 0x7fdca44903c8>: Failed to establish a new connection: [Errno -2] Name or service not known',))
HTTPConnectionPool(host='www.dieei.unict.itcorsi', port=80): Max retries exceeded with url: /lm-28 (Caused by NewConnectionError('<urllib3.connection.HTTPConnection object at 0x7fdca4490b00>: Failed to establish a new connection: [Errno -2] Name or service not known',))
HTTPConnectionPool(host='www.dieei.unict.itcorsi', port=80): Max retries exceeded with url: /lm-29 (Caused by NewConnectionError('<urllib3.connection.HTTPConnection object at 0x7fdca4490438>: Failed to establish a new connection: [Errno -2] Name or service not known',))
HTTPConnectionPool(host='www.dieei.unict.itcorsi', port=80): Max retries exceeded with url: /lm-27 (Caused by NewConnectionError('<urllib3.connection.HTTPConnection object at 0x7fdca4490a90>: Failed to establish a new connection: [Errno -2] Name or service not known',))
HTTPConnectionPool(host='www.dieei.unict.itcorsi', port=80): Max retries exceeded with url: /lm-32 (Caused by NewConnectionError('<urllib3.connection.HTTPConnection object at 0x7fdca4490438>: Failed to establish a new connection: [Errno -2] Name or service not known',))
HTTPConnectionPool(host='web.dmi.unict.itcorsi', port=80): Max retries exceeded with url: /l-31 (Caused by NewConnectionError('<urllib3.connection.HTTPConnection object at 0x7ffa1f63d080>: Failed to establish a new connection: [Errno -2] Name or service not known',))
HTTPConnectionPool(host='web.dmi.unict.itcorsi', port=80): Max retries exceeded with url: /l-35 (Caused by NewConnectionError('<urllib3.connection.HTTPConnection object at 0x7ffa1f63d518>: Failed to establish a new connection: [Errno -2] Name or service not known',))
HTTPConnectionPool(host='web.dmi.unict.itcorsi', port=80): Max retries exceeded with url: /lm-18 (Caused by NewConnectionError('<urllib3.connection.HTTPConnection object at 0x7ffa1f624898>: Failed to establish a new connection: [Errno -2] Name or service not known',))
HTTPConnectionPool(host='web.dmi.unict.itcorsi', port=80): Max retries exceeded with url: /lm-40 (Caused by NewConnectionError('<urllib3.connection.HTTPConnection object at 0x7ffa1f624860>: Failed to establish a new connection: [Errno -2] Name or service not known',))
HTTPConnectionPool(host='web.dmi.unict.itcorsi', port=80): Max retries exceeded with url: /l-31 (Caused by NewConnectionError('<urllib3.connection.HTTPConnection object at 0x7ffa1c6362b0>: Failed to establish a new connection: [Errno -2] Name or service not known',))
HTTPConnectionPool(host='web.dmi.unict.itcorsi', port=80): Max retries exceeded with url: /l-35 (Caused by NewConnectionError('<urllib3.connection.HTTPConnection object at 0x7ffa1c6360b8>: Failed to establish a new connection: [Errno -2] Name or service not known',))
HTTPConnectionPool(host='web.dmi.unict.itcorsi', port=80): Max retries exceeded with url: /lm-18 (Caused by NewConnectionError('<urllib3.connection.HTTPConnection object at 0x7ffa1c6362b0>: Failed to establish a new connection: [Errno -2] Name or service not known',))
HTTPConnectionPool(host='web.dmi.unict.itcorsi', port=80): Max retries exceeded with url: /lm-40 (Caused by NewConnectionError('<urllib3.connection.HTTPConnection object at 0x7ffa1c6362b0>: Failed to establish a new connection: [Errno -2] Name or service not known',))
HTTPConnectionPool(host='www.dieei.unict.itcorsi', port=80): Max retries exceeded with url: /l-8-ele (Caused by NewConnectionError('<urllib3.connection.HTTPConnection object at 0x7ffa1c729198>: Failed to establish a new connection: [Errno -2] Name or service not known',))
HTTPConnectionPool(host='www.dieei.unict.itcorsi', port=80): Max retries exceeded with url: /l-9 (Caused by NewConnectionError('<urllib3.connection.HTTPConnection object at 0x7ffa1c37b6d8>: Failed to establish a new connection: [Errno -2] Name or service not known',))
HTTPConnectionPool(host='www.dieei.unict.itcorsi', port=80): Max retries exceeded with url: /l-8-inf (Caused by NewConnectionError('<urllib3.connection.HTTPConnection object at 0x7ffa1c37b6d8>: Failed to establish a new connection: [Errno -2] Name or service not known',))
HTTPConnectionPool(host='www.dieei.unict.itcorsi', port=80): Max retries exceeded with url: /lm-25 (Caused by NewConnectionError('<urllib3.connection.HTTPConnection object at 0x7ffa1c7292e8>: Failed to establish a new connection: [Errno -2] Name or service not known',))
HTTPConnectionPool(host='www.dieei.unict.itcorsi', port=80): Max retries exceeded with url: /lm-28 (Caused by NewConnectionError('<urllib3.connection.HTTPConnection object at 0x7ffa1c729240>: Failed to establish a new connection: [Errno -2] Name or service not known',))
HTTPConnectionPool(host='www.dieei.unict.itcorsi', port=80): Max retries exceeded with url: /lm-29 (Caused by NewConnectionError('<urllib3.connection.HTTPConnection object at 0x7ffa1c729390>: Failed to establish a new connection: [Errno -2] Name or service not known',))
HTTPConnectionPool(host='www.dieei.unict.itcorsi', port=80): Max retries exceeded with url: /lm-27 (Caused by NewConnectionError('<urllib3.connection.HTTPConnection object at 0x7ffa1f666908>: Failed to establish a new connection: [Errno -2] Name or service not known',))
HTTPConnectionPool(host='www.dieei.unict.itcorsi', port=80): Max retries exceeded with url: /lm-32 (Caused by NewConnectionError('<urllib3.connection.HTTPConnection object at 0x7ffa1f666160>: Failed to establish a new connection: [Errno -2] Name or service not known',))
HTTPConnectionPool(host='www.dieei.unict.itcorsi', port=80): Max retries exceeded with url: /l-8-ele (Caused by NewConnectionError('<urllib3.connection.HTTPConnection object at 0x7ffa1c3b75f8>: Failed to establish a new connection: [Errno -2] Name or service not known',))
HTTPConnectionPool(host='www.dieei.unict.itcorsi', port=80): Max retries exceeded with url: /l-9 (Caused by NewConnectionError('<urllib3.connection.HTTPConnection object at 0x7ffa1c3b7c88>: Failed to establish a new connection: [Errno -2] Name or service not known',))
HTTPConnectionPool(host='www.dieei.unict.itcorsi', port=80): Max retries exceeded with url: /l-8-inf (Caused by NewConnectionError('<urllib3.connection.HTTPConnection object at 0x7ffa1c3b7320>: Failed to establish a new connection: [Errno -2] Name or service not known',))
HTTPConnectionPool(host='www.dieei.unict.itcorsi', port=80): Max retries exceeded with url: /lm-25 (Caused by NewConnectionError('<urllib3.connection.HTTPConnection object at 0x7ffa1c3b7fd0>: Failed to establish a new connection: [Errno -2] Name or service not known',))
HTTPConnectionPool(host='www.dieei.unict.itcorsi', port=80): Max retries exceeded with url: /lm-28 (Caused by NewConnectionError('<urllib3.connection.HTTPConnection object at 0x7ffa1c3b71d0>: Failed to establish a new connection: [Errno -2] Name or service not known',))
HTTPConnectionPool(host='www.dieei.unict.itcorsi', port=80): Max retries exceeded with url: /lm-29 (Caused by NewConnectionError('<urllib3.connection.HTTPConnection object at 0x7ffa1c3b75f8>: Failed to establish a new connection: [Errno -2] Name or service not known',))
HTTPConnectionPool(host='www.dieei.unict.itcorsi', port=80): Max retries exceeded with url: /lm-27 (Caused by NewConnectionError('<urllib3.connection.HTTPConnection object at 0x7ffa1c3b71d0>: Failed to establish a new connection: [Errno -2] Name or service not known',))
HTTPConnectionPool(host='www.dieei.unict.itcorsi', port=80): Max retries exceeded with url: /lm-32 (Caused by NewConnectionError('<urllib3.connection.HTTPConnection object at 0x7ffa1c3b75f8>: Failed to establish a new connection: [Errno -2] Name or service not known',))
HTTPConnectionPool(host='web.dmi.unict.itcorsi', port=80): Max retries exceeded with url: /l-31 (Caused by NewConnectionError('<urllib3.connection.HTTPConnection object at 0x7f051b01d128>: Failed to establish a new connection: [Errno -2] Name or service not known',))
HTTPConnectionPool(host='web.dmi.unict.itcorsi', port=80): Max retries exceeded with url: /l-35 (Caused by NewConnectionError('<urllib3.connection.HTTPConnection object at 0x7f051b0047f0>: Failed to establish a new connection: [Errno -2] Name or service not known',))
HTTPConnectionPool(host='web.dmi.unict.itcorsi', port=80): Max retries exceeded with url: /lm-18 (Caused by NewConnectionError('<urllib3.connection.HTTPConnection object at 0x7f051b004a90>: Failed to establish a new connection: [Errno -2] Name or service not known',))
HTTPConnectionPool(host='web.dmi.unict.itcorsi', port=80): Max retries exceeded with url: /lm-40 (Caused by NewConnectionError('<urllib3.connection.HTTPConnection object at 0x7f051b004c50>: Failed to establish a new connection: [Errno -2] Name or service not known',))
HTTPConnectionPool(host='web.dmi.unict.itcorsi', port=80): Max retries exceeded with url: /l-31 (Caused by NewConnectionError('<urllib3.connection.HTTPConnection object at 0x7f05027da2e8>: Failed to establish a new connection: [Errno -2] Name or service not known',))
HTTPConnectionPool(host='web.dmi.unict.itcorsi', port=80): Max retries exceeded with url: /l-35 (Caused by NewConnectionError('<urllib3.connection.HTTPConnection object at 0x7f05027da0f0>: Failed to establish a new connection: [Errno -2] Name or service not known',))
HTTPConnectionPool(host='web.dmi.unict.itcorsi', port=80): Max retries exceeded with url: /lm-18 (Caused by NewConnectionError('<urllib3.connection.HTTPConnection object at 0x7f05027da0b8>: Failed to establish a new connection: [Errno -2] Name or service not known',))
HTTPConnectionPool(host='web.dmi.unict.itcorsi', port=80): Max retries exceeded with url: /lm-40 (Caused by NewConnectionError('<urllib3.connection.HTTPConnection object at 0x7f05027da080>: Failed to establish a new connection: [Errno -2] Name or service not known',))
HTTPConnectionPool(host='www.dieei.unict.itcorsi', port=80): Max retries exceeded with url: /l-8-ele (Caused by NewConnectionError('<urllib3.connection.HTTPConnection object at 0x7f05024d9320>: Failed to establish a new connection: [Errno -2] Name or service not known',))
HTTPConnectionPool(host='www.dieei.unict.itcorsi', port=80): Max retries exceeded with url: /l-9 (Caused by NewConnectionError('<urllib3.connection.HTTPConnection object at 0x7f05024d94a8>: Failed to establish a new connection: [Errno -2] Name or service not known',))
HTTPConnectionPool(host='www.dieei.unict.itcorsi', port=80): Max retries exceeded with url: /l-8-inf (Caused by NewConnectionError('<urllib3.connection.HTTPConnection object at 0x7f0518096518>: Failed to establish a new connection: [Errno -2] Name or service not known',))
HTTPConnectionPool(host='www.dieei.unict.itcorsi', port=80): Max retries exceeded with url: /lm-25 (Caused by NewConnectionError('<urllib3.connection.HTTPConnection object at 0x7f0518096860>: Failed to establish a new connection: [Errno -2] Name or service not known',))
HTTPConnectionPool(host='www.dieei.unict.itcorsi', port=80): Max retries exceeded with url: /lm-28 (Caused by NewConnectionError('<urllib3.connection.HTTPConnection object at 0x7f05024d92e8>: Failed to establish a new connection: [Errno -2] Name or service not known',))
HTTPConnectionPool(host='www.dieei.unict.itcorsi', port=80): Max retries exceeded with url: /lm-29 (Caused by NewConnectionError('<urllib3.connection.HTTPConnection object at 0x7f05024d9588>: Failed to establish a new connection: [Errno -2] Name or service not known',))
HTTPConnectionPool(host='www.dieei.unict.itcorsi', port=80): Max retries exceeded with url: /lm-27 (Caused by NewConnectionError('<urllib3.connection.HTTPConnection object at 0x7f05024d9438>: Failed to establish a new connection: [Errno -2] Name or service not known',))
HTTPConnectionPool(host='www.dieei.unict.itcorsi', port=80): Max retries exceeded with url: /lm-32 (Caused by NewConnectionError('<urllib3.connection.HTTPConnection object at 0x7f051b00c518>: Failed to establish a new connection: [Errno -2] Name or service not known',))
HTTPConnectionPool(host='www.dieei.unict.itcorsi', port=80): Max retries exceeded with url: /l-8-ele (Caused by NewConnectionError('<urllib3.connection.HTTPConnection object at 0x7f0502580630>: Failed to establish a new connection: [Errno -2] Name or service not known',))
HTTPConnectionPool(host='www.dieei.unict.itcorsi', port=80): Max retries exceeded with url: /l-9 (Caused by NewConnectionError('<urllib3.connection.HTTPConnection object at 0x7f0502580550>: Failed to establish a new connection: [Errno -2] Name or service not known',))
HTTPConnectionPool(host='www.dieei.unict.itcorsi', port=80): Max retries exceeded with url: /l-8-inf (Caused by NewConnectionError('<urllib3.connection.HTTPConnection object at 0x7f0502580518>: Failed to establish a new connection: [Errno -2] Name or service not known',))
HTTPConnectionPool(host='www.dieei.unict.itcorsi', port=80): Max retries exceeded with url: /lm-25 (Caused by NewConnectionError('<urllib3.connection.HTTPConnection object at 0x7f0502580208>: Failed to establish a new connection: [Errno -2] Name or service not known',))
HTTPConnectionPool(host='www.dieei.unict.itcorsi', port=80): Max retries exceeded with url: /lm-28 (Caused by NewConnectionError('<urllib3.connection.HTTPConnection object at 0x7f05025806a0>: Failed to establish a new connection: [Errno -2] Name or service not known',))
HTTPConnectionPool(host='www.dieei.unict.itcorsi', port=80): Max retries exceeded with url: /lm-29 (Caused by NewConnectionError('<urllib3.connection.HTTPConnection object at 0x7f0502580f28>: Failed to establish a new connection: [Errno -2] Name or service not known',))
HTTPConnectionPool(host='www.dieei.unict.itcorsi', port=80): Max retries exceeded with url: /lm-27 (Caused by NewConnectionError('<urllib3.connection.HTTPConnection object at 0x7f0502580d68>: Failed to establish a new connection: [Errno -2] Name or service not known',))
HTTPConnectionPool(host='www.dieei.unict.itcorsi', port=80): Max retries exceeded with url: /lm-32 (Caused by NewConnectionError('<urllib3.connection.HTTPConnection object at 0x7f0502580f28>: Failed to establish a new connection: [Errno -2] Name or service not known',))
HTTPConnectionPool(host='web.dmi.unict.itcorsi', port=80): Max retries exceeded with url: /l-31 (Caused by NewConnectionError('<urllib3.connection.HTTPConnection object at 0x7f81dc213cf8>: Failed to establish a new connection: [Errno -2] Name or service not known',))
HTTPConnectionPool(host='web.dmi.unict.itcorsi', port=80): Max retries exceeded with url: /l-35 (Caused by NewConnectionError('<urllib3.connection.HTTPConnection object at 0x7f81dc213cc0>: Failed to establish a new connection: [Errno -2] Name or service not known',))
HTTPConnectionPool(host='web.dmi.unict.itcorsi', port=80): Max retries exceeded with url: /lm-18 (Caused by NewConnectionError('<urllib3.connection.HTTPConnection object at 0x7f81dc213dd8>: Failed to establish a new connection: [Errno -2] Name or service not known',))
HTTPConnectionPool(host='web.dmi.unict.itcorsi', port=80): Max retries exceeded with url: /lm-40 (Caused by NewConnectionError('<urllib3.connection.HTTPConnection object at 0x7f81dc213e48>: Failed to establish a new connection: [Errno -2] Name or service not known',))
HTTPConnectionPool(host='web.dmi.unict.itcorsi', port=80): Max retries exceeded with url: /l-31 (Caused by NewConnectionError('<urllib3.connection.HTTPConnection object at 0x7f81dc11e320>: Failed to establish a new connection: [Errno -2] Name or service not known',))
HTTPConnectionPool(host='web.dmi.unict.itcorsi', port=80): Max retries exceeded with url: /l-35 (Caused by NewConnectionError('<urllib3.connection.HTTPConnection object at 0x7f81dc11e128>: Failed to establish a new connection: [Errno -2] Name or service not known',))
HTTPConnectionPool(host='web.dmi.unict.itcorsi', port=80): Max retries exceeded with url: /lm-18 (Caused by NewConnectionError('<urllib3.connection.HTTPConnection object at 0x7f81dc121320>: Failed to establish a new connection: [Errno -2] Name or service not known',))
HTTPConnectionPool(host='web.dmi.unict.itcorsi', port=80): Max retries exceeded with url: /lm-40 (Caused by NewConnectionError('<urllib3.connection.HTTPConnection object at 0x7f81dc121320>: Failed to establish a new connection: [Errno -2] Name or service not known',))
HTTPConnectionPool(host='www.dieei.unict.itcorsi', port=80): Max retries exceeded with url: /l-8-ele (Caused by NewConnectionError('<urllib3.connection.HTTPConnection object at 0x7f81dc05a438>: Failed to establish a new connection: [Errno -2] Name or service not known',))
HTTPConnectionPool(host='www.dieei.unict.itcorsi', port=80): Max retries exceeded with url: /l-9 (Caused by NewConnectionError('<urllib3.connection.HTTPConnection object at 0x7f81dc1907f0>: Failed to establish a new connection: [Errno -2] Name or service not known',))
HTTPConnectionPool(host='www.dieei.unict.itcorsi', port=80): Max retries exceeded with url: /l-8-inf (Caused by NewConnectionError('<urllib3.connection.HTTPConnection object at 0x7f81dc1907f0>: Failed to establish a new connection: [Errno -2] Name or service not known',))
HTTPConnectionPool(host='www.dieei.unict.itcorsi', port=80): Max retries exceeded with url: /lm-25 (Caused by NewConnectionError('<urllib3.connection.HTTPConnection object at 0x7f81dc190898>: Failed to establish a new connection: [Errno -2] Name or service not known',))
HTTPConnectionPool(host='www.dieei.unict.itcorsi', port=80): Max retries exceeded with url: /lm-28 (Caused by NewConnectionError('<urllib3.connection.HTTPConnection object at 0x7f81dc05a2e8>: Failed to establish a new connection: [Errno -2] Name or service not known',))
HTTPConnectionPool(host='www.dieei.unict.itcorsi', port=80): Max retries exceeded with url: /lm-29 (Caused by NewConnectionError('<urllib3.connection.HTTPConnection object at 0x7f81df9265f8>: Failed to establish a new connection: [Errno -2] Name or service not known',))
HTTPConnectionPool(host='www.dieei.unict.itcorsi', port=80): Max retries exceeded with url: /lm-27 (Caused by NewConnectionError('<urllib3.connection.HTTPConnection object at 0x7f81df926710>: Failed to establish a new connection: [Errno -2] Name or service not known',))
HTTPConnectionPool(host='www.dieei.unict.itcorsi', port=80): Max retries exceeded with url: /lm-32 (Caused by NewConnectionError('<urllib3.connection.HTTPConnection object at 0x7f81df926320>: Failed to establish a new connection: [Errno -2] Name or service not known',))
HTTPConnectionPool(host='www.dieei.unict.itcorsi', port=80): Max retries exceeded with url: /l-8-ele (Caused by NewConnectionError('<urllib3.connection.HTTPConnection object at 0x7f81c6efb940>: Failed to establish a new connection: [Errno -2] Name or service not known',))
HTTPConnectionPool(host='www.dieei.unict.itcorsi', port=80): Max retries exceeded with url: /l-9 (Caused by NewConnectionError('<urllib3.connection.HTTPConnection object at 0x7f81c6efb390>: Failed to establish a new connection: [Errno -2] Name or service not known',))
HTTPConnectionPool(host='www.dieei.unict.itcorsi', port=80): Max retries exceeded with url: /l-8-inf (Caused by NewConnectionError('<urllib3.connection.HTTPConnection object at 0x7f81c6efb128>: Failed to establish a new connection: [Errno -2] Name or service not known',))
HTTPConnectionPool(host='www.dieei.unict.itcorsi', port=80): Max retries exceeded with url: /lm-25 (Caused by NewConnectionError('<urllib3.connection.HTTPConnection object at 0x7f81c6efbb00>: Failed to establish a new connection: [Errno -2] Name or service not known',))
HTTPConnectionPool(host='www.dieei.unict.itcorsi', port=80): Max retries exceeded with url: /lm-28 (Caused by NewConnectionError('<urllib3.connection.HTTPConnection object at 0x7f81c6efb390>: Failed to establish a new connection: [Errno -2] Name or service not known',))
HTTPConnectionPool(host='www.dieei.unict.itcorsi', port=80): Max retries exceeded with url: /lm-29 (Caused by NewConnectionError('<urllib3.connection.HTTPConnection object at 0x7f81c6efbfd0>: Failed to establish a new connection: [Errno -2] Name or service not known',))
HTTPConnectionPool(host='www.dieei.unict.itcorsi', port=80): Max retries exceeded with url: /lm-27 (Caused by NewConnectionError('<urllib3.connection.HTTPConnection object at 0x7f81c6efb390>: Failed to establish a new connection: [Errno -2] Name or service not known',))
HTTPConnectionPool(host='www.dieei.unict.itcorsi', port=80): Max retries exceeded with url: /lm-32 (Caused by NewConnectionError('<urllib3.connection.HTTPConnection object at 0x7f81c6efbd30>: Failed to establish a new connection: [Errno -2] Name or service not known',))
HTTPConnectionPool(host='web.dmi.unict.itcorsi', port=80): Max retries exceeded with url: /l-31 (Caused by NewConnectionError('<urllib3.connection.HTTPConnection object at 0x7fbdecde0080>: Failed to establish a new connection: [Errno -2] Name or service not known',))
HTTPConnectionPool(host='web.dmi.unict.itcorsi', port=80): Max retries exceeded with url: /l-35 (Caused by NewConnectionError('<urllib3.connection.HTTPConnection object at 0x7fbdecde0518>: Failed to establish a new connection: [Errno -2] Name or service not known',))
HTTPConnectionPool(host='web.dmi.unict.itcorsi', port=80): Max retries exceeded with url: /lm-18 (Caused by NewConnectionError('<urllib3.connection.HTTPConnection object at 0x7fbdecdc7898>: Failed to establish a new connection: [Errno -2] Name or service not known',))
HTTPConnectionPool(host='web.dmi.unict.itcorsi', port=80): Max retries exceeded with url: /lm-40 (Caused by NewConnectionError('<urllib3.connection.HTTPConnection object at 0x7fbdecdc7860>: Failed to establish a new connection: [Errno -2] Name or service not known',))
HTTPConnectionPool(host='web.dmi.unict.itcorsi', port=80): Max retries exceeded with url: /l-31 (Caused by NewConnectionError('<urllib3.connection.HTTPConnection object at 0x7fbde45bc2b0>: Failed to establish a new connection: [Errno -2] Name or service not known',))
HTTPConnectionPool(host='web.dmi.unict.itcorsi', port=80): Max retries exceeded with url: /l-35 (Caused by NewConnectionError('<urllib3.connection.HTTPConnection object at 0x7fbde45bc0b8>: Failed to establish a new connection: [Errno -2] Name or service not known',))
HTTPConnectionPool(host='web.dmi.unict.itcorsi', port=80): Max retries exceeded with url: /lm-18 (Caused by NewConnectionError('<urllib3.connection.HTTPConnection object at 0x7fbde45bf2b0>: Failed to establish a new connection: [Errno -2] Name or service not known',))
HTTPConnectionPool(host='web.dmi.unict.itcorsi', port=80): Max retries exceeded with url: /lm-40 (Caused by NewConnectionError('<urllib3.connection.HTTPConnection object at 0x7fbde45bf0b8>: Failed to establish a new connection: [Errno -2] Name or service not known',))
HTTPConnectionPool(host='www.dieei.unict.itcorsi', port=80): Max retries exceeded with url: /l-8-ele (Caused by NewConnectionError('<urllib3.connection.HTTPConnection object at 0x7fbde444d470>: Failed to establish a new connection: [Errno -2] Name or service not known',))
HTTPConnectionPool(host='www.dieei.unict.itcorsi', port=80): Max retries exceeded with url: /l-9 (Caused by NewConnectionError('<urllib3.connection.HTTPConnection object at 0x7fbde444d2b0>: Failed to establish a new connection: [Errno -2] Name or service not known',))
HTTPConnectionPool(host='www.dieei.unict.itcorsi', port=80): Max retries exceeded with url: /l-8-inf (Caused by NewConnectionError('<urllib3.connection.HTTPConnection object at 0x7fbde444d400>: Failed to establish a new connection: [Errno -2] Name or service not known',))
HTTPConnectionPool(host='www.dieei.unict.itcorsi', port=80): Max retries exceeded with url: /lm-25 (Caused by NewConnectionError('<urllib3.connection.HTTPConnection object at 0x7fbdece11860>: Failed to establish a new connection: [Errno -2] Name or service not known',))
HTTPConnectionPool(host='www.dieei.unict.itcorsi', port=80): Max retries exceeded with url: /lm-28 (Caused by NewConnectionError('<urllib3.connection.HTTPConnection object at 0x7fbdece11080>: Failed to establish a new connection: [Errno -2] Name or service not known',))
HTTPConnectionPool(host='www.dieei.unict.itcorsi', port=80): Max retries exceeded with url: /lm-29 (Caused by NewConnectionError('<urllib3.connection.HTTPConnection object at 0x7fbde444d2e8>: Failed to establish a new connection: [Errno -2] Name or service not known',))
HTTPConnectionPool(host='www.dieei.unict.itcorsi', port=80): Max retries exceeded with url: /lm-27 (Caused by NewConnectionError('<urllib3.connection.HTTPConnection object at 0x7fbde444d4e0>: Failed to establish a new connection: [Errno -2] Name or service not known',))
HTTPConnectionPool(host='www.dieei.unict.itcorsi', port=80): Max retries exceeded with url: /lm-32 (Caused by NewConnectionError('<urllib3.connection.HTTPConnection object at 0x7fbdecde00b8>: Failed to establish a new connection: [Errno -2] Name or service not known',))
HTTPConnectionPool(host='www.dieei.unict.itcorsi', port=80): Max retries exceeded with url: /l-8-ele (Caused by NewConnectionError('<urllib3.connection.HTTPConnection object at 0x7fbde43614e0>: Failed to establish a new connection: [Errno -2] Name or service not known',))
HTTPConnectionPool(host='www.dieei.unict.itcorsi', port=80): Max retries exceeded with url: /l-9 (Caused by NewConnectionError('<urllib3.connection.HTTPConnection object at 0x7fbde4361fd0>: Failed to establish a new connection: [Errno -2] Name or service not known',))
HTTPConnectionPool(host='www.dieei.unict.itcorsi', port=80): Max retries exceeded with url: /l-8-inf (Caused by NewConnectionError('<urllib3.connection.HTTPConnection object at 0x7fbde4361400>: Failed to establish a new connection: [Errno -2] Name or service not known',))
HTTPConnectionPool(host='www.dieei.unict.itcorsi', port=80): Max retries exceeded with url: /lm-25 (Caused by NewConnectionError('<urllib3.connection.HTTPConnection object at 0x7fbde4361320>: Failed to establish a new connection: [Errno -2] Name or service not known',))
HTTPConnectionPool(host='www.dieei.unict.itcorsi', port=80): Max retries exceeded with url: /lm-28 (Caused by NewConnectionError('<urllib3.connection.HTTPConnection object at 0x7fbde4361fd0>: Failed to establish a new connection: [Errno -2] Name or service not known',))
HTTPConnectionPool(host='www.dieei.unict.itcorsi', port=80): Max retries exceeded with url: /lm-29 (Caused by NewConnectionError('<urllib3.connection.HTTPConnection object at 0x7fbde4361400>: Failed to establish a new connection: [Errno -2] Name or service not known',))
HTTPConnectionPool(host='www.dieei.unict.itcorsi', port=80): Max retries exceeded with url: /lm-27 (Caused by NewConnectionError('<urllib3.connection.HTTPConnection object at 0x7fbde4361fd0>: Failed to establish a new connection: [Errno -2] Name or service not known',))
HTTPConnectionPool(host='www.dieei.unict.itcorsi', port=80): Max retries exceeded with url: /lm-32 (Caused by NewConnectionError('<urllib3.connection.HTTPConnection object at 0x7fbde43611d0>: Failed to establish a new connection: [Errno -2] Name or service not known',))
HTTPConnectionPool(host='web.dmi.unict.itcorsi', port=80): Max retries exceeded with url: /l-31 (Caused by NewConnectionError('<urllib3.connection.HTTPConnection object at 0x7fa0243e7cf8>: Failed to establish a new connection: [Errno -2] Name or service not known',))
HTTPConnectionPool(host='web.dmi.unict.itcorsi', port=80): Max retries exceeded with url: /l-35 (Caused by NewConnectionError('<urllib3.connection.HTTPConnection object at 0x7fa0243e7cc0>: Failed to establish a new connection: [Errno -2] Name or service not known',))
HTTPConnectionPool(host='web.dmi.unict.itcorsi', port=80): Max retries exceeded with url: /lm-18 (Caused by NewConnectionError('<urllib3.connection.HTTPConnection object at 0x7fa0243e7dd8>: Failed to establish a new connection: [Errno -2] Name or service not known',))
HTTPConnectionPool(host='web.dmi.unict.itcorsi', port=80): Max retries exceeded with url: /lm-40 (Caused by NewConnectionError('<urllib3.connection.HTTPConnection object at 0x7fa0243e7e48>: Failed to establish a new connection: [Errno -2] Name or service not known',))
HTTPConnectionPool(host='web.dmi.unict.itcorsi', port=80): Max retries exceeded with url: /l-31 (Caused by NewConnectionError('<urllib3.connection.HTTPConnection object at 0x7fa0242f42e8>: Failed to establish a new connection: [Errno -2] Name or service not known',))
HTTPConnectionPool(host='web.dmi.unict.itcorsi', port=80): Max retries exceeded with url: /l-35 (Caused by NewConnectionError('<urllib3.connection.HTTPConnection object at 0x7fa0242f40f0>: Failed to establish a new connection: [Errno -2] Name or service not known',))
HTTPConnectionPool(host='web.dmi.unict.itcorsi', port=80): Max retries exceeded with url: /lm-18 (Caused by NewConnectionError('<urllib3.connection.HTTPConnection object at 0x7fa0242f72e8>: Failed to establish a new connection: [Errno -2] Name or service not known',))
HTTPConnectionPool(host='web.dmi.unict.itcorsi', port=80): Max retries exceeded with url: /lm-40 (Caused by NewConnectionError('<urllib3.connection.HTTPConnection object at 0x7fa0242f70f0>: Failed to establish a new connection: [Errno -2] Name or service not known',))
HTTPConnectionPool(host='www.dieei.unict.itcorsi', port=80): Max retries exceeded with url: /l-8-ele (Caused by NewConnectionError('<urllib3.connection.HTTPConnection object at 0x7fa0240498d0>: Failed to establish a new connection: [Errno -2] Name or service not known',))
HTTPConnectionPool(host='www.dieei.unict.itcorsi', port=80): Max retries exceeded with url: /l-9 (Caused by NewConnectionError('<urllib3.connection.HTTPConnection object at 0x7fa02431e400>: Failed to establish a new connection: [Errno -2] Name or service not known',))
HTTPConnectionPool(host='www.dieei.unict.itcorsi', port=80): Max retries exceeded with url: /l-8-inf (Caused by NewConnectionError('<urllib3.connection.HTTPConnection object at 0x7fa02431e240>: Failed to establish a new connection: [Errno -2] Name or service not known',))
HTTPConnectionPool(host='www.dieei.unict.itcorsi', port=80): Max retries exceeded with url: /lm-25 (Caused by NewConnectionError('<urllib3.connection.HTTPConnection object at 0x7fa02431e400>: Failed to establish a new connection: [Errno -2] Name or service not known',))
HTTPConnectionPool(host='www.dieei.unict.itcorsi', port=80): Max retries exceeded with url: /lm-28 (Caused by NewConnectionError('<urllib3.connection.HTTPConnection object at 0x7fa026b3bcf8>: Failed to establish a new connection: [Errno -2] Name or service not known',))
HTTPConnectionPool(host='www.dieei.unict.itcorsi', port=80): Max retries exceeded with url: /lm-29 (Caused by NewConnectionError('<urllib3.connection.HTTPConnection object at 0x7fa026b3bef0>: Failed to establish a new connection: [Errno -2] Name or service not known',))
HTTPConnectionPool(host='www.dieei.unict.itcorsi', port=80): Max retries exceeded with url: /lm-27 (Caused by NewConnectionError('<urllib3.connection.HTTPConnection object at 0x7fa026b3bb00>: Failed to establish a new connection: [Errno -2] Name or service not known',))
HTTPConnectionPool(host='www.dieei.unict.itcorsi', port=80): Max retries exceeded with url: /lm-32 (Caused by NewConnectionError('<urllib3.connection.HTTPConnection object at 0x7fa026b3bd68>: Failed to establish a new connection: [Errno -2] Name or service not known',))
HTTPConnectionPool(host='www.dieei.unict.itcorsi', port=80): Max retries exceeded with url: /l-8-ele (Caused by NewConnectionError('<urllib3.connection.HTTPConnection object at 0x7fa0241a2e48>: Failed to establish a new connection: [Errno -2] Name or service not known',))
HTTPConnectionPool(host='www.dieei.unict.itcorsi', port=80): Max retries exceeded with url: /l-9 (Caused by NewConnectionError('<urllib3.connection.HTTPConnection object at 0x7fa0241a2f60>: Failed to establish a new connection: [Errno -2] Name or service not known',))
HTTPConnectionPool(host='www.dieei.unict.itcorsi', port=80): Max retries exceeded with url: /l-8-inf (Caused by NewConnectionError('<urllib3.connection.HTTPConnection object at 0x7fa0241a2550>: Failed to establish a new connection: [Errno -2] Name or service not known',))
HTTPConnectionPool(host='www.dieei.unict.itcorsi', port=80): Max retries exceeded with url: /lm-25 (Caused by NewConnectionError('<urllib3.connection.HTTPConnection object at 0x7fa0241a2a58>: Failed to establish a new connection: [Errno -2] Name or service not known',))
HTTPConnectionPool(host='www.dieei.unict.itcorsi', port=80): Max retries exceeded with url: /lm-28 (Caused by NewConnectionError('<urllib3.connection.HTTPConnection object at 0x7fa0241a2550>: Failed to establish a new connection: [Errno -2] Name or service not known',))
HTTPConnectionPool(host='www.dieei.unict.itcorsi', port=80): Max retries exceeded with url: /lm-29 (Caused by NewConnectionError('<urllib3.connection.HTTPConnection object at 0x7fa0243cba20>: Failed to establish a new connection: [Errno -2] Name or service not known',))
HTTPConnectionPool(host='www.dieei.unict.itcorsi', port=80): Max retries exceeded with url: /lm-27 (Caused by NewConnectionError('<urllib3.connection.HTTPConnection object at 0x7fa0243cb7b8>: Failed to establish a new connection: [Errno -2] Name or service not known',))
HTTPConnectionPool(host='www.dieei.unict.itcorsi', port=80): Max retries exceeded with url: /lm-32 (Caused by NewConnectionError('<urllib3.connection.HTTPConnection object at 0x7fa0243cbb70>: Failed to establish a new connection: [Errno -2] Name or service not known',))
HTTPConnectionPool(host='web.dmi.unict.itcorsi', port=80): Max retries exceeded with url: /l-31 (Caused by NewConnectionError('<urllib3.connection.HTTPConnection object at 0x7f1180306a90>: Failed to establish a new connection: [Errno -2] Name or service not known',))
HTTPConnectionPool(host='web.dmi.unict.itcorsi', port=80): Max retries exceeded with url: /l-35 (Caused by NewConnectionError('<urllib3.connection.HTTPConnection object at 0x7f1180306dd8>: Failed to establish a new connection: [Errno -2] Name or service not known',))
HTTPConnectionPool(host='web.dmi.unict.itcorsi', port=80): Max retries exceeded with url: /lm-18 (Caused by NewConnectionError('<urllib3.connection.HTTPConnection object at 0x7f11803069e8>: Failed to establish a new connection: [Errno -2] Name or service not known',))
HTTPConnectionPool(host='web.dmi.unict.itcorsi', port=80): Max retries exceeded with url: /lm-40 (Caused by NewConnectionError('<urllib3.connection.HTTPConnection object at 0x7f1180306cf8>: Failed to establish a new connection: [Errno -2] Name or service not known',))
HTTPConnectionPool(host='web.dmi.unict.itcorsi', port=80): Max retries exceeded with url: /l-31 (Caused by NewConnectionError('<urllib3.connection.HTTPConnection object at 0x7f11802122e8>: Failed to establish a new connection: [Errno -2] Name or service not known',))
HTTPConnectionPool(host='web.dmi.unict.itcorsi', port=80): Max retries exceeded with url: /l-35 (Caused by NewConnectionError('<urllib3.connection.HTTPConnection object at 0x7f11802120f0>: Failed to establish a new connection: [Errno -2] Name or service not known',))
HTTPConnectionPool(host='web.dmi.unict.itcorsi', port=80): Max retries exceeded with url: /lm-18 (Caused by NewConnectionError('<urllib3.connection.HTTPConnection object at 0x7f11802152e8>: Failed to establish a new connection: [Errno -2] Name or service not known',))
HTTPConnectionPool(host='web.dmi.unict.itcorsi', port=80): Max retries exceeded with url: /lm-40 (Caused by NewConnectionError('<urllib3.connection.HTTPConnection object at 0x7f11802150f0>: Failed to establish a new connection: [Errno -2] Name or service not known',))
HTTPConnectionPool(host='www.dieei.unict.itcorsi', port=80): Max retries exceeded with url: /l-8-ele (Caused by NewConnectionError('<urllib3.connection.HTTPConnection object at 0x7f1180333390>: Failed to establish a new connection: [Errno -2] Name or service not known',))
HTTPConnectionPool(host='www.dieei.unict.itcorsi', port=80): Max retries exceeded with url: /l-9 (Caused by NewConnectionError('<urllib3.connection.HTTPConnection object at 0x7f1180333278>: Failed to establish a new connection: [Errno -2] Name or service not known',))
HTTPConnectionPool(host='www.dieei.unict.itcorsi', port=80): Max retries exceeded with url: /l-8-inf (Caused by NewConnectionError('<urllib3.connection.HTTPConnection object at 0x7f1180333438>: Failed to establish a new connection: [Errno -2] Name or service not known',))
HTTPConnectionPool(host='www.dieei.unict.itcorsi', port=80): Max retries exceeded with url: /lm-25 (Caused by NewConnectionError('<urllib3.connection.HTTPConnection object at 0x7f1180333518>: Failed to establish a new connection: [Errno -2] Name or service not known',))
HTTPConnectionPool(host='www.dieei.unict.itcorsi', port=80): Max retries exceeded with url: /lm-28 (Caused by NewConnectionError('<urllib3.connection.HTTPConnection object at 0x7f1180076cf8>: Failed to establish a new connection: [Errno -2] Name or service not known',))
HTTPConnectionPool(host='www.dieei.unict.itcorsi', port=80): Max retries exceeded with url: /lm-29 (Caused by NewConnectionError('<urllib3.connection.HTTPConnection object at 0x7f11800767b8>: Failed to establish a new connection: [Errno -2] Name or service not known',))
HTTPConnectionPool(host='www.dieei.unict.itcorsi', port=80): Max retries exceeded with url: /lm-27 (Caused by NewConnectionError('<urllib3.connection.HTTPConnection object at 0x7f1180076320>: Failed to establish a new connection: [Errno -2] Name or service not known',))
HTTPConnectionPool(host='www.dieei.unict.itcorsi', port=80): Max retries exceeded with url: /lm-32 (Caused by NewConnectionError('<urllib3.connection.HTTPConnection object at 0x7f11800764e0>: Failed to establish a new connection: [Errno -2] Name or service not known',))
HTTPConnectionPool(host='www.dieei.unict.itcorsi', port=80): Max retries exceeded with url: /l-8-ele (Caused by NewConnectionError('<urllib3.connection.HTTPConnection object at 0x7f1180216b00>: Failed to establish a new connection: [Errno -2] Name or service not known',))
HTTPConnectionPool(host='www.dieei.unict.itcorsi', port=80): Max retries exceeded with url: /l-9 (Caused by NewConnectionError('<urllib3.connection.HTTPConnection object at 0x7f1180216ef0>: Failed to establish a new connection: [Errno -2] Name or service not known',))
HTTPConnectionPool(host='www.dieei.unict.itcorsi', port=80): Max retries exceeded with url: /l-8-inf (Caused by NewConnectionError('<urllib3.connection.HTTPConnection object at 0x7f1180216e48>: Failed to establish a new connection: [Errno -2] Name or service not known',))
HTTPConnectionPool(host='www.dieei.unict.itcorsi', port=80): Max retries exceeded with url: /lm-25 (Caused by NewConnectionError('<urllib3.connection.HTTPConnection object at 0x7f1180216da0>: Failed to establish a new connection: [Errno -2] Name or service not known',))
HTTPConnectionPool(host='www.dieei.unict.itcorsi', port=80): Max retries exceeded with url: /lm-28 (Caused by NewConnectionError('<urllib3.connection.HTTPConnection object at 0x7f1180216f98>: Failed to establish a new connection: [Errno -2] Name or service not known',))
HTTPConnectionPool(host='www.dieei.unict.itcorsi', port=80): Max retries exceeded with url: /lm-29 (Caused by NewConnectionError('<urllib3.connection.HTTPConnection object at 0x7f1180216630>: Failed to establish a new connection: [Errno -2] Name or service not known',))
HTTPConnectionPool(host='www.dieei.unict.itcorsi', port=80): Max retries exceeded with url: /lm-27 (Caused by NewConnectionError('<urllib3.connection.HTTPConnection object at 0x7f1180216668>: Failed to establish a new connection: [Errno -2] Name or service not known',))
HTTPConnectionPool(host='www.dieei.unict.itcorsi', port=80): Max retries exceeded with url: /lm-32 (Caused by NewConnectionError('<urllib3.connection.HTTPConnection object at 0x7f11802f1518>: Failed to establish a new connection: [Errno -2] Name or service not known',))
HTTPConnectionPool(host='web.dmi.unict.itcorsi', port=80): Max retries exceeded with url: /l-31 (Caused by NewConnectionError('<urllib3.connection.HTTPConnection object at 0x7ff930580cf8>: Failed to establish a new connection: [Errno -2] Name or service not known',))
HTTPConnectionPool(host='web.dmi.unict.itcorsi', port=80): Max retries exceeded with url: /l-35 (Caused by NewConnectionError('<urllib3.connection.HTTPConnection object at 0x7ff930580cc0>: Failed to establish a new connection: [Errno -2] Name or service not known',))
HTTPConnectionPool(host='web.dmi.unict.itcorsi', port=80): Max retries exceeded with url: /lm-18 (Caused by NewConnectionError('<urllib3.connection.HTTPConnection object at 0x7ff930580dd8>: Failed to establish a new connection: [Errno -2] Name or service not known',))
HTTPConnectionPool(host='web.dmi.unict.itcorsi', port=80): Max retries exceeded with url: /lm-40 (Caused by NewConnectionError('<urllib3.connection.HTTPConnection object at 0x7ff930580e48>: Failed to establish a new connection: [Errno -2] Name or service not known',))
HTTPConnectionPool(host='web.dmi.unict.itcorsi', port=80): Max retries exceeded with url: /l-31 (Caused by NewConnectionError('<urllib3.connection.HTTPConnection object at 0x7ff93048d320>: Failed to establish a new connection: [Errno -2] Name or service not known',))
HTTPConnectionPool(host='web.dmi.unict.itcorsi', port=80): Max retries exceeded with url: /l-35 (Caused by NewConnectionError('<urllib3.connection.HTTPConnection object at 0x7ff93048d128>: Failed to establish a new connection: [Errno -2] Name or service not known',))
HTTPConnectionPool(host='web.dmi.unict.itcorsi', port=80): Max retries exceeded with url: /lm-18 (Caused by NewConnectionError('<urllib3.connection.HTTPConnection object at 0x7ff930490320>: Failed to establish a new connection: [Errno -2] Name or service not known',))
HTTPConnectionPool(host='web.dmi.unict.itcorsi', port=80): Max retries exceeded with url: /lm-40 (Caused by NewConnectionError('<urllib3.connection.HTTPConnection object at 0x7ff930490128>: Failed to establish a new connection: [Errno -2] Name or service not known',))
HTTPConnectionPool(host='www.dieei.unict.itcorsi', port=80): Max retries exceeded with url: /l-8-ele (Caused by NewConnectionError('<urllib3.connection.HTTPConnection object at 0x7ff9304144e0>: Failed to establish a new connection: [Errno -2] Name or service not known',))
HTTPConnectionPool(host='www.dieei.unict.itcorsi', port=80): Max retries exceeded with url: /l-9 (Caused by NewConnectionError('<urllib3.connection.HTTPConnection object at 0x7ff930414358>: Failed to establish a new connection: [Errno -2] Name or service not known',))
HTTPConnectionPool(host='www.dieei.unict.itcorsi', port=80): Max retries exceeded with url: /l-8-inf (Caused by NewConnectionError('<urllib3.connection.HTTPConnection object at 0x7ff9304144e0>: Failed to establish a new connection: [Errno -2] Name or service not known',))
HTTPConnectionPool(host='www.dieei.unict.itcorsi', port=80): Max retries exceeded with url: /lm-25 (Caused by NewConnectionError('<urllib3.connection.HTTPConnection object at 0x7ff9304142e8>: Failed to establish a new connection: [Errno -2] Name or service not known',))
HTTPConnectionPool(host='www.dieei.unict.itcorsi', port=80): Max retries exceeded with url: /lm-28 (Caused by NewConnectionError('<urllib3.connection.HTTPConnection object at 0x7ff9324d64a8>: Failed to establish a new connection: [Errno -2] Name or service not known',))
HTTPConnectionPool(host='www.dieei.unict.itcorsi', port=80): Max retries exceeded with url: /lm-29 (Caused by NewConnectionError('<urllib3.connection.HTTPConnection object at 0x7ff9324d6b00>: Failed to establish a new connection: [Errno -2] Name or service not known',))
HTTPConnectionPool(host='www.dieei.unict.itcorsi', port=80): Max retries exceeded with url: /lm-27 (Caused by NewConnectionError('<urllib3.connection.HTTPConnection object at 0x7ff9324d62b0>: Failed to establish a new connection: [Errno -2] Name or service not known',))
HTTPConnectionPool(host='www.dieei.unict.itcorsi', port=80): Max retries exceeded with url: /lm-32 (Caused by NewConnectionError('<urllib3.connection.HTTPConnection object at 0x7ff9324d6358>: Failed to establish a new connection: [Errno -2] Name or service not known',))
HTTPConnectionPool(host='www.dieei.unict.itcorsi', port=80): Max retries exceeded with url: /l-8-ele (Caused by NewConnectionError('<urllib3.connection.HTTPConnection object at 0x7ff9302308d0>: Failed to establish a new connection: [Errno -2] Name or service not known',))
HTTPConnectionPool(host='www.dieei.unict.itcorsi', port=80): Max retries exceeded with url: /l-9 (Caused by NewConnectionError('<urllib3.connection.HTTPConnection object at 0x7ff930230b70>: Failed to establish a new connection: [Errno -2] Name or service not known',))
HTTPConnectionPool(host='www.dieei.unict.itcorsi', port=80): Max retries exceeded with url: /l-8-inf (Caused by NewConnectionError('<urllib3.connection.HTTPConnection object at 0x7ff930230710>: Failed to establish a new connection: [Errno -2] Name or service not known',))
HTTPConnectionPool(host='www.dieei.unict.itcorsi', port=80): Max retries exceeded with url: /lm-25 (Caused by NewConnectionError('<urllib3.connection.HTTPConnection object at 0x7ff930230b38>: Failed to establish a new connection: [Errno -2] Name or service not known',))
HTTPConnectionPool(host='www.dieei.unict.itcorsi', port=80): Max retries exceeded with url: /lm-28 (Caused by NewConnectionError('<urllib3.connection.HTTPConnection object at 0x7ff930230828>: Failed to establish a new connection: [Errno -2] Name or service not known',))
HTTPConnectionPool(host='www.dieei.unict.itcorsi', port=80): Max retries exceeded with url: /lm-29 (Caused by NewConnectionError('<urllib3.connection.HTTPConnection object at 0x7ff9302309e8>: Failed to establish a new connection: [Errno -2] Name or service not known',))
HTTPConnectionPool(host='www.dieei.unict.itcorsi', port=80): Max retries exceeded with url: /lm-27 (Caused by NewConnectionError('<urllib3.connection.HTTPConnection object at 0x7ff9302305f8>: Failed to establish a new connection: [Errno -2] Name or service not known',))
HTTPConnectionPool(host='www.dieei.unict.itcorsi', port=80): Max retries exceeded with url: /lm-32 (Caused by NewConnectionError('<urllib3.connection.HTTPConnection object at 0x7ff9302309e8>: Failed to establish a new connection: [Errno -2] Name or service not known',))
HTTPConnectionPool(host='web.dmi.unict.itcorsi', port=80): Max retries exceeded with url: /l-31 (Caused by NewConnectionError('<urllib3.connection.HTTPConnection object at 0x7fdb2803eef0>: Failed to establish a new connection: [Errno -2] Name or service not known',))
HTTPConnectionPool(host='web.dmi.unict.itcorsi', port=80): Max retries exceeded with url: /l-35 (Caused by NewConnectionError('<urllib3.connection.HTTPConnection object at 0x7fdb28042470>: Failed to establish a new connection: [Errno -2] Name or service not known',))
HTTPConnectionPool(host='web.dmi.unict.itcorsi', port=80): Max retries exceeded with url: /lm-18 (Caused by NewConnectionError('<urllib3.connection.HTTPConnection object at 0x7fdb28b5d4e0>: Failed to establish a new connection: [Errno -2] Name or service not known',))
HTTPConnectionPool(host='web.dmi.unict.itcorsi', port=80): Max retries exceeded with url: /lm-40 (Caused by NewConnectionError('<urllib3.connection.HTTPConnection object at 0x7fdb28b5d710>: Failed to establish a new connection: [Errno -2] Name or service not known',))
HTTPConnectionPool(host='web.dmi.unict.itcorsi', port=80): Max retries exceeded with url: /l-31 (Caused by NewConnectionError('<urllib3.connection.HTTPConnection object at 0x7fdb20335240>: Failed to establish a new connection: [Errno -2] Name or service not known',))
HTTPConnectionPool(host='web.dmi.unict.itcorsi', port=80): Max retries exceeded with url: /l-35 (Caused by NewConnectionError('<urllib3.connection.HTTPConnection object at 0x7fdb20335240>: Failed to establish a new connection: [Errno -2] Name or service not known',))
HTTPConnectionPool(host='web.dmi.unict.itcorsi', port=80): Max retries exceeded with url: /lm-18 (Caused by NewConnectionError('<urllib3.connection.HTTPConnection object at 0x7fdb20335048>: Failed to establish a new connection: [Errno -2] Name or service not known',))
HTTPConnectionPool(host='web.dmi.unict.itcorsi', port=80): Max retries exceeded with url: /lm-40 (Caused by NewConnectionError('<urllib3.connection.HTTPConnection object at 0x7fdb203350f0>: Failed to establish a new connection: [Errno -2] Name or service not known',))
HTTPConnectionPool(host='www.dieei.unict.itcorsi', port=80): Max retries exceeded with url: /l-8-ele (Caused by NewConnectionError('<urllib3.connection.HTTPConnection object at 0x7fdb20028400>: Failed to establish a new connection: [Errno -2] Name or service not known',))
HTTPConnectionPool(host='www.dieei.unict.itcorsi', port=80): Max retries exceeded with url: /l-9 (Caused by NewConnectionError('<urllib3.connection.HTTPConnection object at 0x7fdb20028240>: Failed to establish a new connection: [Errno -2] Name or service not known',))
HTTPConnectionPool(host='www.dieei.unict.itcorsi', port=80): Max retries exceeded with url: /l-8-inf (Caused by NewConnectionError('<urllib3.connection.HTTPConnection object at 0x7fdb20028400>: Failed to establish a new connection: [Errno -2] Name or service not known',))
HTTPConnectionPool(host='www.dieei.unict.itcorsi', port=80): Max retries exceeded with url: /lm-25 (Caused by NewConnectionError('<urllib3.connection.HTTPConnection object at 0x7fdb20028128>: Failed to establish a new connection: [Errno -2] Name or service not known',))
HTTPConnectionPool(host='www.dieei.unict.itcorsi', port=80): Max retries exceeded with url: /lm-28 (Caused by NewConnectionError('<urllib3.connection.HTTPConnection object at 0x7fdb28b58eb8>: Failed to establish a new connection: [Errno -2] Name or service not known',))
HTTPConnectionPool(host='www.dieei.unict.itcorsi', port=80): Max retries exceeded with url: /lm-29 (Caused by NewConnectionError('<urllib3.connection.HTTPConnection object at 0x7fdb28b58ba8>: Failed to establish a new connection: [Errno -2] Name or service not known',))
HTTPConnectionPool(host='www.dieei.unict.itcorsi', port=80): Max retries exceeded with url: /lm-27 (Caused by NewConnectionError('<urllib3.connection.HTTPConnection object at 0x7fdb28b587b8>: Failed to establish a new connection: [Errno -2] Name or service not known',))
HTTPConnectionPool(host='www.dieei.unict.itcorsi', port=80): Max retries exceeded with url: /lm-32 (Caused by NewConnectionError('<urllib3.connection.HTTPConnection object at 0x7fdb28b586a0>: Failed to establish a new connection: [Errno -2] Name or service not known',))
HTTPConnectionPool(host='www.dieei.unict.itcorsi', port=80): Max retries exceeded with url: /l-8-ele (Caused by NewConnectionError('<urllib3.connection.HTTPConnection object at 0x7fdb280e6a20>: Failed to establish a new connection: [Errno -2] Name or service not known',))
HTTPConnectionPool(host='www.dieei.unict.itcorsi', port=80): Max retries exceeded with url: /l-9 (Caused by NewConnectionError('<urllib3.connection.HTTPConnection object at 0x7fdb280e6048>: Failed to establish a new connection: [Errno -2] Name or service not known',))
HTTPConnectionPool(host='www.dieei.unict.itcorsi', port=80): Max retries exceeded with url: /l-8-inf (Caused by NewConnectionError('<urllib3.connection.HTTPConnection object at 0x7fdb280e6470>: Failed to establish a new connection: [Errno -2] Name or service not known',))
HTTPConnectionPool(host='www.dieei.unict.itcorsi', port=80): Max retries exceeded with url: /lm-25 (Caused by NewConnectionError('<urllib3.connection.HTTPConnection object at 0x7fdb280e6080>: Failed to establish a new connection: [Errno -2] Name or service not known',))
HTTPConnectionPool(host='www.dieei.unict.itcorsi', port=80): Max retries exceeded with url: /lm-28 (Caused by NewConnectionError('<urllib3.connection.HTTPConnection object at 0x7fdb280e67b8>: Failed to establish a new connection: [Errno -2] Name or service not known',))
HTTPConnectionPool(host='www.dieei.unict.itcorsi', port=80): Max retries exceeded with url: /lm-29 (Caused by NewConnectionError('<urllib3.connection.HTTPConnection object at 0x7fdb280e6160>: Failed to establish a new connection: [Errno -2] Name or service not known',))
HTTPConnectionPool(host='www.dieei.unict.itcorsi', port=80): Max retries exceeded with url: /lm-27 (Caused by NewConnectionError('<urllib3.connection.HTTPConnection object at 0x7fdb280e6208>: Failed to establish a new connection: [Errno -2] Name or service not known',))
HTTPConnectionPool(host='www.dieei.unict.itcorsi', port=80): Max retries exceeded with url: /lm-32 (Caused by NewConnectionError('<urllib3.connection.HTTPConnection object at 0x7fdb280e6d68>: Failed to establish a new connection: [Errno -2] Name or service not known',))
HTTPConnectionPool(host='web.dmi.unict.itcorsi', port=80): Max retries exceeded with url: /l-31 (Caused by NewConnectionError('<urllib3.connection.HTTPConnection object at 0x7efc3803b668>: Failed to establish a new connection: [Errno -2] Name or service not known',))
HTTPConnectionPool(host='web.dmi.unict.itcorsi', port=80): Max retries exceeded with url: /l-35 (Caused by NewConnectionError('<urllib3.connection.HTTPConnection object at 0x7efc3803bd30>: Failed to establish a new connection: [Errno -2] Name or service not known',))
HTTPConnectionPool(host='web.dmi.unict.itcorsi', port=80): Max retries exceeded with url: /lm-18 (Caused by NewConnectionError('<urllib3.connection.HTTPConnection object at 0x7efc3803bdd8>: Failed to establish a new connection: [Errno -2] Name or service not known',))
HTTPConnectionPool(host='web.dmi.unict.itcorsi', port=80): Max retries exceeded with url: /lm-40 (Caused by NewConnectionError('<urllib3.connection.HTTPConnection object at 0x7efc3803bb00>: Failed to establish a new connection: [Errno -2] Name or service not known',))
HTTPConnectionPool(host='web.dmi.unict.itcorsi', port=80): Max retries exceeded with url: /l-31 (Caused by NewConnectionError('<urllib3.connection.HTTPConnection object at 0x7efc308e4320>: Failed to establish a new connection: [Errno -2] Name or service not known',))
HTTPConnectionPool(host='web.dmi.unict.itcorsi', port=80): Max retries exceeded with url: /l-35 (Caused by NewConnectionError('<urllib3.connection.HTTPConnection object at 0x7efc308e4128>: Failed to establish a new connection: [Errno -2] Name or service not known',))
HTTPConnectionPool(host='web.dmi.unict.itcorsi', port=80): Max retries exceeded with url: /lm-18 (Caused by NewConnectionError('<urllib3.connection.HTTPConnection object at 0x7efc308e4320>: Failed to establish a new connection: [Errno -2] Name or service not known',))
HTTPConnectionPool(host='web.dmi.unict.itcorsi', port=80): Max retries exceeded with url: /lm-40 (Caused by NewConnectionError('<urllib3.connection.HTTPConnection object at 0x7efc308e9320>: Failed to establish a new connection: [Errno -2] Name or service not known',))
HTTPConnectionPool(host='www.dieei.unict.itcorsi', port=80): Max retries exceeded with url: /l-8-ele (Caused by NewConnectionError('<urllib3.connection.HTTPConnection object at 0x7efc390d9748>: Failed to establish a new connection: [Errno -2] Name or service not known',))
HTTPConnectionPool(host='www.dieei.unict.itcorsi', port=80): Max retries exceeded with url: /l-9 (Caused by NewConnectionError('<urllib3.connection.HTTPConnection object at 0x7efc390d9710>: Failed to establish a new connection: [Errno -2] Name or service not known',))
HTTPConnectionPool(host='www.dieei.unict.itcorsi', port=80): Max retries exceeded with url: /l-8-inf (Caused by NewConnectionError('<urllib3.connection.HTTPConnection object at 0x7efc390d9a90>: Failed to establish a new connection: [Errno -2] Name or service not known',))
HTTPConnectionPool(host='www.dieei.unict.itcorsi', port=80): Max retries exceeded with url: /lm-25 (Caused by NewConnectionError('<urllib3.connection.HTTPConnection object at 0x7efc308876d8>: Failed to establish a new connection: [Errno -2] Name or service not known',))
HTTPConnectionPool(host='www.dieei.unict.itcorsi', port=80): Max retries exceeded with url: /lm-28 (Caused by NewConnectionError('<urllib3.connection.HTTPConnection object at 0x7efc30887390>: Failed to establish a new connection: [Errno -2] Name or service not known',))
HTTPConnectionPool(host='www.dieei.unict.itcorsi', port=80): Max retries exceeded with url: /lm-29 (Caused by NewConnectionError('<urllib3.connection.HTTPConnection object at 0x7efc30887588>: Failed to establish a new connection: [Errno -2] Name or service not known',))
HTTPConnectionPool(host='www.dieei.unict.itcorsi', port=80): Max retries exceeded with url: /lm-27 (Caused by NewConnectionError('<urllib3.connection.HTTPConnection object at 0x7efc308878d0>: Failed to establish a new connection: [Errno -2] Name or service not known',))
HTTPConnectionPool(host='www.dieei.unict.itcorsi', port=80): Max retries exceeded with url: /lm-32 (Caused by NewConnectionError('<urllib3.connection.HTTPConnection object at 0x7efc308876d8>: Failed to establish a new connection: [Errno -2] Name or service not known',))
HTTPConnectionPool(host='www.dieei.unict.itcorsi', port=80): Max retries exceeded with url: /l-8-ele (Caused by NewConnectionError('<urllib3.connection.HTTPConnection object at 0x7efc30830828>: Failed to establish a new connection: [Errno -2] Name or service not known',))
HTTPConnectionPool(host='www.dieei.unict.itcorsi', port=80): Max retries exceeded with url: /l-9 (Caused by NewConnectionError('<urllib3.connection.HTTPConnection object at 0x7efc30830208>: Failed to establish a new connection: [Errno -2] Name or service not known',))
HTTPConnectionPool(host='www.dieei.unict.itcorsi', port=80): Max retries exceeded with url: /l-8-inf (Caused by NewConnectionError('<urllib3.connection.HTTPConnection object at 0x7efc30830ef0>: Failed to establish a new connection: [Errno -2] Name or service not known',))
HTTPConnectionPool(host='www.dieei.unict.itcorsi', port=80): Max retries exceeded with url: /lm-25 (Caused by NewConnectionError('<urllib3.connection.HTTPConnection object at 0x7efc30830b70>: Failed to establish a new connection: [Errno -2] Name or service not known',))
HTTPConnectionPool(host='www.dieei.unict.itcorsi', port=80): Max retries exceeded with url: /lm-28 (Caused by NewConnectionError('<urllib3.connection.HTTPConnection object at 0x7efc30830208>: Failed to establish a new connection: [Errno -2] Name or service not known',))
HTTPConnectionPool(host='www.dieei.unict.itcorsi', port=80): Max retries exceeded with url: /lm-29 (Caused by NewConnectionError('<urllib3.connection.HTTPConnection object at 0x7efc30830ef0>: Failed to establish a new connection: [Errno -2] Name or service not known',))
HTTPConnectionPool(host='www.dieei.unict.itcorsi', port=80): Max retries exceeded with url: /lm-27 (Caused by NewConnectionError('<urllib3.connection.HTTPConnection object at 0x7efc30830208>: Failed to establish a new connection: [Errno -2] Name or service not known',))
HTTPConnectionPool(host='www.dieei.unict.itcorsi', port=80): Max retries exceeded with url: /lm-32 (Caused by NewConnectionError('<urllib3.connection.HTTPConnection object at 0x7efc30830d68>: Failed to establish a new connection: [Errno -2] Name or service not known',))
HTTPConnectionPool(host='web.dmi.unict.itcorsi', port=80): Max retries exceeded with url: /l-31 (Caused by NewConnectionError('<urllib3.connection.HTTPConnection object at 0x7faacf57b208>: Failed to establish a new connection: [Errno -2] Name or service not known',))
HTTPConnectionPool(host='web.dmi.unict.itcorsi', port=80): Max retries exceeded with url: /l-35 (Caused by NewConnectionError('<urllib3.connection.HTTPConnection object at 0x7faacf562400>: Failed to establish a new connection: [Errno -2] Name or service not known',))
HTTPConnectionPool(host='web.dmi.unict.itcorsi', port=80): Max retries exceeded with url: /lm-18 (Caused by NewConnectionError('<urllib3.connection.HTTPConnection object at 0x7faacf562b00>: Failed to establish a new connection: [Errno -2] Name or service not known',))
HTTPConnectionPool(host='web.dmi.unict.itcorsi', port=80): Max retries exceeded with url: /lm-40 (Caused by NewConnectionError('<urllib3.connection.HTTPConnection object at 0x7faacf562320>: Failed to establish a new connection: [Errno -2] Name or service not known',))
HTTPConnectionPool(host='web.dmi.unict.itcorsi', port=80): Max retries exceeded with url: /l-31 (Caused by NewConnectionError('<urllib3.connection.HTTPConnection object at 0x7faacc574358>: Failed to establish a new connection: [Errno -2] Name or service not known',))
HTTPConnectionPool(host='web.dmi.unict.itcorsi', port=80): Max retries exceeded with url: /l-35 (Caused by NewConnectionError('<urllib3.connection.HTTPConnection object at 0x7faacc574358>: Failed to establish a new connection: [Errno -2] Name or service not known',))
HTTPConnectionPool(host='web.dmi.unict.itcorsi', port=80): Max retries exceeded with url: /lm-18 (Caused by NewConnectionError('<urllib3.connection.HTTPConnection object at 0x7faacc574160>: Failed to establish a new connection: [Errno -2] Name or service not known',))
HTTPConnectionPool(host='web.dmi.unict.itcorsi', port=80): Max retries exceeded with url: /lm-40 (Caused by NewConnectionError('<urllib3.connection.HTTPConnection object at 0x7faacc574128>: Failed to establish a new connection: [Errno -2] Name or service not known',))
HTTPConnectionPool(host='www.dieei.unict.itcorsi', port=80): Max retries exceeded with url: /l-8-ele (Caused by NewConnectionError('<urllib3.connection.HTTPConnection object at 0x7faacc53da58>: Failed to establish a new connection: [Errno -2] Name or service not known',))
HTTPConnectionPool(host='www.dieei.unict.itcorsi', port=80): Max retries exceeded with url: /l-9 (Caused by NewConnectionError('<urllib3.connection.HTTPConnection object at 0x7faacc53d588>: Failed to establish a new connection: [Errno -2] Name or service not known',))
HTTPConnectionPool(host='www.dieei.unict.itcorsi', port=80): Max retries exceeded with url: /l-8-inf (Caused by NewConnectionError('<urllib3.connection.HTTPConnection object at 0x7faacf550198>: Failed to establish a new connection: [Errno -2] Name or service not known',))
HTTPConnectionPool(host='www.dieei.unict.itcorsi', port=80): Max retries exceeded with url: /lm-25 (Caused by NewConnectionError('<urllib3.connection.HTTPConnection object at 0x7faacf550780>: Failed to establish a new connection: [Errno -2] Name or service not known',))
HTTPConnectionPool(host='www.dieei.unict.itcorsi', port=80): Max retries exceeded with url: /lm-28 (Caused by NewConnectionError('<urllib3.connection.HTTPConnection object at 0x7faacf5502e8>: Failed to establish a new connection: [Errno -2] Name or service not known',))
HTTPConnectionPool(host='www.dieei.unict.itcorsi', port=80): Max retries exceeded with url: /lm-29 (Caused by NewConnectionError('<urllib3.connection.HTTPConnection object at 0x7faacf550be0>: Failed to establish a new connection: [Errno -2] Name or service not known',))
HTTPConnectionPool(host='www.dieei.unict.itcorsi', port=80): Max retries exceeded with url: /lm-27 (Caused by NewConnectionError('<urllib3.connection.HTTPConnection object at 0x7faacf5509b0>: Failed to establish a new connection: [Errno -2] Name or service not known',))
HTTPConnectionPool(host='www.dieei.unict.itcorsi', port=80): Max retries exceeded with url: /lm-32 (Caused by NewConnectionError('<urllib3.connection.HTTPConnection object at 0x7faacf550e48>: Failed to establish a new connection: [Errno -2] Name or service not known',))
HTTPConnectionPool(host='www.dieei.unict.itcorsi', port=80): Max retries exceeded with url: /l-8-ele (Caused by NewConnectionError('<urllib3.connection.HTTPConnection object at 0x7faacc4c3908>: Failed to establish a new connection: [Errno -2] Name or service not known',))
HTTPConnectionPool(host='www.dieei.unict.itcorsi', port=80): Max retries exceeded with url: /l-9 (Caused by NewConnectionError('<urllib3.connection.HTTPConnection object at 0x7faacc4c3160>: Failed to establish a new connection: [Errno -2] Name or service not known',))
HTTPConnectionPool(host='www.dieei.unict.itcorsi', port=80): Max retries exceeded with url: /l-8-inf (Caused by NewConnectionError('<urllib3.connection.HTTPConnection object at 0x7faacc4c3898>: Failed to establish a new connection: [Errno -2] Name or service not known',))
HTTPConnectionPool(host='www.dieei.unict.itcorsi', port=80): Max retries exceeded with url: /lm-25 (Caused by NewConnectionError('<urllib3.connection.HTTPConnection object at 0x7faacc4c3748>: Failed to establish a new connection: [Errno -2] Name or service not known',))
HTTPConnectionPool(host='www.dieei.unict.itcorsi', port=80): Max retries exceeded with url: /lm-28 (Caused by NewConnectionError('<urllib3.connection.HTTPConnection object at 0x7faacc4c37f0>: Failed to establish a new connection: [Errno -2] Name or service not known',))
HTTPConnectionPool(host='www.dieei.unict.itcorsi', port=80): Max retries exceeded with url: /lm-29 (Caused by NewConnectionError('<urllib3.connection.HTTPConnection object at 0x7faacc4c3550>: Failed to establish a new connection: [Errno -2] Name or service not known',))
HTTPConnectionPool(host='www.dieei.unict.itcorsi', port=80): Max retries exceeded with url: /lm-27 (Caused by NewConnectionError('<urllib3.connection.HTTPConnection object at 0x7faacc4c30b8>: Failed to establish a new connection: [Errno -2] Name or service not known',))
HTTPConnectionPool(host='www.dieei.unict.itcorsi', port=80): Max retries exceeded with url: /lm-32 (Caused by NewConnectionError('<urllib3.connection.HTTPConnection object at 0x7faacc4c3550>: Failed to establish a new connection: [Errno -2] Name or service not known',))
HTTPConnectionPool(host='web.dmi.unict.itcorsi', port=80): Max retries exceeded with url: /l-31 (Caused by NewConnectionError('<urllib3.connection.HTTPConnection object at 0x7fd1b82d8cf8>: Failed to establish a new connection: [Errno -2] Name or service not known',))
HTTPConnectionPool(host='web.dmi.unict.itcorsi', port=80): Max retries exceeded with url: /l-35 (Caused by NewConnectionError('<urllib3.connection.HTTPConnection object at 0x7fd1b82d8cc0>: Failed to establish a new connection: [Errno -2] Name or service not known',))
HTTPConnectionPool(host='web.dmi.unict.itcorsi', port=80): Max retries exceeded with url: /lm-18 (Caused by NewConnectionError('<urllib3.connection.HTTPConnection object at 0x7fd1b82d8dd8>: Failed to establish a new connection: [Errno -2] Name or service not known',))
HTTPConnectionPool(host='web.dmi.unict.itcorsi', port=80): Max retries exceeded with url: /lm-40 (Caused by NewConnectionError('<urllib3.connection.HTTPConnection object at 0x7fd1b82d8e48>: Failed to establish a new connection: [Errno -2] Name or service not known',))
HTTPConnectionPool(host='web.dmi.unict.itcorsi', port=80): Max retries exceeded with url: /l-31 (Caused by NewConnectionError('<urllib3.connection.HTTPConnection object at 0x7fd1b81e52e8>: Failed to establish a new connection: [Errno -2] Name or service not known',))
HTTPConnectionPool(host='web.dmi.unict.itcorsi', port=80): Max retries exceeded with url: /l-35 (Caused by NewConnectionError('<urllib3.connection.HTTPConnection object at 0x7fd1b81e50f0>: Failed to establish a new connection: [Errno -2] Name or service not known',))
HTTPConnectionPool(host='web.dmi.unict.itcorsi', port=80): Max retries exceeded with url: /lm-18 (Caused by NewConnectionError('<urllib3.connection.HTTPConnection object at 0x7fd1b81e82e8>: Failed to establish a new connection: [Errno -2] Name or service not known',))
HTTPConnectionPool(host='web.dmi.unict.itcorsi', port=80): Max retries exceeded with url: /lm-40 (Caused by NewConnectionError('<urllib3.connection.HTTPConnection object at 0x7fd1b81e80f0>: Failed to establish a new connection: [Errno -2] Name or service not known',))
HTTPConnectionPool(host='www.dieei.unict.itcorsi', port=80): Max retries exceeded with url: /l-8-ele (Caused by NewConnectionError('<urllib3.connection.HTTPConnection object at 0x7fd1b817f1d0>: Failed to establish a new connection: [Errno -2] Name or service not known',))
HTTPConnectionPool(host='www.dieei.unict.itcorsi', port=80): Max retries exceeded with url: /l-9 (Caused by NewConnectionError('<urllib3.connection.HTTPConnection object at 0x7fd1a2f02710>: Failed to establish a new connection: [Errno -2] Name or service not known',))
HTTPConnectionPool(host='www.dieei.unict.itcorsi', port=80): Max retries exceeded with url: /l-8-inf (Caused by NewConnectionError('<urllib3.connection.HTTPConnection object at 0x7fd1a2f02710>: Failed to establish a new connection: [Errno -2] Name or service not known',))
HTTPConnectionPool(host='www.dieei.unict.itcorsi', port=80): Max retries exceeded with url: /lm-25 (Caused by NewConnectionError('<urllib3.connection.HTTPConnection object at 0x7fd1b817f320>: Failed to establish a new connection: [Errno -2] Name or service not known',))
HTTPConnectionPool(host='www.dieei.unict.itcorsi', port=80): Max retries exceeded with url: /lm-28 (Caused by NewConnectionError('<urllib3.connection.HTTPConnection object at 0x7fd1b817f278>: Failed to establish a new connection: [Errno -2] Name or service not known',))
HTTPConnectionPool(host='www.dieei.unict.itcorsi', port=80): Max retries exceeded with url: /lm-29 (Caused by NewConnectionError('<urllib3.connection.HTTPConnection object at 0x7fd1b817f3c8>: Failed to establish a new connection: [Errno -2] Name or service not known',))
HTTPConnectionPool(host='www.dieei.unict.itcorsi', port=80): Max retries exceeded with url: /lm-27 (Caused by NewConnectionError('<urllib3.connection.HTTPConnection object at 0x7fd1b814ebe0>: Failed to establish a new connection: [Errno -2] Name or service not known',))
HTTPConnectionPool(host='www.dieei.unict.itcorsi', port=80): Max retries exceeded with url: /lm-32 (Caused by NewConnectionError('<urllib3.connection.HTTPConnection object at 0x7fd1b814ee48>: Failed to establish a new connection: [Errno -2] Name or service not known',))
HTTPConnectionPool(host='www.dieei.unict.itcorsi', port=80): Max retries exceeded with url: /l-8-ele (Caused by NewConnectionError('<urllib3.connection.HTTPConnection object at 0x7fd1b80a7160>: Failed to establish a new connection: [Errno -2] Name or service not known',))
HTTPConnectionPool(host='www.dieei.unict.itcorsi', port=80): Max retries exceeded with url: /l-9 (Caused by NewConnectionError('<urllib3.connection.HTTPConnection object at 0x7fd1b80a72b0>: Failed to establish a new connection: [Errno -2] Name or service not known',))
HTTPConnectionPool(host='www.dieei.unict.itcorsi', port=80): Max retries exceeded with url: /l-8-inf (Caused by NewConnectionError('<urllib3.connection.HTTPConnection object at 0x7fd1b80a7cf8>: Failed to establish a new connection: [Errno -2] Name or service not known',))
HTTPConnectionPool(host='www.dieei.unict.itcorsi', port=80): Max retries exceeded with url: /lm-25 (Caused by NewConnectionError('<urllib3.connection.HTTPConnection object at 0x7fd1b80a7320>: Failed to establish a new connection: [Errno -2] Name or service not known',))
HTTPConnectionPool(host='www.dieei.unict.itcorsi', port=80): Max retries exceeded with url: /lm-28 (Caused by NewConnectionError('<urllib3.connection.HTTPConnection object at 0x7fd1b80a76a0>: Failed to establish a new connection: [Errno -2] Name or service not known',))
HTTPConnectionPool(host='www.dieei.unict.itcorsi', port=80): Max retries exceeded with url: /lm-29 (Caused by NewConnectionError('<urllib3.connection.HTTPConnection object at 0x7fd1b80a74e0>: Failed to establish a new connection: [Errno -2] Name or service not known',))
HTTPConnectionPool(host='www.dieei.unict.itcorsi', port=80): Max retries exceeded with url: /lm-27 (Caused by NewConnectionError('<urllib3.connection.HTTPConnection object at 0x7fd1b80a7198>: Failed to establish a new connection: [Errno -2] Name or service not known',))
HTTPConnectionPool(host='www.dieei.unict.itcorsi', port=80): Max retries exceeded with url: /lm-32 (Caused by NewConnectionError('<urllib3.connection.HTTPConnection object at 0x7fd1b80a74e0>: Failed to establish a new connection: [Errno -2] Name or service not known',))
HTTPConnectionPool(host='web.dmi.unict.itcorsi', port=80): Max retries exceeded with url: /l-31 (Caused by NewConnectionError('<urllib3.connection.HTTPConnection object at 0x7f4304735cf8>: Failed to establish a new connection: [Errno -2] Name or service not known',))
HTTPConnectionPool(host='web.dmi.unict.itcorsi', port=80): Max retries exceeded with url: /l-35 (Caused by NewConnectionError('<urllib3.connection.HTTPConnection object at 0x7f4304735cc0>: Failed to establish a new connection: [Errno -2] Name or service not known',))
HTTPConnectionPool(host='web.dmi.unict.itcorsi', port=80): Max retries exceeded with url: /lm-18 (Caused by NewConnectionError('<urllib3.connection.HTTPConnection object at 0x7f4304735dd8>: Failed to establish a new connection: [Errno -2] Name or service not known',))
HTTPConnectionPool(host='web.dmi.unict.itcorsi', port=80): Max retries exceeded with url: /lm-40 (Caused by NewConnectionError('<urllib3.connection.HTTPConnection object at 0x7f4304735e48>: Failed to establish a new connection: [Errno -2] Name or service not known',))
HTTPConnectionPool(host='web.dmi.unict.itcorsi', port=80): Max retries exceeded with url: /l-31 (Caused by NewConnectionError('<urllib3.connection.HTTPConnection object at 0x7f4304642320>: Failed to establish a new connection: [Errno -2] Name or service not known',))
HTTPConnectionPool(host='web.dmi.unict.itcorsi', port=80): Max retries exceeded with url: /l-35 (Caused by NewConnectionError('<urllib3.connection.HTTPConnection object at 0x7f4304642320>: Failed to establish a new connection: [Errno -2] Name or service not known',))
HTTPConnectionPool(host='web.dmi.unict.itcorsi', port=80): Max retries exceeded with url: /lm-18 (Caused by NewConnectionError('<urllib3.connection.HTTPConnection object at 0x7f4304642128>: Failed to establish a new connection: [Errno -2] Name or service not known',))
HTTPConnectionPool(host='web.dmi.unict.itcorsi', port=80): Max retries exceeded with url: /lm-40 (Caused by NewConnectionError('<urllib3.connection.HTTPConnection object at 0x7f43046420f0>: Failed to establish a new connection: [Errno -2] Name or service not known',))
HTTPConnectionPool(host='www.dieei.unict.itcorsi', port=80): Max retries exceeded with url: /l-8-ele (Caused by NewConnectionError('<urllib3.connection.HTTPConnection object at 0x7f43046e6208>: Failed to establish a new connection: [Errno -2] Name or service not known',))
HTTPConnectionPool(host='www.dieei.unict.itcorsi', port=80): Max retries exceeded with url: /l-9 (Caused by NewConnectionError('<urllib3.connection.HTTPConnection object at 0x7f43042ac748>: Failed to establish a new connection: [Errno -2] Name or service not known',))
HTTPConnectionPool(host='www.dieei.unict.itcorsi', port=80): Max retries exceeded with url: /l-8-inf (Caused by NewConnectionError('<urllib3.connection.HTTPConnection object at 0x7f43046e6320>: Failed to establish a new connection: [Errno -2] Name or service not known',))
HTTPConnectionPool(host='www.dieei.unict.itcorsi', port=80): Max retries exceeded with url: /lm-25 (Caused by NewConnectionError('<urllib3.connection.HTTPConnection object at 0x7f43046e62e8>: Failed to establish a new connection: [Errno -2] Name or service not known',))
HTTPConnectionPool(host='www.dieei.unict.itcorsi', port=80): Max retries exceeded with url: /lm-28 (Caused by NewConnectionError('<urllib3.connection.HTTPConnection object at 0x7f43046e6358>: Failed to establish a new connection: [Errno -2] Name or service not known',))
HTTPConnectionPool(host='www.dieei.unict.itcorsi', port=80): Max retries exceeded with url: /lm-29 (Caused by NewConnectionError('<urllib3.connection.HTTPConnection object at 0x7f4306e24278>: Failed to establish a new connection: [Errno -2] Name or service not known',))
HTTPConnectionPool(host='www.dieei.unict.itcorsi', port=80): Max retries exceeded with url: /lm-27 (Caused by NewConnectionError('<urllib3.connection.HTTPConnection object at 0x7f4306e247f0>: Failed to establish a new connection: [Errno -2] Name or service not known',))
HTTPConnectionPool(host='www.dieei.unict.itcorsi', port=80): Max retries exceeded with url: /lm-32 (Caused by NewConnectionError('<urllib3.connection.HTTPConnection object at 0x7f4306e24550>: Failed to establish a new connection: [Errno -2] Name or service not known',))
HTTPConnectionPool(host='www.dieei.unict.itcorsi', port=80): Max retries exceeded with url: /l-8-ele (Caused by NewConnectionError('<urllib3.connection.HTTPConnection object at 0x7f430449bdd8>: Failed to establish a new connection: [Errno -2] Name or service not known',))
HTTPConnectionPool(host='www.dieei.unict.itcorsi', port=80): Max retries exceeded with url: /l-9 (Caused by NewConnectionError('<urllib3.connection.HTTPConnection object at 0x7f430449b208>: Failed to establish a new connection: [Errno -2] Name or service not known',))
HTTPConnectionPool(host='www.dieei.unict.itcorsi', port=80): Max retries exceeded with url: /l-8-inf (Caused by NewConnectionError('<urllib3.connection.HTTPConnection object at 0x7f430449bd68>: Failed to establish a new connection: [Errno -2] Name or service not known',))
HTTPConnectionPool(host='www.dieei.unict.itcorsi', port=80): Max retries exceeded with url: /lm-25 (Caused by NewConnectionError('<urllib3.connection.HTTPConnection object at 0x7f430449bcf8>: Failed to establish a new connection: [Errno -2] Name or service not known',))
HTTPConnectionPool(host='www.dieei.unict.itcorsi', port=80): Max retries exceeded with url: /lm-28 (Caused by NewConnectionError('<urllib3.connection.HTTPConnection object at 0x7f430449b860>: Failed to establish a new connection: [Errno -2] Name or service not known',))
HTTPConnectionPool(host='www.dieei.unict.itcorsi', port=80): Max retries exceeded with url: /lm-29 (Caused by NewConnectionError('<urllib3.connection.HTTPConnection object at 0x7f430449bcf8>: Failed to establish a new connection: [Errno -2] Name or service not known',))
HTTPConnectionPool(host='www.dieei.unict.itcorsi', port=80): Max retries exceeded with url: /lm-27 (Caused by NewConnectionError('<urllib3.connection.HTTPConnection object at 0x7f430434c198>: Failed to establish a new connection: [Errno -2] Name or service not known',))
HTTPConnectionPool(host='www.dieei.unict.itcorsi', port=80): Max retries exceeded with url: /lm-32 (Caused by NewConnectionError('<urllib3.connection.HTTPConnection object at 0x7f430434c2b0>: Failed to establish a new connection: [Errno -2] Name or service not known',))
HTTPConnectionPool(host='web.dmi.unict.itcorsi', port=80): Max retries exceeded with url: /l-31 (Caused by NewConnectionError('<urllib3.connection.HTTPConnection object at 0x7fb659fcda90>: Failed to establish a new connection: [Errno -2] Name or service not known',))
HTTPConnectionPool(host='web.dmi.unict.itcorsi', port=80): Max retries exceeded with url: /l-35 (Caused by NewConnectionError('<urllib3.connection.HTTPConnection object at 0x7fb659fcddd8>: Failed to establish a new connection: [Errno -2] Name or service not known',))
HTTPConnectionPool(host='web.dmi.unict.itcorsi', port=80): Max retries exceeded with url: /lm-18 (Caused by NewConnectionError('<urllib3.connection.HTTPConnection object at 0x7fb659fcd9e8>: Failed to establish a new connection: [Errno -2] Name or service not known',))
HTTPConnectionPool(host='web.dmi.unict.itcorsi', port=80): Max retries exceeded with url: /lm-40 (Caused by NewConnectionError('<urllib3.connection.HTTPConnection object at 0x7fb659fcdcf8>: Failed to establish a new connection: [Errno -2] Name or service not known',))
HTTPConnectionPool(host='web.dmi.unict.itcorsi', port=80): Max retries exceeded with url: /l-31 (Caused by NewConnectionError('<urllib3.connection.HTTPConnection object at 0x7fb659ed92e8>: Failed to establish a new connection: [Errno -2] Name or service not known',))
HTTPConnectionPool(host='web.dmi.unict.itcorsi', port=80): Max retries exceeded with url: /l-35 (Caused by NewConnectionError('<urllib3.connection.HTTPConnection object at 0x7fb659ed90f0>: Failed to establish a new connection: [Errno -2] Name or service not known',))
HTTPConnectionPool(host='web.dmi.unict.itcorsi', port=80): Max retries exceeded with url: /lm-18 (Caused by NewConnectionError('<urllib3.connection.HTTPConnection object at 0x7fb659ed92e8>: Failed to establish a new connection: [Errno -2] Name or service not known',))
HTTPConnectionPool(host='web.dmi.unict.itcorsi', port=80): Max retries exceeded with url: /lm-40 (Caused by NewConnectionError('<urllib3.connection.HTTPConnection object at 0x7fb659ede2e8>: Failed to establish a new connection: [Errno -2] Name or service not known',))
HTTPConnectionPool(host='www.dieei.unict.itcorsi', port=80): Max retries exceeded with url: /l-8-ele (Caused by NewConnectionError('<urllib3.connection.HTTPConnection object at 0x7fb659c149e8>: Failed to establish a new connection: [Errno -2] Name or service not known',))
HTTPConnectionPool(host='www.dieei.unict.itcorsi', port=80): Max retries exceeded with url: /l-9 (Caused by NewConnectionError('<urllib3.connection.HTTPConnection object at 0x7fb659ff6400>: Failed to establish a new connection: [Errno -2] Name or service not known',))
HTTPConnectionPool(host='www.dieei.unict.itcorsi', port=80): Max retries exceeded with url: /l-8-inf (Caused by NewConnectionError('<urllib3.connection.HTTPConnection object at 0x7fb659ff61d0>: Failed to establish a new connection: [Errno -2] Name or service not known',))
HTTPConnectionPool(host='www.dieei.unict.itcorsi', port=80): Max retries exceeded with url: /lm-25 (Caused by NewConnectionError('<urllib3.connection.HTTPConnection object at 0x7fb669edb5c0>: Failed to establish a new connection: [Errno -2] Name or service not known',))
HTTPConnectionPool(host='www.dieei.unict.itcorsi', port=80): Max retries exceeded with url: /lm-28 (Caused by NewConnectionError('<urllib3.connection.HTTPConnection object at 0x7fb669edba90>: Failed to establish a new connection: [Errno -2] Name or service not known',))
HTTPConnectionPool(host='www.dieei.unict.itcorsi', port=80): Max retries exceeded with url: /lm-29 (Caused by NewConnectionError('<urllib3.connection.HTTPConnection object at 0x7fb659ce8a58>: Failed to establish a new connection: [Errno -2] Name or service not known',))
HTTPConnectionPool(host='www.dieei.unict.itcorsi', port=80): Max retries exceeded with url: /lm-27 (Caused by NewConnectionError('<urllib3.connection.HTTPConnection object at 0x7fb669ec93c8>: Failed to establish a new connection: [Errno -2] Name or service not known',))
HTTPConnectionPool(host='www.dieei.unict.itcorsi', port=80): Max retries exceeded with url: /lm-32 (Caused by NewConnectionError('<urllib3.connection.HTTPConnection object at 0x7fb669ec96a0>: Failed to establish a new connection: [Errno -2] Name or service not known',))
HTTPConnectionPool(host='www.dieei.unict.itcorsi', port=80): Max retries exceeded with url: /l-8-ele (Caused by NewConnectionError('<urllib3.connection.HTTPConnection object at 0x7fb659c7ea20>: Failed to establish a new connection: [Errno -2] Name or service not known',))
HTTPConnectionPool(host='www.dieei.unict.itcorsi', port=80): Max retries exceeded with url: /l-9 (Caused by NewConnectionError('<urllib3.connection.HTTPConnection object at 0x7fb659c7e630>: Failed to establish a new connection: [Errno -2] Name or service not known',))
HTTPConnectionPool(host='www.dieei.unict.itcorsi', port=80): Max retries exceeded with url: /l-8-inf (Caused by NewConnectionError('<urllib3.connection.HTTPConnection object at 0x7fb659c7e6d8>: Failed to establish a new connection: [Errno -2] Name or service not known',))
HTTPConnectionPool(host='www.dieei.unict.itcorsi', port=80): Max retries exceeded with url: /lm-25 (Caused by NewConnectionError('<urllib3.connection.HTTPConnection object at 0x7fb659c7e320>: Failed to establish a new connection: [Errno -2] Name or service not known',))
HTTPConnectionPool(host='www.dieei.unict.itcorsi', port=80): Max retries exceeded with url: /lm-28 (Caused by NewConnectionError('<urllib3.connection.HTTPConnection object at 0x7fb659c7e630>: Failed to establish a new connection: [Errno -2] Name or service not known',))
HTTPConnectionPool(host='www.dieei.unict.itcorsi', port=80): Max retries exceeded with url: /lm-29 (Caused by NewConnectionError('<urllib3.connection.HTTPConnection object at 0x7fb659c7e6d8>: Failed to establish a new connection: [Errno -2] Name or service not known',))
HTTPConnectionPool(host='www.dieei.unict.itcorsi', port=80): Max retries exceeded with url: /lm-27 (Caused by NewConnectionError('<urllib3.connection.HTTPConnection object at 0x7fb659c7e630>: Failed to establish a new connection: [Errno -2] Name or service not known',))
HTTPConnectionPool(host='www.dieei.unict.itcorsi', port=80): Max retries exceeded with url: /lm-32 (Caused by NewConnectionError('<urllib3.connection.HTTPConnection object at 0x7fb659fee7f0>: Failed to establish a new connection: [Errno -2] Name or service not known',))
HTTPConnectionPool(host='web.dmi.unict.itcorsi', port=80): Max retries exceeded with url: /l-31 (Caused by NewConnectionError('<urllib3.connection.HTTPConnection object at 0x7f96b04e3668>: Failed to establish a new connection: [Errno -2] Name or service not known',))
HTTPConnectionPool(host='web.dmi.unict.itcorsi', port=80): Max retries exceeded with url: /l-35 (Caused by NewConnectionError('<urllib3.connection.HTTPConnection object at 0x7f96b04e3d30>: Failed to establish a new connection: [Errno -2] Name or service not known',))
HTTPConnectionPool(host='web.dmi.unict.itcorsi', port=80): Max retries exceeded with url: /lm-18 (Caused by NewConnectionError('<urllib3.connection.HTTPConnection object at 0x7f96b04e3dd8>: Failed to establish a new connection: [Errno -2] Name or service not known',))
HTTPConnectionPool(host='web.dmi.unict.itcorsi', port=80): Max retries exceeded with url: /lm-40 (Caused by NewConnectionError('<urllib3.connection.HTTPConnection object at 0x7f96b04e3b00>: Failed to establish a new connection: [Errno -2] Name or service not known',))
HTTPConnectionPool(host='web.dmi.unict.itcorsi', port=80): Max retries exceeded with url: /l-31 (Caused by NewConnectionError('<urllib3.connection.HTTPConnection object at 0x7f96b03f0390>: Failed to establish a new connection: [Errno -2] Name or service not known',))
HTTPConnectionPool(host='web.dmi.unict.itcorsi', port=80): Max retries exceeded with url: /l-35 (Caused by NewConnectionError('<urllib3.connection.HTTPConnection object at 0x7f96b03f0198>: Failed to establish a new connection: [Errno -2] Name or service not known',))
HTTPConnectionPool(host='web.dmi.unict.itcorsi', port=80): Max retries exceeded with url: /lm-18 (Caused by NewConnectionError('<urllib3.connection.HTTPConnection object at 0x7f96b03f3390>: Failed to establish a new connection: [Errno -2] Name or service not known',))
HTTPConnectionPool(host='web.dmi.unict.itcorsi', port=80): Max retries exceeded with url: /lm-40 (Caused by NewConnectionError('<urllib3.connection.HTTPConnection object at 0x7f96b03f3198>: Failed to establish a new connection: [Errno -2] Name or service not known',))
HTTPConnectionPool(host='www.dieei.unict.itcorsi', port=80): Max retries exceeded with url: /l-8-ele (Caused by NewConnectionError('<urllib3.connection.HTTPConnection object at 0x7f96b0501240>: Failed to establish a new connection: [Errno -2] Name or service not known',))
HTTPConnectionPool(host='www.dieei.unict.itcorsi', port=80): Max retries exceeded with url: /l-9 (Caused by NewConnectionError('<urllib3.connection.HTTPConnection object at 0x7f96b2bbb780>: Failed to establish a new connection: [Errno -2] Name or service not known',))
HTTPConnectionPool(host='www.dieei.unict.itcorsi', port=80): Max retries exceeded with url: /l-8-inf (Caused by NewConnectionError('<urllib3.connection.HTTPConnection object at 0x7f96b2bbb780>: Failed to establish a new connection: [Errno -2] Name or service not known',))
HTTPConnectionPool(host='www.dieei.unict.itcorsi', port=80): Max retries exceeded with url: /lm-25 (Caused by NewConnectionError('<urllib3.connection.HTTPConnection object at 0x7f96b0501320>: Failed to establish a new connection: [Errno -2] Name or service not known',))
HTTPConnectionPool(host='www.dieei.unict.itcorsi', port=80): Max retries exceeded with url: /lm-28 (Caused by NewConnectionError('<urllib3.connection.HTTPConnection object at 0x7f96b2bd2438>: Failed to establish a new connection: [Errno -2] Name or service not known',))
HTTPConnectionPool(host='www.dieei.unict.itcorsi', port=80): Max retries exceeded with url: /lm-29 (Caused by NewConnectionError('<urllib3.connection.HTTPConnection object at 0x7f96b2bd24e0>: Failed to establish a new connection: [Errno -2] Name or service not known',))
HTTPConnectionPool(host='www.dieei.unict.itcorsi', port=80): Max retries exceeded with url: /lm-27 (Caused by NewConnectionError('<urllib3.connection.HTTPConnection object at 0x7f96b2bd2278>: Failed to establish a new connection: [Errno -2] Name or service not known',))
HTTPConnectionPool(host='www.dieei.unict.itcorsi', port=80): Max retries exceeded with url: /lm-32 (Caused by NewConnectionError('<urllib3.connection.HTTPConnection object at 0x7f96b2bd2550>: Failed to establish a new connection: [Errno -2] Name or service not known',))
HTTPConnectionPool(host='www.dieei.unict.itcorsi', port=80): Max retries exceeded with url: /l-8-ele (Caused by NewConnectionError('<urllib3.connection.HTTPConnection object at 0x7f96b019e438>: Failed to establish a new connection: [Errno -2] Name or service not known',))
HTTPConnectionPool(host='www.dieei.unict.itcorsi', port=80): Max retries exceeded with url: /l-9 (Caused by NewConnectionError('<urllib3.connection.HTTPConnection object at 0x7f96b019e2b0>: Failed to establish a new connection: [Errno -2] Name or service not known',))
HTTPConnectionPool(host='www.dieei.unict.itcorsi', port=80): Max retries exceeded with url: /l-8-inf (Caused by NewConnectionError('<urllib3.connection.HTTPConnection object at 0x7f96b019eeb8>: Failed to establish a new connection: [Errno -2] Name or service not known',))
HTTPConnectionPool(host='www.dieei.unict.itcorsi', port=80): Max retries exceeded with url: /lm-25 (Caused by NewConnectionError('<urllib3.connection.HTTPConnection object at 0x7f96b05002e8>: Failed to establish a new connection: [Errno -2] Name or service not known',))
HTTPConnectionPool(host='www.dieei.unict.itcorsi', port=80): Max retries exceeded with url: /lm-28 (Caused by NewConnectionError('<urllib3.connection.HTTPConnection object at 0x7f96b019e080>: Failed to establish a new connection: [Errno -2] Name or service not known',))
HTTPConnectionPool(host='www.dieei.unict.itcorsi', port=80): Max retries exceeded with url: /lm-29 (Caused by NewConnectionError('<urllib3.connection.HTTPConnection object at 0x7f96b019e2b0>: Failed to establish a new connection: [Errno -2] Name or service not known',))
HTTPConnectionPool(host='www.dieei.unict.itcorsi', port=80): Max retries exceeded with url: /lm-27 (Caused by NewConnectionError('<urllib3.connection.HTTPConnection object at 0x7f96b048c550>: Failed to establish a new connection: [Errno -2] Name or service not known',))
HTTPConnectionPool(host='www.dieei.unict.itcorsi', port=80): Max retries exceeded with url: /lm-32 (Caused by NewConnectionError('<urllib3.connection.HTTPConnection object at 0x7f96b019e080>: Failed to establish a new connection: [Errno -2] Name or service not known',))
HTTPConnectionPool(host='web.dmi.unict.itcorsi', port=80): Max retries exceeded with url: /l-31 (Caused by NewConnectionError('<urllib3.connection.HTTPConnection object at 0x7f4e3d3270b8>: Failed to establish a new connection: [Errno -2] Name or service not known',))
HTTPConnectionPool(host='web.dmi.unict.itcorsi', port=80): Max retries exceeded with url: /l-35 (Caused by NewConnectionError('<urllib3.connection.HTTPConnection object at 0x7f4e3d327198>: Failed to establish a new connection: [Errno -2] Name or service not known',))
HTTPConnectionPool(host='web.dmi.unict.itcorsi', port=80): Max retries exceeded with url: /lm-18 (Caused by NewConnectionError('<urllib3.connection.HTTPConnection object at 0x7f4e3d30ea90>: Failed to establish a new connection: [Errno -2] Name or service not known',))
HTTPConnectionPool(host='web.dmi.unict.itcorsi', port=80): Max retries exceeded with url: /lm-40 (Caused by NewConnectionError('<urllib3.connection.HTTPConnection object at 0x7f4e3d30ec88>: Failed to establish a new connection: [Errno -2] Name or service not known',))
HTTPConnectionPool(host='web.dmi.unict.itcorsi', port=80): Max retries exceeded with url: /l-31 (Caused by NewConnectionError('<urllib3.connection.HTTPConnection object at 0x7f4e34af5358>: Failed to establish a new connection: [Errno -2] Name or service not known',))
HTTPConnectionPool(host='web.dmi.unict.itcorsi', port=80): Max retries exceeded with url: /l-35 (Caused by NewConnectionError('<urllib3.connection.HTTPConnection object at 0x7f4e34af5160>: Failed to establish a new connection: [Errno -2] Name or service not known',))
HTTPConnectionPool(host='web.dmi.unict.itcorsi', port=80): Max retries exceeded with url: /lm-18 (Caused by NewConnectionError('<urllib3.connection.HTTPConnection object at 0x7f4e34af5128>: Failed to establish a new connection: [Errno -2] Name or service not known',))
HTTPConnectionPool(host='web.dmi.unict.itcorsi', port=80): Max retries exceeded with url: /lm-40 (Caused by NewConnectionError('<urllib3.connection.HTTPConnection object at 0x7f4e34af50f0>: Failed to establish a new connection: [Errno -2] Name or service not known',))
HTTPConnectionPool(host='www.dieei.unict.itcorsi', port=80): Max retries exceeded with url: /l-8-ele (Caused by NewConnectionError('<urllib3.connection.HTTPConnection object at 0x7f4e349ce208>: Failed to establish a new connection: [Errno -2] Name or service not known',))
HTTPConnectionPool(host='www.dieei.unict.itcorsi', port=80): Max retries exceeded with url: /l-9 (Caused by NewConnectionError('<urllib3.connection.HTTPConnection object at 0x7f4e3d36fe10>: Failed to establish a new connection: [Errno -2] Name or service not known',))
HTTPConnectionPool(host='www.dieei.unict.itcorsi', port=80): Max retries exceeded with url: /l-8-inf (Caused by NewConnectionError('<urllib3.connection.HTTPConnection object at 0x7f4e3d36f6d8>: Failed to establish a new connection: [Errno -2] Name or service not known',))
HTTPConnectionPool(host='www.dieei.unict.itcorsi', port=80): Max retries exceeded with url: /lm-25 (Caused by NewConnectionError('<urllib3.connection.HTTPConnection object at 0x7f4e3d36f828>: Failed to establish a new connection: [Errno -2] Name or service not known',))
HTTPConnectionPool(host='www.dieei.unict.itcorsi', port=80): Max retries exceeded with url: /lm-28 (Caused by NewConnectionError('<urllib3.connection.HTTPConnection object at 0x7f4e3d36fb38>: Failed to establish a new connection: [Errno -2] Name or service not known',))
HTTPConnectionPool(host='www.dieei.unict.itcorsi', port=80): Max retries exceeded with url: /lm-29 (Caused by NewConnectionError('<urllib3.connection.HTTPConnection object at 0x7f4e3d36ff98>: Failed to establish a new connection: [Errno -2] Name or service not known',))
HTTPConnectionPool(host='www.dieei.unict.itcorsi', port=80): Max retries exceeded with url: /lm-27 (Caused by NewConnectionError('<urllib3.connection.HTTPConnection object at 0x7f4e3d36f828>: Failed to establish a new connection: [Errno -2] Name or service not known',))
HTTPConnectionPool(host='www.dieei.unict.itcorsi', port=80): Max retries exceeded with url: /lm-32 (Caused by NewConnectionError('<urllib3.connection.HTTPConnection object at 0x7f4e3d36fb38>: Failed to establish a new connection: [Errno -2] Name or service not known',))
HTTPConnectionPool(host='www.dieei.unict.itcorsi', port=80): Max retries exceeded with url: /l-8-ele (Caused by NewConnectionError('<urllib3.connection.HTTPConnection object at 0x7f4e348d5f28>: Failed to establish a new connection: [Errno -2] Name or service not known',))
HTTPConnectionPool(host='www.dieei.unict.itcorsi', port=80): Max retries exceeded with url: /l-9 (Caused by NewConnectionError('<urllib3.connection.HTTPConnection object at 0x7f4e348d5a58>: Failed to establish a new connection: [Errno -2] Name or service not known',))
HTTPConnectionPool(host='www.dieei.unict.itcorsi', port=80): Max retries exceeded with url: /l-8-inf (Caused by NewConnectionError('<urllib3.connection.HTTPConnection object at 0x7f4e348d5518>: Failed to establish a new connection: [Errno -2] Name or service not known',))
HTTPConnectionPool(host='www.dieei.unict.itcorsi', port=80): Max retries exceeded with url: /lm-25 (Caused by NewConnectionError('<urllib3.connection.HTTPConnection object at 0x7f4e348d5b70>: Failed to establish a new connection: [Errno -2] Name or service not known',))
HTTPConnectionPool(host='www.dieei.unict.itcorsi', port=80): Max retries exceeded with url: /lm-28 (Caused by NewConnectionError('<urllib3.connection.HTTPConnection object at 0x7f4e348d5438>: Failed to establish a new connection: [Errno -2] Name or service not known',))
HTTPConnectionPool(host='www.dieei.unict.itcorsi', port=80): Max retries exceeded with url: /lm-29 (Caused by NewConnectionError('<urllib3.connection.HTTPConnection object at 0x7f4e348d54a8>: Failed to establish a new connection: [Errno -2] Name or service not known',))
HTTPConnectionPool(host='www.dieei.unict.itcorsi', port=80): Max retries exceeded with url: /lm-27 (Caused by NewConnectionError('<urllib3.connection.HTTPConnection object at 0x7f4e348d5438>: Failed to establish a new connection: [Errno -2] Name or service not known',))
HTTPConnectionPool(host='www.dieei.unict.itcorsi', port=80): Max retries exceeded with url: /lm-32 (Caused by NewConnectionError('<urllib3.connection.HTTPConnection object at 0x7f4e3498cbe0>: Failed to establish a new connection: [Errno -2] Name or service not known',))
HTTPConnectionPool(host='web.dmi.unict.itcorsi', port=80): Max retries exceeded with url: /l-31 (Caused by NewConnectionError('<urllib3.connection.HTTPConnection object at 0x7fdb1c6f9cf8>: Failed to establish a new connection: [Errno -2] Name or service not known',))
HTTPConnectionPool(host='web.dmi.unict.itcorsi', port=80): Max retries exceeded with url: /l-35 (Caused by NewConnectionError('<urllib3.connection.HTTPConnection object at 0x7fdb1c6f9cc0>: Failed to establish a new connection: [Errno -2] Name or service not known',))
HTTPConnectionPool(host='web.dmi.unict.itcorsi', port=80): Max retries exceeded with url: /lm-18 (Caused by NewConnectionError('<urllib3.connection.HTTPConnection object at 0x7fdb1c6f9dd8>: Failed to establish a new connection: [Errno -2] Name or service not known',))
HTTPConnectionPool(host='web.dmi.unict.itcorsi', port=80): Max retries exceeded with url: /lm-40 (Caused by NewConnectionError('<urllib3.connection.HTTPConnection object at 0x7fdb1c6f9e48>: Failed to establish a new connection: [Errno -2] Name or service not known',))
HTTPConnectionPool(host='web.dmi.unict.itcorsi', port=80): Max retries exceeded with url: /l-31 (Caused by NewConnectionError('<urllib3.connection.HTTPConnection object at 0x7fdb1c607320>: Failed to establish a new connection: [Errno -2] Name or service not known',))
HTTPConnectionPool(host='web.dmi.unict.itcorsi', port=80): Max retries exceeded with url: /l-35 (Caused by NewConnectionError('<urllib3.connection.HTTPConnection object at 0x7fdb1c607128>: Failed to establish a new connection: [Errno -2] Name or service not known',))
HTTPConnectionPool(host='web.dmi.unict.itcorsi', port=80): Max retries exceeded with url: /lm-18 (Caused by NewConnectionError('<urllib3.connection.HTTPConnection object at 0x7fdb1c60a320>: Failed to establish a new connection: [Errno -2] Name or service not known',))
HTTPConnectionPool(host='web.dmi.unict.itcorsi', port=80): Max retries exceeded with url: /lm-40 (Caused by NewConnectionError('<urllib3.connection.HTTPConnection object at 0x7fdb1c60a128>: Failed to establish a new connection: [Errno -2] Name or service not known',))
HTTPConnectionPool(host='www.dieei.unict.itcorsi', port=80): Max retries exceeded with url: /l-8-ele (Caused by NewConnectionError('<urllib3.connection.HTTPConnection object at 0x7fdb1c6f44a8>: Failed to establish a new connection: [Errno -2] Name or service not known',))
HTTPConnectionPool(host='www.dieei.unict.itcorsi', port=80): Max retries exceeded with url: /l-9 (Caused by NewConnectionError('<urllib3.connection.HTTPConnection object at 0x7fdb1c2816a0>: Failed to establish a new connection: [Errno -2] Name or service not known',))
HTTPConnectionPool(host='www.dieei.unict.itcorsi', port=80): Max retries exceeded with url: /l-8-inf (Caused by NewConnectionError('<urllib3.connection.HTTPConnection object at 0x7fdb1c6f44a8>: Failed to establish a new connection: [Errno -2] Name or service not known',))
HTTPConnectionPool(host='www.dieei.unict.itcorsi', port=80): Max retries exceeded with url: /lm-25 (Caused by NewConnectionError('<urllib3.connection.HTTPConnection object at 0x7fdb1c6f4320>: Failed to establish a new connection: [Errno -2] Name or service not known',))
HTTPConnectionPool(host='www.dieei.unict.itcorsi', port=80): Max retries exceeded with url: /lm-28 (Caused by NewConnectionError('<urllib3.connection.HTTPConnection object at 0x7fdb1fdf5208>: Failed to establish a new connection: [Errno -2] Name or service not known',))
HTTPConnectionPool(host='www.dieei.unict.itcorsi', port=80): Max retries exceeded with url: /lm-29 (Caused by NewConnectionError('<urllib3.connection.HTTPConnection object at 0x7fdb1fdf5160>: Failed to establish a new connection: [Errno -2] Name or service not known',))
HTTPConnectionPool(host='www.dieei.unict.itcorsi', port=80): Max retries exceeded with url: /lm-27 (Caused by NewConnectionError('<urllib3.connection.HTTPConnection object at 0x7fdb1fdf5d30>: Failed to establish a new connection: [Errno -2] Name or service not known',))
HTTPConnectionPool(host='www.dieei.unict.itcorsi', port=80): Max retries exceeded with url: /lm-32 (Caused by NewConnectionError('<urllib3.connection.HTTPConnection object at 0x7fdb1fdf5208>: Failed to establish a new connection: [Errno -2] Name or service not known',))
HTTPConnectionPool(host='www.dieei.unict.itcorsi', port=80): Max retries exceeded with url: /l-8-ele (Caused by NewConnectionError('<urllib3.connection.HTTPConnection object at 0x7fdb1c3d0048>: Failed to establish a new connection: [Errno -2] Name or service not known',))
HTTPConnectionPool(host='www.dieei.unict.itcorsi', port=80): Max retries exceeded with url: /l-9 (Caused by NewConnectionError('<urllib3.connection.HTTPConnection object at 0x7fdb1c3d0fd0>: Failed to establish a new connection: [Errno -2] Name or service not known',))
HTTPConnectionPool(host='www.dieei.unict.itcorsi', port=80): Max retries exceeded with url: /l-8-inf (Caused by NewConnectionError('<urllib3.connection.HTTPConnection object at 0x7fdb1c3d0828>: Failed to establish a new connection: [Errno -2] Name or service not known',))
HTTPConnectionPool(host='www.dieei.unict.itcorsi', port=80): Max retries exceeded with url: /lm-25 (Caused by NewConnectionError('<urllib3.connection.HTTPConnection object at 0x7fdb1c3d0320>: Failed to establish a new connection: [Errno -2] Name or service not known',))
HTTPConnectionPool(host='www.dieei.unict.itcorsi', port=80): Max retries exceeded with url: /lm-28 (Caused by NewConnectionError('<urllib3.connection.HTTPConnection object at 0x7fdb1c3d05f8>: Failed to establish a new connection: [Errno -2] Name or service not known',))
HTTPConnectionPool(host='www.dieei.unict.itcorsi', port=80): Max retries exceeded with url: /lm-29 (Caused by NewConnectionError('<urllib3.connection.HTTPConnection object at 0x7fdb1c3d0e10>: Failed to establish a new connection: [Errno -2] Name or service not known',))
HTTPConnectionPool(host='www.dieei.unict.itcorsi', port=80): Max retries exceeded with url: /lm-27 (Caused by NewConnectionError('<urllib3.connection.HTTPConnection object at 0x7fdb1c3d05f8>: Failed to establish a new connection: [Errno -2] Name or service not known',))
HTTPConnectionPool(host='www.dieei.unict.itcorsi', port=80): Max retries exceeded with url: /lm-32 (Caused by NewConnectionError('<urllib3.connection.HTTPConnection object at 0x7fdb1c314e10>: Failed to establish a new connection: [Errno -2] Name or service not known',))
HTTPConnectionPool(host='web.dmi.unict.itcorsi', port=80): Max retries exceeded with url: /l-31 (Caused by NewConnectionError('<urllib3.connection.HTTPConnection object at 0x7f86a46afa90>: Failed to establish a new connection: [Errno -2] Name or service not known',))
HTTPConnectionPool(host='web.dmi.unict.itcorsi', port=80): Max retries exceeded with url: /l-35 (Caused by NewConnectionError('<urllib3.connection.HTTPConnection object at 0x7f86a46afdd8>: Failed to establish a new connection: [Errno -2] Name or service not known',))
HTTPConnectionPool(host='web.dmi.unict.itcorsi', port=80): Max retries exceeded with url: /lm-18 (Caused by NewConnectionError('<urllib3.connection.HTTPConnection object at 0x7f86a46af9e8>: Failed to establish a new connection: [Errno -2] Name or service not known',))
HTTPConnectionPool(host='web.dmi.unict.itcorsi', port=80): Max retries exceeded with url: /lm-40 (Caused by NewConnectionError('<urllib3.connection.HTTPConnection object at 0x7f86a46afcf8>: Failed to establish a new connection: [Errno -2] Name or service not known',))
HTTPConnectionPool(host='web.dmi.unict.itcorsi', port=80): Max retries exceeded with url: /l-31 (Caused by NewConnectionError('<urllib3.connection.HTTPConnection object at 0x7f86a45bc2e8>: Failed to establish a new connection: [Errno -2] Name or service not known',))
HTTPConnectionPool(host='web.dmi.unict.itcorsi', port=80): Max retries exceeded with url: /l-35 (Caused by NewConnectionError('<urllib3.connection.HTTPConnection object at 0x7f86a45bc0f0>: Failed to establish a new connection: [Errno -2] Name or service not known',))
HTTPConnectionPool(host='web.dmi.unict.itcorsi', port=80): Max retries exceeded with url: /lm-18 (Caused by NewConnectionError('<urllib3.connection.HTTPConnection object at 0x7f86a45bf2e8>: Failed to establish a new connection: [Errno -2] Name or service not known',))
HTTPConnectionPool(host='web.dmi.unict.itcorsi', port=80): Max retries exceeded with url: /lm-40 (Caused by NewConnectionError('<urllib3.connection.HTTPConnection object at 0x7f86a45bf0f0>: Failed to establish a new connection: [Errno -2] Name or service not known',))
HTTPConnectionPool(host='www.dieei.unict.itcorsi', port=80): Max retries exceeded with url: /l-8-ele (Caused by NewConnectionError('<urllib3.connection.HTTPConnection object at 0x7f86a444c1d0>: Failed to establish a new connection: [Errno -2] Name or service not known',))
HTTPConnectionPool(host='www.dieei.unict.itcorsi', port=80): Max retries exceeded with url: /l-9 (Caused by NewConnectionError('<urllib3.connection.HTTPConnection object at 0x7f86a429c780>: Failed to establish a new connection: [Errno -2] Name or service not known',))
HTTPConnectionPool(host='www.dieei.unict.itcorsi', port=80): Max retries exceeded with url: /l-8-inf (Caused by NewConnectionError('<urllib3.connection.HTTPConnection object at 0x7f86a5e04c50>: Failed to establish a new connection: [Errno -2] Name or service not known',))
HTTPConnectionPool(host='www.dieei.unict.itcorsi', port=80): Max retries exceeded with url: /lm-25 (Caused by NewConnectionError('<urllib3.connection.HTTPConnection object at 0x7f86a5e04ac8>: Failed to establish a new connection: [Errno -2] Name or service not known',))
HTTPConnectionPool(host='www.dieei.unict.itcorsi', port=80): Max retries exceeded with url: /lm-28 (Caused by NewConnectionError('<urllib3.connection.HTTPConnection object at 0x7f86a5e04c50>: Failed to establish a new connection: [Errno -2] Name or service not known',))
HTTPConnectionPool(host='www.dieei.unict.itcorsi', port=80): Max retries exceeded with url: /lm-29 (Caused by NewConnectionError('<urllib3.connection.HTTPConnection object at 0x7f86a5e04e80>: Failed to establish a new connection: [Errno -2] Name or service not known',))
HTTPConnectionPool(host='www.dieei.unict.itcorsi', port=80): Max retries exceeded with url: /lm-27 (Caused by NewConnectionError('<urllib3.connection.HTTPConnection object at 0x7f86a5e04ac8>: Failed to establish a new connection: [Errno -2] Name or service not known',))
HTTPConnectionPool(host='www.dieei.unict.itcorsi', port=80): Max retries exceeded with url: /lm-32 (Caused by NewConnectionError('<urllib3.connection.HTTPConnection object at 0x7f86a5e04c50>: Failed to establish a new connection: [Errno -2] Name or service not known',))
HTTPConnectionPool(host='www.dieei.unict.itcorsi', port=80): Max retries exceeded with url: /l-8-ele (Caused by NewConnectionError('<urllib3.connection.HTTPConnection object at 0x7f86a4404160>: Failed to establish a new connection: [Errno -2] Name or service not known',))
HTTPConnectionPool(host='www.dieei.unict.itcorsi', port=80): Max retries exceeded with url: /l-9 (Caused by NewConnectionError('<urllib3.connection.HTTPConnection object at 0x7f86a4404400>: Failed to establish a new connection: [Errno -2] Name or service not known',))
HTTPConnectionPool(host='www.dieei.unict.itcorsi', port=80): Max retries exceeded with url: /l-8-inf (Caused by NewConnectionError('<urllib3.connection.HTTPConnection object at 0x7f86a44043c8>: Failed to establish a new connection: [Errno -2] Name or service not known',))
HTTPConnectionPool(host='www.dieei.unict.itcorsi', port=80): Max retries exceeded with url: /lm-25 (Caused by NewConnectionError('<urllib3.connection.HTTPConnection object at 0x7f86a4404128>: Failed to establish a new connection: [Errno -2] Name or service not known',))
HTTPConnectionPool(host='www.dieei.unict.itcorsi', port=80): Max retries exceeded with url: /lm-28 (Caused by NewConnectionError('<urllib3.connection.HTTPConnection object at 0x7f86a4404400>: Failed to establish a new connection: [Errno -2] Name or service not known',))
HTTPConnectionPool(host='www.dieei.unict.itcorsi', port=80): Max retries exceeded with url: /lm-29 (Caused by NewConnectionError('<urllib3.connection.HTTPConnection object at 0x7f86a44043c8>: Failed to establish a new connection: [Errno -2] Name or service not known',))
HTTPConnectionPool(host='www.dieei.unict.itcorsi', port=80): Max retries exceeded with url: /lm-27 (Caused by NewConnectionError('<urllib3.connection.HTTPConnection object at 0x7f86a4404400>: Failed to establish a new connection: [Errno -2] Name or service not known',))
HTTPConnectionPool(host='www.dieei.unict.itcorsi', port=80): Max retries exceeded with url: /lm-32 (Caused by NewConnectionError('<urllib3.connection.HTTPConnection object at 0x7f86a4404e10>: Failed to establish a new connection: [Errno -2] Name or service not known',))
HTTPConnectionPool(host='web.dmi.unict.itcorsi', port=80): Max retries exceeded with url: /l-31 (Caused by NewConnectionError('<urllib3.connection.HTTPConnection object at 0x7f75b31c7160>: Failed to establish a new connection: [Errno -2] Name or service not known',))
HTTPConnectionPool(host='web.dmi.unict.itcorsi', port=80): Max retries exceeded with url: /l-35 (Caused by NewConnectionError('<urllib3.connection.HTTPConnection object at 0x7f75b31c7240>: Failed to establish a new connection: [Errno -2] Name or service not known',))
HTTPConnectionPool(host='web.dmi.unict.itcorsi', port=80): Max retries exceeded with url: /lm-18 (Caused by NewConnectionError('<urllib3.connection.HTTPConnection object at 0x7f75b31ae860>: Failed to establish a new connection: [Errno -2] Name or service not known',))
HTTPConnectionPool(host='web.dmi.unict.itcorsi', port=80): Max retries exceeded with url: /lm-40 (Caused by NewConnectionError('<urllib3.connection.HTTPConnection object at 0x7f75b31ae828>: Failed to establish a new connection: [Errno -2] Name or service not known',))
HTTPConnectionPool(host='web.dmi.unict.itcorsi', port=80): Max retries exceeded with url: /l-31 (Caused by NewConnectionError('<urllib3.connection.HTTPConnection object at 0x7f75b01c12b0>: Failed to establish a new connection: [Errno -2] Name or service not known',))
HTTPConnectionPool(host='web.dmi.unict.itcorsi', port=80): Max retries exceeded with url: /l-35 (Caused by NewConnectionError('<urllib3.connection.HTTPConnection object at 0x7f75b01c10b8>: Failed to establish a new connection: [Errno -2] Name or service not known',))
HTTPConnectionPool(host='web.dmi.unict.itcorsi', port=80): Max retries exceeded with url: /lm-18 (Caused by NewConnectionError('<urllib3.connection.HTTPConnection object at 0x7f75b01c42b0>: Failed to establish a new connection: [Errno -2] Name or service not known',))
HTTPConnectionPool(host='web.dmi.unict.itcorsi', port=80): Max retries exceeded with url: /lm-40 (Caused by NewConnectionError('<urllib3.connection.HTTPConnection object at 0x7f75b01c40b8>: Failed to establish a new connection: [Errno -2] Name or service not known',))
HTTPConnectionPool(host='www.dieei.unict.itcorsi', port=80): Max retries exceeded with url: /l-8-ele (Caused by NewConnectionError('<urllib3.connection.HTTPConnection object at 0x7f75b31846d8>: Failed to establish a new connection: [Errno -2] Name or service not known',))
HTTPConnectionPool(host='www.dieei.unict.itcorsi', port=80): Max retries exceeded with url: /l-9 (Caused by NewConnectionError('<urllib3.connection.HTTPConnection object at 0x7f75b3184780>: Failed to establish a new connection: [Errno -2] Name or service not known',))
HTTPConnectionPool(host='www.dieei.unict.itcorsi', port=80): Max retries exceeded with url: /l-8-inf (Caused by NewConnectionError('<urllib3.connection.HTTPConnection object at 0x7f75b3184710>: Failed to establish a new connection: [Errno -2] Name or service not known',))
HTTPConnectionPool(host='www.dieei.unict.itcorsi', port=80): Max retries exceeded with url: /lm-25 (Caused by NewConnectionError('<urllib3.connection.HTTPConnection object at 0x7f75b32180f0>: Failed to establish a new connection: [Errno -2] Name or service not known',))
HTTPConnectionPool(host='www.dieei.unict.itcorsi', port=80): Max retries exceeded with url: /lm-28 (Caused by NewConnectionError('<urllib3.connection.HTTPConnection object at 0x7f75b3218be0>: Failed to establish a new connection: [Errno -2] Name or service not known',))
HTTPConnectionPool(host='www.dieei.unict.itcorsi', port=80): Max retries exceeded with url: /lm-29 (Caused by NewConnectionError('<urllib3.connection.HTTPConnection object at 0x7f75b3218a90>: Failed to establish a new connection: [Errno -2] Name or service not known',))
HTTPConnectionPool(host='www.dieei.unict.itcorsi', port=80): Max retries exceeded with url: /lm-27 (Caused by NewConnectionError('<urllib3.connection.HTTPConnection object at 0x7f75b3218b00>: Failed to establish a new connection: [Errno -2] Name or service not known',))
HTTPConnectionPool(host='www.dieei.unict.itcorsi', port=80): Max retries exceeded with url: /lm-32 (Caused by NewConnectionError('<urllib3.connection.HTTPConnection object at 0x7f75b32180f0>: Failed to establish a new connection: [Errno -2] Name or service not known',))
HTTPConnectionPool(host='www.dieei.unict.itcorsi', port=80): Max retries exceeded with url: /l-8-ele (Caused by NewConnectionError('<urllib3.connection.HTTPConnection object at 0x7f759a7de400>: Failed to establish a new connection: [Errno -2] Name or service not known',))
HTTPConnectionPool(host='www.dieei.unict.itcorsi', port=80): Max retries exceeded with url: /l-9 (Caused by NewConnectionError('<urllib3.connection.HTTPConnection object at 0x7f759a7de240>: Failed to establish a new connection: [Errno -2] Name or service not known',))
HTTPConnectionPool(host='www.dieei.unict.itcorsi', port=80): Max retries exceeded with url: /l-8-inf (Caused by NewConnectionError('<urllib3.connection.HTTPConnection object at 0x7f759a7de5f8>: Failed to establish a new connection: [Errno -2] Name or service not known',))
HTTPConnectionPool(host='www.dieei.unict.itcorsi', port=80): Max retries exceeded with url: /lm-25 (Caused by NewConnectionError('<urllib3.connection.HTTPConnection object at 0x7f759a7de898>: Failed to establish a new connection: [Errno -2] Name or service not known',))
HTTPConnectionPool(host='www.dieei.unict.itcorsi', port=80): Max retries exceeded with url: /lm-28 (Caused by NewConnectionError('<urllib3.connection.HTTPConnection object at 0x7f759a7de2b0>: Failed to establish a new connection: [Errno -2] Name or service not known',))
HTTPConnectionPool(host='www.dieei.unict.itcorsi', port=80): Max retries exceeded with url: /lm-29 (Caused by NewConnectionError('<urllib3.connection.HTTPConnection object at 0x7f759a7de438>: Failed to establish a new connection: [Errno -2] Name or service not known',))
HTTPConnectionPool(host='www.dieei.unict.itcorsi', port=80): Max retries exceeded with url: /lm-27 (Caused by NewConnectionError('<urllib3.connection.HTTPConnection object at 0x7f759a7de048>: Failed to establish a new connection: [Errno -2] Name or service not known',))
HTTPConnectionPool(host='www.dieei.unict.itcorsi', port=80): Max retries exceeded with url: /lm-32 (Caused by NewConnectionError('<urllib3.connection.HTTPConnection object at 0x7f759a7de9b0>: Failed to establish a new connection: [Errno -2] Name or service not known',))
HTTPConnectionPool(host='web.dmi.unict.itcorsi', port=80): Max retries exceeded with url: /l-31 (Caused by NewConnectionError('<urllib3.connection.HTTPConnection object at 0x7f314f68e550>: Failed to establish a new connection: [Errno -2] Name or service not known',))
HTTPConnectionPool(host='web.dmi.unict.itcorsi', port=80): Max retries exceeded with url: /l-35 (Caused by NewConnectionError('<urllib3.connection.HTTPConnection object at 0x7f314f68e5c0>: Failed to establish a new connection: [Errno -2] Name or service not known',))
HTTPConnectionPool(host='web.dmi.unict.itcorsi', port=80): Max retries exceeded with url: /lm-18 (Caused by NewConnectionError('<urllib3.connection.HTTPConnection object at 0x7f314f675780>: Failed to establish a new connection: [Errno -2] Name or service not known',))
HTTPConnectionPool(host='web.dmi.unict.itcorsi', port=80): Max retries exceeded with url: /lm-40 (Caused by NewConnectionError('<urllib3.connection.HTTPConnection object at 0x7f314f675cc0>: Failed to establish a new connection: [Errno -2] Name or service not known',))
HTTPConnectionPool(host='web.dmi.unict.itcorsi', port=80): Max retries exceeded with url: /l-31 (Caused by NewConnectionError('<urllib3.connection.HTTPConnection object at 0x7f314c687390>: Failed to establish a new connection: [Errno -2] Name or service not known',))
HTTPConnectionPool(host='web.dmi.unict.itcorsi', port=80): Max retries exceeded with url: /l-35 (Caused by NewConnectionError('<urllib3.connection.HTTPConnection object at 0x7f314c687198>: Failed to establish a new connection: [Errno -2] Name or service not known',))
HTTPConnectionPool(host='web.dmi.unict.itcorsi', port=80): Max retries exceeded with url: /lm-18 (Caused by NewConnectionError('<urllib3.connection.HTTPConnection object at 0x7f314c687160>: Failed to establish a new connection: [Errno -2] Name or service not known',))
HTTPConnectionPool(host='web.dmi.unict.itcorsi', port=80): Max retries exceeded with url: /lm-40 (Caused by NewConnectionError('<urllib3.connection.HTTPConnection object at 0x7f314c687128>: Failed to establish a new connection: [Errno -2] Name or service not known',))
HTTPConnectionPool(host='www.dieei.unict.itcorsi', port=80): Max retries exceeded with url: /l-8-ele (Caused by NewConnectionError('<urllib3.connection.HTTPConnection object at 0x7f314c7a0f28>: Failed to establish a new connection: [Errno -2] Name or service not known',))
HTTPConnectionPool(host='www.dieei.unict.itcorsi', port=80): Max retries exceeded with url: /l-9 (Caused by NewConnectionError('<urllib3.connection.HTTPConnection object at 0x7f314c6199b0>: Failed to establish a new connection: [Errno -2] Name or service not known',))
HTTPConnectionPool(host='www.dieei.unict.itcorsi', port=80): Max retries exceeded with url: /l-8-inf (Caused by NewConnectionError('<urllib3.connection.HTTPConnection object at 0x7f314c7a0e10>: Failed to establish a new connection: [Errno -2] Name or service not known',))
HTTPConnectionPool(host='www.dieei.unict.itcorsi', port=80): Max retries exceeded with url: /lm-25 (Caused by NewConnectionError('<urllib3.connection.HTTPConnection object at 0x7f314c7a0d30>: Failed to establish a new connection: [Errno -2] Name or service not known',))
HTTPConnectionPool(host='www.dieei.unict.itcorsi', port=80): Max retries exceeded with url: /lm-28 (Caused by NewConnectionError('<urllib3.connection.HTTPConnection object at 0x7f314c7a0a90>: Failed to establish a new connection: [Errno -2] Name or service not known',))
HTTPConnectionPool(host='www.dieei.unict.itcorsi', port=80): Max retries exceeded with url: /lm-29 (Caused by NewConnectionError('<urllib3.connection.HTTPConnection object at 0x7f314f66a3c8>: Failed to establish a new connection: [Errno -2] Name or service not known',))
HTTPConnectionPool(host='www.dieei.unict.itcorsi', port=80): Max retries exceeded with url: /lm-27 (Caused by NewConnectionError('<urllib3.connection.HTTPConnection object at 0x7f314f66a940>: Failed to establish a new connection: [Errno -2] Name or service not known',))
HTTPConnectionPool(host='www.dieei.unict.itcorsi', port=80): Max retries exceeded with url: /lm-32 (Caused by NewConnectionError('<urllib3.connection.HTTPConnection object at 0x7f314f66abe0>: Failed to establish a new connection: [Errno -2] Name or service not known',))
HTTPConnectionPool(host='www.dieei.unict.itcorsi', port=80): Max retries exceeded with url: /l-8-ele (Caused by NewConnectionError('<urllib3.connection.HTTPConnection object at 0x7f314c4a7630>: Failed to establish a new connection: [Errno -2] Name or service not known',))
HTTPConnectionPool(host='www.dieei.unict.itcorsi', port=80): Max retries exceeded with url: /l-9 (Caused by NewConnectionError('<urllib3.connection.HTTPConnection object at 0x7f314c4a74a8>: Failed to establish a new connection: [Errno -2] Name or service not known',))
HTTPConnectionPool(host='www.dieei.unict.itcorsi', port=80): Max retries exceeded with url: /l-8-inf (Caused by NewConnectionError('<urllib3.connection.HTTPConnection object at 0x7f314c4a7780>: Failed to establish a new connection: [Errno -2] Name or service not known',))
HTTPConnectionPool(host='www.dieei.unict.itcorsi', port=80): Max retries exceeded with url: /lm-25 (Caused by NewConnectionError('<urllib3.connection.HTTPConnection object at 0x7f314c4a73c8>: Failed to establish a new connection: [Errno -2] Name or service not known',))
HTTPConnectionPool(host='www.dieei.unict.itcorsi', port=80): Max retries exceeded with url: /lm-28 (Caused by NewConnectionError('<urllib3.connection.HTTPConnection object at 0x7f314c4a74a8>: Failed to establish a new connection: [Errno -2] Name or service not known',))
HTTPConnectionPool(host='www.dieei.unict.itcorsi', port=80): Max retries exceeded with url: /lm-29 (Caused by NewConnectionError('<urllib3.connection.HTTPConnection object at 0x7f314c4a7780>: Failed to establish a new connection: [Errno -2] Name or service not known',))
HTTPConnectionPool(host='www.dieei.unict.itcorsi', port=80): Max retries exceeded with url: /lm-27 (Caused by NewConnectionError('<urllib3.connection.HTTPConnection object at 0x7f314c4a74a8>: Failed to establish a new connection: [Errno -2] Name or service not known',))
HTTPConnectionPool(host='www.dieei.unict.itcorsi', port=80): Max retries exceeded with url: /lm-32 (Caused by NewConnectionError('<urllib3.connection.HTTPConnection object at 0x7f314c4a75c0>: Failed to establish a new connection: [Errno -2] Name or service not known',))
HTTPConnectionPool(host='web.dmi.unict.itcorsi', port=80): Max retries exceeded with url: /l-31 (Caused by NewConnectionError('<urllib3.connection.HTTPConnection object at 0x7fc890106cf8>: Failed to establish a new connection: [Errno -2] Name or service not known',))
HTTPConnectionPool(host='web.dmi.unict.itcorsi', port=80): Max retries exceeded with url: /l-35 (Caused by NewConnectionError('<urllib3.connection.HTTPConnection object at 0x7fc890106cc0>: Failed to establish a new connection: [Errno -2] Name or service not known',))
HTTPConnectionPool(host='web.dmi.unict.itcorsi', port=80): Max retries exceeded with url: /lm-18 (Caused by NewConnectionError('<urllib3.connection.HTTPConnection object at 0x7fc890106dd8>: Failed to establish a new connection: [Errno -2] Name or service not known',))
HTTPConnectionPool(host='web.dmi.unict.itcorsi', port=80): Max retries exceeded with url: /lm-40 (Caused by NewConnectionError('<urllib3.connection.HTTPConnection object at 0x7fc890106e48>: Failed to establish a new connection: [Errno -2] Name or service not known',))
HTTPConnectionPool(host='web.dmi.unict.itcorsi', port=80): Max retries exceeded with url: /l-31 (Caused by NewConnectionError('<urllib3.connection.HTTPConnection object at 0x7fc87a7da320>: Failed to establish a new connection: [Errno -2] Name or service not known',))
HTTPConnectionPool(host='web.dmi.unict.itcorsi', port=80): Max retries exceeded with url: /l-35 (Caused by NewConnectionError('<urllib3.connection.HTTPConnection object at 0x7fc87a7da320>: Failed to establish a new connection: [Errno -2] Name or service not known',))
HTTPConnectionPool(host='web.dmi.unict.itcorsi', port=80): Max retries exceeded with url: /lm-18 (Caused by NewConnectionError('<urllib3.connection.HTTPConnection object at 0x7fc87a7da128>: Failed to establish a new connection: [Errno -2] Name or service not known',))
HTTPConnectionPool(host='web.dmi.unict.itcorsi', port=80): Max retries exceeded with url: /lm-40 (Caused by NewConnectionError('<urllib3.connection.HTTPConnection object at 0x7fc87a7da0f0>: Failed to establish a new connection: [Errno -2] Name or service not known',))
HTTPConnectionPool(host='www.dieei.unict.itcorsi', port=80): Max retries exceeded with url: /l-8-ele (Caused by NewConnectionError('<urllib3.connection.HTTPConnection object at 0x7fc890063470>: Failed to establish a new connection: [Errno -2] Name or service not known',))
HTTPConnectionPool(host='www.dieei.unict.itcorsi', port=80): Max retries exceeded with url: /l-9 (Caused by NewConnectionError('<urllib3.connection.HTTPConnection object at 0x7fc8900632e8>: Failed to establish a new connection: [Errno -2] Name or service not known',))
HTTPConnectionPool(host='www.dieei.unict.itcorsi', port=80): Max retries exceeded with url: /l-8-inf (Caused by NewConnectionError('<urllib3.connection.HTTPConnection object at 0x7fc8930077f0>: Failed to establish a new connection: [Errno -2] Name or service not known',))
HTTPConnectionPool(host='www.dieei.unict.itcorsi', port=80): Max retries exceeded with url: /lm-25 (Caused by NewConnectionError('<urllib3.connection.HTTPConnection object at 0x7fc893007c88>: Failed to establish a new connection: [Errno -2] Name or service not known',))
HTTPConnectionPool(host='www.dieei.unict.itcorsi', port=80): Max retries exceeded with url: /lm-28 (Caused by NewConnectionError('<urllib3.connection.HTTPConnection object at 0x7fc87a607940>: Failed to establish a new connection: [Errno -2] Name or service not known',))
HTTPConnectionPool(host='www.dieei.unict.itcorsi', port=80): Max retries exceeded with url: /lm-29 (Caused by NewConnectionError('<urllib3.connection.HTTPConnection object at 0x7fc893007908>: Failed to establish a new connection: [Errno -2] Name or service not known',))
HTTPConnectionPool(host='www.dieei.unict.itcorsi', port=80): Max retries exceeded with url: /lm-27 (Caused by NewConnectionError('<urllib3.connection.HTTPConnection object at 0x7fc890152470>: Failed to establish a new connection: [Errno -2] Name or service not known',))
HTTPConnectionPool(host='www.dieei.unict.itcorsi', port=80): Max retries exceeded with url: /lm-32 (Caused by NewConnectionError('<urllib3.connection.HTTPConnection object at 0x7fc890063048>: Failed to establish a new connection: [Errno -2] Name or service not known',))
HTTPConnectionPool(host='www.dieei.unict.itcorsi', port=80): Max retries exceeded with url: /l-8-ele (Caused by NewConnectionError('<urllib3.connection.HTTPConnection object at 0x7fc87a5ba240>: Failed to establish a new connection: [Errno -2] Name or service not known',))
HTTPConnectionPool(host='www.dieei.unict.itcorsi', port=80): Max retries exceeded with url: /l-9 (Caused by NewConnectionError('<urllib3.connection.HTTPConnection object at 0x7fc87a5ba1d0>: Failed to establish a new connection: [Errno -2] Name or service not known',))
HTTPConnectionPool(host='www.dieei.unict.itcorsi', port=80): Max retries exceeded with url: /l-8-inf (Caused by NewConnectionError('<urllib3.connection.HTTPConnection object at 0x7fc8900577f0>: Failed to establish a new connection: [Errno -2] Name or service not known',))
HTTPConnectionPool(host='www.dieei.unict.itcorsi', port=80): Max retries exceeded with url: /lm-25 (Caused by NewConnectionError('<urllib3.connection.HTTPConnection object at 0x7fc87a5baa20>: Failed to establish a new connection: [Errno -2] Name or service not known',))
HTTPConnectionPool(host='www.dieei.unict.itcorsi', port=80): Max retries exceeded with url: /lm-28 (Caused by NewConnectionError('<urllib3.connection.HTTPConnection object at 0x7fc87a4e9978>: Failed to establish a new connection: [Errno -2] Name or service not known',))
HTTPConnectionPool(host='www.dieei.unict.itcorsi', port=80): Max retries exceeded with url: /lm-29 (Caused by NewConnectionError('<urllib3.connection.HTTPConnection object at 0x7fc87a4e9710>: Failed to establish a new connection: [Errno -2] Name or service not known',))
HTTPConnectionPool(host='www.dieei.unict.itcorsi', port=80): Max retries exceeded with url: /lm-27 (Caused by NewConnectionError('<urllib3.connection.HTTPConnection object at 0x7fc87a4e9a90>: Failed to establish a new connection: [Errno -2] Name or service not known',))
HTTPConnectionPool(host='www.dieei.unict.itcorsi', port=80): Max retries exceeded with url: /lm-32 (Caused by NewConnectionError('<urllib3.connection.HTTPConnection object at 0x7fc87a4e9860>: Failed to establish a new connection: [Errno -2] Name or service not known',))
HTTPConnectionPool(host='web.dmi.unict.itcorsi', port=80): Max retries exceeded with url: /l-31 (Caused by NewConnectionError('<urllib3.connection.HTTPConnection object at 0x7f235c0556a0>: Failed to establish a new connection: [Errno -2] Name or service not known',))
HTTPConnectionPool(host='web.dmi.unict.itcorsi', port=80): Max retries exceeded with url: /l-35 (Caused by NewConnectionError('<urllib3.connection.HTTPConnection object at 0x7f235c055d68>: Failed to establish a new connection: [Errno -2] Name or service not known',))
HTTPConnectionPool(host='web.dmi.unict.itcorsi', port=80): Max retries exceeded with url: /lm-18 (Caused by NewConnectionError('<urllib3.connection.HTTPConnection object at 0x7f235c055e10>: Failed to establish a new connection: [Errno -2] Name or service not known',))
HTTPConnectionPool(host='web.dmi.unict.itcorsi', port=80): Max retries exceeded with url: /lm-40 (Caused by NewConnectionError('<urllib3.connection.HTTPConnection object at 0x7f235c055b38>: Failed to establish a new connection: [Errno -2] Name or service not known',))
HTTPConnectionPool(host='web.dmi.unict.itcorsi', port=80): Max retries exceeded with url: /l-31 (Caused by NewConnectionError('<urllib3.connection.HTTPConnection object at 0x7f2354125358>: Failed to establish a new connection: [Errno -2] Name or service not known',))
HTTPConnectionPool(host='web.dmi.unict.itcorsi', port=80): Max retries exceeded with url: /l-35 (Caused by NewConnectionError('<urllib3.connection.HTTPConnection object at 0x7f2354125160>: Failed to establish a new connection: [Errno -2] Name or service not known',))
HTTPConnectionPool(host='web.dmi.unict.itcorsi', port=80): Max retries exceeded with url: /lm-18 (Caused by NewConnectionError('<urllib3.connection.HTTPConnection object at 0x7f2354128358>: Failed to establish a new connection: [Errno -2] Name or service not known',))
HTTPConnectionPool(host='web.dmi.unict.itcorsi', port=80): Max retries exceeded with url: /lm-40 (Caused by NewConnectionError('<urllib3.connection.HTTPConnection object at 0x7f2354128160>: Failed to establish a new connection: [Errno -2] Name or service not known',))
HTTPConnectionPool(host='www.dieei.unict.itcorsi', port=80): Max retries exceeded with url: /l-8-ele (Caused by NewConnectionError('<urllib3.connection.HTTPConnection object at 0x7f2337f5c0b8>: Failed to establish a new connection: [Errno -2] Name or service not known',))
HTTPConnectionPool(host='www.dieei.unict.itcorsi', port=80): Max retries exceeded with url: /l-9 (Caused by NewConnectionError('<urllib3.connection.HTTPConnection object at 0x7f2337f5c128>: Failed to establish a new connection: [Errno -2] Name or service not known',))
HTTPConnectionPool(host='www.dieei.unict.itcorsi', port=80): Max retries exceeded with url: /l-8-inf (Caused by NewConnectionError('<urllib3.connection.HTTPConnection object at 0x7f2337f5c048>: Failed to establish a new connection: [Errno -2] Name or service not known',))
HTTPConnectionPool(host='www.dieei.unict.itcorsi', port=80): Max retries exceeded with url: /lm-25 (Caused by NewConnectionError('<urllib3.connection.HTTPConnection object at 0x7f2337f5c668>: Failed to establish a new connection: [Errno -2] Name or service not known',))
HTTPConnectionPool(host='www.dieei.unict.itcorsi', port=80): Max retries exceeded with url: /lm-28 (Caused by NewConnectionError('<urllib3.connection.HTTPConnection object at 0x7f2337f5c128>: Failed to establish a new connection: [Errno -2] Name or service not known',))
HTTPConnectionPool(host='www.dieei.unict.itcorsi', port=80): Max retries exceeded with url: /lm-29 (Caused by NewConnectionError('<urllib3.connection.HTTPConnection object at 0x7f2337f5c048>: Failed to establish a new connection: [Errno -2] Name or service not known',))
HTTPConnectionPool(host='www.dieei.unict.itcorsi', port=80): Max retries exceeded with url: /lm-27 (Caused by NewConnectionError('<urllib3.connection.HTTPConnection object at 0x7f2337f5c198>: Failed to establish a new connection: [Errno -2] Name or service not known',))
HTTPConnectionPool(host='www.dieei.unict.itcorsi', port=80): Max retries exceeded with url: /lm-32 (Caused by NewConnectionError('<urllib3.connection.HTTPConnection object at 0x7f2337f5c048>: Failed to establish a new connection: [Errno -2] Name or service not known',))
HTTPConnectionPool(host='www.dieei.unict.itcorsi', port=80): Max retries exceeded with url: /l-8-ele (Caused by NewConnectionError('<urllib3.connection.HTTPConnection object at 0x7f2337e466d8>: Failed to establish a new connection: [Errno -2] Name or service not known',))
HTTPConnectionPool(host='www.dieei.unict.itcorsi', port=80): Max retries exceeded with url: /l-9 (Caused by NewConnectionError('<urllib3.connection.HTTPConnection object at 0x7f2337e46080>: Failed to establish a new connection: [Errno -2] Name or service not known',))
HTTPConnectionPool(host='www.dieei.unict.itcorsi', port=80): Max retries exceeded with url: /l-8-inf (Caused by NewConnectionError('<urllib3.connection.HTTPConnection object at 0x7f2337e46748>: Failed to establish a new connection: [Errno -2] Name or service not known',))
HTTPConnectionPool(host='www.dieei.unict.itcorsi', port=80): Max retries exceeded with url: /lm-25 (Caused by NewConnectionError('<urllib3.connection.HTTPConnection object at 0x7f2337e46fd0>: Failed to establish a new connection: [Errno -2] Name or service not known',))
HTTPConnectionPool(host='www.dieei.unict.itcorsi', port=80): Max retries exceeded with url: /lm-28 (Caused by NewConnectionError('<urllib3.connection.HTTPConnection object at 0x7f2337e46080>: Failed to establish a new connection: [Errno -2] Name or service not known',))
HTTPConnectionPool(host='www.dieei.unict.itcorsi', port=80): Max retries exceeded with url: /lm-29 (Caused by NewConnectionError('<urllib3.connection.HTTPConnection object at 0x7f2337f6a588>: Failed to establish a new connection: [Errno -2] Name or service not known',))
HTTPConnectionPool(host='www.dieei.unict.itcorsi', port=80): Max retries exceeded with url: /lm-27 (Caused by NewConnectionError('<urllib3.connection.HTTPConnection object at 0x7f235411fc50>: Failed to establish a new connection: [Errno -2] Name or service not known',))
HTTPConnectionPool(host='www.dieei.unict.itcorsi', port=80): Max retries exceeded with url: /lm-32 (Caused by NewConnectionError('<urllib3.connection.HTTPConnection object at 0x7f2337e46fd0>: Failed to establish a new connection: [Errno -2] Name or service not known',))
HTTPConnectionPool(host='web.dmi.unict.itcorsi', port=80): Max retries exceeded with url: /l-31 (Caused by NewConnectionError('<urllib3.connection.HTTPConnection object at 0x7f950867dcf8>: Failed to establish a new connection: [Errno -2] Name or service not known',))
HTTPConnectionPool(host='web.dmi.unict.itcorsi', port=80): Max retries exceeded with url: /l-35 (Caused by NewConnectionError('<urllib3.connection.HTTPConnection object at 0x7f950867dcc0>: Failed to establish a new connection: [Errno -2] Name or service not known',))
HTTPConnectionPool(host='web.dmi.unict.itcorsi', port=80): Max retries exceeded with url: /lm-18 (Caused by NewConnectionError('<urllib3.connection.HTTPConnection object at 0x7f950867ddd8>: Failed to establish a new connection: [Errno -2] Name or service not known',))
HTTPConnectionPool(host='web.dmi.unict.itcorsi', port=80): Max retries exceeded with url: /lm-40 (Caused by NewConnectionError('<urllib3.connection.HTTPConnection object at 0x7f950867de48>: Failed to establish a new connection: [Errno -2] Name or service not known',))
HTTPConnectionPool(host='web.dmi.unict.itcorsi', port=80): Max retries exceeded with url: /l-31 (Caused by NewConnectionError('<urllib3.connection.HTTPConnection object at 0x7f9508589358>: Failed to establish a new connection: [Errno -2] Name or service not known',))
HTTPConnectionPool(host='web.dmi.unict.itcorsi', port=80): Max retries exceeded with url: /l-35 (Caused by NewConnectionError('<urllib3.connection.HTTPConnection object at 0x7f9508589160>: Failed to establish a new connection: [Errno -2] Name or service not known',))
HTTPConnectionPool(host='web.dmi.unict.itcorsi', port=80): Max retries exceeded with url: /lm-18 (Caused by NewConnectionError('<urllib3.connection.HTTPConnection object at 0x7f950858c358>: Failed to establish a new connection: [Errno -2] Name or service not known',))
HTTPConnectionPool(host='web.dmi.unict.itcorsi', port=80): Max retries exceeded with url: /lm-40 (Caused by NewConnectionError('<urllib3.connection.HTTPConnection object at 0x7f950858c160>: Failed to establish a new connection: [Errno -2] Name or service not known',))
HTTPConnectionPool(host='www.dieei.unict.itcorsi', port=80): Max retries exceeded with url: /l-8-ele (Caused by NewConnectionError('<urllib3.connection.HTTPConnection object at 0x7f950861c9b0>: Failed to establish a new connection: [Errno -2] Name or service not known',))
HTTPConnectionPool(host='www.dieei.unict.itcorsi', port=80): Max retries exceeded with url: /l-9 (Caused by NewConnectionError('<urllib3.connection.HTTPConnection object at 0x7f9509dd4d68>: Failed to establish a new connection: [Errno -2] Name or service not known',))
HTTPConnectionPool(host='www.dieei.unict.itcorsi', port=80): Max retries exceeded with url: /l-8-inf (Caused by NewConnectionError('<urllib3.connection.HTTPConnection object at 0x7f9509dd45f8>: Failed to establish a new connection: [Errno -2] Name or service not known',))
HTTPConnectionPool(host='www.dieei.unict.itcorsi', port=80): Max retries exceeded with url: /lm-25 (Caused by NewConnectionError('<urllib3.connection.HTTPConnection object at 0x7f9509dd47f0>: Failed to establish a new connection: [Errno -2] Name or service not known',))
HTTPConnectionPool(host='www.dieei.unict.itcorsi', port=80): Max retries exceeded with url: /lm-28 (Caused by NewConnectionError('<urllib3.connection.HTTPConnection object at 0x7f9509dd4080>: Failed to establish a new connection: [Errno -2] Name or service not known',))
HTTPConnectionPool(host='www.dieei.unict.itcorsi', port=80): Max retries exceeded with url: /lm-29 (Caused by NewConnectionError('<urllib3.connection.HTTPConnection object at 0x7f9509dd48d0>: Failed to establish a new connection: [Errno -2] Name or service not known',))
HTTPConnectionPool(host='www.dieei.unict.itcorsi', port=80): Max retries exceeded with url: /lm-27 (Caused by NewConnectionError('<urllib3.connection.HTTPConnection object at 0x7f9509dd47f0>: Failed to establish a new connection: [Errno -2] Name or service not known',))
HTTPConnectionPool(host='www.dieei.unict.itcorsi', port=80): Max retries exceeded with url: /lm-32 (Caused by NewConnectionError('<urllib3.connection.HTTPConnection object at 0x7f9509dd4080>: Failed to establish a new connection: [Errno -2] Name or service not known',))
HTTPConnectionPool(host='www.dieei.unict.itcorsi', port=80): Max retries exceeded with url: /l-8-ele (Caused by NewConnectionError('<urllib3.connection.HTTPConnection object at 0x7f9508552b38>: Failed to establish a new connection: [Errno -2] Name or service not known',))
HTTPConnectionPool(host='www.dieei.unict.itcorsi', port=80): Max retries exceeded with url: /l-9 (Caused by NewConnectionError('<urllib3.connection.HTTPConnection object at 0x7f9508552080>: Failed to establish a new connection: [Errno -2] Name or service not known',))
HTTPConnectionPool(host='www.dieei.unict.itcorsi', port=80): Max retries exceeded with url: /l-8-inf (Caused by NewConnectionError('<urllib3.connection.HTTPConnection object at 0x7f95085526a0>: Failed to establish a new connection: [Errno -2] Name or service not known',))
HTTPConnectionPool(host='www.dieei.unict.itcorsi', port=80): Max retries exceeded with url: /lm-25 (Caused by NewConnectionError('<urllib3.connection.HTTPConnection object at 0x7f9508552f28>: Failed to establish a new connection: [Errno -2] Name or service not known',))
HTTPConnectionPool(host='www.dieei.unict.itcorsi', port=80): Max retries exceeded with url: /lm-28 (Caused by NewConnectionError('<urllib3.connection.HTTPConnection object at 0x7f9508552c88>: Failed to establish a new connection: [Errno -2] Name or service not known',))
HTTPConnectionPool(host='www.dieei.unict.itcorsi', port=80): Max retries exceeded with url: /lm-29 (Caused by NewConnectionError('<urllib3.connection.HTTPConnection object at 0x7f9508552da0>: Failed to establish a new connection: [Errno -2] Name or service not known',))
HTTPConnectionPool(host='www.dieei.unict.itcorsi', port=80): Max retries exceeded with url: /lm-27 (Caused by NewConnectionError('<urllib3.connection.HTTPConnection object at 0x7f9508552cf8>: Failed to establish a new connection: [Errno -2] Name or service not known',))
HTTPConnectionPool(host='www.dieei.unict.itcorsi', port=80): Max retries exceeded with url: /lm-32 (Caused by NewConnectionError('<urllib3.connection.HTTPConnection object at 0x7f9508552da0>: Failed to establish a new connection: [Errno -2] Name or service not known',))
HTTPConnectionPool(host='web.dmi.unict.itcorsi', port=80): Max retries exceeded with url: /l-31 (Caused by NewConnectionError('<urllib3.connection.HTTPConnection object at 0x7f6c943d9cf8>: Failed to establish a new connection: [Errno -2] Name or service not known',))
HTTPConnectionPool(host='web.dmi.unict.itcorsi', port=80): Max retries exceeded with url: /l-35 (Caused by NewConnectionError('<urllib3.connection.HTTPConnection object at 0x7f6c943d9cc0>: Failed to establish a new connection: [Errno -2] Name or service not known',))
HTTPConnectionPool(host='web.dmi.unict.itcorsi', port=80): Max retries exceeded with url: /lm-18 (Caused by NewConnectionError('<urllib3.connection.HTTPConnection object at 0x7f6c943d9dd8>: Failed to establish a new connection: [Errno -2] Name or service not known',))
HTTPConnectionPool(host='web.dmi.unict.itcorsi', port=80): Max retries exceeded with url: /lm-40 (Caused by NewConnectionError('<urllib3.connection.HTTPConnection object at 0x7f6c943d9e48>: Failed to establish a new connection: [Errno -2] Name or service not known',))
HTTPConnectionPool(host='web.dmi.unict.itcorsi', port=80): Max retries exceeded with url: /l-31 (Caused by NewConnectionError('<urllib3.connection.HTTPConnection object at 0x7f6c942e62e8>: Failed to establish a new connection: [Errno -2] Name or service not known',))
HTTPConnectionPool(host='web.dmi.unict.itcorsi', port=80): Max retries exceeded with url: /l-35 (Caused by NewConnectionError('<urllib3.connection.HTTPConnection object at 0x7f6c942e60f0>: Failed to establish a new connection: [Errno -2] Name or service not known',))
HTTPConnectionPool(host='web.dmi.unict.itcorsi', port=80): Max retries exceeded with url: /lm-18 (Caused by NewConnectionError('<urllib3.connection.HTTPConnection object at 0x7f6c942e92e8>: Failed to establish a new connection: [Errno -2] Name or service not known',))
HTTPConnectionPool(host='web.dmi.unict.itcorsi', port=80): Max retries exceeded with url: /lm-40 (Caused by NewConnectionError('<urllib3.connection.HTTPConnection object at 0x7f6c942e92e8>: Failed to establish a new connection: [Errno -2] Name or service not known',))
HTTPConnectionPool(host='www.dieei.unict.itcorsi', port=80): Max retries exceeded with url: /l-8-ele (Caused by NewConnectionError('<urllib3.connection.HTTPConnection object at 0x7f6c857dd668>: Failed to establish a new connection: [Errno -2] Name or service not known',))
HTTPConnectionPool(host='www.dieei.unict.itcorsi', port=80): Max retries exceeded with url: /l-9 (Caused by NewConnectionError('<urllib3.connection.HTTPConnection object at 0x7f6c94273320>: Failed to establish a new connection: [Errno -2] Name or service not known',))
HTTPConnectionPool(host='www.dieei.unict.itcorsi', port=80): Max retries exceeded with url: /l-8-inf (Caused by NewConnectionError('<urllib3.connection.HTTPConnection object at 0x7f6c942731d0>: Failed to establish a new connection: [Errno -2] Name or service not known',))
HTTPConnectionPool(host='www.dieei.unict.itcorsi', port=80): Max retries exceeded with url: /lm-25 (Caused by NewConnectionError('<urllib3.connection.HTTPConnection object at 0x7f6c962eb588>: Failed to establish a new connection: [Errno -2] Name or service not known',))
HTTPConnectionPool(host='www.dieei.unict.itcorsi', port=80): Max retries exceeded with url: /lm-28 (Caused by NewConnectionError('<urllib3.connection.HTTPConnection object at 0x7f6c962eb4a8>: Failed to establish a new connection: [Errno -2] Name or service not known',))
HTTPConnectionPool(host='www.dieei.unict.itcorsi', port=80): Max retries exceeded with url: /lm-29 (Caused by NewConnectionError('<urllib3.connection.HTTPConnection object at 0x7f6c962eb4e0>: Failed to establish a new connection: [Errno -2] Name or service not known',))
HTTPConnectionPool(host='www.dieei.unict.itcorsi', port=80): Max retries exceeded with url: /lm-27 (Caused by NewConnectionError('<urllib3.connection.HTTPConnection object at 0x7f6c962eb588>: Failed to establish a new connection: [Errno -2] Name or service not known',))
HTTPConnectionPool(host='www.dieei.unict.itcorsi', port=80): Max retries exceeded with url: /lm-32 (Caused by NewConnectionError('<urllib3.connection.HTTPConnection object at 0x7f6c962eb4a8>: Failed to establish a new connection: [Errno -2] Name or service not known',))
HTTPConnectionPool(host='www.dieei.unict.itcorsi', port=80): Max retries exceeded with url: /l-8-ele (Caused by NewConnectionError('<urllib3.connection.HTTPConnection object at 0x7f6c9428e0f0>: Failed to establish a new connection: [Errno -2] Name or service not known',))
HTTPConnectionPool(host='www.dieei.unict.itcorsi', port=80): Max retries exceeded with url: /l-9 (Caused by NewConnectionError('<urllib3.connection.HTTPConnection object at 0x7f6c9428e5f8>: Failed to establish a new connection: [Errno -2] Name or service not known',))
HTTPConnectionPool(host='www.dieei.unict.itcorsi', port=80): Max retries exceeded with url: /l-8-inf (Caused by NewConnectionError('<urllib3.connection.HTTPConnection object at 0x7f6c9428e048>: Failed to establish a new connection: [Errno -2] Name or service not known',))
HTTPConnectionPool(host='www.dieei.unict.itcorsi', port=80): Max retries exceeded with url: /lm-25 (Caused by NewConnectionError('<urllib3.connection.HTTPConnection object at 0x7f6c9428e780>: Failed to establish a new connection: [Errno -2] Name or service not known',))
HTTPConnectionPool(host='www.dieei.unict.itcorsi', port=80): Max retries exceeded with url: /lm-28 (Caused by NewConnectionError('<urllib3.connection.HTTPConnection object at 0x7f6c9428e5f8>: Failed to establish a new connection: [Errno -2] Name or service not known',))
HTTPConnectionPool(host='www.dieei.unict.itcorsi', port=80): Max retries exceeded with url: /lm-29 (Caused by NewConnectionError('<urllib3.connection.HTTPConnection object at 0x7f6c9428e048>: Failed to establish a new connection: [Errno -2] Name or service not known',))
HTTPConnectionPool(host='www.dieei.unict.itcorsi', port=80): Max retries exceeded with url: /lm-27 (Caused by NewConnectionError('<urllib3.connection.HTTPConnection object at 0x7f6c9428e5f8>: Failed to establish a new connection: [Errno -2] Name or service not known',))
HTTPConnectionPool(host='www.dieei.unict.itcorsi', port=80): Max retries exceeded with url: /lm-32 (Caused by NewConnectionError('<urllib3.connection.HTTPConnection object at 0x7f6c9428e048>: Failed to establish a new connection: [Errno -2] Name or service not known',))
HTTPConnectionPool(host='web.dmi.unict.itcorsi', port=80): Max retries exceeded with url: /l-31 (Caused by NewConnectionError('<urllib3.connection.HTTPConnection object at 0x7fa4680cbcf8>: Failed to establish a new connection: [Errno -2] Name or service not known',))
HTTPConnectionPool(host='web.dmi.unict.itcorsi', port=80): Max retries exceeded with url: /l-35 (Caused by NewConnectionError('<urllib3.connection.HTTPConnection object at 0x7fa4680cbcc0>: Failed to establish a new connection: [Errno -2] Name or service not known',))
HTTPConnectionPool(host='web.dmi.unict.itcorsi', port=80): Max retries exceeded with url: /lm-18 (Caused by NewConnectionError('<urllib3.connection.HTTPConnection object at 0x7fa4680cbdd8>: Failed to establish a new connection: [Errno -2] Name or service not known',))
HTTPConnectionPool(host='web.dmi.unict.itcorsi', port=80): Max retries exceeded with url: /lm-40 (Caused by NewConnectionError('<urllib3.connection.HTTPConnection object at 0x7fa4680cbe48>: Failed to establish a new connection: [Errno -2] Name or service not known',))
HTTPConnectionPool(host='web.dmi.unict.itcorsi', port=80): Max retries exceeded with url: /l-31 (Caused by NewConnectionError('<urllib3.connection.HTTPConnection object at 0x7fa4601622e8>: Failed to establish a new connection: [Errno -2] Name or service not known',))
HTTPConnectionPool(host='web.dmi.unict.itcorsi', port=80): Max retries exceeded with url: /l-35 (Caused by NewConnectionError('<urllib3.connection.HTTPConnection object at 0x7fa4601620f0>: Failed to establish a new connection: [Errno -2] Name or service not known',))
HTTPConnectionPool(host='web.dmi.unict.itcorsi', port=80): Max retries exceeded with url: /lm-18 (Caused by NewConnectionError('<urllib3.connection.HTTPConnection object at 0x7fa4601652e8>: Failed to establish a new connection: [Errno -2] Name or service not known',))
HTTPConnectionPool(host='web.dmi.unict.itcorsi', port=80): Max retries exceeded with url: /lm-40 (Caused by NewConnectionError('<urllib3.connection.HTTPConnection object at 0x7fa4601650f0>: Failed to establish a new connection: [Errno -2] Name or service not known',))
HTTPConnectionPool(host='www.dieei.unict.itcorsi', port=80): Max retries exceeded with url: /l-8-ele (Caused by NewConnectionError('<urllib3.connection.HTTPConnection object at 0x7fa4600a46d8>: Failed to establish a new connection: [Errno -2] Name or service not known',))
HTTPConnectionPool(host='www.dieei.unict.itcorsi', port=80): Max retries exceeded with url: /l-9 (Caused by NewConnectionError('<urllib3.connection.HTTPConnection object at 0x7fa443e7e0b8>: Failed to establish a new connection: [Errno -2] Name or service not known',))
HTTPConnectionPool(host='www.dieei.unict.itcorsi', port=80): Max retries exceeded with url: /l-8-inf (Caused by NewConnectionError('<urllib3.connection.HTTPConnection object at 0x7fa443e7e240>: Failed to establish a new connection: [Errno -2] Name or service not known',))
HTTPConnectionPool(host='www.dieei.unict.itcorsi', port=80): Max retries exceeded with url: /lm-25 (Caused by NewConnectionError('<urllib3.connection.HTTPConnection object at 0x7fa4689836d8>: Failed to establish a new connection: [Errno -2] Name or service not known',))
HTTPConnectionPool(host='www.dieei.unict.itcorsi', port=80): Max retries exceeded with url: /lm-28 (Caused by NewConnectionError('<urllib3.connection.HTTPConnection object at 0x7fa468983be0>: Failed to establish a new connection: [Errno -2] Name or service not known',))
HTTPConnectionPool(host='www.dieei.unict.itcorsi', port=80): Max retries exceeded with url: /lm-29 (Caused by NewConnectionError('<urllib3.connection.HTTPConnection object at 0x7fa468983978>: Failed to establish a new connection: [Errno -2] Name or service not known',))
HTTPConnectionPool(host='www.dieei.unict.itcorsi', port=80): Max retries exceeded with url: /lm-27 (Caused by NewConnectionError('<urllib3.connection.HTTPConnection object at 0x7fa468983cf8>: Failed to establish a new connection: [Errno -2] Name or service not known',))
HTTPConnectionPool(host='www.dieei.unict.itcorsi', port=80): Max retries exceeded with url: /lm-32 (Caused by NewConnectionError('<urllib3.connection.HTTPConnection object at 0x7fa468983630>: Failed to establish a new connection: [Errno -2] Name or service not known',))
HTTPConnectionPool(host='www.dieei.unict.itcorsi', port=80): Max retries exceeded with url: /l-8-ele (Caused by NewConnectionError('<urllib3.connection.HTTPConnection object at 0x7fa443eaac88>: Failed to establish a new connection: [Errno -2] Name or service not known',))
HTTPConnectionPool(host='www.dieei.unict.itcorsi', port=80): Max retries exceeded with url: /l-9 (Caused by NewConnectionError('<urllib3.connection.HTTPConnection object at 0x7fa443eaa6a0>: Failed to establish a new connection: [Errno -2] Name or service not known',))
HTTPConnectionPool(host='www.dieei.unict.itcorsi', port=80): Max retries exceeded with url: /l-8-inf (Caused by NewConnectionError('<urllib3.connection.HTTPConnection object at 0x7fa443eaaac8>: Failed to establish a new connection: [Errno -2] Name or service not known',))
HTTPConnectionPool(host='www.dieei.unict.itcorsi', port=80): Max retries exceeded with url: /lm-25 (Caused by NewConnectionError('<urllib3.connection.HTTPConnection object at 0x7fa443eaa438>: Failed to establish a new connection: [Errno -2] Name or service not known',))
HTTPConnectionPool(host='www.dieei.unict.itcorsi', port=80): Max retries exceeded with url: /lm-28 (Caused by NewConnectionError('<urllib3.connection.HTTPConnection object at 0x7fa443eaa710>: Failed to establish a new connection: [Errno -2] Name or service not known',))
HTTPConnectionPool(host='www.dieei.unict.itcorsi', port=80): Max retries exceeded with url: /lm-29 (Caused by NewConnectionError('<urllib3.connection.HTTPConnection object at 0x7fa443eaaa20>: Failed to establish a new connection: [Errno -2] Name or service not known',))
HTTPConnectionPool(host='www.dieei.unict.itcorsi', port=80): Max retries exceeded with url: /lm-27 (Caused by NewConnectionError('<urllib3.connection.HTTPConnection object at 0x7fa443eaa550>: Failed to establish a new connection: [Errno -2] Name or service not known',))
HTTPConnectionPool(host='www.dieei.unict.itcorsi', port=80): Max retries exceeded with url: /lm-32 (Caused by NewConnectionError('<urllib3.connection.HTTPConnection object at 0x7fa443eaaa20>: Failed to establish a new connection: [Errno -2] Name or service not known',))
HTTPConnectionPool(host='web.dmi.unict.itcorsi', port=80): Max retries exceeded with url: /l-31 (Caused by NewConnectionError('<urllib3.connection.HTTPConnection object at 0x7fcb68060cf8>: Failed to establish a new connection: [Errno -2] Name or service not known',))
HTTPConnectionPool(host='web.dmi.unict.itcorsi', port=80): Max retries exceeded with url: /l-35 (Caused by NewConnectionError('<urllib3.connection.HTTPConnection object at 0x7fcb68060cc0>: Failed to establish a new connection: [Errno -2] Name or service not known',))
HTTPConnectionPool(host='web.dmi.unict.itcorsi', port=80): Max retries exceeded with url: /lm-18 (Caused by NewConnectionError('<urllib3.connection.HTTPConnection object at 0x7fcb68060dd8>: Failed to establish a new connection: [Errno -2] Name or service not known',))
HTTPConnectionPool(host='web.dmi.unict.itcorsi', port=80): Max retries exceeded with url: /lm-40 (Caused by NewConnectionError('<urllib3.connection.HTTPConnection object at 0x7fcb68060e48>: Failed to establish a new connection: [Errno -2] Name or service not known',))
HTTPConnectionPool(host='web.dmi.unict.itcorsi', port=80): Max retries exceeded with url: /l-31 (Caused by NewConnectionError('<urllib3.connection.HTTPConnection object at 0x7fcb60f57320>: Failed to establish a new connection: [Errno -2] Name or service not known',))
HTTPConnectionPool(host='web.dmi.unict.itcorsi', port=80): Max retries exceeded with url: /l-35 (Caused by NewConnectionError('<urllib3.connection.HTTPConnection object at 0x7fcb60f57128>: Failed to establish a new connection: [Errno -2] Name or service not known',))
HTTPConnectionPool(host='web.dmi.unict.itcorsi', port=80): Max retries exceeded with url: /lm-18 (Caused by NewConnectionError('<urllib3.connection.HTTPConnection object at 0x7fcb60f57320>: Failed to establish a new connection: [Errno -2] Name or service not known',))
HTTPConnectionPool(host='web.dmi.unict.itcorsi', port=80): Max retries exceeded with url: /lm-40 (Caused by NewConnectionError('<urllib3.connection.HTTPConnection object at 0x7fcb60f5c320>: Failed to establish a new connection: [Errno -2] Name or service not known',))
HTTPConnectionPool(host='www.dieei.unict.itcorsi', port=80): Max retries exceeded with url: /l-8-ele (Caused by NewConnectionError('<urllib3.connection.HTTPConnection object at 0x7fcb697bf668>: Failed to establish a new connection: [Errno -2] Name or service not known',))
HTTPConnectionPool(host='www.dieei.unict.itcorsi', port=80): Max retries exceeded with url: /l-9 (Caused by NewConnectionError('<urllib3.connection.HTTPConnection object at 0x7fcb6807b2e8>: Failed to establish a new connection: [Errno -2] Name or service not known',))
HTTPConnectionPool(host='www.dieei.unict.itcorsi', port=80): Max retries exceeded with url: /l-8-inf (Caused by NewConnectionError('<urllib3.connection.HTTPConnection object at 0x7fcb697ab198>: Failed to establish a new connection: [Errno -2] Name or service not known',))
HTTPConnectionPool(host='www.dieei.unict.itcorsi', port=80): Max retries exceeded with url: /lm-25 (Caused by NewConnectionError('<urllib3.connection.HTTPConnection object at 0x7fcb697abcf8>: Failed to establish a new connection: [Errno -2] Name or service not known',))
HTTPConnectionPool(host='www.dieei.unict.itcorsi', port=80): Max retries exceeded with url: /lm-28 (Caused by NewConnectionError('<urllib3.connection.HTTPConnection object at 0x7fcb697ab6a0>: Failed to establish a new connection: [Errno -2] Name or service not known',))
HTTPConnectionPool(host='www.dieei.unict.itcorsi', port=80): Max retries exceeded with url: /lm-29 (Caused by NewConnectionError('<urllib3.connection.HTTPConnection object at 0x7fcb697ab668>: Failed to establish a new connection: [Errno -2] Name or service not known',))
HTTPConnectionPool(host='www.dieei.unict.itcorsi', port=80): Max retries exceeded with url: /lm-27 (Caused by NewConnectionError('<urllib3.connection.HTTPConnection object at 0x7fcb697ab2b0>: Failed to establish a new connection: [Errno -2] Name or service not known',))
HTTPConnectionPool(host='www.dieei.unict.itcorsi', port=80): Max retries exceeded with url: /lm-32 (Caused by NewConnectionError('<urllib3.connection.HTTPConnection object at 0x7fcb697ab438>: Failed to establish a new connection: [Errno -2] Name or service not known',))
HTTPConnectionPool(host='www.dieei.unict.itcorsi', port=80): Max retries exceeded with url: /l-8-ele (Caused by NewConnectionError('<urllib3.connection.HTTPConnection object at 0x7fcb60d293c8>: Failed to establish a new connection: [Errno -2] Name or service not known',))
HTTPConnectionPool(host='www.dieei.unict.itcorsi', port=80): Max retries exceeded with url: /l-9 (Caused by NewConnectionError('<urllib3.connection.HTTPConnection object at 0x7fcb60d29dd8>: Failed to establish a new connection: [Errno -2] Name or service not known',))
HTTPConnectionPool(host='www.dieei.unict.itcorsi', port=80): Max retries exceeded with url: /l-8-inf (Caused by NewConnectionError('<urllib3.connection.HTTPConnection object at 0x7fcb60d295f8>: Failed to establish a new connection: [Errno -2] Name or service not known',))
HTTPConnectionPool(host='www.dieei.unict.itcorsi', port=80): Max retries exceeded with url: /lm-25 (Caused by NewConnectionError('<urllib3.connection.HTTPConnection object at 0x7fcb60d29588>: Failed to establish a new connection: [Errno -2] Name or service not known',))
HTTPConnectionPool(host='www.dieei.unict.itcorsi', port=80): Max retries exceeded with url: /lm-28 (Caused by NewConnectionError('<urllib3.connection.HTTPConnection object at 0x7fcb60d29b38>: Failed to establish a new connection: [Errno -2] Name or service not known',))
HTTPConnectionPool(host='www.dieei.unict.itcorsi', port=80): Max retries exceeded with url: /lm-29 (Caused by NewConnectionError('<urllib3.connection.HTTPConnection object at 0x7fcb680cc198>: Failed to establish a new connection: [Errno -2] Name or service not known',))
HTTPConnectionPool(host='www.dieei.unict.itcorsi', port=80): Max retries exceeded with url: /lm-27 (Caused by NewConnectionError('<urllib3.connection.HTTPConnection object at 0x7fcb680cc5f8>: Failed to establish a new connection: [Errno -2] Name or service not known',))
HTTPConnectionPool(host='www.dieei.unict.itcorsi', port=80): Max retries exceeded with url: /lm-32 (Caused by NewConnectionError('<urllib3.connection.HTTPConnection object at 0x7fcb680cc4e0>: Failed to establish a new connection: [Errno -2] Name or service not known',))
HTTPConnectionPool(host='web.dmi.unict.itcorsi', port=80): Max retries exceeded with url: /l-31 (Caused by NewConnectionError('<urllib3.connection.HTTPConnection object at 0x7f7d7c2ca668>: Failed to establish a new connection: [Errno -2] Name or service not known',))
HTTPConnectionPool(host='web.dmi.unict.itcorsi', port=80): Max retries exceeded with url: /l-35 (Caused by NewConnectionError('<urllib3.connection.HTTPConnection object at 0x7f7d7c2cad30>: Failed to establish a new connection: [Errno -2] Name or service not known',))
HTTPConnectionPool(host='web.dmi.unict.itcorsi', port=80): Max retries exceeded with url: /lm-18 (Caused by NewConnectionError('<urllib3.connection.HTTPConnection object at 0x7f7d7c2cadd8>: Failed to establish a new connection: [Errno -2] Name or service not known',))
HTTPConnectionPool(host='web.dmi.unict.itcorsi', port=80): Max retries exceeded with url: /lm-40 (Caused by NewConnectionError('<urllib3.connection.HTTPConnection object at 0x7f7d7c2cab00>: Failed to establish a new connection: [Errno -2] Name or service not known',))
HTTPConnectionPool(host='web.dmi.unict.itcorsi', port=80): Max retries exceeded with url: /l-31 (Caused by NewConnectionError('<urllib3.connection.HTTPConnection object at 0x7f7d7c1d8358>: Failed to establish a new connection: [Errno -2] Name or service not known',))
HTTPConnectionPool(host='web.dmi.unict.itcorsi', port=80): Max retries exceeded with url: /l-35 (Caused by NewConnectionError('<urllib3.connection.HTTPConnection object at 0x7f7d7c1d8358>: Failed to establish a new connection: [Errno -2] Name or service not known',))
HTTPConnectionPool(host='web.dmi.unict.itcorsi', port=80): Max retries exceeded with url: /lm-18 (Caused by NewConnectionError('<urllib3.connection.HTTPConnection object at 0x7f7d7c1d8160>: Failed to establish a new connection: [Errno -2] Name or service not known',))
HTTPConnectionPool(host='web.dmi.unict.itcorsi', port=80): Max retries exceeded with url: /lm-40 (Caused by NewConnectionError('<urllib3.connection.HTTPConnection object at 0x7f7d7c1d8128>: Failed to establish a new connection: [Errno -2] Name or service not known',))
HTTPConnectionPool(host='www.dieei.unict.itcorsi', port=80): Max retries exceeded with url: /l-8-ele (Caused by NewConnectionError('<urllib3.connection.HTTPConnection object at 0x7f7d7f9b5da0>: Failed to establish a new connection: [Errno -2] Name or service not known',))
HTTPConnectionPool(host='www.dieei.unict.itcorsi', port=80): Max retries exceeded with url: /l-9 (Caused by NewConnectionError('<urllib3.connection.HTTPConnection object at 0x7f7d7f9b5978>: Failed to establish a new connection: [Errno -2] Name or service not known',))
HTTPConnectionPool(host='www.dieei.unict.itcorsi', port=80): Max retries exceeded with url: /l-8-inf (Caused by NewConnectionError('<urllib3.connection.HTTPConnection object at 0x7f7d7f9b5978>: Failed to establish a new connection: [Errno -2] Name or service not known',))
HTTPConnectionPool(host='www.dieei.unict.itcorsi', port=80): Max retries exceeded with url: /lm-25 (Caused by NewConnectionError('<urllib3.connection.HTTPConnection object at 0x7f7d7f9b5a20>: Failed to establish a new connection: [Errno -2] Name or service not known',))
HTTPConnectionPool(host='www.dieei.unict.itcorsi', port=80): Max retries exceeded with url: /lm-28 (Caused by NewConnectionError('<urllib3.connection.HTTPConnection object at 0x7f7d7f9b5a58>: Failed to establish a new connection: [Errno -2] Name or service not known',))
HTTPConnectionPool(host='www.dieei.unict.itcorsi', port=80): Max retries exceeded with url: /lm-29 (Caused by NewConnectionError('<urllib3.connection.HTTPConnection object at 0x7f7d7c32feb8>: Failed to establish a new connection: [Errno -2] Name or service not known',))
HTTPConnectionPool(host='www.dieei.unict.itcorsi', port=80): Max retries exceeded with url: /lm-27 (Caused by NewConnectionError('<urllib3.connection.HTTPConnection object at 0x7f7d7f9b5978>: Failed to establish a new connection: [Errno -2] Name or service not known',))
HTTPConnectionPool(host='www.dieei.unict.itcorsi', port=80): Max retries exceeded with url: /lm-32 (Caused by NewConnectionError('<urllib3.connection.HTTPConnection object at 0x7f7d7fa2c8d0>: Failed to establish a new connection: [Errno -2] Name or service not known',))
HTTPConnectionPool(host='www.dieei.unict.itcorsi', port=80): Max retries exceeded with url: /l-8-ele (Caused by NewConnectionError('<urllib3.connection.HTTPConnection object at 0x7f7d7c2cbc88>: Failed to establish a new connection: [Errno -2] Name or service not known',))
HTTPConnectionPool(host='www.dieei.unict.itcorsi', port=80): Max retries exceeded with url: /l-9 (Caused by NewConnectionError('<urllib3.connection.HTTPConnection object at 0x7f7d7c2cb0f0>: Failed to establish a new connection: [Errno -2] Name or service not known',))
HTTPConnectionPool(host='www.dieei.unict.itcorsi', port=80): Max retries exceeded with url: /l-8-inf (Caused by NewConnectionError('<urllib3.connection.HTTPConnection object at 0x7f7d7c2cb2e8>: Failed to establish a new connection: [Errno -2] Name or service not known',))
HTTPConnectionPool(host='www.dieei.unict.itcorsi', port=80): Max retries exceeded with url: /lm-25 (Caused by NewConnectionError('<urllib3.connection.HTTPConnection object at 0x7f7d7c2cbdd8>: Failed to establish a new connection: [Errno -2] Name or service not known',))
HTTPConnectionPool(host='www.dieei.unict.itcorsi', port=80): Max retries exceeded with url: /lm-28 (Caused by NewConnectionError('<urllib3.connection.HTTPConnection object at 0x7f7d7c2cbb38>: Failed to establish a new connection: [Errno -2] Name or service not known',))
HTTPConnectionPool(host='www.dieei.unict.itcorsi', port=80): Max retries exceeded with url: /lm-29 (Caused by NewConnectionError('<urllib3.connection.HTTPConnection object at 0x7f7d7c2cb400>: Failed to establish a new connection: [Errno -2] Name or service not known',))
HTTPConnectionPool(host='www.dieei.unict.itcorsi', port=80): Max retries exceeded with url: /lm-27 (Caused by NewConnectionError('<urllib3.connection.HTTPConnection object at 0x7f7d7c2cb668>: Failed to establish a new connection: [Errno -2] Name or service not known',))
HTTPConnectionPool(host='www.dieei.unict.itcorsi', port=80): Max retries exceeded with url: /lm-32 (Caused by NewConnectionError('<urllib3.connection.HTTPConnection object at 0x7f7d7c2cb5f8>: Failed to establish a new connection: [Errno -2] Name or service not known',))
HTTPConnectionPool(host='web.dmi.unict.itcorsi', port=80): Max retries exceeded with url: /l-31 (Caused by NewConnectionError('<urllib3.connection.HTTPConnection object at 0x7f4204124cf8>: Failed to establish a new connection: [Errno -2] Name or service not known',))
HTTPConnectionPool(host='web.dmi.unict.itcorsi', port=80): Max retries exceeded with url: /l-35 (Caused by NewConnectionError('<urllib3.connection.HTTPConnection object at 0x7f4204124cc0>: Failed to establish a new connection: [Errno -2] Name or service not known',))
HTTPConnectionPool(host='web.dmi.unict.itcorsi', port=80): Max retries exceeded with url: /lm-18 (Caused by NewConnectionError('<urllib3.connection.HTTPConnection object at 0x7f4204124dd8>: Failed to establish a new connection: [Errno -2] Name or service not known',))
HTTPConnectionPool(host='web.dmi.unict.itcorsi', port=80): Max retries exceeded with url: /lm-40 (Caused by NewConnectionError('<urllib3.connection.HTTPConnection object at 0x7f4204124e48>: Failed to establish a new connection: [Errno -2] Name or service not known',))
HTTPConnectionPool(host='web.dmi.unict.itcorsi', port=80): Max retries exceeded with url: /l-31 (Caused by NewConnectionError('<urllib3.connection.HTTPConnection object at 0x7f420402f2e8>: Failed to establish a new connection: [Errno -2] Name or service not known',))
HTTPConnectionPool(host='web.dmi.unict.itcorsi', port=80): Max retries exceeded with url: /l-35 (Caused by NewConnectionError('<urllib3.connection.HTTPConnection object at 0x7f420402f0f0>: Failed to establish a new connection: [Errno -2] Name or service not known',))
HTTPConnectionPool(host='web.dmi.unict.itcorsi', port=80): Max retries exceeded with url: /lm-18 (Caused by NewConnectionError('<urllib3.connection.HTTPConnection object at 0x7f42040322e8>: Failed to establish a new connection: [Errno -2] Name or service not known',))
HTTPConnectionPool(host='web.dmi.unict.itcorsi', port=80): Max retries exceeded with url: /lm-40 (Caused by NewConnectionError('<urllib3.connection.HTTPConnection object at 0x7f42040322e8>: Failed to establish a new connection: [Errno -2] Name or service not known',))
HTTPConnectionPool(host='www.dieei.unict.itcorsi', port=80): Max retries exceeded with url: /l-8-ele (Caused by NewConnectionError('<urllib3.connection.HTTPConnection object at 0x7f420403b278>: Failed to establish a new connection: [Errno -2] Name or service not known',))
HTTPConnectionPool(host='www.dieei.unict.itcorsi', port=80): Max retries exceeded with url: /l-9 (Caused by NewConnectionError('<urllib3.connection.HTTPConnection object at 0x7f420403b208>: Failed to establish a new connection: [Errno -2] Name or service not known',))
HTTPConnectionPool(host='www.dieei.unict.itcorsi', port=80): Max retries exceeded with url: /l-8-inf (Caused by NewConnectionError('<urllib3.connection.HTTPConnection object at 0x7f4204c42128>: Failed to establish a new connection: [Errno -2] Name or service not known',))
HTTPConnectionPool(host='www.dieei.unict.itcorsi', port=80): Max retries exceeded with url: /lm-25 (Caused by NewConnectionError('<urllib3.connection.HTTPConnection object at 0x7f4204c4e630>: Failed to establish a new connection: [Errno -2] Name or service not known',))
HTTPConnectionPool(host='www.dieei.unict.itcorsi', port=80): Max retries exceeded with url: /lm-28 (Caused by NewConnectionError('<urllib3.connection.HTTPConnection object at 0x7f4204c4e588>: Failed to establish a new connection: [Errno -2] Name or service not known',))
HTTPConnectionPool(host='www.dieei.unict.itcorsi', port=80): Max retries exceeded with url: /lm-29 (Caused by NewConnectionError('<urllib3.connection.HTTPConnection object at 0x7f4204c4e0f0>: Failed to establish a new connection: [Errno -2] Name or service not known',))
HTTPConnectionPool(host='www.dieei.unict.itcorsi', port=80): Max retries exceeded with url: /lm-27 (Caused by NewConnectionError('<urllib3.connection.HTTPConnection object at 0x7f4204c4ec50>: Failed to establish a new connection: [Errno -2] Name or service not known',))
HTTPConnectionPool(host='www.dieei.unict.itcorsi', port=80): Max retries exceeded with url: /lm-32 (Caused by NewConnectionError('<urllib3.connection.HTTPConnection object at 0x7f4204c4e3c8>: Failed to establish a new connection: [Errno -2] Name or service not known',))
HTTPConnectionPool(host='www.dieei.unict.itcorsi', port=80): Max retries exceeded with url: /l-8-ele (Caused by NewConnectionError('<urllib3.connection.HTTPConnection object at 0x7f4204052ef0>: Failed to establish a new connection: [Errno -2] Name or service not known',))
HTTPConnectionPool(host='www.dieei.unict.itcorsi', port=80): Max retries exceeded with url: /l-9 (Caused by NewConnectionError('<urllib3.connection.HTTPConnection object at 0x7f4204052be0>: Failed to establish a new connection: [Errno -2] Name or service not known',))
HTTPConnectionPool(host='www.dieei.unict.itcorsi', port=80): Max retries exceeded with url: /l-8-inf (Caused by NewConnectionError('<urllib3.connection.HTTPConnection object at 0x7f42040529e8>: Failed to establish a new connection: [Errno -2] Name or service not known',))
HTTPConnectionPool(host='www.dieei.unict.itcorsi', port=80): Max retries exceeded with url: /lm-25 (Caused by NewConnectionError('<urllib3.connection.HTTPConnection object at 0x7f4204052d68>: Failed to establish a new connection: [Errno -2] Name or service not known',))
HTTPConnectionPool(host='www.dieei.unict.itcorsi', port=80): Max retries exceeded with url: /lm-28 (Caused by NewConnectionError('<urllib3.connection.HTTPConnection object at 0x7f4204052be0>: Failed to establish a new connection: [Errno -2] Name or service not known',))
HTTPConnectionPool(host='www.dieei.unict.itcorsi', port=80): Max retries exceeded with url: /lm-29 (Caused by NewConnectionError('<urllib3.connection.HTTPConnection object at 0x7f4204052d68>: Failed to establish a new connection: [Errno -2] Name or service not known',))
HTTPConnectionPool(host='www.dieei.unict.itcorsi', port=80): Max retries exceeded with url: /lm-27 (Caused by NewConnectionError('<urllib3.connection.HTTPConnection object at 0x7f4204052710>: Failed to establish a new connection: [Errno -2] Name or service not known',))
HTTPConnectionPool(host='www.dieei.unict.itcorsi', port=80): Max retries exceeded with url: /lm-32 (Caused by NewConnectionError('<urllib3.connection.HTTPConnection object at 0x7f4204052080>: Failed to establish a new connection: [Errno -2] Name or service not known',))
HTTPConnectionPool(host='web.dmi.unict.itcorsi', port=80): Max retries exceeded with url: /l-31 (Caused by NewConnectionError('<urllib3.connection.HTTPConnection object at 0x7eff3def23c8>: Failed to establish a new connection: [Errno -2] Name or service not known',))
HTTPConnectionPool(host='web.dmi.unict.itcorsi', port=80): Max retries exceeded with url: /l-35 (Caused by NewConnectionError('<urllib3.connection.HTTPConnection object at 0x7eff3ded9fd0>: Failed to establish a new connection: [Errno -2] Name or service not known',))
HTTPConnectionPool(host='web.dmi.unict.itcorsi', port=80): Max retries exceeded with url: /lm-18 (Caused by NewConnectionError('<urllib3.connection.HTTPConnection object at 0x7eff3ded9be0>: Failed to establish a new connection: [Errno -2] Name or service not known',))
HTTPConnectionPool(host='web.dmi.unict.itcorsi', port=80): Max retries exceeded with url: /lm-40 (Caused by NewConnectionError('<urllib3.connection.HTTPConnection object at 0x7eff3ded9c18>: Failed to establish a new connection: [Errno -2] Name or service not known',))
HTTPConnectionPool(host='web.dmi.unict.itcorsi', port=80): Max retries exceeded with url: /l-31 (Caused by NewConnectionError('<urllib3.connection.HTTPConnection object at 0x7eff2d6d92e8>: Failed to establish a new connection: [Errno -2] Name or service not known',))
HTTPConnectionPool(host='web.dmi.unict.itcorsi', port=80): Max retries exceeded with url: /l-35 (Caused by NewConnectionError('<urllib3.connection.HTTPConnection object at 0x7eff2d6d90f0>: Failed to establish a new connection: [Errno -2] Name or service not known',))
HTTPConnectionPool(host='web.dmi.unict.itcorsi', port=80): Max retries exceeded with url: /lm-18 (Caused by NewConnectionError('<urllib3.connection.HTTPConnection object at 0x7eff2d6d90b8>: Failed to establish a new connection: [Errno -2] Name or service not known',))
HTTPConnectionPool(host='web.dmi.unict.itcorsi', port=80): Max retries exceeded with url: /lm-40 (Caused by NewConnectionError('<urllib3.connection.HTTPConnection object at 0x7eff2d6d9080>: Failed to establish a new connection: [Errno -2] Name or service not known',))
HTTPConnectionPool(host='www.dieei.unict.itcorsi', port=80): Max retries exceeded with url: /l-8-ele (Caused by NewConnectionError('<urllib3.connection.HTTPConnection object at 0x7eff2d582208>: Failed to establish a new connection: [Errno -2] Name or service not known',))
HTTPConnectionPool(host='www.dieei.unict.itcorsi', port=80): Max retries exceeded with url: /l-9 (Caused by NewConnectionError('<urllib3.connection.HTTPConnection object at 0x7eff2d5b9128>: Failed to establish a new connection: [Errno -2] Name or service not known',))
HTTPConnectionPool(host='www.dieei.unict.itcorsi', port=80): Max retries exceeded with url: /l-8-inf (Caused by NewConnectionError('<urllib3.connection.HTTPConnection object at 0x7eff2d582080>: Failed to establish a new connection: [Errno -2] Name or service not known',))
HTTPConnectionPool(host='www.dieei.unict.itcorsi', port=80): Max retries exceeded with url: /lm-25 (Caused by NewConnectionError('<urllib3.connection.HTTPConnection object at 0x7eff2d5b9240>: Failed to establish a new connection: [Errno -2] Name or service not known',))
HTTPConnectionPool(host='www.dieei.unict.itcorsi', port=80): Max retries exceeded with url: /lm-28 (Caused by NewConnectionError('<urllib3.connection.HTTPConnection object at 0x7eff3dedc780>: Failed to establish a new connection: [Errno -2] Name or service not known',))
HTTPConnectionPool(host='www.dieei.unict.itcorsi', port=80): Max retries exceeded with url: /lm-29 (Caused by NewConnectionError('<urllib3.connection.HTTPConnection object at 0x7eff3dedcb70>: Failed to establish a new connection: [Errno -2] Name or service not known',))
HTTPConnectionPool(host='www.dieei.unict.itcorsi', port=80): Max retries exceeded with url: /lm-27 (Caused by NewConnectionError('<urllib3.connection.HTTPConnection object at 0x7eff3dedc438>: Failed to establish a new connection: [Errno -2] Name or service not known',))
HTTPConnectionPool(host='www.dieei.unict.itcorsi', port=80): Max retries exceeded with url: /lm-32 (Caused by NewConnectionError('<urllib3.connection.HTTPConnection object at 0x7eff3dedc7f0>: Failed to establish a new connection: [Errno -2] Name or service not known',))
HTTPConnectionPool(host='www.dieei.unict.itcorsi', port=80): Max retries exceeded with url: /l-8-ele (Caused by NewConnectionError('<urllib3.connection.HTTPConnection object at 0x7eff2d598128>: Failed to establish a new connection: [Errno -2] Name or service not known',))
HTTPConnectionPool(host='www.dieei.unict.itcorsi', port=80): Max retries exceeded with url: /l-9 (Caused by NewConnectionError('<urllib3.connection.HTTPConnection object at 0x7eff2d598160>: Failed to establish a new connection: [Errno -2] Name or service not known',))
HTTPConnectionPool(host='www.dieei.unict.itcorsi', port=80): Max retries exceeded with url: /l-8-inf (Caused by NewConnectionError('<urllib3.connection.HTTPConnection object at 0x7eff2d598278>: Failed to establish a new connection: [Errno -2] Name or service not known',))
HTTPConnectionPool(host='www.dieei.unict.itcorsi', port=80): Max retries exceeded with url: /lm-25 (Caused by NewConnectionError('<urllib3.connection.HTTPConnection object at 0x7eff2d598710>: Failed to establish a new connection: [Errno -2] Name or service not known',))
HTTPConnectionPool(host='www.dieei.unict.itcorsi', port=80): Max retries exceeded with url: /lm-28 (Caused by NewConnectionError('<urllib3.connection.HTTPConnection object at 0x7eff2d598160>: Failed to establish a new connection: [Errno -2] Name or service not known',))
HTTPConnectionPool(host='www.dieei.unict.itcorsi', port=80): Max retries exceeded with url: /lm-29 (Caused by NewConnectionError('<urllib3.connection.HTTPConnection object at 0x7eff2d595080>: Failed to establish a new connection: [Errno -2] Name or service not known',))
HTTPConnectionPool(host='www.dieei.unict.itcorsi', port=80): Max retries exceeded with url: /lm-27 (Caused by NewConnectionError('<urllib3.connection.HTTPConnection object at 0x7eff2d598160>: Failed to establish a new connection: [Errno -2] Name or service not known',))
HTTPConnectionPool(host='www.dieei.unict.itcorsi', port=80): Max retries exceeded with url: /lm-32 (Caused by NewConnectionError('<urllib3.connection.HTTPConnection object at 0x7eff2d598390>: Failed to establish a new connection: [Errno -2] Name or service not known',))
HTTPConnectionPool(host='web.dmi.unict.itcorsi', port=80): Max retries exceeded with url: /l-31 (Caused by NewConnectionError('<urllib3.connection.HTTPConnection object at 0x7f2b7014fcf8>: Failed to establish a new connection: [Errno -2] Name or service not known',))
HTTPConnectionPool(host='web.dmi.unict.itcorsi', port=80): Max retries exceeded with url: /l-35 (Caused by NewConnectionError('<urllib3.connection.HTTPConnection object at 0x7f2b7014fcc0>: Failed to establish a new connection: [Errno -2] Name or service not known',))
HTTPConnectionPool(host='web.dmi.unict.itcorsi', port=80): Max retries exceeded with url: /lm-18 (Caused by NewConnectionError('<urllib3.connection.HTTPConnection object at 0x7f2b7014fdd8>: Failed to establish a new connection: [Errno -2] Name or service not known',))
HTTPConnectionPool(host='web.dmi.unict.itcorsi', port=80): Max retries exceeded with url: /lm-40 (Caused by NewConnectionError('<urllib3.connection.HTTPConnection object at 0x7f2b7014fe48>: Failed to establish a new connection: [Errno -2] Name or service not known',))
HTTPConnectionPool(host='web.dmi.unict.itcorsi', port=80): Max retries exceeded with url: /l-31 (Caused by NewConnectionError('<urllib3.connection.HTTPConnection object at 0x7f2b7005c320>: Failed to establish a new connection: [Errno -2] Name or service not known',))
HTTPConnectionPool(host='web.dmi.unict.itcorsi', port=80): Max retries exceeded with url: /l-35 (Caused by NewConnectionError('<urllib3.connection.HTTPConnection object at 0x7f2b7005c128>: Failed to establish a new connection: [Errno -2] Name or service not known',))
HTTPConnectionPool(host='web.dmi.unict.itcorsi', port=80): Max retries exceeded with url: /lm-18 (Caused by NewConnectionError('<urllib3.connection.HTTPConnection object at 0x7f2b7005f320>: Failed to establish a new connection: [Errno -2] Name or service not known',))
HTTPConnectionPool(host='web.dmi.unict.itcorsi', port=80): Max retries exceeded with url: /lm-40 (Caused by NewConnectionError('<urllib3.connection.HTTPConnection object at 0x7f2b7005f128>: Failed to establish a new connection: [Errno -2] Name or service not known',))
HTTPConnectionPool(host='www.dieei.unict.itcorsi', port=80): Max retries exceeded with url: /l-8-ele (Caused by NewConnectionError('<urllib3.connection.HTTPConnection object at 0x7f2b71265cc0>: Failed to establish a new connection: [Errno -2] Name or service not known',))
HTTPConnectionPool(host='www.dieei.unict.itcorsi', port=80): Max retries exceeded with url: /l-9 (Caused by NewConnectionError('<urllib3.connection.HTTPConnection object at 0x7f2b71265400>: Failed to establish a new connection: [Errno -2] Name or service not known',))
HTTPConnectionPool(host='www.dieei.unict.itcorsi', port=80): Max retries exceeded with url: /l-8-inf (Caused by NewConnectionError('<urllib3.connection.HTTPConnection object at 0x7f2b71265cc0>: Failed to establish a new connection: [Errno -2] Name or service not known',))
HTTPConnectionPool(host='www.dieei.unict.itcorsi', port=80): Max retries exceeded with url: /lm-25 (Caused by NewConnectionError('<urllib3.connection.HTTPConnection object at 0x7f2b701b6ba8>: Failed to establish a new connection: [Errno -2] Name or service not known',))
HTTPConnectionPool(host='www.dieei.unict.itcorsi', port=80): Max retries exceeded with url: /lm-28 (Caused by NewConnectionError('<urllib3.connection.HTTPConnection object at 0x7f2b701b6a90>: Failed to establish a new connection: [Errno -2] Name or service not known',))
HTTPConnectionPool(host='www.dieei.unict.itcorsi', port=80): Max retries exceeded with url: /lm-29 (Caused by NewConnectionError('<urllib3.connection.HTTPConnection object at 0x7f2b701b6ac8>: Failed to establish a new connection: [Errno -2] Name or service not known',))
HTTPConnectionPool(host='www.dieei.unict.itcorsi', port=80): Max retries exceeded with url: /lm-27 (Caused by NewConnectionError('<urllib3.connection.HTTPConnection object at 0x7f2b701b6dd8>: Failed to establish a new connection: [Errno -2] Name or service not known',))
HTTPConnectionPool(host='www.dieei.unict.itcorsi', port=80): Max retries exceeded with url: /lm-32 (Caused by NewConnectionError('<urllib3.connection.HTTPConnection object at 0x7f2b701b6d30>: Failed to establish a new connection: [Errno -2] Name or service not known',))
HTTPConnectionPool(host='www.dieei.unict.itcorsi', port=80): Max retries exceeded with url: /l-8-ele (Caused by NewConnectionError('<urllib3.connection.HTTPConnection object at 0x7f2b6891b550>: Failed to establish a new connection: [Errno -2] Name or service not known',))
HTTPConnectionPool(host='www.dieei.unict.itcorsi', port=80): Max retries exceeded with url: /l-9 (Caused by NewConnectionError('<urllib3.connection.HTTPConnection object at 0x7f2b6862fe80>: Failed to establish a new connection: [Errno -2] Name or service not known',))
HTTPConnectionPool(host='www.dieei.unict.itcorsi', port=80): Max retries exceeded with url: /l-8-inf (Caused by NewConnectionError('<urllib3.connection.HTTPConnection object at 0x7f2b70057438>: Failed to establish a new connection: [Errno -2] Name or service not known',))
HTTPConnectionPool(host='www.dieei.unict.itcorsi', port=80): Max retries exceeded with url: /lm-25 (Caused by NewConnectionError('<urllib3.connection.HTTPConnection object at 0x7f2b70057ef0>: Failed to establish a new connection: [Errno -2] Name or service not known',))
HTTPConnectionPool(host='www.dieei.unict.itcorsi', port=80): Max retries exceeded with url: /lm-28 (Caused by NewConnectionError('<urllib3.connection.HTTPConnection object at 0x7f2b6862fe10>: Failed to establish a new connection: [Errno -2] Name or service not known',))
HTTPConnectionPool(host='www.dieei.unict.itcorsi', port=80): Max retries exceeded with url: /lm-29 (Caused by NewConnectionError('<urllib3.connection.HTTPConnection object at 0x7f2b68940b70>: Failed to establish a new connection: [Errno -2] Name or service not known',))
HTTPConnectionPool(host='www.dieei.unict.itcorsi', port=80): Max retries exceeded with url: /lm-27 (Caused by NewConnectionError('<urllib3.connection.HTTPConnection object at 0x7f2b70057518>: Failed to establish a new connection: [Errno -2] Name or service not known',))
HTTPConnectionPool(host='www.dieei.unict.itcorsi', port=80): Max retries exceeded with url: /lm-32 (Caused by NewConnectionError('<urllib3.connection.HTTPConnection object at 0x7f2b71216d30>: Failed to establish a new connection: [Errno -2] Name or service not known',))
HTTPConnectionPool(host='web.dmi.unict.itcorsi', port=80): Max retries exceeded with url: /l-31 (Caused by NewConnectionError('<urllib3.connection.HTTPConnection object at 0x7f40ec52e668>: Failed to establish a new connection: [Errno -2] Name or service not known',))
HTTPConnectionPool(host='web.dmi.unict.itcorsi', port=80): Max retries exceeded with url: /l-35 (Caused by NewConnectionError('<urllib3.connection.HTTPConnection object at 0x7f40ec52ed30>: Failed to establish a new connection: [Errno -2] Name or service not known',))
HTTPConnectionPool(host='web.dmi.unict.itcorsi', port=80): Max retries exceeded with url: /lm-18 (Caused by NewConnectionError('<urllib3.connection.HTTPConnection object at 0x7f40ec52edd8>: Failed to establish a new connection: [Errno -2] Name or service not known',))
HTTPConnectionPool(host='web.dmi.unict.itcorsi', port=80): Max retries exceeded with url: /lm-40 (Caused by NewConnectionError('<urllib3.connection.HTTPConnection object at 0x7f40ec52eb00>: Failed to establish a new connection: [Errno -2] Name or service not known',))
HTTPConnectionPool(host='web.dmi.unict.itcorsi', port=80): Max retries exceeded with url: /l-31 (Caused by NewConnectionError('<urllib3.connection.HTTPConnection object at 0x7f40ec43b358>: Failed to establish a new connection: [Errno -2] Name or service not known',))
HTTPConnectionPool(host='web.dmi.unict.itcorsi', port=80): Max retries exceeded with url: /l-35 (Caused by NewConnectionError('<urllib3.connection.HTTPConnection object at 0x7f40ec43b160>: Failed to establish a new connection: [Errno -2] Name or service not known',))
HTTPConnectionPool(host='web.dmi.unict.itcorsi', port=80): Max retries exceeded with url: /lm-18 (Caused by NewConnectionError('<urllib3.connection.HTTPConnection object at 0x7f40ec43e358>: Failed to establish a new connection: [Errno -2] Name or service not known',))
HTTPConnectionPool(host='web.dmi.unict.itcorsi', port=80): Max retries exceeded with url: /lm-40 (Caused by NewConnectionError('<urllib3.connection.HTTPConnection object at 0x7f40ec43e160>: Failed to establish a new connection: [Errno -2] Name or service not known',))
HTTPConnectionPool(host='www.dieei.unict.itcorsi', port=80): Max retries exceeded with url: /l-8-ele (Caused by NewConnectionError('<urllib3.connection.HTTPConnection object at 0x7f40ef48ecf8>: Failed to establish a new connection: [Errno -2] Name or service not known',))
HTTPConnectionPool(host='www.dieei.unict.itcorsi', port=80): Max retries exceeded with url: /l-9 (Caused by NewConnectionError('<urllib3.connection.HTTPConnection object at 0x7f40ef48e240>: Failed to establish a new connection: [Errno -2] Name or service not known',))
HTTPConnectionPool(host='www.dieei.unict.itcorsi', port=80): Max retries exceeded with url: /l-8-inf (Caused by NewConnectionError('<urllib3.connection.HTTPConnection object at 0x7f40ef48e710>: Failed to establish a new connection: [Errno -2] Name or service not known',))
HTTPConnectionPool(host='www.dieei.unict.itcorsi', port=80): Max retries exceeded with url: /lm-25 (Caused by NewConnectionError('<urllib3.connection.HTTPConnection object at 0x7f40ec09bc50>: Failed to establish a new connection: [Errno -2] Name or service not known',))
HTTPConnectionPool(host='www.dieei.unict.itcorsi', port=80): Max retries exceeded with url: /lm-28 (Caused by NewConnectionError('<urllib3.connection.HTTPConnection object at 0x7f40ec09bfd0>: Failed to establish a new connection: [Errno -2] Name or service not known',))
HTTPConnectionPool(host='www.dieei.unict.itcorsi', port=80): Max retries exceeded with url: /lm-29 (Caused by NewConnectionError('<urllib3.connection.HTTPConnection object at 0x7f40ec09bf60>: Failed to establish a new connection: [Errno -2] Name or service not known',))
HTTPConnectionPool(host='www.dieei.unict.itcorsi', port=80): Max retries exceeded with url: /lm-27 (Caused by NewConnectionError('<urllib3.connection.HTTPConnection object at 0x7f40ec593860>: Failed to establish a new connection: [Errno -2] Name or service not known',))
HTTPConnectionPool(host='www.dieei.unict.itcorsi', port=80): Max retries exceeded with url: /lm-32 (Caused by NewConnectionError('<urllib3.connection.HTTPConnection object at 0x7f40ec593da0>: Failed to establish a new connection: [Errno -2] Name or service not known',))
HTTPConnectionPool(host='www.dieei.unict.itcorsi', port=80): Max retries exceeded with url: /l-8-ele (Caused by NewConnectionError('<urllib3.connection.HTTPConnection object at 0x7f40ec513b70>: Failed to establish a new connection: [Errno -2] Name or service not known',))
HTTPConnectionPool(host='www.dieei.unict.itcorsi', port=80): Max retries exceeded with url: /l-9 (Caused by NewConnectionError('<urllib3.connection.HTTPConnection object at 0x7f40ec09bdd8>: Failed to establish a new connection: [Errno -2] Name or service not known',))
HTTPConnectionPool(host='www.dieei.unict.itcorsi', port=80): Max retries exceeded with url: /l-8-inf (Caused by NewConnectionError('<urllib3.connection.HTTPConnection object at 0x7f40ec09bf60>: Failed to establish a new connection: [Errno -2] Name or service not known',))
HTTPConnectionPool(host='www.dieei.unict.itcorsi', port=80): Max retries exceeded with url: /lm-25 (Caused by NewConnectionError('<urllib3.connection.HTTPConnection object at 0x7f40ec09beb8>: Failed to establish a new connection: [Errno -2] Name or service not known',))
HTTPConnectionPool(host='www.dieei.unict.itcorsi', port=80): Max retries exceeded with url: /lm-28 (Caused by NewConnectionError('<urllib3.connection.HTTPConnection object at 0x7f40ec27bf28>: Failed to establish a new connection: [Errno -2] Name or service not known',))
HTTPConnectionPool(host='www.dieei.unict.itcorsi', port=80): Max retries exceeded with url: /lm-29 (Caused by NewConnectionError('<urllib3.connection.HTTPConnection object at 0x7f40ec09bf60>: Failed to establish a new connection: [Errno -2] Name or service not known',))
HTTPConnectionPool(host='www.dieei.unict.itcorsi', port=80): Max retries exceeded with url: /lm-27 (Caused by NewConnectionError('<urllib3.connection.HTTPConnection object at 0x7f40ec09be80>: Failed to establish a new connection: [Errno -2] Name or service not known',))
HTTPConnectionPool(host='www.dieei.unict.itcorsi', port=80): Max retries exceeded with url: /lm-32 (Caused by NewConnectionError('<urllib3.connection.HTTPConnection object at 0x7f40ec596b38>: Failed to establish a new connection: [Errno -2] Name or service not known',))
HTTPConnectionPool(host='web.dmi.unict.itcorsi', port=80): Max retries exceeded with url: /l-31 (Caused by NewConnectionError('<urllib3.connection.HTTPConnection object at 0x7f0058099668>: Failed to establish a new connection: [Errno -2] Name or service not known',))
HTTPConnectionPool(host='web.dmi.unict.itcorsi', port=80): Max retries exceeded with url: /l-35 (Caused by NewConnectionError('<urllib3.connection.HTTPConnection object at 0x7f0058099d30>: Failed to establish a new connection: [Errno -2] Name or service not known',))
HTTPConnectionPool(host='web.dmi.unict.itcorsi', port=80): Max retries exceeded with url: /lm-18 (Caused by NewConnectionError('<urllib3.connection.HTTPConnection object at 0x7f0058099dd8>: Failed to establish a new connection: [Errno -2] Name or service not known',))
HTTPConnectionPool(host='web.dmi.unict.itcorsi', port=80): Max retries exceeded with url: /lm-40 (Caused by NewConnectionError('<urllib3.connection.HTTPConnection object at 0x7f0058099b00>: Failed to establish a new connection: [Errno -2] Name or service not known',))
HTTPConnectionPool(host='web.dmi.unict.itcorsi', port=80): Max retries exceeded with url: /l-31 (Caused by NewConnectionError('<urllib3.connection.HTTPConnection object at 0x7f005057b358>: Failed to establish a new connection: [Errno -2] Name or service not known',))
HTTPConnectionPool(host='web.dmi.unict.itcorsi', port=80): Max retries exceeded with url: /l-35 (Caused by NewConnectionError('<urllib3.connection.HTTPConnection object at 0x7f005057b160>: Failed to establish a new connection: [Errno -2] Name or service not known',))
HTTPConnectionPool(host='web.dmi.unict.itcorsi', port=80): Max retries exceeded with url: /lm-18 (Caused by NewConnectionError('<urllib3.connection.HTTPConnection object at 0x7f005057b358>: Failed to establish a new connection: [Errno -2] Name or service not known',))
HTTPConnectionPool(host='web.dmi.unict.itcorsi', port=80): Max retries exceeded with url: /lm-40 (Caused by NewConnectionError('<urllib3.connection.HTTPConnection object at 0x7f005057b160>: Failed to establish a new connection: [Errno -2] Name or service not known',))
HTTPConnectionPool(host='www.dieei.unict.itcorsi', port=80): Max retries exceeded with url: /l-8-ele (Caused by NewConnectionError('<urllib3.connection.HTTPConnection object at 0x7f00503d13c8>: Failed to establish a new connection: [Errno -2] Name or service not known',))
HTTPConnectionPool(host='www.dieei.unict.itcorsi', port=80): Max retries exceeded with url: /l-9 (Caused by NewConnectionError('<urllib3.connection.HTTPConnection object at 0x7f00503d1240>: Failed to establish a new connection: [Errno -2] Name or service not known',))
HTTPConnectionPool(host='www.dieei.unict.itcorsi', port=80): Max retries exceeded with url: /l-8-inf (Caused by NewConnectionError('<urllib3.connection.HTTPConnection object at 0x7f00503d12e8>: Failed to establish a new connection: [Errno -2] Name or service not known',))
HTTPConnectionPool(host='www.dieei.unict.itcorsi', port=80): Max retries exceeded with url: /lm-25 (Caused by NewConnectionError('<urllib3.connection.HTTPConnection object at 0x7f00503d1278>: Failed to establish a new connection: [Errno -2] Name or service not known',))
HTTPConnectionPool(host='www.dieei.unict.itcorsi', port=80): Max retries exceeded with url: /lm-28 (Caused by NewConnectionError('<urllib3.connection.HTTPConnection object at 0x7f00503d12e8>: Failed to establish a new connection: [Errno -2] Name or service not known',))
HTTPConnectionPool(host='www.dieei.unict.itcorsi', port=80): Max retries exceeded with url: /lm-29 (Caused by NewConnectionError('<urllib3.connection.HTTPConnection object at 0x7f0058de0c50>: Failed to establish a new connection: [Errno -2] Name or service not known',))
HTTPConnectionPool(host='www.dieei.unict.itcorsi', port=80): Max retries exceeded with url: /lm-27 (Caused by NewConnectionError('<urllib3.connection.HTTPConnection object at 0x7f0058de0b00>: Failed to establish a new connection: [Errno -2] Name or service not known',))
HTTPConnectionPool(host='www.dieei.unict.itcorsi', port=80): Max retries exceeded with url: /lm-32 (Caused by NewConnectionError('<urllib3.connection.HTTPConnection object at 0x7f0058de0160>: Failed to establish a new connection: [Errno -2] Name or service not known',))
HTTPConnectionPool(host='www.dieei.unict.itcorsi', port=80): Max retries exceeded with url: /l-8-ele (Caused by NewConnectionError('<urllib3.connection.HTTPConnection object at 0x7f005052c2b0>: Failed to establish a new connection: [Errno -2] Name or service not known',))
HTTPConnectionPool(host='www.dieei.unict.itcorsi', port=80): Max retries exceeded with url: /l-9 (Caused by NewConnectionError('<urllib3.connection.HTTPConnection object at 0x7f005052c240>: Failed to establish a new connection: [Errno -2] Name or service not known',))
HTTPConnectionPool(host='www.dieei.unict.itcorsi', port=80): Max retries exceeded with url: /l-8-inf (Caused by NewConnectionError('<urllib3.connection.HTTPConnection object at 0x7f005052c160>: Failed to establish a new connection: [Errno -2] Name or service not known',))
HTTPConnectionPool(host='www.dieei.unict.itcorsi', port=80): Max retries exceeded with url: /lm-25 (Caused by NewConnectionError('<urllib3.connection.HTTPConnection object at 0x7f005052c2b0>: Failed to establish a new connection: [Errno -2] Name or service not known',))
HTTPConnectionPool(host='www.dieei.unict.itcorsi', port=80): Max retries exceeded with url: /lm-28 (Caused by NewConnectionError('<urllib3.connection.HTTPConnection object at 0x7f005052c048>: Failed to establish a new connection: [Errno -2] Name or service not known',))
HTTPConnectionPool(host='www.dieei.unict.itcorsi', port=80): Max retries exceeded with url: /lm-29 (Caused by NewConnectionError('<urllib3.connection.HTTPConnection object at 0x7f005052c240>: Failed to establish a new connection: [Errno -2] Name or service not known',))
HTTPConnectionPool(host='www.dieei.unict.itcorsi', port=80): Max retries exceeded with url: /lm-27 (Caused by NewConnectionError('<urllib3.connection.HTTPConnection object at 0x7f0050282518>: Failed to establish a new connection: [Errno -2] Name or service not known',))
HTTPConnectionPool(host='www.dieei.unict.itcorsi', port=80): Max retries exceeded with url: /lm-32 (Caused by NewConnectionError('<urllib3.connection.HTTPConnection object at 0x7f0050282ba8>: Failed to establish a new connection: [Errno -2] Name or service not known',))
HTTPConnectionPool(host='web.dmi.unict.itcorsi', port=80): Max retries exceeded with url: /l-31 (Caused by NewConnectionError('<urllib3.connection.HTTPConnection object at 0x7fba98263a90>: Failed to establish a new connection: [Errno -2] Name or service not known',))
HTTPConnectionPool(host='web.dmi.unict.itcorsi', port=80): Max retries exceeded with url: /l-35 (Caused by NewConnectionError('<urllib3.connection.HTTPConnection object at 0x7fba98263dd8>: Failed to establish a new connection: [Errno -2] Name or service not known',))
HTTPConnectionPool(host='web.dmi.unict.itcorsi', port=80): Max retries exceeded with url: /lm-18 (Caused by NewConnectionError('<urllib3.connection.HTTPConnection object at 0x7fba982639e8>: Failed to establish a new connection: [Errno -2] Name or service not known',))
HTTPConnectionPool(host='web.dmi.unict.itcorsi', port=80): Max retries exceeded with url: /lm-40 (Caused by NewConnectionError('<urllib3.connection.HTTPConnection object at 0x7fba98263cf8>: Failed to establish a new connection: [Errno -2] Name or service not known',))
HTTPConnectionPool(host='web.dmi.unict.itcorsi', port=80): Max retries exceeded with url: /l-31 (Caused by NewConnectionError('<urllib3.connection.HTTPConnection object at 0x7fba9816f2e8>: Failed to establish a new connection: [Errno -2] Name or service not known',))
HTTPConnectionPool(host='web.dmi.unict.itcorsi', port=80): Max retries exceeded with url: /l-35 (Caused by NewConnectionError('<urllib3.connection.HTTPConnection object at 0x7fba9816f0f0>: Failed to establish a new connection: [Errno -2] Name or service not known',))
HTTPConnectionPool(host='web.dmi.unict.itcorsi', port=80): Max retries exceeded with url: /lm-18 (Caused by NewConnectionError('<urllib3.connection.HTTPConnection object at 0x7fba9816f2e8>: Failed to establish a new connection: [Errno -2] Name or service not known',))
HTTPConnectionPool(host='web.dmi.unict.itcorsi', port=80): Max retries exceeded with url: /lm-40 (Caused by NewConnectionError('<urllib3.connection.HTTPConnection object at 0x7fba981742e8>: Failed to establish a new connection: [Errno -2] Name or service not known',))
HTTPConnectionPool(host='www.dieei.unict.itcorsi', port=80): Max retries exceeded with url: /l-8-ele (Caused by NewConnectionError('<urllib3.connection.HTTPConnection object at 0x7fba89ec8240>: Failed to establish a new connection: [Errno -2] Name or service not known',))
HTTPConnectionPool(host='www.dieei.unict.itcorsi', port=80): Max retries exceeded with url: /l-9 (Caused by NewConnectionError('<urllib3.connection.HTTPConnection object at 0x7fba89ec8358>: Failed to establish a new connection: [Errno -2] Name or service not known',))
HTTPConnectionPool(host='www.dieei.unict.itcorsi', port=80): Max retries exceeded with url: /l-8-inf (Caused by NewConnectionError('<urllib3.connection.HTTPConnection object at 0x7fba89ec8048>: Failed to establish a new connection: [Errno -2] Name or service not known',))
HTTPConnectionPool(host='www.dieei.unict.itcorsi', port=80): Max retries exceeded with url: /lm-25 (Caused by NewConnectionError('<urllib3.connection.HTTPConnection object at 0x7fba89ec8198>: Failed to establish a new connection: [Errno -2] Name or service not known',))
HTTPConnectionPool(host='www.dieei.unict.itcorsi', port=80): Max retries exceeded with url: /lm-28 (Caused by NewConnectionError('<urllib3.connection.HTTPConnection object at 0x7fba9a9c6cf8>: Failed to establish a new connection: [Errno -2] Name or service not known',))
HTTPConnectionPool(host='www.dieei.unict.itcorsi', port=80): Max retries exceeded with url: /lm-29 (Caused by NewConnectionError('<urllib3.connection.HTTPConnection object at 0x7fba9a9c6a58>: Failed to establish a new connection: [Errno -2] Name or service not known',))
HTTPConnectionPool(host='www.dieei.unict.itcorsi', port=80): Max retries exceeded with url: /lm-27 (Caused by NewConnectionError('<urllib3.connection.HTTPConnection object at 0x7fba9a9c6080>: Failed to establish a new connection: [Errno -2] Name or service not known',))
HTTPConnectionPool(host='www.dieei.unict.itcorsi', port=80): Max retries exceeded with url: /lm-32 (Caused by NewConnectionError('<urllib3.connection.HTTPConnection object at 0x7fba9a9c66a0>: Failed to establish a new connection: [Errno -2] Name or service not known',))
HTTPConnectionPool(host='www.dieei.unict.itcorsi', port=80): Max retries exceeded with url: /l-8-ele (Caused by NewConnectionError('<urllib3.connection.HTTPConnection object at 0x7fba9a94a470>: Failed to establish a new connection: [Errno -2] Name or service not known',))
HTTPConnectionPool(host='www.dieei.unict.itcorsi', port=80): Max retries exceeded with url: /l-9 (Caused by NewConnectionError('<urllib3.connection.HTTPConnection object at 0x7fba9a94ae80>: Failed to establish a new connection: [Errno -2] Name or service not known',))
HTTPConnectionPool(host='www.dieei.unict.itcorsi', port=80): Max retries exceeded with url: /l-8-inf (Caused by NewConnectionError('<urllib3.connection.HTTPConnection object at 0x7fba9a94a1d0>: Failed to establish a new connection: [Errno -2] Name or service not known',))
HTTPConnectionPool(host='www.dieei.unict.itcorsi', port=80): Max retries exceeded with url: /lm-25 (Caused by NewConnectionError('<urllib3.connection.HTTPConnection object at 0x7fba9a94acc0>: Failed to establish a new connection: [Errno -2] Name or service not known',))
HTTPConnectionPool(host='www.dieei.unict.itcorsi', port=80): Max retries exceeded with url: /lm-28 (Caused by NewConnectionError('<urllib3.connection.HTTPConnection object at 0x7fba9a94a0b8>: Failed to establish a new connection: [Errno -2] Name or service not known',))
HTTPConnectionPool(host='www.dieei.unict.itcorsi', port=80): Max retries exceeded with url: /lm-29 (Caused by NewConnectionError('<urllib3.connection.HTTPConnection object at 0x7fba9a94a668>: Failed to establish a new connection: [Errno -2] Name or service not known',))
HTTPConnectionPool(host='www.dieei.unict.itcorsi', port=80): Max retries exceeded with url: /lm-27 (Caused by NewConnectionError('<urllib3.connection.HTTPConnection object at 0x7fba9a94ad68>: Failed to establish a new connection: [Errno -2] Name or service not known',))
HTTPConnectionPool(host='www.dieei.unict.itcorsi', port=80): Max retries exceeded with url: /lm-32 (Caused by NewConnectionError('<urllib3.connection.HTTPConnection object at 0x7fba9a94a668>: Failed to establish a new connection: [Errno -2] Name or service not known',))
HTTPConnectionPool(host='web.dmi.unict.itcorsi', port=80): Max retries exceeded with url: /l-31 (Caused by NewConnectionError('<urllib3.connection.HTTPConnection object at 0x7f5fcc065cf8>: Failed to establish a new connection: [Errno -2] Name or service not known',))
HTTPConnectionPool(host='web.dmi.unict.itcorsi', port=80): Max retries exceeded with url: /l-35 (Caused by NewConnectionError('<urllib3.connection.HTTPConnection object at 0x7f5fcc065cc0>: Failed to establish a new connection: [Errno -2] Name or service not known',))
HTTPConnectionPool(host='web.dmi.unict.itcorsi', port=80): Max retries exceeded with url: /lm-18 (Caused by NewConnectionError('<urllib3.connection.HTTPConnection object at 0x7f5fcc065dd8>: Failed to establish a new connection: [Errno -2] Name or service not known',))
HTTPConnectionPool(host='web.dmi.unict.itcorsi', port=80): Max retries exceeded with url: /lm-40 (Caused by NewConnectionError('<urllib3.connection.HTTPConnection object at 0x7f5fcc065e48>: Failed to establish a new connection: [Errno -2] Name or service not known',))
HTTPConnectionPool(host='web.dmi.unict.itcorsi', port=80): Max retries exceeded with url: /l-31 (Caused by NewConnectionError('<urllib3.connection.HTTPConnection object at 0x7f5fbd758320>: Failed to establish a new connection: [Errno -2] Name or service not known',))
HTTPConnectionPool(host='web.dmi.unict.itcorsi', port=80): Max retries exceeded with url: /l-35 (Caused by NewConnectionError('<urllib3.connection.HTTPConnection object at 0x7f5fbd758128>: Failed to establish a new connection: [Errno -2] Name or service not known',))
HTTPConnectionPool(host='web.dmi.unict.itcorsi', port=80): Max retries exceeded with url: /lm-18 (Caused by NewConnectionError('<urllib3.connection.HTTPConnection object at 0x7f5fbd75b320>: Failed to establish a new connection: [Errno -2] Name or service not known',))
HTTPConnectionPool(host='web.dmi.unict.itcorsi', port=80): Max retries exceeded with url: /lm-40 (Caused by NewConnectionError('<urllib3.connection.HTTPConnection object at 0x7f5fbd75b320>: Failed to establish a new connection: [Errno -2] Name or service not known',))
HTTPConnectionPool(host='www.dieei.unict.itcorsi', port=80): Max retries exceeded with url: /l-8-ele (Caused by NewConnectionError('<urllib3.connection.HTTPConnection object at 0x7f5fcc0c9cf8>: Failed to establish a new connection: [Errno -2] Name or service not known',))
HTTPConnectionPool(host='www.dieei.unict.itcorsi', port=80): Max retries exceeded with url: /l-9 (Caused by NewConnectionError('<urllib3.connection.HTTPConnection object at 0x7f5fbd4c6f60>: Failed to establish a new connection: [Errno -2] Name or service not known',))
HTTPConnectionPool(host='www.dieei.unict.itcorsi', port=80): Max retries exceeded with url: /l-8-inf (Caused by NewConnectionError('<urllib3.connection.HTTPConnection object at 0x7f5fcdfaf358>: Failed to establish a new connection: [Errno -2] Name or service not known',))
HTTPConnectionPool(host='www.dieei.unict.itcorsi', port=80): Max retries exceeded with url: /lm-25 (Caused by NewConnectionError('<urllib3.connection.HTTPConnection object at 0x7f5fcdfafdd8>: Failed to establish a new connection: [Errno -2] Name or service not known',))
HTTPConnectionPool(host='www.dieei.unict.itcorsi', port=80): Max retries exceeded with url: /lm-28 (Caused by NewConnectionError('<urllib3.connection.HTTPConnection object at 0x7f5fcdfafe10>: Failed to establish a new connection: [Errno -2] Name or service not known',))
HTTPConnectionPool(host='www.dieei.unict.itcorsi', port=80): Max retries exceeded with url: /lm-29 (Caused by NewConnectionError('<urllib3.connection.HTTPConnection object at 0x7f5fcdfaff60>: Failed to establish a new connection: [Errno -2] Name or service not known',))
HTTPConnectionPool(host='www.dieei.unict.itcorsi', port=80): Max retries exceeded with url: /lm-27 (Caused by NewConnectionError('<urllib3.connection.HTTPConnection object at 0x7f5fcdfaf208>: Failed to establish a new connection: [Errno -2] Name or service not known',))
HTTPConnectionPool(host='www.dieei.unict.itcorsi', port=80): Max retries exceeded with url: /lm-32 (Caused by NewConnectionError('<urllib3.connection.HTTPConnection object at 0x7f5fcdfaffd0>: Failed to establish a new connection: [Errno -2] Name or service not known',))
HTTPConnectionPool(host='www.dieei.unict.itcorsi', port=80): Max retries exceeded with url: /l-8-ele (Caused by NewConnectionError('<urllib3.connection.HTTPConnection object at 0x7f5fbd39b2b0>: Failed to establish a new connection: [Errno -2] Name or service not known',))
HTTPConnectionPool(host='www.dieei.unict.itcorsi', port=80): Max retries exceeded with url: /l-9 (Caused by NewConnectionError('<urllib3.connection.HTTPConnection object at 0x7f5fbd39b400>: Failed to establish a new connection: [Errno -2] Name or service not known',))
HTTPConnectionPool(host='www.dieei.unict.itcorsi', port=80): Max retries exceeded with url: /l-8-inf (Caused by NewConnectionError('<urllib3.connection.HTTPConnection object at 0x7f5fbd39b390>: Failed to establish a new connection: [Errno -2] Name or service not known',))
HTTPConnectionPool(host='www.dieei.unict.itcorsi', port=80): Max retries exceeded with url: /lm-25 (Caused by NewConnectionError('<urllib3.connection.HTTPConnection object at 0x7f5fbd39b278>: Failed to establish a new connection: [Errno -2] Name or service not known',))
HTTPConnectionPool(host='www.dieei.unict.itcorsi', port=80): Max retries exceeded with url: /lm-28 (Caused by NewConnectionError('<urllib3.connection.HTTPConnection object at 0x7f5fbd39b400>: Failed to establish a new connection: [Errno -2] Name or service not known',))
HTTPConnectionPool(host='www.dieei.unict.itcorsi', port=80): Max retries exceeded with url: /lm-29 (Caused by NewConnectionError('<urllib3.connection.HTTPConnection object at 0x7f5fbd3a2fd0>: Failed to establish a new connection: [Errno -2] Name or service not known',))
HTTPConnectionPool(host='www.dieei.unict.itcorsi', port=80): Max retries exceeded with url: /lm-27 (Caused by NewConnectionError('<urllib3.connection.HTTPConnection object at 0x7f5fbd39b400>: Failed to establish a new connection: [Errno -2] Name or service not known',))
HTTPConnectionPool(host='www.dieei.unict.itcorsi', port=80): Max retries exceeded with url: /lm-32 (Caused by NewConnectionError('<urllib3.connection.HTTPConnection object at 0x7f5fbd39b3c8>: Failed to establish a new connection: [Errno -2] Name or service not known',))
HTTPConnectionPool(host='web.dmi.unict.itcorsi', port=80): Max retries exceeded with url: /l-31 (Caused by NewConnectionError('<urllib3.connection.HTTPConnection object at 0x7f669c6d0668>: Failed to establish a new connection: [Errno -2] Name or service not known',))
HTTPConnectionPool(host='web.dmi.unict.itcorsi', port=80): Max retries exceeded with url: /l-35 (Caused by NewConnectionError('<urllib3.connection.HTTPConnection object at 0x7f669c6d0668>: Failed to establish a new connection: [Errno -2] Name or service not known',))
HTTPConnectionPool(host='web.dmi.unict.itcorsi', port=80): Max retries exceeded with url: /lm-18 (Caused by NewConnectionError('<urllib3.connection.HTTPConnection object at 0x7f669c6d0b00>: Failed to establish a new connection: [Errno -2] Name or service not known',))
HTTPConnectionPool(host='web.dmi.unict.itcorsi', port=80): Max retries exceeded with url: /lm-40 (Caused by NewConnectionError('<urllib3.connection.HTTPConnection object at 0x7f669c6d0a58>: Failed to establish a new connection: [Errno -2] Name or service not known',))
HTTPConnectionPool(host='web.dmi.unict.itcorsi', port=80): Max retries exceeded with url: /l-31 (Caused by NewConnectionError('<urllib3.connection.HTTPConnection object at 0x7f669c5dd320>: Failed to establish a new connection: [Errno -2] Name or service not known',))
HTTPConnectionPool(host='web.dmi.unict.itcorsi', port=80): Max retries exceeded with url: /l-35 (Caused by NewConnectionError('<urllib3.connection.HTTPConnection object at 0x7f669c5dd128>: Failed to establish a new connection: [Errno -2] Name or service not known',))
HTTPConnectionPool(host='web.dmi.unict.itcorsi', port=80): Max retries exceeded with url: /lm-18 (Caused by NewConnectionError('<urllib3.connection.HTTPConnection object at 0x7f669c5e0320>: Failed to establish a new connection: [Errno -2] Name or service not known',))
HTTPConnectionPool(host='web.dmi.unict.itcorsi', port=80): Max retries exceeded with url: /lm-40 (Caused by NewConnectionError('<urllib3.connection.HTTPConnection object at 0x7f669c5e0320>: Failed to establish a new connection: [Errno -2] Name or service not known',))
HTTPConnectionPool(host='www.dieei.unict.itcorsi', port=80): Max retries exceeded with url: /l-8-ele (Caused by NewConnectionError('<urllib3.connection.HTTPConnection object at 0x7f669c5f2e80>: Failed to establish a new connection: [Errno -2] Name or service not known',))
HTTPConnectionPool(host='www.dieei.unict.itcorsi', port=80): Max retries exceeded with url: /l-9 (Caused by NewConnectionError('<urllib3.connection.HTTPConnection object at 0x7f669c5f2fd0>: Failed to establish a new connection: [Errno -2] Name or service not known',))
HTTPConnectionPool(host='www.dieei.unict.itcorsi', port=80): Max retries exceeded with url: /l-8-inf (Caused by NewConnectionError('<urllib3.connection.HTTPConnection object at 0x7f669c5f2e80>: Failed to establish a new connection: [Errno -2] Name or service not known',))
HTTPConnectionPool(host='www.dieei.unict.itcorsi', port=80): Max retries exceeded with url: /lm-25 (Caused by NewConnectionError('<urllib3.connection.HTTPConnection object at 0x7f669e61a198>: Failed to establish a new connection: [Errno -2] Name or service not known',))
HTTPConnectionPool(host='www.dieei.unict.itcorsi', port=80): Max retries exceeded with url: /lm-28 (Caused by NewConnectionError('<urllib3.connection.HTTPConnection object at 0x7f669e61aa20>: Failed to establish a new connection: [Errno -2] Name or service not known',))
HTTPConnectionPool(host='www.dieei.unict.itcorsi', port=80): Max retries exceeded with url: /lm-29 (Caused by NewConnectionError('<urllib3.connection.HTTPConnection object at 0x7f669e61acf8>: Failed to establish a new connection: [Errno -2] Name or service not known',))
HTTPConnectionPool(host='www.dieei.unict.itcorsi', port=80): Max retries exceeded with url: /lm-27 (Caused by NewConnectionError('<urllib3.connection.HTTPConnection object at 0x7f669e61a7f0>: Failed to establish a new connection: [Errno -2] Name or service not known',))
HTTPConnectionPool(host='www.dieei.unict.itcorsi', port=80): Max retries exceeded with url: /lm-32 (Caused by NewConnectionError('<urllib3.connection.HTTPConnection object at 0x7f669e61aa20>: Failed to establish a new connection: [Errno -2] Name or service not known',))
HTTPConnectionPool(host='www.dieei.unict.itcorsi', port=80): Max retries exceeded with url: /l-8-ele (Caused by NewConnectionError('<urllib3.connection.HTTPConnection object at 0x7f669e626748>: Failed to establish a new connection: [Errno -2] Name or service not known',))
HTTPConnectionPool(host='www.dieei.unict.itcorsi', port=80): Max retries exceeded with url: /l-9 (Caused by NewConnectionError('<urllib3.connection.HTTPConnection object at 0x7f669e626cf8>: Failed to establish a new connection: [Errno -2] Name or service not known',))
HTTPConnectionPool(host='www.dieei.unict.itcorsi', port=80): Max retries exceeded with url: /l-8-inf (Caused by NewConnectionError('<urllib3.connection.HTTPConnection object at 0x7f669e626c88>: Failed to establish a new connection: [Errno -2] Name or service not known',))
HTTPConnectionPool(host='www.dieei.unict.itcorsi', port=80): Max retries exceeded with url: /lm-25 (Caused by NewConnectionError('<urllib3.connection.HTTPConnection object at 0x7f669e626240>: Failed to establish a new connection: [Errno -2] Name or service not known',))
HTTPConnectionPool(host='www.dieei.unict.itcorsi', port=80): Max retries exceeded with url: /lm-28 (Caused by NewConnectionError('<urllib3.connection.HTTPConnection object at 0x7f669e626f28>: Failed to establish a new connection: [Errno -2] Name or service not known',))
HTTPConnectionPool(host='www.dieei.unict.itcorsi', port=80): Max retries exceeded with url: /lm-29 (Caused by NewConnectionError('<urllib3.connection.HTTPConnection object at 0x7f669e6269e8>: Failed to establish a new connection: [Errno -2] Name or service not known',))
HTTPConnectionPool(host='www.dieei.unict.itcorsi', port=80): Max retries exceeded with url: /lm-27 (Caused by NewConnectionError('<urllib3.connection.HTTPConnection object at 0x7f669e626978>: Failed to establish a new connection: [Errno -2] Name or service not known',))
HTTPConnectionPool(host='www.dieei.unict.itcorsi', port=80): Max retries exceeded with url: /lm-32 (Caused by NewConnectionError('<urllib3.connection.HTTPConnection object at 0x7f669e626710>: Failed to establish a new connection: [Errno -2] Name or service not known',))
HTTPConnectionPool(host='web.dmi.unict.itcorsi', port=80): Max retries exceeded with url: /l-31 (Caused by NewConnectionError('<urllib3.connection.HTTPConnection object at 0x7fa268186a90>: Failed to establish a new connection: [Errno -2] Name or service not known',))
HTTPConnectionPool(host='web.dmi.unict.itcorsi', port=80): Max retries exceeded with url: /l-35 (Caused by NewConnectionError('<urllib3.connection.HTTPConnection object at 0x7fa268186dd8>: Failed to establish a new connection: [Errno -2] Name or service not known',))
HTTPConnectionPool(host='web.dmi.unict.itcorsi', port=80): Max retries exceeded with url: /lm-18 (Caused by NewConnectionError('<urllib3.connection.HTTPConnection object at 0x7fa2681869e8>: Failed to establish a new connection: [Errno -2] Name or service not known',))
HTTPConnectionPool(host='web.dmi.unict.itcorsi', port=80): Max retries exceeded with url: /lm-40 (Caused by NewConnectionError('<urllib3.connection.HTTPConnection object at 0x7fa268186cf8>: Failed to establish a new connection: [Errno -2] Name or service not known',))
HTTPConnectionPool(host='web.dmi.unict.itcorsi', port=80): Max retries exceeded with url: /l-31 (Caused by NewConnectionError('<urllib3.connection.HTTPConnection object at 0x7fa2680932e8>: Failed to establish a new connection: [Errno -2] Name or service not known',))
HTTPConnectionPool(host='web.dmi.unict.itcorsi', port=80): Max retries exceeded with url: /l-35 (Caused by NewConnectionError('<urllib3.connection.HTTPConnection object at 0x7fa2680930f0>: Failed to establish a new connection: [Errno -2] Name or service not known',))
HTTPConnectionPool(host='web.dmi.unict.itcorsi', port=80): Max retries exceeded with url: /lm-18 (Caused by NewConnectionError('<urllib3.connection.HTTPConnection object at 0x7fa2680962e8>: Failed to establish a new connection: [Errno -2] Name or service not known',))
HTTPConnectionPool(host='web.dmi.unict.itcorsi', port=80): Max retries exceeded with url: /lm-40 (Caused by NewConnectionError('<urllib3.connection.HTTPConnection object at 0x7fa2680960f0>: Failed to establish a new connection: [Errno -2] Name or service not known',))
HTTPConnectionPool(host='www.dieei.unict.itcorsi', port=80): Max retries exceeded with url: /l-8-ele (Caused by NewConnectionError('<urllib3.connection.HTTPConnection object at 0x7fa268aafb38>: Failed to establish a new connection: [Errno -2] Name or service not known',))
HTTPConnectionPool(host='www.dieei.unict.itcorsi', port=80): Max retries exceeded with url: /l-9 (Caused by NewConnectionError('<urllib3.connection.HTTPConnection object at 0x7fa243e40fd0>: Failed to establish a new connection: [Errno -2] Name or service not known',))
HTTPConnectionPool(host='www.dieei.unict.itcorsi', port=80): Max retries exceeded with url: /l-8-inf (Caused by NewConnectionError('<urllib3.connection.HTTPConnection object at 0x7fa268aafeb8>: Failed to establish a new connection: [Errno -2] Name or service not known',))
HTTPConnectionPool(host='www.dieei.unict.itcorsi', port=80): Max retries exceeded with url: /lm-25 (Caused by NewConnectionError('<urllib3.connection.HTTPConnection object at 0x7fa26015f2e8>: Failed to establish a new connection: [Errno -2] Name or service not known',))
HTTPConnectionPool(host='www.dieei.unict.itcorsi', port=80): Max retries exceeded with url: /lm-28 (Caused by NewConnectionError('<urllib3.connection.HTTPConnection object at 0x7fa2681ee630>: Failed to establish a new connection: [Errno -2] Name or service not known',))
HTTPConnectionPool(host='www.dieei.unict.itcorsi', port=80): Max retries exceeded with url: /lm-29 (Caused by NewConnectionError('<urllib3.connection.HTTPConnection object at 0x7fa2681ee198>: Failed to establish a new connection: [Errno -2] Name or service not known',))
HTTPConnectionPool(host='www.dieei.unict.itcorsi', port=80): Max retries exceeded with url: /lm-27 (Caused by NewConnectionError('<urllib3.connection.HTTPConnection object at 0x7fa2681ee400>: Failed to establish a new connection: [Errno -2] Name or service not known',))
HTTPConnectionPool(host='www.dieei.unict.itcorsi', port=80): Max retries exceeded with url: /lm-32 (Caused by NewConnectionError('<urllib3.connection.HTTPConnection object at 0x7fa2681ee0f0>: Failed to establish a new connection: [Errno -2] Name or service not known',))
HTTPConnectionPool(host='www.dieei.unict.itcorsi', port=80): Max retries exceeded with url: /l-8-ele (Caused by NewConnectionError('<urllib3.connection.HTTPConnection object at 0x7fa243e5db00>: Failed to establish a new connection: [Errno -2] Name or service not known',))
HTTPConnectionPool(host='www.dieei.unict.itcorsi', port=80): Max retries exceeded with url: /l-9 (Caused by NewConnectionError('<urllib3.connection.HTTPConnection object at 0x7fa243e5d4e0>: Failed to establish a new connection: [Errno -2] Name or service not known',))
HTTPConnectionPool(host='www.dieei.unict.itcorsi', port=80): Max retries exceeded with url: /l-8-inf (Caused by NewConnectionError('<urllib3.connection.HTTPConnection object at 0x7fa243e5d518>: Failed to establish a new connection: [Errno -2] Name or service not known',))
HTTPConnectionPool(host='www.dieei.unict.itcorsi', port=80): Max retries exceeded with url: /lm-25 (Caused by NewConnectionError('<urllib3.connection.HTTPConnection object at 0x7fa243e5d320>: Failed to establish a new connection: [Errno -2] Name or service not known',))
HTTPConnectionPool(host='www.dieei.unict.itcorsi', port=80): Max retries exceeded with url: /lm-28 (Caused by NewConnectionError('<urllib3.connection.HTTPConnection object at 0x7fa243e5d240>: Failed to establish a new connection: [Errno -2] Name or service not known',))
HTTPConnectionPool(host='www.dieei.unict.itcorsi', port=80): Max retries exceeded with url: /lm-29 (Caused by NewConnectionError('<urllib3.connection.HTTPConnection object at 0x7fa243e5d4a8>: Failed to establish a new connection: [Errno -2] Name or service not known',))
HTTPConnectionPool(host='www.dieei.unict.itcorsi', port=80): Max retries exceeded with url: /lm-27 (Caused by NewConnectionError('<urllib3.connection.HTTPConnection object at 0x7fa243e5d2b0>: Failed to establish a new connection: [Errno -2] Name or service not known',))
HTTPConnectionPool(host='www.dieei.unict.itcorsi', port=80): Max retries exceeded with url: /lm-32 (Caused by NewConnectionError('<urllib3.connection.HTTPConnection object at 0x7fa243e5d4a8>: Failed to establish a new connection: [Errno -2] Name or service not known',))
HTTPConnectionPool(host='web.dmi.unict.itcorsi', port=80): Max retries exceeded with url: /l-31 (Caused by NewConnectionError('<urllib3.connection.HTTPConnection object at 0x7f82dd852080>: Failed to establish a new connection: [Errno -2] Name or service not known',))
HTTPConnectionPool(host='web.dmi.unict.itcorsi', port=80): Max retries exceeded with url: /l-35 (Caused by NewConnectionError('<urllib3.connection.HTTPConnection object at 0x7f82dd852390>: Failed to establish a new connection: [Errno -2] Name or service not known',))
HTTPConnectionPool(host='web.dmi.unict.itcorsi', port=80): Max retries exceeded with url: /lm-18 (Caused by NewConnectionError('<urllib3.connection.HTTPConnection object at 0x7f82dd839320>: Failed to establish a new connection: [Errno -2] Name or service not known',))
HTTPConnectionPool(host='web.dmi.unict.itcorsi', port=80): Max retries exceeded with url: /lm-40 (Caused by NewConnectionError('<urllib3.connection.HTTPConnection object at 0x7f82dd839a20>: Failed to establish a new connection: [Errno -2] Name or service not known',))
HTTPConnectionPool(host='web.dmi.unict.itcorsi', port=80): Max retries exceeded with url: /l-31 (Caused by NewConnectionError('<urllib3.connection.HTTPConnection object at 0x7f82dc04e390>: Failed to establish a new connection: [Errno -2] Name or service not known',))
HTTPConnectionPool(host='web.dmi.unict.itcorsi', port=80): Max retries exceeded with url: /l-35 (Caused by NewConnectionError('<urllib3.connection.HTTPConnection object at 0x7f82dc04e198>: Failed to establish a new connection: [Errno -2] Name or service not known',))
HTTPConnectionPool(host='web.dmi.unict.itcorsi', port=80): Max retries exceeded with url: /lm-18 (Caused by NewConnectionError('<urllib3.connection.HTTPConnection object at 0x7f82dc04e160>: Failed to establish a new connection: [Errno -2] Name or service not known',))
HTTPConnectionPool(host='web.dmi.unict.itcorsi', port=80): Max retries exceeded with url: /lm-40 (Caused by NewConnectionError('<urllib3.connection.HTTPConnection object at 0x7f82dc04e128>: Failed to establish a new connection: [Errno -2] Name or service not known',))
HTTPConnectionPool(host='www.dieei.unict.itcorsi', port=80): Max retries exceeded with url: /l-8-ele (Caused by NewConnectionError('<urllib3.connection.HTTPConnection object at 0x7f82dd88fe80>: Failed to establish a new connection: [Errno -2] Name or service not known',))
HTTPConnectionPool(host='www.dieei.unict.itcorsi', port=80): Max retries exceeded with url: /l-9 (Caused by NewConnectionError('<urllib3.connection.HTTPConnection object at 0x7f82dd88fb38>: Failed to establish a new connection: [Errno -2] Name or service not known',))
HTTPConnectionPool(host='www.dieei.unict.itcorsi', port=80): Max retries exceeded with url: /l-8-inf (Caused by NewConnectionError('<urllib3.connection.HTTPConnection object at 0x7f82dd88f6d8>: Failed to establish a new connection: [Errno -2] Name or service not known',))
HTTPConnectionPool(host='www.dieei.unict.itcorsi', port=80): Max retries exceeded with url: /lm-25 (Caused by NewConnectionError('<urllib3.connection.HTTPConnection object at 0x7f82dd88fe80>: Failed to establish a new connection: [Errno -2] Name or service not known',))
HTTPConnectionPool(host='www.dieei.unict.itcorsi', port=80): Max retries exceeded with url: /lm-28 (Caused by NewConnectionError('<urllib3.connection.HTTPConnection object at 0x7f82dd88fba8>: Failed to establish a new connection: [Errno -2] Name or service not known',))
HTTPConnectionPool(host='www.dieei.unict.itcorsi', port=80): Max retries exceeded with url: /lm-29 (Caused by NewConnectionError('<urllib3.connection.HTTPConnection object at 0x7f82dd88fb38>: Failed to establish a new connection: [Errno -2] Name or service not known',))
HTTPConnectionPool(host='www.dieei.unict.itcorsi', port=80): Max retries exceeded with url: /lm-27 (Caused by NewConnectionError('<urllib3.connection.HTTPConnection object at 0x7f82dd88fe80>: Failed to establish a new connection: [Errno -2] Name or service not known',))
HTTPConnectionPool(host='www.dieei.unict.itcorsi', port=80): Max retries exceeded with url: /lm-32 (Caused by NewConnectionError('<urllib3.connection.HTTPConnection object at 0x7f82dd88fba8>: Failed to establish a new connection: [Errno -2] Name or service not known',))
HTTPConnectionPool(host='www.dieei.unict.itcorsi', port=80): Max retries exceeded with url: /l-8-ele (Caused by NewConnectionError('<urllib3.connection.HTTPConnection object at 0x7f82d4d1acc0>: Failed to establish a new connection: [Errno -2] Name or service not known',))
HTTPConnectionPool(host='www.dieei.unict.itcorsi', port=80): Max retries exceeded with url: /l-9 (Caused by NewConnectionError('<urllib3.connection.HTTPConnection object at 0x7f82d4d1a470>: Failed to establish a new connection: [Errno -2] Name or service not known',))
HTTPConnectionPool(host='www.dieei.unict.itcorsi', port=80): Max retries exceeded with url: /l-8-inf (Caused by NewConnectionError('<urllib3.connection.HTTPConnection object at 0x7f82d4d1acc0>: Failed to establish a new connection: [Errno -2] Name or service not known',))
HTTPConnectionPool(host='www.dieei.unict.itcorsi', port=80): Max retries exceeded with url: /lm-25 (Caused by NewConnectionError('<urllib3.connection.HTTPConnection object at 0x7f82d4d1ad30>: Failed to establish a new connection: [Errno -2] Name or service not known',))
HTTPConnectionPool(host='www.dieei.unict.itcorsi', port=80): Max retries exceeded with url: /lm-28 (Caused by NewConnectionError('<urllib3.connection.HTTPConnection object at 0x7f82d4d1ac88>: Failed to establish a new connection: [Errno -2] Name or service not known',))
HTTPConnectionPool(host='www.dieei.unict.itcorsi', port=80): Max retries exceeded with url: /lm-29 (Caused by NewConnectionError('<urllib3.connection.HTTPConnection object at 0x7f82d4d1aa90>: Failed to establish a new connection: [Errno -2] Name or service not known',))
HTTPConnectionPool(host='www.dieei.unict.itcorsi', port=80): Max retries exceeded with url: /lm-27 (Caused by NewConnectionError('<urllib3.connection.HTTPConnection object at 0x7f82d4d1ac88>: Failed to establish a new connection: [Errno -2] Name or service not known',))
HTTPConnectionPool(host='www.dieei.unict.itcorsi', port=80): Max retries exceeded with url: /lm-32 (Caused by NewConnectionError('<urllib3.connection.HTTPConnection object at 0x7f82d4d1acc0>: Failed to establish a new connection: [Errno -2] Name or service not known',))
HTTPConnectionPool(host='web.dmi.unict.itcorsi', port=80): Max retries exceeded with url: /l-31 (Caused by NewConnectionError('<urllib3.connection.HTTPConnection object at 0x7fae7760d208>: Failed to establish a new connection: [Errno -2] Name or service not known',))
HTTPConnectionPool(host='web.dmi.unict.itcorsi', port=80): Max retries exceeded with url: /l-35 (Caused by NewConnectionError('<urllib3.connection.HTTPConnection object at 0x7fae7760d4a8>: Failed to establish a new connection: [Errno -2] Name or service not known',))
HTTPConnectionPool(host='web.dmi.unict.itcorsi', port=80): Max retries exceeded with url: /lm-18 (Caused by NewConnectionError('<urllib3.connection.HTTPConnection object at 0x7fae775f4898>: Failed to establish a new connection: [Errno -2] Name or service not known',))
HTTPConnectionPool(host='web.dmi.unict.itcorsi', port=80): Max retries exceeded with url: /lm-40 (Caused by NewConnectionError('<urllib3.connection.HTTPConnection object at 0x7fae775f4860>: Failed to establish a new connection: [Errno -2] Name or service not known',))
HTTPConnectionPool(host='web.dmi.unict.itcorsi', port=80): Max retries exceeded with url: /l-31 (Caused by NewConnectionError('<urllib3.connection.HTTPConnection object at 0x7fae746062b0>: Failed to establish a new connection: [Errno -2] Name or service not known',))
HTTPConnectionPool(host='web.dmi.unict.itcorsi', port=80): Max retries exceeded with url: /l-35 (Caused by NewConnectionError('<urllib3.connection.HTTPConnection object at 0x7fae746060b8>: Failed to establish a new connection: [Errno -2] Name or service not known',))
HTTPConnectionPool(host='web.dmi.unict.itcorsi', port=80): Max retries exceeded with url: /lm-18 (Caused by NewConnectionError('<urllib3.connection.HTTPConnection object at 0x7fae746062b0>: Failed to establish a new connection: [Errno -2] Name or service not known',))
HTTPConnectionPool(host='web.dmi.unict.itcorsi', port=80): Max retries exceeded with url: /lm-40 (Caused by NewConnectionError('<urllib3.connection.HTTPConnection object at 0x7fae746062b0>: Failed to establish a new connection: [Errno -2] Name or service not known',))
HTTPConnectionPool(host='www.dieei.unict.itcorsi', port=80): Max retries exceeded with url: /l-8-ele (Caused by NewConnectionError('<urllib3.connection.HTTPConnection object at 0x7fae7463b240>: Failed to establish a new connection: [Errno -2] Name or service not known',))
HTTPConnectionPool(host='www.dieei.unict.itcorsi', port=80): Max retries exceeded with url: /l-9 (Caused by NewConnectionError('<urllib3.connection.HTTPConnection object at 0x7fae74665f60>: Failed to establish a new connection: [Errno -2] Name or service not known',))
HTTPConnectionPool(host='www.dieei.unict.itcorsi', port=80): Max retries exceeded with url: /l-8-inf (Caused by NewConnectionError('<urllib3.connection.HTTPConnection object at 0x7fae7463b080>: Failed to establish a new connection: [Errno -2] Name or service not known',))
HTTPConnectionPool(host='www.dieei.unict.itcorsi', port=80): Max retries exceeded with url: /lm-25 (Caused by NewConnectionError('<urllib3.connection.HTTPConnection object at 0x7fae74665f60>: Failed to establish a new connection: [Errno -2] Name or service not known',))
HTTPConnectionPool(host='www.dieei.unict.itcorsi', port=80): Max retries exceeded with url: /lm-28 (Caused by NewConnectionError('<urllib3.connection.HTTPConnection object at 0x7fae74665da0>: Failed to establish a new connection: [Errno -2] Name or service not known',))
HTTPConnectionPool(host='www.dieei.unict.itcorsi', port=80): Max retries exceeded with url: /lm-29 (Caused by NewConnectionError('<urllib3.connection.HTTPConnection object at 0x7fae77659160>: Failed to establish a new connection: [Errno -2] Name or service not known',))
HTTPConnectionPool(host='www.dieei.unict.itcorsi', port=80): Max retries exceeded with url: /lm-27 (Caused by NewConnectionError('<urllib3.connection.HTTPConnection object at 0x7fae77659470>: Failed to establish a new connection: [Errno -2] Name or service not known',))
HTTPConnectionPool(host='www.dieei.unict.itcorsi', port=80): Max retries exceeded with url: /lm-32 (Caused by NewConnectionError('<urllib3.connection.HTTPConnection object at 0x7fae77659940>: Failed to establish a new connection: [Errno -2] Name or service not known',))
HTTPConnectionPool(host='www.dieei.unict.itcorsi', port=80): Max retries exceeded with url: /l-8-ele (Caused by NewConnectionError('<urllib3.connection.HTTPConnection object at 0x7fae775e9a90>: Failed to establish a new connection: [Errno -2] Name or service not known',))
HTTPConnectionPool(host='www.dieei.unict.itcorsi', port=80): Max retries exceeded with url: /l-9 (Caused by NewConnectionError('<urllib3.connection.HTTPConnection object at 0x7fae775e9e10>: Failed to establish a new connection: [Errno -2] Name or service not known',))
HTTPConnectionPool(host='www.dieei.unict.itcorsi', port=80): Max retries exceeded with url: /l-8-inf (Caused by NewConnectionError('<urllib3.connection.HTTPConnection object at 0x7fae775e9630>: Failed to establish a new connection: [Errno -2] Name or service not known',))
HTTPConnectionPool(host='www.dieei.unict.itcorsi', port=80): Max retries exceeded with url: /lm-25 (Caused by NewConnectionError('<urllib3.connection.HTTPConnection object at 0x7fae775e9828>: Failed to establish a new connection: [Errno -2] Name or service not known',))
HTTPConnectionPool(host='www.dieei.unict.itcorsi', port=80): Max retries exceeded with url: /lm-28 (Caused by NewConnectionError('<urllib3.connection.HTTPConnection object at 0x7fae775e9390>: Failed to establish a new connection: [Errno -2] Name or service not known',))
HTTPConnectionPool(host='www.dieei.unict.itcorsi', port=80): Max retries exceeded with url: /lm-29 (Caused by NewConnectionError('<urllib3.connection.HTTPConnection object at 0x7fae775e9048>: Failed to establish a new connection: [Errno -2] Name or service not known',))
HTTPConnectionPool(host='www.dieei.unict.itcorsi', port=80): Max retries exceeded with url: /lm-27 (Caused by NewConnectionError('<urllib3.connection.HTTPConnection object at 0x7fae775e9dd8>: Failed to establish a new connection: [Errno -2] Name or service not known',))
HTTPConnectionPool(host='www.dieei.unict.itcorsi', port=80): Max retries exceeded with url: /lm-32 (Caused by NewConnectionError('<urllib3.connection.HTTPConnection object at 0x7fae775e9e80>: Failed to establish a new connection: [Errno -2] Name or service not known',))
HTTPConnectionPool(host='web.dmi.unict.itcorsi', port=80): Max retries exceeded with url: /l-31 (Caused by NewConnectionError('<urllib3.connection.HTTPConnection object at 0x7f99340c5cf8>: Failed to establish a new connection: [Errno -2] Name or service not known',))
HTTPConnectionPool(host='web.dmi.unict.itcorsi', port=80): Max retries exceeded with url: /l-35 (Caused by NewConnectionError('<urllib3.connection.HTTPConnection object at 0x7f99340c5cc0>: Failed to establish a new connection: [Errno -2] Name or service not known',))
HTTPConnectionPool(host='web.dmi.unict.itcorsi', port=80): Max retries exceeded with url: /lm-18 (Caused by NewConnectionError('<urllib3.connection.HTTPConnection object at 0x7f99340c5dd8>: Failed to establish a new connection: [Errno -2] Name or service not known',))
HTTPConnectionPool(host='web.dmi.unict.itcorsi', port=80): Max retries exceeded with url: /lm-40 (Caused by NewConnectionError('<urllib3.connection.HTTPConnection object at 0x7f99340c5e48>: Failed to establish a new connection: [Errno -2] Name or service not known',))
HTTPConnectionPool(host='web.dmi.unict.itcorsi', port=80): Max retries exceeded with url: /l-31 (Caused by NewConnectionError('<urllib3.connection.HTTPConnection object at 0x7f991779c320>: Failed to establish a new connection: [Errno -2] Name or service not known',))
HTTPConnectionPool(host='web.dmi.unict.itcorsi', port=80): Max retries exceeded with url: /l-35 (Caused by NewConnectionError('<urllib3.connection.HTTPConnection object at 0x7f991779c128>: Failed to establish a new connection: [Errno -2] Name or service not known',))
HTTPConnectionPool(host='web.dmi.unict.itcorsi', port=80): Max retries exceeded with url: /lm-18 (Caused by NewConnectionError('<urllib3.connection.HTTPConnection object at 0x7f991779f320>: Failed to establish a new connection: [Errno -2] Name or service not known',))
HTTPConnectionPool(host='web.dmi.unict.itcorsi', port=80): Max retries exceeded with url: /lm-40 (Caused by NewConnectionError('<urllib3.connection.HTTPConnection object at 0x7f991779f128>: Failed to establish a new connection: [Errno -2] Name or service not known',))
HTTPConnectionPool(host='www.dieei.unict.itcorsi', port=80): Max retries exceeded with url: /l-8-ele (Caused by NewConnectionError('<urllib3.connection.HTTPConnection object at 0x7f99340c62b0>: Failed to establish a new connection: [Errno -2] Name or service not known',))
HTTPConnectionPool(host='www.dieei.unict.itcorsi', port=80): Max retries exceeded with url: /l-9 (Caused by NewConnectionError('<urllib3.connection.HTTPConnection object at 0x7f99340c6240>: Failed to establish a new connection: [Errno -2] Name or service not known',))
HTTPConnectionPool(host='www.dieei.unict.itcorsi', port=80): Max retries exceeded with url: /l-8-inf (Caused by NewConnectionError('<urllib3.connection.HTTPConnection object at 0x7f99340c6128>: Failed to establish a new connection: [Errno -2] Name or service not known',))
HTTPConnectionPool(host='www.dieei.unict.itcorsi', port=80): Max retries exceeded with url: /lm-25 (Caused by NewConnectionError('<urllib3.connection.HTTPConnection object at 0x7f99340c6208>: Failed to establish a new connection: [Errno -2] Name or service not known',))
HTTPConnectionPool(host='www.dieei.unict.itcorsi', port=80): Max retries exceeded with url: /lm-28 (Caused by NewConnectionError('<urllib3.connection.HTTPConnection object at 0x7f99340c6320>: Failed to establish a new connection: [Errno -2] Name or service not known',))
HTTPConnectionPool(host='www.dieei.unict.itcorsi', port=80): Max retries exceeded with url: /lm-29 (Caused by NewConnectionError('<urllib3.connection.HTTPConnection object at 0x7f991747a278>: Failed to establish a new connection: [Errno -2] Name or service not known',))
HTTPConnectionPool(host='www.dieei.unict.itcorsi', port=80): Max retries exceeded with url: /lm-27 (Caused by NewConnectionError('<urllib3.connection.HTTPConnection object at 0x7f991747a860>: Failed to establish a new connection: [Errno -2] Name or service not known',))
HTTPConnectionPool(host='www.dieei.unict.itcorsi', port=80): Max retries exceeded with url: /lm-32 (Caused by NewConnectionError('<urllib3.connection.HTTPConnection object at 0x7f9938028e80>: Failed to establish a new connection: [Errno -2] Name or service not known',))
HTTPConnectionPool(host='www.dieei.unict.itcorsi', port=80): Max retries exceeded with url: /l-8-ele (Caused by NewConnectionError('<urllib3.connection.HTTPConnection object at 0x7f9937fca940>: Failed to establish a new connection: [Errno -2] Name or service not known',))
HTTPConnectionPool(host='www.dieei.unict.itcorsi', port=80): Max retries exceeded with url: /l-9 (Caused by NewConnectionError('<urllib3.connection.HTTPConnection object at 0x7f9937fca860>: Failed to establish a new connection: [Errno -2] Name or service not known',))
HTTPConnectionPool(host='www.dieei.unict.itcorsi', port=80): Max retries exceeded with url: /l-8-inf (Caused by NewConnectionError('<urllib3.connection.HTTPConnection object at 0x7f9937fca7f0>: Failed to establish a new connection: [Errno -2] Name or service not known',))
HTTPConnectionPool(host='www.dieei.unict.itcorsi', port=80): Max retries exceeded with url: /lm-25 (Caused by NewConnectionError('<urllib3.connection.HTTPConnection object at 0x7f9937fca320>: Failed to establish a new connection: [Errno -2] Name or service not known',))
HTTPConnectionPool(host='www.dieei.unict.itcorsi', port=80): Max retries exceeded with url: /lm-28 (Caused by NewConnectionError('<urllib3.connection.HTTPConnection object at 0x7f9937fca860>: Failed to establish a new connection: [Errno -2] Name or service not known',))
HTTPConnectionPool(host='www.dieei.unict.itcorsi', port=80): Max retries exceeded with url: /lm-29 (Caused by NewConnectionError('<urllib3.connection.HTTPConnection object at 0x7f9937fcac50>: Failed to establish a new connection: [Errno -2] Name or service not known',))
HTTPConnectionPool(host='www.dieei.unict.itcorsi', port=80): Max retries exceeded with url: /lm-27 (Caused by NewConnectionError('<urllib3.connection.HTTPConnection object at 0x7f9937fca860>: Failed to establish a new connection: [Errno -2] Name or service not known',))
HTTPConnectionPool(host='www.dieei.unict.itcorsi', port=80): Max retries exceeded with url: /lm-32 (Caused by NewConnectionError('<urllib3.connection.HTTPConnection object at 0x7f9937fca550>: Failed to establish a new connection: [Errno -2] Name or service not known',))
HTTPConnectionPool(host='web.dmi.unict.itcorsi', port=80): Max retries exceeded with url: /l-31 (Caused by NewConnectionError('<urllib3.connection.HTTPConnection object at 0x7f34282a7668>: Failed to establish a new connection: [Errno -2] Name or service not known',))
HTTPConnectionPool(host='web.dmi.unict.itcorsi', port=80): Max retries exceeded with url: /l-35 (Caused by NewConnectionError('<urllib3.connection.HTTPConnection object at 0x7f34282a7d30>: Failed to establish a new connection: [Errno -2] Name or service not known',))
HTTPConnectionPool(host='web.dmi.unict.itcorsi', port=80): Max retries exceeded with url: /lm-18 (Caused by NewConnectionError('<urllib3.connection.HTTPConnection object at 0x7f34282a7dd8>: Failed to establish a new connection: [Errno -2] Name or service not known',))
HTTPConnectionPool(host='web.dmi.unict.itcorsi', port=80): Max retries exceeded with url: /lm-40 (Caused by NewConnectionError('<urllib3.connection.HTTPConnection object at 0x7f34282a7b00>: Failed to establish a new connection: [Errno -2] Name or service not known',))
HTTPConnectionPool(host='web.dmi.unict.itcorsi', port=80): Max retries exceeded with url: /l-31 (Caused by NewConnectionError('<urllib3.connection.HTTPConnection object at 0x7f34281b3358>: Failed to establish a new connection: [Errno -2] Name or service not known',))
HTTPConnectionPool(host='web.dmi.unict.itcorsi', port=80): Max retries exceeded with url: /l-35 (Caused by NewConnectionError('<urllib3.connection.HTTPConnection object at 0x7f34281b3160>: Failed to establish a new connection: [Errno -2] Name or service not known',))
HTTPConnectionPool(host='web.dmi.unict.itcorsi', port=80): Max retries exceeded with url: /lm-18 (Caused by NewConnectionError('<urllib3.connection.HTTPConnection object at 0x7f34281b6358>: Failed to establish a new connection: [Errno -2] Name or service not known',))
HTTPConnectionPool(host='web.dmi.unict.itcorsi', port=80): Max retries exceeded with url: /lm-40 (Caused by NewConnectionError('<urllib3.connection.HTTPConnection object at 0x7f34281b6358>: Failed to establish a new connection: [Errno -2] Name or service not known',))
HTTPConnectionPool(host='www.dieei.unict.itcorsi', port=80): Max retries exceeded with url: /l-8-ele (Caused by NewConnectionError('<urllib3.connection.HTTPConnection object at 0x7f34299f10b8>: Failed to establish a new connection: [Errno -2] Name or service not known',))
HTTPConnectionPool(host='www.dieei.unict.itcorsi', port=80): Max retries exceeded with url: /l-9 (Caused by NewConnectionError('<urllib3.connection.HTTPConnection object at 0x7f3420fc82b0>: Failed to establish a new connection: [Errno -2] Name or service not known',))
HTTPConnectionPool(host='www.dieei.unict.itcorsi', port=80): Max retries exceeded with url: /l-8-inf (Caused by NewConnectionError('<urllib3.connection.HTTPConnection object at 0x7f3420fc80f0>: Failed to establish a new connection: [Errno -2] Name or service not known',))
HTTPConnectionPool(host='www.dieei.unict.itcorsi', port=80): Max retries exceeded with url: /lm-25 (Caused by NewConnectionError('<urllib3.connection.HTTPConnection object at 0x7f3420fc8358>: Failed to establish a new connection: [Errno -2] Name or service not known',))
HTTPConnectionPool(host='www.dieei.unict.itcorsi', port=80): Max retries exceeded with url: /lm-28 (Caused by NewConnectionError('<urllib3.connection.HTTPConnection object at 0x7f342830fac8>: Failed to establish a new connection: [Errno -2] Name or service not known',))
HTTPConnectionPool(host='www.dieei.unict.itcorsi', port=80): Max retries exceeded with url: /lm-29 (Caused by NewConnectionError('<urllib3.connection.HTTPConnection object at 0x7f3420fc80f0>: Failed to establish a new connection: [Errno -2] Name or service not known',))
HTTPConnectionPool(host='www.dieei.unict.itcorsi', port=80): Max retries exceeded with url: /lm-27 (Caused by NewConnectionError('<urllib3.connection.HTTPConnection object at 0x7f342830f208>: Failed to establish a new connection: [Errno -2] Name or service not known',))
HTTPConnectionPool(host='www.dieei.unict.itcorsi', port=80): Max retries exceeded with url: /lm-32 (Caused by NewConnectionError('<urllib3.connection.HTTPConnection object at 0x7f342830f9b0>: Failed to establish a new connection: [Errno -2] Name or service not known',))
HTTPConnectionPool(host='www.dieei.unict.itcorsi', port=80): Max retries exceeded with url: /l-8-ele (Caused by NewConnectionError('<urllib3.connection.HTTPConnection object at 0x7f34282c6518>: Failed to establish a new connection: [Errno -2] Name or service not known',))
HTTPConnectionPool(host='www.dieei.unict.itcorsi', port=80): Max retries exceeded with url: /l-9 (Caused by NewConnectionError('<urllib3.connection.HTTPConnection object at 0x7f34282c6eb8>: Failed to establish a new connection: [Errno -2] Name or service not known',))
HTTPConnectionPool(host='www.dieei.unict.itcorsi', port=80): Max retries exceeded with url: /l-8-inf (Caused by NewConnectionError('<urllib3.connection.HTTPConnection object at 0x7f34282c6048>: Failed to establish a new connection: [Errno -2] Name or service not known',))
HTTPConnectionPool(host='www.dieei.unict.itcorsi', port=80): Max retries exceeded with url: /lm-25 (Caused by NewConnectionError('<urllib3.connection.HTTPConnection object at 0x7f34282c6a58>: Failed to establish a new connection: [Errno -2] Name or service not known',))
HTTPConnectionPool(host='www.dieei.unict.itcorsi', port=80): Max retries exceeded with url: /lm-28 (Caused by NewConnectionError('<urllib3.connection.HTTPConnection object at 0x7f34282c6f60>: Failed to establish a new connection: [Errno -2] Name or service not known',))
HTTPConnectionPool(host='www.dieei.unict.itcorsi', port=80): Max retries exceeded with url: /lm-29 (Caused by NewConnectionError('<urllib3.connection.HTTPConnection object at 0x7f34282c6898>: Failed to establish a new connection: [Errno -2] Name or service not known',))
HTTPConnectionPool(host='www.dieei.unict.itcorsi', port=80): Max retries exceeded with url: /lm-27 (Caused by NewConnectionError('<urllib3.connection.HTTPConnection object at 0x7f34282c6b00>: Failed to establish a new connection: [Errno -2] Name or service not known',))
HTTPConnectionPool(host='www.dieei.unict.itcorsi', port=80): Max retries exceeded with url: /lm-32 (Caused by NewConnectionError('<urllib3.connection.HTTPConnection object at 0x7f34282c6898>: Failed to establish a new connection: [Errno -2] Name or service not known',))
HTTPConnectionPool(host='web.dmi.unict.itcorsi', port=80): Max retries exceeded with url: /l-31 (Caused by NewConnectionError('<urllib3.connection.HTTPConnection object at 0x7f6c58620a90>: Failed to establish a new connection: [Errno -2] Name or service not known',))
HTTPConnectionPool(host='web.dmi.unict.itcorsi', port=80): Max retries exceeded with url: /l-35 (Caused by NewConnectionError('<urllib3.connection.HTTPConnection object at 0x7f6c58620dd8>: Failed to establish a new connection: [Errno -2] Name or service not known',))
HTTPConnectionPool(host='web.dmi.unict.itcorsi', port=80): Max retries exceeded with url: /lm-18 (Caused by NewConnectionError('<urllib3.connection.HTTPConnection object at 0x7f6c586209e8>: Failed to establish a new connection: [Errno -2] Name or service not known',))
HTTPConnectionPool(host='web.dmi.unict.itcorsi', port=80): Max retries exceeded with url: /lm-40 (Caused by NewConnectionError('<urllib3.connection.HTTPConnection object at 0x7f6c58620cf8>: Failed to establish a new connection: [Errno -2] Name or service not known',))
HTTPConnectionPool(host='web.dmi.unict.itcorsi', port=80): Max retries exceeded with url: /l-31 (Caused by NewConnectionError('<urllib3.connection.HTTPConnection object at 0x7f6c5852e2b0>: Failed to establish a new connection: [Errno -2] Name or service not known',))
HTTPConnectionPool(host='web.dmi.unict.itcorsi', port=80): Max retries exceeded with url: /l-35 (Caused by NewConnectionError('<urllib3.connection.HTTPConnection object at 0x7f6c5852e0b8>: Failed to establish a new connection: [Errno -2] Name or service not known',))
HTTPConnectionPool(host='web.dmi.unict.itcorsi', port=80): Max retries exceeded with url: /lm-18 (Caused by NewConnectionError('<urllib3.connection.HTTPConnection object at 0x7f6c585312b0>: Failed to establish a new connection: [Errno -2] Name or service not known',))
HTTPConnectionPool(host='web.dmi.unict.itcorsi', port=80): Max retries exceeded with url: /lm-40 (Caused by NewConnectionError('<urllib3.connection.HTTPConnection object at 0x7f6c585310b8>: Failed to establish a new connection: [Errno -2] Name or service not known',))
HTTPConnectionPool(host='www.dieei.unict.itcorsi', port=80): Max retries exceeded with url: /l-8-ele (Caused by NewConnectionError('<urllib3.connection.HTTPConnection object at 0x7f6c5868aa90>: Failed to establish a new connection: [Errno -2] Name or service not known',))
HTTPConnectionPool(host='www.dieei.unict.itcorsi', port=80): Max retries exceeded with url: /l-9 (Caused by NewConnectionError('<urllib3.connection.HTTPConnection object at 0x7f6c58154080>: Failed to establish a new connection: [Errno -2] Name or service not known',))
HTTPConnectionPool(host='www.dieei.unict.itcorsi', port=80): Max retries exceeded with url: /l-8-inf (Caused by NewConnectionError('<urllib3.connection.HTTPConnection object at 0x7f6c58154048>: Failed to establish a new connection: [Errno -2] Name or service not known',))
HTTPConnectionPool(host='www.dieei.unict.itcorsi', port=80): Max retries exceeded with url: /lm-25 (Caused by NewConnectionError('<urllib3.connection.HTTPConnection object at 0x7f6c58154080>: Failed to establish a new connection: [Errno -2] Name or service not known',))
HTTPConnectionPool(host='www.dieei.unict.itcorsi', port=80): Max retries exceeded with url: /lm-28 (Caused by NewConnectionError('<urllib3.connection.HTTPConnection object at 0x7f6c5865f128>: Failed to establish a new connection: [Errno -2] Name or service not known',))
HTTPConnectionPool(host='www.dieei.unict.itcorsi', port=80): Max retries exceeded with url: /lm-29 (Caused by NewConnectionError('<urllib3.connection.HTTPConnection object at 0x7f6c5865f2b0>: Failed to establish a new connection: [Errno -2] Name or service not known',))
HTTPConnectionPool(host='www.dieei.unict.itcorsi', port=80): Max retries exceeded with url: /lm-27 (Caused by NewConnectionError('<urllib3.connection.HTTPConnection object at 0x7f6c581542b0>: Failed to establish a new connection: [Errno -2] Name or service not known',))
HTTPConnectionPool(host='www.dieei.unict.itcorsi', port=80): Max retries exceeded with url: /lm-32 (Caused by NewConnectionError('<urllib3.connection.HTTPConnection object at 0x7f6c5865f358>: Failed to establish a new connection: [Errno -2] Name or service not known',))
HTTPConnectionPool(host='www.dieei.unict.itcorsi', port=80): Max retries exceeded with url: /l-8-ele (Caused by NewConnectionError('<urllib3.connection.HTTPConnection object at 0x7f6c583ab630>: Failed to establish a new connection: [Errno -2] Name or service not known',))
HTTPConnectionPool(host='www.dieei.unict.itcorsi', port=80): Max retries exceeded with url: /l-9 (Caused by NewConnectionError('<urllib3.connection.HTTPConnection object at 0x7f6c583abd68>: Failed to establish a new connection: [Errno -2] Name or service not known',))
HTTPConnectionPool(host='www.dieei.unict.itcorsi', port=80): Max retries exceeded with url: /l-8-inf (Caused by NewConnectionError('<urllib3.connection.HTTPConnection object at 0x7f6c583ab240>: Failed to establish a new connection: [Errno -2] Name or service not known',))
HTTPConnectionPool(host='www.dieei.unict.itcorsi', port=80): Max retries exceeded with url: /lm-25 (Caused by NewConnectionError('<urllib3.connection.HTTPConnection object at 0x7f6c583abf98>: Failed to establish a new connection: [Errno -2] Name or service not known',))
HTTPConnectionPool(host='www.dieei.unict.itcorsi', port=80): Max retries exceeded with url: /lm-28 (Caused by NewConnectionError('<urllib3.connection.HTTPConnection object at 0x7f6c583ab160>: Failed to establish a new connection: [Errno -2] Name or service not known',))
HTTPConnectionPool(host='www.dieei.unict.itcorsi', port=80): Max retries exceeded with url: /lm-29 (Caused by NewConnectionError('<urllib3.connection.HTTPConnection object at 0x7f6c58176550>: Failed to establish a new connection: [Errno -2] Name or service not known',))
HTTPConnectionPool(host='www.dieei.unict.itcorsi', port=80): Max retries exceeded with url: /lm-27 (Caused by NewConnectionError('<urllib3.connection.HTTPConnection object at 0x7f6c583ab400>: Failed to establish a new connection: [Errno -2] Name or service not known',))
HTTPConnectionPool(host='www.dieei.unict.itcorsi', port=80): Max retries exceeded with url: /lm-32 (Caused by NewConnectionError('<urllib3.connection.HTTPConnection object at 0x7f6c583abbe0>: Failed to establish a new connection: [Errno -2] Name or service not known',))
HTTPConnectionPool(host='web.dmi.unict.itcorsi', port=80): Max retries exceeded with url: /l-31 (Caused by NewConnectionError('<urllib3.connection.HTTPConnection object at 0x7f7b784fb6a0>: Failed to establish a new connection: [Errno -2] Name or service not known',))
HTTPConnectionPool(host='web.dmi.unict.itcorsi', port=80): Max retries exceeded with url: /l-35 (Caused by NewConnectionError('<urllib3.connection.HTTPConnection object at 0x7f7b784fbd68>: Failed to establish a new connection: [Errno -2] Name or service not known',))
HTTPConnectionPool(host='web.dmi.unict.itcorsi', port=80): Max retries exceeded with url: /lm-18 (Caused by NewConnectionError('<urllib3.connection.HTTPConnection object at 0x7f7b784fbe10>: Failed to establish a new connection: [Errno -2] Name or service not known',))
HTTPConnectionPool(host='web.dmi.unict.itcorsi', port=80): Max retries exceeded with url: /lm-40 (Caused by NewConnectionError('<urllib3.connection.HTTPConnection object at 0x7f7b784fbb38>: Failed to establish a new connection: [Errno -2] Name or service not known',))
HTTPConnectionPool(host='web.dmi.unict.itcorsi', port=80): Max retries exceeded with url: /l-31 (Caused by NewConnectionError('<urllib3.connection.HTTPConnection object at 0x7f7b78407390>: Failed to establish a new connection: [Errno -2] Name or service not known',))
HTTPConnectionPool(host='web.dmi.unict.itcorsi', port=80): Max retries exceeded with url: /l-35 (Caused by NewConnectionError('<urllib3.connection.HTTPConnection object at 0x7f7b78407198>: Failed to establish a new connection: [Errno -2] Name or service not known',))
HTTPConnectionPool(host='web.dmi.unict.itcorsi', port=80): Max retries exceeded with url: /lm-18 (Caused by NewConnectionError('<urllib3.connection.HTTPConnection object at 0x7f7b78407390>: Failed to establish a new connection: [Errno -2] Name or service not known',))
HTTPConnectionPool(host='web.dmi.unict.itcorsi', port=80): Max retries exceeded with url: /lm-40 (Caused by NewConnectionError('<urllib3.connection.HTTPConnection object at 0x7f7b78407198>: Failed to establish a new connection: [Errno -2] Name or service not known',))
HTTPConnectionPool(host='www.dieei.unict.itcorsi', port=80): Max retries exceeded with url: /l-8-ele (Caused by NewConnectionError('<urllib3.connection.HTTPConnection object at 0x7f7b783f9f28>: Failed to establish a new connection: [Errno -2] Name or service not known',))
HTTPConnectionPool(host='www.dieei.unict.itcorsi', port=80): Max retries exceeded with url: /l-9 (Caused by NewConnectionError('<urllib3.connection.HTTPConnection object at 0x7f7b783f9f98>: Failed to establish a new connection: [Errno -2] Name or service not known',))
HTTPConnectionPool(host='www.dieei.unict.itcorsi', port=80): Max retries exceeded with url: /l-8-inf (Caused by NewConnectionError('<urllib3.connection.HTTPConnection object at 0x7f7b783f9d68>: Failed to establish a new connection: [Errno -2] Name or service not known',))
HTTPConnectionPool(host='www.dieei.unict.itcorsi', port=80): Max retries exceeded with url: /lm-25 (Caused by NewConnectionError('<urllib3.connection.HTTPConnection object at 0x7f7b783f9eb8>: Failed to establish a new connection: [Errno -2] Name or service not known',))
HTTPConnectionPool(host='www.dieei.unict.itcorsi', port=80): Max retries exceeded with url: /lm-28 (Caused by NewConnectionError('<urllib3.connection.HTTPConnection object at 0x7f7b783f9d68>: Failed to establish a new connection: [Errno -2] Name or service not known',))
HTTPConnectionPool(host='www.dieei.unict.itcorsi', port=80): Max retries exceeded with url: /lm-29 (Caused by NewConnectionError('<urllib3.connection.HTTPConnection object at 0x7f7b783f99b0>: Failed to establish a new connection: [Errno -2] Name or service not known',))
HTTPConnectionPool(host='www.dieei.unict.itcorsi', port=80): Max retries exceeded with url: /lm-27 (Caused by NewConnectionError('<urllib3.connection.HTTPConnection object at 0x7f7b7bc5bc18>: Failed to establish a new connection: [Errno -2] Name or service not known',))
HTTPConnectionPool(host='www.dieei.unict.itcorsi', port=80): Max retries exceeded with url: /lm-32 (Caused by NewConnectionError('<urllib3.connection.HTTPConnection object at 0x7f7b7bc5b898>: Failed to establish a new connection: [Errno -2] Name or service not known',))
HTTPConnectionPool(host='www.dieei.unict.itcorsi', port=80): Max retries exceeded with url: /l-8-ele (Caused by NewConnectionError('<urllib3.connection.HTTPConnection object at 0x7f7b7840cc18>: Failed to establish a new connection: [Errno -2] Name or service not known',))
HTTPConnectionPool(host='www.dieei.unict.itcorsi', port=80): Max retries exceeded with url: /l-9 (Caused by NewConnectionError('<urllib3.connection.HTTPConnection object at 0x7f7b7840c898>: Failed to establish a new connection: [Errno -2] Name or service not known',))
HTTPConnectionPool(host='www.dieei.unict.itcorsi', port=80): Max retries exceeded with url: /l-8-inf (Caused by NewConnectionError('<urllib3.connection.HTTPConnection object at 0x7f7b7840c048>: Failed to establish a new connection: [Errno -2] Name or service not known',))
HTTPConnectionPool(host='www.dieei.unict.itcorsi', port=80): Max retries exceeded with url: /lm-25 (Caused by NewConnectionError('<urllib3.connection.HTTPConnection object at 0x7f7b7840cda0>: Failed to establish a new connection: [Errno -2] Name or service not known',))
HTTPConnectionPool(host='www.dieei.unict.itcorsi', port=80): Max retries exceeded with url: /lm-28 (Caused by NewConnectionError('<urllib3.connection.HTTPConnection object at 0x7f7b7840c898>: Failed to establish a new connection: [Errno -2] Name or service not known',))
HTTPConnectionPool(host='www.dieei.unict.itcorsi', port=80): Max retries exceeded with url: /lm-29 (Caused by NewConnectionError('<urllib3.connection.HTTPConnection object at 0x7f7b7840c048>: Failed to establish a new connection: [Errno -2] Name or service not known',))
HTTPConnectionPool(host='www.dieei.unict.itcorsi', port=80): Max retries exceeded with url: /lm-27 (Caused by NewConnectionError('<urllib3.connection.HTTPConnection object at 0x7f7b78170dd8>: Failed to establish a new connection: [Errno -2] Name or service not known',))
HTTPConnectionPool(host='www.dieei.unict.itcorsi', port=80): Max retries exceeded with url: /lm-32 (Caused by NewConnectionError('<urllib3.connection.HTTPConnection object at 0x7f7b78170b70>: Failed to establish a new connection: [Errno -2] Name or service not known',))
HTTPConnectionPool(host='web.dmi.unict.itcorsi', port=80): Max retries exceeded with url: /l-31 (Caused by NewConnectionError('<urllib3.connection.HTTPConnection object at 0x7f13580f3a90>: Failed to establish a new connection: [Errno -2] Name or service not known',))
HTTPConnectionPool(host='web.dmi.unict.itcorsi', port=80): Max retries exceeded with url: /l-35 (Caused by NewConnectionError('<urllib3.connection.HTTPConnection object at 0x7f13580f3dd8>: Failed to establish a new connection: [Errno -2] Name or service not known',))
HTTPConnectionPool(host='web.dmi.unict.itcorsi', port=80): Max retries exceeded with url: /lm-18 (Caused by NewConnectionError('<urllib3.connection.HTTPConnection object at 0x7f13580f39e8>: Failed to establish a new connection: [Errno -2] Name or service not known',))
HTTPConnectionPool(host='web.dmi.unict.itcorsi', port=80): Max retries exceeded with url: /lm-40 (Caused by NewConnectionError('<urllib3.connection.HTTPConnection object at 0x7f13580f3cf8>: Failed to establish a new connection: [Errno -2] Name or service not known',))
HTTPConnectionPool(host='web.dmi.unict.itcorsi', port=80): Max retries exceeded with url: /l-31 (Caused by NewConnectionError('<urllib3.connection.HTTPConnection object at 0x7f1342fdb2e8>: Failed to establish a new connection: [Errno -2] Name or service not known',))
HTTPConnectionPool(host='web.dmi.unict.itcorsi', port=80): Max retries exceeded with url: /l-35 (Caused by NewConnectionError('<urllib3.connection.HTTPConnection object at 0x7f1342fdb0f0>: Failed to establish a new connection: [Errno -2] Name or service not known',))
HTTPConnectionPool(host='web.dmi.unict.itcorsi', port=80): Max retries exceeded with url: /lm-18 (Caused by NewConnectionError('<urllib3.connection.HTTPConnection object at 0x7f1342fde2e8>: Failed to establish a new connection: [Errno -2] Name or service not known',))
HTTPConnectionPool(host='web.dmi.unict.itcorsi', port=80): Max retries exceeded with url: /lm-40 (Caused by NewConnectionError('<urllib3.connection.HTTPConnection object at 0x7f1342fde0f0>: Failed to establish a new connection: [Errno -2] Name or service not known',))
HTTPConnectionPool(host='www.dieei.unict.itcorsi', port=80): Max retries exceeded with url: /l-8-ele (Caused by NewConnectionError('<urllib3.connection.HTTPConnection object at 0x7f1342fa2a20>: Failed to establish a new connection: [Errno -2] Name or service not known',))
HTTPConnectionPool(host='www.dieei.unict.itcorsi', port=80): Max retries exceeded with url: /l-9 (Caused by NewConnectionError('<urllib3.connection.HTTPConnection object at 0x7f1342f9e128>: Failed to establish a new connection: [Errno -2] Name or service not known',))
HTTPConnectionPool(host='www.dieei.unict.itcorsi', port=80): Max retries exceeded with url: /l-8-inf (Caused by NewConnectionError('<urllib3.connection.HTTPConnection object at 0x7f1342f9e2e8>: Failed to establish a new connection: [Errno -2] Name or service not known',))
HTTPConnectionPool(host='www.dieei.unict.itcorsi', port=80): Max retries exceeded with url: /lm-25 (Caused by NewConnectionError('<urllib3.connection.HTTPConnection object at 0x7f135b844e80>: Failed to establish a new connection: [Errno -2] Name or service not known',))
HTTPConnectionPool(host='www.dieei.unict.itcorsi', port=80): Max retries exceeded with url: /lm-28 (Caused by NewConnectionError('<urllib3.connection.HTTPConnection object at 0x7f135b844d68>: Failed to establish a new connection: [Errno -2] Name or service not known',))
HTTPConnectionPool(host='www.dieei.unict.itcorsi', port=80): Max retries exceeded with url: /lm-29 (Caused by NewConnectionError('<urllib3.connection.HTTPConnection object at 0x7f135b844ef0>: Failed to establish a new connection: [Errno -2] Name or service not known',))
HTTPConnectionPool(host='www.dieei.unict.itcorsi', port=80): Max retries exceeded with url: /lm-27 (Caused by NewConnectionError('<urllib3.connection.HTTPConnection object at 0x7f135b8446a0>: Failed to establish a new connection: [Errno -2] Name or service not known',))
HTTPConnectionPool(host='www.dieei.unict.itcorsi', port=80): Max retries exceeded with url: /lm-32 (Caused by NewConnectionError('<urllib3.connection.HTTPConnection object at 0x7f135b844be0>: Failed to establish a new connection: [Errno -2] Name or service not known',))
HTTPConnectionPool(host='www.dieei.unict.itcorsi', port=80): Max retries exceeded with url: /l-8-ele (Caused by NewConnectionError('<urllib3.connection.HTTPConnection object at 0x7f135b7e9438>: Failed to establish a new connection: [Errno -2] Name or service not known',))
HTTPConnectionPool(host='www.dieei.unict.itcorsi', port=80): Max retries exceeded with url: /l-9 (Caused by NewConnectionError('<urllib3.connection.HTTPConnection object at 0x7f135b7e9d30>: Failed to establish a new connection: [Errno -2] Name or service not known',))
HTTPConnectionPool(host='www.dieei.unict.itcorsi', port=80): Max retries exceeded with url: /l-8-inf (Caused by NewConnectionError('<urllib3.connection.HTTPConnection object at 0x7f135b7e9a90>: Failed to establish a new connection: [Errno -2] Name or service not known',))
HTTPConnectionPool(host='www.dieei.unict.itcorsi', port=80): Max retries exceeded with url: /lm-25 (Caused by NewConnectionError('<urllib3.connection.HTTPConnection object at 0x7f135b7e94e0>: Failed to establish a new connection: [Errno -2] Name or service not known',))
HTTPConnectionPool(host='www.dieei.unict.itcorsi', port=80): Max retries exceeded with url: /lm-28 (Caused by NewConnectionError('<urllib3.connection.HTTPConnection object at 0x7f135b7e9a58>: Failed to establish a new connection: [Errno -2] Name or service not known',))
HTTPConnectionPool(host='www.dieei.unict.itcorsi', port=80): Max retries exceeded with url: /lm-29 (Caused by NewConnectionError('<urllib3.connection.HTTPConnection object at 0x7f135b7e98d0>: Failed to establish a new connection: [Errno -2] Name or service not known',))
HTTPConnectionPool(host='www.dieei.unict.itcorsi', port=80): Max retries exceeded with url: /lm-27 (Caused by NewConnectionError('<urllib3.connection.HTTPConnection object at 0x7f135b7e9dd8>: Failed to establish a new connection: [Errno -2] Name or service not known',))
HTTPConnectionPool(host='www.dieei.unict.itcorsi', port=80): Max retries exceeded with url: /lm-32 (Caused by NewConnectionError('<urllib3.connection.HTTPConnection object at 0x7f135b7e9c50>: Failed to establish a new connection: [Errno -2] Name or service not known',))
HTTPConnectionPool(host='web.dmi.unict.itcorsi', port=80): Max retries exceeded with url: /l-31 (Caused by NewConnectionError('<urllib3.connection.HTTPConnection object at 0x7f14e4336cf8>: Failed to establish a new connection: [Errno -2] Name or service not known',))
HTTPConnectionPool(host='web.dmi.unict.itcorsi', port=80): Max retries exceeded with url: /l-35 (Caused by NewConnectionError('<urllib3.connection.HTTPConnection object at 0x7f14e4336cc0>: Failed to establish a new connection: [Errno -2] Name or service not known',))
HTTPConnectionPool(host='web.dmi.unict.itcorsi', port=80): Max retries exceeded with url: /lm-18 (Caused by NewConnectionError('<urllib3.connection.HTTPConnection object at 0x7f14e4336dd8>: Failed to establish a new connection: [Errno -2] Name or service not known',))
HTTPConnectionPool(host='web.dmi.unict.itcorsi', port=80): Max retries exceeded with url: /lm-40 (Caused by NewConnectionError('<urllib3.connection.HTTPConnection object at 0x7f14e4336e48>: Failed to establish a new connection: [Errno -2] Name or service not known',))
HTTPConnectionPool(host='web.dmi.unict.itcorsi', port=80): Max retries exceeded with url: /l-31 (Caused by NewConnectionError('<urllib3.connection.HTTPConnection object at 0x7f14e4243320>: Failed to establish a new connection: [Errno -2] Name or service not known',))
HTTPConnectionPool(host='web.dmi.unict.itcorsi', port=80): Max retries exceeded with url: /l-35 (Caused by NewConnectionError('<urllib3.connection.HTTPConnection object at 0x7f14e4243128>: Failed to establish a new connection: [Errno -2] Name or service not known',))
HTTPConnectionPool(host='web.dmi.unict.itcorsi', port=80): Max retries exceeded with url: /lm-18 (Caused by NewConnectionError('<urllib3.connection.HTTPConnection object at 0x7f14e4246320>: Failed to establish a new connection: [Errno -2] Name or service not known',))
HTTPConnectionPool(host='web.dmi.unict.itcorsi', port=80): Max retries exceeded with url: /lm-40 (Caused by NewConnectionError('<urllib3.connection.HTTPConnection object at 0x7f14e4246128>: Failed to establish a new connection: [Errno -2] Name or service not known',))
HTTPConnectionPool(host='www.dieei.unict.itcorsi', port=80): Max retries exceeded with url: /l-8-ele (Caused by NewConnectionError('<urllib3.connection.HTTPConnection object at 0x7f14cefe0320>: Failed to establish a new connection: [Errno -2] Name or service not known',))
HTTPConnectionPool(host='www.dieei.unict.itcorsi', port=80): Max retries exceeded with url: /l-9 (Caused by NewConnectionError('<urllib3.connection.HTTPConnection object at 0x7f14cefc5198>: Failed to establish a new connection: [Errno -2] Name or service not known',))
HTTPConnectionPool(host='www.dieei.unict.itcorsi', port=80): Max retries exceeded with url: /l-8-inf (Caused by NewConnectionError('<urllib3.connection.HTTPConnection object at 0x7f14cef1bd68>: Failed to establish a new connection: [Errno -2] Name or service not known',))
HTTPConnectionPool(host='www.dieei.unict.itcorsi', port=80): Max retries exceeded with url: /lm-25 (Caused by NewConnectionError('<urllib3.connection.HTTPConnection object at 0x7f14e7a97fd0>: Failed to establish a new connection: [Errno -2] Name or service not known',))
HTTPConnectionPool(host='www.dieei.unict.itcorsi', port=80): Max retries exceeded with url: /lm-28 (Caused by NewConnectionError('<urllib3.connection.HTTPConnection object at 0x7f14e7a97278>: Failed to establish a new connection: [Errno -2] Name or service not known',))
HTTPConnectionPool(host='www.dieei.unict.itcorsi', port=80): Max retries exceeded with url: /lm-29 (Caused by NewConnectionError('<urllib3.connection.HTTPConnection object at 0x7f14e7a97518>: Failed to establish a new connection: [Errno -2] Name or service not known',))
HTTPConnectionPool(host='www.dieei.unict.itcorsi', port=80): Max retries exceeded with url: /lm-27 (Caused by NewConnectionError('<urllib3.connection.HTTPConnection object at 0x7f14e7a97e48>: Failed to establish a new connection: [Errno -2] Name or service not known',))
HTTPConnectionPool(host='www.dieei.unict.itcorsi', port=80): Max retries exceeded with url: /lm-32 (Caused by NewConnectionError('<urllib3.connection.HTTPConnection object at 0x7f14e7a97198>: Failed to establish a new connection: [Errno -2] Name or service not known',))
HTTPConnectionPool(host='www.dieei.unict.itcorsi', port=80): Max retries exceeded with url: /l-8-ele (Caused by NewConnectionError('<urllib3.connection.HTTPConnection object at 0x7f14e7a34c88>: Failed to establish a new connection: [Errno -2] Name or service not known',))
HTTPConnectionPool(host='www.dieei.unict.itcorsi', port=80): Max retries exceeded with url: /l-9 (Caused by NewConnectionError('<urllib3.connection.HTTPConnection object at 0x7f14e7a34080>: Failed to establish a new connection: [Errno -2] Name or service not known',))
HTTPConnectionPool(host='www.dieei.unict.itcorsi', port=80): Max retries exceeded with url: /l-8-inf (Caused by NewConnectionError('<urllib3.connection.HTTPConnection object at 0x7f14e7a34c88>: Failed to establish a new connection: [Errno -2] Name or service not known',))
HTTPConnectionPool(host='www.dieei.unict.itcorsi', port=80): Max retries exceeded with url: /lm-25 (Caused by NewConnectionError('<urllib3.connection.HTTPConnection object at 0x7f14e409d7f0>: Failed to establish a new connection: [Errno -2] Name or service not known',))
HTTPConnectionPool(host='www.dieei.unict.itcorsi', port=80): Max retries exceeded with url: /lm-28 (Caused by NewConnectionError('<urllib3.connection.HTTPConnection object at 0x7f14e409d828>: Failed to establish a new connection: [Errno -2] Name or service not known',))
HTTPConnectionPool(host='www.dieei.unict.itcorsi', port=80): Max retries exceeded with url: /lm-29 (Caused by NewConnectionError('<urllib3.connection.HTTPConnection object at 0x7f14e403af98>: Failed to establish a new connection: [Errno -2] Name or service not known',))
HTTPConnectionPool(host='www.dieei.unict.itcorsi', port=80): Max retries exceeded with url: /lm-27 (Caused by NewConnectionError('<urllib3.connection.HTTPConnection object at 0x7f14e7a341d0>: Failed to establish a new connection: [Errno -2] Name or service not known',))
HTTPConnectionPool(host='www.dieei.unict.itcorsi', port=80): Max retries exceeded with url: /lm-32 (Caused by NewConnectionError('<urllib3.connection.HTTPConnection object at 0x7f14e403ae48>: Failed to establish a new connection: [Errno -2] Name or service not known',))
HTTPConnectionPool(host='web.dmi.unict.itcorsi', port=80): Max retries exceeded with url: /l-31 (Caused by NewConnectionError('<urllib3.connection.HTTPConnection object at 0x7f9430599668>: Failed to establish a new connection: [Errno -2] Name or service not known',))
HTTPConnectionPool(host='web.dmi.unict.itcorsi', port=80): Max retries exceeded with url: /l-35 (Caused by NewConnectionError('<urllib3.connection.HTTPConnection object at 0x7f9430599d30>: Failed to establish a new connection: [Errno -2] Name or service not known',))
HTTPConnectionPool(host='web.dmi.unict.itcorsi', port=80): Max retries exceeded with url: /lm-18 (Caused by NewConnectionError('<urllib3.connection.HTTPConnection object at 0x7f9430599dd8>: Failed to establish a new connection: [Errno -2] Name or service not known',))
HTTPConnectionPool(host='web.dmi.unict.itcorsi', port=80): Max retries exceeded with url: /lm-40 (Caused by NewConnectionError('<urllib3.connection.HTTPConnection object at 0x7f9430599b00>: Failed to establish a new connection: [Errno -2] Name or service not known',))
HTTPConnectionPool(host='web.dmi.unict.itcorsi', port=80): Max retries exceeded with url: /l-31 (Caused by NewConnectionError('<urllib3.connection.HTTPConnection object at 0x7f94304a6320>: Failed to establish a new connection: [Errno -2] Name or service not known',))
HTTPConnectionPool(host='web.dmi.unict.itcorsi', port=80): Max retries exceeded with url: /l-35 (Caused by NewConnectionError('<urllib3.connection.HTTPConnection object at 0x7f94304a6128>: Failed to establish a new connection: [Errno -2] Name or service not known',))
HTTPConnectionPool(host='web.dmi.unict.itcorsi', port=80): Max retries exceeded with url: /lm-18 (Caused by NewConnectionError('<urllib3.connection.HTTPConnection object at 0x7f94304a6320>: Failed to establish a new connection: [Errno -2] Name or service not known',))
HTTPConnectionPool(host='web.dmi.unict.itcorsi', port=80): Max retries exceeded with url: /lm-40 (Caused by NewConnectionError('<urllib3.connection.HTTPConnection object at 0x7f94304ab320>: Failed to establish a new connection: [Errno -2] Name or service not known',))
HTTPConnectionPool(host='www.dieei.unict.itcorsi', port=80): Max retries exceeded with url: /l-8-ele (Caused by NewConnectionError('<urllib3.connection.HTTPConnection object at 0x7f9432ce5240>: Failed to establish a new connection: [Errno -2] Name or service not known',))
HTTPConnectionPool(host='www.dieei.unict.itcorsi', port=80): Max retries exceeded with url: /l-9 (Caused by NewConnectionError('<urllib3.connection.HTTPConnection object at 0x7f9430453fd0>: Failed to establish a new connection: [Errno -2] Name or service not known',))
HTTPConnectionPool(host='www.dieei.unict.itcorsi', port=80): Max retries exceeded with url: /l-8-inf (Caused by NewConnectionError('<urllib3.connection.HTTPConnection object at 0x7f9432ce5518>: Failed to establish a new connection: [Errno -2] Name or service not known',))
HTTPConnectionPool(host='www.dieei.unict.itcorsi', port=80): Max retries exceeded with url: /lm-25 (Caused by NewConnectionError('<urllib3.connection.HTTPConnection object at 0x7f9430600f98>: Failed to establish a new connection: [Errno -2] Name or service not known',))
HTTPConnectionPool(host='www.dieei.unict.itcorsi', port=80): Max retries exceeded with url: /lm-28 (Caused by NewConnectionError('<urllib3.connection.HTTPConnection object at 0x7f9430600b38>: Failed to establish a new connection: [Errno -2] Name or service not known',))
HTTPConnectionPool(host='www.dieei.unict.itcorsi', port=80): Max retries exceeded with url: /lm-29 (Caused by NewConnectionError('<urllib3.connection.HTTPConnection object at 0x7f9430600940>: Failed to establish a new connection: [Errno -2] Name or service not known',))
HTTPConnectionPool(host='www.dieei.unict.itcorsi', port=80): Max retries exceeded with url: /lm-27 (Caused by NewConnectionError('<urllib3.connection.HTTPConnection object at 0x7f94306009e8>: Failed to establish a new connection: [Errno -2] Name or service not known',))
HTTPConnectionPool(host='www.dieei.unict.itcorsi', port=80): Max retries exceeded with url: /lm-32 (Caused by NewConnectionError('<urllib3.connection.HTTPConnection object at 0x7f9430600cc0>: Failed to establish a new connection: [Errno -2] Name or service not known',))
HTTPConnectionPool(host='www.dieei.unict.itcorsi', port=80): Max retries exceeded with url: /l-8-ele (Caused by NewConnectionError('<urllib3.connection.HTTPConnection object at 0x7f9430472780>: Failed to establish a new connection: [Errno -2] Name or service not known',))
HTTPConnectionPool(host='www.dieei.unict.itcorsi', port=80): Max retries exceeded with url: /l-9 (Caused by NewConnectionError('<urllib3.connection.HTTPConnection object at 0x7f94304722e8>: Failed to establish a new connection: [Errno -2] Name or service not known',))
HTTPConnectionPool(host='www.dieei.unict.itcorsi', port=80): Max retries exceeded with url: /l-8-inf (Caused by NewConnectionError('<urllib3.connection.HTTPConnection object at 0x7f94304723c8>: Failed to establish a new connection: [Errno -2] Name or service not known',))
HTTPConnectionPool(host='www.dieei.unict.itcorsi', port=80): Max retries exceeded with url: /lm-25 (Caused by NewConnectionError('<urllib3.connection.HTTPConnection object at 0x7f9430472a90>: Failed to establish a new connection: [Errno -2] Name or service not known',))
HTTPConnectionPool(host='www.dieei.unict.itcorsi', port=80): Max retries exceeded with url: /lm-28 (Caused by NewConnectionError('<urllib3.connection.HTTPConnection object at 0x7f9430472358>: Failed to establish a new connection: [Errno -2] Name or service not known',))
HTTPConnectionPool(host='www.dieei.unict.itcorsi', port=80): Max retries exceeded with url: /lm-29 (Caused by NewConnectionError('<urllib3.connection.HTTPConnection object at 0x7f9432c84d68>: Failed to establish a new connection: [Errno -2] Name or service not known',))
HTTPConnectionPool(host='www.dieei.unict.itcorsi', port=80): Max retries exceeded with url: /lm-27 (Caused by NewConnectionError('<urllib3.connection.HTTPConnection object at 0x7f9432c846d8>: Failed to establish a new connection: [Errno -2] Name or service not known',))
HTTPConnectionPool(host='www.dieei.unict.itcorsi', port=80): Max retries exceeded with url: /lm-32 (Caused by NewConnectionError('<urllib3.connection.HTTPConnection object at 0x7f9432c84c50>: Failed to establish a new connection: [Errno -2] Name or service not known',))
HTTPConnectionPool(host='web.dmi.unict.itcorsi', port=80): Max retries exceeded with url: /l-31 (Caused by NewConnectionError('<urllib3.connection.HTTPConnection object at 0x7f4255472128>: Failed to establish a new connection: [Errno -2] Name or service not known',))
HTTPConnectionPool(host='web.dmi.unict.itcorsi', port=80): Max retries exceeded with url: /l-35 (Caused by NewConnectionError('<urllib3.connection.HTTPConnection object at 0x7f4255459eb8>: Failed to establish a new connection: [Errno -2] Name or service not known',))
HTTPConnectionPool(host='web.dmi.unict.itcorsi', port=80): Max retries exceeded with url: /lm-18 (Caused by NewConnectionError('<urllib3.connection.HTTPConnection object at 0x7f4255459cf8>: Failed to establish a new connection: [Errno -2] Name or service not known',))
HTTPConnectionPool(host='web.dmi.unict.itcorsi', port=80): Max retries exceeded with url: /lm-40 (Caused by NewConnectionError('<urllib3.connection.HTTPConnection object at 0x7f4255459c88>: Failed to establish a new connection: [Errno -2] Name or service not known',))
HTTPConnectionPool(host='web.dmi.unict.itcorsi', port=80): Max retries exceeded with url: /l-31 (Caused by NewConnectionError('<urllib3.connection.HTTPConnection object at 0x7f425408f320>: Failed to establish a new connection: [Errno -2] Name or service not known',))
HTTPConnectionPool(host='web.dmi.unict.itcorsi', port=80): Max retries exceeded with url: /l-35 (Caused by NewConnectionError('<urllib3.connection.HTTPConnection object at 0x7f425408f320>: Failed to establish a new connection: [Errno -2] Name or service not known',))
HTTPConnectionPool(host='web.dmi.unict.itcorsi', port=80): Max retries exceeded with url: /lm-18 (Caused by NewConnectionError('<urllib3.connection.HTTPConnection object at 0x7f425408f128>: Failed to establish a new connection: [Errno -2] Name or service not known',))
HTTPConnectionPool(host='web.dmi.unict.itcorsi', port=80): Max retries exceeded with url: /lm-40 (Caused by NewConnectionError('<urllib3.connection.HTTPConnection object at 0x7f425408f0f0>: Failed to establish a new connection: [Errno -2] Name or service not known',))
HTTPConnectionPool(host='www.dieei.unict.itcorsi', port=80): Max retries exceeded with url: /l-8-ele (Caused by NewConnectionError('<urllib3.connection.HTTPConnection object at 0x7f424c919278>: Failed to establish a new connection: [Errno -2] Name or service not known',))
HTTPConnectionPool(host='www.dieei.unict.itcorsi', port=80): Max retries exceeded with url: /l-9 (Caused by NewConnectionError('<urllib3.connection.HTTPConnection object at 0x7f424c919048>: Failed to establish a new connection: [Errno -2] Name or service not known',))
HTTPConnectionPool(host='www.dieei.unict.itcorsi', port=80): Max retries exceeded with url: /l-8-inf (Caused by NewConnectionError('<urllib3.connection.HTTPConnection object at 0x7f424c919048>: Failed to establish a new connection: [Errno -2] Name or service not known',))
HTTPConnectionPool(host='www.dieei.unict.itcorsi', port=80): Max retries exceeded with url: /lm-25 (Caused by NewConnectionError('<urllib3.connection.HTTPConnection object at 0x7f424c928048>: Failed to establish a new connection: [Errno -2] Name or service not known',))
HTTPConnectionPool(host='www.dieei.unict.itcorsi', port=80): Max retries exceeded with url: /lm-28 (Caused by NewConnectionError('<urllib3.connection.HTTPConnection object at 0x7f424c919208>: Failed to establish a new connection: [Errno -2] Name or service not known',))
HTTPConnectionPool(host='www.dieei.unict.itcorsi', port=80): Max retries exceeded with url: /lm-29 (Caused by NewConnectionError('<urllib3.connection.HTTPConnection object at 0x7f42554bf860>: Failed to establish a new connection: [Errno -2] Name or service not known',))
HTTPConnectionPool(host='www.dieei.unict.itcorsi', port=80): Max retries exceeded with url: /lm-27 (Caused by NewConnectionError('<urllib3.connection.HTTPConnection object at 0x7f42554bf4a8>: Failed to establish a new connection: [Errno -2] Name or service not known',))
HTTPConnectionPool(host='www.dieei.unict.itcorsi', port=80): Max retries exceeded with url: /lm-32 (Caused by NewConnectionError('<urllib3.connection.HTTPConnection object at 0x7f42554bf080>: Failed to establish a new connection: [Errno -2] Name or service not known',))
HTTPConnectionPool(host='www.dieei.unict.itcorsi', port=80): Max retries exceeded with url: /l-8-ele (Caused by NewConnectionError('<urllib3.connection.HTTPConnection object at 0x7f424cbc4908>: Failed to establish a new connection: [Errno -2] Name or service not known',))
HTTPConnectionPool(host='www.dieei.unict.itcorsi', port=80): Max retries exceeded with url: /l-9 (Caused by NewConnectionError('<urllib3.connection.HTTPConnection object at 0x7f424cbc42b0>: Failed to establish a new connection: [Errno -2] Name or service not known',))
HTTPConnectionPool(host='www.dieei.unict.itcorsi', port=80): Max retries exceeded with url: /l-8-inf (Caused by NewConnectionError('<urllib3.connection.HTTPConnection object at 0x7f424cbc4f28>: Failed to establish a new connection: [Errno -2] Name or service not known',))
HTTPConnectionPool(host='www.dieei.unict.itcorsi', port=80): Max retries exceeded with url: /lm-25 (Caused by NewConnectionError('<urllib3.connection.HTTPConnection object at 0x7f424cbc45c0>: Failed to establish a new connection: [Errno -2] Name or service not known',))
HTTPConnectionPool(host='www.dieei.unict.itcorsi', port=80): Max retries exceeded with url: /lm-28 (Caused by NewConnectionError('<urllib3.connection.HTTPConnection object at 0x7f424cbc42b0>: Failed to establish a new connection: [Errno -2] Name or service not known',))
HTTPConnectionPool(host='www.dieei.unict.itcorsi', port=80): Max retries exceeded with url: /lm-29 (Caused by NewConnectionError('<urllib3.connection.HTTPConnection object at 0x7f424cbc45c0>: Failed to establish a new connection: [Errno -2] Name or service not known',))
HTTPConnectionPool(host='www.dieei.unict.itcorsi', port=80): Max retries exceeded with url: /lm-27 (Caused by NewConnectionError('<urllib3.connection.HTTPConnection object at 0x7f424cbc4fd0>: Failed to establish a new connection: [Errno -2] Name or service not known',))
HTTPConnectionPool(host='www.dieei.unict.itcorsi', port=80): Max retries exceeded with url: /lm-32 (Caused by NewConnectionError('<urllib3.connection.HTTPConnection object at 0x7f424cbc49e8>: Failed to establish a new connection: [Errno -2] Name or service not known',))
HTTPConnectionPool(host='web.dmi.unict.itcorsi', port=80): Max retries exceeded with url: /l-31 (Caused by NewConnectionError('<urllib3.connection.HTTPConnection object at 0x7ff4883f4a90>: Failed to establish a new connection: [Errno -2] Name or service not known',))
HTTPConnectionPool(host='web.dmi.unict.itcorsi', port=80): Max retries exceeded with url: /l-35 (Caused by NewConnectionError('<urllib3.connection.HTTPConnection object at 0x7ff4883f4dd8>: Failed to establish a new connection: [Errno -2] Name or service not known',))
HTTPConnectionPool(host='web.dmi.unict.itcorsi', port=80): Max retries exceeded with url: /lm-18 (Caused by NewConnectionError('<urllib3.connection.HTTPConnection object at 0x7ff4883f49e8>: Failed to establish a new connection: [Errno -2] Name or service not known',))
HTTPConnectionPool(host='web.dmi.unict.itcorsi', port=80): Max retries exceeded with url: /lm-40 (Caused by NewConnectionError('<urllib3.connection.HTTPConnection object at 0x7ff4883f4cf8>: Failed to establish a new connection: [Errno -2] Name or service not known',))
HTTPConnectionPool(host='web.dmi.unict.itcorsi', port=80): Max retries exceeded with url: /l-31 (Caused by NewConnectionError('<urllib3.connection.HTTPConnection object at 0x7ff4883002e8>: Failed to establish a new connection: [Errno -2] Name or service not known',))
HTTPConnectionPool(host='web.dmi.unict.itcorsi', port=80): Max retries exceeded with url: /l-35 (Caused by NewConnectionError('<urllib3.connection.HTTPConnection object at 0x7ff4883000f0>: Failed to establish a new connection: [Errno -2] Name or service not known',))
HTTPConnectionPool(host='web.dmi.unict.itcorsi', port=80): Max retries exceeded with url: /lm-18 (Caused by NewConnectionError('<urllib3.connection.HTTPConnection object at 0x7ff4883032e8>: Failed to establish a new connection: [Errno -2] Name or service not known',))
HTTPConnectionPool(host='web.dmi.unict.itcorsi', port=80): Max retries exceeded with url: /lm-40 (Caused by NewConnectionError('<urllib3.connection.HTTPConnection object at 0x7ff4883030f0>: Failed to establish a new connection: [Errno -2] Name or service not known',))
HTTPConnectionPool(host='www.dieei.unict.itcorsi', port=80): Max retries exceeded with url: /l-8-ele (Caused by NewConnectionError('<urllib3.connection.HTTPConnection object at 0x7ff489b3d780>: Failed to establish a new connection: [Errno -2] Name or service not known',))
HTTPConnectionPool(host='www.dieei.unict.itcorsi', port=80): Max retries exceeded with url: /l-9 (Caused by NewConnectionError('<urllib3.connection.HTTPConnection object at 0x7ff489b3d898>: Failed to establish a new connection: [Errno -2] Name or service not known',))
HTTPConnectionPool(host='www.dieei.unict.itcorsi', port=80): Max retries exceeded with url: /l-8-inf (Caused by NewConnectionError('<urllib3.connection.HTTPConnection object at 0x7ff489b3dac8>: Failed to establish a new connection: [Errno -2] Name or service not known',))
HTTPConnectionPool(host='www.dieei.unict.itcorsi', port=80): Max retries exceeded with url: /lm-25 (Caused by NewConnectionError('<urllib3.connection.HTTPConnection object at 0x7ff480fe51d0>: Failed to establish a new connection: [Errno -2] Name or service not known',))
HTTPConnectionPool(host='www.dieei.unict.itcorsi', port=80): Max retries exceeded with url: /lm-28 (Caused by NewConnectionError('<urllib3.connection.HTTPConnection object at 0x7ff480fe5128>: Failed to establish a new connection: [Errno -2] Name or service not known',))
HTTPConnectionPool(host='www.dieei.unict.itcorsi', port=80): Max retries exceeded with url: /lm-29 (Caused by NewConnectionError('<urllib3.connection.HTTPConnection object at 0x7ff489adc518>: Failed to establish a new connection: [Errno -2] Name or service not known',))
HTTPConnectionPool(host='www.dieei.unict.itcorsi', port=80): Max retries exceeded with url: /lm-27 (Caused by NewConnectionError('<urllib3.connection.HTTPConnection object at 0x7ff489adce80>: Failed to establish a new connection: [Errno -2] Name or service not known',))
HTTPConnectionPool(host='www.dieei.unict.itcorsi', port=80): Max retries exceeded with url: /lm-32 (Caused by NewConnectionError('<urllib3.connection.HTTPConnection object at 0x7ff489adc358>: Failed to establish a new connection: [Errno -2] Name or service not known',))
HTTPConnectionPool(host='www.dieei.unict.itcorsi', port=80): Max retries exceeded with url: /l-8-ele (Caused by NewConnectionError('<urllib3.connection.HTTPConnection object at 0x7ff4883f5780>: Failed to establish a new connection: [Errno -2] Name or service not known',))
HTTPConnectionPool(host='www.dieei.unict.itcorsi', port=80): Max retries exceeded with url: /l-9 (Caused by NewConnectionError('<urllib3.connection.HTTPConnection object at 0x7ff4883f5908>: Failed to establish a new connection: [Errno -2] Name or service not known',))
HTTPConnectionPool(host='www.dieei.unict.itcorsi', port=80): Max retries exceeded with url: /l-8-inf (Caused by NewConnectionError('<urllib3.connection.HTTPConnection object at 0x7ff4883f5dd8>: Failed to establish a new connection: [Errno -2] Name or service not known',))
HTTPConnectionPool(host='www.dieei.unict.itcorsi', port=80): Max retries exceeded with url: /lm-25 (Caused by NewConnectionError('<urllib3.connection.HTTPConnection object at 0x7ff4883f5550>: Failed to establish a new connection: [Errno -2] Name or service not known',))
HTTPConnectionPool(host='www.dieei.unict.itcorsi', port=80): Max retries exceeded with url: /lm-28 (Caused by NewConnectionError('<urllib3.connection.HTTPConnection object at 0x7ff4883f5da0>: Failed to establish a new connection: [Errno -2] Name or service not known',))
HTTPConnectionPool(host='www.dieei.unict.itcorsi', port=80): Max retries exceeded with url: /lm-29 (Caused by NewConnectionError('<urllib3.connection.HTTPConnection object at 0x7ff4883f5c18>: Failed to establish a new connection: [Errno -2] Name or service not known',))
HTTPConnectionPool(host='www.dieei.unict.itcorsi', port=80): Max retries exceeded with url: /lm-27 (Caused by NewConnectionError('<urllib3.connection.HTTPConnection object at 0x7ff4883f5390>: Failed to establish a new connection: [Errno -2] Name or service not known',))
HTTPConnectionPool(host='www.dieei.unict.itcorsi', port=80): Max retries exceeded with url: /lm-32 (Caused by NewConnectionError('<urllib3.connection.HTTPConnection object at 0x7ff4883f5c18>: Failed to establish a new connection: [Errno -2] Name or service not known',))
HTTPConnectionPool(host='web.dmi.unict.itcorsi', port=80): Max retries exceeded with url: /l-31 (Caused by NewConnectionError('<urllib3.connection.HTTPConnection object at 0x7efcb4227a90>: Failed to establish a new connection: [Errno -2] Name or service not known',))
HTTPConnectionPool(host='web.dmi.unict.itcorsi', port=80): Max retries exceeded with url: /l-35 (Caused by NewConnectionError('<urllib3.connection.HTTPConnection object at 0x7efcb4227dd8>: Failed to establish a new connection: [Errno -2] Name or service not known',))
HTTPConnectionPool(host='web.dmi.unict.itcorsi', port=80): Max retries exceeded with url: /lm-18 (Caused by NewConnectionError('<urllib3.connection.HTTPConnection object at 0x7efcb42279e8>: Failed to establish a new connection: [Errno -2] Name or service not known',))
HTTPConnectionPool(host='web.dmi.unict.itcorsi', port=80): Max retries exceeded with url: /lm-40 (Caused by NewConnectionError('<urllib3.connection.HTTPConnection object at 0x7efcb4227cf8>: Failed to establish a new connection: [Errno -2] Name or service not known',))
HTTPConnectionPool(host='web.dmi.unict.itcorsi', port=80): Max retries exceeded with url: /l-31 (Caused by NewConnectionError('<urllib3.connection.HTTPConnection object at 0x7efcb41342e8>: Failed to establish a new connection: [Errno -2] Name or service not known',))
HTTPConnectionPool(host='web.dmi.unict.itcorsi', port=80): Max retries exceeded with url: /l-35 (Caused by NewConnectionError('<urllib3.connection.HTTPConnection object at 0x7efcb41340f0>: Failed to establish a new connection: [Errno -2] Name or service not known',))
HTTPConnectionPool(host='web.dmi.unict.itcorsi', port=80): Max retries exceeded with url: /lm-18 (Caused by NewConnectionError('<urllib3.connection.HTTPConnection object at 0x7efcb41372e8>: Failed to establish a new connection: [Errno -2] Name or service not known',))
HTTPConnectionPool(host='web.dmi.unict.itcorsi', port=80): Max retries exceeded with url: /lm-40 (Caused by NewConnectionError('<urllib3.connection.HTTPConnection object at 0x7efcb41370f0>: Failed to establish a new connection: [Errno -2] Name or service not known',))
HTTPConnectionPool(host='www.dieei.unict.itcorsi', port=80): Max retries exceeded with url: /l-8-ele (Caused by NewConnectionError('<urllib3.connection.HTTPConnection object at 0x7efc97543390>: Failed to establish a new connection: [Errno -2] Name or service not known',))
HTTPConnectionPool(host='www.dieei.unict.itcorsi', port=80): Max retries exceeded with url: /l-9 (Caused by NewConnectionError('<urllib3.connection.HTTPConnection object at 0x7efc97610278>: Failed to establish a new connection: [Errno -2] Name or service not known',))
HTTPConnectionPool(host='www.dieei.unict.itcorsi', port=80): Max retries exceeded with url: /l-8-inf (Caused by NewConnectionError('<urllib3.connection.HTTPConnection object at 0x7efc97610208>: Failed to establish a new connection: [Errno -2] Name or service not known',))
HTTPConnectionPool(host='www.dieei.unict.itcorsi', port=80): Max retries exceeded with url: /lm-25 (Caused by NewConnectionError('<urllib3.connection.HTTPConnection object at 0x7efc97610278>: Failed to establish a new connection: [Errno -2] Name or service not known',))
HTTPConnectionPool(host='www.dieei.unict.itcorsi', port=80): Max retries exceeded with url: /lm-28 (Caused by NewConnectionError('<urllib3.connection.HTTPConnection object at 0x7efcb8174518>: Failed to establish a new connection: [Errno -2] Name or service not known',))
HTTPConnectionPool(host='www.dieei.unict.itcorsi', port=80): Max retries exceeded with url: /lm-29 (Caused by NewConnectionError('<urllib3.connection.HTTPConnection object at 0x7efcb81743c8>: Failed to establish a new connection: [Errno -2] Name or service not known',))
HTTPConnectionPool(host='www.dieei.unict.itcorsi', port=80): Max retries exceeded with url: /lm-27 (Caused by NewConnectionError('<urllib3.connection.HTTPConnection object at 0x7efcb8174208>: Failed to establish a new connection: [Errno -2] Name or service not known',))
HTTPConnectionPool(host='www.dieei.unict.itcorsi', port=80): Max retries exceeded with url: /lm-32 (Caused by NewConnectionError('<urllib3.connection.HTTPConnection object at 0x7efcb8174710>: Failed to establish a new connection: [Errno -2] Name or service not known',))
HTTPConnectionPool(host='www.dieei.unict.itcorsi', port=80): Max retries exceeded with url: /l-8-ele (Caused by NewConnectionError('<urllib3.connection.HTTPConnection object at 0x7efc97579fd0>: Failed to establish a new connection: [Errno -2] Name or service not known',))
HTTPConnectionPool(host='www.dieei.unict.itcorsi', port=80): Max retries exceeded with url: /l-9 (Caused by NewConnectionError('<urllib3.connection.HTTPConnection object at 0x7efc9779aa20>: Failed to establish a new connection: [Errno -2] Name or service not known',))
HTTPConnectionPool(host='www.dieei.unict.itcorsi', port=80): Max retries exceeded with url: /l-8-inf (Caused by NewConnectionError('<urllib3.connection.HTTPConnection object at 0x7efc9779aef0>: Failed to establish a new connection: [Errno -2] Name or service not known',))
HTTPConnectionPool(host='www.dieei.unict.itcorsi', port=80): Max retries exceeded with url: /lm-25 (Caused by NewConnectionError('<urllib3.connection.HTTPConnection object at 0x7efc9779aa20>: Failed to establish a new connection: [Errno -2] Name or service not known',))
HTTPConnectionPool(host='www.dieei.unict.itcorsi', port=80): Max retries exceeded with url: /lm-28 (Caused by NewConnectionError('<urllib3.connection.HTTPConnection object at 0x7efcb4266048>: Failed to establish a new connection: [Errno -2] Name or service not known',))
HTTPConnectionPool(host='www.dieei.unict.itcorsi', port=80): Max retries exceeded with url: /lm-29 (Caused by NewConnectionError('<urllib3.connection.HTTPConnection object at 0x7efc9779a0b8>: Failed to establish a new connection: [Errno -2] Name or service not known',))
HTTPConnectionPool(host='www.dieei.unict.itcorsi', port=80): Max retries exceeded with url: /lm-27 (Caused by NewConnectionError('<urllib3.connection.HTTPConnection object at 0x7efc9779a438>: Failed to establish a new connection: [Errno -2] Name or service not known',))
HTTPConnectionPool(host='www.dieei.unict.itcorsi', port=80): Max retries exceeded with url: /lm-32 (Caused by NewConnectionError('<urllib3.connection.HTTPConnection object at 0x7efcb4287390>: Failed to establish a new connection: [Errno -2] Name or service not known',))
HTTPConnectionPool(host='web.dmi.unict.itcorsi', port=80): Max retries exceeded with url: /l-31 (Caused by NewConnectionError('<urllib3.connection.HTTPConnection object at 0x7fa9f8765cf8>: Failed to establish a new connection: [Errno -2] Name or service not known',))
HTTPConnectionPool(host='web.dmi.unict.itcorsi', port=80): Max retries exceeded with url: /l-35 (Caused by NewConnectionError('<urllib3.connection.HTTPConnection object at 0x7fa9f8765cc0>: Failed to establish a new connection: [Errno -2] Name or service not known',))
HTTPConnectionPool(host='web.dmi.unict.itcorsi', port=80): Max retries exceeded with url: /lm-18 (Caused by NewConnectionError('<urllib3.connection.HTTPConnection object at 0x7fa9f8765dd8>: Failed to establish a new connection: [Errno -2] Name or service not known',))
HTTPConnectionPool(host='web.dmi.unict.itcorsi', port=80): Max retries exceeded with url: /lm-40 (Caused by NewConnectionError('<urllib3.connection.HTTPConnection object at 0x7fa9f8765e48>: Failed to establish a new connection: [Errno -2] Name or service not known',))
HTTPConnectionPool(host='web.dmi.unict.itcorsi', port=80): Max retries exceeded with url: /l-31 (Caused by NewConnectionError('<urllib3.connection.HTTPConnection object at 0x7fa9f86722e8>: Failed to establish a new connection: [Errno -2] Name or service not known',))
HTTPConnectionPool(host='web.dmi.unict.itcorsi', port=80): Max retries exceeded with url: /l-35 (Caused by NewConnectionError('<urllib3.connection.HTTPConnection object at 0x7fa9f86720f0>: Failed to establish a new connection: [Errno -2] Name or service not known',))
HTTPConnectionPool(host='web.dmi.unict.itcorsi', port=80): Max retries exceeded with url: /lm-18 (Caused by NewConnectionError('<urllib3.connection.HTTPConnection object at 0x7fa9f86752e8>: Failed to establish a new connection: [Errno -2] Name or service not known',))
HTTPConnectionPool(host='web.dmi.unict.itcorsi', port=80): Max retries exceeded with url: /lm-40 (Caused by NewConnectionError('<urllib3.connection.HTTPConnection object at 0x7fa9f86750f0>: Failed to establish a new connection: [Errno -2] Name or service not known',))
HTTPConnectionPool(host='www.dieei.unict.itcorsi', port=80): Max retries exceeded with url: /l-8-ele (Caused by NewConnectionError('<urllib3.connection.HTTPConnection object at 0x7fa9f8618d30>: Failed to establish a new connection: [Errno -2] Name or service not known',))
HTTPConnectionPool(host='www.dieei.unict.itcorsi', port=80): Max retries exceeded with url: /l-9 (Caused by NewConnectionError('<urllib3.connection.HTTPConnection object at 0x7fa9f861c278>: Failed to establish a new connection: [Errno -2] Name or service not known',))
HTTPConnectionPool(host='www.dieei.unict.itcorsi', port=80): Max retries exceeded with url: /l-8-inf (Caused by NewConnectionError('<urllib3.connection.HTTPConnection object at 0x7fa9f861c1d0>: Failed to establish a new connection: [Errno -2] Name or service not known',))
HTTPConnectionPool(host='www.dieei.unict.itcorsi', port=80): Max retries exceeded with url: /lm-25 (Caused by NewConnectionError('<urllib3.connection.HTTPConnection object at 0x7fa9fb6b7e48>: Failed to establish a new connection: [Errno -2] Name or service not known',))
HTTPConnectionPool(host='www.dieei.unict.itcorsi', port=80): Max retries exceeded with url: /lm-28 (Caused by NewConnectionError('<urllib3.connection.HTTPConnection object at 0x7fa9f861c0b8>: Failed to establish a new connection: [Errno -2] Name or service not known',))
HTTPConnectionPool(host='www.dieei.unict.itcorsi', port=80): Max retries exceeded with url: /lm-29 (Caused by NewConnectionError('<urllib3.connection.HTTPConnection object at 0x7fa9fb6b29b0>: Failed to establish a new connection: [Errno -2] Name or service not known',))
HTTPConnectionPool(host='www.dieei.unict.itcorsi', port=80): Max retries exceeded with url: /lm-27 (Caused by NewConnectionError('<urllib3.connection.HTTPConnection object at 0x7fa9fb6b2c88>: Failed to establish a new connection: [Errno -2] Name or service not known',))
HTTPConnectionPool(host='www.dieei.unict.itcorsi', port=80): Max retries exceeded with url: /lm-32 (Caused by NewConnectionError('<urllib3.connection.HTTPConnection object at 0x7fa9fb6b28d0>: Failed to establish a new connection: [Errno -2] Name or service not known',))
HTTPConnectionPool(host='www.dieei.unict.itcorsi', port=80): Max retries exceeded with url: /l-8-ele (Caused by NewConnectionError('<urllib3.connection.HTTPConnection object at 0x7fa9f861ff28>: Failed to establish a new connection: [Errno -2] Name or service not known',))
HTTPConnectionPool(host='www.dieei.unict.itcorsi', port=80): Max retries exceeded with url: /l-9 (Caused by NewConnectionError('<urllib3.connection.HTTPConnection object at 0x7fa9f861f128>: Failed to establish a new connection: [Errno -2] Name or service not known',))
HTTPConnectionPool(host='www.dieei.unict.itcorsi', port=80): Max retries exceeded with url: /l-8-inf (Caused by NewConnectionError('<urllib3.connection.HTTPConnection object at 0x7fa9f861f160>: Failed to establish a new connection: [Errno -2] Name or service not known',))
HTTPConnectionPool(host='www.dieei.unict.itcorsi', port=80): Max retries exceeded with url: /lm-25 (Caused by NewConnectionError('<urllib3.connection.HTTPConnection object at 0x7fa9f861f240>: Failed to establish a new connection: [Errno -2] Name or service not known',))
HTTPConnectionPool(host='www.dieei.unict.itcorsi', port=80): Max retries exceeded with url: /lm-28 (Caused by NewConnectionError('<urllib3.connection.HTTPConnection object at 0x7fa9f861f128>: Failed to establish a new connection: [Errno -2] Name or service not known',))
HTTPConnectionPool(host='www.dieei.unict.itcorsi', port=80): Max retries exceeded with url: /lm-29 (Caused by NewConnectionError('<urllib3.connection.HTTPConnection object at 0x7fa9f861f2b0>: Failed to establish a new connection: [Errno -2] Name or service not known',))
HTTPConnectionPool(host='www.dieei.unict.itcorsi', port=80): Max retries exceeded with url: /lm-27 (Caused by NewConnectionError('<urllib3.connection.HTTPConnection object at 0x7fa9f861f128>: Failed to establish a new connection: [Errno -2] Name or service not known',))
HTTPConnectionPool(host='www.dieei.unict.itcorsi', port=80): Max retries exceeded with url: /lm-32 (Caused by NewConnectionError('<urllib3.connection.HTTPConnection object at 0x7fa9f87cd278>: Failed to establish a new connection: [Errno -2] Name or service not known',))
HTTPConnectionPool(host='web.dmi.unict.itcorsi', port=80): Max retries exceeded with url: /l-31 (Caused by NewConnectionError('<urllib3.connection.HTTPConnection object at 0x7f4c0436a668>: Failed to establish a new connection: [Errno -2] Name or service not known',))
HTTPConnectionPool(host='web.dmi.unict.itcorsi', port=80): Max retries exceeded with url: /l-35 (Caused by NewConnectionError('<urllib3.connection.HTTPConnection object at 0x7f4c0436ad30>: Failed to establish a new connection: [Errno -2] Name or service not known',))
HTTPConnectionPool(host='web.dmi.unict.itcorsi', port=80): Max retries exceeded with url: /lm-18 (Caused by NewConnectionError('<urllib3.connection.HTTPConnection object at 0x7f4c0436add8>: Failed to establish a new connection: [Errno -2] Name or service not known',))
HTTPConnectionPool(host='web.dmi.unict.itcorsi', port=80): Max retries exceeded with url: /lm-40 (Caused by NewConnectionError('<urllib3.connection.HTTPConnection object at 0x7f4c0436ab00>: Failed to establish a new connection: [Errno -2] Name or service not known',))
HTTPConnectionPool(host='web.dmi.unict.itcorsi', port=80): Max retries exceeded with url: /l-31 (Caused by NewConnectionError('<urllib3.connection.HTTPConnection object at 0x7f4c04277358>: Failed to establish a new connection: [Errno -2] Name or service not known',))
HTTPConnectionPool(host='web.dmi.unict.itcorsi', port=80): Max retries exceeded with url: /l-35 (Caused by NewConnectionError('<urllib3.connection.HTTPConnection object at 0x7f4c04277160>: Failed to establish a new connection: [Errno -2] Name or service not known',))
HTTPConnectionPool(host='web.dmi.unict.itcorsi', port=80): Max retries exceeded with url: /lm-18 (Caused by NewConnectionError('<urllib3.connection.HTTPConnection object at 0x7f4c0427a358>: Failed to establish a new connection: [Errno -2] Name or service not known',))
HTTPConnectionPool(host='web.dmi.unict.itcorsi', port=80): Max retries exceeded with url: /lm-40 (Caused by NewConnectionError('<urllib3.connection.HTTPConnection object at 0x7f4c0427a160>: Failed to establish a new connection: [Errno -2] Name or service not known',))
HTTPConnectionPool(host='www.dieei.unict.itcorsi', port=80): Max retries exceeded with url: /l-8-ele (Caused by NewConnectionError('<urllib3.connection.HTTPConnection object at 0x7f4c043d83c8>: Failed to establish a new connection: [Errno -2] Name or service not known',))
HTTPConnectionPool(host='www.dieei.unict.itcorsi', port=80): Max retries exceeded with url: /l-9 (Caused by NewConnectionError('<urllib3.connection.HTTPConnection object at 0x7f4c0413f320>: Failed to establish a new connection: [Errno -2] Name or service not known',))
HTTPConnectionPool(host='www.dieei.unict.itcorsi', port=80): Max retries exceeded with url: /l-8-inf (Caused by NewConnectionError('<urllib3.connection.HTTPConnection object at 0x7f4c0413f160>: Failed to establish a new connection: [Errno -2] Name or service not known',))
HTTPConnectionPool(host='www.dieei.unict.itcorsi', port=80): Max retries exceeded with url: /lm-25 (Caused by NewConnectionError('<urllib3.connection.HTTPConnection object at 0x7f4c06253588>: Failed to establish a new connection: [Errno -2] Name or service not known',))
HTTPConnectionPool(host='www.dieei.unict.itcorsi', port=80): Max retries exceeded with url: /lm-28 (Caused by NewConnectionError('<urllib3.connection.HTTPConnection object at 0x7f4c06253780>: Failed to establish a new connection: [Errno -2] Name or service not known',))
HTTPConnectionPool(host='www.dieei.unict.itcorsi', port=80): Max retries exceeded with url: /lm-29 (Caused by NewConnectionError('<urllib3.connection.HTTPConnection object at 0x7f4c062534e0>: Failed to establish a new connection: [Errno -2] Name or service not known',))
HTTPConnectionPool(host='www.dieei.unict.itcorsi', port=80): Max retries exceeded with url: /lm-27 (Caused by NewConnectionError('<urllib3.connection.HTTPConnection object at 0x7f4c06253cc0>: Failed to establish a new connection: [Errno -2] Name or service not known',))
HTTPConnectionPool(host='www.dieei.unict.itcorsi', port=80): Max retries exceeded with url: /lm-32 (Caused by NewConnectionError('<urllib3.connection.HTTPConnection object at 0x7f4c062530b8>: Failed to establish a new connection: [Errno -2] Name or service not known',))
HTTPConnectionPool(host='www.dieei.unict.itcorsi', port=80): Max retries exceeded with url: /l-8-ele (Caused by NewConnectionError('<urllib3.connection.HTTPConnection object at 0x7f4bf571d3c8>: Failed to establish a new connection: [Errno -2] Name or service not known',))
HTTPConnectionPool(host='www.dieei.unict.itcorsi', port=80): Max retries exceeded with url: /l-9 (Caused by NewConnectionError('<urllib3.connection.HTTPConnection object at 0x7f4bf571d320>: Failed to establish a new connection: [Errno -2] Name or service not known',))
HTTPConnectionPool(host='www.dieei.unict.itcorsi', port=80): Max retries exceeded with url: /l-8-inf (Caused by NewConnectionError('<urllib3.connection.HTTPConnection object at 0x7f4bf571d0b8>: Failed to establish a new connection: [Errno -2] Name or service not known',))
HTTPConnectionPool(host='www.dieei.unict.itcorsi', port=80): Max retries exceeded with url: /lm-25 (Caused by NewConnectionError('<urllib3.connection.HTTPConnection object at 0x7f4bf571d128>: Failed to establish a new connection: [Errno -2] Name or service not known',))
HTTPConnectionPool(host='www.dieei.unict.itcorsi', port=80): Max retries exceeded with url: /lm-28 (Caused by NewConnectionError('<urllib3.connection.HTTPConnection object at 0x7f4bf571d0b8>: Failed to establish a new connection: [Errno -2] Name or service not known',))
HTTPConnectionPool(host='www.dieei.unict.itcorsi', port=80): Max retries exceeded with url: /lm-29 (Caused by NewConnectionError('<urllib3.connection.HTTPConnection object at 0x7f4bf571d278>: Failed to establish a new connection: [Errno -2] Name or service not known',))
HTTPConnectionPool(host='www.dieei.unict.itcorsi', port=80): Max retries exceeded with url: /lm-27 (Caused by NewConnectionError('<urllib3.connection.HTTPConnection object at 0x7f4c062b8438>: Failed to establish a new connection: [Errno -2] Name or service not known',))
HTTPConnectionPool(host='www.dieei.unict.itcorsi', port=80): Max retries exceeded with url: /lm-32 (Caused by NewConnectionError('<urllib3.connection.HTTPConnection object at 0x7f4c062b8080>: Failed to establish a new connection: [Errno -2] Name or service not known',))
HTTPConnectionPool(host='web.dmi.unict.itcorsi', port=80): Max retries exceeded with url: /l-31 (Caused by NewConnectionError('<urllib3.connection.HTTPConnection object at 0x7f916c279668>: Failed to establish a new connection: [Errno -2] Name or service not known',))
HTTPConnectionPool(host='web.dmi.unict.itcorsi', port=80): Max retries exceeded with url: /l-35 (Caused by NewConnectionError('<urllib3.connection.HTTPConnection object at 0x7f916c279d30>: Failed to establish a new connection: [Errno -2] Name or service not known',))
HTTPConnectionPool(host='web.dmi.unict.itcorsi', port=80): Max retries exceeded with url: /lm-18 (Caused by NewConnectionError('<urllib3.connection.HTTPConnection object at 0x7f916c279dd8>: Failed to establish a new connection: [Errno -2] Name or service not known',))
HTTPConnectionPool(host='web.dmi.unict.itcorsi', port=80): Max retries exceeded with url: /lm-40 (Caused by NewConnectionError('<urllib3.connection.HTTPConnection object at 0x7f916c279b00>: Failed to establish a new connection: [Errno -2] Name or service not known',))
HTTPConnectionPool(host='web.dmi.unict.itcorsi', port=80): Max retries exceeded with url: /l-31 (Caused by NewConnectionError('<urllib3.connection.HTTPConnection object at 0x7f916c185320>: Failed to establish a new connection: [Errno -2] Name or service not known',))
HTTPConnectionPool(host='web.dmi.unict.itcorsi', port=80): Max retries exceeded with url: /l-35 (Caused by NewConnectionError('<urllib3.connection.HTTPConnection object at 0x7f916c185128>: Failed to establish a new connection: [Errno -2] Name or service not known',))
HTTPConnectionPool(host='web.dmi.unict.itcorsi', port=80): Max retries exceeded with url: /lm-18 (Caused by NewConnectionError('<urllib3.connection.HTTPConnection object at 0x7f916c188320>: Failed to establish a new connection: [Errno -2] Name or service not known',))
HTTPConnectionPool(host='web.dmi.unict.itcorsi', port=80): Max retries exceeded with url: /lm-40 (Caused by NewConnectionError('<urllib3.connection.HTTPConnection object at 0x7f916c188320>: Failed to establish a new connection: [Errno -2] Name or service not known',))
HTTPConnectionPool(host='www.dieei.unict.itcorsi', port=80): Max retries exceeded with url: /l-8-ele (Caused by NewConnectionError('<urllib3.connection.HTTPConnection object at 0x7f916c2aa3c8>: Failed to establish a new connection: [Errno -2] Name or service not known',))
HTTPConnectionPool(host='www.dieei.unict.itcorsi', port=80): Max retries exceeded with url: /l-9 (Caused by NewConnectionError('<urllib3.connection.HTTPConnection object at 0x7f916c2aa0b8>: Failed to establish a new connection: [Errno -2] Name or service not known',))
HTTPConnectionPool(host='www.dieei.unict.itcorsi', port=80): Max retries exceeded with url: /l-8-inf (Caused by NewConnectionError('<urllib3.connection.HTTPConnection object at 0x7f916c2aa5c0>: Failed to establish a new connection: [Errno -2] Name or service not known',))
HTTPConnectionPool(host='www.dieei.unict.itcorsi', port=80): Max retries exceeded with url: /lm-25 (Caused by NewConnectionError('<urllib3.connection.HTTPConnection object at 0x7f916c2aa518>: Failed to establish a new connection: [Errno -2] Name or service not known',))
HTTPConnectionPool(host='www.dieei.unict.itcorsi', port=80): Max retries exceeded with url: /lm-28 (Caused by NewConnectionError('<urllib3.connection.HTTPConnection object at 0x7f916c2aa0b8>: Failed to establish a new connection: [Errno -2] Name or service not known',))
HTTPConnectionPool(host='www.dieei.unict.itcorsi', port=80): Max retries exceeded with url: /lm-29 (Caused by NewConnectionError('<urllib3.connection.HTTPConnection object at 0x7f916c2aa5c0>: Failed to establish a new connection: [Errno -2] Name or service not known',))
HTTPConnectionPool(host='www.dieei.unict.itcorsi', port=80): Max retries exceeded with url: /lm-27 (Caused by NewConnectionError('<urllib3.connection.HTTPConnection object at 0x7f916c2aa080>: Failed to establish a new connection: [Errno -2] Name or service not known',))
HTTPConnectionPool(host='www.dieei.unict.itcorsi', port=80): Max retries exceeded with url: /lm-32 (Caused by NewConnectionError('<urllib3.connection.HTTPConnection object at 0x7f916c2aa630>: Failed to establish a new connection: [Errno -2] Name or service not known',))
HTTPConnectionPool(host='www.dieei.unict.itcorsi', port=80): Max retries exceeded with url: /l-8-ele (Caused by NewConnectionError('<urllib3.connection.HTTPConnection object at 0x7f916c08cf28>: Failed to establish a new connection: [Errno -2] Name or service not known',))
HTTPConnectionPool(host='www.dieei.unict.itcorsi', port=80): Max retries exceeded with url: /l-9 (Caused by NewConnectionError('<urllib3.connection.HTTPConnection object at 0x7f916c08ce10>: Failed to establish a new connection: [Errno -2] Name or service not known',))
HTTPConnectionPool(host='www.dieei.unict.itcorsi', port=80): Max retries exceeded with url: /l-8-inf (Caused by NewConnectionError('<urllib3.connection.HTTPConnection object at 0x7f916c08cfd0>: Failed to establish a new connection: [Errno -2] Name or service not known',))
HTTPConnectionPool(host='www.dieei.unict.itcorsi', port=80): Max retries exceeded with url: /lm-25 (Caused by NewConnectionError('<urllib3.connection.HTTPConnection object at 0x7f916c08cda0>: Failed to establish a new connection: [Errno -2] Name or service not known',))
HTTPConnectionPool(host='www.dieei.unict.itcorsi', port=80): Max retries exceeded with url: /lm-28 (Caused by NewConnectionError('<urllib3.connection.HTTPConnection object at 0x7f916c08ce10>: Failed to establish a new connection: [Errno -2] Name or service not known',))
HTTPConnectionPool(host='www.dieei.unict.itcorsi', port=80): Max retries exceeded with url: /lm-29 (Caused by NewConnectionError('<urllib3.connection.HTTPConnection object at 0x7f916c08cb70>: Failed to establish a new connection: [Errno -2] Name or service not known',))
HTTPConnectionPool(host='www.dieei.unict.itcorsi', port=80): Max retries exceeded with url: /lm-27 (Caused by NewConnectionError('<urllib3.connection.HTTPConnection object at 0x7f916c1494e0>: Failed to establish a new connection: [Errno -2] Name or service not known',))
HTTPConnectionPool(host='www.dieei.unict.itcorsi', port=80): Max retries exceeded with url: /lm-32 (Caused by NewConnectionError('<urllib3.connection.HTTPConnection object at 0x7f916c08cf98>: Failed to establish a new connection: [Errno -2] Name or service not known',))
HTTPConnectionPool(host='web.dmi.unict.itcorsi', port=80): Max retries exceeded with url: /l-31 (Caused by NewConnectionError('<urllib3.connection.HTTPConnection object at 0x7f103472e400>: Failed to establish a new connection: [Errno -2] Name or service not known',))
HTTPConnectionPool(host='web.dmi.unict.itcorsi', port=80): Max retries exceeded with url: /l-35 (Caused by NewConnectionError('<urllib3.connection.HTTPConnection object at 0x7f1030017ac8>: Failed to establish a new connection: [Errno -2] Name or service not known',))
HTTPConnectionPool(host='web.dmi.unict.itcorsi', port=80): Max retries exceeded with url: /lm-18 (Caused by NewConnectionError('<urllib3.connection.HTTPConnection object at 0x7f1030017d68>: Failed to establish a new connection: [Errno -2] Name or service not known',))
HTTPConnectionPool(host='web.dmi.unict.itcorsi', port=80): Max retries exceeded with url: /lm-40 (Caused by NewConnectionError('<urllib3.connection.HTTPConnection object at 0x7f1030017cf8>: Failed to establish a new connection: [Errno -2] Name or service not known',))
HTTPConnectionPool(host='web.dmi.unict.itcorsi', port=80): Max retries exceeded with url: /l-31 (Caused by NewConnectionError('<urllib3.connection.HTTPConnection object at 0x7f1013f1d320>: Failed to establish a new connection: [Errno -2] Name or service not known',))
HTTPConnectionPool(host='web.dmi.unict.itcorsi', port=80): Max retries exceeded with url: /l-35 (Caused by NewConnectionError('<urllib3.connection.HTTPConnection object at 0x7f1013f1d128>: Failed to establish a new connection: [Errno -2] Name or service not known',))
HTTPConnectionPool(host='web.dmi.unict.itcorsi', port=80): Max retries exceeded with url: /lm-18 (Caused by NewConnectionError('<urllib3.connection.HTTPConnection object at 0x7f1013f1d0f0>: Failed to establish a new connection: [Errno -2] Name or service not known',))
HTTPConnectionPool(host='web.dmi.unict.itcorsi', port=80): Max retries exceeded with url: /lm-40 (Caused by NewConnectionError('<urllib3.connection.HTTPConnection object at 0x7f1013f1d0b8>: Failed to establish a new connection: [Errno -2] Name or service not known',))
HTTPConnectionPool(host='www.dieei.unict.itcorsi', port=80): Max retries exceeded with url: /l-8-ele (Caused by NewConnectionError('<urllib3.connection.HTTPConnection object at 0x7f1013f9d978>: Failed to establish a new connection: [Errno -2] Name or service not known',))
HTTPConnectionPool(host='www.dieei.unict.itcorsi', port=80): Max retries exceeded with url: /l-9 (Caused by NewConnectionError('<urllib3.connection.HTTPConnection object at 0x7f10300296a0>: Failed to establish a new connection: [Errno -2] Name or service not known',))
HTTPConnectionPool(host='www.dieei.unict.itcorsi', port=80): Max retries exceeded with url: /l-8-inf (Caused by NewConnectionError('<urllib3.connection.HTTPConnection object at 0x7f1013fbe358>: Failed to establish a new connection: [Errno -2] Name or service not known',))
HTTPConnectionPool(host='www.dieei.unict.itcorsi', port=80): Max retries exceeded with url: /lm-25 (Caused by NewConnectionError('<urllib3.connection.HTTPConnection object at 0x7f1013fbe278>: Failed to establish a new connection: [Errno -2] Name or service not known',))
HTTPConnectionPool(host='www.dieei.unict.itcorsi', port=80): Max retries exceeded with url: /lm-28 (Caused by NewConnectionError('<urllib3.connection.HTTPConnection object at 0x7f10347577b8>: Failed to establish a new connection: [Errno -2] Name or service not known',))
HTTPConnectionPool(host='www.dieei.unict.itcorsi', port=80): Max retries exceeded with url: /lm-29 (Caused by NewConnectionError('<urllib3.connection.HTTPConnection object at 0x7f1034757c18>: Failed to establish a new connection: [Errno -2] Name or service not known',))
HTTPConnectionPool(host='www.dieei.unict.itcorsi', port=80): Max retries exceeded with url: /lm-27 (Caused by NewConnectionError('<urllib3.connection.HTTPConnection object at 0x7f1034757438>: Failed to establish a new connection: [Errno -2] Name or service not known',))
HTTPConnectionPool(host='www.dieei.unict.itcorsi', port=80): Max retries exceeded with url: /lm-32 (Caused by NewConnectionError('<urllib3.connection.HTTPConnection object at 0x7f10347577b8>: Failed to establish a new connection: [Errno -2] Name or service not known',))
HTTPConnectionPool(host='www.dieei.unict.itcorsi', port=80): Max retries exceeded with url: /l-8-ele (Caused by NewConnectionError('<urllib3.connection.HTTPConnection object at 0x7f1013ca2c88>: Failed to establish a new connection: [Errno -2] Name or service not known',))
HTTPConnectionPool(host='www.dieei.unict.itcorsi', port=80): Max retries exceeded with url: /l-9 (Caused by NewConnectionError('<urllib3.connection.HTTPConnection object at 0x7f1013ca23c8>: Failed to establish a new connection: [Errno -2] Name or service not known',))
HTTPConnectionPool(host='www.dieei.unict.itcorsi', port=80): Max retries exceeded with url: /l-8-inf (Caused by NewConnectionError('<urllib3.connection.HTTPConnection object at 0x7f1013ca2da0>: Failed to establish a new connection: [Errno -2] Name or service not known',))
HTTPConnectionPool(host='www.dieei.unict.itcorsi', port=80): Max retries exceeded with url: /lm-25 (Caused by NewConnectionError('<urllib3.connection.HTTPConnection object at 0x7f1013ca2c50>: Failed to establish a new connection: [Errno -2] Name or service not known',))
HTTPConnectionPool(host='www.dieei.unict.itcorsi', port=80): Max retries exceeded with url: /lm-28 (Caused by NewConnectionError('<urllib3.connection.HTTPConnection object at 0x7f1013ca23c8>: Failed to establish a new connection: [Errno -2] Name or service not known',))
HTTPConnectionPool(host='www.dieei.unict.itcorsi', port=80): Max retries exceeded with url: /lm-29 (Caused by NewConnectionError('<urllib3.connection.HTTPConnection object at 0x7f1013ca2da0>: Failed to establish a new connection: [Errno -2] Name or service not known',))
HTTPConnectionPool(host='www.dieei.unict.itcorsi', port=80): Max retries exceeded with url: /lm-27 (Caused by NewConnectionError('<urllib3.connection.HTTPConnection object at 0x7f1013ca2390>: Failed to establish a new connection: [Errno -2] Name or service not known',))
HTTPConnectionPool(host='www.dieei.unict.itcorsi', port=80): Max retries exceeded with url: /lm-32 (Caused by NewConnectionError('<urllib3.connection.HTTPConnection object at 0x7f1013ca23c8>: Failed to establish a new connection: [Errno -2] Name or service not known',))
HTTPConnectionPool(host='web.dmi.unict.itcorsi', port=80): Max retries exceeded with url: /l-31 (Caused by NewConnectionError('<urllib3.connection.HTTPConnection object at 0x7f8284365cf8>: Failed to establish a new connection: [Errno -2] Name or service not known',))
HTTPConnectionPool(host='web.dmi.unict.itcorsi', port=80): Max retries exceeded with url: /l-35 (Caused by NewConnectionError('<urllib3.connection.HTTPConnection object at 0x7f8284365cf8>: Failed to establish a new connection: [Errno -2] Name or service not known',))
HTTPConnectionPool(host='web.dmi.unict.itcorsi', port=80): Max retries exceeded with url: /lm-18 (Caused by NewConnectionError('<urllib3.connection.HTTPConnection object at 0x7f8284365e48>: Failed to establish a new connection: [Errno -2] Name or service not known',))
HTTPConnectionPool(host='web.dmi.unict.itcorsi', port=80): Max retries exceeded with url: /lm-40 (Caused by NewConnectionError('<urllib3.connection.HTTPConnection object at 0x7f8284365ac8>: Failed to establish a new connection: [Errno -2] Name or service not known',))
HTTPConnectionPool(host='web.dmi.unict.itcorsi', port=80): Max retries exceeded with url: /l-31 (Caused by NewConnectionError('<urllib3.connection.HTTPConnection object at 0x7f82842722e8>: Failed to establish a new connection: [Errno -2] Name or service not known',))
HTTPConnectionPool(host='web.dmi.unict.itcorsi', port=80): Max retries exceeded with url: /l-35 (Caused by NewConnectionError('<urllib3.connection.HTTPConnection object at 0x7f82842720f0>: Failed to establish a new connection: [Errno -2] Name or service not known',))
HTTPConnectionPool(host='web.dmi.unict.itcorsi', port=80): Max retries exceeded with url: /lm-18 (Caused by NewConnectionError('<urllib3.connection.HTTPConnection object at 0x7f82842752e8>: Failed to establish a new connection: [Errno -2] Name or service not known',))
HTTPConnectionPool(host='web.dmi.unict.itcorsi', port=80): Max retries exceeded with url: /lm-40 (Caused by NewConnectionError('<urllib3.connection.HTTPConnection object at 0x7f82842752e8>: Failed to establish a new connection: [Errno -2] Name or service not known',))
HTTPConnectionPool(host='www.dieei.unict.itcorsi', port=80): Max retries exceeded with url: /l-8-ele (Caused by NewConnectionError('<urllib3.connection.HTTPConnection object at 0x7f828416f978>: Failed to establish a new connection: [Errno -2] Name or service not known',))
HTTPConnectionPool(host='www.dieei.unict.itcorsi', port=80): Max retries exceeded with url: /l-9 (Caused by NewConnectionError('<urllib3.connection.HTTPConnection object at 0x7f82757192e8>: Failed to establish a new connection: [Errno -2] Name or service not known',))
HTTPConnectionPool(host='www.dieei.unict.itcorsi', port=80): Max retries exceeded with url: /l-8-inf (Caused by NewConnectionError('<urllib3.connection.HTTPConnection object at 0x7f8275719128>: Failed to establish a new connection: [Errno -2] Name or service not known',))
HTTPConnectionPool(host='www.dieei.unict.itcorsi', port=80): Max retries exceeded with url: /lm-25 (Caused by NewConnectionError('<urllib3.connection.HTTPConnection object at 0x7f8275719390>: Failed to establish a new connection: [Errno -2] Name or service not known',))
HTTPConnectionPool(host='www.dieei.unict.itcorsi', port=80): Max retries exceeded with url: /lm-28 (Caused by NewConnectionError('<urllib3.connection.HTTPConnection object at 0x7f8286254668>: Failed to establish a new connection: [Errno -2] Name or service not known',))
HTTPConnectionPool(host='www.dieei.unict.itcorsi', port=80): Max retries exceeded with url: /lm-29 (Caused by NewConnectionError('<urllib3.connection.HTTPConnection object at 0x7f8286254b70>: Failed to establish a new connection: [Errno -2] Name or service not known',))
HTTPConnectionPool(host='www.dieei.unict.itcorsi', port=80): Max retries exceeded with url: /lm-27 (Caused by NewConnectionError('<urllib3.connection.HTTPConnection object at 0x7f8286254eb8>: Failed to establish a new connection: [Errno -2] Name or service not known',))
HTTPConnectionPool(host='www.dieei.unict.itcorsi', port=80): Max retries exceeded with url: /lm-32 (Caused by NewConnectionError('<urllib3.connection.HTTPConnection object at 0x7f8286254d68>: Failed to establish a new connection: [Errno -2] Name or service not known',))
HTTPConnectionPool(host='www.dieei.unict.itcorsi', port=80): Max retries exceeded with url: /l-8-ele (Caused by NewConnectionError('<urllib3.connection.HTTPConnection object at 0x7f8275780e80>: Failed to establish a new connection: [Errno -2] Name or service not known',))
HTTPConnectionPool(host='www.dieei.unict.itcorsi', port=80): Max retries exceeded with url: /l-9 (Caused by NewConnectionError('<urllib3.connection.HTTPConnection object at 0x7f82757809e8>: Failed to establish a new connection: [Errno -2] Name or service not known',))
HTTPConnectionPool(host='www.dieei.unict.itcorsi', port=80): Max retries exceeded with url: /l-8-inf (Caused by NewConnectionError('<urllib3.connection.HTTPConnection object at 0x7f8275780898>: Failed to establish a new connection: [Errno -2] Name or service not known',))
HTTPConnectionPool(host='www.dieei.unict.itcorsi', port=80): Max retries exceeded with url: /lm-25 (Caused by NewConnectionError('<urllib3.connection.HTTPConnection object at 0x7f8275780630>: Failed to establish a new connection: [Errno -2] Name or service not known',))
HTTPConnectionPool(host='www.dieei.unict.itcorsi', port=80): Max retries exceeded with url: /lm-28 (Caused by NewConnectionError('<urllib3.connection.HTTPConnection object at 0x7f82757809e8>: Failed to establish a new connection: [Errno -2] Name or service not known',))
HTTPConnectionPool(host='www.dieei.unict.itcorsi', port=80): Max retries exceeded with url: /lm-29 (Caused by NewConnectionError('<urllib3.connection.HTTPConnection object at 0x7f8275780898>: Failed to establish a new connection: [Errno -2] Name or service not known',))
HTTPConnectionPool(host='www.dieei.unict.itcorsi', port=80): Max retries exceeded with url: /lm-27 (Caused by NewConnectionError('<urllib3.connection.HTTPConnection object at 0x7f82757809e8>: Failed to establish a new connection: [Errno -2] Name or service not known',))
HTTPConnectionPool(host='www.dieei.unict.itcorsi', port=80): Max retries exceeded with url: /lm-32 (Caused by NewConnectionError('<urllib3.connection.HTTPConnection object at 0x7f8275780898>: Failed to establish a new connection: [Errno -2] Name or service not known',))
HTTPConnectionPool(host='web.dmi.unict.itcorsi', port=80): Max retries exceeded with url: /l-31 (Caused by NewConnectionError('<urllib3.connection.HTTPConnection object at 0x7f9636282128>: Failed to establish a new connection: [Errno -2] Name or service not known',))
HTTPConnectionPool(host='web.dmi.unict.itcorsi', port=80): Max retries exceeded with url: /l-35 (Caused by NewConnectionError('<urllib3.connection.HTTPConnection object at 0x7f9636269eb8>: Failed to establish a new connection: [Errno -2] Name or service not known',))
HTTPConnectionPool(host='web.dmi.unict.itcorsi', port=80): Max retries exceeded with url: /lm-18 (Caused by NewConnectionError('<urllib3.connection.HTTPConnection object at 0x7f9636269cf8>: Failed to establish a new connection: [Errno -2] Name or service not known',))
HTTPConnectionPool(host='web.dmi.unict.itcorsi', port=80): Max retries exceeded with url: /lm-40 (Caused by NewConnectionError('<urllib3.connection.HTTPConnection object at 0x7f9636269c88>: Failed to establish a new connection: [Errno -2] Name or service not known',))
HTTPConnectionPool(host='web.dmi.unict.itcorsi', port=80): Max retries exceeded with url: /l-31 (Caused by NewConnectionError('<urllib3.connection.HTTPConnection object at 0x7f963427d320>: Failed to establish a new connection: [Errno -2] Name or service not known',))
HTTPConnectionPool(host='web.dmi.unict.itcorsi', port=80): Max retries exceeded with url: /l-35 (Caused by NewConnectionError('<urllib3.connection.HTTPConnection object at 0x7f963427d320>: Failed to establish a new connection: [Errno -2] Name or service not known',))
HTTPConnectionPool(host='web.dmi.unict.itcorsi', port=80): Max retries exceeded with url: /lm-18 (Caused by NewConnectionError('<urllib3.connection.HTTPConnection object at 0x7f963427d128>: Failed to establish a new connection: [Errno -2] Name or service not known',))
HTTPConnectionPool(host='web.dmi.unict.itcorsi', port=80): Max retries exceeded with url: /lm-40 (Caused by NewConnectionError('<urllib3.connection.HTTPConnection object at 0x7f963427d0f0>: Failed to establish a new connection: [Errno -2] Name or service not known',))
HTTPConnectionPool(host='www.dieei.unict.itcorsi', port=80): Max retries exceeded with url: /l-8-ele (Caused by NewConnectionError('<urllib3.connection.HTTPConnection object at 0x7f9634283898>: Failed to establish a new connection: [Errno -2] Name or service not known',))
HTTPConnectionPool(host='www.dieei.unict.itcorsi', port=80): Max retries exceeded with url: /l-9 (Caused by NewConnectionError('<urllib3.connection.HTTPConnection object at 0x7f9634283978>: Failed to establish a new connection: [Errno -2] Name or service not known',))
HTTPConnectionPool(host='www.dieei.unict.itcorsi', port=80): Max retries exceeded with url: /l-8-inf (Caused by NewConnectionError('<urllib3.connection.HTTPConnection object at 0x7f96342837b8>: Failed to establish a new connection: [Errno -2] Name or service not known',))
HTTPConnectionPool(host='www.dieei.unict.itcorsi', port=80): Max retries exceeded with url: /lm-25 (Caused by NewConnectionError('<urllib3.connection.HTTPConnection object at 0x7f9634283588>: Failed to establish a new connection: [Errno -2] Name or service not known',))
HTTPConnectionPool(host='www.dieei.unict.itcorsi', port=80): Max retries exceeded with url: /lm-28 (Caused by NewConnectionError('<urllib3.connection.HTTPConnection object at 0x7f96342835c0>: Failed to establish a new connection: [Errno -2] Name or service not known',))
HTTPConnectionPool(host='www.dieei.unict.itcorsi', port=80): Max retries exceeded with url: /lm-29 (Caused by NewConnectionError('<urllib3.connection.HTTPConnection object at 0x7f9634283358>: Failed to establish a new connection: [Errno -2] Name or service not known',))
HTTPConnectionPool(host='www.dieei.unict.itcorsi', port=80): Max retries exceeded with url: /lm-27 (Caused by NewConnectionError('<urllib3.connection.HTTPConnection object at 0x7f9634283518>: Failed to establish a new connection: [Errno -2] Name or service not known',))
HTTPConnectionPool(host='www.dieei.unict.itcorsi', port=80): Max retries exceeded with url: /lm-32 (Caused by NewConnectionError('<urllib3.connection.HTTPConnection object at 0x7f9634283860>: Failed to establish a new connection: [Errno -2] Name or service not known',))
HTTPConnectionPool(host='www.dieei.unict.itcorsi', port=80): Max retries exceeded with url: /l-8-ele (Caused by NewConnectionError('<urllib3.connection.HTTPConnection object at 0x7f96340a5be0>: Failed to establish a new connection: [Errno -2] Name or service not known',))
HTTPConnectionPool(host='www.dieei.unict.itcorsi', port=80): Max retries exceeded with url: /l-9 (Caused by NewConnectionError('<urllib3.connection.HTTPConnection object at 0x7f96340a5cc0>: Failed to establish a new connection: [Errno -2] Name or service not known',))
HTTPConnectionPool(host='www.dieei.unict.itcorsi', port=80): Max retries exceeded with url: /l-8-inf (Caused by NewConnectionError('<urllib3.connection.HTTPConnection object at 0x7f96340a5a58>: Failed to establish a new connection: [Errno -2] Name or service not known',))
HTTPConnectionPool(host='www.dieei.unict.itcorsi', port=80): Max retries exceeded with url: /lm-25 (Caused by NewConnectionError('<urllib3.connection.HTTPConnection object at 0x7f96340a5978>: Failed to establish a new connection: [Errno -2] Name or service not known',))
HTTPConnectionPool(host='www.dieei.unict.itcorsi', port=80): Max retries exceeded with url: /lm-28 (Caused by NewConnectionError('<urllib3.connection.HTTPConnection object at 0x7f96340a5cc0>: Failed to establish a new connection: [Errno -2] Name or service not known',))
HTTPConnectionPool(host='www.dieei.unict.itcorsi', port=80): Max retries exceeded with url: /lm-29 (Caused by NewConnectionError('<urllib3.connection.HTTPConnection object at 0x7f96340a5908>: Failed to establish a new connection: [Errno -2] Name or service not known',))
HTTPConnectionPool(host='www.dieei.unict.itcorsi', port=80): Max retries exceeded with url: /lm-27 (Caused by NewConnectionError('<urllib3.connection.HTTPConnection object at 0x7f96340a5cc0>: Failed to establish a new connection: [Errno -2] Name or service not known',))
HTTPConnectionPool(host='www.dieei.unict.itcorsi', port=80): Max retries exceeded with url: /lm-32 (Caused by NewConnectionError('<urllib3.connection.HTTPConnection object at 0x7f96341ceb38>: Failed to establish a new connection: [Errno -2] Name or service not known',))
HTTPConnectionPool(host='web.dmi.unict.itcorsi', port=80): Max retries exceeded with url: /l-31 (Caused by NewConnectionError('<urllib3.connection.HTTPConnection object at 0x7fb5c1b59080>: Failed to establish a new connection: [Errno -2] Name or service not known',))
HTTPConnectionPool(host='web.dmi.unict.itcorsi', port=80): Max retries exceeded with url: /l-35 (Caused by NewConnectionError('<urllib3.connection.HTTPConnection object at 0x7fb5c1b59518>: Failed to establish a new connection: [Errno -2] Name or service not known',))
HTTPConnectionPool(host='web.dmi.unict.itcorsi', port=80): Max retries exceeded with url: /lm-18 (Caused by NewConnectionError('<urllib3.connection.HTTPConnection object at 0x7fb5c1b40898>: Failed to establish a new connection: [Errno -2] Name or service not known',))
HTTPConnectionPool(host='web.dmi.unict.itcorsi', port=80): Max retries exceeded with url: /lm-40 (Caused by NewConnectionError('<urllib3.connection.HTTPConnection object at 0x7fb5c1b40860>: Failed to establish a new connection: [Errno -2] Name or service not known',))
HTTPConnectionPool(host='web.dmi.unict.itcorsi', port=80): Max retries exceeded with url: /l-31 (Caused by NewConnectionError('<urllib3.connection.HTTPConnection object at 0x7fb5c03552b0>: Failed to establish a new connection: [Errno -2] Name or service not known',))
HTTPConnectionPool(host='web.dmi.unict.itcorsi', port=80): Max retries exceeded with url: /l-35 (Caused by NewConnectionError('<urllib3.connection.HTTPConnection object at 0x7fb5c03550b8>: Failed to establish a new connection: [Errno -2] Name or service not known',))
HTTPConnectionPool(host='web.dmi.unict.itcorsi', port=80): Max retries exceeded with url: /lm-18 (Caused by NewConnectionError('<urllib3.connection.HTTPConnection object at 0x7fb5c03582b0>: Failed to establish a new connection: [Errno -2] Name or service not known',))
HTTPConnectionPool(host='web.dmi.unict.itcorsi', port=80): Max retries exceeded with url: /lm-40 (Caused by NewConnectionError('<urllib3.connection.HTTPConnection object at 0x7fb5c03582b0>: Failed to establish a new connection: [Errno -2] Name or service not known',))
HTTPConnectionPool(host='www.dieei.unict.itcorsi', port=80): Max retries exceeded with url: /l-8-ele (Caused by NewConnectionError('<urllib3.connection.HTTPConnection object at 0x7fb5c02c5c18>: Failed to establish a new connection: [Errno -2] Name or service not known',))
HTTPConnectionPool(host='www.dieei.unict.itcorsi', port=80): Max retries exceeded with url: /l-9 (Caused by NewConnectionError('<urllib3.connection.HTTPConnection object at 0x7fb5c02c5f98>: Failed to establish a new connection: [Errno -2] Name or service not known',))
HTTPConnectionPool(host='www.dieei.unict.itcorsi', port=80): Max retries exceeded with url: /l-8-inf (Caused by NewConnectionError('<urllib3.connection.HTTPConnection object at 0x7fb5c02c5be0>: Failed to establish a new connection: [Errno -2] Name or service not known',))
HTTPConnectionPool(host='www.dieei.unict.itcorsi', port=80): Max retries exceeded with url: /lm-25 (Caused by NewConnectionError('<urllib3.connection.HTTPConnection object at 0x7fb5c03aa320>: Failed to establish a new connection: [Errno -2] Name or service not known',))
HTTPConnectionPool(host='www.dieei.unict.itcorsi', port=80): Max retries exceeded with url: /lm-28 (Caused by NewConnectionError('<urllib3.connection.HTTPConnection object at 0x7fb5c03aa160>: Failed to establish a new connection: [Errno -2] Name or service not known',))
HTTPConnectionPool(host='www.dieei.unict.itcorsi', port=80): Max retries exceeded with url: /lm-29 (Caused by NewConnectionError('<urllib3.connection.HTTPConnection object at 0x7fb5c0368940>: Failed to establish a new connection: [Errno -2] Name or service not known',))
HTTPConnectionPool(host='www.dieei.unict.itcorsi', port=80): Max retries exceeded with url: /lm-27 (Caused by NewConnectionError('<urllib3.connection.HTTPConnection object at 0x7fb5c03aa208>: Failed to establish a new connection: [Errno -2] Name or service not known',))
HTTPConnectionPool(host='www.dieei.unict.itcorsi', port=80): Max retries exceeded with url: /lm-32 (Caused by NewConnectionError('<urllib3.connection.HTTPConnection object at 0x7fb5c0346f98>: Failed to establish a new connection: [Errno -2] Name or service not known',))
HTTPConnectionPool(host='www.dieei.unict.itcorsi', port=80): Max retries exceeded with url: /l-8-ele (Caused by NewConnectionError('<urllib3.connection.HTTPConnection object at 0x7fb5c016ec50>: Failed to establish a new connection: [Errno -2] Name or service not known',))
HTTPConnectionPool(host='www.dieei.unict.itcorsi', port=80): Max retries exceeded with url: /l-9 (Caused by NewConnectionError('<urllib3.connection.HTTPConnection object at 0x7fb5c016e7f0>: Failed to establish a new connection: [Errno -2] Name or service not known',))
HTTPConnectionPool(host='www.dieei.unict.itcorsi', port=80): Max retries exceeded with url: /l-8-inf (Caused by NewConnectionError('<urllib3.connection.HTTPConnection object at 0x7fb5c016e5f8>: Failed to establish a new connection: [Errno -2] Name or service not known',))
HTTPConnectionPool(host='www.dieei.unict.itcorsi', port=80): Max retries exceeded with url: /lm-25 (Caused by NewConnectionError('<urllib3.connection.HTTPConnection object at 0x7fb5c016eb38>: Failed to establish a new connection: [Errno -2] Name or service not known',))
HTTPConnectionPool(host='www.dieei.unict.itcorsi', port=80): Max retries exceeded with url: /lm-28 (Caused by NewConnectionError('<urllib3.connection.HTTPConnection object at 0x7fb5c016e2e8>: Failed to establish a new connection: [Errno -2] Name or service not known',))
HTTPConnectionPool(host='www.dieei.unict.itcorsi', port=80): Max retries exceeded with url: /lm-29 (Caused by NewConnectionError('<urllib3.connection.HTTPConnection object at 0x7fb5c016eeb8>: Failed to establish a new connection: [Errno -2] Name or service not known',))
HTTPConnectionPool(host='www.dieei.unict.itcorsi', port=80): Max retries exceeded with url: /lm-27 (Caused by NewConnectionError('<urllib3.connection.HTTPConnection object at 0x7fb5c016e550>: Failed to establish a new connection: [Errno -2] Name or service not known',))
HTTPConnectionPool(host='www.dieei.unict.itcorsi', port=80): Max retries exceeded with url: /lm-32 (Caused by NewConnectionError('<urllib3.connection.HTTPConnection object at 0x7fb5c016e080>: Failed to establish a new connection: [Errno -2] Name or service not known',))
HTTPConnectionPool(host='web.dmi.unict.itcorsi', port=80): Max retries exceeded with url: /l-31 (Caused by NewConnectionError('<urllib3.connection.HTTPConnection object at 0x7feaac42b668>: Failed to establish a new connection: [Errno -2] Name or service not known',))
HTTPConnectionPool(host='web.dmi.unict.itcorsi', port=80): Max retries exceeded with url: /l-35 (Caused by NewConnectionError('<urllib3.connection.HTTPConnection object at 0x7feaac42bd30>: Failed to establish a new connection: [Errno -2] Name or service not known',))
HTTPConnectionPool(host='web.dmi.unict.itcorsi', port=80): Max retries exceeded with url: /lm-18 (Caused by NewConnectionError('<urllib3.connection.HTTPConnection object at 0x7feaac42bdd8>: Failed to establish a new connection: [Errno -2] Name or service not known',))
HTTPConnectionPool(host='web.dmi.unict.itcorsi', port=80): Max retries exceeded with url: /lm-40 (Caused by NewConnectionError('<urllib3.connection.HTTPConnection object at 0x7feaac42bb00>: Failed to establish a new connection: [Errno -2] Name or service not known',))
HTTPConnectionPool(host='web.dmi.unict.itcorsi', port=80): Max retries exceeded with url: /l-31 (Caused by NewConnectionError('<urllib3.connection.HTTPConnection object at 0x7feaac338358>: Failed to establish a new connection: [Errno -2] Name or service not known',))
HTTPConnectionPool(host='web.dmi.unict.itcorsi', port=80): Max retries exceeded with url: /l-35 (Caused by NewConnectionError('<urllib3.connection.HTTPConnection object at 0x7feaac338160>: Failed to establish a new connection: [Errno -2] Name or service not known',))
HTTPConnectionPool(host='web.dmi.unict.itcorsi', port=80): Max retries exceeded with url: /lm-18 (Caused by NewConnectionError('<urllib3.connection.HTTPConnection object at 0x7feaac33b358>: Failed to establish a new connection: [Errno -2] Name or service not known',))
HTTPConnectionPool(host='web.dmi.unict.itcorsi', port=80): Max retries exceeded with url: /lm-40 (Caused by NewConnectionError('<urllib3.connection.HTTPConnection object at 0x7feaac33b160>: Failed to establish a new connection: [Errno -2] Name or service not known',))
HTTPConnectionPool(host='www.dieei.unict.itcorsi', port=80): Max retries exceeded with url: /l-8-ele (Caused by NewConnectionError('<urllib3.connection.HTTPConnection object at 0x7feaac3d17b8>: Failed to establish a new connection: [Errno -2] Name or service not known',))
HTTPConnectionPool(host='www.dieei.unict.itcorsi', port=80): Max retries exceeded with url: /l-9 (Caused by NewConnectionError('<urllib3.connection.HTTPConnection object at 0x7feaac370f60>: Failed to establish a new connection: [Errno -2] Name or service not known',))
HTTPConnectionPool(host='www.dieei.unict.itcorsi', port=80): Max retries exceeded with url: /l-8-inf (Caused by NewConnectionError('<urllib3.connection.HTTPConnection object at 0x7feaac370fd0>: Failed to establish a new connection: [Errno -2] Name or service not known',))
HTTPConnectionPool(host='www.dieei.unict.itcorsi', port=80): Max retries exceeded with url: /lm-25 (Caused by NewConnectionError('<urllib3.connection.HTTPConnection object at 0x7feaac370d68>: Failed to establish a new connection: [Errno -2] Name or service not known',))
HTTPConnectionPool(host='www.dieei.unict.itcorsi', port=80): Max retries exceeded with url: /lm-28 (Caused by NewConnectionError('<urllib3.connection.HTTPConnection object at 0x7feaac370a90>: Failed to establish a new connection: [Errno -2] Name or service not known',))
HTTPConnectionPool(host='www.dieei.unict.itcorsi', port=80): Max retries exceeded with url: /lm-29 (Caused by NewConnectionError('<urllib3.connection.HTTPConnection object at 0x7feaac370ac8>: Failed to establish a new connection: [Errno -2] Name or service not known',))
HTTPConnectionPool(host='www.dieei.unict.itcorsi', port=80): Max retries exceeded with url: /lm-27 (Caused by NewConnectionError('<urllib3.connection.HTTPConnection object at 0x7feaac370d68>: Failed to establish a new connection: [Errno -2] Name or service not known',))
HTTPConnectionPool(host='www.dieei.unict.itcorsi', port=80): Max retries exceeded with url: /lm-32 (Caused by NewConnectionError('<urllib3.connection.HTTPConnection object at 0x7feaac370a90>: Failed to establish a new connection: [Errno -2] Name or service not known',))
HTTPConnectionPool(host='www.dieei.unict.itcorsi', port=80): Max retries exceeded with url: /l-8-ele (Caused by NewConnectionError('<urllib3.connection.HTTPConnection object at 0x7feaac100940>: Failed to establish a new connection: [Errno -2] Name or service not known',))
HTTPConnectionPool(host='www.dieei.unict.itcorsi', port=80): Max retries exceeded with url: /l-9 (Caused by NewConnectionError('<urllib3.connection.HTTPConnection object at 0x7feaac100630>: Failed to establish a new connection: [Errno -2] Name or service not known',))
HTTPConnectionPool(host='www.dieei.unict.itcorsi', port=80): Max retries exceeded with url: /l-8-inf (Caused by NewConnectionError('<urllib3.connection.HTTPConnection object at 0x7feaac100b00>: Failed to establish a new connection: [Errno -2] Name or service not known',))
HTTPConnectionPool(host='www.dieei.unict.itcorsi', port=80): Max retries exceeded with url: /lm-25 (Caused by NewConnectionError('<urllib3.connection.HTTPConnection object at 0x7feaac100cc0>: Failed to establish a new connection: [Errno -2] Name or service not known',))
HTTPConnectionPool(host='www.dieei.unict.itcorsi', port=80): Max retries exceeded with url: /lm-28 (Caused by NewConnectionError('<urllib3.connection.HTTPConnection object at 0x7feaac1006d8>: Failed to establish a new connection: [Errno -2] Name or service not known',))
HTTPConnectionPool(host='www.dieei.unict.itcorsi', port=80): Max retries exceeded with url: /lm-29 (Caused by NewConnectionError('<urllib3.connection.HTTPConnection object at 0x7feaac38c6d8>: Failed to establish a new connection: [Errno -2] Name or service not known',))
HTTPConnectionPool(host='www.dieei.unict.itcorsi', port=80): Max retries exceeded with url: /lm-27 (Caused by NewConnectionError('<urllib3.connection.HTTPConnection object at 0x7feaac100438>: Failed to establish a new connection: [Errno -2] Name or service not known',))
HTTPConnectionPool(host='www.dieei.unict.itcorsi', port=80): Max retries exceeded with url: /lm-32 (Caused by NewConnectionError('<urllib3.connection.HTTPConnection object at 0x7feaac100d68>: Failed to establish a new connection: [Errno -2] Name or service not known',))
HTTPConnectionPool(host='web.dmi.unict.itcorsi', port=80): Max retries exceeded with url: /l-31 (Caused by NewConnectionError('<urllib3.connection.HTTPConnection object at 0x7f91e05b3a90>: Failed to establish a new connection: [Errno -2] Name or service not known',))
HTTPConnectionPool(host='web.dmi.unict.itcorsi', port=80): Max retries exceeded with url: /l-35 (Caused by NewConnectionError('<urllib3.connection.HTTPConnection object at 0x7f91e05b3dd8>: Failed to establish a new connection: [Errno -2] Name or service not known',))
HTTPConnectionPool(host='web.dmi.unict.itcorsi', port=80): Max retries exceeded with url: /lm-18 (Caused by NewConnectionError('<urllib3.connection.HTTPConnection object at 0x7f91e05b39e8>: Failed to establish a new connection: [Errno -2] Name or service not known',))
HTTPConnectionPool(host='web.dmi.unict.itcorsi', port=80): Max retries exceeded with url: /lm-40 (Caused by NewConnectionError('<urllib3.connection.HTTPConnection object at 0x7f91e05b3cf8>: Failed to establish a new connection: [Errno -2] Name or service not known',))
HTTPConnectionPool(host='web.dmi.unict.itcorsi', port=80): Max retries exceeded with url: /l-31 (Caused by NewConnectionError('<urllib3.connection.HTTPConnection object at 0x7f91e04c1320>: Failed to establish a new connection: [Errno -2] Name or service not known',))
HTTPConnectionPool(host='web.dmi.unict.itcorsi', port=80): Max retries exceeded with url: /l-35 (Caused by NewConnectionError('<urllib3.connection.HTTPConnection object at 0x7f91e04c1128>: Failed to establish a new connection: [Errno -2] Name or service not known',))
HTTPConnectionPool(host='web.dmi.unict.itcorsi', port=80): Max retries exceeded with url: /lm-18 (Caused by NewConnectionError('<urllib3.connection.HTTPConnection object at 0x7f91e04c4320>: Failed to establish a new connection: [Errno -2] Name or service not known',))
HTTPConnectionPool(host='web.dmi.unict.itcorsi', port=80): Max retries exceeded with url: /lm-40 (Caused by NewConnectionError('<urllib3.connection.HTTPConnection object at 0x7f91e04c4128>: Failed to establish a new connection: [Errno -2] Name or service not known',))
HTTPConnectionPool(host='www.dieei.unict.itcorsi', port=80): Max retries exceeded with url: /l-8-ele (Caused by NewConnectionError('<urllib3.connection.HTTPConnection object at 0x7f91e036cef0>: Failed to establish a new connection: [Errno -2] Name or service not known',))
HTTPConnectionPool(host='www.dieei.unict.itcorsi', port=80): Max retries exceeded with url: /l-9 (Caused by NewConnectionError('<urllib3.connection.HTTPConnection object at 0x7f91e2ca3f28>: Failed to establish a new connection: [Errno -2] Name or service not known',))
HTTPConnectionPool(host='www.dieei.unict.itcorsi', port=80): Max retries exceeded with url: /l-8-inf (Caused by NewConnectionError('<urllib3.connection.HTTPConnection object at 0x7f91e2ca3f28>: Failed to establish a new connection: [Errno -2] Name or service not known',))
HTTPConnectionPool(host='www.dieei.unict.itcorsi', port=80): Max retries exceeded with url: /lm-25 (Caused by NewConnectionError('<urllib3.connection.HTTPConnection object at 0x7f91e2ca3e48>: Failed to establish a new connection: [Errno -2] Name or service not known',))
HTTPConnectionPool(host='www.dieei.unict.itcorsi', port=80): Max retries exceeded with url: /lm-28 (Caused by NewConnectionError('<urllib3.connection.HTTPConnection object at 0x7f91e2ca35c0>: Failed to establish a new connection: [Errno -2] Name or service not known',))
HTTPConnectionPool(host='www.dieei.unict.itcorsi', port=80): Max retries exceeded with url: /lm-29 (Caused by NewConnectionError('<urllib3.connection.HTTPConnection object at 0x7f91e2ca3dd8>: Failed to establish a new connection: [Errno -2] Name or service not known',))
HTTPConnectionPool(host='www.dieei.unict.itcorsi', port=80): Max retries exceeded with url: /lm-27 (Caused by NewConnectionError('<urllib3.connection.HTTPConnection object at 0x7f91e2cefc18>: Failed to establish a new connection: [Errno -2] Name or service not known',))
HTTPConnectionPool(host='www.dieei.unict.itcorsi', port=80): Max retries exceeded with url: /lm-32 (Caused by NewConnectionError('<urllib3.connection.HTTPConnection object at 0x7f91e2cef1d0>: Failed to establish a new connection: [Errno -2] Name or service not known',))
HTTPConnectionPool(host='www.dieei.unict.itcorsi', port=80): Max retries exceeded with url: /l-8-ele (Caused by NewConnectionError('<urllib3.connection.HTTPConnection object at 0x7f91e0411a20>: Failed to establish a new connection: [Errno -2] Name or service not known',))
HTTPConnectionPool(host='www.dieei.unict.itcorsi', port=80): Max retries exceeded with url: /l-9 (Caused by NewConnectionError('<urllib3.connection.HTTPConnection object at 0x7f91e0411780>: Failed to establish a new connection: [Errno -2] Name or service not known',))
HTTPConnectionPool(host='www.dieei.unict.itcorsi', port=80): Max retries exceeded with url: /l-8-inf (Caused by NewConnectionError('<urllib3.connection.HTTPConnection object at 0x7f91e0411668>: Failed to establish a new connection: [Errno -2] Name or service not known',))
HTTPConnectionPool(host='www.dieei.unict.itcorsi', port=80): Max retries exceeded with url: /lm-25 (Caused by NewConnectionError('<urllib3.connection.HTTPConnection object at 0x7f91e0411518>: Failed to establish a new connection: [Errno -2] Name or service not known',))
HTTPConnectionPool(host='www.dieei.unict.itcorsi', port=80): Max retries exceeded with url: /lm-28 (Caused by NewConnectionError('<urllib3.connection.HTTPConnection object at 0x7f91e0411780>: Failed to establish a new connection: [Errno -2] Name or service not known',))
HTTPConnectionPool(host='www.dieei.unict.itcorsi', port=80): Max retries exceeded with url: /lm-29 (Caused by NewConnectionError('<urllib3.connection.HTTPConnection object at 0x7f91e0411668>: Failed to establish a new connection: [Errno -2] Name or service not known',))
HTTPConnectionPool(host='www.dieei.unict.itcorsi', port=80): Max retries exceeded with url: /lm-27 (Caused by NewConnectionError('<urllib3.connection.HTTPConnection object at 0x7f91e0411780>: Failed to establish a new connection: [Errno -2] Name or service not known',))
HTTPConnectionPool(host='www.dieei.unict.itcorsi', port=80): Max retries exceeded with url: /lm-32 (Caused by NewConnectionError('<urllib3.connection.HTTPConnection object at 0x7f91e0411cc0>: Failed to establish a new connection: [Errno -2] Name or service not known',))
HTTPConnectionPool(host='web.dmi.unict.itcorsi', port=80): Max retries exceeded with url: /l-31 (Caused by NewConnectionError('<urllib3.connection.HTTPConnection object at 0x7ff00c053668>: Failed to establish a new connection: [Errno -2] Name or service not known',))
HTTPConnectionPool(host='web.dmi.unict.itcorsi', port=80): Max retries exceeded with url: /l-35 (Caused by NewConnectionError('<urllib3.connection.HTTPConnection object at 0x7ff00c053d30>: Failed to establish a new connection: [Errno -2] Name or service not known',))
HTTPConnectionPool(host='web.dmi.unict.itcorsi', port=80): Max retries exceeded with url: /lm-18 (Caused by NewConnectionError('<urllib3.connection.HTTPConnection object at 0x7ff00c053dd8>: Failed to establish a new connection: [Errno -2] Name or service not known',))
HTTPConnectionPool(host='web.dmi.unict.itcorsi', port=80): Max retries exceeded with url: /lm-40 (Caused by NewConnectionError('<urllib3.connection.HTTPConnection object at 0x7ff00c053b00>: Failed to establish a new connection: [Errno -2] Name or service not known',))
HTTPConnectionPool(host='web.dmi.unict.itcorsi', port=80): Max retries exceeded with url: /l-31 (Caused by NewConnectionError('<urllib3.connection.HTTPConnection object at 0x7feff6f5c320>: Failed to establish a new connection: [Errno -2] Name or service not known',))
HTTPConnectionPool(host='web.dmi.unict.itcorsi', port=80): Max retries exceeded with url: /l-35 (Caused by NewConnectionError('<urllib3.connection.HTTPConnection object at 0x7feff6f5c128>: Failed to establish a new connection: [Errno -2] Name or service not known',))
HTTPConnectionPool(host='web.dmi.unict.itcorsi', port=80): Max retries exceeded with url: /lm-18 (Caused by NewConnectionError('<urllib3.connection.HTTPConnection object at 0x7feff6f5c320>: Failed to establish a new connection: [Errno -2] Name or service not known',))
HTTPConnectionPool(host='web.dmi.unict.itcorsi', port=80): Max retries exceeded with url: /lm-40 (Caused by NewConnectionError('<urllib3.connection.HTTPConnection object at 0x7feff6f61320>: Failed to establish a new connection: [Errno -2] Name or service not known',))
HTTPConnectionPool(host='www.dieei.unict.itcorsi', port=80): Max retries exceeded with url: /l-8-ele (Caused by NewConnectionError('<urllib3.connection.HTTPConnection object at 0x7feff6c32978>: Failed to establish a new connection: [Errno -2] Name or service not known',))
HTTPConnectionPool(host='www.dieei.unict.itcorsi', port=80): Max retries exceeded with url: /l-9 (Caused by NewConnectionError('<urllib3.connection.HTTPConnection object at 0x7ff00f7ab7f0>: Failed to establish a new connection: [Errno -2] Name or service not known',))
HTTPConnectionPool(host='www.dieei.unict.itcorsi', port=80): Max retries exceeded with url: /l-8-inf (Caused by NewConnectionError('<urllib3.connection.HTTPConnection object at 0x7ff00f7ab828>: Failed to establish a new connection: [Errno -2] Name or service not known',))
HTTPConnectionPool(host='www.dieei.unict.itcorsi', port=80): Max retries exceeded with url: /lm-25 (Caused by NewConnectionError('<urllib3.connection.HTTPConnection object at 0x7ff00f7abda0>: Failed to establish a new connection: [Errno -2] Name or service not known',))
HTTPConnectionPool(host='www.dieei.unict.itcorsi', port=80): Max retries exceeded with url: /lm-28 (Caused by NewConnectionError('<urllib3.connection.HTTPConnection object at 0x7ff00f7ab160>: Failed to establish a new connection: [Errno -2] Name or service not known',))
HTTPConnectionPool(host='www.dieei.unict.itcorsi', port=80): Max retries exceeded with url: /lm-29 (Caused by NewConnectionError('<urllib3.connection.HTTPConnection object at 0x7ff00f7ab668>: Failed to establish a new connection: [Errno -2] Name or service not known',))
HTTPConnectionPool(host='www.dieei.unict.itcorsi', port=80): Max retries exceeded with url: /lm-27 (Caused by NewConnectionError('<urllib3.connection.HTTPConnection object at 0x7ff00c0b3518>: Failed to establish a new connection: [Errno -2] Name or service not known',))
HTTPConnectionPool(host='www.dieei.unict.itcorsi', port=80): Max retries exceeded with url: /lm-32 (Caused by NewConnectionError('<urllib3.connection.HTTPConnection object at 0x7ff00c0b3940>: Failed to establish a new connection: [Errno -2] Name or service not known',))
HTTPConnectionPool(host='www.dieei.unict.itcorsi', port=80): Max retries exceeded with url: /l-8-ele (Caused by NewConnectionError('<urllib3.connection.HTTPConnection object at 0x7feff6d53828>: Failed to establish a new connection: [Errno -2] Name or service not known',))
HTTPConnectionPool(host='www.dieei.unict.itcorsi', port=80): Max retries exceeded with url: /l-9 (Caused by NewConnectionError('<urllib3.connection.HTTPConnection object at 0x7feff6d53c50>: Failed to establish a new connection: [Errno -2] Name or service not known',))
HTTPConnectionPool(host='www.dieei.unict.itcorsi', port=80): Max retries exceeded with url: /l-8-inf (Caused by NewConnectionError('<urllib3.connection.HTTPConnection object at 0x7feff6d53630>: Failed to establish a new connection: [Errno -2] Name or service not known',))
HTTPConnectionPool(host='www.dieei.unict.itcorsi', port=80): Max retries exceeded with url: /lm-25 (Caused by NewConnectionError('<urllib3.connection.HTTPConnection object at 0x7feff6d53400>: Failed to establish a new connection: [Errno -2] Name or service not known',))
HTTPConnectionPool(host='www.dieei.unict.itcorsi', port=80): Max retries exceeded with url: /lm-28 (Caused by NewConnectionError('<urllib3.connection.HTTPConnection object at 0x7feff6d539b0>: Failed to establish a new connection: [Errno -2] Name or service not known',))
HTTPConnectionPool(host='www.dieei.unict.itcorsi', port=80): Max retries exceeded with url: /lm-29 (Caused by NewConnectionError('<urllib3.connection.HTTPConnection object at 0x7feff6e3cf60>: Failed to establish a new connection: [Errno -2] Name or service not known',))
HTTPConnectionPool(host='www.dieei.unict.itcorsi', port=80): Max retries exceeded with url: /lm-27 (Caused by NewConnectionError('<urllib3.connection.HTTPConnection object at 0x7feff6d535c0>: Failed to establish a new connection: [Errno -2] Name or service not known',))
HTTPConnectionPool(host='www.dieei.unict.itcorsi', port=80): Max retries exceeded with url: /lm-32 (Caused by NewConnectionError('<urllib3.connection.HTTPConnection object at 0x7feff6d532e8>: Failed to establish a new connection: [Errno -2] Name or service not known',))
HTTPConnectionPool(host='web.dmi.unict.itcorsi', port=80): Max retries exceeded with url: /l-31 (Caused by NewConnectionError('<urllib3.connection.HTTPConnection object at 0x7f64c81ddcf8>: Failed to establish a new connection: [Errno -2] Name or service not known',))
HTTPConnectionPool(host='web.dmi.unict.itcorsi', port=80): Max retries exceeded with url: /l-35 (Caused by NewConnectionError('<urllib3.connection.HTTPConnection object at 0x7f64c81ddcc0>: Failed to establish a new connection: [Errno -2] Name or service not known',))
HTTPConnectionPool(host='web.dmi.unict.itcorsi', port=80): Max retries exceeded with url: /lm-18 (Caused by NewConnectionError('<urllib3.connection.HTTPConnection object at 0x7f64c81dddd8>: Failed to establish a new connection: [Errno -2] Name or service not known',))
HTTPConnectionPool(host='web.dmi.unict.itcorsi', port=80): Max retries exceeded with url: /lm-40 (Caused by NewConnectionError('<urllib3.connection.HTTPConnection object at 0x7f64c81dde48>: Failed to establish a new connection: [Errno -2] Name or service not known',))
HTTPConnectionPool(host='web.dmi.unict.itcorsi', port=80): Max retries exceeded with url: /l-31 (Caused by NewConnectionError('<urllib3.connection.HTTPConnection object at 0x7f64c80e9358>: Failed to establish a new connection: [Errno -2] Name or service not known',))
HTTPConnectionPool(host='web.dmi.unict.itcorsi', port=80): Max retries exceeded with url: /l-35 (Caused by NewConnectionError('<urllib3.connection.HTTPConnection object at 0x7f64c80e9160>: Failed to establish a new connection: [Errno -2] Name or service not known',))
HTTPConnectionPool(host='web.dmi.unict.itcorsi', port=80): Max retries exceeded with url: /lm-18 (Caused by NewConnectionError('<urllib3.connection.HTTPConnection object at 0x7f64c80ec358>: Failed to establish a new connection: [Errno -2] Name or service not known',))
HTTPConnectionPool(host='web.dmi.unict.itcorsi', port=80): Max retries exceeded with url: /lm-40 (Caused by NewConnectionError('<urllib3.connection.HTTPConnection object at 0x7f64c80ec160>: Failed to establish a new connection: [Errno -2] Name or service not known',))
HTTPConnectionPool(host='www.dieei.unict.itcorsi', port=80): Max retries exceeded with url: /l-8-ele (Caused by NewConnectionError('<urllib3.connection.HTTPConnection object at 0x7f64c81ee9b0>: Failed to establish a new connection: [Errno -2] Name or service not known',))
HTTPConnectionPool(host='www.dieei.unict.itcorsi', port=80): Max retries exceeded with url: /l-9 (Caused by NewConnectionError('<urllib3.connection.HTTPConnection object at 0x7f64ca0d8cc0>: Failed to establish a new connection: [Errno -2] Name or service not known',))
HTTPConnectionPool(host='www.dieei.unict.itcorsi', port=80): Max retries exceeded with url: /l-8-inf (Caused by NewConnectionError('<urllib3.connection.HTTPConnection object at 0x7f64ca0d8da0>: Failed to establish a new connection: [Errno -2] Name or service not known',))
HTTPConnectionPool(host='www.dieei.unict.itcorsi', port=80): Max retries exceeded with url: /lm-25 (Caused by NewConnectionError('<urllib3.connection.HTTPConnection object at 0x7f64b958cda0>: Failed to establish a new connection: [Errno -2] Name or service not known',))
HTTPConnectionPool(host='www.dieei.unict.itcorsi', port=80): Max retries exceeded with url: /lm-28 (Caused by NewConnectionError('<urllib3.connection.HTTPConnection object at 0x7f64b958cb00>: Failed to establish a new connection: [Errno -2] Name or service not known',))
HTTPConnectionPool(host='www.dieei.unict.itcorsi', port=80): Max retries exceeded with url: /lm-29 (Caused by NewConnectionError('<urllib3.connection.HTTPConnection object at 0x7f64c8192160>: Failed to establish a new connection: [Errno -2] Name or service not known',))
HTTPConnectionPool(host='www.dieei.unict.itcorsi', port=80): Max retries exceeded with url: /lm-27 (Caused by NewConnectionError('<urllib3.connection.HTTPConnection object at 0x7f64c81920b8>: Failed to establish a new connection: [Errno -2] Name or service not known',))
HTTPConnectionPool(host='www.dieei.unict.itcorsi', port=80): Max retries exceeded with url: /lm-32 (Caused by NewConnectionError('<urllib3.connection.HTTPConnection object at 0x7f64c8192160>: Failed to establish a new connection: [Errno -2] Name or service not known',))
HTTPConnectionPool(host='www.dieei.unict.itcorsi', port=80): Max retries exceeded with url: /l-8-ele (Caused by NewConnectionError('<urllib3.connection.HTTPConnection object at 0x7f64b96efb38>: Failed to establish a new connection: [Errno -2] Name or service not known',))
HTTPConnectionPool(host='www.dieei.unict.itcorsi', port=80): Max retries exceeded with url: /l-9 (Caused by NewConnectionError('<urllib3.connection.HTTPConnection object at 0x7f64b96ef9e8>: Failed to establish a new connection: [Errno -2] Name or service not known',))
HTTPConnectionPool(host='www.dieei.unict.itcorsi', port=80): Max retries exceeded with url: /l-8-inf (Caused by NewConnectionError('<urllib3.connection.HTTPConnection object at 0x7f64b96efef0>: Failed to establish a new connection: [Errno -2] Name or service not known',))
HTTPConnectionPool(host='www.dieei.unict.itcorsi', port=80): Max retries exceeded with url: /lm-25 (Caused by NewConnectionError('<urllib3.connection.HTTPConnection object at 0x7f64b96efb70>: Failed to establish a new connection: [Errno -2] Name or service not known',))
HTTPConnectionPool(host='www.dieei.unict.itcorsi', port=80): Max retries exceeded with url: /lm-28 (Caused by NewConnectionError('<urllib3.connection.HTTPConnection object at 0x7f64b96ef9e8>: Failed to establish a new connection: [Errno -2] Name or service not known',))
HTTPConnectionPool(host='www.dieei.unict.itcorsi', port=80): Max retries exceeded with url: /lm-29 (Caused by NewConnectionError('<urllib3.connection.HTTPConnection object at 0x7f64b96efef0>: Failed to establish a new connection: [Errno -2] Name or service not known',))
HTTPConnectionPool(host='www.dieei.unict.itcorsi', port=80): Max retries exceeded with url: /lm-27 (Caused by NewConnectionError('<urllib3.connection.HTTPConnection object at 0x7f64b96ef9e8>: Failed to establish a new connection: [Errno -2] Name or service not known',))
HTTPConnectionPool(host='www.dieei.unict.itcorsi', port=80): Max retries exceeded with url: /lm-32 (Caused by NewConnectionError('<urllib3.connection.HTTPConnection object at 0x7f64b96efef0>: Failed to establish a new connection: [Errno -2] Name or service not known',))
HTTPConnectionPool(host='web.dmi.unict.itcorsi', port=80): Max retries exceeded with url: /l-31 (Caused by NewConnectionError('<urllib3.connection.HTTPConnection object at 0x7fe008f8b668>: Failed to establish a new connection: [Errno -2] Name or service not known',))
HTTPConnectionPool(host='web.dmi.unict.itcorsi', port=80): Max retries exceeded with url: /l-35 (Caused by NewConnectionError('<urllib3.connection.HTTPConnection object at 0x7fe008f8bd30>: Failed to establish a new connection: [Errno -2] Name or service not known',))
HTTPConnectionPool(host='web.dmi.unict.itcorsi', port=80): Max retries exceeded with url: /lm-18 (Caused by NewConnectionError('<urllib3.connection.HTTPConnection object at 0x7fe008f8bdd8>: Failed to establish a new connection: [Errno -2] Name or service not known',))
HTTPConnectionPool(host='web.dmi.unict.itcorsi', port=80): Max retries exceeded with url: /lm-40 (Caused by NewConnectionError('<urllib3.connection.HTTPConnection object at 0x7fe008f8bb00>: Failed to establish a new connection: [Errno -2] Name or service not known',))
HTTPConnectionPool(host='web.dmi.unict.itcorsi', port=80): Max retries exceeded with url: /l-31 (Caused by NewConnectionError('<urllib3.connection.HTTPConnection object at 0x7fe008e982e8>: Failed to establish a new connection: [Errno -2] Name or service not known',))
HTTPConnectionPool(host='web.dmi.unict.itcorsi', port=80): Max retries exceeded with url: /l-35 (Caused by NewConnectionError('<urllib3.connection.HTTPConnection object at 0x7fe008e980f0>: Failed to establish a new connection: [Errno -2] Name or service not known',))
HTTPConnectionPool(host='web.dmi.unict.itcorsi', port=80): Max retries exceeded with url: /lm-18 (Caused by NewConnectionError('<urllib3.connection.HTTPConnection object at 0x7fe008e982e8>: Failed to establish a new connection: [Errno -2] Name or service not known',))
HTTPConnectionPool(host='web.dmi.unict.itcorsi', port=80): Max retries exceeded with url: /lm-40 (Caused by NewConnectionError('<urllib3.connection.HTTPConnection object at 0x7fe008e9d2e8>: Failed to establish a new connection: [Errno -2] Name or service not known',))
HTTPConnectionPool(host='www.dieei.unict.itcorsi', port=80): Max retries exceeded with url: /l-8-ele (Caused by NewConnectionError('<urllib3.connection.HTTPConnection object at 0x7fe008b66748>: Failed to establish a new connection: [Errno -2] Name or service not known',))
HTTPConnectionPool(host='www.dieei.unict.itcorsi', port=80): Max retries exceeded with url: /l-9 (Caused by NewConnectionError('<urllib3.connection.HTTPConnection object at 0x7fe008b66a20>: Failed to establish a new connection: [Errno -2] Name or service not known',))
HTTPConnectionPool(host='www.dieei.unict.itcorsi', port=80): Max retries exceeded with url: /l-8-inf (Caused by NewConnectionError('<urllib3.connection.HTTPConnection object at 0x7fe008b66668>: Failed to establish a new connection: [Errno -2] Name or service not known',))
HTTPConnectionPool(host='www.dieei.unict.itcorsi', port=80): Max retries exceeded with url: /lm-25 (Caused by NewConnectionError('<urllib3.connection.HTTPConnection object at 0x7fe0116fe828>: Failed to establish a new connection: [Errno -2] Name or service not known',))
HTTPConnectionPool(host='www.dieei.unict.itcorsi', port=80): Max retries exceeded with url: /lm-28 (Caused by NewConnectionError('<urllib3.connection.HTTPConnection object at 0x7fe0116fea20>: Failed to establish a new connection: [Errno -2] Name or service not known',))
HTTPConnectionPool(host='www.dieei.unict.itcorsi', port=80): Max retries exceeded with url: /lm-29 (Caused by NewConnectionError('<urllib3.connection.HTTPConnection object at 0x7fe0116fef28>: Failed to establish a new connection: [Errno -2] Name or service not known',))
HTTPConnectionPool(host='www.dieei.unict.itcorsi', port=80): Max retries exceeded with url: /lm-27 (Caused by NewConnectionError('<urllib3.connection.HTTPConnection object at 0x7fe0116fed68>: Failed to establish a new connection: [Errno -2] Name or service not known',))
HTTPConnectionPool(host='www.dieei.unict.itcorsi', port=80): Max retries exceeded with url: /lm-32 (Caused by NewConnectionError('<urllib3.connection.HTTPConnection object at 0x7fe0116fec18>: Failed to establish a new connection: [Errno -2] Name or service not known',))
HTTPConnectionPool(host='www.dieei.unict.itcorsi', port=80): Max retries exceeded with url: /l-8-ele (Caused by NewConnectionError('<urllib3.connection.HTTPConnection object at 0x7fe008c194a8>: Failed to establish a new connection: [Errno -2] Name or service not known',))
HTTPConnectionPool(host='www.dieei.unict.itcorsi', port=80): Max retries exceeded with url: /l-9 (Caused by NewConnectionError('<urllib3.connection.HTTPConnection object at 0x7fe008c194e0>: Failed to establish a new connection: [Errno -2] Name or service not known',))
HTTPConnectionPool(host='www.dieei.unict.itcorsi', port=80): Max retries exceeded with url: /l-8-inf (Caused by NewConnectionError('<urllib3.connection.HTTPConnection object at 0x7fe008c19208>: Failed to establish a new connection: [Errno -2] Name or service not known',))
HTTPConnectionPool(host='www.dieei.unict.itcorsi', port=80): Max retries exceeded with url: /lm-25 (Caused by NewConnectionError('<urllib3.connection.HTTPConnection object at 0x7fe008c19438>: Failed to establish a new connection: [Errno -2] Name or service not known',))
HTTPConnectionPool(host='www.dieei.unict.itcorsi', port=80): Max retries exceeded with url: /lm-28 (Caused by NewConnectionError('<urllib3.connection.HTTPConnection object at 0x7fe008c194e0>: Failed to establish a new connection: [Errno -2] Name or service not known',))
HTTPConnectionPool(host='www.dieei.unict.itcorsi', port=80): Max retries exceeded with url: /lm-29 (Caused by NewConnectionError('<urllib3.connection.HTTPConnection object at 0x7fe008c19208>: Failed to establish a new connection: [Errno -2] Name or service not known',))
HTTPConnectionPool(host='www.dieei.unict.itcorsi', port=80): Max retries exceeded with url: /lm-27 (Caused by NewConnectionError('<urllib3.connection.HTTPConnection object at 0x7fe008f675c0>: Failed to establish a new connection: [Errno -2] Name or service not known',))
HTTPConnectionPool(host='www.dieei.unict.itcorsi', port=80): Max retries exceeded with url: /lm-32 (Caused by NewConnectionError('<urllib3.connection.HTTPConnection object at 0x7fe008c19d68>: Failed to establish a new connection: [Errno -2] Name or service not known',))
HTTPConnectionPool(host='web.dmi.unict.itcorsi', port=80): Max retries exceeded with url: /l-31 (Caused by NewConnectionError('<urllib3.connection.HTTPConnection object at 0x7f10a8b51160>: Failed to establish a new connection: [Errno -2] Name or service not known',))
HTTPConnectionPool(host='web.dmi.unict.itcorsi', port=80): Max retries exceeded with url: /l-35 (Caused by NewConnectionError('<urllib3.connection.HTTPConnection object at 0x7f10a8b51240>: Failed to establish a new connection: [Errno -2] Name or service not known',))
HTTPConnectionPool(host='web.dmi.unict.itcorsi', port=80): Max retries exceeded with url: /lm-18 (Caused by NewConnectionError('<urllib3.connection.HTTPConnection object at 0x7f10a8b38860>: Failed to establish a new connection: [Errno -2] Name or service not known',))
HTTPConnectionPool(host='web.dmi.unict.itcorsi', port=80): Max retries exceeded with url: /lm-40 (Caused by NewConnectionError('<urllib3.connection.HTTPConnection object at 0x7f10a8b38828>: Failed to establish a new connection: [Errno -2] Name or service not known',))
HTTPConnectionPool(host='web.dmi.unict.itcorsi', port=80): Max retries exceeded with url: /l-31 (Caused by NewConnectionError('<urllib3.connection.HTTPConnection object at 0x7f10a03352b0>: Failed to establish a new connection: [Errno -2] Name or service not known',))
HTTPConnectionPool(host='web.dmi.unict.itcorsi', port=80): Max retries exceeded with url: /l-35 (Caused by NewConnectionError('<urllib3.connection.HTTPConnection object at 0x7f10a03350b8>: Failed to establish a new connection: [Errno -2] Name or service not known',))
HTTPConnectionPool(host='web.dmi.unict.itcorsi', port=80): Max retries exceeded with url: /lm-18 (Caused by NewConnectionError('<urllib3.connection.HTTPConnection object at 0x7f10a03382b0>: Failed to establish a new connection: [Errno -2] Name or service not known',))
HTTPConnectionPool(host='web.dmi.unict.itcorsi', port=80): Max retries exceeded with url: /lm-40 (Caused by NewConnectionError('<urllib3.connection.HTTPConnection object at 0x7f10a03380b8>: Failed to establish a new connection: [Errno -2] Name or service not known',))
HTTPConnectionPool(host='www.dieei.unict.itcorsi', port=80): Max retries exceeded with url: /l-8-ele (Caused by NewConnectionError('<urllib3.connection.HTTPConnection object at 0x7f10a801d7b8>: Failed to establish a new connection: [Errno -2] Name or service not known',))
HTTPConnectionPool(host='www.dieei.unict.itcorsi', port=80): Max retries exceeded with url: /l-9 (Caused by NewConnectionError('<urllib3.connection.HTTPConnection object at 0x7f10a8019400>: Failed to establish a new connection: [Errno -2] Name or service not known',))
HTTPConnectionPool(host='www.dieei.unict.itcorsi', port=80): Max retries exceeded with url: /l-8-inf (Caused by NewConnectionError('<urllib3.connection.HTTPConnection object at 0x7f10a8019400>: Failed to establish a new connection: [Errno -2] Name or service not known',))
HTTPConnectionPool(host='www.dieei.unict.itcorsi', port=80): Max retries exceeded with url: /lm-25 (Caused by NewConnectionError('<urllib3.connection.HTTPConnection object at 0x7f10a8019470>: Failed to establish a new connection: [Errno -2] Name or service not known',))
HTTPConnectionPool(host='www.dieei.unict.itcorsi', port=80): Max retries exceeded with url: /lm-28 (Caused by NewConnectionError('<urllib3.connection.HTTPConnection object at 0x7f10a8019128>: Failed to establish a new connection: [Errno -2] Name or service not known',))
HTTPConnectionPool(host='www.dieei.unict.itcorsi', port=80): Max retries exceeded with url: /lm-29 (Caused by NewConnectionError('<urllib3.connection.HTTPConnection object at 0x7f10a8019198>: Failed to establish a new connection: [Errno -2] Name or service not known',))
HTTPConnectionPool(host='www.dieei.unict.itcorsi', port=80): Max retries exceeded with url: /lm-27 (Caused by NewConnectionError('<urllib3.connection.HTTPConnection object at 0x7f10a8019898>: Failed to establish a new connection: [Errno -2] Name or service not known',))
HTTPConnectionPool(host='www.dieei.unict.itcorsi', port=80): Max retries exceeded with url: /lm-32 (Caused by NewConnectionError('<urllib3.connection.HTTPConnection object at 0x7f10a8019128>: Failed to establish a new connection: [Errno -2] Name or service not known',))
HTTPConnectionPool(host='www.dieei.unict.itcorsi', port=80): Max retries exceeded with url: /l-8-ele (Caused by NewConnectionError('<urllib3.connection.HTTPConnection object at 0x7f10a0065588>: Failed to establish a new connection: [Errno -2] Name or service not known',))
HTTPConnectionPool(host='www.dieei.unict.itcorsi', port=80): Max retries exceeded with url: /l-9 (Caused by NewConnectionError('<urllib3.connection.HTTPConnection object at 0x7f10a0065668>: Failed to establish a new connection: [Errno -2] Name or service not known',))
HTTPConnectionPool(host='www.dieei.unict.itcorsi', port=80): Max retries exceeded with url: /l-8-inf (Caused by NewConnectionError('<urllib3.connection.HTTPConnection object at 0x7f10a0065c50>: Failed to establish a new connection: [Errno -2] Name or service not known',))
HTTPConnectionPool(host='www.dieei.unict.itcorsi', port=80): Max retries exceeded with url: /lm-25 (Caused by NewConnectionError('<urllib3.connection.HTTPConnection object at 0x7f10a0065710>: Failed to establish a new connection: [Errno -2] Name or service not known',))
HTTPConnectionPool(host='www.dieei.unict.itcorsi', port=80): Max retries exceeded with url: /lm-28 (Caused by NewConnectionError('<urllib3.connection.HTTPConnection object at 0x7f10a0065668>: Failed to establish a new connection: [Errno -2] Name or service not known',))
HTTPConnectionPool(host='www.dieei.unict.itcorsi', port=80): Max retries exceeded with url: /lm-29 (Caused by NewConnectionError('<urllib3.connection.HTTPConnection object at 0x7f10a0065c50>: Failed to establish a new connection: [Errno -2] Name or service not known',))
HTTPConnectionPool(host='www.dieei.unict.itcorsi', port=80): Max retries exceeded with url: /lm-27 (Caused by NewConnectionError('<urllib3.connection.HTTPConnection object at 0x7f10a0065668>: Failed to establish a new connection: [Errno -2] Name or service not known',))
HTTPConnectionPool(host='www.dieei.unict.itcorsi', port=80): Max retries exceeded with url: /lm-32 (Caused by NewConnectionError('<urllib3.connection.HTTPConnection object at 0x7f10a0065c50>: Failed to establish a new connection: [Errno -2] Name or service not known',))
HTTPConnectionPool(host='web.dmi.unict.itcorsi', port=80): Max retries exceeded with url: /l-31 (Caused by NewConnectionError('<urllib3.connection.HTTPConnection object at 0x7f56140fccf8>: Failed to establish a new connection: [Errno -2] Name or service not known',))
HTTPConnectionPool(host='web.dmi.unict.itcorsi', port=80): Max retries exceeded with url: /l-35 (Caused by NewConnectionError('<urllib3.connection.HTTPConnection object at 0x7f56140fccc0>: Failed to establish a new connection: [Errno -2] Name or service not known',))
HTTPConnectionPool(host='web.dmi.unict.itcorsi', port=80): Max retries exceeded with url: /lm-18 (Caused by NewConnectionError('<urllib3.connection.HTTPConnection object at 0x7f56140fcdd8>: Failed to establish a new connection: [Errno -2] Name or service not known',))
HTTPConnectionPool(host='web.dmi.unict.itcorsi', port=80): Max retries exceeded with url: /lm-40 (Caused by NewConnectionError('<urllib3.connection.HTTPConnection object at 0x7f56140fce48>: Failed to establish a new connection: [Errno -2] Name or service not known',))
HTTPConnectionPool(host='web.dmi.unict.itcorsi', port=80): Max retries exceeded with url: /l-31 (Caused by NewConnectionError('<urllib3.connection.HTTPConnection object at 0x7f560c5bb358>: Failed to establish a new connection: [Errno -2] Name or service not known',))
HTTPConnectionPool(host='web.dmi.unict.itcorsi', port=80): Max retries exceeded with url: /l-35 (Caused by NewConnectionError('<urllib3.connection.HTTPConnection object at 0x7f560c5bb160>: Failed to establish a new connection: [Errno -2] Name or service not known',))
HTTPConnectionPool(host='web.dmi.unict.itcorsi', port=80): Max retries exceeded with url: /lm-18 (Caused by NewConnectionError('<urllib3.connection.HTTPConnection object at 0x7f560c5be358>: Failed to establish a new connection: [Errno -2] Name or service not known',))
HTTPConnectionPool(host='web.dmi.unict.itcorsi', port=80): Max retries exceeded with url: /lm-40 (Caused by NewConnectionError('<urllib3.connection.HTTPConnection object at 0x7f560c5be160>: Failed to establish a new connection: [Errno -2] Name or service not known',))
HTTPConnectionPool(host='www.dieei.unict.itcorsi', port=80): Max retries exceeded with url: /l-8-ele (Caused by NewConnectionError('<urllib3.connection.HTTPConnection object at 0x7f56140eae48>: Failed to establish a new connection: [Errno -2] Name or service not known',))
HTTPConnectionPool(host='www.dieei.unict.itcorsi', port=80): Max retries exceeded with url: /l-9 (Caused by NewConnectionError('<urllib3.connection.HTTPConnection object at 0x7f56140ea128>: Failed to establish a new connection: [Errno -2] Name or service not known',))
HTTPConnectionPool(host='www.dieei.unict.itcorsi', port=80): Max retries exceeded with url: /l-8-inf (Caused by NewConnectionError('<urllib3.connection.HTTPConnection object at 0x7f56140eacf8>: Failed to establish a new connection: [Errno -2] Name or service not known',))
HTTPConnectionPool(host='www.dieei.unict.itcorsi', port=80): Max retries exceeded with url: /lm-25 (Caused by NewConnectionError('<urllib3.connection.HTTPConnection object at 0x7f56140ea860>: Failed to establish a new connection: [Errno -2] Name or service not known',))
HTTPConnectionPool(host='www.dieei.unict.itcorsi', port=80): Max retries exceeded with url: /lm-28 (Caused by NewConnectionError('<urllib3.connection.HTTPConnection object at 0x7f56140eacf8>: Failed to establish a new connection: [Errno -2] Name or service not known',))
HTTPConnectionPool(host='www.dieei.unict.itcorsi', port=80): Max retries exceeded with url: /lm-29 (Caused by NewConnectionError('<urllib3.connection.HTTPConnection object at 0x7f56140ea128>: Failed to establish a new connection: [Errno -2] Name or service not known',))
HTTPConnectionPool(host='www.dieei.unict.itcorsi', port=80): Max retries exceeded with url: /lm-27 (Caused by NewConnectionError('<urllib3.connection.HTTPConnection object at 0x7f56140ea860>: Failed to establish a new connection: [Errno -2] Name or service not known',))
HTTPConnectionPool(host='www.dieei.unict.itcorsi', port=80): Max retries exceeded with url: /lm-32 (Caused by NewConnectionError('<urllib3.connection.HTTPConnection object at 0x7f56140eacf8>: Failed to establish a new connection: [Errno -2] Name or service not known',))
HTTPConnectionPool(host='www.dieei.unict.itcorsi', port=80): Max retries exceeded with url: /l-8-ele (Caused by NewConnectionError('<urllib3.connection.HTTPConnection object at 0x7f560c4740f0>: Failed to establish a new connection: [Errno -2] Name or service not known',))
HTTPConnectionPool(host='www.dieei.unict.itcorsi', port=80): Max retries exceeded with url: /l-9 (Caused by NewConnectionError('<urllib3.connection.HTTPConnection object at 0x7f560c474550>: Failed to establish a new connection: [Errno -2] Name or service not known',))
HTTPConnectionPool(host='www.dieei.unict.itcorsi', port=80): Max retries exceeded with url: /l-8-inf (Caused by NewConnectionError('<urllib3.connection.HTTPConnection object at 0x7f560c474cf8>: Failed to establish a new connection: [Errno -2] Name or service not known',))
HTTPConnectionPool(host='www.dieei.unict.itcorsi', port=80): Max retries exceeded with url: /lm-25 (Caused by NewConnectionError('<urllib3.connection.HTTPConnection object at 0x7f560c474ef0>: Failed to establish a new connection: [Errno -2] Name or service not known',))
HTTPConnectionPool(host='www.dieei.unict.itcorsi', port=80): Max retries exceeded with url: /lm-28 (Caused by NewConnectionError('<urllib3.connection.HTTPConnection object at 0x7f560c474550>: Failed to establish a new connection: [Errno -2] Name or service not known',))
HTTPConnectionPool(host='www.dieei.unict.itcorsi', port=80): Max retries exceeded with url: /lm-29 (Caused by NewConnectionError('<urllib3.connection.HTTPConnection object at 0x7f560c474cf8>: Failed to establish a new connection: [Errno -2] Name or service not known',))
HTTPConnectionPool(host='www.dieei.unict.itcorsi', port=80): Max retries exceeded with url: /lm-27 (Caused by NewConnectionError('<urllib3.connection.HTTPConnection object at 0x7f560c474550>: Failed to establish a new connection: [Errno -2] Name or service not known',))
HTTPConnectionPool(host='www.dieei.unict.itcorsi', port=80): Max retries exceeded with url: /lm-32 (Caused by NewConnectionError('<urllib3.connection.HTTPConnection object at 0x7f560c474cf8>: Failed to establish a new connection: [Errno -2] Name or service not known',))
HTTPConnectionPool(host='web.dmi.unict.itcorsi', port=80): Max retries exceeded with url: /l-31 (Caused by NewConnectionError('<urllib3.connection.HTTPConnection object at 0x7fa69b9dd668>: Failed to establish a new connection: [Errno -2] Name or service not known',))
HTTPConnectionPool(host='web.dmi.unict.itcorsi', port=80): Max retries exceeded with url: /l-35 (Caused by NewConnectionError('<urllib3.connection.HTTPConnection object at 0x7fa69b9dd470>: Failed to establish a new connection: [Errno -2] Name or service not known',))
HTTPConnectionPool(host='web.dmi.unict.itcorsi', port=80): Max retries exceeded with url: /lm-18 (Caused by NewConnectionError('<urllib3.connection.HTTPConnection object at 0x7fa69b9c4cc0>: Failed to establish a new connection: [Errno -2] Name or service not known',))
HTTPConnectionPool(host='web.dmi.unict.itcorsi', port=80): Max retries exceeded with url: /lm-40 (Caused by NewConnectionError('<urllib3.connection.HTTPConnection object at 0x7fa69b9c4c18>: Failed to establish a new connection: [Errno -2] Name or service not known',))
HTTPConnectionPool(host='web.dmi.unict.itcorsi', port=80): Max retries exceeded with url: /l-31 (Caused by NewConnectionError('<urllib3.connection.HTTPConnection object at 0x7fa6981d6320>: Failed to establish a new connection: [Errno -2] Name or service not known',))
HTTPConnectionPool(host='web.dmi.unict.itcorsi', port=80): Max retries exceeded with url: /l-35 (Caused by NewConnectionError('<urllib3.connection.HTTPConnection object at 0x7fa6981d6128>: Failed to establish a new connection: [Errno -2] Name or service not known',))
HTTPConnectionPool(host='web.dmi.unict.itcorsi', port=80): Max retries exceeded with url: /lm-18 (Caused by NewConnectionError('<urllib3.connection.HTTPConnection object at 0x7fa6981d60f0>: Failed to establish a new connection: [Errno -2] Name or service not known',))
HTTPConnectionPool(host='web.dmi.unict.itcorsi', port=80): Max retries exceeded with url: /lm-40 (Caused by NewConnectionError('<urllib3.connection.HTTPConnection object at 0x7fa6981d60b8>: Failed to establish a new connection: [Errno -2] Name or service not known',))
HTTPConnectionPool(host='www.dieei.unict.itcorsi', port=80): Max retries exceeded with url: /l-8-ele (Caused by NewConnectionError('<urllib3.connection.HTTPConnection object at 0x7fa6980570b8>: Failed to establish a new connection: [Errno -2] Name or service not known',))
HTTPConnectionPool(host='www.dieei.unict.itcorsi', port=80): Max retries exceeded with url: /l-9 (Caused by NewConnectionError('<urllib3.connection.HTTPConnection object at 0x7fa682e69668>: Failed to establish a new connection: [Errno -2] Name or service not known',))
HTTPConnectionPool(host='www.dieei.unict.itcorsi', port=80): Max retries exceeded with url: /l-8-inf (Caused by NewConnectionError('<urllib3.connection.HTTPConnection object at 0x7fa6980571d0>: Failed to establish a new connection: [Errno -2] Name or service not known',))
HTTPConnectionPool(host='www.dieei.unict.itcorsi', port=80): Max retries exceeded with url: /lm-25 (Caused by NewConnectionError('<urllib3.connection.HTTPConnection object at 0x7fa698057198>: Failed to establish a new connection: [Errno -2] Name or service not known',))
HTTPConnectionPool(host='www.dieei.unict.itcorsi', port=80): Max retries exceeded with url: /lm-28 (Caused by NewConnectionError('<urllib3.connection.HTTPConnection object at 0x7fa698057208>: Failed to establish a new connection: [Errno -2] Name or service not known',))
HTTPConnectionPool(host='www.dieei.unict.itcorsi', port=80): Max retries exceeded with url: /lm-29 (Caused by NewConnectionError('<urllib3.connection.HTTPConnection object at 0x7fa6980572b0>: Failed to establish a new connection: [Errno -2] Name or service not known',))
HTTPConnectionPool(host='www.dieei.unict.itcorsi', port=80): Max retries exceeded with url: /lm-27 (Caused by NewConnectionError('<urllib3.connection.HTTPConnection object at 0x7fa682fa6240>: Failed to establish a new connection: [Errno -2] Name or service not known',))
HTTPConnectionPool(host='www.dieei.unict.itcorsi', port=80): Max retries exceeded with url: /lm-32 (Caused by NewConnectionError('<urllib3.connection.HTTPConnection object at 0x7fa682fa6710>: Failed to establish a new connection: [Errno -2] Name or service not known',))
HTTPConnectionPool(host='www.dieei.unict.itcorsi', port=80): Max retries exceeded with url: /l-8-ele (Caused by NewConnectionError('<urllib3.connection.HTTPConnection object at 0x7fa682f7f2e8>: Failed to establish a new connection: [Errno -2] Name or service not known',))
HTTPConnectionPool(host='www.dieei.unict.itcorsi', port=80): Max retries exceeded with url: /l-9 (Caused by NewConnectionError('<urllib3.connection.HTTPConnection object at 0x7fa682f7f080>: Failed to establish a new connection: [Errno -2] Name or service not known',))
HTTPConnectionPool(host='www.dieei.unict.itcorsi', port=80): Max retries exceeded with url: /l-8-inf (Caused by NewConnectionError('<urllib3.connection.HTTPConnection object at 0x7fa682f7fda0>: Failed to establish a new connection: [Errno -2] Name or service not known',))
HTTPConnectionPool(host='www.dieei.unict.itcorsi', port=80): Max retries exceeded with url: /lm-25 (Caused by NewConnectionError('<urllib3.connection.HTTPConnection object at 0x7fa682f7f940>: Failed to establish a new connection: [Errno -2] Name or service not known',))
HTTPConnectionPool(host='www.dieei.unict.itcorsi', port=80): Max retries exceeded with url: /lm-28 (Caused by NewConnectionError('<urllib3.connection.HTTPConnection object at 0x7fa682f7fd30>: Failed to establish a new connection: [Errno -2] Name or service not known',))
HTTPConnectionPool(host='www.dieei.unict.itcorsi', port=80): Max retries exceeded with url: /lm-29 (Caused by NewConnectionError('<urllib3.connection.HTTPConnection object at 0x7fa6981e3630>: Failed to establish a new connection: [Errno -2] Name or service not known',))
HTTPConnectionPool(host='www.dieei.unict.itcorsi', port=80): Max retries exceeded with url: /lm-27 (Caused by NewConnectionError('<urllib3.connection.HTTPConnection object at 0x7fa682f7f940>: Failed to establish a new connection: [Errno -2] Name or service not known',))
HTTPConnectionPool(host='www.dieei.unict.itcorsi', port=80): Max retries exceeded with url: /lm-32 (Caused by NewConnectionError('<urllib3.connection.HTTPConnection object at 0x7fa682f7fe80>: Failed to establish a new connection: [Errno -2] Name or service not known',))
HTTPConnectionPool(host='web.dmi.unict.itcorsi', port=80): Max retries exceeded with url: /l-31 (Caused by NewConnectionError('<urllib3.connection.HTTPConnection object at 0x7f03c12cb0b8>: Failed to establish a new connection: [Errno -2] Name or service not known',))
HTTPConnectionPool(host='web.dmi.unict.itcorsi', port=80): Max retries exceeded with url: /l-35 (Caused by NewConnectionError('<urllib3.connection.HTTPConnection object at 0x7f03c12cb198>: Failed to establish a new connection: [Errno -2] Name or service not known',))
HTTPConnectionPool(host='web.dmi.unict.itcorsi', port=80): Max retries exceeded with url: /lm-18 (Caused by NewConnectionError('<urllib3.connection.HTTPConnection object at 0x7f03c12b2a90>: Failed to establish a new connection: [Errno -2] Name or service not known',))
HTTPConnectionPool(host='web.dmi.unict.itcorsi', port=80): Max retries exceeded with url: /lm-40 (Caused by NewConnectionError('<urllib3.connection.HTTPConnection object at 0x7f03c12b2c88>: Failed to establish a new connection: [Errno -2] Name or service not known',))
HTTPConnectionPool(host='web.dmi.unict.itcorsi', port=80): Max retries exceeded with url: /l-31 (Caused by NewConnectionError('<urllib3.connection.HTTPConnection object at 0x7f03b8ab6358>: Failed to establish a new connection: [Errno -2] Name or service not known',))
HTTPConnectionPool(host='web.dmi.unict.itcorsi', port=80): Max retries exceeded with url: /l-35 (Caused by NewConnectionError('<urllib3.connection.HTTPConnection object at 0x7f03b8ab6160>: Failed to establish a new connection: [Errno -2] Name or service not known',))
HTTPConnectionPool(host='web.dmi.unict.itcorsi', port=80): Max retries exceeded with url: /lm-18 (Caused by NewConnectionError('<urllib3.connection.HTTPConnection object at 0x7f03b8ab6128>: Failed to establish a new connection: [Errno -2] Name or service not known',))
HTTPConnectionPool(host='web.dmi.unict.itcorsi', port=80): Max retries exceeded with url: /lm-40 (Caused by NewConnectionError('<urllib3.connection.HTTPConnection object at 0x7f03b8ab60f0>: Failed to establish a new connection: [Errno -2] Name or service not known',))
HTTPConnectionPool(host='www.dieei.unict.itcorsi', port=80): Max retries exceeded with url: /l-8-ele (Caused by NewConnectionError('<urllib3.connection.HTTPConnection object at 0x7f03b8bc50b8>: Failed to establish a new connection: [Errno -2] Name or service not known',))
HTTPConnectionPool(host='www.dieei.unict.itcorsi', port=80): Max retries exceeded with url: /l-9 (Caused by NewConnectionError('<urllib3.connection.HTTPConnection object at 0x7f03b8a71668>: Failed to establish a new connection: [Errno -2] Name or service not known',))
HTTPConnectionPool(host='www.dieei.unict.itcorsi', port=80): Max retries exceeded with url: /l-8-inf (Caused by NewConnectionError('<urllib3.connection.HTTPConnection object at 0x7f03c12a39e8>: Failed to establish a new connection: [Errno -2] Name or service not known',))
HTTPConnectionPool(host='www.dieei.unict.itcorsi', port=80): Max retries exceeded with url: /lm-25 (Caused by NewConnectionError('<urllib3.connection.HTTPConnection object at 0x7f03c12a3080>: Failed to establish a new connection: [Errno -2] Name or service not known',))
HTTPConnectionPool(host='www.dieei.unict.itcorsi', port=80): Max retries exceeded with url: /lm-28 (Caused by NewConnectionError('<urllib3.connection.HTTPConnection object at 0x7f03c12a3dd8>: Failed to establish a new connection: [Errno -2] Name or service not known',))
HTTPConnectionPool(host='www.dieei.unict.itcorsi', port=80): Max retries exceeded with url: /lm-29 (Caused by NewConnectionError('<urllib3.connection.HTTPConnection object at 0x7f03c12a3278>: Failed to establish a new connection: [Errno -2] Name or service not known',))
HTTPConnectionPool(host='www.dieei.unict.itcorsi', port=80): Max retries exceeded with url: /lm-27 (Caused by NewConnectionError('<urllib3.connection.HTTPConnection object at 0x7f03c12a39e8>: Failed to establish a new connection: [Errno -2] Name or service not known',))
HTTPConnectionPool(host='www.dieei.unict.itcorsi', port=80): Max retries exceeded with url: /lm-32 (Caused by NewConnectionError('<urllib3.connection.HTTPConnection object at 0x7f03c12a3dd8>: Failed to establish a new connection: [Errno -2] Name or service not known',))
HTTPConnectionPool(host='www.dieei.unict.itcorsi', port=80): Max retries exceeded with url: /l-8-ele (Caused by NewConnectionError('<urllib3.connection.HTTPConnection object at 0x7f03b8893668>: Failed to establish a new connection: [Errno -2] Name or service not known',))
HTTPConnectionPool(host='www.dieei.unict.itcorsi', port=80): Max retries exceeded with url: /l-9 (Caused by NewConnectionError('<urllib3.connection.HTTPConnection object at 0x7f03b8893080>: Failed to establish a new connection: [Errno -2] Name or service not known',))
HTTPConnectionPool(host='www.dieei.unict.itcorsi', port=80): Max retries exceeded with url: /l-8-inf (Caused by NewConnectionError('<urllib3.connection.HTTPConnection object at 0x7f03b8893780>: Failed to establish a new connection: [Errno -2] Name or service not known',))
HTTPConnectionPool(host='www.dieei.unict.itcorsi', port=80): Max retries exceeded with url: /lm-25 (Caused by NewConnectionError('<urllib3.connection.HTTPConnection object at 0x7f03b8893ac8>: Failed to establish a new connection: [Errno -2] Name or service not known',))
HTTPConnectionPool(host='www.dieei.unict.itcorsi', port=80): Max retries exceeded with url: /lm-28 (Caused by NewConnectionError('<urllib3.connection.HTTPConnection object at 0x7f03b8893080>: Failed to establish a new connection: [Errno -2] Name or service not known',))
HTTPConnectionPool(host='www.dieei.unict.itcorsi', port=80): Max retries exceeded with url: /lm-29 (Caused by NewConnectionError('<urllib3.connection.HTTPConnection object at 0x7f03b8893780>: Failed to establish a new connection: [Errno -2] Name or service not known',))
HTTPConnectionPool(host='www.dieei.unict.itcorsi', port=80): Max retries exceeded with url: /lm-27 (Caused by NewConnectionError('<urllib3.connection.HTTPConnection object at 0x7f03b8893080>: Failed to establish a new connection: [Errno -2] Name or service not known',))
HTTPConnectionPool(host='www.dieei.unict.itcorsi', port=80): Max retries exceeded with url: /lm-32 (Caused by NewConnectionError('<urllib3.connection.HTTPConnection object at 0x7f03b8893780>: Failed to establish a new connection: [Errno -2] Name or service not known',))
HTTPConnectionPool(host='web.dmi.unict.itcorsi', port=80): Max retries exceeded with url: /l-31 (Caused by NewConnectionError('<urllib3.connection.HTTPConnection object at 0x7f658c03ecf8>: Failed to establish a new connection: [Errno -2] Name or service not known',))
HTTPConnectionPool(host='web.dmi.unict.itcorsi', port=80): Max retries exceeded with url: /l-35 (Caused by NewConnectionError('<urllib3.connection.HTTPConnection object at 0x7f658c03ecc0>: Failed to establish a new connection: [Errno -2] Name or service not known',))
HTTPConnectionPool(host='web.dmi.unict.itcorsi', port=80): Max retries exceeded with url: /lm-18 (Caused by NewConnectionError('<urllib3.connection.HTTPConnection object at 0x7f658c03edd8>: Failed to establish a new connection: [Errno -2] Name or service not known',))
HTTPConnectionPool(host='web.dmi.unict.itcorsi', port=80): Max retries exceeded with url: /lm-40 (Caused by NewConnectionError('<urllib3.connection.HTTPConnection object at 0x7f658c03ee48>: Failed to establish a new connection: [Errno -2] Name or service not known',))
HTTPConnectionPool(host='web.dmi.unict.itcorsi', port=80): Max retries exceeded with url: /l-31 (Caused by NewConnectionError('<urllib3.connection.HTTPConnection object at 0x7f657671a320>: Failed to establish a new connection: [Errno -2] Name or service not known',))
HTTPConnectionPool(host='web.dmi.unict.itcorsi', port=80): Max retries exceeded with url: /l-35 (Caused by NewConnectionError('<urllib3.connection.HTTPConnection object at 0x7f657671a128>: Failed to establish a new connection: [Errno -2] Name or service not known',))
HTTPConnectionPool(host='web.dmi.unict.itcorsi', port=80): Max retries exceeded with url: /lm-18 (Caused by NewConnectionError('<urllib3.connection.HTTPConnection object at 0x7f657671d320>: Failed to establish a new connection: [Errno -2] Name or service not known',))
HTTPConnectionPool(host='web.dmi.unict.itcorsi', port=80): Max retries exceeded with url: /lm-40 (Caused by NewConnectionError('<urllib3.connection.HTTPConnection object at 0x7f657671d128>: Failed to establish a new connection: [Errno -2] Name or service not known',))
HTTPConnectionPool(host='www.dieei.unict.itcorsi', port=80): Max retries exceeded with url: /l-8-ele (Caused by NewConnectionError('<urllib3.connection.HTTPConnection object at 0x7f657671d9b0>: Failed to establish a new connection: [Errno -2] Name or service not known',))
HTTPConnectionPool(host='www.dieei.unict.itcorsi', port=80): Max retries exceeded with url: /l-9 (Caused by NewConnectionError('<urllib3.connection.HTTPConnection object at 0x7f6576591320>: Failed to establish a new connection: [Errno -2] Name or service not known',))
HTTPConnectionPool(host='www.dieei.unict.itcorsi', port=80): Max retries exceeded with url: /l-8-inf (Caused by NewConnectionError('<urllib3.connection.HTTPConnection object at 0x7f6576591160>: Failed to establish a new connection: [Errno -2] Name or service not known',))
HTTPConnectionPool(host='www.dieei.unict.itcorsi', port=80): Max retries exceeded with url: /lm-25 (Caused by NewConnectionError('<urllib3.connection.HTTPConnection object at 0x7f6576591320>: Failed to establish a new connection: [Errno -2] Name or service not known',))
HTTPConnectionPool(host='www.dieei.unict.itcorsi', port=80): Max retries exceeded with url: /lm-28 (Caused by NewConnectionError('<urllib3.connection.HTTPConnection object at 0x7f6576591160>: Failed to establish a new connection: [Errno -2] Name or service not known',))
HTTPConnectionPool(host='www.dieei.unict.itcorsi', port=80): Max retries exceeded with url: /lm-29 (Caused by NewConnectionError('<urllib3.connection.HTTPConnection object at 0x7f65764f9cf8>: Failed to establish a new connection: [Errno -2] Name or service not known',))
HTTPConnectionPool(host='www.dieei.unict.itcorsi', port=80): Max retries exceeded with url: /lm-27 (Caused by NewConnectionError('<urllib3.connection.HTTPConnection object at 0x7f65764f9390>: Failed to establish a new connection: [Errno -2] Name or service not known',))
HTTPConnectionPool(host='www.dieei.unict.itcorsi', port=80): Max retries exceeded with url: /lm-32 (Caused by NewConnectionError('<urllib3.connection.HTTPConnection object at 0x7f65764f93c8>: Failed to establish a new connection: [Errno -2] Name or service not known',))
HTTPConnectionPool(host='www.dieei.unict.itcorsi', port=80): Max retries exceeded with url: /l-8-ele (Caused by NewConnectionError('<urllib3.connection.HTTPConnection object at 0x7f65764a0128>: Failed to establish a new connection: [Errno -2] Name or service not known',))
HTTPConnectionPool(host='www.dieei.unict.itcorsi', port=80): Max retries exceeded with url: /l-9 (Caused by NewConnectionError('<urllib3.connection.HTTPConnection object at 0x7f65764a0cf8>: Failed to establish a new connection: [Errno -2] Name or service not known',))
HTTPConnectionPool(host='www.dieei.unict.itcorsi', port=80): Max retries exceeded with url: /l-8-inf (Caused by NewConnectionError('<urllib3.connection.HTTPConnection object at 0x7f65764a0630>: Failed to establish a new connection: [Errno -2] Name or service not known',))
HTTPConnectionPool(host='www.dieei.unict.itcorsi', port=80): Max retries exceeded with url: /lm-25 (Caused by NewConnectionError('<urllib3.connection.HTTPConnection object at 0x7f65764a0cf8>: Failed to establish a new connection: [Errno -2] Name or service not known',))
HTTPConnectionPool(host='www.dieei.unict.itcorsi', port=80): Max retries exceeded with url: /lm-28 (Caused by NewConnectionError('<urllib3.connection.HTTPConnection object at 0x7f65764a0198>: Failed to establish a new connection: [Errno -2] Name or service not known',))
HTTPConnectionPool(host='www.dieei.unict.itcorsi', port=80): Max retries exceeded with url: /lm-29 (Caused by NewConnectionError('<urllib3.connection.HTTPConnection object at 0x7f657644aef0>: Failed to establish a new connection: [Errno -2] Name or service not known',))
HTTPConnectionPool(host='www.dieei.unict.itcorsi', port=80): Max retries exceeded with url: /lm-27 (Caused by NewConnectionError('<urllib3.connection.HTTPConnection object at 0x7f65764a0f28>: Failed to establish a new connection: [Errno -2] Name or service not known',))
HTTPConnectionPool(host='www.dieei.unict.itcorsi', port=80): Max retries exceeded with url: /lm-32 (Caused by NewConnectionError('<urllib3.connection.HTTPConnection object at 0x7f65764a0a20>: Failed to establish a new connection: [Errno -2] Name or service not known',))
HTTPConnectionPool(host='web.dmi.unict.itcorsi', port=80): Max retries exceeded with url: /l-31 (Caused by NewConnectionError('<urllib3.connection.HTTPConnection object at 0x7f360c4fccf8>: Failed to establish a new connection: [Errno -2] Name or service not known',))
HTTPConnectionPool(host='web.dmi.unict.itcorsi', port=80): Max retries exceeded with url: /l-35 (Caused by NewConnectionError('<urllib3.connection.HTTPConnection object at 0x7f360c4fccc0>: Failed to establish a new connection: [Errno -2] Name or service not known',))
HTTPConnectionPool(host='web.dmi.unict.itcorsi', port=80): Max retries exceeded with url: /lm-18 (Caused by NewConnectionError('<urllib3.connection.HTTPConnection object at 0x7f360c4fcdd8>: Failed to establish a new connection: [Errno -2] Name or service not known',))
HTTPConnectionPool(host='web.dmi.unict.itcorsi', port=80): Max retries exceeded with url: /lm-40 (Caused by NewConnectionError('<urllib3.connection.HTTPConnection object at 0x7f360c4fce48>: Failed to establish a new connection: [Errno -2] Name or service not known',))
HTTPConnectionPool(host='web.dmi.unict.itcorsi', port=80): Max retries exceeded with url: /l-31 (Caused by NewConnectionError('<urllib3.connection.HTTPConnection object at 0x7f360c409320>: Failed to establish a new connection: [Errno -2] Name or service not known',))
HTTPConnectionPool(host='web.dmi.unict.itcorsi', port=80): Max retries exceeded with url: /l-35 (Caused by NewConnectionError('<urllib3.connection.HTTPConnection object at 0x7f360c409128>: Failed to establish a new connection: [Errno -2] Name or service not known',))
HTTPConnectionPool(host='web.dmi.unict.itcorsi', port=80): Max retries exceeded with url: /lm-18 (Caused by NewConnectionError('<urllib3.connection.HTTPConnection object at 0x7f360c40c320>: Failed to establish a new connection: [Errno -2] Name or service not known',))
HTTPConnectionPool(host='web.dmi.unict.itcorsi', port=80): Max retries exceeded with url: /lm-40 (Caused by NewConnectionError('<urllib3.connection.HTTPConnection object at 0x7f360c40c128>: Failed to establish a new connection: [Errno -2] Name or service not known',))
HTTPConnectionPool(host='www.dieei.unict.itcorsi', port=80): Max retries exceeded with url: /l-8-ele (Caused by NewConnectionError('<urllib3.connection.HTTPConnection object at 0x7f360c4b5438>: Failed to establish a new connection: [Errno -2] Name or service not known',))
HTTPConnectionPool(host='www.dieei.unict.itcorsi', port=80): Max retries exceeded with url: /l-9 (Caused by NewConnectionError('<urllib3.connection.HTTPConnection object at 0x7f360c4b52b0>: Failed to establish a new connection: [Errno -2] Name or service not known',))
HTTPConnectionPool(host='www.dieei.unict.itcorsi', port=80): Max retries exceeded with url: /l-8-inf (Caused by NewConnectionError('<urllib3.connection.HTTPConnection object at 0x7f360c4b5128>: Failed to establish a new connection: [Errno -2] Name or service not known',))
HTTPConnectionPool(host='www.dieei.unict.itcorsi', port=80): Max retries exceeded with url: /lm-25 (Caused by NewConnectionError('<urllib3.connection.HTTPConnection object at 0x7f360c4b50f0>: Failed to establish a new connection: [Errno -2] Name or service not known',))
HTTPConnectionPool(host='www.dieei.unict.itcorsi', port=80): Max retries exceeded with url: /lm-28 (Caused by NewConnectionError('<urllib3.connection.HTTPConnection object at 0x7f360c4b5358>: Failed to establish a new connection: [Errno -2] Name or service not known',))
HTTPConnectionPool(host='www.dieei.unict.itcorsi', port=80): Max retries exceeded with url: /lm-29 (Caused by NewConnectionError('<urllib3.connection.HTTPConnection object at 0x7f360e3eab38>: Failed to establish a new connection: [Errno -2] Name or service not known',))
HTTPConnectionPool(host='www.dieei.unict.itcorsi', port=80): Max retries exceeded with url: /lm-27 (Caused by NewConnectionError('<urllib3.connection.HTTPConnection object at 0x7f360e3eaef0>: Failed to establish a new connection: [Errno -2] Name or service not known',))
HTTPConnectionPool(host='www.dieei.unict.itcorsi', port=80): Max retries exceeded with url: /lm-32 (Caused by NewConnectionError('<urllib3.connection.HTTPConnection object at 0x7f360e3ea828>: Failed to establish a new connection: [Errno -2] Name or service not known',))
HTTPConnectionPool(host='www.dieei.unict.itcorsi', port=80): Max retries exceeded with url: /l-8-ele (Caused by NewConnectionError('<urllib3.connection.HTTPConnection object at 0x7f360c22e4a8>: Failed to establish a new connection: [Errno -2] Name or service not known',))
HTTPConnectionPool(host='www.dieei.unict.itcorsi', port=80): Max retries exceeded with url: /l-9 (Caused by NewConnectionError('<urllib3.connection.HTTPConnection object at 0x7f360c22e518>: Failed to establish a new connection: [Errno -2] Name or service not known',))
HTTPConnectionPool(host='www.dieei.unict.itcorsi', port=80): Max retries exceeded with url: /l-8-inf (Caused by NewConnectionError('<urllib3.connection.HTTPConnection object at 0x7f360c22ee80>: Failed to establish a new connection: [Errno -2] Name or service not known',))
HTTPConnectionPool(host='www.dieei.unict.itcorsi', port=80): Max retries exceeded with url: /lm-25 (Caused by NewConnectionError('<urllib3.connection.HTTPConnection object at 0x7f360c22e2b0>: Failed to establish a new connection: [Errno -2] Name or service not known',))
HTTPConnectionPool(host='www.dieei.unict.itcorsi', port=80): Max retries exceeded with url: /lm-28 (Caused by NewConnectionError('<urllib3.connection.HTTPConnection object at 0x7f360c22eac8>: Failed to establish a new connection: [Errno -2] Name or service not known',))
HTTPConnectionPool(host='www.dieei.unict.itcorsi', port=80): Max retries exceeded with url: /lm-29 (Caused by NewConnectionError('<urllib3.connection.HTTPConnection object at 0x7f360c22e0b8>: Failed to establish a new connection: [Errno -2] Name or service not known',))
HTTPConnectionPool(host='www.dieei.unict.itcorsi', port=80): Max retries exceeded with url: /lm-27 (Caused by NewConnectionError('<urllib3.connection.HTTPConnection object at 0x7f360c22e1d0>: Failed to establish a new connection: [Errno -2] Name or service not known',))
HTTPConnectionPool(host='www.dieei.unict.itcorsi', port=80): Max retries exceeded with url: /lm-32 (Caused by NewConnectionError('<urllib3.connection.HTTPConnection object at 0x7f360c22e780>: Failed to establish a new connection: [Errno -2] Name or service not known',))
HTTPConnectionPool(host='web.dmi.unict.itcorsi', port=80): Max retries exceeded with url: /l-31 (Caused by NewConnectionError('<urllib3.connection.HTTPConnection object at 0x7f01503fb668>: Failed to establish a new connection: [Errno -2] Name or service not known',))
HTTPConnectionPool(host='web.dmi.unict.itcorsi', port=80): Max retries exceeded with url: /l-35 (Caused by NewConnectionError('<urllib3.connection.HTTPConnection object at 0x7f01503fbd30>: Failed to establish a new connection: [Errno -2] Name or service not known',))
HTTPConnectionPool(host='web.dmi.unict.itcorsi', port=80): Max retries exceeded with url: /lm-18 (Caused by NewConnectionError('<urllib3.connection.HTTPConnection object at 0x7f01503fbdd8>: Failed to establish a new connection: [Errno -2] Name or service not known',))
HTTPConnectionPool(host='web.dmi.unict.itcorsi', port=80): Max retries exceeded with url: /lm-40 (Caused by NewConnectionError('<urllib3.connection.HTTPConnection object at 0x7f01503fbb00>: Failed to establish a new connection: [Errno -2] Name or service not known',))
HTTPConnectionPool(host='web.dmi.unict.itcorsi', port=80): Max retries exceeded with url: /l-31 (Caused by NewConnectionError('<urllib3.connection.HTTPConnection object at 0x7f0150308320>: Failed to establish a new connection: [Errno -2] Name or service not known',))
HTTPConnectionPool(host='web.dmi.unict.itcorsi', port=80): Max retries exceeded with url: /l-35 (Caused by NewConnectionError('<urllib3.connection.HTTPConnection object at 0x7f0150308128>: Failed to establish a new connection: [Errno -2] Name or service not known',))
HTTPConnectionPool(host='web.dmi.unict.itcorsi', port=80): Max retries exceeded with url: /lm-18 (Caused by NewConnectionError('<urllib3.connection.HTTPConnection object at 0x7f015030b320>: Failed to establish a new connection: [Errno -2] Name or service not known',))
HTTPConnectionPool(host='web.dmi.unict.itcorsi', port=80): Max retries exceeded with url: /lm-40 (Caused by NewConnectionError('<urllib3.connection.HTTPConnection object at 0x7f015030b128>: Failed to establish a new connection: [Errno -2] Name or service not known',))
HTTPConnectionPool(host='www.dieei.unict.itcorsi', port=80): Max retries exceeded with url: /l-8-ele (Caused by NewConnectionError('<urllib3.connection.HTTPConnection object at 0x7f01500f07b8>: Failed to establish a new connection: [Errno -2] Name or service not known',))
HTTPConnectionPool(host='www.dieei.unict.itcorsi', port=80): Max retries exceeded with url: /l-9 (Caused by NewConnectionError('<urllib3.connection.HTTPConnection object at 0x7f01501da320>: Failed to establish a new connection: [Errno -2] Name or service not known',))
HTTPConnectionPool(host='www.dieei.unict.itcorsi', port=80): Max retries exceeded with url: /l-8-inf (Caused by NewConnectionError('<urllib3.connection.HTTPConnection object at 0x7f01501da160>: Failed to establish a new connection: [Errno -2] Name or service not known',))
HTTPConnectionPool(host='www.dieei.unict.itcorsi', port=80): Max retries exceeded with url: /lm-25 (Caused by NewConnectionError('<urllib3.connection.HTTPConnection object at 0x7f01501da3c8>: Failed to establish a new connection: [Errno -2] Name or service not known',))
HTTPConnectionPool(host='www.dieei.unict.itcorsi', port=80): Max retries exceeded with url: /lm-28 (Caused by NewConnectionError('<urllib3.connection.HTTPConnection object at 0x7f0150209978>: Failed to establish a new connection: [Errno -2] Name or service not known',))
HTTPConnectionPool(host='www.dieei.unict.itcorsi', port=80): Max retries exceeded with url: /lm-29 (Caused by NewConnectionError('<urllib3.connection.HTTPConnection object at 0x7f0153b544a8>: Failed to establish a new connection: [Errno -2] Name or service not known',))
HTTPConnectionPool(host='www.dieei.unict.itcorsi', port=80): Max retries exceeded with url: /lm-27 (Caused by NewConnectionError('<urllib3.connection.HTTPConnection object at 0x7f0153b541d0>: Failed to establish a new connection: [Errno -2] Name or service not known',))
HTTPConnectionPool(host='www.dieei.unict.itcorsi', port=80): Max retries exceeded with url: /lm-32 (Caused by NewConnectionError('<urllib3.connection.HTTPConnection object at 0x7f0153b54a58>: Failed to establish a new connection: [Errno -2] Name or service not known',))
HTTPConnectionPool(host='www.dieei.unict.itcorsi', port=80): Max retries exceeded with url: /l-8-ele (Caused by NewConnectionError('<urllib3.connection.HTTPConnection object at 0x7f01503e7ef0>: Failed to establish a new connection: [Errno -2] Name or service not known',))
HTTPConnectionPool(host='www.dieei.unict.itcorsi', port=80): Max retries exceeded with url: /l-9 (Caused by NewConnectionError('<urllib3.connection.HTTPConnection object at 0x7f01503e72b0>: Failed to establish a new connection: [Errno -2] Name or service not known',))
HTTPConnectionPool(host='www.dieei.unict.itcorsi', port=80): Max retries exceeded with url: /l-8-inf (Caused by NewConnectionError('<urllib3.connection.HTTPConnection object at 0x7f01503e7b38>: Failed to establish a new connection: [Errno -2] Name or service not known',))
HTTPConnectionPool(host='www.dieei.unict.itcorsi', port=80): Max retries exceeded with url: /lm-25 (Caused by NewConnectionError('<urllib3.connection.HTTPConnection object at 0x7f01503e7f60>: Failed to establish a new connection: [Errno -2] Name or service not known',))
HTTPConnectionPool(host='www.dieei.unict.itcorsi', port=80): Max retries exceeded with url: /lm-28 (Caused by NewConnectionError('<urllib3.connection.HTTPConnection object at 0x7f01503e72b0>: Failed to establish a new connection: [Errno -2] Name or service not known',))
HTTPConnectionPool(host='www.dieei.unict.itcorsi', port=80): Max retries exceeded with url: /lm-29 (Caused by NewConnectionError('<urllib3.connection.HTTPConnection object at 0x7f01503e7b38>: Failed to establish a new connection: [Errno -2] Name or service not known',))
HTTPConnectionPool(host='www.dieei.unict.itcorsi', port=80): Max retries exceeded with url: /lm-27 (Caused by NewConnectionError('<urllib3.connection.HTTPConnection object at 0x7f01503e72b0>: Failed to establish a new connection: [Errno -2] Name or service not known',))
HTTPConnectionPool(host='www.dieei.unict.itcorsi', port=80): Max retries exceeded with url: /lm-32 (Caused by NewConnectionError('<urllib3.connection.HTTPConnection object at 0x7f01503e78d0>: Failed to establish a new connection: [Errno -2] Name or service not known',))
HTTPConnectionPool(host='web.dmi.unict.itcorsi', port=80): Max retries exceeded with url: /l-31 (Caused by NewConnectionError('<urllib3.connection.HTTPConnection object at 0x7fb4c0604a90>: Failed to establish a new connection: [Errno -2] Name or service not known',))
HTTPConnectionPool(host='web.dmi.unict.itcorsi', port=80): Max retries exceeded with url: /l-35 (Caused by NewConnectionError('<urllib3.connection.HTTPConnection object at 0x7fb4c0604dd8>: Failed to establish a new connection: [Errno -2] Name or service not known',))
HTTPConnectionPool(host='web.dmi.unict.itcorsi', port=80): Max retries exceeded with url: /lm-18 (Caused by NewConnectionError('<urllib3.connection.HTTPConnection object at 0x7fb4c06049e8>: Failed to establish a new connection: [Errno -2] Name or service not known',))
HTTPConnectionPool(host='web.dmi.unict.itcorsi', port=80): Max retries exceeded with url: /lm-40 (Caused by NewConnectionError('<urllib3.connection.HTTPConnection object at 0x7fb4c0604cf8>: Failed to establish a new connection: [Errno -2] Name or service not known',))
HTTPConnectionPool(host='web.dmi.unict.itcorsi', port=80): Max retries exceeded with url: /l-31 (Caused by NewConnectionError('<urllib3.connection.HTTPConnection object at 0x7fb4c05112e8>: Failed to establish a new connection: [Errno -2] Name or service not known',))
HTTPConnectionPool(host='web.dmi.unict.itcorsi', port=80): Max retries exceeded with url: /l-35 (Caused by NewConnectionError('<urllib3.connection.HTTPConnection object at 0x7fb4c05110f0>: Failed to establish a new connection: [Errno -2] Name or service not known',))
HTTPConnectionPool(host='web.dmi.unict.itcorsi', port=80): Max retries exceeded with url: /lm-18 (Caused by NewConnectionError('<urllib3.connection.HTTPConnection object at 0x7fb4c05142e8>: Failed to establish a new connection: [Errno -2] Name or service not known',))
HTTPConnectionPool(host='web.dmi.unict.itcorsi', port=80): Max retries exceeded with url: /lm-40 (Caused by NewConnectionError('<urllib3.connection.HTTPConnection object at 0x7fb4c05142e8>: Failed to establish a new connection: [Errno -2] Name or service not known',))
HTTPConnectionPool(host='www.dieei.unict.itcorsi', port=80): Max retries exceeded with url: /l-8-ele (Caused by NewConnectionError('<urllib3.connection.HTTPConnection object at 0x7fb4c01f0390>: Failed to establish a new connection: [Errno -2] Name or service not known',))
HTTPConnectionPool(host='www.dieei.unict.itcorsi', port=80): Max retries exceeded with url: /l-9 (Caused by NewConnectionError('<urllib3.connection.HTTPConnection object at 0x7fb4c050fda0>: Failed to establish a new connection: [Errno -2] Name or service not known',))
HTTPConnectionPool(host='www.dieei.unict.itcorsi', port=80): Max retries exceeded with url: /l-8-inf (Caused by NewConnectionError('<urllib3.connection.HTTPConnection object at 0x7fb4c050fdd8>: Failed to establish a new connection: [Errno -2] Name or service not known',))
HTTPConnectionPool(host='www.dieei.unict.itcorsi', port=80): Max retries exceeded with url: /lm-25 (Caused by NewConnectionError('<urllib3.connection.HTTPConnection object at 0x7fb4c050fe80>: Failed to establish a new connection: [Errno -2] Name or service not known',))
HTTPConnectionPool(host='www.dieei.unict.itcorsi', port=80): Max retries exceeded with url: /lm-28 (Caused by NewConnectionError('<urllib3.connection.HTTPConnection object at 0x7fb4c0441588>: Failed to establish a new connection: [Errno -2] Name or service not known',))
HTTPConnectionPool(host='www.dieei.unict.itcorsi', port=80): Max retries exceeded with url: /lm-29 (Caused by NewConnectionError('<urllib3.connection.HTTPConnection object at 0x7fb4c04415f8>: Failed to establish a new connection: [Errno -2] Name or service not known',))
HTTPConnectionPool(host='www.dieei.unict.itcorsi', port=80): Max retries exceeded with url: /lm-27 (Caused by NewConnectionError('<urllib3.connection.HTTPConnection object at 0x7fb4c0441390>: Failed to establish a new connection: [Errno -2] Name or service not known',))
HTTPConnectionPool(host='www.dieei.unict.itcorsi', port=80): Max retries exceeded with url: /lm-32 (Caused by NewConnectionError('<urllib3.connection.HTTPConnection object at 0x7fb4c0441518>: Failed to establish a new connection: [Errno -2] Name or service not known',))
HTTPConnectionPool(host='www.dieei.unict.itcorsi', port=80): Max retries exceeded with url: /l-8-ele (Caused by NewConnectionError('<urllib3.connection.HTTPConnection object at 0x7fb4c455bf60>: Failed to establish a new connection: [Errno -2] Name or service not known',))
HTTPConnectionPool(host='www.dieei.unict.itcorsi', port=80): Max retries exceeded with url: /l-9 (Caused by NewConnectionError('<urllib3.connection.HTTPConnection object at 0x7fb4c455be80>: Failed to establish a new connection: [Errno -2] Name or service not known',))
HTTPConnectionPool(host='www.dieei.unict.itcorsi', port=80): Max retries exceeded with url: /l-8-inf (Caused by NewConnectionError('<urllib3.connection.HTTPConnection object at 0x7fb4c455bba8>: Failed to establish a new connection: [Errno -2] Name or service not known',))
HTTPConnectionPool(host='www.dieei.unict.itcorsi', port=80): Max retries exceeded with url: /lm-25 (Caused by NewConnectionError('<urllib3.connection.HTTPConnection object at 0x7fb4c455b6d8>: Failed to establish a new connection: [Errno -2] Name or service not known',))
HTTPConnectionPool(host='www.dieei.unict.itcorsi', port=80): Max retries exceeded with url: /lm-28 (Caused by NewConnectionError('<urllib3.connection.HTTPConnection object at 0x7fb4c455be80>: Failed to establish a new connection: [Errno -2] Name or service not known',))
HTTPConnectionPool(host='www.dieei.unict.itcorsi', port=80): Max retries exceeded with url: /lm-29 (Caused by NewConnectionError('<urllib3.connection.HTTPConnection object at 0x7fb4c455bba8>: Failed to establish a new connection: [Errno -2] Name or service not known',))
HTTPConnectionPool(host='www.dieei.unict.itcorsi', port=80): Max retries exceeded with url: /lm-27 (Caused by NewConnectionError('<urllib3.connection.HTTPConnection object at 0x7fb4c048ed68>: Failed to establish a new connection: [Errno -2] Name or service not known',))
HTTPConnectionPool(host='www.dieei.unict.itcorsi', port=80): Max retries exceeded with url: /lm-32 (Caused by NewConnectionError('<urllib3.connection.HTTPConnection object at 0x7fb4c455b240>: Failed to establish a new connection: [Errno -2] Name or service not known',))
HTTPConnectionPool(host='web.dmi.unict.itcorsi', port=80): Max retries exceeded with url: /l-31 (Caused by NewConnectionError('<urllib3.connection.HTTPConnection object at 0x7ff225f8c668>: Failed to establish a new connection: [Errno -2] Name or service not known',))
HTTPConnectionPool(host='web.dmi.unict.itcorsi', port=80): Max retries exceeded with url: /l-35 (Caused by NewConnectionError('<urllib3.connection.HTTPConnection object at 0x7ff225f8cd30>: Failed to establish a new connection: [Errno -2] Name or service not known',))
HTTPConnectionPool(host='web.dmi.unict.itcorsi', port=80): Max retries exceeded with url: /lm-18 (Caused by NewConnectionError('<urllib3.connection.HTTPConnection object at 0x7ff225f8cdd8>: Failed to establish a new connection: [Errno -2] Name or service not known',))
HTTPConnectionPool(host='web.dmi.unict.itcorsi', port=80): Max retries exceeded with url: /lm-40 (Caused by NewConnectionError('<urllib3.connection.HTTPConnection object at 0x7ff225f8cb00>: Failed to establish a new connection: [Errno -2] Name or service not known',))
HTTPConnectionPool(host='web.dmi.unict.itcorsi', port=80): Max retries exceeded with url: /l-31 (Caused by NewConnectionError('<urllib3.connection.HTTPConnection object at 0x7ff225e99358>: Failed to establish a new connection: [Errno -2] Name or service not known',))
HTTPConnectionPool(host='web.dmi.unict.itcorsi', port=80): Max retries exceeded with url: /l-35 (Caused by NewConnectionError('<urllib3.connection.HTTPConnection object at 0x7ff225e99160>: Failed to establish a new connection: [Errno -2] Name or service not known',))
HTTPConnectionPool(host='web.dmi.unict.itcorsi', port=80): Max retries exceeded with url: /lm-18 (Caused by NewConnectionError('<urllib3.connection.HTTPConnection object at 0x7ff225e9c358>: Failed to establish a new connection: [Errno -2] Name or service not known',))
HTTPConnectionPool(host='web.dmi.unict.itcorsi', port=80): Max retries exceeded with url: /lm-40 (Caused by NewConnectionError('<urllib3.connection.HTTPConnection object at 0x7ff225e9c160>: Failed to establish a new connection: [Errno -2] Name or service not known',))
HTTPConnectionPool(host='www.dieei.unict.itcorsi', port=80): Max retries exceeded with url: /l-8-ele (Caused by NewConnectionError('<urllib3.connection.HTTPConnection object at 0x7ff225cb7cc0>: Failed to establish a new connection: [Errno -2] Name or service not known',))
HTTPConnectionPool(host='www.dieei.unict.itcorsi', port=80): Max retries exceeded with url: /l-9 (Caused by NewConnectionError('<urllib3.connection.HTTPConnection object at 0x7ff225fa0160>: Failed to establish a new connection: [Errno -2] Name or service not known',))
HTTPConnectionPool(host='www.dieei.unict.itcorsi', port=80): Max retries exceeded with url: /l-8-inf (Caused by NewConnectionError('<urllib3.connection.HTTPConnection object at 0x7ff225fa0208>: Failed to establish a new connection: [Errno -2] Name or service not known',))
HTTPConnectionPool(host='www.dieei.unict.itcorsi', port=80): Max retries exceeded with url: /lm-25 (Caused by NewConnectionError('<urllib3.connection.HTTPConnection object at 0x7ff225fa0390>: Failed to establish a new connection: [Errno -2] Name or service not known',))
HTTPConnectionPool(host='www.dieei.unict.itcorsi', port=80): Max retries exceeded with url: /lm-28 (Caused by NewConnectionError('<urllib3.connection.HTTPConnection object at 0x7ff2366859e8>: Failed to establish a new connection: [Errno -2] Name or service not known',))
HTTPConnectionPool(host='www.dieei.unict.itcorsi', port=80): Max retries exceeded with url: /lm-29 (Caused by NewConnectionError('<urllib3.connection.HTTPConnection object at 0x7ff236685898>: Failed to establish a new connection: [Errno -2] Name or service not known',))
HTTPConnectionPool(host='www.dieei.unict.itcorsi', port=80): Max retries exceeded with url: /lm-27 (Caused by NewConnectionError('<urllib3.connection.HTTPConnection object at 0x7ff236685630>: Failed to establish a new connection: [Errno -2] Name or service not known',))
HTTPConnectionPool(host='www.dieei.unict.itcorsi', port=80): Max retries exceeded with url: /lm-32 (Caused by NewConnectionError('<urllib3.connection.HTTPConnection object at 0x7ff236685978>: Failed to establish a new connection: [Errno -2] Name or service not known',))
HTTPConnectionPool(host='www.dieei.unict.itcorsi', port=80): Max retries exceeded with url: /l-8-ele (Caused by NewConnectionError('<urllib3.connection.HTTPConnection object at 0x7ff225bc9470>: Failed to establish a new connection: [Errno -2] Name or service not known',))
HTTPConnectionPool(host='www.dieei.unict.itcorsi', port=80): Max retries exceeded with url: /l-9 (Caused by NewConnectionError('<urllib3.connection.HTTPConnection object at 0x7ff225bc9898>: Failed to establish a new connection: [Errno -2] Name or service not known',))
HTTPConnectionPool(host='www.dieei.unict.itcorsi', port=80): Max retries exceeded with url: /l-8-inf (Caused by NewConnectionError('<urllib3.connection.HTTPConnection object at 0x7ff225bc9cc0>: Failed to establish a new connection: [Errno -2] Name or service not known',))
HTTPConnectionPool(host='www.dieei.unict.itcorsi', port=80): Max retries exceeded with url: /lm-25 (Caused by NewConnectionError('<urllib3.connection.HTTPConnection object at 0x7ff225bc95c0>: Failed to establish a new connection: [Errno -2] Name or service not known',))
HTTPConnectionPool(host='www.dieei.unict.itcorsi', port=80): Max retries exceeded with url: /lm-28 (Caused by NewConnectionError('<urllib3.connection.HTTPConnection object at 0x7ff225bc9898>: Failed to establish a new connection: [Errno -2] Name or service not known',))
HTTPConnectionPool(host='www.dieei.unict.itcorsi', port=80): Max retries exceeded with url: /lm-29 (Caused by NewConnectionError('<urllib3.connection.HTTPConnection object at 0x7ff225bc9e48>: Failed to establish a new connection: [Errno -2] Name or service not known',))
HTTPConnectionPool(host='www.dieei.unict.itcorsi', port=80): Max retries exceeded with url: /lm-27 (Caused by NewConnectionError('<urllib3.connection.HTTPConnection object at 0x7ff225bc9898>: Failed to establish a new connection: [Errno -2] Name or service not known',))
HTTPConnectionPool(host='www.dieei.unict.itcorsi', port=80): Max retries exceeded with url: /lm-32 (Caused by NewConnectionError('<urllib3.connection.HTTPConnection object at 0x7ff225bc9f60>: Failed to establish a new connection: [Errno -2] Name or service not known',))
HTTPConnectionPool(host='web.dmi.unict.itcorsi', port=80): Max retries exceeded with url: /l-31 (Caused by NewConnectionError('<urllib3.connection.HTTPConnection object at 0x7f88403e1668>: Failed to establish a new connection: [Errno -2] Name or service not known',))
HTTPConnectionPool(host='web.dmi.unict.itcorsi', port=80): Max retries exceeded with url: /l-35 (Caused by NewConnectionError('<urllib3.connection.HTTPConnection object at 0x7f88403e1d30>: Failed to establish a new connection: [Errno -2] Name or service not known',))
HTTPConnectionPool(host='web.dmi.unict.itcorsi', port=80): Max retries exceeded with url: /lm-18 (Caused by NewConnectionError('<urllib3.connection.HTTPConnection object at 0x7f88403e1dd8>: Failed to establish a new connection: [Errno -2] Name or service not known',))
HTTPConnectionPool(host='web.dmi.unict.itcorsi', port=80): Max retries exceeded with url: /lm-40 (Caused by NewConnectionError('<urllib3.connection.HTTPConnection object at 0x7f88403e1b00>: Failed to establish a new connection: [Errno -2] Name or service not known',))
HTTPConnectionPool(host='web.dmi.unict.itcorsi', port=80): Max retries exceeded with url: /l-31 (Caused by NewConnectionError('<urllib3.connection.HTTPConnection object at 0x7f88402ef358>: Failed to establish a new connection: [Errno -2] Name or service not known',))
HTTPConnectionPool(host='web.dmi.unict.itcorsi', port=80): Max retries exceeded with url: /l-35 (Caused by NewConnectionError('<urllib3.connection.HTTPConnection object at 0x7f88402ef358>: Failed to establish a new connection: [Errno -2] Name or service not known',))
HTTPConnectionPool(host='web.dmi.unict.itcorsi', port=80): Max retries exceeded with url: /lm-18 (Caused by NewConnectionError('<urllib3.connection.HTTPConnection object at 0x7f88402ef160>: Failed to establish a new connection: [Errno -2] Name or service not known',))
HTTPConnectionPool(host='web.dmi.unict.itcorsi', port=80): Max retries exceeded with url: /lm-40 (Caused by NewConnectionError('<urllib3.connection.HTTPConnection object at 0x7f88402ef128>: Failed to establish a new connection: [Errno -2] Name or service not known',))
HTTPConnectionPool(host='www.dieei.unict.itcorsi', port=80): Max retries exceeded with url: /l-8-ele (Caused by NewConnectionError('<urllib3.connection.HTTPConnection object at 0x7f88402467f0>: Failed to establish a new connection: [Errno -2] Name or service not known',))
HTTPConnectionPool(host='www.dieei.unict.itcorsi', port=80): Max retries exceeded with url: /l-9 (Caused by NewConnectionError('<urllib3.connection.HTTPConnection object at 0x7f8840246668>: Failed to establish a new connection: [Errno -2] Name or service not known',))
HTTPConnectionPool(host='www.dieei.unict.itcorsi', port=80): Max retries exceeded with url: /l-8-inf (Caused by NewConnectionError('<urllib3.connection.HTTPConnection object at 0x7f88401c72e8>: Failed to establish a new connection: [Errno -2] Name or service not known',))
HTTPConnectionPool(host='www.dieei.unict.itcorsi', port=80): Max retries exceeded with url: /lm-25 (Caused by NewConnectionError('<urllib3.connection.HTTPConnection object at 0x7f88401c7198>: Failed to establish a new connection: [Errno -2] Name or service not known',))
HTTPConnectionPool(host='www.dieei.unict.itcorsi', port=80): Max retries exceeded with url: /lm-28 (Caused by NewConnectionError('<urllib3.connection.HTTPConnection object at 0x7f8841ace048>: Failed to establish a new connection: [Errno -2] Name or service not known',))
HTTPConnectionPool(host='www.dieei.unict.itcorsi', port=80): Max retries exceeded with url: /lm-29 (Caused by NewConnectionError('<urllib3.connection.HTTPConnection object at 0x7f8841aceba8>: Failed to establish a new connection: [Errno -2] Name or service not known',))
HTTPConnectionPool(host='www.dieei.unict.itcorsi', port=80): Max retries exceeded with url: /lm-27 (Caused by NewConnectionError('<urllib3.connection.HTTPConnection object at 0x7f8841acedd8>: Failed to establish a new connection: [Errno -2] Name or service not known',))
HTTPConnectionPool(host='www.dieei.unict.itcorsi', port=80): Max retries exceeded with url: /lm-32 (Caused by NewConnectionError('<urllib3.connection.HTTPConnection object at 0x7f8841ace5c0>: Failed to establish a new connection: [Errno -2] Name or service not known',))
HTTPConnectionPool(host='www.dieei.unict.itcorsi', port=80): Max retries exceeded with url: /l-8-ele (Caused by NewConnectionError('<urllib3.connection.HTTPConnection object at 0x7f88400e7b70>: Failed to establish a new connection: [Errno -2] Name or service not known',))
HTTPConnectionPool(host='www.dieei.unict.itcorsi', port=80): Max retries exceeded with url: /l-9 (Caused by NewConnectionError('<urllib3.connection.HTTPConnection object at 0x7f88400e7828>: Failed to establish a new connection: [Errno -2] Name or service not known',))
HTTPConnectionPool(host='www.dieei.unict.itcorsi', port=80): Max retries exceeded with url: /l-8-inf (Caused by NewConnectionError('<urllib3.connection.HTTPConnection object at 0x7f88400e7cf8>: Failed to establish a new connection: [Errno -2] Name or service not known',))
HTTPConnectionPool(host='www.dieei.unict.itcorsi', port=80): Max retries exceeded with url: /lm-25 (Caused by NewConnectionError('<urllib3.connection.HTTPConnection object at 0x7f88400e70b8>: Failed to establish a new connection: [Errno -2] Name or service not known',))
HTTPConnectionPool(host='www.dieei.unict.itcorsi', port=80): Max retries exceeded with url: /lm-28 (Caused by NewConnectionError('<urllib3.connection.HTTPConnection object at 0x7f88400e77f0>: Failed to establish a new connection: [Errno -2] Name or service not known',))
HTTPConnectionPool(host='www.dieei.unict.itcorsi', port=80): Max retries exceeded with url: /lm-29 (Caused by NewConnectionError('<urllib3.connection.HTTPConnection object at 0x7f88400e7358>: Failed to establish a new connection: [Errno -2] Name or service not known',))
HTTPConnectionPool(host='www.dieei.unict.itcorsi', port=80): Max retries exceeded with url: /lm-27 (Caused by NewConnectionError('<urllib3.connection.HTTPConnection object at 0x7f88400e7fd0>: Failed to establish a new connection: [Errno -2] Name or service not known',))
HTTPConnectionPool(host='www.dieei.unict.itcorsi', port=80): Max retries exceeded with url: /lm-32 (Caused by NewConnectionError('<urllib3.connection.HTTPConnection object at 0x7f88400e7358>: Failed to establish a new connection: [Errno -2] Name or service not known',))
HTTPConnectionPool(host='web.dmi.unict.itcorsi', port=80): Max retries exceeded with url: /l-31 (Caused by NewConnectionError('<urllib3.connection.HTTPConnection object at 0x7fe617524128>: Failed to establish a new connection: [Errno -2] Name or service not known',))
HTTPConnectionPool(host='web.dmi.unict.itcorsi', port=80): Max retries exceeded with url: /l-35 (Caused by NewConnectionError('<urllib3.connection.HTTPConnection object at 0x7fe61750beb8>: Failed to establish a new connection: [Errno -2] Name or service not known',))
HTTPConnectionPool(host='web.dmi.unict.itcorsi', port=80): Max retries exceeded with url: /lm-18 (Caused by NewConnectionError('<urllib3.connection.HTTPConnection object at 0x7fe61750bcf8>: Failed to establish a new connection: [Errno -2] Name or service not known',))
HTTPConnectionPool(host='web.dmi.unict.itcorsi', port=80): Max retries exceeded with url: /lm-40 (Caused by NewConnectionError('<urllib3.connection.HTTPConnection object at 0x7fe61750b8d0>: Failed to establish a new connection: [Errno -2] Name or service not known',))
HTTPConnectionPool(host='web.dmi.unict.itcorsi', port=80): Max retries exceeded with url: /l-31 (Caused by NewConnectionError('<urllib3.connection.HTTPConnection object at 0x7fe61451d320>: Failed to establish a new connection: [Errno -2] Name or service not known',))
HTTPConnectionPool(host='web.dmi.unict.itcorsi', port=80): Max retries exceeded with url: /l-35 (Caused by NewConnectionError('<urllib3.connection.HTTPConnection object at 0x7fe61451d128>: Failed to establish a new connection: [Errno -2] Name or service not known',))
HTTPConnectionPool(host='web.dmi.unict.itcorsi', port=80): Max retries exceeded with url: /lm-18 (Caused by NewConnectionError('<urllib3.connection.HTTPConnection object at 0x7fe61451d0f0>: Failed to establish a new connection: [Errno -2] Name or service not known',))
HTTPConnectionPool(host='web.dmi.unict.itcorsi', port=80): Max retries exceeded with url: /lm-40 (Caused by NewConnectionError('<urllib3.connection.HTTPConnection object at 0x7fe61451d0b8>: Failed to establish a new connection: [Errno -2] Name or service not known',))
HTTPConnectionPool(host='www.dieei.unict.itcorsi', port=80): Max retries exceeded with url: /l-8-ele (Caused by NewConnectionError('<urllib3.connection.HTTPConnection object at 0x7fe6144482e8>: Failed to establish a new connection: [Errno -2] Name or service not known',))
HTTPConnectionPool(host='www.dieei.unict.itcorsi', port=80): Max retries exceeded with url: /l-9 (Caused by NewConnectionError('<urllib3.connection.HTTPConnection object at 0x7fe614236748>: Failed to establish a new connection: [Errno -2] Name or service not known',))
HTTPConnectionPool(host='www.dieei.unict.itcorsi', port=80): Max retries exceeded with url: /l-8-inf (Caused by NewConnectionError('<urllib3.connection.HTTPConnection object at 0x7fe614236748>: Failed to establish a new connection: [Errno -2] Name or service not known',))
HTTPConnectionPool(host='www.dieei.unict.itcorsi', port=80): Max retries exceeded with url: /lm-25 (Caused by NewConnectionError('<urllib3.connection.HTTPConnection object at 0x7fe6144481d0>: Failed to establish a new connection: [Errno -2] Name or service not known',))
HTTPConnectionPool(host='www.dieei.unict.itcorsi', port=80): Max retries exceeded with url: /lm-28 (Caused by NewConnectionError('<urllib3.connection.HTTPConnection object at 0x7fe614448128>: Failed to establish a new connection: [Errno -2] Name or service not known',))
HTTPConnectionPool(host='www.dieei.unict.itcorsi', port=80): Max retries exceeded with url: /lm-29 (Caused by NewConnectionError('<urllib3.connection.HTTPConnection object at 0x7fe6145407f0>: Failed to establish a new connection: [Errno -2] Name or service not known',))
HTTPConnectionPool(host='www.dieei.unict.itcorsi', port=80): Max retries exceeded with url: /lm-27 (Caused by NewConnectionError('<urllib3.connection.HTTPConnection object at 0x7fe614540b38>: Failed to establish a new connection: [Errno -2] Name or service not known',))
HTTPConnectionPool(host='www.dieei.unict.itcorsi', port=80): Max retries exceeded with url: /lm-32 (Caused by NewConnectionError('<urllib3.connection.HTTPConnection object at 0x7fe6145402b0>: Failed to establish a new connection: [Errno -2] Name or service not known',))
HTTPConnectionPool(host='www.dieei.unict.itcorsi', port=80): Max retries exceeded with url: /l-8-ele (Caused by NewConnectionError('<urllib3.connection.HTTPConnection object at 0x7fe61452a898>: Failed to establish a new connection: [Errno -2] Name or service not known',))
HTTPConnectionPool(host='www.dieei.unict.itcorsi', port=80): Max retries exceeded with url: /l-9 (Caused by NewConnectionError('<urllib3.connection.HTTPConnection object at 0x7fe61452a7f0>: Failed to establish a new connection: [Errno -2] Name or service not known',))
HTTPConnectionPool(host='www.dieei.unict.itcorsi', port=80): Max retries exceeded with url: /l-8-inf (Caused by NewConnectionError('<urllib3.connection.HTTPConnection object at 0x7fe61452a128>: Failed to establish a new connection: [Errno -2] Name or service not known',))
HTTPConnectionPool(host='www.dieei.unict.itcorsi', port=80): Max retries exceeded with url: /lm-25 (Caused by NewConnectionError('<urllib3.connection.HTTPConnection object at 0x7fe61452af98>: Failed to establish a new connection: [Errno -2] Name or service not known',))
HTTPConnectionPool(host='www.dieei.unict.itcorsi', port=80): Max retries exceeded with url: /lm-28 (Caused by NewConnectionError('<urllib3.connection.HTTPConnection object at 0x7fe61452a7f0>: Failed to establish a new connection: [Errno -2] Name or service not known',))
HTTPConnectionPool(host='www.dieei.unict.itcorsi', port=80): Max retries exceeded with url: /lm-29 (Caused by NewConnectionError('<urllib3.connection.HTTPConnection object at 0x7fe61452a128>: Failed to establish a new connection: [Errno -2] Name or service not known',))
HTTPConnectionPool(host='www.dieei.unict.itcorsi', port=80): Max retries exceeded with url: /lm-27 (Caused by NewConnectionError('<urllib3.connection.HTTPConnection object at 0x7fe61452a7f0>: Failed to establish a new connection: [Errno -2] Name or service not known',))
HTTPConnectionPool(host='www.dieei.unict.itcorsi', port=80): Max retries exceeded with url: /lm-32 (Caused by NewConnectionError('<urllib3.connection.HTTPConnection object at 0x7fe61452a128>: Failed to establish a new connection: [Errno -2] Name or service not known',))
HTTPConnectionPool(host='web.dmi.unict.itcorsi', port=80): Max retries exceeded with url: /l-31 (Caused by NewConnectionError('<urllib3.connection.HTTPConnection object at 0x7f609460a208>: Failed to establish a new connection: [Errno -2] Name or service not known',))
HTTPConnectionPool(host='web.dmi.unict.itcorsi', port=80): Max retries exceeded with url: /l-35 (Caused by NewConnectionError('<urllib3.connection.HTTPConnection object at 0x7f609460a4a8>: Failed to establish a new connection: [Errno -2] Name or service not known',))
HTTPConnectionPool(host='web.dmi.unict.itcorsi', port=80): Max retries exceeded with url: /lm-18 (Caused by NewConnectionError('<urllib3.connection.HTTPConnection object at 0x7f60945f1898>: Failed to establish a new connection: [Errno -2] Name or service not known',))
HTTPConnectionPool(host='web.dmi.unict.itcorsi', port=80): Max retries exceeded with url: /lm-40 (Caused by NewConnectionError('<urllib3.connection.HTTPConnection object at 0x7f60945f1860>: Failed to establish a new connection: [Errno -2] Name or service not known',))
HTTPConnectionPool(host='web.dmi.unict.itcorsi', port=80): Max retries exceeded with url: /l-31 (Caused by NewConnectionError('<urllib3.connection.HTTPConnection object at 0x7f60906012b0>: Failed to establish a new connection: [Errno -2] Name or service not known',))
HTTPConnectionPool(host='web.dmi.unict.itcorsi', port=80): Max retries exceeded with url: /l-35 (Caused by NewConnectionError('<urllib3.connection.HTTPConnection object at 0x7f60906010b8>: Failed to establish a new connection: [Errno -2] Name or service not known',))
HTTPConnectionPool(host='web.dmi.unict.itcorsi', port=80): Max retries exceeded with url: /lm-18 (Caused by NewConnectionError('<urllib3.connection.HTTPConnection object at 0x7f60906042b0>: Failed to establish a new connection: [Errno -2] Name or service not known',))
HTTPConnectionPool(host='web.dmi.unict.itcorsi', port=80): Max retries exceeded with url: /lm-40 (Caused by NewConnectionError('<urllib3.connection.HTTPConnection object at 0x7f60906040b8>: Failed to establish a new connection: [Errno -2] Name or service not known',))
HTTPConnectionPool(host='www.dieei.unict.itcorsi', port=80): Max retries exceeded with url: /l-8-ele (Caused by NewConnectionError('<urllib3.connection.HTTPConnection object at 0x7f60906f9780>: Failed to establish a new connection: [Errno -2] Name or service not known',))
HTTPConnectionPool(host='www.dieei.unict.itcorsi', port=80): Max retries exceeded with url: /l-9 (Caused by NewConnectionError('<urllib3.connection.HTTPConnection object at 0x7f60904b6470>: Failed to establish a new connection: [Errno -2] Name or service not known',))
HTTPConnectionPool(host='www.dieei.unict.itcorsi', port=80): Max retries exceeded with url: /l-8-inf (Caused by NewConnectionError('<urllib3.connection.HTTPConnection object at 0x7f60904ba278>: Failed to establish a new connection: [Errno -2] Name or service not known',))
HTTPConnectionPool(host='www.dieei.unict.itcorsi', port=80): Max retries exceeded with url: /lm-25 (Caused by NewConnectionError('<urllib3.connection.HTTPConnection object at 0x7f60904ba198>: Failed to establish a new connection: [Errno -2] Name or service not known',))
HTTPConnectionPool(host='www.dieei.unict.itcorsi', port=80): Max retries exceeded with url: /lm-28 (Caused by NewConnectionError('<urllib3.connection.HTTPConnection object at 0x7f60945f8588>: Failed to establish a new connection: [Errno -2] Name or service not known',))
HTTPConnectionPool(host='www.dieei.unict.itcorsi', port=80): Max retries exceeded with url: /lm-29 (Caused by NewConnectionError('<urllib3.connection.HTTPConnection object at 0x7f60945f8358>: Failed to establish a new connection: [Errno -2] Name or service not known',))
HTTPConnectionPool(host='www.dieei.unict.itcorsi', port=80): Max retries exceeded with url: /lm-27 (Caused by NewConnectionError('<urllib3.connection.HTTPConnection object at 0x7f60945f8860>: Failed to establish a new connection: [Errno -2] Name or service not known',))
HTTPConnectionPool(host='www.dieei.unict.itcorsi', port=80): Max retries exceeded with url: /lm-32 (Caused by NewConnectionError('<urllib3.connection.HTTPConnection object at 0x7f60945f8588>: Failed to establish a new connection: [Errno -2] Name or service not known',))
HTTPConnectionPool(host='www.dieei.unict.itcorsi', port=80): Max retries exceeded with url: /l-8-ele (Caused by NewConnectionError('<urllib3.connection.HTTPConnection object at 0x7f60903f8358>: Failed to establish a new connection: [Errno -2] Name or service not known',))
HTTPConnectionPool(host='www.dieei.unict.itcorsi', port=80): Max retries exceeded with url: /l-9 (Caused by NewConnectionError('<urllib3.connection.HTTPConnection object at 0x7f60903f85c0>: Failed to establish a new connection: [Errno -2] Name or service not known',))
HTTPConnectionPool(host='www.dieei.unict.itcorsi', port=80): Max retries exceeded with url: /l-8-inf (Caused by NewConnectionError('<urllib3.connection.HTTPConnection object at 0x7f60903f83c8>: Failed to establish a new connection: [Errno -2] Name or service not known',))
HTTPConnectionPool(host='www.dieei.unict.itcorsi', port=80): Max retries exceeded with url: /lm-25 (Caused by NewConnectionError('<urllib3.connection.HTTPConnection object at 0x7f60903f8898>: Failed to establish a new connection: [Errno -2] Name or service not known',))
HTTPConnectionPool(host='www.dieei.unict.itcorsi', port=80): Max retries exceeded with url: /lm-28 (Caused by NewConnectionError('<urllib3.connection.HTTPConnection object at 0x7f60903f85c0>: Failed to establish a new connection: [Errno -2] Name or service not known',))
HTTPConnectionPool(host='www.dieei.unict.itcorsi', port=80): Max retries exceeded with url: /lm-29 (Caused by NewConnectionError('<urllib3.connection.HTTPConnection object at 0x7f60905ff6d8>: Failed to establish a new connection: [Errno -2] Name or service not known',))
HTTPConnectionPool(host='www.dieei.unict.itcorsi', port=80): Max retries exceeded with url: /lm-27 (Caused by NewConnectionError('<urllib3.connection.HTTPConnection object at 0x7f60905ff630>: Failed to establish a new connection: [Errno -2] Name or service not known',))
HTTPConnectionPool(host='www.dieei.unict.itcorsi', port=80): Max retries exceeded with url: /lm-32 (Caused by NewConnectionError('<urllib3.connection.HTTPConnection object at 0x7f60903f8278>: Failed to establish a new connection: [Errno -2] Name or service not known',))
HTTPConnectionPool(host='web.dmi.unict.itcorsi', port=80): Max retries exceeded with url: /l-31 (Caused by NewConnectionError('<urllib3.connection.HTTPConnection object at 0x7f409c956080>: Failed to establish a new connection: [Errno -2] Name or service not known',))
HTTPConnectionPool(host='web.dmi.unict.itcorsi', port=80): Max retries exceeded with url: /l-35 (Caused by NewConnectionError('<urllib3.connection.HTTPConnection object at 0x7f409c956518>: Failed to establish a new connection: [Errno -2] Name or service not known',))
HTTPConnectionPool(host='web.dmi.unict.itcorsi', port=80): Max retries exceeded with url: /lm-18 (Caused by NewConnectionError('<urllib3.connection.HTTPConnection object at 0x7f409c93d898>: Failed to establish a new connection: [Errno -2] Name or service not known',))
HTTPConnectionPool(host='web.dmi.unict.itcorsi', port=80): Max retries exceeded with url: /lm-40 (Caused by NewConnectionError('<urllib3.connection.HTTPConnection object at 0x7f409c93d860>: Failed to establish a new connection: [Errno -2] Name or service not known',))
HTTPConnectionPool(host='web.dmi.unict.itcorsi', port=80): Max retries exceeded with url: /l-31 (Caused by NewConnectionError('<urllib3.connection.HTTPConnection object at 0x7f40941222b0>: Failed to establish a new connection: [Errno -2] Name or service not known',))
HTTPConnectionPool(host='web.dmi.unict.itcorsi', port=80): Max retries exceeded with url: /l-35 (Caused by NewConnectionError('<urllib3.connection.HTTPConnection object at 0x7f40941220b8>: Failed to establish a new connection: [Errno -2] Name or service not known',))
HTTPConnectionPool(host='web.dmi.unict.itcorsi', port=80): Max retries exceeded with url: /lm-18 (Caused by NewConnectionError('<urllib3.connection.HTTPConnection object at 0x7f40941252b0>: Failed to establish a new connection: [Errno -2] Name or service not known',))
HTTPConnectionPool(host='web.dmi.unict.itcorsi', port=80): Max retries exceeded with url: /lm-40 (Caused by NewConnectionError('<urllib3.connection.HTTPConnection object at 0x7f40941250b8>: Failed to establish a new connection: [Errno -2] Name or service not known',))
HTTPConnectionPool(host='www.dieei.unict.itcorsi', port=80): Max retries exceeded with url: /l-8-ele (Caused by NewConnectionError('<urllib3.connection.HTTPConnection object at 0x7f4077d82780>: Failed to establish a new connection: [Errno -2] Name or service not known',))
HTTPConnectionPool(host='www.dieei.unict.itcorsi', port=80): Max retries exceeded with url: /l-9 (Caused by NewConnectionError('<urllib3.connection.HTTPConnection object at 0x7f4094137320>: Failed to establish a new connection: [Errno -2] Name or service not known',))
HTTPConnectionPool(host='www.dieei.unict.itcorsi', port=80): Max retries exceeded with url: /l-8-inf (Caused by NewConnectionError('<urllib3.connection.HTTPConnection object at 0x7f40941370b8>: Failed to establish a new connection: [Errno -2] Name or service not known',))
HTTPConnectionPool(host='www.dieei.unict.itcorsi', port=80): Max retries exceeded with url: /lm-25 (Caused by NewConnectionError('<urllib3.connection.HTTPConnection object at 0x7f409c933fd0>: Failed to establish a new connection: [Errno -2] Name or service not known',))
HTTPConnectionPool(host='www.dieei.unict.itcorsi', port=80): Max retries exceeded with url: /lm-28 (Caused by NewConnectionError('<urllib3.connection.HTTPConnection object at 0x7f409c933a20>: Failed to establish a new connection: [Errno -2] Name or service not known',))
HTTPConnectionPool(host='www.dieei.unict.itcorsi', port=80): Max retries exceeded with url: /lm-29 (Caused by NewConnectionError('<urllib3.connection.HTTPConnection object at 0x7f409c933eb8>: Failed to establish a new connection: [Errno -2] Name or service not known',))
HTTPConnectionPool(host='www.dieei.unict.itcorsi', port=80): Max retries exceeded with url: /lm-27 (Caused by NewConnectionError('<urllib3.connection.HTTPConnection object at 0x7f409c933fd0>: Failed to establish a new connection: [Errno -2] Name or service not known',))
HTTPConnectionPool(host='www.dieei.unict.itcorsi', port=80): Max retries exceeded with url: /lm-32 (Caused by NewConnectionError('<urllib3.connection.HTTPConnection object at 0x7f409c933a20>: Failed to establish a new connection: [Errno -2] Name or service not known',))
HTTPConnectionPool(host='www.dieei.unict.itcorsi', port=80): Max retries exceeded with url: /l-8-ele (Caused by NewConnectionError('<urllib3.connection.HTTPConnection object at 0x7f4077ee67b8>: Failed to establish a new connection: [Errno -2] Name or service not known',))
HTTPConnectionPool(host='www.dieei.unict.itcorsi', port=80): Max retries exceeded with url: /l-9 (Caused by NewConnectionError('<urllib3.connection.HTTPConnection object at 0x7f4077ee6e10>: Failed to establish a new connection: [Errno -2] Name or service not known',))
HTTPConnectionPool(host='www.dieei.unict.itcorsi', port=80): Max retries exceeded with url: /l-8-inf (Caused by NewConnectionError('<urllib3.connection.HTTPConnection object at 0x7f4077ee6390>: Failed to establish a new connection: [Errno -2] Name or service not known',))
HTTPConnectionPool(host='www.dieei.unict.itcorsi', port=80): Max retries exceeded with url: /lm-25 (Caused by NewConnectionError('<urllib3.connection.HTTPConnection object at 0x7f4077ee6518>: Failed to establish a new connection: [Errno -2] Name or service not known',))
HTTPConnectionPool(host='www.dieei.unict.itcorsi', port=80): Max retries exceeded with url: /lm-28 (Caused by NewConnectionError('<urllib3.connection.HTTPConnection object at 0x7f4077ee6a58>: Failed to establish a new connection: [Errno -2] Name or service not known',))
HTTPConnectionPool(host='www.dieei.unict.itcorsi', port=80): Max retries exceeded with url: /lm-29 (Caused by NewConnectionError('<urllib3.connection.HTTPConnection object at 0x7f4077ee68d0>: Failed to establish a new connection: [Errno -2] Name or service not known',))
HTTPConnectionPool(host='www.dieei.unict.itcorsi', port=80): Max retries exceeded with url: /lm-27 (Caused by NewConnectionError('<urllib3.connection.HTTPConnection object at 0x7f4077ee6da0>: Failed to establish a new connection: [Errno -2] Name or service not known',))
HTTPConnectionPool(host='www.dieei.unict.itcorsi', port=80): Max retries exceeded with url: /lm-32 (Caused by NewConnectionError('<urllib3.connection.HTTPConnection object at 0x7f4077ee6b00>: Failed to establish a new connection: [Errno -2] Name or service not known',))
HTTPConnectionPool(host='web.dmi.unict.itcorsi', port=80): Max retries exceeded with url: /l-31 (Caused by NewConnectionError('<urllib3.connection.HTTPConnection object at 0x7fd95f10f5c0>: Failed to establish a new connection: [Errno -2] Name or service not known',))
HTTPConnectionPool(host='web.dmi.unict.itcorsi', port=80): Max retries exceeded with url: /l-35 (Caused by NewConnectionError('<urllib3.connection.HTTPConnection object at 0x7fd95f10f4a8>: Failed to establish a new connection: [Errno -2] Name or service not known',))
HTTPConnectionPool(host='web.dmi.unict.itcorsi', port=80): Max retries exceeded with url: /lm-18 (Caused by NewConnectionError('<urllib3.connection.HTTPConnection object at 0x7fd95f0f6710>: Failed to establish a new connection: [Errno -2] Name or service not known',))
HTTPConnectionPool(host='web.dmi.unict.itcorsi', port=80): Max retries exceeded with url: /lm-40 (Caused by NewConnectionError('<urllib3.connection.HTTPConnection object at 0x7fd95f0f67f0>: Failed to establish a new connection: [Errno -2] Name or service not known',))
HTTPConnectionPool(host='web.dmi.unict.itcorsi', port=80): Max retries exceeded with url: /l-31 (Caused by NewConnectionError('<urllib3.connection.HTTPConnection object at 0x7fd95c108278>: Failed to establish a new connection: [Errno -2] Name or service not known',))
HTTPConnectionPool(host='web.dmi.unict.itcorsi', port=80): Max retries exceeded with url: /l-35 (Caused by NewConnectionError('<urllib3.connection.HTTPConnection object at 0x7fd95c108080>: Failed to establish a new connection: [Errno -2] Name or service not known',))
HTTPConnectionPool(host='web.dmi.unict.itcorsi', port=80): Max retries exceeded with url: /lm-18 (Caused by NewConnectionError('<urllib3.connection.HTTPConnection object at 0x7fd95c10b278>: Failed to establish a new connection: [Errno -2] Name or service not known',))
HTTPConnectionPool(host='web.dmi.unict.itcorsi', port=80): Max retries exceeded with url: /lm-40 (Caused by NewConnectionError('<urllib3.connection.HTTPConnection object at 0x7fd95c10b080>: Failed to establish a new connection: [Errno -2] Name or service not known',))
HTTPConnectionPool(host='www.dieei.unict.itcorsi', port=80): Max retries exceeded with url: /l-8-ele (Caused by NewConnectionError('<urllib3.connection.HTTPConnection object at 0x7fd95c0455c0>: Failed to establish a new connection: [Errno -2] Name or service not known',))
HTTPConnectionPool(host='www.dieei.unict.itcorsi', port=80): Max retries exceeded with url: /l-9 (Caused by NewConnectionError('<urllib3.connection.HTTPConnection object at 0x7fd95c0456a0>: Failed to establish a new connection: [Errno -2] Name or service not known',))
HTTPConnectionPool(host='www.dieei.unict.itcorsi', port=80): Max retries exceeded with url: /l-8-inf (Caused by NewConnectionError('<urllib3.connection.HTTPConnection object at 0x7fd95c045908>: Failed to establish a new connection: [Errno -2] Name or service not known',))
HTTPConnectionPool(host='www.dieei.unict.itcorsi', port=80): Max retries exceeded with url: /lm-25 (Caused by NewConnectionError('<urllib3.connection.HTTPConnection object at 0x7fd95c0453c8>: Failed to establish a new connection: [Errno -2] Name or service not known',))
HTTPConnectionPool(host='www.dieei.unict.itcorsi', port=80): Max retries exceeded with url: /lm-28 (Caused by NewConnectionError('<urllib3.connection.HTTPConnection object at 0x7fd95c0456a0>: Failed to establish a new connection: [Errno -2] Name or service not known',))
HTTPConnectionPool(host='www.dieei.unict.itcorsi', port=80): Max retries exceeded with url: /lm-29 (Caused by NewConnectionError('<urllib3.connection.HTTPConnection object at 0x7fd95c045908>: Failed to establish a new connection: [Errno -2] Name or service not known',))
HTTPConnectionPool(host='www.dieei.unict.itcorsi', port=80): Max retries exceeded with url: /lm-27 (Caused by NewConnectionError('<urllib3.connection.HTTPConnection object at 0x7fd95c0453c8>: Failed to establish a new connection: [Errno -2] Name or service not known',))
HTTPConnectionPool(host='www.dieei.unict.itcorsi', port=80): Max retries exceeded with url: /lm-32 (Caused by NewConnectionError('<urllib3.connection.HTTPConnection object at 0x7fd95c0456a0>: Failed to establish a new connection: [Errno -2] Name or service not known',))
HTTPConnectionPool(host='www.dieei.unict.itcorsi', port=80): Max retries exceeded with url: /l-8-ele (Caused by NewConnectionError('<urllib3.connection.HTTPConnection object at 0x7fd9467b3208>: Failed to establish a new connection: [Errno -2] Name or service not known',))
HTTPConnectionPool(host='www.dieei.unict.itcorsi', port=80): Max retries exceeded with url: /l-9 (Caused by NewConnectionError('<urllib3.connection.HTTPConnection object at 0x7fd946787358>: Failed to establish a new connection: [Errno -2] Name or service not known',))
HTTPConnectionPool(host='www.dieei.unict.itcorsi', port=80): Max retries exceeded with url: /l-8-inf (Caused by NewConnectionError('<urllib3.connection.HTTPConnection object at 0x7fd9467873c8>: Failed to establish a new connection: [Errno -2] Name or service not known',))
HTTPConnectionPool(host='www.dieei.unict.itcorsi', port=80): Max retries exceeded with url: /lm-25 (Caused by NewConnectionError('<urllib3.connection.HTTPConnection object at 0x7fd9467624a8>: Failed to establish a new connection: [Errno -2] Name or service not known',))
HTTPConnectionPool(host='www.dieei.unict.itcorsi', port=80): Max retries exceeded with url: /lm-28 (Caused by NewConnectionError('<urllib3.connection.HTTPConnection object at 0x7fd9467626a0>: Failed to establish a new connection: [Errno -2] Name or service not known',))
HTTPConnectionPool(host='www.dieei.unict.itcorsi', port=80): Max retries exceeded with url: /lm-29 (Caused by NewConnectionError('<urllib3.connection.HTTPConnection object at 0x7fd946762470>: Failed to establish a new connection: [Errno -2] Name or service not known',))
HTTPConnectionPool(host='www.dieei.unict.itcorsi', port=80): Max retries exceeded with url: /lm-27 (Caused by NewConnectionError('<urllib3.connection.HTTPConnection object at 0x7fd9467624e0>: Failed to establish a new connection: [Errno -2] Name or service not known',))
HTTPConnectionPool(host='www.dieei.unict.itcorsi', port=80): Max retries exceeded with url: /lm-32 (Caused by NewConnectionError('<urllib3.connection.HTTPConnection object at 0x7fd946762710>: Failed to establish a new connection: [Errno -2] Name or service not known',))
HTTPConnectionPool(host='web.dmi.unict.itcorsi', port=80): Max retries exceeded with url: /l-31 (Caused by NewConnectionError('<urllib3.connection.HTTPConnection object at 0x7f16b0719668>: Failed to establish a new connection: [Errno -2] Name or service not known',))
HTTPConnectionPool(host='web.dmi.unict.itcorsi', port=80): Max retries exceeded with url: /l-35 (Caused by NewConnectionError('<urllib3.connection.HTTPConnection object at 0x7f16b0719d30>: Failed to establish a new connection: [Errno -2] Name or service not known',))
HTTPConnectionPool(host='web.dmi.unict.itcorsi', port=80): Max retries exceeded with url: /lm-18 (Caused by NewConnectionError('<urllib3.connection.HTTPConnection object at 0x7f16b0719dd8>: Failed to establish a new connection: [Errno -2] Name or service not known',))
HTTPConnectionPool(host='web.dmi.unict.itcorsi', port=80): Max retries exceeded with url: /lm-40 (Caused by NewConnectionError('<urllib3.connection.HTTPConnection object at 0x7f16b0719b00>: Failed to establish a new connection: [Errno -2] Name or service not known',))
HTTPConnectionPool(host='web.dmi.unict.itcorsi', port=80): Max retries exceeded with url: /l-31 (Caused by NewConnectionError('<urllib3.connection.HTTPConnection object at 0x7f16b0626358>: Failed to establish a new connection: [Errno -2] Name or service not known',))
HTTPConnectionPool(host='web.dmi.unict.itcorsi', port=80): Max retries exceeded with url: /l-35 (Caused by NewConnectionError('<urllib3.connection.HTTPConnection object at 0x7f16b0626160>: Failed to establish a new connection: [Errno -2] Name or service not known',))
HTTPConnectionPool(host='web.dmi.unict.itcorsi', port=80): Max retries exceeded with url: /lm-18 (Caused by NewConnectionError('<urllib3.connection.HTTPConnection object at 0x7f16b0629358>: Failed to establish a new connection: [Errno -2] Name or service not known',))
HTTPConnectionPool(host='web.dmi.unict.itcorsi', port=80): Max retries exceeded with url: /lm-40 (Caused by NewConnectionError('<urllib3.connection.HTTPConnection object at 0x7f16b0629160>: Failed to establish a new connection: [Errno -2] Name or service not known',))
HTTPConnectionPool(host='www.dieei.unict.itcorsi', port=80): Max retries exceeded with url: /l-8-ele (Caused by NewConnectionError('<urllib3.connection.HTTPConnection object at 0x7f16b0407b38>: Failed to establish a new connection: [Errno -2] Name or service not known',))
HTTPConnectionPool(host='www.dieei.unict.itcorsi', port=80): Max retries exceeded with url: /l-9 (Caused by NewConnectionError('<urllib3.connection.HTTPConnection object at 0x7f16b04079b0>: Failed to establish a new connection: [Errno -2] Name or service not known',))
HTTPConnectionPool(host='www.dieei.unict.itcorsi', port=80): Max retries exceeded with url: /l-8-inf (Caused by NewConnectionError('<urllib3.connection.HTTPConnection object at 0x7f16b0407be0>: Failed to establish a new connection: [Errno -2] Name or service not known',))
HTTPConnectionPool(host='www.dieei.unict.itcorsi', port=80): Max retries exceeded with url: /lm-25 (Caused by NewConnectionError('<urllib3.connection.HTTPConnection object at 0x7f16b0407438>: Failed to establish a new connection: [Errno -2] Name or service not known',))
HTTPConnectionPool(host='www.dieei.unict.itcorsi', port=80): Max retries exceeded with url: /lm-28 (Caused by NewConnectionError('<urllib3.connection.HTTPConnection object at 0x7f16b0407240>: Failed to establish a new connection: [Errno -2] Name or service not known',))
HTTPConnectionPool(host='www.dieei.unict.itcorsi', port=80): Max retries exceeded with url: /lm-29 (Caused by NewConnectionError('<urllib3.connection.HTTPConnection object at 0x7f16b0407a90>: Failed to establish a new connection: [Errno -2] Name or service not known',))
HTTPConnectionPool(host='www.dieei.unict.itcorsi', port=80): Max retries exceeded with url: /lm-27 (Caused by NewConnectionError('<urllib3.connection.HTTPConnection object at 0x7f16b0407358>: Failed to establish a new connection: [Errno -2] Name or service not known',))
HTTPConnectionPool(host='www.dieei.unict.itcorsi', port=80): Max retries exceeded with url: /lm-32 (Caused by NewConnectionError('<urllib3.connection.HTTPConnection object at 0x7f16b0407518>: Failed to establish a new connection: [Errno -2] Name or service not known',))
HTTPConnectionPool(host='www.dieei.unict.itcorsi', port=80): Max retries exceeded with url: /l-8-ele (Caused by NewConnectionError('<urllib3.connection.HTTPConnection object at 0x7f16b0681828>: Failed to establish a new connection: [Errno -2] Name or service not known',))
HTTPConnectionPool(host='www.dieei.unict.itcorsi', port=80): Max retries exceeded with url: /l-9 (Caused by NewConnectionError('<urllib3.connection.HTTPConnection object at 0x7f16b0681ba8>: Failed to establish a new connection: [Errno -2] Name or service not known',))
HTTPConnectionPool(host='www.dieei.unict.itcorsi', port=80): Max retries exceeded with url: /l-8-inf (Caused by NewConnectionError('<urllib3.connection.HTTPConnection object at 0x7f16b0681358>: Failed to establish a new connection: [Errno -2] Name or service not known',))
HTTPConnectionPool(host='www.dieei.unict.itcorsi', port=80): Max retries exceeded with url: /lm-25 (Caused by NewConnectionError('<urllib3.connection.HTTPConnection object at 0x7f16b0681908>: Failed to establish a new connection: [Errno -2] Name or service not known',))
HTTPConnectionPool(host='www.dieei.unict.itcorsi', port=80): Max retries exceeded with url: /lm-28 (Caused by NewConnectionError('<urllib3.connection.HTTPConnection object at 0x7f16b0681518>: Failed to establish a new connection: [Errno -2] Name or service not known',))
HTTPConnectionPool(host='www.dieei.unict.itcorsi', port=80): Max retries exceeded with url: /lm-29 (Caused by NewConnectionError('<urllib3.connection.HTTPConnection object at 0x7f16b057c7f0>: Failed to establish a new connection: [Errno -2] Name or service not known',))
HTTPConnectionPool(host='www.dieei.unict.itcorsi', port=80): Max retries exceeded with url: /lm-27 (Caused by NewConnectionError('<urllib3.connection.HTTPConnection object at 0x7f16b0681908>: Failed to establish a new connection: [Errno -2] Name or service not known',))
HTTPConnectionPool(host='www.dieei.unict.itcorsi', port=80): Max retries exceeded with url: /lm-32 (Caused by NewConnectionError('<urllib3.connection.HTTPConnection object at 0x7f16b0681c88>: Failed to establish a new connection: [Errno -2] Name or service not known',))
HTTPConnectionPool(host='web.dmi.unict.itcorsi', port=80): Max retries exceeded with url: /l-31 (Caused by NewConnectionError('<urllib3.connection.HTTPConnection object at 0x7f5804261a90>: Failed to establish a new connection: [Errno -2] Name or service not known',))
HTTPConnectionPool(host='web.dmi.unict.itcorsi', port=80): Max retries exceeded with url: /l-35 (Caused by NewConnectionError('<urllib3.connection.HTTPConnection object at 0x7f5804261dd8>: Failed to establish a new connection: [Errno -2] Name or service not known',))
HTTPConnectionPool(host='web.dmi.unict.itcorsi', port=80): Max retries exceeded with url: /lm-18 (Caused by NewConnectionError('<urllib3.connection.HTTPConnection object at 0x7f58042619e8>: Failed to establish a new connection: [Errno -2] Name or service not known',))
HTTPConnectionPool(host='web.dmi.unict.itcorsi', port=80): Max retries exceeded with url: /lm-40 (Caused by NewConnectionError('<urllib3.connection.HTTPConnection object at 0x7f5804261cf8>: Failed to establish a new connection: [Errno -2] Name or service not known',))
HTTPConnectionPool(host='web.dmi.unict.itcorsi', port=80): Max retries exceeded with url: /l-31 (Caused by NewConnectionError('<urllib3.connection.HTTPConnection object at 0x7f580416e2e8>: Failed to establish a new connection: [Errno -2] Name or service not known',))
HTTPConnectionPool(host='web.dmi.unict.itcorsi', port=80): Max retries exceeded with url: /l-35 (Caused by NewConnectionError('<urllib3.connection.HTTPConnection object at 0x7f580416e0f0>: Failed to establish a new connection: [Errno -2] Name or service not known',))
HTTPConnectionPool(host='web.dmi.unict.itcorsi', port=80): Max retries exceeded with url: /lm-18 (Caused by NewConnectionError('<urllib3.connection.HTTPConnection object at 0x7f58041712e8>: Failed to establish a new connection: [Errno -2] Name or service not known',))
HTTPConnectionPool(host='web.dmi.unict.itcorsi', port=80): Max retries exceeded with url: /lm-40 (Caused by NewConnectionError('<urllib3.connection.HTTPConnection object at 0x7f58041710f0>: Failed to establish a new connection: [Errno -2] Name or service not known',))
HTTPConnectionPool(host='www.dieei.unict.itcorsi', port=80): Max retries exceeded with url: /l-8-ele (Caused by NewConnectionError('<urllib3.connection.HTTPConnection object at 0x7f58041d4c18>: Failed to establish a new connection: [Errno -2] Name or service not known',))
HTTPConnectionPool(host='www.dieei.unict.itcorsi', port=80): Max retries exceeded with url: /l-9 (Caused by NewConnectionError('<urllib3.connection.HTTPConnection object at 0x7f58041d40f0>: Failed to establish a new connection: [Errno -2] Name or service not known',))
HTTPConnectionPool(host='www.dieei.unict.itcorsi', port=80): Max retries exceeded with url: /l-8-inf (Caused by NewConnectionError('<urllib3.connection.HTTPConnection object at 0x7f58041d49e8>: Failed to establish a new connection: [Errno -2] Name or service not known',))
HTTPConnectionPool(host='www.dieei.unict.itcorsi', port=80): Max retries exceeded with url: /lm-25 (Caused by NewConnectionError('<urllib3.connection.HTTPConnection object at 0x7f58041d4358>: Failed to establish a new connection: [Errno -2] Name or service not known',))
HTTPConnectionPool(host='www.dieei.unict.itcorsi', port=80): Max retries exceeded with url: /lm-28 (Caused by NewConnectionError('<urllib3.connection.HTTPConnection object at 0x7f58041d48d0>: Failed to establish a new connection: [Errno -2] Name or service not known',))
HTTPConnectionPool(host='www.dieei.unict.itcorsi', port=80): Max retries exceeded with url: /lm-29 (Caused by NewConnectionError('<urllib3.connection.HTTPConnection object at 0x7f58041d4748>: Failed to establish a new connection: [Errno -2] Name or service not known',))
HTTPConnectionPool(host='www.dieei.unict.itcorsi', port=80): Max retries exceeded with url: /lm-27 (Caused by NewConnectionError('<urllib3.connection.HTTPConnection object at 0x7f58041d4828>: Failed to establish a new connection: [Errno -2] Name or service not known',))
HTTPConnectionPool(host='www.dieei.unict.itcorsi', port=80): Max retries exceeded with url: /lm-32 (Caused by NewConnectionError('<urllib3.connection.HTTPConnection object at 0x7f58041d43c8>: Failed to establish a new connection: [Errno -2] Name or service not known',))
HTTPConnectionPool(host='www.dieei.unict.itcorsi', port=80): Max retries exceeded with url: /l-8-ele (Caused by NewConnectionError('<urllib3.connection.HTTPConnection object at 0x7f580814a400>: Failed to establish a new connection: [Errno -2] Name or service not known',))
HTTPConnectionPool(host='www.dieei.unict.itcorsi', port=80): Max retries exceeded with url: /l-9 (Caused by NewConnectionError('<urllib3.connection.HTTPConnection object at 0x7f580814a390>: Failed to establish a new connection: [Errno -2] Name or service not known',))
HTTPConnectionPool(host='www.dieei.unict.itcorsi', port=80): Max retries exceeded with url: /l-8-inf (Caused by NewConnectionError('<urllib3.connection.HTTPConnection object at 0x7f580814a4a8>: Failed to establish a new connection: [Errno -2] Name or service not known',))
HTTPConnectionPool(host='www.dieei.unict.itcorsi', port=80): Max retries exceeded with url: /lm-25 (Caused by NewConnectionError('<urllib3.connection.HTTPConnection object at 0x7f580814a390>: Failed to establish a new connection: [Errno -2] Name or service not known',))
HTTPConnectionPool(host='www.dieei.unict.itcorsi', port=80): Max retries exceeded with url: /lm-28 (Caused by NewConnectionError('<urllib3.connection.HTTPConnection object at 0x7f580814a1d0>: Failed to establish a new connection: [Errno -2] Name or service not known',))
HTTPConnectionPool(host='www.dieei.unict.itcorsi', port=80): Max retries exceeded with url: /lm-29 (Caused by NewConnectionError('<urllib3.connection.HTTPConnection object at 0x7f58041a1748>: Failed to establish a new connection: [Errno -2] Name or service not known',))
HTTPConnectionPool(host='www.dieei.unict.itcorsi', port=80): Max retries exceeded with url: /lm-27 (Caused by NewConnectionError('<urllib3.connection.HTTPConnection object at 0x7f58041a15f8>: Failed to establish a new connection: [Errno -2] Name or service not known',))
HTTPConnectionPool(host='www.dieei.unict.itcorsi', port=80): Max retries exceeded with url: /lm-32 (Caused by NewConnectionError('<urllib3.connection.HTTPConnection object at 0x7f580814a320>: Failed to establish a new connection: [Errno -2] Name or service not known',))
HTTPConnectionPool(host='web.dmi.unict.itcorsi', port=80): Max retries exceeded with url: /l-31 (Caused by NewConnectionError('<urllib3.connection.HTTPConnection object at 0x7efe2c113668>: Failed to establish a new connection: [Errno -2] Name or service not known',))
HTTPConnectionPool(host='web.dmi.unict.itcorsi', port=80): Max retries exceeded with url: /l-35 (Caused by NewConnectionError('<urllib3.connection.HTTPConnection object at 0x7efe2c113d30>: Failed to establish a new connection: [Errno -2] Name or service not known',))
HTTPConnectionPool(host='web.dmi.unict.itcorsi', port=80): Max retries exceeded with url: /lm-18 (Caused by NewConnectionError('<urllib3.connection.HTTPConnection object at 0x7efe2c113dd8>: Failed to establish a new connection: [Errno -2] Name or service not known',))
HTTPConnectionPool(host='web.dmi.unict.itcorsi', port=80): Max retries exceeded with url: /lm-40 (Caused by NewConnectionError('<urllib3.connection.HTTPConnection object at 0x7efe2c113b00>: Failed to establish a new connection: [Errno -2] Name or service not known',))
HTTPConnectionPool(host='web.dmi.unict.itcorsi', port=80): Max retries exceeded with url: /l-31 (Caused by NewConnectionError('<urllib3.connection.HTTPConnection object at 0x7efe2c020358>: Failed to establish a new connection: [Errno -2] Name or service not known',))
HTTPConnectionPool(host='web.dmi.unict.itcorsi', port=80): Max retries exceeded with url: /l-35 (Caused by NewConnectionError('<urllib3.connection.HTTPConnection object at 0x7efe2c020160>: Failed to establish a new connection: [Errno -2] Name or service not known',))
HTTPConnectionPool(host='web.dmi.unict.itcorsi', port=80): Max retries exceeded with url: /lm-18 (Caused by NewConnectionError('<urllib3.connection.HTTPConnection object at 0x7efe2c023358>: Failed to establish a new connection: [Errno -2] Name or service not known',))
HTTPConnectionPool(host='web.dmi.unict.itcorsi', port=80): Max retries exceeded with url: /lm-40 (Caused by NewConnectionError('<urllib3.connection.HTTPConnection object at 0x7efe2c023160>: Failed to establish a new connection: [Errno -2] Name or service not known',))
HTTPConnectionPool(host='www.dieei.unict.itcorsi', port=80): Max retries exceeded with url: /l-8-ele (Caused by NewConnectionError('<urllib3.connection.HTTPConnection object at 0x7efe2c0c5278>: Failed to establish a new connection: [Errno -2] Name or service not known',))
HTTPConnectionPool(host='www.dieei.unict.itcorsi', port=80): Max retries exceeded with url: /l-9 (Caused by NewConnectionError('<urllib3.connection.HTTPConnection object at 0x7efe2c0c5a58>: Failed to establish a new connection: [Errno -2] Name or service not known',))
HTTPConnectionPool(host='www.dieei.unict.itcorsi', port=80): Max retries exceeded with url: /l-8-inf (Caused by NewConnectionError('<urllib3.connection.HTTPConnection object at 0x7efe2c0c5400>: Failed to establish a new connection: [Errno -2] Name or service not known',))
HTTPConnectionPool(host='www.dieei.unict.itcorsi', port=80): Max retries exceeded with url: /lm-25 (Caused by NewConnectionError('<urllib3.connection.HTTPConnection object at 0x7efe2c12f240>: Failed to establish a new connection: [Errno -2] Name or service not known',))
HTTPConnectionPool(host='www.dieei.unict.itcorsi', port=80): Max retries exceeded with url: /lm-28 (Caused by NewConnectionError('<urllib3.connection.HTTPConnection object at 0x7efe2c12f198>: Failed to establish a new connection: [Errno -2] Name or service not known',))
HTTPConnectionPool(host='www.dieei.unict.itcorsi', port=80): Max retries exceeded with url: /lm-29 (Caused by NewConnectionError('<urllib3.connection.HTTPConnection object at 0x7efe2c12f278>: Failed to establish a new connection: [Errno -2] Name or service not known',))
HTTPConnectionPool(host='www.dieei.unict.itcorsi', port=80): Max retries exceeded with url: /lm-27 (Caused by NewConnectionError('<urllib3.connection.HTTPConnection object at 0x7efe2c0c5240>: Failed to establish a new connection: [Errno -2] Name or service not known',))
HTTPConnectionPool(host='www.dieei.unict.itcorsi', port=80): Max retries exceeded with url: /lm-32 (Caused by NewConnectionError('<urllib3.connection.HTTPConnection object at 0x7efe2c0c5860>: Failed to establish a new connection: [Errno -2] Name or service not known',))
HTTPConnectionPool(host='www.dieei.unict.itcorsi', port=80): Max retries exceeded with url: /l-8-ele (Caused by NewConnectionError('<urllib3.connection.HTTPConnection object at 0x7efe2d5f7d68>: Failed to establish a new connection: [Errno -2] Name or service not known',))
HTTPConnectionPool(host='www.dieei.unict.itcorsi', port=80): Max retries exceeded with url: /l-9 (Caused by NewConnectionError('<urllib3.connection.HTTPConnection object at 0x7efe2d5f7208>: Failed to establish a new connection: [Errno -2] Name or service not known',))
HTTPConnectionPool(host='www.dieei.unict.itcorsi', port=80): Max retries exceeded with url: /l-8-inf (Caused by NewConnectionError('<urllib3.connection.HTTPConnection object at 0x7efe2d5f7198>: Failed to establish a new connection: [Errno -2] Name or service not known',))
HTTPConnectionPool(host='www.dieei.unict.itcorsi', port=80): Max retries exceeded with url: /lm-25 (Caused by NewConnectionError('<urllib3.connection.HTTPConnection object at 0x7efe2d5f7208>: Failed to establish a new connection: [Errno -2] Name or service not known',))
HTTPConnectionPool(host='www.dieei.unict.itcorsi', port=80): Max retries exceeded with url: /lm-28 (Caused by NewConnectionError('<urllib3.connection.HTTPConnection object at 0x7efe2d5f7320>: Failed to establish a new connection: [Errno -2] Name or service not known',))
HTTPConnectionPool(host='www.dieei.unict.itcorsi', port=80): Max retries exceeded with url: /lm-29 (Caused by NewConnectionError('<urllib3.connection.HTTPConnection object at 0x7efe24c9b9b0>: Failed to establish a new connection: [Errno -2] Name or service not known',))
HTTPConnectionPool(host='www.dieei.unict.itcorsi', port=80): Max retries exceeded with url: /lm-27 (Caused by NewConnectionError('<urllib3.connection.HTTPConnection object at 0x7efe2d5f7320>: Failed to establish a new connection: [Errno -2] Name or service not known',))
HTTPConnectionPool(host='www.dieei.unict.itcorsi', port=80): Max retries exceeded with url: /lm-32 (Caused by NewConnectionError('<urllib3.connection.HTTPConnection object at 0x7efe24c9b860>: Failed to establish a new connection: [Errno -2] Name or service not known',))
HTTPConnectionPool(host='web.dmi.unict.itcorsi', port=80): Max retries exceeded with url: /l-31 (Caused by NewConnectionError('<urllib3.connection.HTTPConnection object at 0x7f07b05e7a90>: Failed to establish a new connection: [Errno -2] Name or service not known',))
HTTPConnectionPool(host='web.dmi.unict.itcorsi', port=80): Max retries exceeded with url: /l-35 (Caused by NewConnectionError('<urllib3.connection.HTTPConnection object at 0x7f07b05e7dd8>: Failed to establish a new connection: [Errno -2] Name or service not known',))
HTTPConnectionPool(host='web.dmi.unict.itcorsi', port=80): Max retries exceeded with url: /lm-18 (Caused by NewConnectionError('<urllib3.connection.HTTPConnection object at 0x7f07b05e79e8>: Failed to establish a new connection: [Errno -2] Name or service not known',))
HTTPConnectionPool(host='web.dmi.unict.itcorsi', port=80): Max retries exceeded with url: /lm-40 (Caused by NewConnectionError('<urllib3.connection.HTTPConnection object at 0x7f07b05e7cf8>: Failed to establish a new connection: [Errno -2] Name or service not known',))
HTTPConnectionPool(host='web.dmi.unict.itcorsi', port=80): Max retries exceeded with url: /l-31 (Caused by NewConnectionError('<urllib3.connection.HTTPConnection object at 0x7f07b04f42e8>: Failed to establish a new connection: [Errno -2] Name or service not known',))
HTTPConnectionPool(host='web.dmi.unict.itcorsi', port=80): Max retries exceeded with url: /l-35 (Caused by NewConnectionError('<urllib3.connection.HTTPConnection object at 0x7f07b04f40f0>: Failed to establish a new connection: [Errno -2] Name or service not known',))
HTTPConnectionPool(host='web.dmi.unict.itcorsi', port=80): Max retries exceeded with url: /lm-18 (Caused by NewConnectionError('<urllib3.connection.HTTPConnection object at 0x7f07b04f42e8>: Failed to establish a new connection: [Errno -2] Name or service not known',))
HTTPConnectionPool(host='web.dmi.unict.itcorsi', port=80): Max retries exceeded with url: /lm-40 (Caused by NewConnectionError('<urllib3.connection.HTTPConnection object at 0x7f07b04f92e8>: Failed to establish a new connection: [Errno -2] Name or service not known',))
HTTPConnectionPool(host='www.dieei.unict.itcorsi', port=80): Max retries exceeded with url: /l-8-ele (Caused by NewConnectionError('<urllib3.connection.HTTPConnection object at 0x7f07b24f8160>: Failed to establish a new connection: [Errno -2] Name or service not known',))
HTTPConnectionPool(host='www.dieei.unict.itcorsi', port=80): Max retries exceeded with url: /l-9 (Caused by NewConnectionError('<urllib3.connection.HTTPConnection object at 0x7f07b24f85f8>: Failed to establish a new connection: [Errno -2] Name or service not known',))
HTTPConnectionPool(host='www.dieei.unict.itcorsi', port=80): Max retries exceeded with url: /l-8-inf (Caused by NewConnectionError('<urllib3.connection.HTTPConnection object at 0x7f07b24f8518>: Failed to establish a new connection: [Errno -2] Name or service not known',))
HTTPConnectionPool(host='www.dieei.unict.itcorsi', port=80): Max retries exceeded with url: /lm-25 (Caused by NewConnectionError('<urllib3.connection.HTTPConnection object at 0x7f07b24f8ef0>: Failed to establish a new connection: [Errno -2] Name or service not known',))
HTTPConnectionPool(host='www.dieei.unict.itcorsi', port=80): Max retries exceeded with url: /lm-28 (Caused by NewConnectionError('<urllib3.connection.HTTPConnection object at 0x7f07b24f85f8>: Failed to establish a new connection: [Errno -2] Name or service not known',))
HTTPConnectionPool(host='www.dieei.unict.itcorsi', port=80): Max retries exceeded with url: /lm-29 (Caused by NewConnectionError('<urllib3.connection.HTTPConnection object at 0x7f07b038c630>: Failed to establish a new connection: [Errno -2] Name or service not known',))
HTTPConnectionPool(host='www.dieei.unict.itcorsi', port=80): Max retries exceeded with url: /lm-27 (Caused by NewConnectionError('<urllib3.connection.HTTPConnection object at 0x7f07b24f85f8>: Failed to establish a new connection: [Errno -2] Name or service not known',))
HTTPConnectionPool(host='www.dieei.unict.itcorsi', port=80): Max retries exceeded with url: /lm-32 (Caused by NewConnectionError('<urllib3.connection.HTTPConnection object at 0x7f07b24f8860>: Failed to establish a new connection: [Errno -2] Name or service not known',))
HTTPConnectionPool(host='www.dieei.unict.itcorsi', port=80): Max retries exceeded with url: /l-8-ele (Caused by NewConnectionError('<urllib3.connection.HTTPConnection object at 0x7f07b0462438>: Failed to establish a new connection: [Errno -2] Name or service not known',))
HTTPConnectionPool(host='www.dieei.unict.itcorsi', port=80): Max retries exceeded with url: /l-9 (Caused by NewConnectionError('<urllib3.connection.HTTPConnection object at 0x7f07b0462390>: Failed to establish a new connection: [Errno -2] Name or service not known',))
HTTPConnectionPool(host='www.dieei.unict.itcorsi', port=80): Max retries exceeded with url: /l-8-inf (Caused by NewConnectionError('<urllib3.connection.HTTPConnection object at 0x7f07b04623c8>: Failed to establish a new connection: [Errno -2] Name or service not known',))
HTTPConnectionPool(host='www.dieei.unict.itcorsi', port=80): Max retries exceeded with url: /lm-25 (Caused by NewConnectionError('<urllib3.connection.HTTPConnection object at 0x7f07b058ea58>: Failed to establish a new connection: [Errno -2] Name or service not known',))
HTTPConnectionPool(host='www.dieei.unict.itcorsi', port=80): Max retries exceeded with url: /lm-28 (Caused by NewConnectionError('<urllib3.connection.HTTPConnection object at 0x7f07b0462438>: Failed to establish a new connection: [Errno -2] Name or service not known',))
HTTPConnectionPool(host='www.dieei.unict.itcorsi', port=80): Max retries exceeded with url: /lm-29 (Caused by NewConnectionError('<urllib3.connection.HTTPConnection object at 0x7f07b0462208>: Failed to establish a new connection: [Errno -2] Name or service not known',))
HTTPConnectionPool(host='www.dieei.unict.itcorsi', port=80): Max retries exceeded with url: /lm-27 (Caused by NewConnectionError('<urllib3.connection.HTTPConnection object at 0x7f07b0462438>: Failed to establish a new connection: [Errno -2] Name or service not known',))
HTTPConnectionPool(host='www.dieei.unict.itcorsi', port=80): Max retries exceeded with url: /lm-32 (Caused by NewConnectionError('<urllib3.connection.HTTPConnection object at 0x7f07b0462278>: Failed to establish a new connection: [Errno -2] Name or service not known',))
HTTPConnectionPool(host='web.dmi.unict.itcorsi', port=80): Max retries exceeded with url: /l-31 (Caused by NewConnectionError('<urllib3.connection.HTTPConnection object at 0x7fe2a59df438>: Failed to establish a new connection: [Errno -2] Name or service not known',))
HTTPConnectionPool(host='web.dmi.unict.itcorsi', port=80): Max retries exceeded with url: /l-35 (Caused by NewConnectionError('<urllib3.connection.HTTPConnection object at 0x7fe2a59c6eb8>: Failed to establish a new connection: [Errno -2] Name or service not known',))
HTTPConnectionPool(host='web.dmi.unict.itcorsi', port=80): Max retries exceeded with url: /lm-18 (Caused by NewConnectionError('<urllib3.connection.HTTPConnection object at 0x7fe2a59c6cf8>: Failed to establish a new connection: [Errno -2] Name or service not known',))
HTTPConnectionPool(host='web.dmi.unict.itcorsi', port=80): Max retries exceeded with url: /lm-40 (Caused by NewConnectionError('<urllib3.connection.HTTPConnection object at 0x7fe2a59c6c88>: Failed to establish a new connection: [Errno -2] Name or service not known',))
HTTPConnectionPool(host='web.dmi.unict.itcorsi', port=80): Max retries exceeded with url: /l-31 (Caused by NewConnectionError('<urllib3.connection.HTTPConnection object at 0x7fe2a41db320>: Failed to establish a new connection: [Errno -2] Name or service not known',))
HTTPConnectionPool(host='web.dmi.unict.itcorsi', port=80): Max retries exceeded with url: /l-35 (Caused by NewConnectionError('<urllib3.connection.HTTPConnection object at 0x7fe2a41db128>: Failed to establish a new connection: [Errno -2] Name or service not known',))
HTTPConnectionPool(host='web.dmi.unict.itcorsi', port=80): Max retries exceeded with url: /lm-18 (Caused by NewConnectionError('<urllib3.connection.HTTPConnection object at 0x7fe2a41db0f0>: Failed to establish a new connection: [Errno -2] Name or service not known',))
HTTPConnectionPool(host='web.dmi.unict.itcorsi', port=80): Max retries exceeded with url: /lm-40 (Caused by NewConnectionError('<urllib3.connection.HTTPConnection object at 0x7fe2a41db0b8>: Failed to establish a new connection: [Errno -2] Name or service not known',))
HTTPConnectionPool(host='www.dieei.unict.itcorsi', port=80): Max retries exceeded with url: /l-8-ele (Caused by NewConnectionError('<urllib3.connection.HTTPConnection object at 0x7fe29cfec710>: Failed to establish a new connection: [Errno -2] Name or service not known',))
HTTPConnectionPool(host='www.dieei.unict.itcorsi', port=80): Max retries exceeded with url: /l-9 (Caused by NewConnectionError('<urllib3.connection.HTTPConnection object at 0x7fe29cfecd30>: Failed to establish a new connection: [Errno -2] Name or service not known',))
HTTPConnectionPool(host='www.dieei.unict.itcorsi', port=80): Max retries exceeded with url: /l-8-inf (Caused by NewConnectionError('<urllib3.connection.HTTPConnection object at 0x7fe29cfec6d8>: Failed to establish a new connection: [Errno -2] Name or service not known',))
HTTPConnectionPool(host='www.dieei.unict.itcorsi', port=80): Max retries exceeded with url: /lm-25 (Caused by NewConnectionError('<urllib3.connection.HTTPConnection object at 0x7fe29cfec9b0>: Failed to establish a new connection: [Errno -2] Name or service not known',))
HTTPConnectionPool(host='www.dieei.unict.itcorsi', port=80): Max retries exceeded with url: /lm-28 (Caused by NewConnectionError('<urllib3.connection.HTTPConnection object at 0x7fe29cfecf28>: Failed to establish a new connection: [Errno -2] Name or service not known',))
HTTPConnectionPool(host='www.dieei.unict.itcorsi', port=80): Max retries exceeded with url: /lm-29 (Caused by NewConnectionError('<urllib3.connection.HTTPConnection object at 0x7fe29cfec860>: Failed to establish a new connection: [Errno -2] Name or service not known',))
HTTPConnectionPool(host='www.dieei.unict.itcorsi', port=80): Max retries exceeded with url: /lm-27 (Caused by NewConnectionError('<urllib3.connection.HTTPConnection object at 0x7fe29cfecd68>: Failed to establish a new connection: [Errno -2] Name or service not known',))
HTTPConnectionPool(host='www.dieei.unict.itcorsi', port=80): Max retries exceeded with url: /lm-32 (Caused by NewConnectionError('<urllib3.connection.HTTPConnection object at 0x7fe29cfeccc0>: Failed to establish a new connection: [Errno -2] Name or service not known',))
HTTPConnectionPool(host='www.dieei.unict.itcorsi', port=80): Max retries exceeded with url: /l-8-ele (Caused by NewConnectionError('<urllib3.connection.HTTPConnection object at 0x7fe2a40d0518>: Failed to establish a new connection: [Errno -2] Name or service not known',))
HTTPConnectionPool(host='www.dieei.unict.itcorsi', port=80): Max retries exceeded with url: /l-9 (Caused by NewConnectionError('<urllib3.connection.HTTPConnection object at 0x7fe2a40d0390>: Failed to establish a new connection: [Errno -2] Name or service not known',))
HTTPConnectionPool(host='www.dieei.unict.itcorsi', port=80): Max retries exceeded with url: /l-8-inf (Caused by NewConnectionError('<urllib3.connection.HTTPConnection object at 0x7fe2a40d0588>: Failed to establish a new connection: [Errno -2] Name or service not known',))
HTTPConnectionPool(host='www.dieei.unict.itcorsi', port=80): Max retries exceeded with url: /lm-25 (Caused by NewConnectionError('<urllib3.connection.HTTPConnection object at 0x7fe2a40d0438>: Failed to establish a new connection: [Errno -2] Name or service not known',))
HTTPConnectionPool(host='www.dieei.unict.itcorsi', port=80): Max retries exceeded with url: /lm-28 (Caused by NewConnectionError('<urllib3.connection.HTTPConnection object at 0x7fe2a40d06a0>: Failed to establish a new connection: [Errno -2] Name or service not known',))
HTTPConnectionPool(host='www.dieei.unict.itcorsi', port=80): Max retries exceeded with url: /lm-29 (Caused by NewConnectionError('<urllib3.connection.HTTPConnection object at 0x7fe2a40d04e0>: Failed to establish a new connection: [Errno -2] Name or service not known',))
HTTPConnectionPool(host='www.dieei.unict.itcorsi', port=80): Max retries exceeded with url: /lm-27 (Caused by NewConnectionError('<urllib3.connection.HTTPConnection object at 0x7fe2a40d06a0>: Failed to establish a new connection: [Errno -2] Name or service not known',))
HTTPConnectionPool(host='www.dieei.unict.itcorsi', port=80): Max retries exceeded with url: /lm-32 (Caused by NewConnectionError('<urllib3.connection.HTTPConnection object at 0x7fe2a40d04e0>: Failed to establish a new connection: [Errno -2] Name or service not known',))
HTTPConnectionPool(host='web.dmi.unict.itcorsi', port=80): Max retries exceeded with url: /l-31 (Caused by NewConnectionError('<urllib3.connection.HTTPConnection object at 0x7f1a9c01acf8>: Failed to establish a new connection: [Errno -2] Name or service not known',))
HTTPConnectionPool(host='web.dmi.unict.itcorsi', port=80): Max retries exceeded with url: /l-35 (Caused by NewConnectionError('<urllib3.connection.HTTPConnection object at 0x7f1a9c01acc0>: Failed to establish a new connection: [Errno -2] Name or service not known',))
HTTPConnectionPool(host='web.dmi.unict.itcorsi', port=80): Max retries exceeded with url: /lm-18 (Caused by NewConnectionError('<urllib3.connection.HTTPConnection object at 0x7f1a9c01add8>: Failed to establish a new connection: [Errno -2] Name or service not known',))
HTTPConnectionPool(host='web.dmi.unict.itcorsi', port=80): Max retries exceeded with url: /lm-40 (Caused by NewConnectionError('<urllib3.connection.HTTPConnection object at 0x7f1a9c01ae48>: Failed to establish a new connection: [Errno -2] Name or service not known',))
HTTPConnectionPool(host='web.dmi.unict.itcorsi', port=80): Max retries exceeded with url: /l-31 (Caused by NewConnectionError('<urllib3.connection.HTTPConnection object at 0x7f1a8d7182e8>: Failed to establish a new connection: [Errno -2] Name or service not known',))
HTTPConnectionPool(host='web.dmi.unict.itcorsi', port=80): Max retries exceeded with url: /l-35 (Caused by NewConnectionError('<urllib3.connection.HTTPConnection object at 0x7f1a8d7180f0>: Failed to establish a new connection: [Errno -2] Name or service not known',))
HTTPConnectionPool(host='web.dmi.unict.itcorsi', port=80): Max retries exceeded with url: /lm-18 (Caused by NewConnectionError('<urllib3.connection.HTTPConnection object at 0x7f1a8d71b2e8>: Failed to establish a new connection: [Errno -2] Name or service not known',))
HTTPConnectionPool(host='web.dmi.unict.itcorsi', port=80): Max retries exceeded with url: /lm-40 (Caused by NewConnectionError('<urllib3.connection.HTTPConnection object at 0x7f1a8d71b0f0>: Failed to establish a new connection: [Errno -2] Name or service not known',))
HTTPConnectionPool(host='www.dieei.unict.itcorsi', port=80): Max retries exceeded with url: /l-8-ele (Caused by NewConnectionError('<urllib3.connection.HTTPConnection object at 0x7f1a8d5c0048>: Failed to establish a new connection: [Errno -2] Name or service not known',))
HTTPConnectionPool(host='www.dieei.unict.itcorsi', port=80): Max retries exceeded with url: /l-9 (Caused by NewConnectionError('<urllib3.connection.HTTPConnection object at 0x7f1a8d5c00b8>: Failed to establish a new connection: [Errno -2] Name or service not known',))
HTTPConnectionPool(host='www.dieei.unict.itcorsi', port=80): Max retries exceeded with url: /l-8-inf (Caused by NewConnectionError('<urllib3.connection.HTTPConnection object at 0x7f1a8d5c0898>: Failed to establish a new connection: [Errno -2] Name or service not known',))
HTTPConnectionPool(host='www.dieei.unict.itcorsi', port=80): Max retries exceeded with url: /lm-25 (Caused by NewConnectionError('<urllib3.connection.HTTPConnection object at 0x7f1a8d5c05c0>: Failed to establish a new connection: [Errno -2] Name or service not known',))
HTTPConnectionPool(host='www.dieei.unict.itcorsi', port=80): Max retries exceeded with url: /lm-28 (Caused by NewConnectionError('<urllib3.connection.HTTPConnection object at 0x7f1a8d5c0710>: Failed to establish a new connection: [Errno -2] Name or service not known',))
HTTPConnectionPool(host='www.dieei.unict.itcorsi', port=80): Max retries exceeded with url: /lm-29 (Caused by NewConnectionError('<urllib3.connection.HTTPConnection object at 0x7f1a8d5c07b8>: Failed to establish a new connection: [Errno -2] Name or service not known',))
HTTPConnectionPool(host='www.dieei.unict.itcorsi', port=80): Max retries exceeded with url: /lm-27 (Caused by NewConnectionError('<urllib3.connection.HTTPConnection object at 0x7f1a8d5c0128>: Failed to establish a new connection: [Errno -2] Name or service not known',))
HTTPConnectionPool(host='www.dieei.unict.itcorsi', port=80): Max retries exceeded with url: /lm-32 (Caused by NewConnectionError('<urllib3.connection.HTTPConnection object at 0x7f1a8d5c07b8>: Failed to establish a new connection: [Errno -2] Name or service not known',))
HTTPConnectionPool(host='www.dieei.unict.itcorsi', port=80): Max retries exceeded with url: /l-8-ele (Caused by NewConnectionError('<urllib3.connection.HTTPConnection object at 0x7f1a9c0794a8>: Failed to establish a new connection: [Errno -2] Name or service not known',))
HTTPConnectionPool(host='www.dieei.unict.itcorsi', port=80): Max retries exceeded with url: /l-9 (Caused by NewConnectionError('<urllib3.connection.HTTPConnection object at 0x7f1a9c0792e8>: Failed to establish a new connection: [Errno -2] Name or service not known',))
HTTPConnectionPool(host='www.dieei.unict.itcorsi', port=80): Max retries exceeded with url: /l-8-inf (Caused by NewConnectionError('<urllib3.connection.HTTPConnection object at 0x7f1a9c079240>: Failed to establish a new connection: [Errno -2] Name or service not known',))
HTTPConnectionPool(host='www.dieei.unict.itcorsi', port=80): Max retries exceeded with url: /lm-25 (Caused by NewConnectionError('<urllib3.connection.HTTPConnection object at 0x7f1a9c079198>: Failed to establish a new connection: [Errno -2] Name or service not known',))
HTTPConnectionPool(host='www.dieei.unict.itcorsi', port=80): Max retries exceeded with url: /lm-28 (Caused by NewConnectionError('<urllib3.connection.HTTPConnection object at 0x7f1a9c079390>: Failed to establish a new connection: [Errno -2] Name or service not known',))
HTTPConnectionPool(host='www.dieei.unict.itcorsi', port=80): Max retries exceeded with url: /lm-29 (Caused by NewConnectionError('<urllib3.connection.HTTPConnection object at 0x7f1a9c079438>: Failed to establish a new connection: [Errno -2] Name or service not known',))
HTTPConnectionPool(host='www.dieei.unict.itcorsi', port=80): Max retries exceeded with url: /lm-27 (Caused by NewConnectionError('<urllib3.connection.HTTPConnection object at 0x7f1a9c079390>: Failed to establish a new connection: [Errno -2] Name or service not known',))
HTTPConnectionPool(host='www.dieei.unict.itcorsi', port=80): Max retries exceeded with url: /lm-32 (Caused by NewConnectionError('<urllib3.connection.HTTPConnection object at 0x7f1a9c079400>: Failed to establish a new connection: [Errno -2] Name or service not known',))
HTTPConnectionPool(host='web.dmi.unict.itcorsi', port=80): Max retries exceeded with url: /l-31 (Caused by NewConnectionError('<urllib3.connection.HTTPConnection object at 0x7f13c80cb668>: Failed to establish a new connection: [Errno -2] Name or service not known',))
HTTPConnectionPool(host='web.dmi.unict.itcorsi', port=80): Max retries exceeded with url: /l-35 (Caused by NewConnectionError('<urllib3.connection.HTTPConnection object at 0x7f13c80cbd30>: Failed to establish a new connection: [Errno -2] Name or service not known',))
HTTPConnectionPool(host='web.dmi.unict.itcorsi', port=80): Max retries exceeded with url: /lm-18 (Caused by NewConnectionError('<urllib3.connection.HTTPConnection object at 0x7f13c80cbdd8>: Failed to establish a new connection: [Errno -2] Name or service not known',))
HTTPConnectionPool(host='web.dmi.unict.itcorsi', port=80): Max retries exceeded with url: /lm-40 (Caused by NewConnectionError('<urllib3.connection.HTTPConnection object at 0x7f13c80cbb00>: Failed to establish a new connection: [Errno -2] Name or service not known',))
HTTPConnectionPool(host='web.dmi.unict.itcorsi', port=80): Max retries exceeded with url: /l-31 (Caused by NewConnectionError('<urllib3.connection.HTTPConnection object at 0x7f13c0375358>: Failed to establish a new connection: [Errno -2] Name or service not known',))
HTTPConnectionPool(host='web.dmi.unict.itcorsi', port=80): Max retries exceeded with url: /l-35 (Caused by NewConnectionError('<urllib3.connection.HTTPConnection object at 0x7f13c0375160>: Failed to establish a new connection: [Errno -2] Name or service not known',))
HTTPConnectionPool(host='web.dmi.unict.itcorsi', port=80): Max retries exceeded with url: /lm-18 (Caused by NewConnectionError('<urllib3.connection.HTTPConnection object at 0x7f13c0378358>: Failed to establish a new connection: [Errno -2] Name or service not known',))
HTTPConnectionPool(host='web.dmi.unict.itcorsi', port=80): Max retries exceeded with url: /lm-40 (Caused by NewConnectionError('<urllib3.connection.HTTPConnection object at 0x7f13c0378160>: Failed to establish a new connection: [Errno -2] Name or service not known',))
HTTPConnectionPool(host='www.dieei.unict.itcorsi', port=80): Max retries exceeded with url: /l-8-ele (Caused by NewConnectionError('<urllib3.connection.HTTPConnection object at 0x7f13c016aa90>: Failed to establish a new connection: [Errno -2] Name or service not known',))
HTTPConnectionPool(host='www.dieei.unict.itcorsi', port=80): Max retries exceeded with url: /l-9 (Caused by NewConnectionError('<urllib3.connection.HTTPConnection object at 0x7f13c016aa20>: Failed to establish a new connection: [Errno -2] Name or service not known',))
HTTPConnectionPool(host='www.dieei.unict.itcorsi', port=80): Max retries exceeded with url: /l-8-inf (Caused by NewConnectionError('<urllib3.connection.HTTPConnection object at 0x7f13c016aac8>: Failed to establish a new connection: [Errno -2] Name or service not known',))
HTTPConnectionPool(host='www.dieei.unict.itcorsi', port=80): Max retries exceeded with url: /lm-25 (Caused by NewConnectionError('<urllib3.connection.HTTPConnection object at 0x7f13c016a400>: Failed to establish a new connection: [Errno -2] Name or service not known',))
HTTPConnectionPool(host='www.dieei.unict.itcorsi', port=80): Max retries exceeded with url: /lm-28 (Caused by NewConnectionError('<urllib3.connection.HTTPConnection object at 0x7f13c016a320>: Failed to establish a new connection: [Errno -2] Name or service not known',))
HTTPConnectionPool(host='www.dieei.unict.itcorsi', port=80): Max retries exceeded with url: /lm-29 (Caused by NewConnectionError('<urllib3.connection.HTTPConnection object at 0x7f13c016ab00>: Failed to establish a new connection: [Errno -2] Name or service not known',))
HTTPConnectionPool(host='www.dieei.unict.itcorsi', port=80): Max retries exceeded with url: /lm-27 (Caused by NewConnectionError('<urllib3.connection.HTTPConnection object at 0x7f13c016a2e8>: Failed to establish a new connection: [Errno -2] Name or service not known',))
HTTPConnectionPool(host='www.dieei.unict.itcorsi', port=80): Max retries exceeded with url: /lm-32 (Caused by NewConnectionError('<urllib3.connection.HTTPConnection object at 0x7f13c016a7b8>: Failed to establish a new connection: [Errno -2] Name or service not known',))
HTTPConnectionPool(host='www.dieei.unict.itcorsi', port=80): Max retries exceeded with url: /l-8-ele (Caused by NewConnectionError('<urllib3.connection.HTTPConnection object at 0x7f13c01d0550>: Failed to establish a new connection: [Errno -2] Name or service not known',))
HTTPConnectionPool(host='www.dieei.unict.itcorsi', port=80): Max retries exceeded with url: /l-9 (Caused by NewConnectionError('<urllib3.connection.HTTPConnection object at 0x7f13c01d03c8>: Failed to establish a new connection: [Errno -2] Name or service not known',))
HTTPConnectionPool(host='www.dieei.unict.itcorsi', port=80): Max retries exceeded with url: /l-8-inf (Caused by NewConnectionError('<urllib3.connection.HTTPConnection object at 0x7f13c01d0470>: Failed to establish a new connection: [Errno -2] Name or service not known',))
HTTPConnectionPool(host='www.dieei.unict.itcorsi', port=80): Max retries exceeded with url: /lm-25 (Caused by NewConnectionError('<urllib3.connection.HTTPConnection object at 0x7f13c01d03c8>: Failed to establish a new connection: [Errno -2] Name or service not known',))
HTTPConnectionPool(host='www.dieei.unict.itcorsi', port=80): Max retries exceeded with url: /lm-28 (Caused by NewConnectionError('<urllib3.connection.HTTPConnection object at 0x7f13c01d0470>: Failed to establish a new connection: [Errno -2] Name or service not known',))
HTTPConnectionPool(host='www.dieei.unict.itcorsi', port=80): Max retries exceeded with url: /lm-29 (Caused by NewConnectionError('<urllib3.connection.HTTPConnection object at 0x7f13c01fb978>: Failed to establish a new connection: [Errno -2] Name or service not known',))
HTTPConnectionPool(host='www.dieei.unict.itcorsi', port=80): Max retries exceeded with url: /lm-27 (Caused by NewConnectionError('<urllib3.connection.HTTPConnection object at 0x7f13c01d0470>: Failed to establish a new connection: [Errno -2] Name or service not known',))
HTTPConnectionPool(host='www.dieei.unict.itcorsi', port=80): Max retries exceeded with url: /lm-32 (Caused by NewConnectionError('<urllib3.connection.HTTPConnection object at 0x7f13c01d04a8>: Failed to establish a new connection: [Errno -2] Name or service not known',))
HTTPConnectionPool(host='web.dmi.unict.itcorsi', port=80): Max retries exceeded with url: /l-31 (Caused by NewConnectionError('<urllib3.connection.HTTPConnection object at 0x7fe2ef064208>: Failed to establish a new connection: [Errno -2] Name or service not known',))
HTTPConnectionPool(host='web.dmi.unict.itcorsi', port=80): Max retries exceeded with url: /l-35 (Caused by NewConnectionError('<urllib3.connection.HTTPConnection object at 0x7fe2ef0644a8>: Failed to establish a new connection: [Errno -2] Name or service not known',))
HTTPConnectionPool(host='web.dmi.unict.itcorsi', port=80): Max retries exceeded with url: /lm-18 (Caused by NewConnectionError('<urllib3.connection.HTTPConnection object at 0x7fe2ef04b898>: Failed to establish a new connection: [Errno -2] Name or service not known',))
HTTPConnectionPool(host='web.dmi.unict.itcorsi', port=80): Max retries exceeded with url: /lm-40 (Caused by NewConnectionError('<urllib3.connection.HTTPConnection object at 0x7fe2ef04b860>: Failed to establish a new connection: [Errno -2] Name or service not known',))
HTTPConnectionPool(host='web.dmi.unict.itcorsi', port=80): Max retries exceeded with url: /l-31 (Caused by NewConnectionError('<urllib3.connection.HTTPConnection object at 0x7fe2ec05d278>: Failed to establish a new connection: [Errno -2] Name or service not known',))
HTTPConnectionPool(host='web.dmi.unict.itcorsi', port=80): Max retries exceeded with url: /l-35 (Caused by NewConnectionError('<urllib3.connection.HTTPConnection object at 0x7fe2ec05d080>: Failed to establish a new connection: [Errno -2] Name or service not known',))
HTTPConnectionPool(host='web.dmi.unict.itcorsi', port=80): Max retries exceeded with url: /lm-18 (Caused by NewConnectionError('<urllib3.connection.HTTPConnection object at 0x7fe2ec05d278>: Failed to establish a new connection: [Errno -2] Name or service not known',))
HTTPConnectionPool(host='web.dmi.unict.itcorsi', port=80): Max retries exceeded with url: /lm-40 (Caused by NewConnectionError('<urllib3.connection.HTTPConnection object at 0x7fe2ec05d278>: Failed to establish a new connection: [Errno -2] Name or service not known',))
HTTPConnectionPool(host='www.dieei.unict.itcorsi', port=80): Max retries exceeded with url: /l-8-ele (Caused by NewConnectionError('<urllib3.connection.HTTPConnection object at 0x7fe2d66cb898>: Failed to establish a new connection: [Errno -2] Name or service not known',))
HTTPConnectionPool(host='www.dieei.unict.itcorsi', port=80): Max retries exceeded with url: /l-9 (Caused by NewConnectionError('<urllib3.connection.HTTPConnection object at 0x7fe2d66cbc18>: Failed to establish a new connection: [Errno -2] Name or service not known',))
HTTPConnectionPool(host='www.dieei.unict.itcorsi', port=80): Max retries exceeded with url: /l-8-inf (Caused by NewConnectionError('<urllib3.connection.HTTPConnection object at 0x7fe2d66cb780>: Failed to establish a new connection: [Errno -2] Name or service not known',))
HTTPConnectionPool(host='www.dieei.unict.itcorsi', port=80): Max retries exceeded with url: /lm-25 (Caused by NewConnectionError('<urllib3.connection.HTTPConnection object at 0x7fe2d66cb710>: Failed to establish a new connection: [Errno -2] Name or service not known',))
HTTPConnectionPool(host='www.dieei.unict.itcorsi', port=80): Max retries exceeded with url: /lm-28 (Caused by NewConnectionError('<urllib3.connection.HTTPConnection object at 0x7fe2d6663fd0>: Failed to establish a new connection: [Errno -2] Name or service not known',))
HTTPConnectionPool(host='www.dieei.unict.itcorsi', port=80): Max retries exceeded with url: /lm-29 (Caused by NewConnectionError('<urllib3.connection.HTTPConnection object at 0x7fe2d6663e10>: Failed to establish a new connection: [Errno -2] Name or service not known',))
HTTPConnectionPool(host='www.dieei.unict.itcorsi', port=80): Max retries exceeded with url: /lm-27 (Caused by NewConnectionError('<urllib3.connection.HTTPConnection object at 0x7fe2d66cba20>: Failed to establish a new connection: [Errno -2] Name or service not known',))
HTTPConnectionPool(host='www.dieei.unict.itcorsi', port=80): Max retries exceeded with url: /lm-32 (Caused by NewConnectionError('<urllib3.connection.HTTPConnection object at 0x7fe2d66cb278>: Failed to establish a new connection: [Errno -2] Name or service not known',))
HTTPConnectionPool(host='www.dieei.unict.itcorsi', port=80): Max retries exceeded with url: /l-8-ele (Caused by NewConnectionError('<urllib3.connection.HTTPConnection object at 0x7fe2ec019358>: Failed to establish a new connection: [Errno -2] Name or service not known',))
HTTPConnectionPool(host='www.dieei.unict.itcorsi', port=80): Max retries exceeded with url: /l-9 (Caused by NewConnectionError('<urllib3.connection.HTTPConnection object at 0x7fe2ec0191d0>: Failed to establish a new connection: [Errno -2] Name or service not known',))
HTTPConnectionPool(host='www.dieei.unict.itcorsi', port=80): Max retries exceeded with url: /l-8-inf (Caused by NewConnectionError('<urllib3.connection.HTTPConnection object at 0x7fe2ec0779e8>: Failed to establish a new connection: [Errno -2] Name or service not known',))
HTTPConnectionPool(host='www.dieei.unict.itcorsi', port=80): Max retries exceeded with url: /lm-25 (Caused by NewConnectionError('<urllib3.connection.HTTPConnection object at 0x7fe2ec0776d8>: Failed to establish a new connection: [Errno -2] Name or service not known',))
HTTPConnectionPool(host='www.dieei.unict.itcorsi', port=80): Max retries exceeded with url: /lm-28 (Caused by NewConnectionError('<urllib3.connection.HTTPConnection object at 0x7fe2ec019278>: Failed to establish a new connection: [Errno -2] Name or service not known',))
HTTPConnectionPool(host='www.dieei.unict.itcorsi', port=80): Max retries exceeded with url: /lm-29 (Caused by NewConnectionError('<urllib3.connection.HTTPConnection object at 0x7fe2ec0193c8>: Failed to establish a new connection: [Errno -2] Name or service not known',))
HTTPConnectionPool(host='www.dieei.unict.itcorsi', port=80): Max retries exceeded with url: /lm-27 (Caused by NewConnectionError('<urllib3.connection.HTTPConnection object at 0x7fe2ec019278>: Failed to establish a new connection: [Errno -2] Name or service not known',))
HTTPConnectionPool(host='www.dieei.unict.itcorsi', port=80): Max retries exceeded with url: /lm-32 (Caused by NewConnectionError('<urllib3.connection.HTTPConnection object at 0x7fe2ec0192e8>: Failed to establish a new connection: [Errno -2] Name or service not known',))
HTTPConnectionPool(host='web.dmi.unict.itcorsi', port=80): Max retries exceeded with url: /l-31 (Caused by NewConnectionError('<urllib3.connection.HTTPConnection object at 0x7fea644caa90>: Failed to establish a new connection: [Errno -2] Name or service not known',))
HTTPConnectionPool(host='web.dmi.unict.itcorsi', port=80): Max retries exceeded with url: /l-35 (Caused by NewConnectionError('<urllib3.connection.HTTPConnection object at 0x7fea644cadd8>: Failed to establish a new connection: [Errno -2] Name or service not known',))
HTTPConnectionPool(host='web.dmi.unict.itcorsi', port=80): Max retries exceeded with url: /lm-18 (Caused by NewConnectionError('<urllib3.connection.HTTPConnection object at 0x7fea644ca9e8>: Failed to establish a new connection: [Errno -2] Name or service not known',))
HTTPConnectionPool(host='web.dmi.unict.itcorsi', port=80): Max retries exceeded with url: /lm-40 (Caused by NewConnectionError('<urllib3.connection.HTTPConnection object at 0x7fea644cacf8>: Failed to establish a new connection: [Errno -2] Name or service not known',))
HTTPConnectionPool(host='web.dmi.unict.itcorsi', port=80): Max retries exceeded with url: /l-31 (Caused by NewConnectionError('<urllib3.connection.HTTPConnection object at 0x7fea643d72e8>: Failed to establish a new connection: [Errno -2] Name or service not known',))
HTTPConnectionPool(host='web.dmi.unict.itcorsi', port=80): Max retries exceeded with url: /l-35 (Caused by NewConnectionError('<urllib3.connection.HTTPConnection object at 0x7fea643d70f0>: Failed to establish a new connection: [Errno -2] Name or service not known',))
HTTPConnectionPool(host='web.dmi.unict.itcorsi', port=80): Max retries exceeded with url: /lm-18 (Caused by NewConnectionError('<urllib3.connection.HTTPConnection object at 0x7fea643d72e8>: Failed to establish a new connection: [Errno -2] Name or service not known',))
HTTPConnectionPool(host='web.dmi.unict.itcorsi', port=80): Max retries exceeded with url: /lm-40 (Caused by NewConnectionError('<urllib3.connection.HTTPConnection object at 0x7fea643dc2e8>: Failed to establish a new connection: [Errno -2] Name or service not known',))
HTTPConnectionPool(host='www.dieei.unict.itcorsi', port=80): Max retries exceeded with url: /l-8-ele (Caused by NewConnectionError('<urllib3.connection.HTTPConnection object at 0x7fea64290ac8>: Failed to establish a new connection: [Errno -2] Name or service not known',))
HTTPConnectionPool(host='www.dieei.unict.itcorsi', port=80): Max retries exceeded with url: /l-9 (Caused by NewConnectionError('<urllib3.connection.HTTPConnection object at 0x7fea642901d0>: Failed to establish a new connection: [Errno -2] Name or service not known',))
HTTPConnectionPool(host='www.dieei.unict.itcorsi', port=80): Max retries exceeded with url: /l-8-inf (Caused by NewConnectionError('<urllib3.connection.HTTPConnection object at 0x7fea642906d8>: Failed to establish a new connection: [Errno -2] Name or service not known',))
HTTPConnectionPool(host='www.dieei.unict.itcorsi', port=80): Max retries exceeded with url: /lm-25 (Caused by NewConnectionError('<urllib3.connection.HTTPConnection object at 0x7fea64290588>: Failed to establish a new connection: [Errno -2] Name or service not known',))
HTTPConnectionPool(host='www.dieei.unict.itcorsi', port=80): Max retries exceeded with url: /lm-28 (Caused by NewConnectionError('<urllib3.connection.HTTPConnection object at 0x7fea64290c88>: Failed to establish a new connection: [Errno -2] Name or service not known',))
HTTPConnectionPool(host='www.dieei.unict.itcorsi', port=80): Max retries exceeded with url: /lm-29 (Caused by NewConnectionError('<urllib3.connection.HTTPConnection object at 0x7fea64290390>: Failed to establish a new connection: [Errno -2] Name or service not known',))
HTTPConnectionPool(host='www.dieei.unict.itcorsi', port=80): Max retries exceeded with url: /lm-27 (Caused by NewConnectionError('<urllib3.connection.HTTPConnection object at 0x7fea64290898>: Failed to establish a new connection: [Errno -2] Name or service not known',))
HTTPConnectionPool(host='www.dieei.unict.itcorsi', port=80): Max retries exceeded with url: /lm-32 (Caused by NewConnectionError('<urllib3.connection.HTTPConnection object at 0x7fea64290390>: Failed to establish a new connection: [Errno -2] Name or service not known',))
HTTPConnectionPool(host='www.dieei.unict.itcorsi', port=80): Max retries exceeded with url: /l-8-ele (Caused by NewConnectionError('<urllib3.connection.HTTPConnection object at 0x7fea64117470>: Failed to establish a new connection: [Errno -2] Name or service not known',))
HTTPConnectionPool(host='www.dieei.unict.itcorsi', port=80): Max retries exceeded with url: /l-9 (Caused by NewConnectionError('<urllib3.connection.HTTPConnection object at 0x7fea641172b0>: Failed to establish a new connection: [Errno -2] Name or service not known',))
HTTPConnectionPool(host='www.dieei.unict.itcorsi', port=80): Max retries exceeded with url: /l-8-inf (Caused by NewConnectionError('<urllib3.connection.HTTPConnection object at 0x7fea64117208>: Failed to establish a new connection: [Errno -2] Name or service not known',))
HTTPConnectionPool(host='www.dieei.unict.itcorsi', port=80): Max retries exceeded with url: /lm-25 (Caused by NewConnectionError('<urllib3.connection.HTTPConnection object at 0x7fea64117160>: Failed to establish a new connection: [Errno -2] Name or service not known',))
HTTPConnectionPool(host='www.dieei.unict.itcorsi', port=80): Max retries exceeded with url: /lm-28 (Caused by NewConnectionError('<urllib3.connection.HTTPConnection object at 0x7fea64117358>: Failed to establish a new connection: [Errno -2] Name or service not known',))
HTTPConnectionPool(host='www.dieei.unict.itcorsi', port=80): Max retries exceeded with url: /lm-29 (Caused by NewConnectionError('<urllib3.connection.HTTPConnection object at 0x7fea64117400>: Failed to establish a new connection: [Errno -2] Name or service not known',))
HTTPConnectionPool(host='www.dieei.unict.itcorsi', port=80): Max retries exceeded with url: /lm-27 (Caused by NewConnectionError('<urllib3.connection.HTTPConnection object at 0x7fea64117358>: Failed to establish a new connection: [Errno -2] Name or service not known',))
HTTPConnectionPool(host='www.dieei.unict.itcorsi', port=80): Max retries exceeded with url: /lm-32 (Caused by NewConnectionError('<urllib3.connection.HTTPConnection object at 0x7fea641173c8>: Failed to establish a new connection: [Errno -2] Name or service not known',))
HTTPConnectionPool(host='web.dmi.unict.itcorsi', port=80): Max retries exceeded with url: /l-31 (Caused by NewConnectionError('<urllib3.connection.HTTPConnection object at 0x7fb3f04206a0>: Failed to establish a new connection: [Errno -2] Name or service not known',))
HTTPConnectionPool(host='web.dmi.unict.itcorsi', port=80): Max retries exceeded with url: /l-35 (Caused by NewConnectionError('<urllib3.connection.HTTPConnection object at 0x7fb3f0420d68>: Failed to establish a new connection: [Errno -2] Name or service not known',))
HTTPConnectionPool(host='web.dmi.unict.itcorsi', port=80): Max retries exceeded with url: /lm-18 (Caused by NewConnectionError('<urllib3.connection.HTTPConnection object at 0x7fb3f0420e10>: Failed to establish a new connection: [Errno -2] Name or service not known',))
HTTPConnectionPool(host='web.dmi.unict.itcorsi', port=80): Max retries exceeded with url: /lm-40 (Caused by NewConnectionError('<urllib3.connection.HTTPConnection object at 0x7fb3f0420b38>: Failed to establish a new connection: [Errno -2] Name or service not known',))
HTTPConnectionPool(host='web.dmi.unict.itcorsi', port=80): Max retries exceeded with url: /l-31 (Caused by NewConnectionError('<urllib3.connection.HTTPConnection object at 0x7fb3f032d358>: Failed to establish a new connection: [Errno -2] Name or service not known',))
HTTPConnectionPool(host='web.dmi.unict.itcorsi', port=80): Max retries exceeded with url: /l-35 (Caused by NewConnectionError('<urllib3.connection.HTTPConnection object at 0x7fb3f032d160>: Failed to establish a new connection: [Errno -2] Name or service not known',))
HTTPConnectionPool(host='web.dmi.unict.itcorsi', port=80): Max retries exceeded with url: /lm-18 (Caused by NewConnectionError('<urllib3.connection.HTTPConnection object at 0x7fb3f0330358>: Failed to establish a new connection: [Errno -2] Name or service not known',))
HTTPConnectionPool(host='web.dmi.unict.itcorsi', port=80): Max retries exceeded with url: /lm-40 (Caused by NewConnectionError('<urllib3.connection.HTTPConnection object at 0x7fb3f0330160>: Failed to establish a new connection: [Errno -2] Name or service not known',))
HTTPConnectionPool(host='www.dieei.unict.itcorsi', port=80): Max retries exceeded with url: /l-8-ele (Caused by NewConnectionError('<urllib3.connection.HTTPConnection object at 0x7fb3f2b19a58>: Failed to establish a new connection: [Errno -2] Name or service not known',))
HTTPConnectionPool(host='www.dieei.unict.itcorsi', port=80): Max retries exceeded with url: /l-9 (Caused by NewConnectionError('<urllib3.connection.HTTPConnection object at 0x7fb3f2b199e8>: Failed to establish a new connection: [Errno -2] Name or service not known',))
HTTPConnectionPool(host='www.dieei.unict.itcorsi', port=80): Max retries exceeded with url: /l-8-inf (Caused by NewConnectionError('<urllib3.connection.HTTPConnection object at 0x7fb3f2b19358>: Failed to establish a new connection: [Errno -2] Name or service not known',))
HTTPConnectionPool(host='www.dieei.unict.itcorsi', port=80): Max retries exceeded with url: /lm-25 (Caused by NewConnectionError('<urllib3.connection.HTTPConnection object at 0x7fb3f2b19668>: Failed to establish a new connection: [Errno -2] Name or service not known',))
HTTPConnectionPool(host='www.dieei.unict.itcorsi', port=80): Max retries exceeded with url: /lm-28 (Caused by NewConnectionError('<urllib3.connection.HTTPConnection object at 0x7fb3f2b199e8>: Failed to establish a new connection: [Errno -2] Name or service not known',))
HTTPConnectionPool(host='www.dieei.unict.itcorsi', port=80): Max retries exceeded with url: /lm-29 (Caused by NewConnectionError('<urllib3.connection.HTTPConnection object at 0x7fb3f2b19358>: Failed to establish a new connection: [Errno -2] Name or service not known',))
HTTPConnectionPool(host='www.dieei.unict.itcorsi', port=80): Max retries exceeded with url: /lm-27 (Caused by NewConnectionError('<urllib3.connection.HTTPConnection object at 0x7fb3f2b199e8>: Failed to establish a new connection: [Errno -2] Name or service not known',))
HTTPConnectionPool(host='www.dieei.unict.itcorsi', port=80): Max retries exceeded with url: /lm-32 (Caused by NewConnectionError('<urllib3.connection.HTTPConnection object at 0x7fb3f2b195f8>: Failed to establish a new connection: [Errno -2] Name or service not known',))
HTTPConnectionPool(host='www.dieei.unict.itcorsi', port=80): Max retries exceeded with url: /l-8-ele (Caused by NewConnectionError('<urllib3.connection.HTTPConnection object at 0x7fb3f03e8588>: Failed to establish a new connection: [Errno -2] Name or service not known',))
HTTPConnectionPool(host='www.dieei.unict.itcorsi', port=80): Max retries exceeded with url: /l-9 (Caused by NewConnectionError('<urllib3.connection.HTTPConnection object at 0x7fb3f03e8400>: Failed to establish a new connection: [Errno -2] Name or service not known',))
HTTPConnectionPool(host='www.dieei.unict.itcorsi', port=80): Max retries exceeded with url: /l-8-inf (Caused by NewConnectionError('<urllib3.connection.HTTPConnection object at 0x7fb3f03e84a8>: Failed to establish a new connection: [Errno -2] Name or service not known',))
HTTPConnectionPool(host='www.dieei.unict.itcorsi', port=80): Max retries exceeded with url: /lm-25 (Caused by NewConnectionError('<urllib3.connection.HTTPConnection object at 0x7fb3f03e8400>: Failed to establish a new connection: [Errno -2] Name or service not known',))
HTTPConnectionPool(host='www.dieei.unict.itcorsi', port=80): Max retries exceeded with url: /lm-28 (Caused by NewConnectionError('<urllib3.connection.HTTPConnection object at 0x7fb3f03e84a8>: Failed to establish a new connection: [Errno -2] Name or service not known',))
HTTPConnectionPool(host='www.dieei.unict.itcorsi', port=80): Max retries exceeded with url: /lm-29 (Caused by NewConnectionError('<urllib3.connection.HTTPConnection object at 0x7fb3f03139b0>: Failed to establish a new connection: [Errno -2] Name or service not known',))
HTTPConnectionPool(host='www.dieei.unict.itcorsi', port=80): Max retries exceeded with url: /lm-27 (Caused by NewConnectionError('<urllib3.connection.HTTPConnection object at 0x7fb3f03e84a8>: Failed to establish a new connection: [Errno -2] Name or service not known',))
HTTPConnectionPool(host='www.dieei.unict.itcorsi', port=80): Max retries exceeded with url: /lm-32 (Caused by NewConnectionError('<urllib3.connection.HTTPConnection object at 0x7fb3f03e84e0>: Failed to establish a new connection: [Errno -2] Name or service not known',))
HTTPConnectionPool(host='web.dmi.unict.itcorsi', port=80): Max retries exceeded with url: /l-31 (Caused by NewConnectionError('<urllib3.connection.HTTPConnection object at 0x7fd6dc025a90>: Failed to establish a new connection: [Errno -2] Name or service not known',))
HTTPConnectionPool(host='web.dmi.unict.itcorsi', port=80): Max retries exceeded with url: /l-35 (Caused by NewConnectionError('<urllib3.connection.HTTPConnection object at 0x7fd6dc025dd8>: Failed to establish a new connection: [Errno -2] Name or service not known',))
HTTPConnectionPool(host='web.dmi.unict.itcorsi', port=80): Max retries exceeded with url: /lm-18 (Caused by NewConnectionError('<urllib3.connection.HTTPConnection object at 0x7fd6dc0259e8>: Failed to establish a new connection: [Errno -2] Name or service not known',))
HTTPConnectionPool(host='web.dmi.unict.itcorsi', port=80): Max retries exceeded with url: /lm-40 (Caused by NewConnectionError('<urllib3.connection.HTTPConnection object at 0x7fd6dc025cf8>: Failed to establish a new connection: [Errno -2] Name or service not known',))
HTTPConnectionPool(host='web.dmi.unict.itcorsi', port=80): Max retries exceeded with url: /l-31 (Caused by NewConnectionError('<urllib3.connection.HTTPConnection object at 0x7fd6bf71d320>: Failed to establish a new connection: [Errno -2] Name or service not known',))
HTTPConnectionPool(host='web.dmi.unict.itcorsi', port=80): Max retries exceeded with url: /l-35 (Caused by NewConnectionError('<urllib3.connection.HTTPConnection object at 0x7fd6bf71d128>: Failed to establish a new connection: [Errno -2] Name or service not known',))
HTTPConnectionPool(host='web.dmi.unict.itcorsi', port=80): Max retries exceeded with url: /lm-18 (Caused by NewConnectionError('<urllib3.connection.HTTPConnection object at 0x7fd6bf720320>: Failed to establish a new connection: [Errno -2] Name or service not known',))
HTTPConnectionPool(host='web.dmi.unict.itcorsi', port=80): Max retries exceeded with url: /lm-40 (Caused by NewConnectionError('<urllib3.connection.HTTPConnection object at 0x7fd6bf720128>: Failed to establish a new connection: [Errno -2] Name or service not known',))
HTTPConnectionPool(host='www.dieei.unict.itcorsi', port=80): Max retries exceeded with url: /l-8-ele (Caused by NewConnectionError('<urllib3.connection.HTTPConnection object at 0x7fd6bf5db5c0>: Failed to establish a new connection: [Errno -2] Name or service not known',))
HTTPConnectionPool(host='www.dieei.unict.itcorsi', port=80): Max retries exceeded with url: /l-9 (Caused by NewConnectionError('<urllib3.connection.HTTPConnection object at 0x7fd6bf5db5f8>: Failed to establish a new connection: [Errno -2] Name or service not known',))
HTTPConnectionPool(host='www.dieei.unict.itcorsi', port=80): Max retries exceeded with url: /l-8-inf (Caused by NewConnectionError('<urllib3.connection.HTTPConnection object at 0x7fd6bf5db438>: Failed to establish a new connection: [Errno -2] Name or service not known',))
HTTPConnectionPool(host='www.dieei.unict.itcorsi', port=80): Max retries exceeded with url: /lm-25 (Caused by NewConnectionError('<urllib3.connection.HTTPConnection object at 0x7fd6bf5db2b0>: Failed to establish a new connection: [Errno -2] Name or service not known',))
HTTPConnectionPool(host='www.dieei.unict.itcorsi', port=80): Max retries exceeded with url: /lm-28 (Caused by NewConnectionError('<urllib3.connection.HTTPConnection object at 0x7fd6bf5db5f8>: Failed to establish a new connection: [Errno -2] Name or service not known',))
HTTPConnectionPool(host='www.dieei.unict.itcorsi', port=80): Max retries exceeded with url: /lm-29 (Caused by NewConnectionError('<urllib3.connection.HTTPConnection object at 0x7fd6bf5db438>: Failed to establish a new connection: [Errno -2] Name or service not known',))
HTTPConnectionPool(host='www.dieei.unict.itcorsi', port=80): Max retries exceeded with url: /lm-27 (Caused by NewConnectionError('<urllib3.connection.HTTPConnection object at 0x7fd6bf5db3c8>: Failed to establish a new connection: [Errno -2] Name or service not known',))
HTTPConnectionPool(host='www.dieei.unict.itcorsi', port=80): Max retries exceeded with url: /lm-32 (Caused by NewConnectionError('<urllib3.connection.HTTPConnection object at 0x7fd6bf5db438>: Failed to establish a new connection: [Errno -2] Name or service not known',))
HTTPConnectionPool(host='www.dieei.unict.itcorsi', port=80): Max retries exceeded with url: /l-8-ele (Caused by NewConnectionError('<urllib3.connection.HTTPConnection object at 0x7fd6dfef3be0>: Failed to establish a new connection: [Errno -2] Name or service not known',))
HTTPConnectionPool(host='www.dieei.unict.itcorsi', port=80): Max retries exceeded with url: /l-9 (Caused by NewConnectionError('<urllib3.connection.HTTPConnection object at 0x7fd6dfef3da0>: Failed to establish a new connection: [Errno -2] Name or service not known',))
HTTPConnectionPool(host='www.dieei.unict.itcorsi', port=80): Max retries exceeded with url: /l-8-inf (Caused by NewConnectionError('<urllib3.connection.HTTPConnection object at 0x7fd6dfef3cf8>: Failed to establish a new connection: [Errno -2] Name or service not known',))
HTTPConnectionPool(host='www.dieei.unict.itcorsi', port=80): Max retries exceeded with url: /lm-25 (Caused by NewConnectionError('<urllib3.connection.HTTPConnection object at 0x7fd6dc06ab38>: Failed to establish a new connection: [Errno -2] Name or service not known',))
HTTPConnectionPool(host='www.dieei.unict.itcorsi', port=80): Max retries exceeded with url: /lm-28 (Caused by NewConnectionError('<urllib3.connection.HTTPConnection object at 0x7fd6dc06aba8>: Failed to establish a new connection: [Errno -2] Name or service not known',))
HTTPConnectionPool(host='www.dieei.unict.itcorsi', port=80): Max retries exceeded with url: /lm-29 (Caused by NewConnectionError('<urllib3.connection.HTTPConnection object at 0x7fd6dfef3e10>: Failed to establish a new connection: [Errno -2] Name or service not known',))
HTTPConnectionPool(host='www.dieei.unict.itcorsi', port=80): Max retries exceeded with url: /lm-27 (Caused by NewConnectionError('<urllib3.connection.HTTPConnection object at 0x7fd6dfef3f60>: Failed to establish a new connection: [Errno -2] Name or service not known',))
HTTPConnectionPool(host='www.dieei.unict.itcorsi', port=80): Max retries exceeded with url: /lm-32 (Caused by NewConnectionError('<urllib3.connection.HTTPConnection object at 0x7fd6dfef3550>: Failed to establish a new connection: [Errno -2] Name or service not known',))
HTTPConnectionPool(host='web.dmi.unict.itcorsi', port=80): Max retries exceeded with url: /l-31 (Caused by NewConnectionError('<urllib3.connection.HTTPConnection object at 0x7f2960154668>: Failed to establish a new connection: [Errno -2] Name or service not known',))
HTTPConnectionPool(host='web.dmi.unict.itcorsi', port=80): Max retries exceeded with url: /l-35 (Caused by NewConnectionError('<urllib3.connection.HTTPConnection object at 0x7f2960154d30>: Failed to establish a new connection: [Errno -2] Name or service not known',))
HTTPConnectionPool(host='web.dmi.unict.itcorsi', port=80): Max retries exceeded with url: /lm-18 (Caused by NewConnectionError('<urllib3.connection.HTTPConnection object at 0x7f2960154dd8>: Failed to establish a new connection: [Errno -2] Name or service not known',))
HTTPConnectionPool(host='web.dmi.unict.itcorsi', port=80): Max retries exceeded with url: /lm-40 (Caused by NewConnectionError('<urllib3.connection.HTTPConnection object at 0x7f2960154b00>: Failed to establish a new connection: [Errno -2] Name or service not known',))
HTTPConnectionPool(host='web.dmi.unict.itcorsi', port=80): Max retries exceeded with url: /l-31 (Caused by NewConnectionError('<urllib3.connection.HTTPConnection object at 0x7f2960061390>: Failed to establish a new connection: [Errno -2] Name or service not known',))
HTTPConnectionPool(host='web.dmi.unict.itcorsi', port=80): Max retries exceeded with url: /l-35 (Caused by NewConnectionError('<urllib3.connection.HTTPConnection object at 0x7f2960061198>: Failed to establish a new connection: [Errno -2] Name or service not known',))
HTTPConnectionPool(host='web.dmi.unict.itcorsi', port=80): Max retries exceeded with url: /lm-18 (Caused by NewConnectionError('<urllib3.connection.HTTPConnection object at 0x7f2960064390>: Failed to establish a new connection: [Errno -2] Name or service not known',))
HTTPConnectionPool(host='web.dmi.unict.itcorsi', port=80): Max retries exceeded with url: /lm-40 (Caused by NewConnectionError('<urllib3.connection.HTTPConnection object at 0x7f2960064198>: Failed to establish a new connection: [Errno -2] Name or service not known',))
HTTPConnectionPool(host='www.dieei.unict.itcorsi', port=80): Max retries exceeded with url: /l-8-ele (Caused by NewConnectionError('<urllib3.connection.HTTPConnection object at 0x7f29600c6a90>: Failed to establish a new connection: [Errno -2] Name or service not known',))
HTTPConnectionPool(host='www.dieei.unict.itcorsi', port=80): Max retries exceeded with url: /l-9 (Caused by NewConnectionError('<urllib3.connection.HTTPConnection object at 0x7f29600c6320>: Failed to establish a new connection: [Errno -2] Name or service not known',))
HTTPConnectionPool(host='www.dieei.unict.itcorsi', port=80): Max retries exceeded with url: /l-8-inf (Caused by NewConnectionError('<urllib3.connection.HTTPConnection object at 0x7f29600c6208>: Failed to establish a new connection: [Errno -2] Name or service not known',))
HTTPConnectionPool(host='www.dieei.unict.itcorsi', port=80): Max retries exceeded with url: /lm-25 (Caused by NewConnectionError('<urllib3.connection.HTTPConnection object at 0x7f29600c6978>: Failed to establish a new connection: [Errno -2] Name or service not known',))
HTTPConnectionPool(host='www.dieei.unict.itcorsi', port=80): Max retries exceeded with url: /lm-28 (Caused by NewConnectionError('<urllib3.connection.HTTPConnection object at 0x7f29600c6b70>: Failed to establish a new connection: [Errno -2] Name or service not known',))
HTTPConnectionPool(host='www.dieei.unict.itcorsi', port=80): Max retries exceeded with url: /lm-29 (Caused by NewConnectionError('<urllib3.connection.HTTPConnection object at 0x7f29600c6358>: Failed to establish a new connection: [Errno -2] Name or service not known',))
HTTPConnectionPool(host='www.dieei.unict.itcorsi', port=80): Max retries exceeded with url: /lm-27 (Caused by NewConnectionError('<urllib3.connection.HTTPConnection object at 0x7f29600c6b70>: Failed to establish a new connection: [Errno -2] Name or service not known',))
HTTPConnectionPool(host='www.dieei.unict.itcorsi', port=80): Max retries exceeded with url: /lm-32 (Caused by NewConnectionError('<urllib3.connection.HTTPConnection object at 0x7f29600c69e8>: Failed to establish a new connection: [Errno -2] Name or service not known',))
HTTPConnectionPool(host='www.dieei.unict.itcorsi', port=80): Max retries exceeded with url: /l-8-ele (Caused by NewConnectionError('<urllib3.connection.HTTPConnection object at 0x7f2960185400>: Failed to establish a new connection: [Errno -2] Name or service not known',))
HTTPConnectionPool(host='www.dieei.unict.itcorsi', port=80): Max retries exceeded with url: /l-9 (Caused by NewConnectionError('<urllib3.connection.HTTPConnection object at 0x7f29601852e8>: Failed to establish a new connection: [Errno -2] Name or service not known',))
HTTPConnectionPool(host='www.dieei.unict.itcorsi', port=80): Max retries exceeded with url: /l-8-inf (Caused by NewConnectionError('<urllib3.connection.HTTPConnection object at 0x7f2960185588>: Failed to establish a new connection: [Errno -2] Name or service not known',))
HTTPConnectionPool(host='www.dieei.unict.itcorsi', port=80): Max retries exceeded with url: /lm-25 (Caused by NewConnectionError('<urllib3.connection.HTTPConnection object at 0x7f2960185518>: Failed to establish a new connection: [Errno -2] Name or service not known',))
HTTPConnectionPool(host='www.dieei.unict.itcorsi', port=80): Max retries exceeded with url: /lm-28 (Caused by NewConnectionError('<urllib3.connection.HTTPConnection object at 0x7f29601852e8>: Failed to establish a new connection: [Errno -2] Name or service not known',))
HTTPConnectionPool(host='www.dieei.unict.itcorsi', port=80): Max retries exceeded with url: /lm-29 (Caused by NewConnectionError('<urllib3.connection.HTTPConnection object at 0x7f29601853c8>: Failed to establish a new connection: [Errno -2] Name or service not known',))
HTTPConnectionPool(host='www.dieei.unict.itcorsi', port=80): Max retries exceeded with url: /lm-27 (Caused by NewConnectionError('<urllib3.connection.HTTPConnection object at 0x7f29601852b0>: Failed to establish a new connection: [Errno -2] Name or service not known',))
HTTPConnectionPool(host='www.dieei.unict.itcorsi', port=80): Max retries exceeded with url: /lm-32 (Caused by NewConnectionError('<urllib3.connection.HTTPConnection object at 0x7f29601853c8>: Failed to establish a new connection: [Errno -2] Name or service not known',))
HTTPConnectionPool(host='web.dmi.unict.itcorsi', port=80): Max retries exceeded with url: /l-31 (Caused by NewConnectionError('<urllib3.connection.HTTPConnection object at 0x7f0914405a90>: Failed to establish a new connection: [Errno -2] Name or service not known',))
HTTPConnectionPool(host='web.dmi.unict.itcorsi', port=80): Max retries exceeded with url: /l-35 (Caused by NewConnectionError('<urllib3.connection.HTTPConnection object at 0x7f0914405dd8>: Failed to establish a new connection: [Errno -2] Name or service not known',))
HTTPConnectionPool(host='web.dmi.unict.itcorsi', port=80): Max retries exceeded with url: /lm-18 (Caused by NewConnectionError('<urllib3.connection.HTTPConnection object at 0x7f09144059e8>: Failed to establish a new connection: [Errno -2] Name or service not known',))
HTTPConnectionPool(host='web.dmi.unict.itcorsi', port=80): Max retries exceeded with url: /lm-40 (Caused by NewConnectionError('<urllib3.connection.HTTPConnection object at 0x7f0914405cf8>: Failed to establish a new connection: [Errno -2] Name or service not known',))
HTTPConnectionPool(host='web.dmi.unict.itcorsi', port=80): Max retries exceeded with url: /l-31 (Caused by NewConnectionError('<urllib3.connection.HTTPConnection object at 0x7f09143132e8>: Failed to establish a new connection: [Errno -2] Name or service not known',))
HTTPConnectionPool(host='web.dmi.unict.itcorsi', port=80): Max retries exceeded with url: /l-35 (Caused by NewConnectionError('<urllib3.connection.HTTPConnection object at 0x7f09143130f0>: Failed to establish a new connection: [Errno -2] Name or service not known',))
HTTPConnectionPool(host='web.dmi.unict.itcorsi', port=80): Max retries exceeded with url: /lm-18 (Caused by NewConnectionError('<urllib3.connection.HTTPConnection object at 0x7f09143162e8>: Failed to establish a new connection: [Errno -2] Name or service not known',))
HTTPConnectionPool(host='web.dmi.unict.itcorsi', port=80): Max retries exceeded with url: /lm-40 (Caused by NewConnectionError('<urllib3.connection.HTTPConnection object at 0x7f09143160f0>: Failed to establish a new connection: [Errno -2] Name or service not known',))
HTTPConnectionPool(host='www.dieei.unict.itcorsi', port=80): Max retries exceeded with url: /l-8-ele (Caused by NewConnectionError('<urllib3.connection.HTTPConnection object at 0x7f091437cda0>: Failed to establish a new connection: [Errno -2] Name or service not known',))
HTTPConnectionPool(host='www.dieei.unict.itcorsi', port=80): Max retries exceeded with url: /l-9 (Caused by NewConnectionError('<urllib3.connection.HTTPConnection object at 0x7f091437ca20>: Failed to establish a new connection: [Errno -2] Name or service not known',))
HTTPConnectionPool(host='www.dieei.unict.itcorsi', port=80): Max retries exceeded with url: /l-8-inf (Caused by NewConnectionError('<urllib3.connection.HTTPConnection object at 0x7f091437c860>: Failed to establish a new connection: [Errno -2] Name or service not known',))
HTTPConnectionPool(host='www.dieei.unict.itcorsi', port=80): Max retries exceeded with url: /lm-25 (Caused by NewConnectionError('<urllib3.connection.HTTPConnection object at 0x7f091437c358>: Failed to establish a new connection: [Errno -2] Name or service not known',))
HTTPConnectionPool(host='www.dieei.unict.itcorsi', port=80): Max retries exceeded with url: /lm-28 (Caused by NewConnectionError('<urllib3.connection.HTTPConnection object at 0x7f091437c8d0>: Failed to establish a new connection: [Errno -2] Name or service not known',))
HTTPConnectionPool(host='www.dieei.unict.itcorsi', port=80): Max retries exceeded with url: /lm-29 (Caused by NewConnectionError('<urllib3.connection.HTTPConnection object at 0x7f09143c6f28>: Failed to establish a new connection: [Errno -2] Name or service not known',))
HTTPConnectionPool(host='www.dieei.unict.itcorsi', port=80): Max retries exceeded with url: /lm-27 (Caused by NewConnectionError('<urllib3.connection.HTTPConnection object at 0x7f091437ccc0>: Failed to establish a new connection: [Errno -2] Name or service not known',))
HTTPConnectionPool(host='www.dieei.unict.itcorsi', port=80): Max retries exceeded with url: /lm-32 (Caused by NewConnectionError('<urllib3.connection.HTTPConnection object at 0x7f091437c240>: Failed to establish a new connection: [Errno -2] Name or service not known',))
HTTPConnectionPool(host='www.dieei.unict.itcorsi', port=80): Max retries exceeded with url: /l-8-ele (Caused by NewConnectionError('<urllib3.connection.HTTPConnection object at 0x7f091411d358>: Failed to establish a new connection: [Errno -2] Name or service not known',))
HTTPConnectionPool(host='www.dieei.unict.itcorsi', port=80): Max retries exceeded with url: /l-9 (Caused by NewConnectionError('<urllib3.connection.HTTPConnection object at 0x7f091411d240>: Failed to establish a new connection: [Errno -2] Name or service not known',))
HTTPConnectionPool(host='www.dieei.unict.itcorsi', port=80): Max retries exceeded with url: /l-8-inf (Caused by NewConnectionError('<urllib3.connection.HTTPConnection object at 0x7f091411d4e0>: Failed to establish a new connection: [Errno -2] Name or service not known',))
HTTPConnectionPool(host='www.dieei.unict.itcorsi', port=80): Max retries exceeded with url: /lm-25 (Caused by NewConnectionError('<urllib3.connection.HTTPConnection object at 0x7f091411d470>: Failed to establish a new connection: [Errno -2] Name or service not known',))
HTTPConnectionPool(host='www.dieei.unict.itcorsi', port=80): Max retries exceeded with url: /lm-28 (Caused by NewConnectionError('<urllib3.connection.HTTPConnection object at 0x7f091411d240>: Failed to establish a new connection: [Errno -2] Name or service not known',))
HTTPConnectionPool(host='www.dieei.unict.itcorsi', port=80): Max retries exceeded with url: /lm-29 (Caused by NewConnectionError('<urllib3.connection.HTTPConnection object at 0x7f091411d470>: Failed to establish a new connection: [Errno -2] Name or service not known',))
HTTPConnectionPool(host='www.dieei.unict.itcorsi', port=80): Max retries exceeded with url: /lm-27 (Caused by NewConnectionError('<urllib3.connection.HTTPConnection object at 0x7f091411d3c8>: Failed to establish a new connection: [Errno -2] Name or service not known',))
HTTPConnectionPool(host='www.dieei.unict.itcorsi', port=80): Max retries exceeded with url: /lm-32 (Caused by NewConnectionError('<urllib3.connection.HTTPConnection object at 0x7f091411d358>: Failed to establish a new connection: [Errno -2] Name or service not known',))
HTTPConnectionPool(host='web.dmi.unict.itcorsi', port=80): Max retries exceeded with url: /l-31 (Caused by NewConnectionError('<urllib3.connection.HTTPConnection object at 0x7f5cc111c0b8>: Failed to establish a new connection: [Errno -2] Name or service not known',))
HTTPConnectionPool(host='web.dmi.unict.itcorsi', port=80): Max retries exceeded with url: /l-35 (Caused by NewConnectionError('<urllib3.connection.HTTPConnection object at 0x7f5cc111c198>: Failed to establish a new connection: [Errno -2] Name or service not known',))
HTTPConnectionPool(host='web.dmi.unict.itcorsi', port=80): Max retries exceeded with url: /lm-18 (Caused by NewConnectionError('<urllib3.connection.HTTPConnection object at 0x7f5cc1103a90>: Failed to establish a new connection: [Errno -2] Name or service not known',))
HTTPConnectionPool(host='web.dmi.unict.itcorsi', port=80): Max retries exceeded with url: /lm-40 (Caused by NewConnectionError('<urllib3.connection.HTTPConnection object at 0x7f5cc1103c88>: Failed to establish a new connection: [Errno -2] Name or service not known',))
HTTPConnectionPool(host='web.dmi.unict.itcorsi', port=80): Max retries exceeded with url: /l-31 (Caused by NewConnectionError('<urllib3.connection.HTTPConnection object at 0x7f5cb88e3390>: Failed to establish a new connection: [Errno -2] Name or service not known',))
HTTPConnectionPool(host='web.dmi.unict.itcorsi', port=80): Max retries exceeded with url: /l-35 (Caused by NewConnectionError('<urllib3.connection.HTTPConnection object at 0x7f5cb88e3198>: Failed to establish a new connection: [Errno -2] Name or service not known',))
HTTPConnectionPool(host='web.dmi.unict.itcorsi', port=80): Max retries exceeded with url: /lm-18 (Caused by NewConnectionError('<urllib3.connection.HTTPConnection object at 0x7f5cb88e3160>: Failed to establish a new connection: [Errno -2] Name or service not known',))
HTTPConnectionPool(host='web.dmi.unict.itcorsi', port=80): Max retries exceeded with url: /lm-40 (Caused by NewConnectionError('<urllib3.connection.HTTPConnection object at 0x7f5cb88e3128>: Failed to establish a new connection: [Errno -2] Name or service not known',))
HTTPConnectionPool(host='www.dieei.unict.itcorsi', port=80): Max retries exceeded with url: /l-8-ele (Caused by NewConnectionError('<urllib3.connection.HTTPConnection object at 0x7f5cc111c550>: Failed to establish a new connection: [Errno -2] Name or service not known',))
HTTPConnectionPool(host='www.dieei.unict.itcorsi', port=80): Max retries exceeded with url: /l-9 (Caused by NewConnectionError('<urllib3.connection.HTTPConnection object at 0x7f5cc111ccc0>: Failed to establish a new connection: [Errno -2] Name or service not known',))
HTTPConnectionPool(host='www.dieei.unict.itcorsi', port=80): Max retries exceeded with url: /l-8-inf (Caused by NewConnectionError('<urllib3.connection.HTTPConnection object at 0x7f5cc111c438>: Failed to establish a new connection: [Errno -2] Name or service not known',))
HTTPConnectionPool(host='www.dieei.unict.itcorsi', port=80): Max retries exceeded with url: /lm-25 (Caused by NewConnectionError('<urllib3.connection.HTTPConnection object at 0x7f5cc111c5c0>: Failed to establish a new connection: [Errno -2] Name or service not known',))
HTTPConnectionPool(host='www.dieei.unict.itcorsi', port=80): Max retries exceeded with url: /lm-28 (Caused by NewConnectionError('<urllib3.connection.HTTPConnection object at 0x7f5cc111ccc0>: Failed to establish a new connection: [Errno -2] Name or service not known',))
HTTPConnectionPool(host='www.dieei.unict.itcorsi', port=80): Max retries exceeded with url: /lm-29 (Caused by NewConnectionError('<urllib3.connection.HTTPConnection object at 0x7f5cc111c438>: Failed to establish a new connection: [Errno -2] Name or service not known',))
HTTPConnectionPool(host='www.dieei.unict.itcorsi', port=80): Max retries exceeded with url: /lm-27 (Caused by NewConnectionError('<urllib3.connection.HTTPConnection object at 0x7f5cc111ccc0>: Failed to establish a new connection: [Errno -2] Name or service not known',))
HTTPConnectionPool(host='www.dieei.unict.itcorsi', port=80): Max retries exceeded with url: /lm-32 (Caused by NewConnectionError('<urllib3.connection.HTTPConnection object at 0x7f5cc111ceb8>: Failed to establish a new connection: [Errno -2] Name or service not known',))
HTTPConnectionPool(host='www.dieei.unict.itcorsi', port=80): Max retries exceeded with url: /l-8-ele (Caused by NewConnectionError('<urllib3.connection.HTTPConnection object at 0x7f5cb899ee10>: Failed to establish a new connection: [Errno -2] Name or service not known',))
HTTPConnectionPool(host='www.dieei.unict.itcorsi', port=80): Max retries exceeded with url: /l-9 (Caused by NewConnectionError('<urllib3.connection.HTTPConnection object at 0x7f5cb899ee80>: Failed to establish a new connection: [Errno -2] Name or service not known',))
HTTPConnectionPool(host='www.dieei.unict.itcorsi', port=80): Max retries exceeded with url: /l-8-inf (Caused by NewConnectionError('<urllib3.connection.HTTPConnection object at 0x7f5cb899ecf8>: Failed to establish a new connection: [Errno -2] Name or service not known',))
HTTPConnectionPool(host='www.dieei.unict.itcorsi', port=80): Max retries exceeded with url: /lm-25 (Caused by NewConnectionError('<urllib3.connection.HTTPConnection object at 0x7f5cb87857b8>: Failed to establish a new connection: [Errno -2] Name or service not known',))
HTTPConnectionPool(host='www.dieei.unict.itcorsi', port=80): Max retries exceeded with url: /lm-28 (Caused by NewConnectionError('<urllib3.connection.HTTPConnection object at 0x7f5cb899ee80>: Failed to establish a new connection: [Errno -2] Name or service not known',))
HTTPConnectionPool(host='www.dieei.unict.itcorsi', port=80): Max retries exceeded with url: /lm-29 (Caused by NewConnectionError('<urllib3.connection.HTTPConnection object at 0x7f5cb899ec50>: Failed to establish a new connection: [Errno -2] Name or service not known',))
HTTPConnectionPool(host='www.dieei.unict.itcorsi', port=80): Max retries exceeded with url: /lm-27 (Caused by NewConnectionError('<urllib3.connection.HTTPConnection object at 0x7f5cb899ee80>: Failed to establish a new connection: [Errno -2] Name or service not known',))
HTTPConnectionPool(host='www.dieei.unict.itcorsi', port=80): Max retries exceeded with url: /lm-32 (Caused by NewConnectionError('<urllib3.connection.HTTPConnection object at 0x7f5cb899eef0>: Failed to establish a new connection: [Errno -2] Name or service not known',))
HTTPConnectionPool(host='web.dmi.unict.itcorsi', port=80): Max retries exceeded with url: /l-31 (Caused by NewConnectionError('<urllib3.connection.HTTPConnection object at 0x7f9d51e2f160>: Failed to establish a new connection: [Errno -2] Name or service not known',))
HTTPConnectionPool(host='web.dmi.unict.itcorsi', port=80): Max retries exceeded with url: /l-35 (Caused by NewConnectionError('<urllib3.connection.HTTPConnection object at 0x7f9d51e2f240>: Failed to establish a new connection: [Errno -2] Name or service not known',))
HTTPConnectionPool(host='web.dmi.unict.itcorsi', port=80): Max retries exceeded with url: /lm-18 (Caused by NewConnectionError('<urllib3.connection.HTTPConnection object at 0x7f9d51e16860>: Failed to establish a new connection: [Errno -2] Name or service not known',))
HTTPConnectionPool(host='web.dmi.unict.itcorsi', port=80): Max retries exceeded with url: /lm-40 (Caused by NewConnectionError('<urllib3.connection.HTTPConnection object at 0x7f9d51e16828>: Failed to establish a new connection: [Errno -2] Name or service not known',))
HTTPConnectionPool(host='web.dmi.unict.itcorsi', port=80): Max retries exceeded with url: /l-31 (Caused by NewConnectionError('<urllib3.connection.HTTPConnection object at 0x7f9d5062c278>: Failed to establish a new connection: [Errno -2] Name or service not known',))
HTTPConnectionPool(host='web.dmi.unict.itcorsi', port=80): Max retries exceeded with url: /l-35 (Caused by NewConnectionError('<urllib3.connection.HTTPConnection object at 0x7f9d5062c080>: Failed to establish a new connection: [Errno -2] Name or service not known',))
HTTPConnectionPool(host='web.dmi.unict.itcorsi', port=80): Max retries exceeded with url: /lm-18 (Caused by NewConnectionError('<urllib3.connection.HTTPConnection object at 0x7f9d5062f278>: Failed to establish a new connection: [Errno -2] Name or service not known',))
HTTPConnectionPool(host='web.dmi.unict.itcorsi', port=80): Max retries exceeded with url: /lm-40 (Caused by NewConnectionError('<urllib3.connection.HTTPConnection object at 0x7f9d5062f080>: Failed to establish a new connection: [Errno -2] Name or service not known',))
HTTPConnectionPool(host='www.dieei.unict.itcorsi', port=80): Max retries exceeded with url: /l-8-ele (Caused by NewConnectionError('<urllib3.connection.HTTPConnection object at 0x7f9d5054e940>: Failed to establish a new connection: [Errno -2] Name or service not known',))
HTTPConnectionPool(host='www.dieei.unict.itcorsi', port=80): Max retries exceeded with url: /l-9 (Caused by NewConnectionError('<urllib3.connection.HTTPConnection object at 0x7f9d5054ea58>: Failed to establish a new connection: [Errno -2] Name or service not known',))
HTTPConnectionPool(host='www.dieei.unict.itcorsi', port=80): Max retries exceeded with url: /l-8-inf (Caused by NewConnectionError('<urllib3.connection.HTTPConnection object at 0x7f9d5054e630>: Failed to establish a new connection: [Errno -2] Name or service not known',))
HTTPConnectionPool(host='www.dieei.unict.itcorsi', port=80): Max retries exceeded with url: /lm-25 (Caused by NewConnectionError('<urllib3.connection.HTTPConnection object at 0x7f9d5054e0f0>: Failed to establish a new connection: [Errno -2] Name or service not known',))
HTTPConnectionPool(host='www.dieei.unict.itcorsi', port=80): Max retries exceeded with url: /lm-28 (Caused by NewConnectionError('<urllib3.connection.HTTPConnection object at 0x7f9d5054e780>: Failed to establish a new connection: [Errno -2] Name or service not known',))
HTTPConnectionPool(host='www.dieei.unict.itcorsi', port=80): Max retries exceeded with url: /lm-29 (Caused by NewConnectionError('<urllib3.connection.HTTPConnection object at 0x7f9d5054e080>: Failed to establish a new connection: [Errno -2] Name or service not known',))
HTTPConnectionPool(host='www.dieei.unict.itcorsi', port=80): Max retries exceeded with url: /lm-27 (Caused by NewConnectionError('<urllib3.connection.HTTPConnection object at 0x7f9d5054e748>: Failed to establish a new connection: [Errno -2] Name or service not known',))
HTTPConnectionPool(host='www.dieei.unict.itcorsi', port=80): Max retries exceeded with url: /lm-32 (Caused by NewConnectionError('<urllib3.connection.HTTPConnection object at 0x7f9d5054e7f0>: Failed to establish a new connection: [Errno -2] Name or service not known',))
HTTPConnectionPool(host='www.dieei.unict.itcorsi', port=80): Max retries exceeded with url: /l-8-ele (Caused by NewConnectionError('<urllib3.connection.HTTPConnection object at 0x7f9d5051c400>: Failed to establish a new connection: [Errno -2] Name or service not known',))
HTTPConnectionPool(host='www.dieei.unict.itcorsi', port=80): Max retries exceeded with url: /l-9 (Caused by NewConnectionError('<urllib3.connection.HTTPConnection object at 0x7f9d5051c240>: Failed to establish a new connection: [Errno -2] Name or service not known',))
HTTPConnectionPool(host='www.dieei.unict.itcorsi', port=80): Max retries exceeded with url: /l-8-inf (Caused by NewConnectionError('<urllib3.connection.HTTPConnection object at 0x7f9d5051c198>: Failed to establish a new connection: [Errno -2] Name or service not known',))
HTTPConnectionPool(host='www.dieei.unict.itcorsi', port=80): Max retries exceeded with url: /lm-25 (Caused by NewConnectionError('<urllib3.connection.HTTPConnection object at 0x7f9d5051c0f0>: Failed to establish a new connection: [Errno -2] Name or service not known',))
HTTPConnectionPool(host='www.dieei.unict.itcorsi', port=80): Max retries exceeded with url: /lm-28 (Caused by NewConnectionError('<urllib3.connection.HTTPConnection object at 0x7f9d5051c2e8>: Failed to establish a new connection: [Errno -2] Name or service not known',))
HTTPConnectionPool(host='www.dieei.unict.itcorsi', port=80): Max retries exceeded with url: /lm-29 (Caused by NewConnectionError('<urllib3.connection.HTTPConnection object at 0x7f9d5051c390>: Failed to establish a new connection: [Errno -2] Name or service not known',))
HTTPConnectionPool(host='www.dieei.unict.itcorsi', port=80): Max retries exceeded with url: /lm-27 (Caused by NewConnectionError('<urllib3.connection.HTTPConnection object at 0x7f9d5051c2e8>: Failed to establish a new connection: [Errno -2] Name or service not known',))
HTTPConnectionPool(host='www.dieei.unict.itcorsi', port=80): Max retries exceeded with url: /lm-32 (Caused by NewConnectionError('<urllib3.connection.HTTPConnection object at 0x7f9d5051c358>: Failed to establish a new connection: [Errno -2] Name or service not known',))
HTTPConnectionPool(host='web.dmi.unict.itcorsi', port=80): Max retries exceeded with url: /l-31 (Caused by NewConnectionError('<urllib3.connection.HTTPConnection object at 0x7f5bbcd6fcf8>: Failed to establish a new connection: [Errno -2] Name or service not known',))
HTTPConnectionPool(host='web.dmi.unict.itcorsi', port=80): Max retries exceeded with url: /l-35 (Caused by NewConnectionError('<urllib3.connection.HTTPConnection object at 0x7f5bbcd6fcc0>: Failed to establish a new connection: [Errno -2] Name or service not known',))
HTTPConnectionPool(host='web.dmi.unict.itcorsi', port=80): Max retries exceeded with url: /lm-18 (Caused by NewConnectionError('<urllib3.connection.HTTPConnection object at 0x7f5bbcd6fdd8>: Failed to establish a new connection: [Errno -2] Name or service not known',))
HTTPConnectionPool(host='web.dmi.unict.itcorsi', port=80): Max retries exceeded with url: /lm-40 (Caused by NewConnectionError('<urllib3.connection.HTTPConnection object at 0x7f5bbcd6fe48>: Failed to establish a new connection: [Errno -2] Name or service not known',))
HTTPConnectionPool(host='web.dmi.unict.itcorsi', port=80): Max retries exceeded with url: /l-31 (Caused by NewConnectionError('<urllib3.connection.HTTPConnection object at 0x7f5bbcc7d320>: Failed to establish a new connection: [Errno -2] Name or service not known',))
HTTPConnectionPool(host='web.dmi.unict.itcorsi', port=80): Max retries exceeded with url: /l-35 (Caused by NewConnectionError('<urllib3.connection.HTTPConnection object at 0x7f5bbcc7d128>: Failed to establish a new connection: [Errno -2] Name or service not known',))
HTTPConnectionPool(host='web.dmi.unict.itcorsi', port=80): Max retries exceeded with url: /lm-18 (Caused by NewConnectionError('<urllib3.connection.HTTPConnection object at 0x7f5bbcc80320>: Failed to establish a new connection: [Errno -2] Name or service not known',))
HTTPConnectionPool(host='web.dmi.unict.itcorsi', port=80): Max retries exceeded with url: /lm-40 (Caused by NewConnectionError('<urllib3.connection.HTTPConnection object at 0x7f5bbcc80128>: Failed to establish a new connection: [Errno -2] Name or service not known',))
HTTPConnectionPool(host='www.dieei.unict.itcorsi', port=80): Max retries exceeded with url: /l-8-ele (Caused by NewConnectionError('<urllib3.connection.HTTPConnection object at 0x7f5bbca4b7f0>: Failed to establish a new connection: [Errno -2] Name or service not known',))
HTTPConnectionPool(host='www.dieei.unict.itcorsi', port=80): Max retries exceeded with url: /l-9 (Caused by NewConnectionError('<urllib3.connection.HTTPConnection object at 0x7f5bbca4ba20>: Failed to establish a new connection: [Errno -2] Name or service not known',))
HTTPConnectionPool(host='www.dieei.unict.itcorsi', port=80): Max retries exceeded with url: /l-8-inf (Caused by NewConnectionError('<urllib3.connection.HTTPConnection object at 0x7f5bbca4b860>: Failed to establish a new connection: [Errno -2] Name or service not known',))
HTTPConnectionPool(host='www.dieei.unict.itcorsi', port=80): Max retries exceeded with url: /lm-25 (Caused by NewConnectionError('<urllib3.connection.HTTPConnection object at 0x7f5bbca4b128>: Failed to establish a new connection: [Errno -2] Name or service not known',))
HTTPConnectionPool(host='www.dieei.unict.itcorsi', port=80): Max retries exceeded with url: /lm-28 (Caused by NewConnectionError('<urllib3.connection.HTTPConnection object at 0x7f5bbcb0a320>: Failed to establish a new connection: [Errno -2] Name or service not known',))
HTTPConnectionPool(host='www.dieei.unict.itcorsi', port=80): Max retries exceeded with url: /lm-29 (Caused by NewConnectionError('<urllib3.connection.HTTPConnection object at 0x7f5bbcb0a3c8>: Failed to establish a new connection: [Errno -2] Name or service not known',))
HTTPConnectionPool(host='www.dieei.unict.itcorsi', port=80): Max retries exceeded with url: /lm-27 (Caused by NewConnectionError('<urllib3.connection.HTTPConnection object at 0x7f5bbca4b048>: Failed to establish a new connection: [Errno -2] Name or service not known',))
HTTPConnectionPool(host='www.dieei.unict.itcorsi', port=80): Max retries exceeded with url: /lm-32 (Caused by NewConnectionError('<urllib3.connection.HTTPConnection object at 0x7f5bbca4b8d0>: Failed to establish a new connection: [Errno -2] Name or service not known',))
HTTPConnectionPool(host='www.dieei.unict.itcorsi', port=80): Max retries exceeded with url: /l-8-ele (Caused by NewConnectionError('<urllib3.connection.HTTPConnection object at 0x7f5bbcab8470>: Failed to establish a new connection: [Errno -2] Name or service not known',))
HTTPConnectionPool(host='www.dieei.unict.itcorsi', port=80): Max retries exceeded with url: /l-9 (Caused by NewConnectionError('<urllib3.connection.HTTPConnection object at 0x7f5bbcab82e8>: Failed to establish a new connection: [Errno -2] Name or service not known',))
HTTPConnectionPool(host='www.dieei.unict.itcorsi', port=80): Max retries exceeded with url: /l-8-inf (Caused by NewConnectionError('<urllib3.connection.HTTPConnection object at 0x7f5bbcab82e8>: Failed to establish a new connection: [Errno -2] Name or service not known',))
HTTPConnectionPool(host='www.dieei.unict.itcorsi', port=80): Max retries exceeded with url: /lm-25 (Caused by NewConnectionError('<urllib3.connection.HTTPConnection object at 0x7f5bbcab8550>: Failed to establish a new connection: [Errno -2] Name or service not known',))
HTTPConnectionPool(host='www.dieei.unict.itcorsi', port=80): Max retries exceeded with url: /lm-28 (Caused by NewConnectionError('<urllib3.connection.HTTPConnection object at 0x7f5bbcab8400>: Failed to establish a new connection: [Errno -2] Name or service not known',))
HTTPConnectionPool(host='www.dieei.unict.itcorsi', port=80): Max retries exceeded with url: /lm-29 (Caused by NewConnectionError('<urllib3.connection.HTTPConnection object at 0x7f5bbcc1c940>: Failed to establish a new connection: [Errno -2] Name or service not known',))
HTTPConnectionPool(host='www.dieei.unict.itcorsi', port=80): Max retries exceeded with url: /lm-27 (Caused by NewConnectionError('<urllib3.connection.HTTPConnection object at 0x7f5bbcab8550>: Failed to establish a new connection: [Errno -2] Name or service not known',))
HTTPConnectionPool(host='www.dieei.unict.itcorsi', port=80): Max retries exceeded with url: /lm-32 (Caused by NewConnectionError('<urllib3.connection.HTTPConnection object at 0x7f5bbcab8358>: Failed to establish a new connection: [Errno -2] Name or service not known',))
HTTPConnectionPool(host='web.dmi.unict.itcorsi', port=80): Max retries exceeded with url: /l-31 (Caused by NewConnectionError('<urllib3.connection.HTTPConnection object at 0x7fa144129a90>: Failed to establish a new connection: [Errno -2] Name or service not known',))
HTTPConnectionPool(host='web.dmi.unict.itcorsi', port=80): Max retries exceeded with url: /l-35 (Caused by NewConnectionError('<urllib3.connection.HTTPConnection object at 0x7fa144129dd8>: Failed to establish a new connection: [Errno -2] Name or service not known',))
HTTPConnectionPool(host='web.dmi.unict.itcorsi', port=80): Max retries exceeded with url: /lm-18 (Caused by NewConnectionError('<urllib3.connection.HTTPConnection object at 0x7fa1441295f8>: Failed to establish a new connection: [Errno -2] Name or service not known',))
HTTPConnectionPool(host='web.dmi.unict.itcorsi', port=80): Max retries exceeded with url: /lm-40 (Caused by NewConnectionError('<urllib3.connection.HTTPConnection object at 0x7fa144129cf8>: Failed to establish a new connection: [Errno -2] Name or service not known',))
HTTPConnectionPool(host='web.dmi.unict.itcorsi', port=80): Max retries exceeded with url: /l-31 (Caused by NewConnectionError('<urllib3.connection.HTTPConnection object at 0x7fa1440362e8>: Failed to establish a new connection: [Errno -2] Name or service not known',))
HTTPConnectionPool(host='web.dmi.unict.itcorsi', port=80): Max retries exceeded with url: /l-35 (Caused by NewConnectionError('<urllib3.connection.HTTPConnection object at 0x7fa1440360f0>: Failed to establish a new connection: [Errno -2] Name or service not known',))
HTTPConnectionPool(host='web.dmi.unict.itcorsi', port=80): Max retries exceeded with url: /lm-18 (Caused by NewConnectionError('<urllib3.connection.HTTPConnection object at 0x7fa1440392e8>: Failed to establish a new connection: [Errno -2] Name or service not known',))
HTTPConnectionPool(host='web.dmi.unict.itcorsi', port=80): Max retries exceeded with url: /lm-40 (Caused by NewConnectionError('<urllib3.connection.HTTPConnection object at 0x7fa1440390f0>: Failed to establish a new connection: [Errno -2] Name or service not known',))
HTTPConnectionPool(host='www.dieei.unict.itcorsi', port=80): Max retries exceeded with url: /l-8-ele (Caused by NewConnectionError('<urllib3.connection.HTTPConnection object at 0x7fa1440e49e8>: Failed to establish a new connection: [Errno -2] Name or service not known',))
HTTPConnectionPool(host='www.dieei.unict.itcorsi', port=80): Max retries exceeded with url: /l-9 (Caused by NewConnectionError('<urllib3.connection.HTTPConnection object at 0x7fa1440e40b8>: Failed to establish a new connection: [Errno -2] Name or service not known',))
HTTPConnectionPool(host='www.dieei.unict.itcorsi', port=80): Max retries exceeded with url: /l-8-inf (Caused by NewConnectionError('<urllib3.connection.HTTPConnection object at 0x7fa1440e4da0>: Failed to establish a new connection: [Errno -2] Name or service not known',))
HTTPConnectionPool(host='www.dieei.unict.itcorsi', port=80): Max retries exceeded with url: /lm-25 (Caused by NewConnectionError('<urllib3.connection.HTTPConnection object at 0x7fa1440e43c8>: Failed to establish a new connection: [Errno -2] Name or service not known',))
HTTPConnectionPool(host='www.dieei.unict.itcorsi', port=80): Max retries exceeded with url: /lm-28 (Caused by NewConnectionError('<urllib3.connection.HTTPConnection object at 0x7fa1440e4ac8>: Failed to establish a new connection: [Errno -2] Name or service not known',))
HTTPConnectionPool(host='www.dieei.unict.itcorsi', port=80): Max retries exceeded with url: /lm-29 (Caused by NewConnectionError('<urllib3.connection.HTTPConnection object at 0x7fa1440e42b0>: Failed to establish a new connection: [Errno -2] Name or service not known',))
HTTPConnectionPool(host='www.dieei.unict.itcorsi', port=80): Max retries exceeded with url: /lm-27 (Caused by NewConnectionError('<urllib3.connection.HTTPConnection object at 0x7fa1440e4278>: Failed to establish a new connection: [Errno -2] Name or service not known',))
HTTPConnectionPool(host='www.dieei.unict.itcorsi', port=80): Max retries exceeded with url: /lm-32 (Caused by NewConnectionError('<urllib3.connection.HTTPConnection object at 0x7fa1440e42b0>: Failed to establish a new connection: [Errno -2] Name or service not known',))
HTTPConnectionPool(host='www.dieei.unict.itcorsi', port=80): Max retries exceeded with url: /l-8-ele (Caused by NewConnectionError('<urllib3.connection.HTTPConnection object at 0x7fa13cd082b0>: Failed to establish a new connection: [Errno -2] Name or service not known',))
HTTPConnectionPool(host='www.dieei.unict.itcorsi', port=80): Max retries exceeded with url: /l-9 (Caused by NewConnectionError('<urllib3.connection.HTTPConnection object at 0x7fa13cd082e8>: Failed to establish a new connection: [Errno -2] Name or service not known',))
HTTPConnectionPool(host='www.dieei.unict.itcorsi', port=80): Max retries exceeded with url: /l-8-inf (Caused by NewConnectionError('<urllib3.connection.HTTPConnection object at 0x7fa13cd08470>: Failed to establish a new connection: [Errno -2] Name or service not known',))
HTTPConnectionPool(host='www.dieei.unict.itcorsi', port=80): Max retries exceeded with url: /lm-25 (Caused by NewConnectionError('<urllib3.connection.HTTPConnection object at 0x7fa13cd08438>: Failed to establish a new connection: [Errno -2] Name or service not known',))
HTTPConnectionPool(host='www.dieei.unict.itcorsi', port=80): Max retries exceeded with url: /lm-28 (Caused by NewConnectionError('<urllib3.connection.HTTPConnection object at 0x7fa13cd08198>: Failed to establish a new connection: [Errno -2] Name or service not known',))
HTTPConnectionPool(host='www.dieei.unict.itcorsi', port=80): Max retries exceeded with url: /lm-29 (Caused by NewConnectionError('<urllib3.connection.HTTPConnection object at 0x7fa13cd08470>: Failed to establish a new connection: [Errno -2] Name or service not known',))
HTTPConnectionPool(host='www.dieei.unict.itcorsi', port=80): Max retries exceeded with url: /lm-27 (Caused by NewConnectionError('<urllib3.connection.HTTPConnection object at 0x7fa13cd081d0>: Failed to establish a new connection: [Errno -2] Name or service not known',))
HTTPConnectionPool(host='www.dieei.unict.itcorsi', port=80): Max retries exceeded with url: /lm-32 (Caused by NewConnectionError('<urllib3.connection.HTTPConnection object at 0x7fa13cd08470>: Failed to establish a new connection: [Errno -2] Name or service not known',))
HTTPConnectionPool(host='web.dmi.unict.itcorsi', port=80): Max retries exceeded with url: /l-31 (Caused by NewConnectionError('<urllib3.connection.HTTPConnection object at 0x7fbea46ae668>: Failed to establish a new connection: [Errno -2] Name or service not known',))
HTTPConnectionPool(host='web.dmi.unict.itcorsi', port=80): Max retries exceeded with url: /l-35 (Caused by NewConnectionError('<urllib3.connection.HTTPConnection object at 0x7fbea46aed30>: Failed to establish a new connection: [Errno -2] Name or service not known',))
HTTPConnectionPool(host='web.dmi.unict.itcorsi', port=80): Max retries exceeded with url: /lm-18 (Caused by NewConnectionError('<urllib3.connection.HTTPConnection object at 0x7fbea46aedd8>: Failed to establish a new connection: [Errno -2] Name or service not known',))
HTTPConnectionPool(host='web.dmi.unict.itcorsi', port=80): Max retries exceeded with url: /lm-40 (Caused by NewConnectionError('<urllib3.connection.HTTPConnection object at 0x7fbea46aeb00>: Failed to establish a new connection: [Errno -2] Name or service not known',))
HTTPConnectionPool(host='web.dmi.unict.itcorsi', port=80): Max retries exceeded with url: /l-31 (Caused by NewConnectionError('<urllib3.connection.HTTPConnection object at 0x7fbea45ba358>: Failed to establish a new connection: [Errno -2] Name or service not known',))
HTTPConnectionPool(host='web.dmi.unict.itcorsi', port=80): Max retries exceeded with url: /l-35 (Caused by NewConnectionError('<urllib3.connection.HTTPConnection object at 0x7fbea45ba160>: Failed to establish a new connection: [Errno -2] Name or service not known',))
HTTPConnectionPool(host='web.dmi.unict.itcorsi', port=80): Max retries exceeded with url: /lm-18 (Caused by NewConnectionError('<urllib3.connection.HTTPConnection object at 0x7fbea45bd358>: Failed to establish a new connection: [Errno -2] Name or service not known',))
HTTPConnectionPool(host='web.dmi.unict.itcorsi', port=80): Max retries exceeded with url: /lm-40 (Caused by NewConnectionError('<urllib3.connection.HTTPConnection object at 0x7fbea45bd160>: Failed to establish a new connection: [Errno -2] Name or service not known',))
HTTPConnectionPool(host='www.dieei.unict.itcorsi', port=80): Max retries exceeded with url: /l-8-ele (Caused by NewConnectionError('<urllib3.connection.HTTPConnection object at 0x7fbea4630908>: Failed to establish a new connection: [Errno -2] Name or service not known',))
HTTPConnectionPool(host='www.dieei.unict.itcorsi', port=80): Max retries exceeded with url: /l-9 (Caused by NewConnectionError('<urllib3.connection.HTTPConnection object at 0x7fbea4630048>: Failed to establish a new connection: [Errno -2] Name or service not known',))
HTTPConnectionPool(host='www.dieei.unict.itcorsi', port=80): Max retries exceeded with url: /l-8-inf (Caused by NewConnectionError('<urllib3.connection.HTTPConnection object at 0x7fbea46309b0>: Failed to establish a new connection: [Errno -2] Name or service not known',))
HTTPConnectionPool(host='www.dieei.unict.itcorsi', port=80): Max retries exceeded with url: /lm-25 (Caused by NewConnectionError('<urllib3.connection.HTTPConnection object at 0x7fbea4630358>: Failed to establish a new connection: [Errno -2] Name or service not known',))
HTTPConnectionPool(host='www.dieei.unict.itcorsi', port=80): Max retries exceeded with url: /lm-28 (Caused by NewConnectionError('<urllib3.connection.HTTPConnection object at 0x7fbea4630a20>: Failed to establish a new connection: [Errno -2] Name or service not known',))
HTTPConnectionPool(host='www.dieei.unict.itcorsi', port=80): Max retries exceeded with url: /lm-29 (Caused by NewConnectionError('<urllib3.connection.HTTPConnection object at 0x7fbea4630160>: Failed to establish a new connection: [Errno -2] Name or service not known',))
HTTPConnectionPool(host='www.dieei.unict.itcorsi', port=80): Max retries exceeded with url: /lm-27 (Caused by NewConnectionError('<urllib3.connection.HTTPConnection object at 0x7fbea4630128>: Failed to establish a new connection: [Errno -2] Name or service not known',))
HTTPConnectionPool(host='www.dieei.unict.itcorsi', port=80): Max retries exceeded with url: /lm-32 (Caused by NewConnectionError('<urllib3.connection.HTTPConnection object at 0x7fbea4630160>: Failed to establish a new connection: [Errno -2] Name or service not known',))
HTTPConnectionPool(host='www.dieei.unict.itcorsi', port=80): Max retries exceeded with url: /l-8-ele (Caused by NewConnectionError('<urllib3.connection.HTTPConnection object at 0x7fbea6de9940>: Failed to establish a new connection: [Errno -2] Name or service not known',))
HTTPConnectionPool(host='www.dieei.unict.itcorsi', port=80): Max retries exceeded with url: /l-9 (Caused by NewConnectionError('<urllib3.connection.HTTPConnection object at 0x7fbea6de9c18>: Failed to establish a new connection: [Errno -2] Name or service not known',))
HTTPConnectionPool(host='www.dieei.unict.itcorsi', port=80): Max retries exceeded with url: /l-8-inf (Caused by NewConnectionError('<urllib3.connection.HTTPConnection object at 0x7fbea6de97f0>: Failed to establish a new connection: [Errno -2] Name or service not known',))
HTTPConnectionPool(host='www.dieei.unict.itcorsi', port=80): Max retries exceeded with url: /lm-25 (Caused by NewConnectionError('<urllib3.connection.HTTPConnection object at 0x7fbea6de9c18>: Failed to establish a new connection: [Errno -2] Name or service not known',))
HTTPConnectionPool(host='www.dieei.unict.itcorsi', port=80): Max retries exceeded with url: /lm-28 (Caused by NewConnectionError('<urllib3.connection.HTTPConnection object at 0x7fbea6de9be0>: Failed to establish a new connection: [Errno -2] Name or service not known',))
HTTPConnectionPool(host='www.dieei.unict.itcorsi', port=80): Max retries exceeded with url: /lm-29 (Caused by NewConnectionError('<urllib3.connection.HTTPConnection object at 0x7fbea45b7978>: Failed to establish a new connection: [Errno -2] Name or service not known',))
HTTPConnectionPool(host='www.dieei.unict.itcorsi', port=80): Max retries exceeded with url: /lm-27 (Caused by NewConnectionError('<urllib3.connection.HTTPConnection object at 0x7fbea6de9be0>: Failed to establish a new connection: [Errno -2] Name or service not known',))
HTTPConnectionPool(host='www.dieei.unict.itcorsi', port=80): Max retries exceeded with url: /lm-32 (Caused by NewConnectionError('<urllib3.connection.HTTPConnection object at 0x7fbea45b7828>: Failed to establish a new connection: [Errno -2] Name or service not known',))
HTTPConnectionPool(host='web.dmi.unict.itcorsi', port=80): Max retries exceeded with url: /l-31 (Caused by NewConnectionError('<urllib3.connection.HTTPConnection object at 0x7f04f077ba90>: Failed to establish a new connection: [Errno -2] Name or service not known',))
HTTPConnectionPool(host='web.dmi.unict.itcorsi', port=80): Max retries exceeded with url: /l-35 (Caused by NewConnectionError('<urllib3.connection.HTTPConnection object at 0x7f04f077bdd8>: Failed to establish a new connection: [Errno -2] Name or service not known',))
HTTPConnectionPool(host='web.dmi.unict.itcorsi', port=80): Max retries exceeded with url: /lm-18 (Caused by NewConnectionError('<urllib3.connection.HTTPConnection object at 0x7f04f077b9e8>: Failed to establish a new connection: [Errno -2] Name or service not known',))
HTTPConnectionPool(host='web.dmi.unict.itcorsi', port=80): Max retries exceeded with url: /lm-40 (Caused by NewConnectionError('<urllib3.connection.HTTPConnection object at 0x7f04f077bcf8>: Failed to establish a new connection: [Errno -2] Name or service not known',))
HTTPConnectionPool(host='web.dmi.unict.itcorsi', port=80): Max retries exceeded with url: /l-31 (Caused by NewConnectionError('<urllib3.connection.HTTPConnection object at 0x7f04f06882e8>: Failed to establish a new connection: [Errno -2] Name or service not known',))
HTTPConnectionPool(host='web.dmi.unict.itcorsi', port=80): Max retries exceeded with url: /l-35 (Caused by NewConnectionError('<urllib3.connection.HTTPConnection object at 0x7f04f06880f0>: Failed to establish a new connection: [Errno -2] Name or service not known',))
HTTPConnectionPool(host='web.dmi.unict.itcorsi', port=80): Max retries exceeded with url: /lm-18 (Caused by NewConnectionError('<urllib3.connection.HTTPConnection object at 0x7f04f068b2e8>: Failed to establish a new connection: [Errno -2] Name or service not known',))
HTTPConnectionPool(host='web.dmi.unict.itcorsi', port=80): Max retries exceeded with url: /lm-40 (Caused by NewConnectionError('<urllib3.connection.HTTPConnection object at 0x7f04f068b0f0>: Failed to establish a new connection: [Errno -2] Name or service not known',))
HTTPConnectionPool(host='www.dieei.unict.itcorsi', port=80): Max retries exceeded with url: /l-8-ele (Caused by NewConnectionError('<urllib3.connection.HTTPConnection object at 0x7f04f03dd080>: Failed to establish a new connection: [Errno -2] Name or service not known',))
HTTPConnectionPool(host='www.dieei.unict.itcorsi', port=80): Max retries exceeded with url: /l-9 (Caused by NewConnectionError('<urllib3.connection.HTTPConnection object at 0x7f04f03ddc88>: Failed to establish a new connection: [Errno -2] Name or service not known',))
HTTPConnectionPool(host='www.dieei.unict.itcorsi', port=80): Max retries exceeded with url: /l-8-inf (Caused by NewConnectionError('<urllib3.connection.HTTPConnection object at 0x7f04f03ddf28>: Failed to establish a new connection: [Errno -2] Name or service not known',))
HTTPConnectionPool(host='www.dieei.unict.itcorsi', port=80): Max retries exceeded with url: /lm-25 (Caused by NewConnectionError('<urllib3.connection.HTTPConnection object at 0x7f04f03dd2e8>: Failed to establish a new connection: [Errno -2] Name or service not known',))
HTTPConnectionPool(host='www.dieei.unict.itcorsi', port=80): Max retries exceeded with url: /lm-28 (Caused by NewConnectionError('<urllib3.connection.HTTPConnection object at 0x7f04f03ddef0>: Failed to establish a new connection: [Errno -2] Name or service not known',))
HTTPConnectionPool(host='www.dieei.unict.itcorsi', port=80): Max retries exceeded with url: /lm-29 (Caused by NewConnectionError('<urllib3.connection.HTTPConnection object at 0x7f04f03dd4a8>: Failed to establish a new connection: [Errno -2] Name or service not known',))
HTTPConnectionPool(host='www.dieei.unict.itcorsi', port=80): Max retries exceeded with url: /lm-27 (Caused by NewConnectionError('<urllib3.connection.HTTPConnection object at 0x7f04f03dd8d0>: Failed to establish a new connection: [Errno -2] Name or service not known',))
HTTPConnectionPool(host='www.dieei.unict.itcorsi', port=80): Max retries exceeded with url: /lm-32 (Caused by NewConnectionError('<urllib3.connection.HTTPConnection object at 0x7f04f03ddba8>: Failed to establish a new connection: [Errno -2] Name or service not known',))
HTTPConnectionPool(host='www.dieei.unict.itcorsi', port=80): Max retries exceeded with url: /l-8-ele (Caused by NewConnectionError('<urllib3.connection.HTTPConnection object at 0x7f04f07b4588>: Failed to establish a new connection: [Errno -2] Name or service not known',))
HTTPConnectionPool(host='www.dieei.unict.itcorsi', port=80): Max retries exceeded with url: /l-9 (Caused by NewConnectionError('<urllib3.connection.HTTPConnection object at 0x7f04f07b4518>: Failed to establish a new connection: [Errno -2] Name or service not known',))
HTTPConnectionPool(host='www.dieei.unict.itcorsi', port=80): Max retries exceeded with url: /l-8-inf (Caused by NewConnectionError('<urllib3.connection.HTTPConnection object at 0x7f04f07b4630>: Failed to establish a new connection: [Errno -2] Name or service not known',))
HTTPConnectionPool(host='www.dieei.unict.itcorsi', port=80): Max retries exceeded with url: /lm-25 (Caused by NewConnectionError('<urllib3.connection.HTTPConnection object at 0x7f04f07b45f8>: Failed to establish a new connection: [Errno -2] Name or service not known',))
HTTPConnectionPool(host='www.dieei.unict.itcorsi', port=80): Max retries exceeded with url: /lm-28 (Caused by NewConnectionError('<urllib3.connection.HTTPConnection object at 0x7f04f07b40f0>: Failed to establish a new connection: [Errno -2] Name or service not known',))
HTTPConnectionPool(host='www.dieei.unict.itcorsi', port=80): Max retries exceeded with url: /lm-29 (Caused by NewConnectionError('<urllib3.connection.HTTPConnection object at 0x7f04f07b4668>: Failed to establish a new connection: [Errno -2] Name or service not known',))
HTTPConnectionPool(host='www.dieei.unict.itcorsi', port=80): Max retries exceeded with url: /lm-27 (Caused by NewConnectionError('<urllib3.connection.HTTPConnection object at 0x7f04f07b40f0>: Failed to establish a new connection: [Errno -2] Name or service not known',))
HTTPConnectionPool(host='www.dieei.unict.itcorsi', port=80): Max retries exceeded with url: /lm-32 (Caused by NewConnectionError('<urllib3.connection.HTTPConnection object at 0x7f04f06ca1d0>: Failed to establish a new connection: [Errno -2] Name or service not known',))
HTTPConnectionPool(host='web.dmi.unict.itcorsi', port=80): Max retries exceeded with url: /l-31 (Caused by NewConnectionError('<urllib3.connection.HTTPConnection object at 0x7fe47c33d668>: Failed to establish a new connection: [Errno -2] Name or service not known',))
HTTPConnectionPool(host='web.dmi.unict.itcorsi', port=80): Max retries exceeded with url: /l-35 (Caused by NewConnectionError('<urllib3.connection.HTTPConnection object at 0x7fe47c33dd30>: Failed to establish a new connection: [Errno -2] Name or service not known',))
HTTPConnectionPool(host='web.dmi.unict.itcorsi', port=80): Max retries exceeded with url: /lm-18 (Caused by NewConnectionError('<urllib3.connection.HTTPConnection object at 0x7fe47c33ddd8>: Failed to establish a new connection: [Errno -2] Name or service not known',))
HTTPConnectionPool(host='web.dmi.unict.itcorsi', port=80): Max retries exceeded with url: /lm-40 (Caused by NewConnectionError('<urllib3.connection.HTTPConnection object at 0x7fe47c33db00>: Failed to establish a new connection: [Errno -2] Name or service not known',))
HTTPConnectionPool(host='web.dmi.unict.itcorsi', port=80): Max retries exceeded with url: /l-31 (Caused by NewConnectionError('<urllib3.connection.HTTPConnection object at 0x7fe47c248320>: Failed to establish a new connection: [Errno -2] Name or service not known',))
HTTPConnectionPool(host='web.dmi.unict.itcorsi', port=80): Max retries exceeded with url: /l-35 (Caused by NewConnectionError('<urllib3.connection.HTTPConnection object at 0x7fe47c248128>: Failed to establish a new connection: [Errno -2] Name or service not known',))
HTTPConnectionPool(host='web.dmi.unict.itcorsi', port=80): Max retries exceeded with url: /lm-18 (Caused by NewConnectionError('<urllib3.connection.HTTPConnection object at 0x7fe47c24b320>: Failed to establish a new connection: [Errno -2] Name or service not known',))
HTTPConnectionPool(host='web.dmi.unict.itcorsi', port=80): Max retries exceeded with url: /lm-40 (Caused by NewConnectionError('<urllib3.connection.HTTPConnection object at 0x7fe47c24b128>: Failed to establish a new connection: [Errno -2] Name or service not known',))
HTTPConnectionPool(host='www.dieei.unict.itcorsi', port=80): Max retries exceeded with url: /l-8-ele (Caused by NewConnectionError('<urllib3.connection.HTTPConnection object at 0x7fe47e28c320>: Failed to establish a new connection: [Errno -2] Name or service not known',))
HTTPConnectionPool(host='www.dieei.unict.itcorsi', port=80): Max retries exceeded with url: /l-9 (Caused by NewConnectionError('<urllib3.connection.HTTPConnection object at 0x7fe47e28c828>: Failed to establish a new connection: [Errno -2] Name or service not known',))
HTTPConnectionPool(host='www.dieei.unict.itcorsi', port=80): Max retries exceeded with url: /l-8-inf (Caused by NewConnectionError('<urllib3.connection.HTTPConnection object at 0x7fe47c20add8>: Failed to establish a new connection: [Errno -2] Name or service not known',))
HTTPConnectionPool(host='www.dieei.unict.itcorsi', port=80): Max retries exceeded with url: /lm-25 (Caused by NewConnectionError('<urllib3.connection.HTTPConnection object at 0x7fe47c20ad30>: Failed to establish a new connection: [Errno -2] Name or service not known',))
HTTPConnectionPool(host='www.dieei.unict.itcorsi', port=80): Max retries exceeded with url: /lm-28 (Caused by NewConnectionError('<urllib3.connection.HTTPConnection object at 0x7fe47c20a1d0>: Failed to establish a new connection: [Errno -2] Name or service not known',))
HTTPConnectionPool(host='www.dieei.unict.itcorsi', port=80): Max retries exceeded with url: /lm-29 (Caused by NewConnectionError('<urllib3.connection.HTTPConnection object at 0x7fe47c20af98>: Failed to establish a new connection: [Errno -2] Name or service not known',))
HTTPConnectionPool(host='www.dieei.unict.itcorsi', port=80): Max retries exceeded with url: /lm-27 (Caused by NewConnectionError('<urllib3.connection.HTTPConnection object at 0x7fe47c20ad68>: Failed to establish a new connection: [Errno -2] Name or service not known',))
HTTPConnectionPool(host='www.dieei.unict.itcorsi', port=80): Max retries exceeded with url: /lm-32 (Caused by NewConnectionError('<urllib3.connection.HTTPConnection object at 0x7fe47c20ada0>: Failed to establish a new connection: [Errno -2] Name or service not known',))
HTTPConnectionPool(host='www.dieei.unict.itcorsi', port=80): Max retries exceeded with url: /l-8-ele (Caused by NewConnectionError('<urllib3.connection.HTTPConnection object at 0x7fe47c1b7588>: Failed to establish a new connection: [Errno -2] Name or service not known',))
HTTPConnectionPool(host='www.dieei.unict.itcorsi', port=80): Max retries exceeded with url: /l-9 (Caused by NewConnectionError('<urllib3.connection.HTTPConnection object at 0x7fe47c1b7400>: Failed to establish a new connection: [Errno -2] Name or service not known',))
HTTPConnectionPool(host='www.dieei.unict.itcorsi', port=80): Max retries exceeded with url: /l-8-inf (Caused by NewConnectionError('<urllib3.connection.HTTPConnection object at 0x7fe47c1b74a8>: Failed to establish a new connection: [Errno -2] Name or service not known',))
HTTPConnectionPool(host='www.dieei.unict.itcorsi', port=80): Max retries exceeded with url: /lm-25 (Caused by NewConnectionError('<urllib3.connection.HTTPConnection object at 0x7fe47c1b7400>: Failed to establish a new connection: [Errno -2] Name or service not known',))
HTTPConnectionPool(host='www.dieei.unict.itcorsi', port=80): Max retries exceeded with url: /lm-28 (Caused by NewConnectionError('<urllib3.connection.HTTPConnection object at 0x7fe47c1b74a8>: Failed to establish a new connection: [Errno -2] Name or service not known',))
HTTPConnectionPool(host='www.dieei.unict.itcorsi', port=80): Max retries exceeded with url: /lm-29 (Caused by NewConnectionError('<urllib3.connection.HTTPConnection object at 0x7fe47c262978>: Failed to establish a new connection: [Errno -2] Name or service not known',))
HTTPConnectionPool(host='www.dieei.unict.itcorsi', port=80): Max retries exceeded with url: /lm-27 (Caused by NewConnectionError('<urllib3.connection.HTTPConnection object at 0x7fe47c2628d0>: Failed to establish a new connection: [Errno -2] Name or service not known',))
HTTPConnectionPool(host='www.dieei.unict.itcorsi', port=80): Max retries exceeded with url: /lm-32 (Caused by NewConnectionError('<urllib3.connection.HTTPConnection object at 0x7fe47c1b7358>: Failed to establish a new connection: [Errno -2] Name or service not known',))
HTTPConnectionPool(host='web.dmi.unict.itcorsi', port=80): Max retries exceeded with url: /l-31 (Caused by NewConnectionError('<urllib3.connection.HTTPConnection object at 0x7f3954345668>: Failed to establish a new connection: [Errno -2] Name or service not known',))
HTTPConnectionPool(host='web.dmi.unict.itcorsi', port=80): Max retries exceeded with url: /l-35 (Caused by NewConnectionError('<urllib3.connection.HTTPConnection object at 0x7f3954345d30>: Failed to establish a new connection: [Errno -2] Name or service not known',))
HTTPConnectionPool(host='web.dmi.unict.itcorsi', port=80): Max retries exceeded with url: /lm-18 (Caused by NewConnectionError('<urllib3.connection.HTTPConnection object at 0x7f3954345dd8>: Failed to establish a new connection: [Errno -2] Name or service not known',))
HTTPConnectionPool(host='web.dmi.unict.itcorsi', port=80): Max retries exceeded with url: /lm-40 (Caused by NewConnectionError('<urllib3.connection.HTTPConnection object at 0x7f3954345b00>: Failed to establish a new connection: [Errno -2] Name or service not known',))
HTTPConnectionPool(host='web.dmi.unict.itcorsi', port=80): Max retries exceeded with url: /l-31 (Caused by NewConnectionError('<urllib3.connection.HTTPConnection object at 0x7f3954252320>: Failed to establish a new connection: [Errno -2] Name or service not known',))
HTTPConnectionPool(host='web.dmi.unict.itcorsi', port=80): Max retries exceeded with url: /l-35 (Caused by NewConnectionError('<urllib3.connection.HTTPConnection object at 0x7f3954252320>: Failed to establish a new connection: [Errno -2] Name or service not known',))
HTTPConnectionPool(host='web.dmi.unict.itcorsi', port=80): Max retries exceeded with url: /lm-18 (Caused by NewConnectionError('<urllib3.connection.HTTPConnection object at 0x7f3954252128>: Failed to establish a new connection: [Errno -2] Name or service not known',))
HTTPConnectionPool(host='web.dmi.unict.itcorsi', port=80): Max retries exceeded with url: /lm-40 (Caused by NewConnectionError('<urllib3.connection.HTTPConnection object at 0x7f39542520f0>: Failed to establish a new connection: [Errno -2] Name or service not known',))
HTTPConnectionPool(host='www.dieei.unict.itcorsi', port=80): Max retries exceeded with url: /l-8-ele (Caused by NewConnectionError('<urllib3.connection.HTTPConnection object at 0x7f3957a416a0>: Failed to establish a new connection: [Errno -2] Name or service not known',))
HTTPConnectionPool(host='www.dieei.unict.itcorsi', port=80): Max retries exceeded with url: /l-9 (Caused by NewConnectionError('<urllib3.connection.HTTPConnection object at 0x7f3957a41f98>: Failed to establish a new connection: [Errno -2] Name or service not known',))
HTTPConnectionPool(host='www.dieei.unict.itcorsi', port=80): Max retries exceeded with url: /l-8-inf (Caused by NewConnectionError('<urllib3.connection.HTTPConnection object at 0x7f3957a410b8>: Failed to establish a new connection: [Errno -2] Name or service not known',))
HTTPConnectionPool(host='www.dieei.unict.itcorsi', port=80): Max retries exceeded with url: /lm-25 (Caused by NewConnectionError('<urllib3.connection.HTTPConnection object at 0x7f3957a41ba8>: Failed to establish a new connection: [Errno -2] Name or service not known',))
HTTPConnectionPool(host='www.dieei.unict.itcorsi', port=80): Max retries exceeded with url: /lm-28 (Caused by NewConnectionError('<urllib3.connection.HTTPConnection object at 0x7f3957a41f98>: Failed to establish a new connection: [Errno -2] Name or service not known',))
HTTPConnectionPool(host='www.dieei.unict.itcorsi', port=80): Max retries exceeded with url: /lm-29 (Caused by NewConnectionError('<urllib3.connection.HTTPConnection object at 0x7f3957a41518>: Failed to establish a new connection: [Errno -2] Name or service not known',))
HTTPConnectionPool(host='www.dieei.unict.itcorsi', port=80): Max retries exceeded with url: /lm-27 (Caused by NewConnectionError('<urllib3.connection.HTTPConnection object at 0x7f3957a41f98>: Failed to establish a new connection: [Errno -2] Name or service not known',))
HTTPConnectionPool(host='www.dieei.unict.itcorsi', port=80): Max retries exceeded with url: /lm-32 (Caused by NewConnectionError('<urllib3.connection.HTTPConnection object at 0x7f3957a410b8>: Failed to establish a new connection: [Errno -2] Name or service not known',))
HTTPConnectionPool(host='www.dieei.unict.itcorsi', port=80): Max retries exceeded with url: /l-8-ele (Caused by NewConnectionError('<urllib3.connection.HTTPConnection object at 0x7f395437f470>: Failed to establish a new connection: [Errno -2] Name or service not known',))
HTTPConnectionPool(host='www.dieei.unict.itcorsi', port=80): Max retries exceeded with url: /l-9 (Caused by NewConnectionError('<urllib3.connection.HTTPConnection object at 0x7f395437f3c8>: Failed to establish a new connection: [Errno -2] Name or service not known',))
HTTPConnectionPool(host='www.dieei.unict.itcorsi', port=80): Max retries exceeded with url: /l-8-inf (Caused by NewConnectionError('<urllib3.connection.HTTPConnection object at 0x7f395437f3c8>: Failed to establish a new connection: [Errno -2] Name or service not known',))
HTTPConnectionPool(host='www.dieei.unict.itcorsi', port=80): Max retries exceeded with url: /lm-25 (Caused by NewConnectionError('<urllib3.connection.HTTPConnection object at 0x7f395437f358>: Failed to establish a new connection: [Errno -2] Name or service not known',))
HTTPConnectionPool(host='www.dieei.unict.itcorsi', port=80): Max retries exceeded with url: /lm-28 (Caused by NewConnectionError('<urllib3.connection.HTTPConnection object at 0x7f395437f1d0>: Failed to establish a new connection: [Errno -2] Name or service not known',))
HTTPConnectionPool(host='www.dieei.unict.itcorsi', port=80): Max retries exceeded with url: /lm-29 (Caused by NewConnectionError('<urllib3.connection.HTTPConnection object at 0x7f395431b780>: Failed to establish a new connection: [Errno -2] Name or service not known',))
HTTPConnectionPool(host='www.dieei.unict.itcorsi', port=80): Max retries exceeded with url: /lm-27 (Caused by NewConnectionError('<urllib3.connection.HTTPConnection object at 0x7f395437f358>: Failed to establish a new connection: [Errno -2] Name or service not known',))
HTTPConnectionPool(host='www.dieei.unict.itcorsi', port=80): Max retries exceeded with url: /lm-32 (Caused by NewConnectionError('<urllib3.connection.HTTPConnection object at 0x7f395437f3c8>: Failed to establish a new connection: [Errno -2] Name or service not known',))
HTTPConnectionPool(host='web.dmi.unict.itcorsi', port=80): Max retries exceeded with url: /l-31 (Caused by NewConnectionError('<urllib3.connection.HTTPConnection object at 0x7f6f68041cf8>: Failed to establish a new connection: [Errno -2] Name or service not known',))
HTTPConnectionPool(host='web.dmi.unict.itcorsi', port=80): Max retries exceeded with url: /l-35 (Caused by NewConnectionError('<urllib3.connection.HTTPConnection object at 0x7f6f68041cc0>: Failed to establish a new connection: [Errno -2] Name or service not known',))
HTTPConnectionPool(host='web.dmi.unict.itcorsi', port=80): Max retries exceeded with url: /lm-18 (Caused by NewConnectionError('<urllib3.connection.HTTPConnection object at 0x7f6f68041dd8>: Failed to establish a new connection: [Errno -2] Name or service not known',))
HTTPConnectionPool(host='web.dmi.unict.itcorsi', port=80): Max retries exceeded with url: /lm-40 (Caused by NewConnectionError('<urllib3.connection.HTTPConnection object at 0x7f6f68041e48>: Failed to establish a new connection: [Errno -2] Name or service not known',))
HTTPConnectionPool(host='web.dmi.unict.itcorsi', port=80): Max retries exceeded with url: /l-31 (Caused by NewConnectionError('<urllib3.connection.HTTPConnection object at 0x7f6f4b71d320>: Failed to establish a new connection: [Errno -2] Name or service not known',))
HTTPConnectionPool(host='web.dmi.unict.itcorsi', port=80): Max retries exceeded with url: /l-35 (Caused by NewConnectionError('<urllib3.connection.HTTPConnection object at 0x7f6f4b71d128>: Failed to establish a new connection: [Errno -2] Name or service not known',))
HTTPConnectionPool(host='web.dmi.unict.itcorsi', port=80): Max retries exceeded with url: /lm-18 (Caused by NewConnectionError('<urllib3.connection.HTTPConnection object at 0x7f6f4b720320>: Failed to establish a new connection: [Errno -2] Name or service not known',))
HTTPConnectionPool(host='web.dmi.unict.itcorsi', port=80): Max retries exceeded with url: /lm-40 (Caused by NewConnectionError('<urllib3.connection.HTTPConnection object at 0x7f6f4b720128>: Failed to establish a new connection: [Errno -2] Name or service not known',))
HTTPConnectionPool(host='www.dieei.unict.itcorsi', port=80): Max retries exceeded with url: /l-8-ele (Caused by NewConnectionError('<urllib3.connection.HTTPConnection object at 0x7f6f4b519198>: Failed to establish a new connection: [Errno -2] Name or service not known',))
HTTPConnectionPool(host='www.dieei.unict.itcorsi', port=80): Max retries exceeded with url: /l-9 (Caused by NewConnectionError('<urllib3.connection.HTTPConnection object at 0x7f6f4b519898>: Failed to establish a new connection: [Errno -2] Name or service not known',))
HTTPConnectionPool(host='www.dieei.unict.itcorsi', port=80): Max retries exceeded with url: /l-8-inf (Caused by NewConnectionError('<urllib3.connection.HTTPConnection object at 0x7f6f4b519358>: Failed to establish a new connection: [Errno -2] Name or service not known',))
HTTPConnectionPool(host='www.dieei.unict.itcorsi', port=80): Max retries exceeded with url: /lm-25 (Caused by NewConnectionError('<urllib3.connection.HTTPConnection object at 0x7f6f4b519160>: Failed to establish a new connection: [Errno -2] Name or service not known',))
HTTPConnectionPool(host='www.dieei.unict.itcorsi', port=80): Max retries exceeded with url: /lm-28 (Caused by NewConnectionError('<urllib3.connection.HTTPConnection object at 0x7f6f4b4eb160>: Failed to establish a new connection: [Errno -2] Name or service not known',))
HTTPConnectionPool(host='www.dieei.unict.itcorsi', port=80): Max retries exceeded with url: /lm-29 (Caused by NewConnectionError('<urllib3.connection.HTTPConnection object at 0x7f6f4b4eb208>: Failed to establish a new connection: [Errno -2] Name or service not known',))
HTTPConnectionPool(host='www.dieei.unict.itcorsi', port=80): Max retries exceeded with url: /lm-27 (Caused by NewConnectionError('<urllib3.connection.HTTPConnection object at 0x7f6f4b519dd8>: Failed to establish a new connection: [Errno -2] Name or service not known',))
HTTPConnectionPool(host='www.dieei.unict.itcorsi', port=80): Max retries exceeded with url: /lm-32 (Caused by NewConnectionError('<urllib3.connection.HTTPConnection object at 0x7f6f4b519630>: Failed to establish a new connection: [Errno -2] Name or service not known',))
HTTPConnectionPool(host='www.dieei.unict.itcorsi', port=80): Max retries exceeded with url: /l-8-ele (Caused by NewConnectionError('<urllib3.connection.HTTPConnection object at 0x7f6f4b4284a8>: Failed to establish a new connection: [Errno -2] Name or service not known',))
HTTPConnectionPool(host='www.dieei.unict.itcorsi', port=80): Max retries exceeded with url: /l-9 (Caused by NewConnectionError('<urllib3.connection.HTTPConnection object at 0x7f6f4b428400>: Failed to establish a new connection: [Errno -2] Name or service not known',))
HTTPConnectionPool(host='www.dieei.unict.itcorsi', port=80): Max retries exceeded with url: /l-8-inf (Caused by NewConnectionError('<urllib3.connection.HTTPConnection object at 0x7f6f4b428438>: Failed to establish a new connection: [Errno -2] Name or service not known',))
HTTPConnectionPool(host='www.dieei.unict.itcorsi', port=80): Max retries exceeded with url: /lm-25 (Caused by NewConnectionError('<urllib3.connection.HTTPConnection object at 0x7f6f4b419208>: Failed to establish a new connection: [Errno -2] Name or service not known',))
HTTPConnectionPool(host='www.dieei.unict.itcorsi', port=80): Max retries exceeded with url: /lm-28 (Caused by NewConnectionError('<urllib3.connection.HTTPConnection object at 0x7f6f4b4284a8>: Failed to establish a new connection: [Errno -2] Name or service not known',))
HTTPConnectionPool(host='www.dieei.unict.itcorsi', port=80): Max retries exceeded with url: /lm-29 (Caused by NewConnectionError('<urllib3.connection.HTTPConnection object at 0x7f6f4b428320>: Failed to establish a new connection: [Errno -2] Name or service not known',))
HTTPConnectionPool(host='www.dieei.unict.itcorsi', port=80): Max retries exceeded with url: /lm-27 (Caused by NewConnectionError('<urllib3.connection.HTTPConnection object at 0x7f6f4b4284a8>: Failed to establish a new connection: [Errno -2] Name or service not known',))
HTTPConnectionPool(host='www.dieei.unict.itcorsi', port=80): Max retries exceeded with url: /lm-32 (Caused by NewConnectionError('<urllib3.connection.HTTPConnection object at 0x7f6f4b4281d0>: Failed to establish a new connection: [Errno -2] Name or service not known',))
HTTPConnectionPool(host='web.dmi.unict.itcorsi', port=80): Max retries exceeded with url: /l-31 (Caused by NewConnectionError('<urllib3.connection.HTTPConnection object at 0x7fcc5bb12128>: Failed to establish a new connection: [Errno -2] Name or service not known',))
HTTPConnectionPool(host='web.dmi.unict.itcorsi', port=80): Max retries exceeded with url: /l-35 (Caused by NewConnectionError('<urllib3.connection.HTTPConnection object at 0x7fcc5baf97b8>: Failed to establish a new connection: [Errno -2] Name or service not known',))
HTTPConnectionPool(host='web.dmi.unict.itcorsi', port=80): Max retries exceeded with url: /lm-18 (Caused by NewConnectionError('<urllib3.connection.HTTPConnection object at 0x7fcc5baf9f28>: Failed to establish a new connection: [Errno -2] Name or service not known',))
HTTPConnectionPool(host='web.dmi.unict.itcorsi', port=80): Max retries exceeded with url: /lm-40 (Caused by NewConnectionError('<urllib3.connection.HTTPConnection object at 0x7fcc5baf9dd8>: Failed to establish a new connection: [Errno -2] Name or service not known',))
HTTPConnectionPool(host='web.dmi.unict.itcorsi', port=80): Max retries exceeded with url: /l-31 (Caused by NewConnectionError('<urllib3.connection.HTTPConnection object at 0x7fcc5830a2e8>: Failed to establish a new connection: [Errno -2] Name or service not known',))
HTTPConnectionPool(host='web.dmi.unict.itcorsi', port=80): Max retries exceeded with url: /l-35 (Caused by NewConnectionError('<urllib3.connection.HTTPConnection object at 0x7fcc5830a0f0>: Failed to establish a new connection: [Errno -2] Name or service not known',))
HTTPConnectionPool(host='web.dmi.unict.itcorsi', port=80): Max retries exceeded with url: /lm-18 (Caused by NewConnectionError('<urllib3.connection.HTTPConnection object at 0x7fcc5830a0b8>: Failed to establish a new connection: [Errno -2] Name or service not known',))
HTTPConnectionPool(host='web.dmi.unict.itcorsi', port=80): Max retries exceeded with url: /lm-40 (Caused by NewConnectionError('<urllib3.connection.HTTPConnection object at 0x7fcc5830a080>: Failed to establish a new connection: [Errno -2] Name or service not known',))
HTTPConnectionPool(host='www.dieei.unict.itcorsi', port=80): Max retries exceeded with url: /l-8-ele (Caused by NewConnectionError('<urllib3.connection.HTTPConnection object at 0x7fcc5841bba8>: Failed to establish a new connection: [Errno -2] Name or service not known',))
HTTPConnectionPool(host='www.dieei.unict.itcorsi', port=80): Max retries exceeded with url: /l-9 (Caused by NewConnectionError('<urllib3.connection.HTTPConnection object at 0x7fcc5841b908>: Failed to establish a new connection: [Errno -2] Name or service not known',))
HTTPConnectionPool(host='www.dieei.unict.itcorsi', port=80): Max retries exceeded with url: /l-8-inf (Caused by NewConnectionError('<urllib3.connection.HTTPConnection object at 0x7fcc5841b898>: Failed to establish a new connection: [Errno -2] Name or service not known',))
HTTPConnectionPool(host='www.dieei.unict.itcorsi', port=80): Max retries exceeded with url: /lm-25 (Caused by NewConnectionError('<urllib3.connection.HTTPConnection object at 0x7fcc5841b2b0>: Failed to establish a new connection: [Errno -2] Name or service not known',))
HTTPConnectionPool(host='www.dieei.unict.itcorsi', port=80): Max retries exceeded with url: /lm-28 (Caused by NewConnectionError('<urllib3.connection.HTTPConnection object at 0x7fcc5841b828>: Failed to establish a new connection: [Errno -2] Name or service not known',))
HTTPConnectionPool(host='www.dieei.unict.itcorsi', port=80): Max retries exceeded with url: /lm-29 (Caused by NewConnectionError('<urllib3.connection.HTTPConnection object at 0x7fcc58392eb8>: Failed to establish a new connection: [Errno -2] Name or service not known',))
HTTPConnectionPool(host='www.dieei.unict.itcorsi', port=80): Max retries exceeded with url: /lm-27 (Caused by NewConnectionError('<urllib3.connection.HTTPConnection object at 0x7fcc5841b9b0>: Failed to establish a new connection: [Errno -2] Name or service not known',))
HTTPConnectionPool(host='www.dieei.unict.itcorsi', port=80): Max retries exceeded with url: /lm-32 (Caused by NewConnectionError('<urllib3.connection.HTTPConnection object at 0x7fcc5841b9e8>: Failed to establish a new connection: [Errno -2] Name or service not known',))
HTTPConnectionPool(host='www.dieei.unict.itcorsi', port=80): Max retries exceeded with url: /l-8-ele (Caused by NewConnectionError('<urllib3.connection.HTTPConnection object at 0x7fcc5803d470>: Failed to establish a new connection: [Errno -2] Name or service not known',))
HTTPConnectionPool(host='www.dieei.unict.itcorsi', port=80): Max retries exceeded with url: /l-9 (Caused by NewConnectionError('<urllib3.connection.HTTPConnection object at 0x7fcc5803d2b0>: Failed to establish a new connection: [Errno -2] Name or service not known',))
HTTPConnectionPool(host='www.dieei.unict.itcorsi', port=80): Max retries exceeded with url: /l-8-inf (Caused by NewConnectionError('<urllib3.connection.HTTPConnection object at 0x7fcc5803d208>: Failed to establish a new connection: [Errno -2] Name or service not known',))
HTTPConnectionPool(host='www.dieei.unict.itcorsi', port=80): Max retries exceeded with url: /lm-25 (Caused by NewConnectionError('<urllib3.connection.HTTPConnection object at 0x7fcc5803d160>: Failed to establish a new connection: [Errno -2] Name or service not known',))
HTTPConnectionPool(host='www.dieei.unict.itcorsi', port=80): Max retries exceeded with url: /lm-28 (Caused by NewConnectionError('<urllib3.connection.HTTPConnection object at 0x7fcc5803d358>: Failed to establish a new connection: [Errno -2] Name or service not known',))
HTTPConnectionPool(host='www.dieei.unict.itcorsi', port=80): Max retries exceeded with url: /lm-29 (Caused by NewConnectionError('<urllib3.connection.HTTPConnection object at 0x7fcc5803d400>: Failed to establish a new connection: [Errno -2] Name or service not known',))
HTTPConnectionPool(host='www.dieei.unict.itcorsi', port=80): Max retries exceeded with url: /lm-27 (Caused by NewConnectionError('<urllib3.connection.HTTPConnection object at 0x7fcc5803d358>: Failed to establish a new connection: [Errno -2] Name or service not known',))
HTTPConnectionPool(host='www.dieei.unict.itcorsi', port=80): Max retries exceeded with url: /lm-32 (Caused by NewConnectionError('<urllib3.connection.HTTPConnection object at 0x7fcc5803d3c8>: Failed to establish a new connection: [Errno -2] Name or service not known',))
HTTPConnectionPool(host='web.dmi.unict.itcorsi', port=80): Max retries exceeded with url: /l-31 (Caused by NewConnectionError('<urllib3.connection.HTTPConnection object at 0x7f046f4b75f8>: Failed to establish a new connection: [Errno -2] Name or service not known',))
HTTPConnectionPool(host='web.dmi.unict.itcorsi', port=80): Max retries exceeded with url: /l-35 (Caused by NewConnectionError('<urllib3.connection.HTTPConnection object at 0x7f046f4b7240>: Failed to establish a new connection: [Errno -2] Name or service not known',))
HTTPConnectionPool(host='web.dmi.unict.itcorsi', port=80): Max retries exceeded with url: /lm-18 (Caused by NewConnectionError('<urllib3.connection.HTTPConnection object at 0x7f046f49e748>: Failed to establish a new connection: [Errno -2] Name or service not known',))
HTTPConnectionPool(host='web.dmi.unict.itcorsi', port=80): Max retries exceeded with url: /lm-40 (Caused by NewConnectionError('<urllib3.connection.HTTPConnection object at 0x7f046f49e828>: Failed to establish a new connection: [Errno -2] Name or service not known',))
HTTPConnectionPool(host='web.dmi.unict.itcorsi', port=80): Max retries exceeded with url: /l-31 (Caused by NewConnectionError('<urllib3.connection.HTTPConnection object at 0x7f046c4b1278>: Failed to establish a new connection: [Errno -2] Name or service not known',))
HTTPConnectionPool(host='web.dmi.unict.itcorsi', port=80): Max retries exceeded with url: /l-35 (Caused by NewConnectionError('<urllib3.connection.HTTPConnection object at 0x7f046c4b1080>: Failed to establish a new connection: [Errno -2] Name or service not known',))
HTTPConnectionPool(host='web.dmi.unict.itcorsi', port=80): Max retries exceeded with url: /lm-18 (Caused by NewConnectionError('<urllib3.connection.HTTPConnection object at 0x7f046c4b1278>: Failed to establish a new connection: [Errno -2] Name or service not known',))
HTTPConnectionPool(host='web.dmi.unict.itcorsi', port=80): Max retries exceeded with url: /lm-40 (Caused by NewConnectionError('<urllib3.connection.HTTPConnection object at 0x7f046c4b1278>: Failed to establish a new connection: [Errno -2] Name or service not known',))
HTTPConnectionPool(host='www.dieei.unict.itcorsi', port=80): Max retries exceeded with url: /l-8-ele (Caused by NewConnectionError('<urllib3.connection.HTTPConnection object at 0x7f046c29f6a0>: Failed to establish a new connection: [Errno -2] Name or service not known',))
HTTPConnectionPool(host='www.dieei.unict.itcorsi', port=80): Max retries exceeded with url: /l-9 (Caused by NewConnectionError('<urllib3.connection.HTTPConnection object at 0x7f046c29fc18>: Failed to establish a new connection: [Errno -2] Name or service not known',))
HTTPConnectionPool(host='www.dieei.unict.itcorsi', port=80): Max retries exceeded with url: /l-8-inf (Caused by NewConnectionError('<urllib3.connection.HTTPConnection object at 0x7f046c29f128>: Failed to establish a new connection: [Errno -2] Name or service not known',))
HTTPConnectionPool(host='www.dieei.unict.itcorsi', port=80): Max retries exceeded with url: /lm-25 (Caused by NewConnectionError('<urllib3.connection.HTTPConnection object at 0x7f046c29f8d0>: Failed to establish a new connection: [Errno -2] Name or service not known',))
HTTPConnectionPool(host='www.dieei.unict.itcorsi', port=80): Max retries exceeded with url: /lm-28 (Caused by NewConnectionError('<urllib3.connection.HTTPConnection object at 0x7f046c29fc18>: Failed to establish a new connection: [Errno -2] Name or service not known',))
HTTPConnectionPool(host='www.dieei.unict.itcorsi', port=80): Max retries exceeded with url: /lm-29 (Caused by NewConnectionError('<urllib3.connection.HTTPConnection object at 0x7f046c29f128>: Failed to establish a new connection: [Errno -2] Name or service not known',))
HTTPConnectionPool(host='www.dieei.unict.itcorsi', port=80): Max retries exceeded with url: /lm-27 (Caused by NewConnectionError('<urllib3.connection.HTTPConnection object at 0x7f046c29ff98>: Failed to establish a new connection: [Errno -2] Name or service not known',))
HTTPConnectionPool(host='www.dieei.unict.itcorsi', port=80): Max retries exceeded with url: /lm-32 (Caused by NewConnectionError('<urllib3.connection.HTTPConnection object at 0x7f046c29f128>: Failed to establish a new connection: [Errno -2] Name or service not known',))
HTTPConnectionPool(host='www.dieei.unict.itcorsi', port=80): Max retries exceeded with url: /l-8-ele (Caused by NewConnectionError('<urllib3.connection.HTTPConnection object at 0x7f046c604400>: Failed to establish a new connection: [Errno -2] Name or service not known',))
HTTPConnectionPool(host='www.dieei.unict.itcorsi', port=80): Max retries exceeded with url: /l-9 (Caused by NewConnectionError('<urllib3.connection.HTTPConnection object at 0x7f046c604438>: Failed to establish a new connection: [Errno -2] Name or service not known',))
HTTPConnectionPool(host='www.dieei.unict.itcorsi', port=80): Max retries exceeded with url: /l-8-inf (Caused by NewConnectionError('<urllib3.connection.HTTPConnection object at 0x7f046c6045c0>: Failed to establish a new connection: [Errno -2] Name or service not known',))
HTTPConnectionPool(host='www.dieei.unict.itcorsi', port=80): Max retries exceeded with url: /lm-25 (Caused by NewConnectionError('<urllib3.connection.HTTPConnection object at 0x7f046c604588>: Failed to establish a new connection: [Errno -2] Name or service not known',))
HTTPConnectionPool(host='www.dieei.unict.itcorsi', port=80): Max retries exceeded with url: /lm-28 (Caused by NewConnectionError('<urllib3.connection.HTTPConnection object at 0x7f046c604518>: Failed to establish a new connection: [Errno -2] Name or service not known',))
HTTPConnectionPool(host='www.dieei.unict.itcorsi', port=80): Max retries exceeded with url: /lm-29 (Caused by NewConnectionError('<urllib3.connection.HTTPConnection object at 0x7f046c604630>: Failed to establish a new connection: [Errno -2] Name or service not known',))
HTTPConnectionPool(host='www.dieei.unict.itcorsi', port=80): Max retries exceeded with url: /lm-27 (Caused by NewConnectionError('<urllib3.connection.HTTPConnection object at 0x7f046c604518>: Failed to establish a new connection: [Errno -2] Name or service not known',))
HTTPConnectionPool(host='www.dieei.unict.itcorsi', port=80): Max retries exceeded with url: /lm-32 (Caused by NewConnectionError('<urllib3.connection.HTTPConnection object at 0x7f046c604400>: Failed to establish a new connection: [Errno -2] Name or service not known',))
HTTPConnectionPool(host='web.dmi.unict.itcorsi', port=80): Max retries exceeded with url: /l-31 (Caused by NewConnectionError('<urllib3.connection.HTTPConnection object at 0x7fe46c455cf8>: Failed to establish a new connection: [Errno -2] Name or service not known',))
HTTPConnectionPool(host='web.dmi.unict.itcorsi', port=80): Max retries exceeded with url: /l-35 (Caused by NewConnectionError('<urllib3.connection.HTTPConnection object at 0x7fe46c455cc0>: Failed to establish a new connection: [Errno -2] Name or service not known',))
HTTPConnectionPool(host='web.dmi.unict.itcorsi', port=80): Max retries exceeded with url: /lm-18 (Caused by NewConnectionError('<urllib3.connection.HTTPConnection object at 0x7fe46c455d30>: Failed to establish a new connection: [Errno -2] Name or service not known',))
HTTPConnectionPool(host='web.dmi.unict.itcorsi', port=80): Max retries exceeded with url: /lm-40 (Caused by NewConnectionError('<urllib3.connection.HTTPConnection object at 0x7fe46c455e48>: Failed to establish a new connection: [Errno -2] Name or service not known',))
HTTPConnectionPool(host='web.dmi.unict.itcorsi', port=80): Max retries exceeded with url: /l-31 (Caused by NewConnectionError('<urllib3.connection.HTTPConnection object at 0x7fe46c361320>: Failed to establish a new connection: [Errno -2] Name or service not known',))
HTTPConnectionPool(host='web.dmi.unict.itcorsi', port=80): Max retries exceeded with url: /l-35 (Caused by NewConnectionError('<urllib3.connection.HTTPConnection object at 0x7fe46c361128>: Failed to establish a new connection: [Errno -2] Name or service not known',))
HTTPConnectionPool(host='web.dmi.unict.itcorsi', port=80): Max retries exceeded with url: /lm-18 (Caused by NewConnectionError('<urllib3.connection.HTTPConnection object at 0x7fe46c364320>: Failed to establish a new connection: [Errno -2] Name or service not known',))
HTTPConnectionPool(host='web.dmi.unict.itcorsi', port=80): Max retries exceeded with url: /lm-40 (Caused by NewConnectionError('<urllib3.connection.HTTPConnection object at 0x7fe46c364128>: Failed to establish a new connection: [Errno -2] Name or service not known',))
HTTPConnectionPool(host='www.dieei.unict.itcorsi', port=80): Max retries exceeded with url: /l-8-ele (Caused by NewConnectionError('<urllib3.connection.HTTPConnection object at 0x7fe46c253828>: Failed to establish a new connection: [Errno -2] Name or service not known',))
HTTPConnectionPool(host='www.dieei.unict.itcorsi', port=80): Max retries exceeded with url: /l-9 (Caused by NewConnectionError('<urllib3.connection.HTTPConnection object at 0x7fe46c253860>: Failed to establish a new connection: [Errno -2] Name or service not known',))
HTTPConnectionPool(host='www.dieei.unict.itcorsi', port=80): Max retries exceeded with url: /l-8-inf (Caused by NewConnectionError('<urllib3.connection.HTTPConnection object at 0x7fe46c253240>: Failed to establish a new connection: [Errno -2] Name or service not known',))
HTTPConnectionPool(host='www.dieei.unict.itcorsi', port=80): Max retries exceeded with url: /lm-25 (Caused by NewConnectionError('<urllib3.connection.HTTPConnection object at 0x7fe46c253630>: Failed to establish a new connection: [Errno -2] Name or service not known',))
HTTPConnectionPool(host='www.dieei.unict.itcorsi', port=80): Max retries exceeded with url: /lm-28 (Caused by NewConnectionError('<urllib3.connection.HTTPConnection object at 0x7fe46c253e10>: Failed to establish a new connection: [Errno -2] Name or service not known',))
HTTPConnectionPool(host='www.dieei.unict.itcorsi', port=80): Max retries exceeded with url: /lm-29 (Caused by NewConnectionError('<urllib3.connection.HTTPConnection object at 0x7fe46c2532e8>: Failed to establish a new connection: [Errno -2] Name or service not known',))
HTTPConnectionPool(host='www.dieei.unict.itcorsi', port=80): Max retries exceeded with url: /lm-27 (Caused by NewConnectionError('<urllib3.connection.HTTPConnection object at 0x7fe46c253c50>: Failed to establish a new connection: [Errno -2] Name or service not known',))
HTTPConnectionPool(host='www.dieei.unict.itcorsi', port=80): Max retries exceeded with url: /lm-32 (Caused by NewConnectionError('<urllib3.connection.HTTPConnection object at 0x7fe46c253160>: Failed to establish a new connection: [Errno -2] Name or service not known',))
HTTPConnectionPool(host='www.dieei.unict.itcorsi', port=80): Max retries exceeded with url: /l-8-ele (Caused by NewConnectionError('<urllib3.connection.HTTPConnection object at 0x7fe46c19f5c0>: Failed to establish a new connection: [Errno -2] Name or service not known',))
HTTPConnectionPool(host='www.dieei.unict.itcorsi', port=80): Max retries exceeded with url: /l-9 (Caused by NewConnectionError('<urllib3.connection.HTTPConnection object at 0x7fe46c19f550>: Failed to establish a new connection: [Errno -2] Name or service not known',))
HTTPConnectionPool(host='www.dieei.unict.itcorsi', port=80): Max retries exceeded with url: /l-8-inf (Caused by NewConnectionError('<urllib3.connection.HTTPConnection object at 0x7fe46c19f668>: Failed to establish a new connection: [Errno -2] Name or service not known',))
HTTPConnectionPool(host='www.dieei.unict.itcorsi', port=80): Max retries exceeded with url: /lm-25 (Caused by NewConnectionError('<urllib3.connection.HTTPConnection object at 0x7fe46c19f630>: Failed to establish a new connection: [Errno -2] Name or service not known',))
HTTPConnectionPool(host='www.dieei.unict.itcorsi', port=80): Max retries exceeded with url: /lm-28 (Caused by NewConnectionError('<urllib3.connection.HTTPConnection object at 0x7fe46c19f3c8>: Failed to establish a new connection: [Errno -2] Name or service not known',))
HTTPConnectionPool(host='www.dieei.unict.itcorsi', port=80): Max retries exceeded with url: /lm-29 (Caused by NewConnectionError('<urllib3.connection.HTTPConnection object at 0x7fe46c40ba90>: Failed to establish a new connection: [Errno -2] Name or service not known',))
HTTPConnectionPool(host='www.dieei.unict.itcorsi', port=80): Max retries exceeded with url: /lm-27 (Caused by NewConnectionError('<urllib3.connection.HTTPConnection object at 0x7fe46c19f630>: Failed to establish a new connection: [Errno -2] Name or service not known',))
HTTPConnectionPool(host='www.dieei.unict.itcorsi', port=80): Max retries exceeded with url: /lm-32 (Caused by NewConnectionError('<urllib3.connection.HTTPConnection object at 0x7fe46c40ba90>: Failed to establish a new connection: [Errno -2] Name or service not known',))
HTTPConnectionPool(host='web.dmi.unict.itcorsi', port=80): Max retries exceeded with url: /l-31 (Caused by NewConnectionError('<urllib3.connection.HTTPConnection object at 0x7ff40a059208>: Failed to establish a new connection: [Errno -2] Name or service not known',))
HTTPConnectionPool(host='web.dmi.unict.itcorsi', port=80): Max retries exceeded with url: /l-35 (Caused by NewConnectionError('<urllib3.connection.HTTPConnection object at 0x7ff40a0594a8>: Failed to establish a new connection: [Errno -2] Name or service not known',))
HTTPConnectionPool(host='web.dmi.unict.itcorsi', port=80): Max retries exceeded with url: /lm-18 (Caused by NewConnectionError('<urllib3.connection.HTTPConnection object at 0x7ff40a040898>: Failed to establish a new connection: [Errno -2] Name or service not known',))
HTTPConnectionPool(host='web.dmi.unict.itcorsi', port=80): Max retries exceeded with url: /lm-40 (Caused by NewConnectionError('<urllib3.connection.HTTPConnection object at 0x7ff40a040860>: Failed to establish a new connection: [Errno -2] Name or service not known',))
HTTPConnectionPool(host='web.dmi.unict.itcorsi', port=80): Max retries exceeded with url: /l-31 (Caused by NewConnectionError('<urllib3.connection.HTTPConnection object at 0x7ff4080552b0>: Failed to establish a new connection: [Errno -2] Name or service not known',))
HTTPConnectionPool(host='web.dmi.unict.itcorsi', port=80): Max retries exceeded with url: /l-35 (Caused by NewConnectionError('<urllib3.connection.HTTPConnection object at 0x7ff4080550b8>: Failed to establish a new connection: [Errno -2] Name or service not known',))
HTTPConnectionPool(host='web.dmi.unict.itcorsi', port=80): Max retries exceeded with url: /lm-18 (Caused by NewConnectionError('<urllib3.connection.HTTPConnection object at 0x7ff4080552b0>: Failed to establish a new connection: [Errno -2] Name or service not known',))
HTTPConnectionPool(host='web.dmi.unict.itcorsi', port=80): Max retries exceeded with url: /lm-40 (Caused by NewConnectionError('<urllib3.connection.HTTPConnection object at 0x7ff4080552b0>: Failed to establish a new connection: [Errno -2] Name or service not known',))
HTTPConnectionPool(host='www.dieei.unict.itcorsi', port=80): Max retries exceeded with url: /l-8-ele (Caused by NewConnectionError('<urllib3.connection.HTTPConnection object at 0x7ff3f977eac8>: Failed to establish a new connection: [Errno -2] Name or service not known',))
HTTPConnectionPool(host='www.dieei.unict.itcorsi', port=80): Max retries exceeded with url: /l-9 (Caused by NewConnectionError('<urllib3.connection.HTTPConnection object at 0x7ff3f977e978>: Failed to establish a new connection: [Errno -2] Name or service not known',))
HTTPConnectionPool(host='www.dieei.unict.itcorsi', port=80): Max retries exceeded with url: /l-8-inf (Caused by NewConnectionError('<urllib3.connection.HTTPConnection object at 0x7ff3f977e748>: Failed to establish a new connection: [Errno -2] Name or service not known',))
HTTPConnectionPool(host='www.dieei.unict.itcorsi', port=80): Max retries exceeded with url: /lm-25 (Caused by NewConnectionError('<urllib3.connection.HTTPConnection object at 0x7ff3f977e2e8>: Failed to establish a new connection: [Errno -2] Name or service not known',))
HTTPConnectionPool(host='www.dieei.unict.itcorsi', port=80): Max retries exceeded with url: /lm-28 (Caused by NewConnectionError('<urllib3.connection.HTTPConnection object at 0x7ff3f977e9e8>: Failed to establish a new connection: [Errno -2] Name or service not known',))
HTTPConnectionPool(host='www.dieei.unict.itcorsi', port=80): Max retries exceeded with url: /lm-29 (Caused by NewConnectionError('<urllib3.connection.HTTPConnection object at 0x7ff3f977eac8>: Failed to establish a new connection: [Errno -2] Name or service not known',))
HTTPConnectionPool(host='www.dieei.unict.itcorsi', port=80): Max retries exceeded with url: /lm-27 (Caused by NewConnectionError('<urllib3.connection.HTTPConnection object at 0x7ff40a0a0a20>: Failed to establish a new connection: [Errno -2] Name or service not known',))
HTTPConnectionPool(host='www.dieei.unict.itcorsi', port=80): Max retries exceeded with url: /lm-32 (Caused by NewConnectionError('<urllib3.connection.HTTPConnection object at 0x7ff3f977ee48>: Failed to establish a new connection: [Errno -2] Name or service not known',))
HTTPConnectionPool(host='www.dieei.unict.itcorsi', port=80): Max retries exceeded with url: /l-8-ele (Caused by NewConnectionError('<urllib3.connection.HTTPConnection object at 0x7ff40a01c438>: Failed to establish a new connection: [Errno -2] Name or service not known',))
HTTPConnectionPool(host='www.dieei.unict.itcorsi', port=80): Max retries exceeded with url: /l-9 (Caused by NewConnectionError('<urllib3.connection.HTTPConnection object at 0x7ff40a01c278>: Failed to establish a new connection: [Errno -2] Name or service not known',))
HTTPConnectionPool(host='www.dieei.unict.itcorsi', port=80): Max retries exceeded with url: /l-8-inf (Caused by NewConnectionError('<urllib3.connection.HTTPConnection object at 0x7ff40a01c1d0>: Failed to establish a new connection: [Errno -2] Name or service not known',))
HTTPConnectionPool(host='www.dieei.unict.itcorsi', port=80): Max retries exceeded with url: /lm-25 (Caused by NewConnectionError('<urllib3.connection.HTTPConnection object at 0x7ff40a01c128>: Failed to establish a new connection: [Errno -2] Name or service not known',))
HTTPConnectionPool(host='www.dieei.unict.itcorsi', port=80): Max retries exceeded with url: /lm-28 (Caused by NewConnectionError('<urllib3.connection.HTTPConnection object at 0x7ff40a01c320>: Failed to establish a new connection: [Errno -2] Name or service not known',))
HTTPConnectionPool(host='www.dieei.unict.itcorsi', port=80): Max retries exceeded with url: /lm-29 (Caused by NewConnectionError('<urllib3.connection.HTTPConnection object at 0x7ff40a01c3c8>: Failed to establish a new connection: [Errno -2] Name or service not known',))
HTTPConnectionPool(host='www.dieei.unict.itcorsi', port=80): Max retries exceeded with url: /lm-27 (Caused by NewConnectionError('<urllib3.connection.HTTPConnection object at 0x7ff40a01c320>: Failed to establish a new connection: [Errno -2] Name or service not known',))
HTTPConnectionPool(host='www.dieei.unict.itcorsi', port=80): Max retries exceeded with url: /lm-32 (Caused by NewConnectionError('<urllib3.connection.HTTPConnection object at 0x7ff40a01c390>: Failed to establish a new connection: [Errno -2] Name or service not known',))
HTTPConnectionPool(host='web.dmi.unict.itcorsi', port=80): Max retries exceeded with url: /l-31 (Caused by NewConnectionError('<urllib3.connection.HTTPConnection object at 0x7f9118112a90>: Failed to establish a new connection: [Errno -2] Name or service not known',))
HTTPConnectionPool(host='web.dmi.unict.itcorsi', port=80): Max retries exceeded with url: /l-35 (Caused by NewConnectionError('<urllib3.connection.HTTPConnection object at 0x7f9118112dd8>: Failed to establish a new connection: [Errno -2] Name or service not known',))
HTTPConnectionPool(host='web.dmi.unict.itcorsi', port=80): Max retries exceeded with url: /lm-18 (Caused by NewConnectionError('<urllib3.connection.HTTPConnection object at 0x7f91181129e8>: Failed to establish a new connection: [Errno -2] Name or service not known',))
HTTPConnectionPool(host='web.dmi.unict.itcorsi', port=80): Max retries exceeded with url: /lm-40 (Caused by NewConnectionError('<urllib3.connection.HTTPConnection object at 0x7f9118112cf8>: Failed to establish a new connection: [Errno -2] Name or service not known',))
HTTPConnectionPool(host='web.dmi.unict.itcorsi', port=80): Max retries exceeded with url: /l-31 (Caused by NewConnectionError('<urllib3.connection.HTTPConnection object at 0x7f911801f2e8>: Failed to establish a new connection: [Errno -2] Name or service not known',))
HTTPConnectionPool(host='web.dmi.unict.itcorsi', port=80): Max retries exceeded with url: /l-35 (Caused by NewConnectionError('<urllib3.connection.HTTPConnection object at 0x7f911801f0f0>: Failed to establish a new connection: [Errno -2] Name or service not known',))
HTTPConnectionPool(host='web.dmi.unict.itcorsi', port=80): Max retries exceeded with url: /lm-18 (Caused by NewConnectionError('<urllib3.connection.HTTPConnection object at 0x7f911801f2e8>: Failed to establish a new connection: [Errno -2] Name or service not known',))
HTTPConnectionPool(host='web.dmi.unict.itcorsi', port=80): Max retries exceeded with url: /lm-40 (Caused by NewConnectionError('<urllib3.connection.HTTPConnection object at 0x7f91180242e8>: Failed to establish a new connection: [Errno -2] Name or service not known',))
HTTPConnectionPool(host='www.dieei.unict.itcorsi', port=80): Max retries exceeded with url: /l-8-ele (Caused by NewConnectionError('<urllib3.connection.HTTPConnection object at 0x7f9118129ac8>: Failed to establish a new connection: [Errno -2] Name or service not known',))
HTTPConnectionPool(host='www.dieei.unict.itcorsi', port=80): Max retries exceeded with url: /l-9 (Caused by NewConnectionError('<urllib3.connection.HTTPConnection object at 0x7f9118129978>: Failed to establish a new connection: [Errno -2] Name or service not known',))
HTTPConnectionPool(host='www.dieei.unict.itcorsi', port=80): Max retries exceeded with url: /l-8-inf (Caused by NewConnectionError('<urllib3.connection.HTTPConnection object at 0x7f9118129668>: Failed to establish a new connection: [Errno -2] Name or service not known',))
HTTPConnectionPool(host='www.dieei.unict.itcorsi', port=80): Max retries exceeded with url: /lm-25 (Caused by NewConnectionError('<urllib3.connection.HTTPConnection object at 0x7f9118129358>: Failed to establish a new connection: [Errno -2] Name or service not known',))
HTTPConnectionPool(host='www.dieei.unict.itcorsi', port=80): Max retries exceeded with url: /lm-28 (Caused by NewConnectionError('<urllib3.connection.HTTPConnection object at 0x7f91181291d0>: Failed to establish a new connection: [Errno -2] Name or service not known',))
HTTPConnectionPool(host='www.dieei.unict.itcorsi', port=80): Max retries exceeded with url: /lm-29 (Caused by NewConnectionError('<urllib3.connection.HTTPConnection object at 0x7f9102de7048>: Failed to establish a new connection: [Errno -2] Name or service not known',))
HTTPConnectionPool(host='www.dieei.unict.itcorsi', port=80): Max retries exceeded with url: /lm-27 (Caused by NewConnectionError('<urllib3.connection.HTTPConnection object at 0x7f91181297f0>: Failed to establish a new connection: [Errno -2] Name or service not known',))
HTTPConnectionPool(host='www.dieei.unict.itcorsi', port=80): Max retries exceeded with url: /lm-32 (Caused by NewConnectionError('<urllib3.connection.HTTPConnection object at 0x7f9118129da0>: Failed to establish a new connection: [Errno -2] Name or service not known',))
HTTPConnectionPool(host='www.dieei.unict.itcorsi', port=80): Max retries exceeded with url: /l-8-ele (Caused by NewConnectionError('<urllib3.connection.HTTPConnection object at 0x7f9102f52470>: Failed to establish a new connection: [Errno -2] Name or service not known',))
HTTPConnectionPool(host='www.dieei.unict.itcorsi', port=80): Max retries exceeded with url: /l-9 (Caused by NewConnectionError('<urllib3.connection.HTTPConnection object at 0x7f9102f522b0>: Failed to establish a new connection: [Errno -2] Name or service not known',))
HTTPConnectionPool(host='www.dieei.unict.itcorsi', port=80): Max retries exceeded with url: /l-8-inf (Caused by NewConnectionError('<urllib3.connection.HTTPConnection object at 0x7f9102f52208>: Failed to establish a new connection: [Errno -2] Name or service not known',))
HTTPConnectionPool(host='www.dieei.unict.itcorsi', port=80): Max retries exceeded with url: /lm-25 (Caused by NewConnectionError('<urllib3.connection.HTTPConnection object at 0x7f9102f52160>: Failed to establish a new connection: [Errno -2] Name or service not known',))
HTTPConnectionPool(host='www.dieei.unict.itcorsi', port=80): Max retries exceeded with url: /lm-28 (Caused by NewConnectionError('<urllib3.connection.HTTPConnection object at 0x7f9102f52358>: Failed to establish a new connection: [Errno -2] Name or service not known',))
HTTPConnectionPool(host='www.dieei.unict.itcorsi', port=80): Max retries exceeded with url: /lm-29 (Caused by NewConnectionError('<urllib3.connection.HTTPConnection object at 0x7f9102f52400>: Failed to establish a new connection: [Errno -2] Name or service not known',))
HTTPConnectionPool(host='www.dieei.unict.itcorsi', port=80): Max retries exceeded with url: /lm-27 (Caused by NewConnectionError('<urllib3.connection.HTTPConnection object at 0x7f9102f52358>: Failed to establish a new connection: [Errno -2] Name or service not known',))
HTTPConnectionPool(host='www.dieei.unict.itcorsi', port=80): Max retries exceeded with url: /lm-32 (Caused by NewConnectionError('<urllib3.connection.HTTPConnection object at 0x7f9102f523c8>: Failed to establish a new connection: [Errno -2] Name or service not known',))
HTTPConnectionPool(host='web.dmi.unict.itcorsi', port=80): Max retries exceeded with url: /l-31 (Caused by NewConnectionError('<urllib3.connection.HTTPConnection object at 0x7f6e980a9a90>: Failed to establish a new connection: [Errno -2] Name or service not known',))
HTTPConnectionPool(host='web.dmi.unict.itcorsi', port=80): Max retries exceeded with url: /l-35 (Caused by NewConnectionError('<urllib3.connection.HTTPConnection object at 0x7f6e980a9dd8>: Failed to establish a new connection: [Errno -2] Name or service not known',))
HTTPConnectionPool(host='web.dmi.unict.itcorsi', port=80): Max retries exceeded with url: /lm-18 (Caused by NewConnectionError('<urllib3.connection.HTTPConnection object at 0x7f6e980a99e8>: Failed to establish a new connection: [Errno -2] Name or service not known',))
HTTPConnectionPool(host='web.dmi.unict.itcorsi', port=80): Max retries exceeded with url: /lm-40 (Caused by NewConnectionError('<urllib3.connection.HTTPConnection object at 0x7f6e980a9cf8>: Failed to establish a new connection: [Errno -2] Name or service not known',))
HTTPConnectionPool(host='web.dmi.unict.itcorsi', port=80): Max retries exceeded with url: /l-31 (Caused by NewConnectionError('<urllib3.connection.HTTPConnection object at 0x7f6e907962e8>: Failed to establish a new connection: [Errno -2] Name or service not known',))
HTTPConnectionPool(host='web.dmi.unict.itcorsi', port=80): Max retries exceeded with url: /l-35 (Caused by NewConnectionError('<urllib3.connection.HTTPConnection object at 0x7f6e907960f0>: Failed to establish a new connection: [Errno -2] Name or service not known',))
HTTPConnectionPool(host='web.dmi.unict.itcorsi', port=80): Max retries exceeded with url: /lm-18 (Caused by NewConnectionError('<urllib3.connection.HTTPConnection object at 0x7f6e907992e8>: Failed to establish a new connection: [Errno -2] Name or service not known',))
HTTPConnectionPool(host='web.dmi.unict.itcorsi', port=80): Max retries exceeded with url: /lm-40 (Caused by NewConnectionError('<urllib3.connection.HTTPConnection object at 0x7f6e907992e8>: Failed to establish a new connection: [Errno -2] Name or service not known',))
HTTPConnectionPool(host='www.dieei.unict.itcorsi', port=80): Max retries exceeded with url: /l-8-ele (Caused by NewConnectionError('<urllib3.connection.HTTPConnection object at 0x7f6e98d8d550>: Failed to establish a new connection: [Errno -2] Name or service not known',))
HTTPConnectionPool(host='www.dieei.unict.itcorsi', port=80): Max retries exceeded with url: /l-9 (Caused by NewConnectionError('<urllib3.connection.HTTPConnection object at 0x7f6e98d8d780>: Failed to establish a new connection: [Errno -2] Name or service not known',))
HTTPConnectionPool(host='www.dieei.unict.itcorsi', port=80): Max retries exceeded with url: /l-8-inf (Caused by NewConnectionError('<urllib3.connection.HTTPConnection object at 0x7f6e98d8dc50>: Failed to establish a new connection: [Errno -2] Name or service not known',))
HTTPConnectionPool(host='www.dieei.unict.itcorsi', port=80): Max retries exceeded with url: /lm-25 (Caused by NewConnectionError('<urllib3.connection.HTTPConnection object at 0x7f6e98d8d8d0>: Failed to establish a new connection: [Errno -2] Name or service not known',))
HTTPConnectionPool(host='www.dieei.unict.itcorsi', port=80): Max retries exceeded with url: /lm-28 (Caused by NewConnectionError('<urllib3.connection.HTTPConnection object at 0x7f6e98d8d780>: Failed to establish a new connection: [Errno -2] Name or service not known',))
HTTPConnectionPool(host='www.dieei.unict.itcorsi', port=80): Max retries exceeded with url: /lm-29 (Caused by NewConnectionError('<urllib3.connection.HTTPConnection object at 0x7f6e98d8dc50>: Failed to establish a new connection: [Errno -2] Name or service not known',))
HTTPConnectionPool(host='www.dieei.unict.itcorsi', port=80): Max retries exceeded with url: /lm-27 (Caused by NewConnectionError('<urllib3.connection.HTTPConnection object at 0x7f6e98d8d978>: Failed to establish a new connection: [Errno -2] Name or service not known',))
HTTPConnectionPool(host='www.dieei.unict.itcorsi', port=80): Max retries exceeded with url: /lm-32 (Caused by NewConnectionError('<urllib3.connection.HTTPConnection object at 0x7f6e98d8dc50>: Failed to establish a new connection: [Errno -2] Name or service not known',))
HTTPConnectionPool(host='www.dieei.unict.itcorsi', port=80): Max retries exceeded with url: /l-8-ele (Caused by NewConnectionError('<urllib3.connection.HTTPConnection object at 0x7f6e907d9358>: Failed to establish a new connection: [Errno -2] Name or service not known',))
HTTPConnectionPool(host='www.dieei.unict.itcorsi', port=80): Max retries exceeded with url: /l-9 (Caused by NewConnectionError('<urllib3.connection.HTTPConnection object at 0x7f6e907d92e8>: Failed to establish a new connection: [Errno -2] Name or service not known',))
HTTPConnectionPool(host='www.dieei.unict.itcorsi', port=80): Max retries exceeded with url: /l-8-inf (Caused by NewConnectionError('<urllib3.connection.HTTPConnection object at 0x7f6e907d9278>: Failed to establish a new connection: [Errno -2] Name or service not known',))
HTTPConnectionPool(host='www.dieei.unict.itcorsi', port=80): Max retries exceeded with url: /lm-25 (Caused by NewConnectionError('<urllib3.connection.HTTPConnection object at 0x7f6e907d9438>: Failed to establish a new connection: [Errno -2] Name or service not known',))
HTTPConnectionPool(host='www.dieei.unict.itcorsi', port=80): Max retries exceeded with url: /lm-28 (Caused by NewConnectionError('<urllib3.connection.HTTPConnection object at 0x7f6e907d9358>: Failed to establish a new connection: [Errno -2] Name or service not known',))
HTTPConnectionPool(host='www.dieei.unict.itcorsi', port=80): Max retries exceeded with url: /lm-29 (Caused by NewConnectionError('<urllib3.connection.HTTPConnection object at 0x7f6e907d92b0>: Failed to establish a new connection: [Errno -2] Name or service not known',))
HTTPConnectionPool(host='www.dieei.unict.itcorsi', port=80): Max retries exceeded with url: /lm-27 (Caused by NewConnectionError('<urllib3.connection.HTTPConnection object at 0x7f6e907d9438>: Failed to establish a new connection: [Errno -2] Name or service not known',))
HTTPConnectionPool(host='www.dieei.unict.itcorsi', port=80): Max retries exceeded with url: /lm-32 (Caused by NewConnectionError('<urllib3.connection.HTTPConnection object at 0x7f6e906216a0>: Failed to establish a new connection: [Errno -2] Name or service not known',))
HTTPConnectionPool(host='web.dmi.unict.itcorsi', port=80): Max retries exceeded with url: /l-31 (Caused by NewConnectionError('<urllib3.connection.HTTPConnection object at 0x7efdf84e9a90>: Failed to establish a new connection: [Errno -2] Name or service not known',))
HTTPConnectionPool(host='web.dmi.unict.itcorsi', port=80): Max retries exceeded with url: /l-35 (Caused by NewConnectionError('<urllib3.connection.HTTPConnection object at 0x7efdf84e9dd8>: Failed to establish a new connection: [Errno -2] Name or service not known',))
HTTPConnectionPool(host='web.dmi.unict.itcorsi', port=80): Max retries exceeded with url: /lm-18 (Caused by NewConnectionError('<urllib3.connection.HTTPConnection object at 0x7efdf84e99e8>: Failed to establish a new connection: [Errno -2] Name or service not known',))
HTTPConnectionPool(host='web.dmi.unict.itcorsi', port=80): Max retries exceeded with url: /lm-40 (Caused by NewConnectionError('<urllib3.connection.HTTPConnection object at 0x7efdf84e9cf8>: Failed to establish a new connection: [Errno -2] Name or service not known',))
HTTPConnectionPool(host='web.dmi.unict.itcorsi', port=80): Max retries exceeded with url: /l-31 (Caused by NewConnectionError('<urllib3.connection.HTTPConnection object at 0x7efdf83f52b0>: Failed to establish a new connection: [Errno -2] Name or service not known',))
HTTPConnectionPool(host='web.dmi.unict.itcorsi', port=80): Max retries exceeded with url: /l-35 (Caused by NewConnectionError('<urllib3.connection.HTTPConnection object at 0x7efdf83f50b8>: Failed to establish a new connection: [Errno -2] Name or service not known',))
HTTPConnectionPool(host='web.dmi.unict.itcorsi', port=80): Max retries exceeded with url: /lm-18 (Caused by NewConnectionError('<urllib3.connection.HTTPConnection object at 0x7efdf83f52b0>: Failed to establish a new connection: [Errno -2] Name or service not known',))
HTTPConnectionPool(host='web.dmi.unict.itcorsi', port=80): Max retries exceeded with url: /lm-40 (Caused by NewConnectionError('<urllib3.connection.HTTPConnection object at 0x7efdf83f52b0>: Failed to establish a new connection: [Errno -2] Name or service not known',))
HTTPConnectionPool(host='www.dieei.unict.itcorsi', port=80): Max retries exceeded with url: /l-8-ele (Caused by NewConnectionError('<urllib3.connection.HTTPConnection object at 0x7efdf83fcbe0>: Failed to establish a new connection: [Errno -2] Name or service not known',))
HTTPConnectionPool(host='www.dieei.unict.itcorsi', port=80): Max retries exceeded with url: /l-9 (Caused by NewConnectionError('<urllib3.connection.HTTPConnection object at 0x7efdf83fc940>: Failed to establish a new connection: [Errno -2] Name or service not known',))
HTTPConnectionPool(host='www.dieei.unict.itcorsi', port=80): Max retries exceeded with url: /l-8-inf (Caused by NewConnectionError('<urllib3.connection.HTTPConnection object at 0x7efdf83fc7f0>: Failed to establish a new connection: [Errno -2] Name or service not known',))
HTTPConnectionPool(host='www.dieei.unict.itcorsi', port=80): Max retries exceeded with url: /lm-25 (Caused by NewConnectionError('<urllib3.connection.HTTPConnection object at 0x7efdf83fc278>: Failed to establish a new connection: [Errno -2] Name or service not known',))
HTTPConnectionPool(host='www.dieei.unict.itcorsi', port=80): Max retries exceeded with url: /lm-28 (Caused by NewConnectionError('<urllib3.connection.HTTPConnection object at 0x7efdf82c0e48>: Failed to establish a new connection: [Errno -2] Name or service not known',))
HTTPConnectionPool(host='www.dieei.unict.itcorsi', port=80): Max retries exceeded with url: /lm-29 (Caused by NewConnectionError('<urllib3.connection.HTTPConnection object at 0x7efdf82c0f28>: Failed to establish a new connection: [Errno -2] Name or service not known',))
HTTPConnectionPool(host='www.dieei.unict.itcorsi', port=80): Max retries exceeded with url: /lm-27 (Caused by NewConnectionError('<urllib3.connection.HTTPConnection object at 0x7efdf83fc198>: Failed to establish a new connection: [Errno -2] Name or service not known',))
HTTPConnectionPool(host='www.dieei.unict.itcorsi', port=80): Max retries exceeded with url: /lm-32 (Caused by NewConnectionError('<urllib3.connection.HTTPConnection object at 0x7efdf83fc470>: Failed to establish a new connection: [Errno -2] Name or service not known',))
HTTPConnectionPool(host='www.dieei.unict.itcorsi', port=80): Max retries exceeded with url: /l-8-ele (Caused by NewConnectionError('<urllib3.connection.HTTPConnection object at 0x7efdf8418400>: Failed to establish a new connection: [Errno -2] Name or service not known',))
HTTPConnectionPool(host='www.dieei.unict.itcorsi', port=80): Max retries exceeded with url: /l-9 (Caused by NewConnectionError('<urllib3.connection.HTTPConnection object at 0x7efdf8418358>: Failed to establish a new connection: [Errno -2] Name or service not known',))
HTTPConnectionPool(host='www.dieei.unict.itcorsi', port=80): Max retries exceeded with url: /l-8-inf (Caused by NewConnectionError('<urllib3.connection.HTTPConnection object at 0x7efdf8418390>: Failed to establish a new connection: [Errno -2] Name or service not known',))
HTTPConnectionPool(host='www.dieei.unict.itcorsi', port=80): Max retries exceeded with url: /lm-25 (Caused by NewConnectionError('<urllib3.connection.HTTPConnection object at 0x7efdf8434e48>: Failed to establish a new connection: [Errno -2] Name or service not known',))
HTTPConnectionPool(host='www.dieei.unict.itcorsi', port=80): Max retries exceeded with url: /lm-28 (Caused by NewConnectionError('<urllib3.connection.HTTPConnection object at 0x7efdf8418400>: Failed to establish a new connection: [Errno -2] Name or service not known',))
HTTPConnectionPool(host='www.dieei.unict.itcorsi', port=80): Max retries exceeded with url: /lm-29 (Caused by NewConnectionError('<urllib3.connection.HTTPConnection object at 0x7efdf84181d0>: Failed to establish a new connection: [Errno -2] Name or service not known',))
HTTPConnectionPool(host='www.dieei.unict.itcorsi', port=80): Max retries exceeded with url: /lm-27 (Caused by NewConnectionError('<urllib3.connection.HTTPConnection object at 0x7efdf8418400>: Failed to establish a new connection: [Errno -2] Name or service not known',))
HTTPConnectionPool(host='www.dieei.unict.itcorsi', port=80): Max retries exceeded with url: /lm-32 (Caused by NewConnectionError('<urllib3.connection.HTTPConnection object at 0x7efdf8418240>: Failed to establish a new connection: [Errno -2] Name or service not known',))
HTTPConnectionPool(host='web.dmi.unict.itcorsi', port=80): Max retries exceeded with url: /l-31 (Caused by NewConnectionError('<urllib3.connection.HTTPConnection object at 0x7faa28c6b4a8>: Failed to establish a new connection: [Errno -2] Name or service not known',))
HTTPConnectionPool(host='web.dmi.unict.itcorsi', port=80): Max retries exceeded with url: /l-35 (Caused by NewConnectionError('<urllib3.connection.HTTPConnection object at 0x7faa28c6b2b0>: Failed to establish a new connection: [Errno -2] Name or service not known',))
HTTPConnectionPool(host='web.dmi.unict.itcorsi', port=80): Max retries exceeded with url: /lm-18 (Caused by NewConnectionError('<urllib3.connection.HTTPConnection object at 0x7faa28c52ef0>: Failed to establish a new connection: [Errno -2] Name or service not known',))
HTTPConnectionPool(host='web.dmi.unict.itcorsi', port=80): Max retries exceeded with url: /lm-40 (Caused by NewConnectionError('<urllib3.connection.HTTPConnection object at 0x7faa28c525c0>: Failed to establish a new connection: [Errno -2] Name or service not known',))
HTTPConnectionPool(host='web.dmi.unict.itcorsi', port=80): Max retries exceeded with url: /l-31 (Caused by NewConnectionError('<urllib3.connection.HTTPConnection object at 0x7faa2808a2b0>: Failed to establish a new connection: [Errno -2] Name or service not known',))
HTTPConnectionPool(host='web.dmi.unict.itcorsi', port=80): Max retries exceeded with url: /l-35 (Caused by NewConnectionError('<urllib3.connection.HTTPConnection object at 0x7faa2808a0b8>: Failed to establish a new connection: [Errno -2] Name or service not known',))
HTTPConnectionPool(host='web.dmi.unict.itcorsi', port=80): Max retries exceeded with url: /lm-18 (Caused by NewConnectionError('<urllib3.connection.HTTPConnection object at 0x7faa2808d2b0>: Failed to establish a new connection: [Errno -2] Name or service not known',))
HTTPConnectionPool(host='web.dmi.unict.itcorsi', port=80): Max retries exceeded with url: /lm-40 (Caused by NewConnectionError('<urllib3.connection.HTTPConnection object at 0x7faa2808d0b8>: Failed to establish a new connection: [Errno -2] Name or service not known',))
HTTPConnectionPool(host='www.dieei.unict.itcorsi', port=80): Max retries exceeded with url: /l-8-ele (Caused by NewConnectionError('<urllib3.connection.HTTPConnection object at 0x7faa281ebba8>: Failed to establish a new connection: [Errno -2] Name or service not known',))
HTTPConnectionPool(host='www.dieei.unict.itcorsi', port=80): Max retries exceeded with url: /l-9 (Caused by NewConnectionError('<urllib3.connection.HTTPConnection object at 0x7faa281eb2b0>: Failed to establish a new connection: [Errno -2] Name or service not known',))
HTTPConnectionPool(host='www.dieei.unict.itcorsi', port=80): Max retries exceeded with url: /l-8-inf (Caused by NewConnectionError('<urllib3.connection.HTTPConnection object at 0x7faa281ebc50>: Failed to establish a new connection: [Errno -2] Name or service not known',))
HTTPConnectionPool(host='www.dieei.unict.itcorsi', port=80): Max retries exceeded with url: /lm-25 (Caused by NewConnectionError('<urllib3.connection.HTTPConnection object at 0x7faa281ebef0>: Failed to establish a new connection: [Errno -2] Name or service not known',))
HTTPConnectionPool(host='www.dieei.unict.itcorsi', port=80): Max retries exceeded with url: /lm-28 (Caused by NewConnectionError('<urllib3.connection.HTTPConnection object at 0x7faa281eb2b0>: Failed to establish a new connection: [Errno -2] Name or service not known',))
HTTPConnectionPool(host='www.dieei.unict.itcorsi', port=80): Max retries exceeded with url: /lm-29 (Caused by NewConnectionError('<urllib3.connection.HTTPConnection object at 0x7faa281ebc50>: Failed to establish a new connection: [Errno -2] Name or service not known',))
HTTPConnectionPool(host='www.dieei.unict.itcorsi', port=80): Max retries exceeded with url: /lm-27 (Caused by NewConnectionError('<urllib3.connection.HTTPConnection object at 0x7faa281eb2b0>: Failed to establish a new connection: [Errno -2] Name or service not known',))
HTTPConnectionPool(host='www.dieei.unict.itcorsi', port=80): Max retries exceeded with url: /lm-32 (Caused by NewConnectionError('<urllib3.connection.HTTPConnection object at 0x7faa281ebda0>: Failed to establish a new connection: [Errno -2] Name or service not known',))
HTTPConnectionPool(host='www.dieei.unict.itcorsi', port=80): Max retries exceeded with url: /l-8-ele (Caused by NewConnectionError('<urllib3.connection.HTTPConnection object at 0x7faa280b3550>: Failed to establish a new connection: [Errno -2] Name or service not known',))
HTTPConnectionPool(host='www.dieei.unict.itcorsi', port=80): Max retries exceeded with url: /l-9 (Caused by NewConnectionError('<urllib3.connection.HTTPConnection object at 0x7faa280b34e0>: Failed to establish a new connection: [Errno -2] Name or service not known',))
HTTPConnectionPool(host='www.dieei.unict.itcorsi', port=80): Max retries exceeded with url: /l-8-inf (Caused by NewConnectionError('<urllib3.connection.HTTPConnection object at 0x7faa280b35f8>: Failed to establish a new connection: [Errno -2] Name or service not known',))
HTTPConnectionPool(host='www.dieei.unict.itcorsi', port=80): Max retries exceeded with url: /lm-25 (Caused by NewConnectionError('<urllib3.connection.HTTPConnection object at 0x7faa280b35c0>: Failed to establish a new connection: [Errno -2] Name or service not known',))
HTTPConnectionPool(host='www.dieei.unict.itcorsi', port=80): Max retries exceeded with url: /lm-28 (Caused by NewConnectionError('<urllib3.connection.HTTPConnection object at 0x7faa280b3358>: Failed to establish a new connection: [Errno -2] Name or service not known',))
HTTPConnectionPool(host='www.dieei.unict.itcorsi', port=80): Max retries exceeded with url: /lm-29 (Caused by NewConnectionError('<urllib3.connection.HTTPConnection object at 0x7faa202999e8>: Failed to establish a new connection: [Errno -2] Name or service not known',))
HTTPConnectionPool(host='www.dieei.unict.itcorsi', port=80): Max retries exceeded with url: /lm-27 (Caused by NewConnectionError('<urllib3.connection.HTTPConnection object at 0x7faa280b35c0>: Failed to establish a new connection: [Errno -2] Name or service not known',))
HTTPConnectionPool(host='www.dieei.unict.itcorsi', port=80): Max retries exceeded with url: /lm-32 (Caused by NewConnectionError('<urllib3.connection.HTTPConnection object at 0x7faa202999e8>: Failed to establish a new connection: [Errno -2] Name or service not known',))
HTTPConnectionPool(host='web.dmi.unict.itcorsi', port=80): Max retries exceeded with url: /l-31 (Caused by NewConnectionError('<urllib3.connection.HTTPConnection object at 0x7f833b9880b8>: Failed to establish a new connection: [Errno -2] Name or service not known',))
HTTPConnectionPool(host='web.dmi.unict.itcorsi', port=80): Max retries exceeded with url: /l-35 (Caused by NewConnectionError('<urllib3.connection.HTTPConnection object at 0x7f833b988198>: Failed to establish a new connection: [Errno -2] Name or service not known',))
HTTPConnectionPool(host='web.dmi.unict.itcorsi', port=80): Max retries exceeded with url: /lm-18 (Caused by NewConnectionError('<urllib3.connection.HTTPConnection object at 0x7f833b96fa90>: Failed to establish a new connection: [Errno -2] Name or service not known',))
HTTPConnectionPool(host='web.dmi.unict.itcorsi', port=80): Max retries exceeded with url: /lm-40 (Caused by NewConnectionError('<urllib3.connection.HTTPConnection object at 0x7f833b96fc88>: Failed to establish a new connection: [Errno -2] Name or service not known',))
HTTPConnectionPool(host='web.dmi.unict.itcorsi', port=80): Max retries exceeded with url: /l-31 (Caused by NewConnectionError('<urllib3.connection.HTTPConnection object at 0x7f8338181358>: Failed to establish a new connection: [Errno -2] Name or service not known',))
HTTPConnectionPool(host='web.dmi.unict.itcorsi', port=80): Max retries exceeded with url: /l-35 (Caused by NewConnectionError('<urllib3.connection.HTTPConnection object at 0x7f8338181160>: Failed to establish a new connection: [Errno -2] Name or service not known',))
HTTPConnectionPool(host='web.dmi.unict.itcorsi', port=80): Max retries exceeded with url: /lm-18 (Caused by NewConnectionError('<urllib3.connection.HTTPConnection object at 0x7f8338181128>: Failed to establish a new connection: [Errno -2] Name or service not known',))
HTTPConnectionPool(host='web.dmi.unict.itcorsi', port=80): Max retries exceeded with url: /lm-40 (Caused by NewConnectionError('<urllib3.connection.HTTPConnection object at 0x7f83381810f0>: Failed to establish a new connection: [Errno -2] Name or service not known',))
HTTPConnectionPool(host='www.dieei.unict.itcorsi', port=80): Max retries exceeded with url: /l-8-ele (Caused by NewConnectionError('<urllib3.connection.HTTPConnection object at 0x7f833822ca20>: Failed to establish a new connection: [Errno -2] Name or service not known',))
HTTPConnectionPool(host='www.dieei.unict.itcorsi', port=80): Max retries exceeded with url: /l-9 (Caused by NewConnectionError('<urllib3.connection.HTTPConnection object at 0x7f833822c9b0>: Failed to establish a new connection: [Errno -2] Name or service not known',))
HTTPConnectionPool(host='www.dieei.unict.itcorsi', port=80): Max retries exceeded with url: /l-8-inf (Caused by NewConnectionError('<urllib3.connection.HTTPConnection object at 0x7f833822cda0>: Failed to establish a new connection: [Errno -2] Name or service not known',))
HTTPConnectionPool(host='www.dieei.unict.itcorsi', port=80): Max retries exceeded with url: /lm-25 (Caused by NewConnectionError('<urllib3.connection.HTTPConnection object at 0x7f833822c390>: Failed to establish a new connection: [Errno -2] Name or service not known',))
HTTPConnectionPool(host='www.dieei.unict.itcorsi', port=80): Max retries exceeded with url: /lm-28 (Caused by NewConnectionError('<urllib3.connection.HTTPConnection object at 0x7f833822c2b0>: Failed to establish a new connection: [Errno -2] Name or service not known',))
HTTPConnectionPool(host='www.dieei.unict.itcorsi', port=80): Max retries exceeded with url: /lm-29 (Caused by NewConnectionError('<urllib3.connection.HTTPConnection object at 0x7f833822ca90>: Failed to establish a new connection: [Errno -2] Name or service not known',))
HTTPConnectionPool(host='www.dieei.unict.itcorsi', port=80): Max retries exceeded with url: /lm-27 (Caused by NewConnectionError('<urllib3.connection.HTTPConnection object at 0x7f833822c278>: Failed to establish a new connection: [Errno -2] Name or service not known',))
HTTPConnectionPool(host='www.dieei.unict.itcorsi', port=80): Max retries exceeded with url: /lm-32 (Caused by NewConnectionError('<urllib3.connection.HTTPConnection object at 0x7f833822c438>: Failed to establish a new connection: [Errno -2] Name or service not known',))
HTTPConnectionPool(host='www.dieei.unict.itcorsi', port=80): Max retries exceeded with url: /l-8-ele (Caused by NewConnectionError('<urllib3.connection.HTTPConnection object at 0x7f8322e6f550>: Failed to establish a new connection: [Errno -2] Name or service not known',))
HTTPConnectionPool(host='www.dieei.unict.itcorsi', port=80): Max retries exceeded with url: /l-9 (Caused by NewConnectionError('<urllib3.connection.HTTPConnection object at 0x7f8322e6f3c8>: Failed to establish a new connection: [Errno -2] Name or service not known',))
HTTPConnectionPool(host='www.dieei.unict.itcorsi', port=80): Max retries exceeded with url: /l-8-inf (Caused by NewConnectionError('<urllib3.connection.HTTPConnection object at 0x7f8322e6f470>: Failed to establish a new connection: [Errno -2] Name or service not known',))
HTTPConnectionPool(host='www.dieei.unict.itcorsi', port=80): Max retries exceeded with url: /lm-25 (Caused by NewConnectionError('<urllib3.connection.HTTPConnection object at 0x7f8322e6f320>: Failed to establish a new connection: [Errno -2] Name or service not known',))
HTTPConnectionPool(host='www.dieei.unict.itcorsi', port=80): Max retries exceeded with url: /lm-28 (Caused by NewConnectionError('<urllib3.connection.HTTPConnection object at 0x7f8322e6f470>: Failed to establish a new connection: [Errno -2] Name or service not known',))
HTTPConnectionPool(host='www.dieei.unict.itcorsi', port=80): Max retries exceeded with url: /lm-29 (Caused by NewConnectionError('<urllib3.connection.HTTPConnection object at 0x7f8322e6f2e8>: Failed to establish a new connection: [Errno -2] Name or service not known',))
HTTPConnectionPool(host='www.dieei.unict.itcorsi', port=80): Max retries exceeded with url: /lm-27 (Caused by NewConnectionError('<urllib3.connection.HTTPConnection object at 0x7f8322e6f470>: Failed to establish a new connection: [Errno -2] Name or service not known',))
HTTPConnectionPool(host='www.dieei.unict.itcorsi', port=80): Max retries exceeded with url: /lm-32 (Caused by NewConnectionError('<urllib3.connection.HTTPConnection object at 0x7f8322e6f438>: Failed to establish a new connection: [Errno -2] Name or service not known',))
HTTPConnectionPool(host='web.dmi.unict.itcorsi', port=80): Max retries exceeded with url: /l-31 (Caused by NewConnectionError('<urllib3.connection.HTTPConnection object at 0x7f8586fcdcf8>: Failed to establish a new connection: [Errno -2] Name or service not known',))
HTTPConnectionPool(host='web.dmi.unict.itcorsi', port=80): Max retries exceeded with url: /l-35 (Caused by NewConnectionError('<urllib3.connection.HTTPConnection object at 0x7f8586fcdcc0>: Failed to establish a new connection: [Errno -2] Name or service not known',))
HTTPConnectionPool(host='web.dmi.unict.itcorsi', port=80): Max retries exceeded with url: /lm-18 (Caused by NewConnectionError('<urllib3.connection.HTTPConnection object at 0x7f8586fcddd8>: Failed to establish a new connection: [Errno -2] Name or service not known',))
HTTPConnectionPool(host='web.dmi.unict.itcorsi', port=80): Max retries exceeded with url: /lm-40 (Caused by NewConnectionError('<urllib3.connection.HTTPConnection object at 0x7f8586fcde48>: Failed to establish a new connection: [Errno -2] Name or service not known',))
HTTPConnectionPool(host='web.dmi.unict.itcorsi', port=80): Max retries exceeded with url: /l-31 (Caused by NewConnectionError('<urllib3.connection.HTTPConnection object at 0x7f8586edb320>: Failed to establish a new connection: [Errno -2] Name or service not known',))
HTTPConnectionPool(host='web.dmi.unict.itcorsi', port=80): Max retries exceeded with url: /l-35 (Caused by NewConnectionError('<urllib3.connection.HTTPConnection object at 0x7f8586edb128>: Failed to establish a new connection: [Errno -2] Name or service not known',))
HTTPConnectionPool(host='web.dmi.unict.itcorsi', port=80): Max retries exceeded with url: /lm-18 (Caused by NewConnectionError('<urllib3.connection.HTTPConnection object at 0x7f8586edb320>: Failed to establish a new connection: [Errno -2] Name or service not known',))
HTTPConnectionPool(host='web.dmi.unict.itcorsi', port=80): Max retries exceeded with url: /lm-40 (Caused by NewConnectionError('<urllib3.connection.HTTPConnection object at 0x7f8586ee0320>: Failed to establish a new connection: [Errno -2] Name or service not known',))
HTTPConnectionPool(host='www.dieei.unict.itcorsi', port=80): Max retries exceeded with url: /l-8-ele (Caused by NewConnectionError('<urllib3.connection.HTTPConnection object at 0x7f8586f56908>: Failed to establish a new connection: [Errno -2] Name or service not known',))
HTTPConnectionPool(host='www.dieei.unict.itcorsi', port=80): Max retries exceeded with url: /l-9 (Caused by NewConnectionError('<urllib3.connection.HTTPConnection object at 0x7f8586f56048>: Failed to establish a new connection: [Errno -2] Name or service not known',))
HTTPConnectionPool(host='www.dieei.unict.itcorsi', port=80): Max retries exceeded with url: /l-8-inf (Caused by NewConnectionError('<urllib3.connection.HTTPConnection object at 0x7f8586f566a0>: Failed to establish a new connection: [Errno -2] Name or service not known',))
HTTPConnectionPool(host='www.dieei.unict.itcorsi', port=80): Max retries exceeded with url: /lm-25 (Caused by NewConnectionError('<urllib3.connection.HTTPConnection object at 0x7f8586f56358>: Failed to establish a new connection: [Errno -2] Name or service not known',))
HTTPConnectionPool(host='www.dieei.unict.itcorsi', port=80): Max retries exceeded with url: /lm-28 (Caused by NewConnectionError('<urllib3.connection.HTTPConnection object at 0x7f8586f56a20>: Failed to establish a new connection: [Errno -2] Name or service not known',))
HTTPConnectionPool(host='www.dieei.unict.itcorsi', port=80): Max retries exceeded with url: /lm-29 (Caused by NewConnectionError('<urllib3.connection.HTTPConnection object at 0x7f8586f56160>: Failed to establish a new connection: [Errno -2] Name or service not known',))
HTTPConnectionPool(host='www.dieei.unict.itcorsi', port=80): Max retries exceeded with url: /lm-27 (Caused by NewConnectionError('<urllib3.connection.HTTPConnection object at 0x7f8586f56128>: Failed to establish a new connection: [Errno -2] Name or service not known',))
HTTPConnectionPool(host='www.dieei.unict.itcorsi', port=80): Max retries exceeded with url: /lm-32 (Caused by NewConnectionError('<urllib3.connection.HTTPConnection object at 0x7f8586f56160>: Failed to establish a new connection: [Errno -2] Name or service not known',))
HTTPConnectionPool(host='www.dieei.unict.itcorsi', port=80): Max retries exceeded with url: /l-8-ele (Caused by NewConnectionError('<urllib3.connection.HTTPConnection object at 0x7f8586fb84a8>: Failed to establish a new connection: [Errno -2] Name or service not known',))
HTTPConnectionPool(host='www.dieei.unict.itcorsi', port=80): Max retries exceeded with url: /l-9 (Caused by NewConnectionError('<urllib3.connection.HTTPConnection object at 0x7f8586fb82e8>: Failed to establish a new connection: [Errno -2] Name or service not known',))
HTTPConnectionPool(host='www.dieei.unict.itcorsi', port=80): Max retries exceeded with url: /l-8-inf (Caused by NewConnectionError('<urllib3.connection.HTTPConnection object at 0x7f8586fb8390>: Failed to establish a new connection: [Errno -2] Name or service not known',))
HTTPConnectionPool(host='www.dieei.unict.itcorsi', port=80): Max retries exceeded with url: /lm-25 (Caused by NewConnectionError('<urllib3.connection.HTTPConnection object at 0x7f8586fb82e8>: Failed to establish a new connection: [Errno -2] Name or service not known',))
HTTPConnectionPool(host='www.dieei.unict.itcorsi', port=80): Max retries exceeded with url: /lm-28 (Caused by NewConnectionError('<urllib3.connection.HTTPConnection object at 0x7f8586fb8438>: Failed to establish a new connection: [Errno -2] Name or service not known',))
HTTPConnectionPool(host='www.dieei.unict.itcorsi', port=80): Max retries exceeded with url: /lm-29 (Caused by NewConnectionError('<urllib3.connection.HTTPConnection object at 0x7f8586dba940>: Failed to establish a new connection: [Errno -2] Name or service not known',))
HTTPConnectionPool(host='www.dieei.unict.itcorsi', port=80): Max retries exceeded with url: /lm-27 (Caused by NewConnectionError('<urllib3.connection.HTTPConnection object at 0x7f8586fb8438>: Failed to establish a new connection: [Errno -2] Name or service not known',))
HTTPConnectionPool(host='www.dieei.unict.itcorsi', port=80): Max retries exceeded with url: /lm-32 (Caused by NewConnectionError('<urllib3.connection.HTTPConnection object at 0x7f8586fb82e8>: Failed to establish a new connection: [Errno -2] Name or service not known',))
HTTPConnectionPool(host='web.dmi.unict.itcorsi', port=80): Max retries exceeded with url: /l-31 (Caused by NewConnectionError('<urllib3.connection.HTTPConnection object at 0x7f0198677a90>: Failed to establish a new connection: [Errno -2] Name or service not known',))
HTTPConnectionPool(host='web.dmi.unict.itcorsi', port=80): Max retries exceeded with url: /l-35 (Caused by NewConnectionError('<urllib3.connection.HTTPConnection object at 0x7f0198677dd8>: Failed to establish a new connection: [Errno -2] Name or service not known',))
HTTPConnectionPool(host='web.dmi.unict.itcorsi', port=80): Max retries exceeded with url: /lm-18 (Caused by NewConnectionError('<urllib3.connection.HTTPConnection object at 0x7f01986779e8>: Failed to establish a new connection: [Errno -2] Name or service not known',))
HTTPConnectionPool(host='web.dmi.unict.itcorsi', port=80): Max retries exceeded with url: /lm-40 (Caused by NewConnectionError('<urllib3.connection.HTTPConnection object at 0x7f0198677cf8>: Failed to establish a new connection: [Errno -2] Name or service not known',))
HTTPConnectionPool(host='web.dmi.unict.itcorsi', port=80): Max retries exceeded with url: /l-31 (Caused by NewConnectionError('<urllib3.connection.HTTPConnection object at 0x7f01985842e8>: Failed to establish a new connection: [Errno -2] Name or service not known',))
HTTPConnectionPool(host='web.dmi.unict.itcorsi', port=80): Max retries exceeded with url: /l-35 (Caused by NewConnectionError('<urllib3.connection.HTTPConnection object at 0x7f01985840f0>: Failed to establish a new connection: [Errno -2] Name or service not known',))
HTTPConnectionPool(host='web.dmi.unict.itcorsi', port=80): Max retries exceeded with url: /lm-18 (Caused by NewConnectionError('<urllib3.connection.HTTPConnection object at 0x7f01985842e8>: Failed to establish a new connection: [Errno -2] Name or service not known',))
HTTPConnectionPool(host='web.dmi.unict.itcorsi', port=80): Max retries exceeded with url: /lm-40 (Caused by NewConnectionError('<urllib3.connection.HTTPConnection object at 0x7f01985892e8>: Failed to establish a new connection: [Errno -2] Name or service not known',))
HTTPConnectionPool(host='www.dieei.unict.itcorsi', port=80): Max retries exceeded with url: /l-8-ele (Caused by NewConnectionError('<urllib3.connection.HTTPConnection object at 0x7f0198586cc0>: Failed to establish a new connection: [Errno -2] Name or service not known',))
HTTPConnectionPool(host='www.dieei.unict.itcorsi', port=80): Max retries exceeded with url: /l-9 (Caused by NewConnectionError('<urllib3.connection.HTTPConnection object at 0x7f0198586908>: Failed to establish a new connection: [Errno -2] Name or service not known',))
HTTPConnectionPool(host='www.dieei.unict.itcorsi', port=80): Max retries exceeded with url: /l-8-inf (Caused by NewConnectionError('<urllib3.connection.HTTPConnection object at 0x7f0198586668>: Failed to establish a new connection: [Errno -2] Name or service not known',))
HTTPConnectionPool(host='www.dieei.unict.itcorsi', port=80): Max retries exceeded with url: /lm-25 (Caused by NewConnectionError('<urllib3.connection.HTTPConnection object at 0x7f0198586a20>: Failed to establish a new connection: [Errno -2] Name or service not known',))
HTTPConnectionPool(host='www.dieei.unict.itcorsi', port=80): Max retries exceeded with url: /lm-28 (Caused by NewConnectionError('<urllib3.connection.HTTPConnection object at 0x7f0198586550>: Failed to establish a new connection: [Errno -2] Name or service not known',))
HTTPConnectionPool(host='www.dieei.unict.itcorsi', port=80): Max retries exceeded with url: /lm-29 (Caused by NewConnectionError('<urllib3.connection.HTTPConnection object at 0x7f01984981d0>: Failed to establish a new connection: [Errno -2] Name or service not known',))
HTTPConnectionPool(host='www.dieei.unict.itcorsi', port=80): Max retries exceeded with url: /lm-27 (Caused by NewConnectionError('<urllib3.connection.HTTPConnection object at 0x7f0198586c50>: Failed to establish a new connection: [Errno -2] Name or service not known',))
HTTPConnectionPool(host='www.dieei.unict.itcorsi', port=80): Max retries exceeded with url: /lm-32 (Caused by NewConnectionError('<urllib3.connection.HTTPConnection object at 0x7f01985860b8>: Failed to establish a new connection: [Errno -2] Name or service not known',))
HTTPConnectionPool(host='www.dieei.unict.itcorsi', port=80): Max retries exceeded with url: /l-8-ele (Caused by NewConnectionError('<urllib3.connection.HTTPConnection object at 0x7f019866f4a8>: Failed to establish a new connection: [Errno -2] Name or service not known',))
HTTPConnectionPool(host='www.dieei.unict.itcorsi', port=80): Max retries exceeded with url: /l-9 (Caused by NewConnectionError('<urllib3.connection.HTTPConnection object at 0x7f019866f2e8>: Failed to establish a new connection: [Errno -2] Name or service not known',))
HTTPConnectionPool(host='www.dieei.unict.itcorsi', port=80): Max retries exceeded with url: /l-8-inf (Caused by NewConnectionError('<urllib3.connection.HTTPConnection object at 0x7f019866f240>: Failed to establish a new connection: [Errno -2] Name or service not known',))
HTTPConnectionPool(host='www.dieei.unict.itcorsi', port=80): Max retries exceeded with url: /lm-25 (Caused by NewConnectionError('<urllib3.connection.HTTPConnection object at 0x7f019866f198>: Failed to establish a new connection: [Errno -2] Name or service not known',))
HTTPConnectionPool(host='www.dieei.unict.itcorsi', port=80): Max retries exceeded with url: /lm-28 (Caused by NewConnectionError('<urllib3.connection.HTTPConnection object at 0x7f019866f390>: Failed to establish a new connection: [Errno -2] Name or service not known',))
HTTPConnectionPool(host='www.dieei.unict.itcorsi', port=80): Max retries exceeded with url: /lm-29 (Caused by NewConnectionError('<urllib3.connection.HTTPConnection object at 0x7f019866f438>: Failed to establish a new connection: [Errno -2] Name or service not known',))
HTTPConnectionPool(host='www.dieei.unict.itcorsi', port=80): Max retries exceeded with url: /lm-27 (Caused by NewConnectionError('<urllib3.connection.HTTPConnection object at 0x7f019866f390>: Failed to establish a new connection: [Errno -2] Name or service not known',))
HTTPConnectionPool(host='www.dieei.unict.itcorsi', port=80): Max retries exceeded with url: /lm-32 (Caused by NewConnectionError('<urllib3.connection.HTTPConnection object at 0x7f019866f400>: Failed to establish a new connection: [Errno -2] Name or service not known',))
HTTPConnectionPool(host='web.dmi.unict.itcorsi', port=80): Max retries exceeded with url: /l-31 (Caused by NewConnectionError('<urllib3.connection.HTTPConnection object at 0x7f43d00b6668>: Failed to establish a new connection: [Errno -2] Name or service not known',))
HTTPConnectionPool(host='web.dmi.unict.itcorsi', port=80): Max retries exceeded with url: /l-35 (Caused by NewConnectionError('<urllib3.connection.HTTPConnection object at 0x7f43d00b6d30>: Failed to establish a new connection: [Errno -2] Name or service not known',))
HTTPConnectionPool(host='web.dmi.unict.itcorsi', port=80): Max retries exceeded with url: /lm-18 (Caused by NewConnectionError('<urllib3.connection.HTTPConnection object at 0x7f43d00b6dd8>: Failed to establish a new connection: [Errno -2] Name or service not known',))
HTTPConnectionPool(host='web.dmi.unict.itcorsi', port=80): Max retries exceeded with url: /lm-40 (Caused by NewConnectionError('<urllib3.connection.HTTPConnection object at 0x7f43d00b6b00>: Failed to establish a new connection: [Errno -2] Name or service not known',))
HTTPConnectionPool(host='web.dmi.unict.itcorsi', port=80): Max retries exceeded with url: /l-31 (Caused by NewConnectionError('<urllib3.connection.HTTPConnection object at 0x7f43b3f9d358>: Failed to establish a new connection: [Errno -2] Name or service not known',))
HTTPConnectionPool(host='web.dmi.unict.itcorsi', port=80): Max retries exceeded with url: /l-35 (Caused by NewConnectionError('<urllib3.connection.HTTPConnection object at 0x7f43b3f9d358>: Failed to establish a new connection: [Errno -2] Name or service not known',))
HTTPConnectionPool(host='web.dmi.unict.itcorsi', port=80): Max retries exceeded with url: /lm-18 (Caused by NewConnectionError('<urllib3.connection.HTTPConnection object at 0x7f43b3f9d160>: Failed to establish a new connection: [Errno -2] Name or service not known',))
HTTPConnectionPool(host='web.dmi.unict.itcorsi', port=80): Max retries exceeded with url: /lm-40 (Caused by NewConnectionError('<urllib3.connection.HTTPConnection object at 0x7f43b3f9d128>: Failed to establish a new connection: [Errno -2] Name or service not known',))
HTTPConnectionPool(host='www.dieei.unict.itcorsi', port=80): Max retries exceeded with url: /l-8-ele (Caused by NewConnectionError('<urllib3.connection.HTTPConnection object at 0x7f43b3ec22e8>: Failed to establish a new connection: [Errno -2] Name or service not known',))
HTTPConnectionPool(host='www.dieei.unict.itcorsi', port=80): Max retries exceeded with url: /l-9 (Caused by NewConnectionError('<urllib3.connection.HTTPConnection object at 0x7f43b3ec2a58>: Failed to establish a new connection: [Errno -2] Name or service not known',))
HTTPConnectionPool(host='www.dieei.unict.itcorsi', port=80): Max retries exceeded with url: /l-8-inf (Caused by NewConnectionError('<urllib3.connection.HTTPConnection object at 0x7f43b3ec2828>: Failed to establish a new connection: [Errno -2] Name or service not known',))
HTTPConnectionPool(host='www.dieei.unict.itcorsi', port=80): Max retries exceeded with url: /lm-25 (Caused by NewConnectionError('<urllib3.connection.HTTPConnection object at 0x7f43b3ec2160>: Failed to establish a new connection: [Errno -2] Name or service not known',))
HTTPConnectionPool(host='www.dieei.unict.itcorsi', port=80): Max retries exceeded with url: /lm-28 (Caused by NewConnectionError('<urllib3.connection.HTTPConnection object at 0x7f43d002af60>: Failed to establish a new connection: [Errno -2] Name or service not known',))
HTTPConnectionPool(host='www.dieei.unict.itcorsi', port=80): Max retries exceeded with url: /lm-29 (Caused by NewConnectionError('<urllib3.connection.HTTPConnection object at 0x7f43d002aeb8>: Failed to establish a new connection: [Errno -2] Name or service not known',))
HTTPConnectionPool(host='www.dieei.unict.itcorsi', port=80): Max retries exceeded with url: /lm-27 (Caused by NewConnectionError('<urllib3.connection.HTTPConnection object at 0x7f43b3ec2a20>: Failed to establish a new connection: [Errno -2] Name or service not known',))
HTTPConnectionPool(host='www.dieei.unict.itcorsi', port=80): Max retries exceeded with url: /lm-32 (Caused by NewConnectionError('<urllib3.connection.HTTPConnection object at 0x7f43b3ec2780>: Failed to establish a new connection: [Errno -2] Name or service not known',))
HTTPConnectionPool(host='www.dieei.unict.itcorsi', port=80): Max retries exceeded with url: /l-8-ele (Caused by NewConnectionError('<urllib3.connection.HTTPConnection object at 0x7f43d481efd0>: Failed to establish a new connection: [Errno -2] Name or service not known',))
HTTPConnectionPool(host='www.dieei.unict.itcorsi', port=80): Max retries exceeded with url: /l-9 (Caused by NewConnectionError('<urllib3.connection.HTTPConnection object at 0x7f43d481eeb8>: Failed to establish a new connection: [Errno -2] Name or service not known',))
HTTPConnectionPool(host='www.dieei.unict.itcorsi', port=80): Max retries exceeded with url: /l-8-inf (Caused by NewConnectionError('<urllib3.connection.HTTPConnection object at 0x7f43d481e0b8>: Failed to establish a new connection: [Errno -2] Name or service not known',))
HTTPConnectionPool(host='www.dieei.unict.itcorsi', port=80): Max retries exceeded with url: /lm-25 (Caused by NewConnectionError('<urllib3.connection.HTTPConnection object at 0x7f43b3d9e518>: Failed to establish a new connection: [Errno -2] Name or service not known',))
HTTPConnectionPool(host='www.dieei.unict.itcorsi', port=80): Max retries exceeded with url: /lm-28 (Caused by NewConnectionError('<urllib3.connection.HTTPConnection object at 0x7f43b3d9e5f8>: Failed to establish a new connection: [Errno -2] Name or service not known',))
HTTPConnectionPool(host='www.dieei.unict.itcorsi', port=80): Max retries exceeded with url: /lm-29 (Caused by NewConnectionError('<urllib3.connection.HTTPConnection object at 0x7f43d00d1978>: Failed to establish a new connection: [Errno -2] Name or service not known',))
HTTPConnectionPool(host='www.dieei.unict.itcorsi', port=80): Max retries exceeded with url: /lm-27 (Caused by NewConnectionError('<urllib3.connection.HTTPConnection object at 0x7f43b3d9e5f8>: Failed to establish a new connection: [Errno -2] Name or service not known',))
HTTPConnectionPool(host='www.dieei.unict.itcorsi', port=80): Max retries exceeded with url: /lm-32 (Caused by NewConnectionError('<urllib3.connection.HTTPConnection object at 0x7f43d00d1940>: Failed to establish a new connection: [Errno -2] Name or service not known',))
HTTPConnectionPool(host='web.dmi.unict.itcorsi', port=80): Max retries exceeded with url: /l-31 (Caused by NewConnectionError('<urllib3.connection.HTTPConnection object at 0x7fb618067668>: Failed to establish a new connection: [Errno -2] Name or service not known',))
HTTPConnectionPool(host='web.dmi.unict.itcorsi', port=80): Max retries exceeded with url: /l-35 (Caused by NewConnectionError('<urllib3.connection.HTTPConnection object at 0x7fb618067d30>: Failed to establish a new connection: [Errno -2] Name or service not known',))
HTTPConnectionPool(host='web.dmi.unict.itcorsi', port=80): Max retries exceeded with url: /lm-18 (Caused by NewConnectionError('<urllib3.connection.HTTPConnection object at 0x7fb618067dd8>: Failed to establish a new connection: [Errno -2] Name or service not known',))
HTTPConnectionPool(host='web.dmi.unict.itcorsi', port=80): Max retries exceeded with url: /lm-40 (Caused by NewConnectionError('<urllib3.connection.HTTPConnection object at 0x7fb618067b00>: Failed to establish a new connection: [Errno -2] Name or service not known',))
HTTPConnectionPool(host='web.dmi.unict.itcorsi', port=80): Max retries exceeded with url: /l-31 (Caused by NewConnectionError('<urllib3.connection.HTTPConnection object at 0x7fb609f5a358>: Failed to establish a new connection: [Errno -2] Name or service not known',))
HTTPConnectionPool(host='web.dmi.unict.itcorsi', port=80): Max retries exceeded with url: /l-35 (Caused by NewConnectionError('<urllib3.connection.HTTPConnection object at 0x7fb609f5a160>: Failed to establish a new connection: [Errno -2] Name or service not known',))
HTTPConnectionPool(host='web.dmi.unict.itcorsi', port=80): Max retries exceeded with url: /lm-18 (Caused by NewConnectionError('<urllib3.connection.HTTPConnection object at 0x7fb609f5a358>: Failed to establish a new connection: [Errno -2] Name or service not known',))
HTTPConnectionPool(host='web.dmi.unict.itcorsi', port=80): Max retries exceeded with url: /lm-40 (Caused by NewConnectionError('<urllib3.connection.HTTPConnection object at 0x7fb609f5a160>: Failed to establish a new connection: [Errno -2] Name or service not known',))
HTTPConnectionPool(host='www.dieei.unict.itcorsi', port=80): Max retries exceeded with url: /l-8-ele (Caused by NewConnectionError('<urllib3.connection.HTTPConnection object at 0x7fb61a757908>: Failed to establish a new connection: [Errno -2] Name or service not known',))
HTTPConnectionPool(host='www.dieei.unict.itcorsi', port=80): Max retries exceeded with url: /l-9 (Caused by NewConnectionError('<urllib3.connection.HTTPConnection object at 0x7fb61a757a20>: Failed to establish a new connection: [Errno -2] Name or service not known',))
HTTPConnectionPool(host='www.dieei.unict.itcorsi', port=80): Max retries exceeded with url: /l-8-inf (Caused by NewConnectionError('<urllib3.connection.HTTPConnection object at 0x7fb61a757ef0>: Failed to establish a new connection: [Errno -2] Name or service not known',))
HTTPConnectionPool(host='www.dieei.unict.itcorsi', port=80): Max retries exceeded with url: /lm-25 (Caused by NewConnectionError('<urllib3.connection.HTTPConnection object at 0x7fb61a757860>: Failed to establish a new connection: [Errno -2] Name or service not known',))
HTTPConnectionPool(host='www.dieei.unict.itcorsi', port=80): Max retries exceeded with url: /lm-28 (Caused by NewConnectionError('<urllib3.connection.HTTPConnection object at 0x7fb61a757a20>: Failed to establish a new connection: [Errno -2] Name or service not known',))
HTTPConnectionPool(host='www.dieei.unict.itcorsi', port=80): Max retries exceeded with url: /lm-29 (Caused by NewConnectionError('<urllib3.connection.HTTPConnection object at 0x7fb61a757ef0>: Failed to establish a new connection: [Errno -2] Name or service not known',))
HTTPConnectionPool(host='www.dieei.unict.itcorsi', port=80): Max retries exceeded with url: /lm-27 (Caused by NewConnectionError('<urllib3.connection.HTTPConnection object at 0x7fb61a757a20>: Failed to establish a new connection: [Errno -2] Name or service not known',))
HTTPConnectionPool(host='www.dieei.unict.itcorsi', port=80): Max retries exceeded with url: /lm-32 (Caused by NewConnectionError('<urllib3.connection.HTTPConnection object at 0x7fb61a757278>: Failed to establish a new connection: [Errno -2] Name or service not known',))
HTTPConnectionPool(host='www.dieei.unict.itcorsi', port=80): Max retries exceeded with url: /l-8-ele (Caused by NewConnectionError('<urllib3.connection.HTTPConnection object at 0x7fb609e58390>: Failed to establish a new connection: [Errno -2] Name or service not known',))
HTTPConnectionPool(host='www.dieei.unict.itcorsi', port=80): Max retries exceeded with url: /l-9 (Caused by NewConnectionError('<urllib3.connection.HTTPConnection object at 0x7fb609e582e8>: Failed to establish a new connection: [Errno -2] Name or service not known',))
HTTPConnectionPool(host='www.dieei.unict.itcorsi', port=80): Max retries exceeded with url: /l-8-inf (Caused by NewConnectionError('<urllib3.connection.HTTPConnection object at 0x7fb609e58400>: Failed to establish a new connection: [Errno -2] Name or service not known',))
HTTPConnectionPool(host='www.dieei.unict.itcorsi', port=80): Max retries exceeded with url: /lm-25 (Caused by NewConnectionError('<urllib3.connection.HTTPConnection object at 0x7fb609e58550>: Failed to establish a new connection: [Errno -2] Name or service not known',))
HTTPConnectionPool(host='www.dieei.unict.itcorsi', port=80): Max retries exceeded with url: /lm-28 (Caused by NewConnectionError('<urllib3.connection.HTTPConnection object at 0x7fb609e582e8>: Failed to establish a new connection: [Errno -2] Name or service not known',))
HTTPConnectionPool(host='www.dieei.unict.itcorsi', port=80): Max retries exceeded with url: /lm-29 (Caused by NewConnectionError('<urllib3.connection.HTTPConnection object at 0x7fb609e58358>: Failed to establish a new connection: [Errno -2] Name or service not known',))
HTTPConnectionPool(host='www.dieei.unict.itcorsi', port=80): Max retries exceeded with url: /lm-27 (Caused by NewConnectionError('<urllib3.connection.HTTPConnection object at 0x7fb609e584a8>: Failed to establish a new connection: [Errno -2] Name or service not known',))
HTTPConnectionPool(host='www.dieei.unict.itcorsi', port=80): Max retries exceeded with url: /lm-32 (Caused by NewConnectionError('<urllib3.connection.HTTPConnection object at 0x7fb609e58358>: Failed to establish a new connection: [Errno -2] Name or service not known',))
HTTPConnectionPool(host='web.dmi.unict.itcorsi', port=80): Max retries exceeded with url: /l-31 (Caused by NewConnectionError('<urllib3.connection.HTTPConnection object at 0x7f5af06c8a90>: Failed to establish a new connection: [Errno -2] Name or service not known',))
HTTPConnectionPool(host='web.dmi.unict.itcorsi', port=80): Max retries exceeded with url: /l-35 (Caused by NewConnectionError('<urllib3.connection.HTTPConnection object at 0x7f5af06c8dd8>: Failed to establish a new connection: [Errno -2] Name or service not known',))
HTTPConnectionPool(host='web.dmi.unict.itcorsi', port=80): Max retries exceeded with url: /lm-18 (Caused by NewConnectionError('<urllib3.connection.HTTPConnection object at 0x7f5af06c89e8>: Failed to establish a new connection: [Errno -2] Name or service not known',))
HTTPConnectionPool(host='web.dmi.unict.itcorsi', port=80): Max retries exceeded with url: /lm-40 (Caused by NewConnectionError('<urllib3.connection.HTTPConnection object at 0x7f5af06c8cf8>: Failed to establish a new connection: [Errno -2] Name or service not known',))
HTTPConnectionPool(host='web.dmi.unict.itcorsi', port=80): Max retries exceeded with url: /l-31 (Caused by NewConnectionError('<urllib3.connection.HTTPConnection object at 0x7f5af05d52e8>: Failed to establish a new connection: [Errno -2] Name or service not known',))
HTTPConnectionPool(host='web.dmi.unict.itcorsi', port=80): Max retries exceeded with url: /l-35 (Caused by NewConnectionError('<urllib3.connection.HTTPConnection object at 0x7f5af05d50f0>: Failed to establish a new connection: [Errno -2] Name or service not known',))
HTTPConnectionPool(host='web.dmi.unict.itcorsi', port=80): Max retries exceeded with url: /lm-18 (Caused by NewConnectionError('<urllib3.connection.HTTPConnection object at 0x7f5af05d52e8>: Failed to establish a new connection: [Errno -2] Name or service not known',))
HTTPConnectionPool(host='web.dmi.unict.itcorsi', port=80): Max retries exceeded with url: /lm-40 (Caused by NewConnectionError('<urllib3.connection.HTTPConnection object at 0x7f5af05da2e8>: Failed to establish a new connection: [Errno -2] Name or service not known',))
HTTPConnectionPool(host='www.dieei.unict.itcorsi', port=80): Max retries exceeded with url: /l-8-ele (Caused by NewConnectionError('<urllib3.connection.HTTPConnection object at 0x7f5af06658d0>: Failed to establish a new connection: [Errno -2] Name or service not known',))
HTTPConnectionPool(host='www.dieei.unict.itcorsi', port=80): Max retries exceeded with url: /l-9 (Caused by NewConnectionError('<urllib3.connection.HTTPConnection object at 0x7f5af0665240>: Failed to establish a new connection: [Errno -2] Name or service not known',))
HTTPConnectionPool(host='www.dieei.unict.itcorsi', port=80): Max retries exceeded with url: /l-8-inf (Caused by NewConnectionError('<urllib3.connection.HTTPConnection object at 0x7f5af06650f0>: Failed to establish a new connection: [Errno -2] Name or service not known',))
HTTPConnectionPool(host='www.dieei.unict.itcorsi', port=80): Max retries exceeded with url: /lm-25 (Caused by NewConnectionError('<urllib3.connection.HTTPConnection object at 0x7f5af0665048>: Failed to establish a new connection: [Errno -2] Name or service not known',))
HTTPConnectionPool(host='www.dieei.unict.itcorsi', port=80): Max retries exceeded with url: /lm-28 (Caused by NewConnectionError('<urllib3.connection.HTTPConnection object at 0x7f5af0665748>: Failed to establish a new connection: [Errno -2] Name or service not known',))
HTTPConnectionPool(host='www.dieei.unict.itcorsi', port=80): Max retries exceeded with url: /lm-29 (Caused by NewConnectionError('<urllib3.connection.HTTPConnection object at 0x7f5af0665240>: Failed to establish a new connection: [Errno -2] Name or service not known',))
HTTPConnectionPool(host='www.dieei.unict.itcorsi', port=80): Max retries exceeded with url: /lm-27 (Caused by NewConnectionError('<urllib3.connection.HTTPConnection object at 0x7f5af0433208>: Failed to establish a new connection: [Errno -2] Name or service not known',))
HTTPConnectionPool(host='www.dieei.unict.itcorsi', port=80): Max retries exceeded with url: /lm-32 (Caused by NewConnectionError('<urllib3.connection.HTTPConnection object at 0x7f5af0665048>: Failed to establish a new connection: [Errno -2] Name or service not known',))
HTTPConnectionPool(host='www.dieei.unict.itcorsi', port=80): Max retries exceeded with url: /l-8-ele (Caused by NewConnectionError('<urllib3.connection.HTTPConnection object at 0x7f5af030d2b0>: Failed to establish a new connection: [Errno -2] Name or service not known',))
HTTPConnectionPool(host='www.dieei.unict.itcorsi', port=80): Max retries exceeded with url: /l-9 (Caused by NewConnectionError('<urllib3.connection.HTTPConnection object at 0x7f5af030d2e8>: Failed to establish a new connection: [Errno -2] Name or service not known',))
HTTPConnectionPool(host='www.dieei.unict.itcorsi', port=80): Max retries exceeded with url: /l-8-inf (Caused by NewConnectionError('<urllib3.connection.HTTPConnection object at 0x7f5af030d470>: Failed to establish a new connection: [Errno -2] Name or service not known',))
HTTPConnectionPool(host='www.dieei.unict.itcorsi', port=80): Max retries exceeded with url: /lm-25 (Caused by NewConnectionError('<urllib3.connection.HTTPConnection object at 0x7f5af030d438>: Failed to establish a new connection: [Errno -2] Name or service not known',))
HTTPConnectionPool(host='www.dieei.unict.itcorsi', port=80): Max retries exceeded with url: /lm-28 (Caused by NewConnectionError('<urllib3.connection.HTTPConnection object at 0x7f5af030d198>: Failed to establish a new connection: [Errno -2] Name or service not known',))
HTTPConnectionPool(host='www.dieei.unict.itcorsi', port=80): Max retries exceeded with url: /lm-29 (Caused by NewConnectionError('<urllib3.connection.HTTPConnection object at 0x7f5af030d470>: Failed to establish a new connection: [Errno -2] Name or service not known',))
HTTPConnectionPool(host='www.dieei.unict.itcorsi', port=80): Max retries exceeded with url: /lm-27 (Caused by NewConnectionError('<urllib3.connection.HTTPConnection object at 0x7f5af030d1d0>: Failed to establish a new connection: [Errno -2] Name or service not known',))
HTTPConnectionPool(host='www.dieei.unict.itcorsi', port=80): Max retries exceeded with url: /lm-32 (Caused by NewConnectionError('<urllib3.connection.HTTPConnection object at 0x7f5af030d470>: Failed to establish a new connection: [Errno -2] Name or service not known',))
HTTPConnectionPool(host='web.dmi.unict.itcorsi', port=80): Max retries exceeded with url: /l-31 (Caused by NewConnectionError('<urllib3.connection.HTTPConnection object at 0x7f1f3c036a90>: Failed to establish a new connection: [Errno -2] Name or service not known',))
HTTPConnectionPool(host='web.dmi.unict.itcorsi', port=80): Max retries exceeded with url: /l-35 (Caused by NewConnectionError('<urllib3.connection.HTTPConnection object at 0x7f1f3c036dd8>: Failed to establish a new connection: [Errno -2] Name or service not known',))
HTTPConnectionPool(host='web.dmi.unict.itcorsi', port=80): Max retries exceeded with url: /lm-18 (Caused by NewConnectionError('<urllib3.connection.HTTPConnection object at 0x7f1f3c0369e8>: Failed to establish a new connection: [Errno -2] Name or service not known',))
HTTPConnectionPool(host='web.dmi.unict.itcorsi', port=80): Max retries exceeded with url: /lm-40 (Caused by NewConnectionError('<urllib3.connection.HTTPConnection object at 0x7f1f3c036cf8>: Failed to establish a new connection: [Errno -2] Name or service not known',))
HTTPConnectionPool(host='web.dmi.unict.itcorsi', port=80): Max retries exceeded with url: /l-31 (Caused by NewConnectionError('<urllib3.connection.HTTPConnection object at 0x7f1f1f71c2e8>: Failed to establish a new connection: [Errno -2] Name or service not known',))
HTTPConnectionPool(host='web.dmi.unict.itcorsi', port=80): Max retries exceeded with url: /l-35 (Caused by NewConnectionError('<urllib3.connection.HTTPConnection object at 0x7f1f1f71c0f0>: Failed to establish a new connection: [Errno -2] Name or service not known',))
HTTPConnectionPool(host='web.dmi.unict.itcorsi', port=80): Max retries exceeded with url: /lm-18 (Caused by NewConnectionError('<urllib3.connection.HTTPConnection object at 0x7f1f1f71f2e8>: Failed to establish a new connection: [Errno -2] Name or service not known',))
HTTPConnectionPool(host='web.dmi.unict.itcorsi', port=80): Max retries exceeded with url: /lm-40 (Caused by NewConnectionError('<urllib3.connection.HTTPConnection object at 0x7f1f1f71f0f0>: Failed to establish a new connection: [Errno -2] Name or service not known',))
HTTPConnectionPool(host='www.dieei.unict.itcorsi', port=80): Max retries exceeded with url: /l-8-ele (Caused by NewConnectionError('<urllib3.connection.HTTPConnection object at 0x7f1f1f7cc860>: Failed to establish a new connection: [Errno -2] Name or service not known',))
HTTPConnectionPool(host='www.dieei.unict.itcorsi', port=80): Max retries exceeded with url: /l-9 (Caused by NewConnectionError('<urllib3.connection.HTTPConnection object at 0x7f1f1f7cc7b8>: Failed to establish a new connection: [Errno -2] Name or service not known',))
HTTPConnectionPool(host='www.dieei.unict.itcorsi', port=80): Max retries exceeded with url: /l-8-inf (Caused by NewConnectionError('<urllib3.connection.HTTPConnection object at 0x7f1f1f7cc9b0>: Failed to establish a new connection: [Errno -2] Name or service not known',))
HTTPConnectionPool(host='www.dieei.unict.itcorsi', port=80): Max retries exceeded with url: /lm-25 (Caused by NewConnectionError('<urllib3.connection.HTTPConnection object at 0x7f1f1f7cc390>: Failed to establish a new connection: [Errno -2] Name or service not known',))
HTTPConnectionPool(host='www.dieei.unict.itcorsi', port=80): Max retries exceeded with url: /lm-28 (Caused by NewConnectionError('<urllib3.connection.HTTPConnection object at 0x7f1f1f510198>: Failed to establish a new connection: [Errno -2] Name or service not known',))
HTTPConnectionPool(host='www.dieei.unict.itcorsi', port=80): Max retries exceeded with url: /lm-29 (Caused by NewConnectionError('<urllib3.connection.HTTPConnection object at 0x7f1f1f510240>: Failed to establish a new connection: [Errno -2] Name or service not known',))
HTTPConnectionPool(host='www.dieei.unict.itcorsi', port=80): Max retries exceeded with url: /lm-27 (Caused by NewConnectionError('<urllib3.connection.HTTPConnection object at 0x7f1f1f510160>: Failed to establish a new connection: [Errno -2] Name or service not known',))
HTTPConnectionPool(host='www.dieei.unict.itcorsi', port=80): Max retries exceeded with url: /lm-32 (Caused by NewConnectionError('<urllib3.connection.HTTPConnection object at 0x7f1f1f5100b8>: Failed to establish a new connection: [Errno -2] Name or service not known',))
HTTPConnectionPool(host='www.dieei.unict.itcorsi', port=80): Max retries exceeded with url: /l-8-ele (Caused by NewConnectionError('<urllib3.connection.HTTPConnection object at 0x7f1f1f664320>: Failed to establish a new connection: [Errno -2] Name or service not known',))
HTTPConnectionPool(host='www.dieei.unict.itcorsi', port=80): Max retries exceeded with url: /l-9 (Caused by NewConnectionError('<urllib3.connection.HTTPConnection object at 0x7f1f1f664358>: Failed to establish a new connection: [Errno -2] Name or service not known',))
HTTPConnectionPool(host='www.dieei.unict.itcorsi', port=80): Max retries exceeded with url: /l-8-inf (Caused by NewConnectionError('<urllib3.connection.HTTPConnection object at 0x7f1f1f6644e0>: Failed to establish a new connection: [Errno -2] Name or service not known',))
HTTPConnectionPool(host='www.dieei.unict.itcorsi', port=80): Max retries exceeded with url: /lm-25 (Caused by NewConnectionError('<urllib3.connection.HTTPConnection object at 0x7f1f1f6644a8>: Failed to establish a new connection: [Errno -2] Name or service not known',))
HTTPConnectionPool(host='www.dieei.unict.itcorsi', port=80): Max retries exceeded with url: /lm-28 (Caused by NewConnectionError('<urllib3.connection.HTTPConnection object at 0x7f1f1f6641d0>: Failed to establish a new connection: [Errno -2] Name or service not known',))
HTTPConnectionPool(host='www.dieei.unict.itcorsi', port=80): Max retries exceeded with url: /lm-29 (Caused by NewConnectionError('<urllib3.connection.HTTPConnection object at 0x7f1f1f6644a8>: Failed to establish a new connection: [Errno -2] Name or service not known',))
HTTPConnectionPool(host='www.dieei.unict.itcorsi', port=80): Max retries exceeded with url: /lm-27 (Caused by NewConnectionError('<urllib3.connection.HTTPConnection object at 0x7f1f1f664358>: Failed to establish a new connection: [Errno -2] Name or service not known',))
HTTPConnectionPool(host='www.dieei.unict.itcorsi', port=80): Max retries exceeded with url: /lm-32 (Caused by NewConnectionError('<urllib3.connection.HTTPConnection object at 0x7f1f1f664208>: Failed to establish a new connection: [Errno -2] Name or service not known',))
HTTPConnectionPool(host='web.dmi.unict.itcorsi', port=80): Max retries exceeded with url: /l-31 (Caused by NewConnectionError('<urllib3.connection.HTTPConnection object at 0x7f7844380cf8>: Failed to establish a new connection: [Errno -2] Name or service not known',))
HTTPConnectionPool(host='web.dmi.unict.itcorsi', port=80): Max retries exceeded with url: /l-35 (Caused by NewConnectionError('<urllib3.connection.HTTPConnection object at 0x7f7844380cc0>: Failed to establish a new connection: [Errno -2] Name or service not known',))
HTTPConnectionPool(host='web.dmi.unict.itcorsi', port=80): Max retries exceeded with url: /lm-18 (Caused by NewConnectionError('<urllib3.connection.HTTPConnection object at 0x7f7844380dd8>: Failed to establish a new connection: [Errno -2] Name or service not known',))
HTTPConnectionPool(host='web.dmi.unict.itcorsi', port=80): Max retries exceeded with url: /lm-40 (Caused by NewConnectionError('<urllib3.connection.HTTPConnection object at 0x7f7844380e48>: Failed to establish a new connection: [Errno -2] Name or service not known',))
HTTPConnectionPool(host='web.dmi.unict.itcorsi', port=80): Max retries exceeded with url: /l-31 (Caused by NewConnectionError('<urllib3.connection.HTTPConnection object at 0x7f784428d320>: Failed to establish a new connection: [Errno -2] Name or service not known',))
HTTPConnectionPool(host='web.dmi.unict.itcorsi', port=80): Max retries exceeded with url: /l-35 (Caused by NewConnectionError('<urllib3.connection.HTTPConnection object at 0x7f784428d128>: Failed to establish a new connection: [Errno -2] Name or service not known',))
HTTPConnectionPool(host='web.dmi.unict.itcorsi', port=80): Max retries exceeded with url: /lm-18 (Caused by NewConnectionError('<urllib3.connection.HTTPConnection object at 0x7f7844290320>: Failed to establish a new connection: [Errno -2] Name or service not known',))
HTTPConnectionPool(host='web.dmi.unict.itcorsi', port=80): Max retries exceeded with url: /lm-40 (Caused by NewConnectionError('<urllib3.connection.HTTPConnection object at 0x7f7844290320>: Failed to establish a new connection: [Errno -2] Name or service not known',))
HTTPConnectionPool(host='www.dieei.unict.itcorsi', port=80): Max retries exceeded with url: /l-8-ele (Caused by NewConnectionError('<urllib3.connection.HTTPConnection object at 0x7f78442b80f0>: Failed to establish a new connection: [Errno -2] Name or service not known',))
HTTPConnectionPool(host='www.dieei.unict.itcorsi', port=80): Max retries exceeded with url: /l-9 (Caused by NewConnectionError('<urllib3.connection.HTTPConnection object at 0x7f78442b89e8>: Failed to establish a new connection: [Errno -2] Name or service not known',))
HTTPConnectionPool(host='www.dieei.unict.itcorsi', port=80): Max retries exceeded with url: /l-8-inf (Caused by NewConnectionError('<urllib3.connection.HTTPConnection object at 0x7f78442b8320>: Failed to establish a new connection: [Errno -2] Name or service not known',))
HTTPConnectionPool(host='www.dieei.unict.itcorsi', port=80): Max retries exceeded with url: /lm-25 (Caused by NewConnectionError('<urllib3.connection.HTTPConnection object at 0x7f784431f080>: Failed to establish a new connection: [Errno -2] Name or service not known',))
HTTPConnectionPool(host='www.dieei.unict.itcorsi', port=80): Max retries exceeded with url: /lm-28 (Caused by NewConnectionError('<urllib3.connection.HTTPConnection object at 0x7f784431f0b8>: Failed to establish a new connection: [Errno -2] Name or service not known',))
HTTPConnectionPool(host='www.dieei.unict.itcorsi', port=80): Max retries exceeded with url: /lm-29 (Caused by NewConnectionError('<urllib3.connection.HTTPConnection object at 0x7f784431f208>: Failed to establish a new connection: [Errno -2] Name or service not known',))
HTTPConnectionPool(host='www.dieei.unict.itcorsi', port=80): Max retries exceeded with url: /lm-27 (Caused by NewConnectionError('<urllib3.connection.HTTPConnection object at 0x7f78442b8390>: Failed to establish a new connection: [Errno -2] Name or service not known',))
HTTPConnectionPool(host='www.dieei.unict.itcorsi', port=80): Max retries exceeded with url: /lm-32 (Caused by NewConnectionError('<urllib3.connection.HTTPConnection object at 0x7f78442b8128>: Failed to establish a new connection: [Errno -2] Name or service not known',))
HTTPConnectionPool(host='www.dieei.unict.itcorsi', port=80): Max retries exceeded with url: /l-8-ele (Caused by NewConnectionError('<urllib3.connection.HTTPConnection object at 0x7f7827785438>: Failed to establish a new connection: [Errno -2] Name or service not known',))
HTTPConnectionPool(host='www.dieei.unict.itcorsi', port=80): Max retries exceeded with url: /l-9 (Caused by NewConnectionError('<urllib3.connection.HTTPConnection object at 0x7f78277853c8>: Failed to establish a new connection: [Errno -2] Name or service not known',))
HTTPConnectionPool(host='www.dieei.unict.itcorsi', port=80): Max retries exceeded with url: /l-8-inf (Caused by NewConnectionError('<urllib3.connection.HTTPConnection object at 0x7f78277852b0>: Failed to establish a new connection: [Errno -2] Name or service not known',))
HTTPConnectionPool(host='www.dieei.unict.itcorsi', port=80): Max retries exceeded with url: /lm-25 (Caused by NewConnectionError('<urllib3.connection.HTTPConnection object at 0x7f7827785390>: Failed to establish a new connection: [Errno -2] Name or service not known',))
HTTPConnectionPool(host='www.dieei.unict.itcorsi', port=80): Max retries exceeded with url: /lm-28 (Caused by NewConnectionError('<urllib3.connection.HTTPConnection object at 0x7f7827785400>: Failed to establish a new connection: [Errno -2] Name or service not known',))
HTTPConnectionPool(host='www.dieei.unict.itcorsi', port=80): Max retries exceeded with url: /lm-29 (Caused by NewConnectionError('<urllib3.connection.HTTPConnection object at 0x7f784408a9b0>: Failed to establish a new connection: [Errno -2] Name or service not known',))
HTTPConnectionPool(host='www.dieei.unict.itcorsi', port=80): Max retries exceeded with url: /lm-27 (Caused by NewConnectionError('<urllib3.connection.HTTPConnection object at 0x7f7827785390>: Failed to establish a new connection: [Errno -2] Name or service not known',))
HTTPConnectionPool(host='www.dieei.unict.itcorsi', port=80): Max retries exceeded with url: /lm-32 (Caused by NewConnectionError('<urllib3.connection.HTTPConnection object at 0x7f78277852b0>: Failed to establish a new connection: [Errno -2] Name or service not known',))
HTTPConnectionPool(host='web.dmi.unict.itcorsi', port=80): Max retries exceeded with url: /l-31 (Caused by NewConnectionError('<urllib3.connection.HTTPConnection object at 0x7f2d386ed208>: Failed to establish a new connection: [Errno -2] Name or service not known',))
HTTPConnectionPool(host='web.dmi.unict.itcorsi', port=80): Max retries exceeded with url: /l-35 (Caused by NewConnectionError('<urllib3.connection.HTTPConnection object at 0x7f2d386ed4a8>: Failed to establish a new connection: [Errno -2] Name or service not known',))
HTTPConnectionPool(host='web.dmi.unict.itcorsi', port=80): Max retries exceeded with url: /lm-18 (Caused by NewConnectionError('<urllib3.connection.HTTPConnection object at 0x7f2d386d4898>: Failed to establish a new connection: [Errno -2] Name or service not known',))
HTTPConnectionPool(host='web.dmi.unict.itcorsi', port=80): Max retries exceeded with url: /lm-40 (Caused by NewConnectionError('<urllib3.connection.HTTPConnection object at 0x7f2d386d4860>: Failed to establish a new connection: [Errno -2] Name or service not known',))
HTTPConnectionPool(host='web.dmi.unict.itcorsi', port=80): Max retries exceeded with url: /l-31 (Caused by NewConnectionError('<urllib3.connection.HTTPConnection object at 0x7f2d17ede2b0>: Failed to establish a new connection: [Errno -2] Name or service not known',))
HTTPConnectionPool(host='web.dmi.unict.itcorsi', port=80): Max retries exceeded with url: /l-35 (Caused by NewConnectionError('<urllib3.connection.HTTPConnection object at 0x7f2d17ede0b8>: Failed to establish a new connection: [Errno -2] Name or service not known',))
HTTPConnectionPool(host='web.dmi.unict.itcorsi', port=80): Max retries exceeded with url: /lm-18 (Caused by NewConnectionError('<urllib3.connection.HTTPConnection object at 0x7f2d17ee12b0>: Failed to establish a new connection: [Errno -2] Name or service not known',))
HTTPConnectionPool(host='web.dmi.unict.itcorsi', port=80): Max retries exceeded with url: /lm-40 (Caused by NewConnectionError('<urllib3.connection.HTTPConnection object at 0x7f2d17ee10b8>: Failed to establish a new connection: [Errno -2] Name or service not known',))
HTTPConnectionPool(host='www.dieei.unict.itcorsi', port=80): Max retries exceeded with url: /l-8-ele (Caused by NewConnectionError('<urllib3.connection.HTTPConnection object at 0x7f2d17d69470>: Failed to establish a new connection: [Errno -2] Name or service not known',))
HTTPConnectionPool(host='www.dieei.unict.itcorsi', port=80): Max retries exceeded with url: /l-9 (Caused by NewConnectionError('<urllib3.connection.HTTPConnection object at 0x7f2d17d69198>: Failed to establish a new connection: [Errno -2] Name or service not known',))
HTTPConnectionPool(host='www.dieei.unict.itcorsi', port=80): Max retries exceeded with url: /l-8-inf (Caused by NewConnectionError('<urllib3.connection.HTTPConnection object at 0x7f2d17d69860>: Failed to establish a new connection: [Errno -2] Name or service not known',))
HTTPConnectionPool(host='www.dieei.unict.itcorsi', port=80): Max retries exceeded with url: /lm-25 (Caused by NewConnectionError('<urllib3.connection.HTTPConnection object at 0x7f2d17d69588>: Failed to establish a new connection: [Errno -2] Name or service not known',))
HTTPConnectionPool(host='www.dieei.unict.itcorsi', port=80): Max retries exceeded with url: /lm-28 (Caused by NewConnectionError('<urllib3.connection.HTTPConnection object at 0x7f2d17d69198>: Failed to establish a new connection: [Errno -2] Name or service not known',))
HTTPConnectionPool(host='www.dieei.unict.itcorsi', port=80): Max retries exceeded with url: /lm-29 (Caused by NewConnectionError('<urllib3.connection.HTTPConnection object at 0x7f2d17d69860>: Failed to establish a new connection: [Errno -2] Name or service not known',))
HTTPConnectionPool(host='www.dieei.unict.itcorsi', port=80): Max retries exceeded with url: /lm-27 (Caused by NewConnectionError('<urllib3.connection.HTTPConnection object at 0x7f2d17d69198>: Failed to establish a new connection: [Errno -2] Name or service not known',))
HTTPConnectionPool(host='www.dieei.unict.itcorsi', port=80): Max retries exceeded with url: /lm-32 (Caused by NewConnectionError('<urllib3.connection.HTTPConnection object at 0x7f2d17d697b8>: Failed to establish a new connection: [Errno -2] Name or service not known',))
HTTPConnectionPool(host='www.dieei.unict.itcorsi', port=80): Max retries exceeded with url: /l-8-ele (Caused by NewConnectionError('<urllib3.connection.HTTPConnection object at 0x7f2d17d2cba8>: Failed to establish a new connection: [Errno -2] Name or service not known',))
HTTPConnectionPool(host='www.dieei.unict.itcorsi', port=80): Max retries exceeded with url: /l-9 (Caused by NewConnectionError('<urllib3.connection.HTTPConnection object at 0x7f2d17d60320>: Failed to establish a new connection: [Errno -2] Name or service not known',))
HTTPConnectionPool(host='www.dieei.unict.itcorsi', port=80): Max retries exceeded with url: /l-8-inf (Caused by NewConnectionError('<urllib3.connection.HTTPConnection object at 0x7f2d17d600f0>: Failed to establish a new connection: [Errno -2] Name or service not known',))
HTTPConnectionPool(host='www.dieei.unict.itcorsi', port=80): Max retries exceeded with url: /lm-25 (Caused by NewConnectionError('<urllib3.connection.HTTPConnection object at 0x7f2d17e0da90>: Failed to establish a new connection: [Errno -2] Name or service not known',))
HTTPConnectionPool(host='www.dieei.unict.itcorsi', port=80): Max retries exceeded with url: /lm-28 (Caused by NewConnectionError('<urllib3.connection.HTTPConnection object at 0x7f2d17e0db70>: Failed to establish a new connection: [Errno -2] Name or service not known',))
HTTPConnectionPool(host='www.dieei.unict.itcorsi', port=80): Max retries exceeded with url: /lm-29 (Caused by NewConnectionError('<urllib3.connection.HTTPConnection object at 0x7f2d17e0da58>: Failed to establish a new connection: [Errno -2] Name or service not known',))
HTTPConnectionPool(host='www.dieei.unict.itcorsi', port=80): Max retries exceeded with url: /lm-27 (Caused by NewConnectionError('<urllib3.connection.HTTPConnection object at 0x7f2d17e0dc88>: Failed to establish a new connection: [Errno -2] Name or service not known',))
HTTPConnectionPool(host='www.dieei.unict.itcorsi', port=80): Max retries exceeded with url: /lm-32 (Caused by NewConnectionError('<urllib3.connection.HTTPConnection object at 0x7f2d17e0da90>: Failed to establish a new connection: [Errno -2] Name or service not known',))
HTTPConnectionPool(host='web.dmi.unict.itcorsi', port=80): Max retries exceeded with url: /l-31 (Caused by NewConnectionError('<urllib3.connection.HTTPConnection object at 0x7fc6f8511cf8>: Failed to establish a new connection: [Errno -2] Name or service not known',))
HTTPConnectionPool(host='web.dmi.unict.itcorsi', port=80): Max retries exceeded with url: /l-35 (Caused by NewConnectionError('<urllib3.connection.HTTPConnection object at 0x7fc6f8511cc0>: Failed to establish a new connection: [Errno -2] Name or service not known',))
HTTPConnectionPool(host='web.dmi.unict.itcorsi', port=80): Max retries exceeded with url: /lm-18 (Caused by NewConnectionError('<urllib3.connection.HTTPConnection object at 0x7fc6f8511dd8>: Failed to establish a new connection: [Errno -2] Name or service not known',))
HTTPConnectionPool(host='web.dmi.unict.itcorsi', port=80): Max retries exceeded with url: /lm-40 (Caused by NewConnectionError('<urllib3.connection.HTTPConnection object at 0x7fc6f8511e48>: Failed to establish a new connection: [Errno -2] Name or service not known',))
HTTPConnectionPool(host='web.dmi.unict.itcorsi', port=80): Max retries exceeded with url: /l-31 (Caused by NewConnectionError('<urllib3.connection.HTTPConnection object at 0x7fc6f841e358>: Failed to establish a new connection: [Errno -2] Name or service not known',))
HTTPConnectionPool(host='web.dmi.unict.itcorsi', port=80): Max retries exceeded with url: /l-35 (Caused by NewConnectionError('<urllib3.connection.HTTPConnection object at 0x7fc6f841e160>: Failed to establish a new connection: [Errno -2] Name or service not known',))
HTTPConnectionPool(host='web.dmi.unict.itcorsi', port=80): Max retries exceeded with url: /lm-18 (Caused by NewConnectionError('<urllib3.connection.HTTPConnection object at 0x7fc6f841e128>: Failed to establish a new connection: [Errno -2] Name or service not known',))
HTTPConnectionPool(host='web.dmi.unict.itcorsi', port=80): Max retries exceeded with url: /lm-40 (Caused by NewConnectionError('<urllib3.connection.HTTPConnection object at 0x7fc6f841e0f0>: Failed to establish a new connection: [Errno -2] Name or service not known',))
HTTPConnectionPool(host='www.dieei.unict.itcorsi', port=80): Max retries exceeded with url: /l-8-ele (Caused by NewConnectionError('<urllib3.connection.HTTPConnection object at 0x7fc6f8475ba8>: Failed to establish a new connection: [Errno -2] Name or service not known',))
HTTPConnectionPool(host='www.dieei.unict.itcorsi', port=80): Max retries exceeded with url: /l-9 (Caused by NewConnectionError('<urllib3.connection.HTTPConnection object at 0x7fc6f8475898>: Failed to establish a new connection: [Errno -2] Name or service not known',))
HTTPConnectionPool(host='www.dieei.unict.itcorsi', port=80): Max retries exceeded with url: /l-8-inf (Caused by NewConnectionError('<urllib3.connection.HTTPConnection object at 0x7fc6f8475940>: Failed to establish a new connection: [Errno -2] Name or service not known',))
HTTPConnectionPool(host='www.dieei.unict.itcorsi', port=80): Max retries exceeded with url: /lm-25 (Caused by NewConnectionError('<urllib3.connection.HTTPConnection object at 0x7fc6f84752e8>: Failed to establish a new connection: [Errno -2] Name or service not known',))
HTTPConnectionPool(host='www.dieei.unict.itcorsi', port=80): Max retries exceeded with url: /lm-28 (Caused by NewConnectionError('<urllib3.connection.HTTPConnection object at 0x7fc6f8475128>: Failed to establish a new connection: [Errno -2] Name or service not known',))
HTTPConnectionPool(host='www.dieei.unict.itcorsi', port=80): Max retries exceeded with url: /lm-29 (Caused by NewConnectionError('<urllib3.connection.HTTPConnection object at 0x7fc6f84759b0>: Failed to establish a new connection: [Errno -2] Name or service not known',))
HTTPConnectionPool(host='www.dieei.unict.itcorsi', port=80): Max retries exceeded with url: /lm-27 (Caused by NewConnectionError('<urllib3.connection.HTTPConnection object at 0x7fc6f84750f0>: Failed to establish a new connection: [Errno -2] Name or service not known',))
HTTPConnectionPool(host='www.dieei.unict.itcorsi', port=80): Max retries exceeded with url: /lm-32 (Caused by NewConnectionError('<urllib3.connection.HTTPConnection object at 0x7fc6f8475160>: Failed to establish a new connection: [Errno -2] Name or service not known',))
HTTPConnectionPool(host='www.dieei.unict.itcorsi', port=80): Max retries exceeded with url: /l-8-ele (Caused by NewConnectionError('<urllib3.connection.HTTPConnection object at 0x7fc6fb3f74a8>: Failed to establish a new connection: [Errno -2] Name or service not known',))
HTTPConnectionPool(host='www.dieei.unict.itcorsi', port=80): Max retries exceeded with url: /l-9 (Caused by NewConnectionError('<urllib3.connection.HTTPConnection object at 0x7fc6fb3f72e8>: Failed to establish a new connection: [Errno -2] Name or service not known',))
HTTPConnectionPool(host='www.dieei.unict.itcorsi', port=80): Max retries exceeded with url: /l-8-inf (Caused by NewConnectionError('<urllib3.connection.HTTPConnection object at 0x7fc6fb3f7240>: Failed to establish a new connection: [Errno -2] Name or service not known',))
HTTPConnectionPool(host='www.dieei.unict.itcorsi', port=80): Max retries exceeded with url: /lm-25 (Caused by NewConnectionError('<urllib3.connection.HTTPConnection object at 0x7fc6fb3f7198>: Failed to establish a new connection: [Errno -2] Name or service not known',))
HTTPConnectionPool(host='www.dieei.unict.itcorsi', port=80): Max retries exceeded with url: /lm-28 (Caused by NewConnectionError('<urllib3.connection.HTTPConnection object at 0x7fc6fb3f7400>: Failed to establish a new connection: [Errno -2] Name or service not known',))
HTTPConnectionPool(host='www.dieei.unict.itcorsi', port=80): Max retries exceeded with url: /lm-29 (Caused by NewConnectionError('<urllib3.connection.HTTPConnection object at 0x7fc6f838d908>: Failed to establish a new connection: [Errno -2] Name or service not known',))
HTTPConnectionPool(host='www.dieei.unict.itcorsi', port=80): Max retries exceeded with url: /lm-27 (Caused by NewConnectionError('<urllib3.connection.HTTPConnection object at 0x7fc6fb3f7198>: Failed to establish a new connection: [Errno -2] Name or service not known',))
HTTPConnectionPool(host='www.dieei.unict.itcorsi', port=80): Max retries exceeded with url: /lm-32 (Caused by NewConnectionError('<urllib3.connection.HTTPConnection object at 0x7fc6fb3f7240>: Failed to establish a new connection: [Errno -2] Name or service not known',))
HTTPConnectionPool(host='web.dmi.unict.itcorsi', port=80): Max retries exceeded with url: /l-31 (Caused by NewConnectionError('<urllib3.connection.HTTPConnection object at 0x7fd8d20160b8>: Failed to establish a new connection: [Errno -2] Name or service not known',))
HTTPConnectionPool(host='web.dmi.unict.itcorsi', port=80): Max retries exceeded with url: /l-35 (Caused by NewConnectionError('<urllib3.connection.HTTPConnection object at 0x7fd8d2016198>: Failed to establish a new connection: [Errno -2] Name or service not known',))
HTTPConnectionPool(host='web.dmi.unict.itcorsi', port=80): Max retries exceeded with url: /lm-18 (Caused by NewConnectionError('<urllib3.connection.HTTPConnection object at 0x7fd8d1ffda90>: Failed to establish a new connection: [Errno -2] Name or service not known',))
HTTPConnectionPool(host='web.dmi.unict.itcorsi', port=80): Max retries exceeded with url: /lm-40 (Caused by NewConnectionError('<urllib3.connection.HTTPConnection object at 0x7fd8d1ffdc88>: Failed to establish a new connection: [Errno -2] Name or service not known',))
HTTPConnectionPool(host='web.dmi.unict.itcorsi', port=80): Max retries exceeded with url: /l-31 (Caused by NewConnectionError('<urllib3.connection.HTTPConnection object at 0x7fd8c17d8320>: Failed to establish a new connection: [Errno -2] Name or service not known',))
HTTPConnectionPool(host='web.dmi.unict.itcorsi', port=80): Max retries exceeded with url: /l-35 (Caused by NewConnectionError('<urllib3.connection.HTTPConnection object at 0x7fd8c17d8128>: Failed to establish a new connection: [Errno -2] Name or service not known',))
HTTPConnectionPool(host='web.dmi.unict.itcorsi', port=80): Max retries exceeded with url: /lm-18 (Caused by NewConnectionError('<urllib3.connection.HTTPConnection object at 0x7fd8c17db320>: Failed to establish a new connection: [Errno -2] Name or service not known',))
HTTPConnectionPool(host='web.dmi.unict.itcorsi', port=80): Max retries exceeded with url: /lm-40 (Caused by NewConnectionError('<urllib3.connection.HTTPConnection object at 0x7fd8c17db128>: Failed to establish a new connection: [Errno -2] Name or service not known',))
HTTPConnectionPool(host='www.dieei.unict.itcorsi', port=80): Max retries exceeded with url: /l-8-ele (Caused by NewConnectionError('<urllib3.connection.HTTPConnection object at 0x7fd8c16f5828>: Failed to establish a new connection: [Errno -2] Name or service not known',))
HTTPConnectionPool(host='www.dieei.unict.itcorsi', port=80): Max retries exceeded with url: /l-9 (Caused by NewConnectionError('<urllib3.connection.HTTPConnection object at 0x7fd8c16f5128>: Failed to establish a new connection: [Errno -2] Name or service not known',))
HTTPConnectionPool(host='www.dieei.unict.itcorsi', port=80): Max retries exceeded with url: /l-8-inf (Caused by NewConnectionError('<urllib3.connection.HTTPConnection object at 0x7fd8c16f5a20>: Failed to establish a new connection: [Errno -2] Name or service not known',))
HTTPConnectionPool(host='www.dieei.unict.itcorsi', port=80): Max retries exceeded with url: /lm-25 (Caused by NewConnectionError('<urllib3.connection.HTTPConnection object at 0x7fd8c16f5f28>: Failed to establish a new connection: [Errno -2] Name or service not known',))
HTTPConnectionPool(host='www.dieei.unict.itcorsi', port=80): Max retries exceeded with url: /lm-28 (Caused by NewConnectionError('<urllib3.connection.HTTPConnection object at 0x7fd8c16f5128>: Failed to establish a new connection: [Errno -2] Name or service not known',))
HTTPConnectionPool(host='www.dieei.unict.itcorsi', port=80): Max retries exceeded with url: /lm-29 (Caused by NewConnectionError('<urllib3.connection.HTTPConnection object at 0x7fd8c16f5978>: Failed to establish a new connection: [Errno -2] Name or service not known',))
HTTPConnectionPool(host='www.dieei.unict.itcorsi', port=80): Max retries exceeded with url: /lm-27 (Caused by NewConnectionError('<urllib3.connection.HTTPConnection object at 0x7fd8c16f56a0>: Failed to establish a new connection: [Errno -2] Name or service not known',))
HTTPConnectionPool(host='www.dieei.unict.itcorsi', port=80): Max retries exceeded with url: /lm-32 (Caused by NewConnectionError('<urllib3.connection.HTTPConnection object at 0x7fd8c16f5358>: Failed to establish a new connection: [Errno -2] Name or service not known',))
HTTPConnectionPool(host='www.dieei.unict.itcorsi', port=80): Max retries exceeded with url: /l-8-ele (Caused by NewConnectionError('<urllib3.connection.HTTPConnection object at 0x7fd8d016f518>: Failed to establish a new connection: [Errno -2] Name or service not known',))
HTTPConnectionPool(host='www.dieei.unict.itcorsi', port=80): Max retries exceeded with url: /l-9 (Caused by NewConnectionError('<urllib3.connection.HTTPConnection object at 0x7fd8d016f550>: Failed to establish a new connection: [Errno -2] Name or service not known',))
HTTPConnectionPool(host='www.dieei.unict.itcorsi', port=80): Max retries exceeded with url: /l-8-inf (Caused by NewConnectionError('<urllib3.connection.HTTPConnection object at 0x7fd8d016f6d8>: Failed to establish a new connection: [Errno -2] Name or service not known',))
HTTPConnectionPool(host='www.dieei.unict.itcorsi', port=80): Max retries exceeded with url: /lm-25 (Caused by NewConnectionError('<urllib3.connection.HTTPConnection object at 0x7fd8d016f6a0>: Failed to establish a new connection: [Errno -2] Name or service not known',))
HTTPConnectionPool(host='www.dieei.unict.itcorsi', port=80): Max retries exceeded with url: /lm-28 (Caused by NewConnectionError('<urllib3.connection.HTTPConnection object at 0x7fd8d016f550>: Failed to establish a new connection: [Errno -2] Name or service not known',))
HTTPConnectionPool(host='www.dieei.unict.itcorsi', port=80): Max retries exceeded with url: /lm-29 (Caused by NewConnectionError('<urllib3.connection.HTTPConnection object at 0x7fd8d00bfa90>: Failed to establish a new connection: [Errno -2] Name or service not known',))
HTTPConnectionPool(host='www.dieei.unict.itcorsi', port=80): Max retries exceeded with url: /lm-27 (Caused by NewConnectionError('<urllib3.connection.HTTPConnection object at 0x7fd8d016f550>: Failed to establish a new connection: [Errno -2] Name or service not known',))
HTTPConnectionPool(host='www.dieei.unict.itcorsi', port=80): Max retries exceeded with url: /lm-32 (Caused by NewConnectionError('<urllib3.connection.HTTPConnection object at 0x7fd8d00bfb70>: Failed to establish a new connection: [Errno -2] Name or service not known',))
HTTPConnectionPool(host='web.dmi.unict.itcorsi', port=80): Max retries exceeded with url: /l-31 (Caused by NewConnectionError('<urllib3.connection.HTTPConnection object at 0x7f9c39f8e668>: Failed to establish a new connection: [Errno -2] Name or service not known',))
HTTPConnectionPool(host='web.dmi.unict.itcorsi', port=80): Max retries exceeded with url: /l-35 (Caused by NewConnectionError('<urllib3.connection.HTTPConnection object at 0x7f9c39f8ed30>: Failed to establish a new connection: [Errno -2] Name or service not known',))
HTTPConnectionPool(host='web.dmi.unict.itcorsi', port=80): Max retries exceeded with url: /lm-18 (Caused by NewConnectionError('<urllib3.connection.HTTPConnection object at 0x7f9c39f8edd8>: Failed to establish a new connection: [Errno -2] Name or service not known',))
HTTPConnectionPool(host='web.dmi.unict.itcorsi', port=80): Max retries exceeded with url: /lm-40 (Caused by NewConnectionError('<urllib3.connection.HTTPConnection object at 0x7f9c39f8eb00>: Failed to establish a new connection: [Errno -2] Name or service not known',))
HTTPConnectionPool(host='web.dmi.unict.itcorsi', port=80): Max retries exceeded with url: /l-31 (Caused by NewConnectionError('<urllib3.connection.HTTPConnection object at 0x7f9c39e99320>: Failed to establish a new connection: [Errno -2] Name or service not known',))
HTTPConnectionPool(host='web.dmi.unict.itcorsi', port=80): Max retries exceeded with url: /l-35 (Caused by NewConnectionError('<urllib3.connection.HTTPConnection object at 0x7f9c39e99128>: Failed to establish a new connection: [Errno -2] Name or service not known',))
HTTPConnectionPool(host='web.dmi.unict.itcorsi', port=80): Max retries exceeded with url: /lm-18 (Caused by NewConnectionError('<urllib3.connection.HTTPConnection object at 0x7f9c39e9c320>: Failed to establish a new connection: [Errno -2] Name or service not known',))
HTTPConnectionPool(host='web.dmi.unict.itcorsi', port=80): Max retries exceeded with url: /lm-40 (Caused by NewConnectionError('<urllib3.connection.HTTPConnection object at 0x7f9c39e9c320>: Failed to establish a new connection: [Errno -2] Name or service not known',))
HTTPConnectionPool(host='www.dieei.unict.itcorsi', port=80): Max retries exceeded with url: /l-8-ele (Caused by NewConnectionError('<urllib3.connection.HTTPConnection object at 0x7f9c4a6934a8>: Failed to establish a new connection: [Errno -2] Name or service not known',))
HTTPConnectionPool(host='www.dieei.unict.itcorsi', port=80): Max retries exceeded with url: /l-9 (Caused by NewConnectionError('<urllib3.connection.HTTPConnection object at 0x7f9c4a693f28>: Failed to establish a new connection: [Errno -2] Name or service not known',))
HTTPConnectionPool(host='www.dieei.unict.itcorsi', port=80): Max retries exceeded with url: /l-8-inf (Caused by NewConnectionError('<urllib3.connection.HTTPConnection object at 0x7f9c4a693080>: Failed to establish a new connection: [Errno -2] Name or service not known',))
HTTPConnectionPool(host='www.dieei.unict.itcorsi', port=80): Max retries exceeded with url: /lm-25 (Caused by NewConnectionError('<urllib3.connection.HTTPConnection object at 0x7f9c4a693ef0>: Failed to establish a new connection: [Errno -2] Name or service not known',))
HTTPConnectionPool(host='www.dieei.unict.itcorsi', port=80): Max retries exceeded with url: /lm-28 (Caused by NewConnectionError('<urllib3.connection.HTTPConnection object at 0x7f9c4a693f28>: Failed to establish a new connection: [Errno -2] Name or service not known',))
HTTPConnectionPool(host='www.dieei.unict.itcorsi', port=80): Max retries exceeded with url: /lm-29 (Caused by NewConnectionError('<urllib3.connection.HTTPConnection object at 0x7f9c4a693080>: Failed to establish a new connection: [Errno -2] Name or service not known',))
HTTPConnectionPool(host='www.dieei.unict.itcorsi', port=80): Max retries exceeded with url: /lm-27 (Caused by NewConnectionError('<urllib3.connection.HTTPConnection object at 0x7f9c4a693ef0>: Failed to establish a new connection: [Errno -2] Name or service not known',))
HTTPConnectionPool(host='www.dieei.unict.itcorsi', port=80): Max retries exceeded with url: /lm-32 (Caused by NewConnectionError('<urllib3.connection.HTTPConnection object at 0x7f9c4a693f60>: Failed to establish a new connection: [Errno -2] Name or service not known',))
HTTPConnectionPool(host='www.dieei.unict.itcorsi', port=80): Max retries exceeded with url: /l-8-ele (Caused by NewConnectionError('<urllib3.connection.HTTPConnection object at 0x7f9c39d654e0>: Failed to establish a new connection: [Errno -2] Name or service not known',))
HTTPConnectionPool(host='www.dieei.unict.itcorsi', port=80): Max retries exceeded with url: /l-9 (Caused by NewConnectionError('<urllib3.connection.HTTPConnection object at 0x7f9c39d65320>: Failed to establish a new connection: [Errno -2] Name or service not known',))
HTTPConnectionPool(host='www.dieei.unict.itcorsi', port=80): Max retries exceeded with url: /l-8-inf (Caused by NewConnectionError('<urllib3.connection.HTTPConnection object at 0x7f9c39d65278>: Failed to establish a new connection: [Errno -2] Name or service not known',))
HTTPConnectionPool(host='www.dieei.unict.itcorsi', port=80): Max retries exceeded with url: /lm-25 (Caused by NewConnectionError('<urllib3.connection.HTTPConnection object at 0x7f9c39d65048>: Failed to establish a new connection: [Errno -2] Name or service not known',))
HTTPConnectionPool(host='www.dieei.unict.itcorsi', port=80): Max retries exceeded with url: /lm-28 (Caused by NewConnectionError('<urllib3.connection.HTTPConnection object at 0x7f9c39d65438>: Failed to establish a new connection: [Errno -2] Name or service not known',))
HTTPConnectionPool(host='www.dieei.unict.itcorsi', port=80): Max retries exceeded with url: /lm-29 (Caused by NewConnectionError('<urllib3.connection.HTTPConnection object at 0x7f9c39cfc908>: Failed to establish a new connection: [Errno -2] Name or service not known',))
HTTPConnectionPool(host='www.dieei.unict.itcorsi', port=80): Max retries exceeded with url: /lm-27 (Caused by NewConnectionError('<urllib3.connection.HTTPConnection object at 0x7f9c39d65048>: Failed to establish a new connection: [Errno -2] Name or service not known',))
HTTPConnectionPool(host='www.dieei.unict.itcorsi', port=80): Max retries exceeded with url: /lm-32 (Caused by NewConnectionError('<urllib3.connection.HTTPConnection object at 0x7f9c39d652e8>: Failed to establish a new connection: [Errno -2] Name or service not known',))
HTTPConnectionPool(host='web.dmi.unict.itcorsi', port=80): Max retries exceeded with url: /l-31 (Caused by NewConnectionError('<urllib3.connection.HTTPConnection object at 0x7f0cb4036668>: Failed to establish a new connection: [Errno -2] Name or service not known',))
HTTPConnectionPool(host='web.dmi.unict.itcorsi', port=80): Max retries exceeded with url: /l-35 (Caused by NewConnectionError('<urllib3.connection.HTTPConnection object at 0x7f0cb4036d30>: Failed to establish a new connection: [Errno -2] Name or service not known',))
HTTPConnectionPool(host='web.dmi.unict.itcorsi', port=80): Max retries exceeded with url: /lm-18 (Caused by NewConnectionError('<urllib3.connection.HTTPConnection object at 0x7f0cb4036dd8>: Failed to establish a new connection: [Errno -2] Name or service not known',))
HTTPConnectionPool(host='web.dmi.unict.itcorsi', port=80): Max retries exceeded with url: /lm-40 (Caused by NewConnectionError('<urllib3.connection.HTTPConnection object at 0x7f0cb4036b00>: Failed to establish a new connection: [Errno -2] Name or service not known',))
HTTPConnectionPool(host='web.dmi.unict.itcorsi', port=80): Max retries exceeded with url: /l-31 (Caused by NewConnectionError('<urllib3.connection.HTTPConnection object at 0x7f0cac2f4358>: Failed to establish a new connection: [Errno -2] Name or service not known',))
HTTPConnectionPool(host='web.dmi.unict.itcorsi', port=80): Max retries exceeded with url: /l-35 (Caused by NewConnectionError('<urllib3.connection.HTTPConnection object at 0x7f0cac2f4160>: Failed to establish a new connection: [Errno -2] Name or service not known',))
HTTPConnectionPool(host='web.dmi.unict.itcorsi', port=80): Max retries exceeded with url: /lm-18 (Caused by NewConnectionError('<urllib3.connection.HTTPConnection object at 0x7f0cac2f4358>: Failed to establish a new connection: [Errno -2] Name or service not known',))
HTTPConnectionPool(host='web.dmi.unict.itcorsi', port=80): Max retries exceeded with url: /lm-40 (Caused by NewConnectionError('<urllib3.connection.HTTPConnection object at 0x7f0cac2f4160>: Failed to establish a new connection: [Errno -2] Name or service not known',))
HTTPConnectionPool(host='www.dieei.unict.itcorsi', port=80): Max retries exceeded with url: /l-8-ele (Caused by NewConnectionError('<urllib3.connection.HTTPConnection object at 0x7f0cac1f06a0>: Failed to establish a new connection: [Errno -2] Name or service not known',))
HTTPConnectionPool(host='www.dieei.unict.itcorsi', port=80): Max retries exceeded with url: /l-9 (Caused by NewConnectionError('<urllib3.connection.HTTPConnection object at 0x7f0cac1f0c18>: Failed to establish a new connection: [Errno -2] Name or service not known',))
HTTPConnectionPool(host='www.dieei.unict.itcorsi', port=80): Max retries exceeded with url: /l-8-inf (Caused by NewConnectionError('<urllib3.connection.HTTPConnection object at 0x7f0cac1f0b38>: Failed to establish a new connection: [Errno -2] Name or service not known',))
HTTPConnectionPool(host='www.dieei.unict.itcorsi', port=80): Max retries exceeded with url: /lm-25 (Caused by NewConnectionError('<urllib3.connection.HTTPConnection object at 0x7f0cac1f0828>: Failed to establish a new connection: [Errno -2] Name or service not known',))
HTTPConnectionPool(host='www.dieei.unict.itcorsi', port=80): Max retries exceeded with url: /lm-28 (Caused by NewConnectionError('<urllib3.connection.HTTPConnection object at 0x7f0cb4af76a0>: Failed to establish a new connection: [Errno -2] Name or service not known',))
HTTPConnectionPool(host='www.dieei.unict.itcorsi', port=80): Max retries exceeded with url: /lm-29 (Caused by NewConnectionError('<urllib3.connection.HTTPConnection object at 0x7f0cac1f0ef0>: Failed to establish a new connection: [Errno -2] Name or service not known',))
HTTPConnectionPool(host='www.dieei.unict.itcorsi', port=80): Max retries exceeded with url: /lm-27 (Caused by NewConnectionError('<urllib3.connection.HTTPConnection object at 0x7f0cac1f0278>: Failed to establish a new connection: [Errno -2] Name or service not known',))
HTTPConnectionPool(host='www.dieei.unict.itcorsi', port=80): Max retries exceeded with url: /lm-32 (Caused by NewConnectionError('<urllib3.connection.HTTPConnection object at 0x7f0cb4b23128>: Failed to establish a new connection: [Errno -2] Name or service not known',))
HTTPConnectionPool(host='www.dieei.unict.itcorsi', port=80): Max retries exceeded with url: /l-8-ele (Caused by NewConnectionError('<urllib3.connection.HTTPConnection object at 0x7f0cac2d5550>: Failed to establish a new connection: [Errno -2] Name or service not known',))
HTTPConnectionPool(host='www.dieei.unict.itcorsi', port=80): Max retries exceeded with url: /l-9 (Caused by NewConnectionError('<urllib3.connection.HTTPConnection object at 0x7f0cac2d53c8>: Failed to establish a new connection: [Errno -2] Name or service not known',))
HTTPConnectionPool(host='www.dieei.unict.itcorsi', port=80): Max retries exceeded with url: /l-8-inf (Caused by NewConnectionError('<urllib3.connection.HTTPConnection object at 0x7f0cac2d55c0>: Failed to establish a new connection: [Errno -2] Name or service not known',))
HTTPConnectionPool(host='www.dieei.unict.itcorsi', port=80): Max retries exceeded with url: /lm-25 (Caused by NewConnectionError('<urllib3.connection.HTTPConnection object at 0x7f0cac2d5470>: Failed to establish a new connection: [Errno -2] Name or service not known',))
HTTPConnectionPool(host='www.dieei.unict.itcorsi', port=80): Max retries exceeded with url: /lm-28 (Caused by NewConnectionError('<urllib3.connection.HTTPConnection object at 0x7f0cac2d56d8>: Failed to establish a new connection: [Errno -2] Name or service not known',))
HTTPConnectionPool(host='www.dieei.unict.itcorsi', port=80): Max retries exceeded with url: /lm-29 (Caused by NewConnectionError('<urllib3.connection.HTTPConnection object at 0x7f0cac2d5518>: Failed to establish a new connection: [Errno -2] Name or service not known',))
HTTPConnectionPool(host='www.dieei.unict.itcorsi', port=80): Max retries exceeded with url: /lm-27 (Caused by NewConnectionError('<urllib3.connection.HTTPConnection object at 0x7f0cac2d56d8>: Failed to establish a new connection: [Errno -2] Name or service not known',))
HTTPConnectionPool(host='www.dieei.unict.itcorsi', port=80): Max retries exceeded with url: /lm-32 (Caused by NewConnectionError('<urllib3.connection.HTTPConnection object at 0x7f0cac2d5518>: Failed to establish a new connection: [Errno -2] Name or service not known',))
HTTPConnectionPool(host='web.dmi.unict.itcorsi', port=80): Max retries exceeded with url: /l-31 (Caused by NewConnectionError('<urllib3.connection.HTTPConnection object at 0x7f0ba8247cf8>: Failed to establish a new connection: [Errno -2] Name or service not known',))
HTTPConnectionPool(host='web.dmi.unict.itcorsi', port=80): Max retries exceeded with url: /l-35 (Caused by NewConnectionError('<urllib3.connection.HTTPConnection object at 0x7f0ba8247cc0>: Failed to establish a new connection: [Errno -2] Name or service not known',))
HTTPConnectionPool(host='web.dmi.unict.itcorsi', port=80): Max retries exceeded with url: /lm-18 (Caused by NewConnectionError('<urllib3.connection.HTTPConnection object at 0x7f0ba8247dd8>: Failed to establish a new connection: [Errno -2] Name or service not known',))
HTTPConnectionPool(host='web.dmi.unict.itcorsi', port=80): Max retries exceeded with url: /lm-40 (Caused by NewConnectionError('<urllib3.connection.HTTPConnection object at 0x7f0ba8247e48>: Failed to establish a new connection: [Errno -2] Name or service not known',))
HTTPConnectionPool(host='web.dmi.unict.itcorsi', port=80): Max retries exceeded with url: /l-31 (Caused by NewConnectionError('<urllib3.connection.HTTPConnection object at 0x7f0ba8155320>: Failed to establish a new connection: [Errno -2] Name or service not known',))
HTTPConnectionPool(host='web.dmi.unict.itcorsi', port=80): Max retries exceeded with url: /l-35 (Caused by NewConnectionError('<urllib3.connection.HTTPConnection object at 0x7f0ba8155128>: Failed to establish a new connection: [Errno -2] Name or service not known',))
HTTPConnectionPool(host='web.dmi.unict.itcorsi', port=80): Max retries exceeded with url: /lm-18 (Caused by NewConnectionError('<urllib3.connection.HTTPConnection object at 0x7f0ba8155320>: Failed to establish a new connection: [Errno -2] Name or service not known',))
HTTPConnectionPool(host='web.dmi.unict.itcorsi', port=80): Max retries exceeded with url: /lm-40 (Caused by NewConnectionError('<urllib3.connection.HTTPConnection object at 0x7f0ba815a320>: Failed to establish a new connection: [Errno -2] Name or service not known',))
HTTPConnectionPool(host='www.dieei.unict.itcorsi', port=80): Max retries exceeded with url: /l-8-ele (Caused by NewConnectionError('<urllib3.connection.HTTPConnection object at 0x7f0baa13c7f0>: Failed to establish a new connection: [Errno -2] Name or service not known',))
HTTPConnectionPool(host='www.dieei.unict.itcorsi', port=80): Max retries exceeded with url: /l-9 (Caused by NewConnectionError('<urllib3.connection.HTTPConnection object at 0x7f0baa13c518>: Failed to establish a new connection: [Errno -2] Name or service not known',))
HTTPConnectionPool(host='www.dieei.unict.itcorsi', port=80): Max retries exceeded with url: /l-8-inf (Caused by NewConnectionError('<urllib3.connection.HTTPConnection object at 0x7f0baa13c320>: Failed to establish a new connection: [Errno -2] Name or service not known',))
HTTPConnectionPool(host='www.dieei.unict.itcorsi', port=80): Max retries exceeded with url: /lm-25 (Caused by NewConnectionError('<urllib3.connection.HTTPConnection object at 0x7f0baa13cef0>: Failed to establish a new connection: [Errno -2] Name or service not known',))
HTTPConnectionPool(host='www.dieei.unict.itcorsi', port=80): Max retries exceeded with url: /lm-28 (Caused by NewConnectionError('<urllib3.connection.HTTPConnection object at 0x7f0baa13c518>: Failed to establish a new connection: [Errno -2] Name or service not known',))
HTTPConnectionPool(host='www.dieei.unict.itcorsi', port=80): Max retries exceeded with url: /lm-29 (Caused by NewConnectionError('<urllib3.connection.HTTPConnection object at 0x7f0baa13c978>: Failed to establish a new connection: [Errno -2] Name or service not known',))
HTTPConnectionPool(host='www.dieei.unict.itcorsi', port=80): Max retries exceeded with url: /lm-27 (Caused by NewConnectionError('<urllib3.connection.HTTPConnection object at 0x7f0baa13c518>: Failed to establish a new connection: [Errno -2] Name or service not known',))
HTTPConnectionPool(host='www.dieei.unict.itcorsi', port=80): Max retries exceeded with url: /lm-32 (Caused by NewConnectionError('<urllib3.connection.HTTPConnection object at 0x7f0baa13c6d8>: Failed to establish a new connection: [Errno -2] Name or service not known',))
HTTPConnectionPool(host='www.dieei.unict.itcorsi', port=80): Max retries exceeded with url: /l-8-ele (Caused by NewConnectionError('<urllib3.connection.HTTPConnection object at 0x7f0ba8187550>: Failed to establish a new connection: [Errno -2] Name or service not known',))
HTTPConnectionPool(host='www.dieei.unict.itcorsi', port=80): Max retries exceeded with url: /l-9 (Caused by NewConnectionError('<urllib3.connection.HTTPConnection object at 0x7f0ba8187390>: Failed to establish a new connection: [Errno -2] Name or service not known',))
HTTPConnectionPool(host='www.dieei.unict.itcorsi', port=80): Max retries exceeded with url: /l-8-inf (Caused by NewConnectionError('<urllib3.connection.HTTPConnection object at 0x7f0ba8187438>: Failed to establish a new connection: [Errno -2] Name or service not known',))
HTTPConnectionPool(host='www.dieei.unict.itcorsi', port=80): Max retries exceeded with url: /lm-25 (Caused by NewConnectionError('<urllib3.connection.HTTPConnection object at 0x7f0ba8187390>: Failed to establish a new connection: [Errno -2] Name or service not known',))
HTTPConnectionPool(host='www.dieei.unict.itcorsi', port=80): Max retries exceeded with url: /lm-28 (Caused by NewConnectionError('<urllib3.connection.HTTPConnection object at 0x7f0ba81874e0>: Failed to establish a new connection: [Errno -2] Name or service not known',))
HTTPConnectionPool(host='www.dieei.unict.itcorsi', port=80): Max retries exceeded with url: /lm-29 (Caused by NewConnectionError('<urllib3.connection.HTTPConnection object at 0x7f0ba8160908>: Failed to establish a new connection: [Errno -2] Name or service not known',))
HTTPConnectionPool(host='www.dieei.unict.itcorsi', port=80): Max retries exceeded with url: /lm-27 (Caused by NewConnectionError('<urllib3.connection.HTTPConnection object at 0x7f0ba81609e8>: Failed to establish a new connection: [Errno -2] Name or service not known',))
HTTPConnectionPool(host='www.dieei.unict.itcorsi', port=80): Max retries exceeded with url: /lm-32 (Caused by NewConnectionError('<urllib3.connection.HTTPConnection object at 0x7f0ba8187320>: Failed to establish a new connection: [Errno -2] Name or service not known',))
HTTPConnectionPool(host='web.dmi.unict.itcorsi', port=80): Max retries exceeded with url: /l-31 (Caused by NewConnectionError('<urllib3.connection.HTTPConnection object at 0x7f3f34404a90>: Failed to establish a new connection: [Errno -2] Name or service not known',))
HTTPConnectionPool(host='web.dmi.unict.itcorsi', port=80): Max retries exceeded with url: /l-35 (Caused by NewConnectionError('<urllib3.connection.HTTPConnection object at 0x7f3f34404dd8>: Failed to establish a new connection: [Errno -2] Name or service not known',))
HTTPConnectionPool(host='web.dmi.unict.itcorsi', port=80): Max retries exceeded with url: /lm-18 (Caused by NewConnectionError('<urllib3.connection.HTTPConnection object at 0x7f3f344049e8>: Failed to establish a new connection: [Errno -2] Name or service not known',))
HTTPConnectionPool(host='web.dmi.unict.itcorsi', port=80): Max retries exceeded with url: /lm-40 (Caused by NewConnectionError('<urllib3.connection.HTTPConnection object at 0x7f3f34404cf8>: Failed to establish a new connection: [Errno -2] Name or service not known',))
HTTPConnectionPool(host='web.dmi.unict.itcorsi', port=80): Max retries exceeded with url: /l-31 (Caused by NewConnectionError('<urllib3.connection.HTTPConnection object at 0x7f3f34311320>: Failed to establish a new connection: [Errno -2] Name or service not known',))
HTTPConnectionPool(host='web.dmi.unict.itcorsi', port=80): Max retries exceeded with url: /l-35 (Caused by NewConnectionError('<urllib3.connection.HTTPConnection object at 0x7f3f34311128>: Failed to establish a new connection: [Errno -2] Name or service not known',))
HTTPConnectionPool(host='web.dmi.unict.itcorsi', port=80): Max retries exceeded with url: /lm-18 (Caused by NewConnectionError('<urllib3.connection.HTTPConnection object at 0x7f3f34314320>: Failed to establish a new connection: [Errno -2] Name or service not known',))
HTTPConnectionPool(host='web.dmi.unict.itcorsi', port=80): Max retries exceeded with url: /lm-40 (Caused by NewConnectionError('<urllib3.connection.HTTPConnection object at 0x7f3f34314128>: Failed to establish a new connection: [Errno -2] Name or service not known',))
HTTPConnectionPool(host='www.dieei.unict.itcorsi', port=80): Max retries exceeded with url: /l-8-ele (Caused by NewConnectionError('<urllib3.connection.HTTPConnection object at 0x7f3f34402208>: Failed to establish a new connection: [Errno -2] Name or service not known',))
HTTPConnectionPool(host='www.dieei.unict.itcorsi', port=80): Max retries exceeded with url: /l-9 (Caused by NewConnectionError('<urllib3.connection.HTTPConnection object at 0x7f3f34402860>: Failed to establish a new connection: [Errno -2] Name or service not known',))
HTTPConnectionPool(host='www.dieei.unict.itcorsi', port=80): Max retries exceeded with url: /l-8-inf (Caused by NewConnectionError('<urllib3.connection.HTTPConnection object at 0x7f3f344026d8>: Failed to establish a new connection: [Errno -2] Name or service not known',))
HTTPConnectionPool(host='www.dieei.unict.itcorsi', port=80): Max retries exceeded with url: /lm-25 (Caused by NewConnectionError('<urllib3.connection.HTTPConnection object at 0x7f3f34402cf8>: Failed to establish a new connection: [Errno -2] Name or service not known',))
HTTPConnectionPool(host='www.dieei.unict.itcorsi', port=80): Max retries exceeded with url: /lm-28 (Caused by NewConnectionError('<urllib3.connection.HTTPConnection object at 0x7f3f34402860>: Failed to establish a new connection: [Errno -2] Name or service not known',))
HTTPConnectionPool(host='www.dieei.unict.itcorsi', port=80): Max retries exceeded with url: /lm-29 (Caused by NewConnectionError('<urllib3.connection.HTTPConnection object at 0x7f3f344026d8>: Failed to establish a new connection: [Errno -2] Name or service not known',))
HTTPConnectionPool(host='www.dieei.unict.itcorsi', port=80): Max retries exceeded with url: /lm-27 (Caused by NewConnectionError('<urllib3.connection.HTTPConnection object at 0x7f3f34402c88>: Failed to establish a new connection: [Errno -2] Name or service not known',))
HTTPConnectionPool(host='www.dieei.unict.itcorsi', port=80): Max retries exceeded with url: /lm-32 (Caused by NewConnectionError('<urllib3.connection.HTTPConnection object at 0x7f3f344026d8>: Failed to establish a new connection: [Errno -2] Name or service not known',))
HTTPConnectionPool(host='www.dieei.unict.itcorsi', port=80): Max retries exceeded with url: /l-8-ele (Caused by NewConnectionError('<urllib3.connection.HTTPConnection object at 0x7f3f341f6438>: Failed to establish a new connection: [Errno -2] Name or service not known',))
HTTPConnectionPool(host='www.dieei.unict.itcorsi', port=80): Max retries exceeded with url: /l-9 (Caused by NewConnectionError('<urllib3.connection.HTTPConnection object at 0x7f3f341f63c8>: Failed to establish a new connection: [Errno -2] Name or service not known',))
HTTPConnectionPool(host='www.dieei.unict.itcorsi', port=80): Max retries exceeded with url: /l-8-inf (Caused by NewConnectionError('<urllib3.connection.HTTPConnection object at 0x7f3f341f64e0>: Failed to establish a new connection: [Errno -2] Name or service not known',))
HTTPConnectionPool(host='www.dieei.unict.itcorsi', port=80): Max retries exceeded with url: /lm-25 (Caused by NewConnectionError('<urllib3.connection.HTTPConnection object at 0x7f3f341f64a8>: Failed to establish a new connection: [Errno -2] Name or service not known',))
HTTPConnectionPool(host='www.dieei.unict.itcorsi', port=80): Max retries exceeded with url: /lm-28 (Caused by NewConnectionError('<urllib3.connection.HTTPConnection object at 0x7f3f341f6518>: Failed to establish a new connection: [Errno -2] Name or service not known',))
HTTPConnectionPool(host='www.dieei.unict.itcorsi', port=80): Max retries exceeded with url: /lm-29 (Caused by NewConnectionError('<urllib3.connection.HTTPConnection object at 0x7f3f341f6320>: Failed to establish a new connection: [Errno -2] Name or service not known',))
HTTPConnectionPool(host='www.dieei.unict.itcorsi', port=80): Max retries exceeded with url: /lm-27 (Caused by NewConnectionError('<urllib3.connection.HTTPConnection object at 0x7f3f3436c978>: Failed to establish a new connection: [Errno -2] Name or service not known',))
HTTPConnectionPool(host='www.dieei.unict.itcorsi', port=80): Max retries exceeded with url: /lm-32 (Caused by NewConnectionError('<urllib3.connection.HTTPConnection object at 0x7f3f341f6358>: Failed to establish a new connection: [Errno -2] Name or service not known',))
HTTPConnectionPool(host='web.dmi.unict.itcorsi', port=80): Max retries exceeded with url: /l-31 (Caused by NewConnectionError('<urllib3.connection.HTTPConnection object at 0x7fbb3c464a90>: Failed to establish a new connection: [Errno -2] Name or service not known',))
HTTPConnectionPool(host='web.dmi.unict.itcorsi', port=80): Max retries exceeded with url: /l-35 (Caused by NewConnectionError('<urllib3.connection.HTTPConnection object at 0x7fbb3c464dd8>: Failed to establish a new connection: [Errno -2] Name or service not known',))
HTTPConnectionPool(host='web.dmi.unict.itcorsi', port=80): Max retries exceeded with url: /lm-18 (Caused by NewConnectionError('<urllib3.connection.HTTPConnection object at 0x7fbb3c4649e8>: Failed to establish a new connection: [Errno -2] Name or service not known',))
HTTPConnectionPool(host='web.dmi.unict.itcorsi', port=80): Max retries exceeded with url: /lm-40 (Caused by NewConnectionError('<urllib3.connection.HTTPConnection object at 0x7fbb3c464cf8>: Failed to establish a new connection: [Errno -2] Name or service not known',))
HTTPConnectionPool(host='web.dmi.unict.itcorsi', port=80): Max retries exceeded with url: /l-31 (Caused by NewConnectionError('<urllib3.connection.HTTPConnection object at 0x7fbb3c3722e8>: Failed to establish a new connection: [Errno -2] Name or service not known',))
HTTPConnectionPool(host='web.dmi.unict.itcorsi', port=80): Max retries exceeded with url: /l-35 (Caused by NewConnectionError('<urllib3.connection.HTTPConnection object at 0x7fbb3c3720f0>: Failed to establish a new connection: [Errno -2] Name or service not known',))
HTTPConnectionPool(host='web.dmi.unict.itcorsi', port=80): Max retries exceeded with url: /lm-18 (Caused by NewConnectionError('<urllib3.connection.HTTPConnection object at 0x7fbb3c3752e8>: Failed to establish a new connection: [Errno -2] Name or service not known',))
HTTPConnectionPool(host='web.dmi.unict.itcorsi', port=80): Max retries exceeded with url: /lm-40 (Caused by NewConnectionError('<urllib3.connection.HTTPConnection object at 0x7fbb3c3750f0>: Failed to establish a new connection: [Errno -2] Name or service not known',))
HTTPConnectionPool(host='www.dieei.unict.itcorsi', port=80): Max retries exceeded with url: /l-8-ele (Caused by NewConnectionError('<urllib3.connection.HTTPConnection object at 0x7fbb3c372908>: Failed to establish a new connection: [Errno -2] Name or service not known',))
HTTPConnectionPool(host='www.dieei.unict.itcorsi', port=80): Max retries exceeded with url: /l-9 (Caused by NewConnectionError('<urllib3.connection.HTTPConnection object at 0x7fbb3c372278>: Failed to establish a new connection: [Errno -2] Name or service not known',))
HTTPConnectionPool(host='www.dieei.unict.itcorsi', port=80): Max retries exceeded with url: /l-8-inf (Caused by NewConnectionError('<urllib3.connection.HTTPConnection object at 0x7fbb3c372710>: Failed to establish a new connection: [Errno -2] Name or service not known',))
HTTPConnectionPool(host='www.dieei.unict.itcorsi', port=80): Max retries exceeded with url: /lm-25 (Caused by NewConnectionError('<urllib3.connection.HTTPConnection object at 0x7fbb3c3723c8>: Failed to establish a new connection: [Errno -2] Name or service not known',))
HTTPConnectionPool(host='www.dieei.unict.itcorsi', port=80): Max retries exceeded with url: /lm-28 (Caused by NewConnectionError('<urllib3.connection.HTTPConnection object at 0x7fbb3c372a58>: Failed to establish a new connection: [Errno -2] Name or service not known',))
HTTPConnectionPool(host='www.dieei.unict.itcorsi', port=80): Max retries exceeded with url: /lm-29 (Caused by NewConnectionError('<urllib3.connection.HTTPConnection object at 0x7fbb3c3720b8>: Failed to establish a new connection: [Errno -2] Name or service not known',))
HTTPConnectionPool(host='www.dieei.unict.itcorsi', port=80): Max retries exceeded with url: /lm-27 (Caused by NewConnectionError('<urllib3.connection.HTTPConnection object at 0x7fbb3c3729b0>: Failed to establish a new connection: [Errno -2] Name or service not known',))
HTTPConnectionPool(host='www.dieei.unict.itcorsi', port=80): Max retries exceeded with url: /lm-32 (Caused by NewConnectionError('<urllib3.connection.HTTPConnection object at 0x7fbb3c372828>: Failed to establish a new connection: [Errno -2] Name or service not known',))
HTTPConnectionPool(host='www.dieei.unict.itcorsi', port=80): Max retries exceeded with url: /l-8-ele (Caused by NewConnectionError('<urllib3.connection.HTTPConnection object at 0x7fbb3c4c8400>: Failed to establish a new connection: [Errno -2] Name or service not known',))
HTTPConnectionPool(host='www.dieei.unict.itcorsi', port=80): Max retries exceeded with url: /l-9 (Caused by NewConnectionError('<urllib3.connection.HTTPConnection object at 0x7fbb3c4c8390>: Failed to establish a new connection: [Errno -2] Name or service not known',))
HTTPConnectionPool(host='www.dieei.unict.itcorsi', port=80): Max retries exceeded with url: /l-8-inf (Caused by NewConnectionError('<urllib3.connection.HTTPConnection object at 0x7fbb3c4c84a8>: Failed to establish a new connection: [Errno -2] Name or service not known',))
HTTPConnectionPool(host='www.dieei.unict.itcorsi', port=80): Max retries exceeded with url: /lm-25 (Caused by NewConnectionError('<urllib3.connection.HTTPConnection object at 0x7fbb3c4c8390>: Failed to establish a new connection: [Errno -2] Name or service not known',))
HTTPConnectionPool(host='www.dieei.unict.itcorsi', port=80): Max retries exceeded with url: /lm-28 (Caused by NewConnectionError('<urllib3.connection.HTTPConnection object at 0x7fbb3c4c81d0>: Failed to establish a new connection: [Errno -2] Name or service not known',))
HTTPConnectionPool(host='www.dieei.unict.itcorsi', port=80): Max retries exceeded with url: /lm-29 (Caused by NewConnectionError('<urllib3.connection.HTTPConnection object at 0x7fbb3c20b978>: Failed to establish a new connection: [Errno -2] Name or service not known',))
HTTPConnectionPool(host='www.dieei.unict.itcorsi', port=80): Max retries exceeded with url: /lm-27 (Caused by NewConnectionError('<urllib3.connection.HTTPConnection object at 0x7fbb3c20b710>: Failed to establish a new connection: [Errno -2] Name or service not known',))
HTTPConnectionPool(host='www.dieei.unict.itcorsi', port=80): Max retries exceeded with url: /lm-32 (Caused by NewConnectionError('<urllib3.connection.HTTPConnection object at 0x7fbb3c4c8320>: Failed to establish a new connection: [Errno -2] Name or service not known',))
HTTPConnectionPool(host='web.dmi.unict.itcorsi', port=80): Max retries exceeded with url: /l-31 (Caused by NewConnectionError('<urllib3.connection.HTTPConnection object at 0x7faf747cbcf8>: Failed to establish a new connection: [Errno -2] Name or service not known',))
HTTPConnectionPool(host='web.dmi.unict.itcorsi', port=80): Max retries exceeded with url: /l-35 (Caused by NewConnectionError('<urllib3.connection.HTTPConnection object at 0x7faf747cbcc0>: Failed to establish a new connection: [Errno -2] Name or service not known',))
HTTPConnectionPool(host='web.dmi.unict.itcorsi', port=80): Max retries exceeded with url: /lm-18 (Caused by NewConnectionError('<urllib3.connection.HTTPConnection object at 0x7faf747cbdd8>: Failed to establish a new connection: [Errno -2] Name or service not known',))
HTTPConnectionPool(host='web.dmi.unict.itcorsi', port=80): Max retries exceeded with url: /lm-40 (Caused by NewConnectionError('<urllib3.connection.HTTPConnection object at 0x7faf747cbe48>: Failed to establish a new connection: [Errno -2] Name or service not known',))
HTTPConnectionPool(host='web.dmi.unict.itcorsi', port=80): Max retries exceeded with url: /l-31 (Caused by NewConnectionError('<urllib3.connection.HTTPConnection object at 0x7faf746d7320>: Failed to establish a new connection: [Errno -2] Name or service not known',))
HTTPConnectionPool(host='web.dmi.unict.itcorsi', port=80): Max retries exceeded with url: /l-35 (Caused by NewConnectionError('<urllib3.connection.HTTPConnection object at 0x7faf746d7128>: Failed to establish a new connection: [Errno -2] Name or service not known',))
HTTPConnectionPool(host='web.dmi.unict.itcorsi', port=80): Max retries exceeded with url: /lm-18 (Caused by NewConnectionError('<urllib3.connection.HTTPConnection object at 0x7faf746d7320>: Failed to establish a new connection: [Errno -2] Name or service not known',))
HTTPConnectionPool(host='web.dmi.unict.itcorsi', port=80): Max retries exceeded with url: /lm-40 (Caused by NewConnectionError('<urllib3.connection.HTTPConnection object at 0x7faf746dc320>: Failed to establish a new connection: [Errno -2] Name or service not known',))
HTTPConnectionPool(host='www.dieei.unict.itcorsi', port=80): Max retries exceeded with url: /l-8-ele (Caused by NewConnectionError('<urllib3.connection.HTTPConnection object at 0x7faf744c08d0>: Failed to establish a new connection: [Errno -2] Name or service not known',))
HTTPConnectionPool(host='www.dieei.unict.itcorsi', port=80): Max retries exceeded with url: /l-9 (Caused by NewConnectionError('<urllib3.connection.HTTPConnection object at 0x7faf744c00f0>: Failed to establish a new connection: [Errno -2] Name or service not known',))
HTTPConnectionPool(host='www.dieei.unict.itcorsi', port=80): Max retries exceeded with url: /l-8-inf (Caused by NewConnectionError('<urllib3.connection.HTTPConnection object at 0x7faf744c0828>: Failed to establish a new connection: [Errno -2] Name or service not known',))
HTTPConnectionPool(host='www.dieei.unict.itcorsi', port=80): Max retries exceeded with url: /lm-25 (Caused by NewConnectionError('<urllib3.connection.HTTPConnection object at 0x7faf744c0390>: Failed to establish a new connection: [Errno -2] Name or service not known',))
HTTPConnectionPool(host='www.dieei.unict.itcorsi', port=80): Max retries exceeded with url: /lm-28 (Caused by NewConnectionError('<urllib3.connection.HTTPConnection object at 0x7faf744c09e8>: Failed to establish a new connection: [Errno -2] Name or service not known',))
HTTPConnectionPool(host='www.dieei.unict.itcorsi', port=80): Max retries exceeded with url: /lm-29 (Caused by NewConnectionError('<urllib3.connection.HTTPConnection object at 0x7faf744c00b8>: Failed to establish a new connection: [Errno -2] Name or service not known',))
HTTPConnectionPool(host='www.dieei.unict.itcorsi', port=80): Max retries exceeded with url: /lm-27 (Caused by NewConnectionError('<urllib3.connection.HTTPConnection object at 0x7faf744c0160>: Failed to establish a new connection: [Errno -2] Name or service not known',))
HTTPConnectionPool(host='www.dieei.unict.itcorsi', port=80): Max retries exceeded with url: /lm-32 (Caused by NewConnectionError('<urllib3.connection.HTTPConnection object at 0x7faf744c00b8>: Failed to establish a new connection: [Errno -2] Name or service not known',))
HTTPConnectionPool(host='www.dieei.unict.itcorsi', port=80): Max retries exceeded with url: /l-8-ele (Caused by NewConnectionError('<urllib3.connection.HTTPConnection object at 0x7faf7cef7fd0>: Failed to establish a new connection: [Errno -2] Name or service not known',))
HTTPConnectionPool(host='www.dieei.unict.itcorsi', port=80): Max retries exceeded with url: /l-9 (Caused by NewConnectionError('<urllib3.connection.HTTPConnection object at 0x7faf7cef7ac8>: Failed to establish a new connection: [Errno -2] Name or service not known',))
HTTPConnectionPool(host='www.dieei.unict.itcorsi', port=80): Max retries exceeded with url: /l-8-inf (Caused by NewConnectionError('<urllib3.connection.HTTPConnection object at 0x7faf7cef73c8>: Failed to establish a new connection: [Errno -2] Name or service not known',))
HTTPConnectionPool(host='www.dieei.unict.itcorsi', port=80): Max retries exceeded with url: /lm-25 (Caused by NewConnectionError('<urllib3.connection.HTTPConnection object at 0x7faf7cef7dd8>: Failed to establish a new connection: [Errno -2] Name or service not known',))
HTTPConnectionPool(host='www.dieei.unict.itcorsi', port=80): Max retries exceeded with url: /lm-28 (Caused by NewConnectionError('<urllib3.connection.HTTPConnection object at 0x7faf7cef71d0>: Failed to establish a new connection: [Errno -2] Name or service not known',))
HTTPConnectionPool(host='www.dieei.unict.itcorsi', port=80): Max retries exceeded with url: /lm-29 (Caused by NewConnectionError('<urllib3.connection.HTTPConnection object at 0x7faf74579668>: Failed to establish a new connection: [Errno -2] Name or service not known',))
HTTPConnectionPool(host='www.dieei.unict.itcorsi', port=80): Max retries exceeded with url: /lm-27 (Caused by NewConnectionError('<urllib3.connection.HTTPConnection object at 0x7faf7cef7dd8>: Failed to establish a new connection: [Errno -2] Name or service not known',))
HTTPConnectionPool(host='www.dieei.unict.itcorsi', port=80): Max retries exceeded with url: /lm-32 (Caused by NewConnectionError('<urllib3.connection.HTTPConnection object at 0x7faf74579668>: Failed to establish a new connection: [Errno -2] Name or service not known',))
HTTPConnectionPool(host='web.dmi.unict.itcorsi', port=80): Max retries exceeded with url: /l-31 (Caused by NewConnectionError('<urllib3.connection.HTTPConnection object at 0x7f7f5bf4b128>: Failed to establish a new connection: [Errno -2] Name or service not known',))
HTTPConnectionPool(host='web.dmi.unict.itcorsi', port=80): Max retries exceeded with url: /l-35 (Caused by NewConnectionError('<urllib3.connection.HTTPConnection object at 0x7f7f5bf327f0>: Failed to establish a new connection: [Errno -2] Name or service not known',))
HTTPConnectionPool(host='web.dmi.unict.itcorsi', port=80): Max retries exceeded with url: /lm-18 (Caused by NewConnectionError('<urllib3.connection.HTTPConnection object at 0x7f7f5bf32a90>: Failed to establish a new connection: [Errno -2] Name or service not known',))
HTTPConnectionPool(host='web.dmi.unict.itcorsi', port=80): Max retries exceeded with url: /lm-40 (Caused by NewConnectionError('<urllib3.connection.HTTPConnection object at 0x7f7f5bf32c50>: Failed to establish a new connection: [Errno -2] Name or service not known',))
HTTPConnectionPool(host='web.dmi.unict.itcorsi', port=80): Max retries exceeded with url: /l-31 (Caused by NewConnectionError('<urllib3.connection.HTTPConnection object at 0x7f7f3b71c2e8>: Failed to establish a new connection: [Errno -2] Name or service not known',))
HTTPConnectionPool(host='web.dmi.unict.itcorsi', port=80): Max retries exceeded with url: /l-35 (Caused by NewConnectionError('<urllib3.connection.HTTPConnection object at 0x7f7f3b71c0f0>: Failed to establish a new connection: [Errno -2] Name or service not known',))
HTTPConnectionPool(host='web.dmi.unict.itcorsi', port=80): Max retries exceeded with url: /lm-18 (Caused by NewConnectionError('<urllib3.connection.HTTPConnection object at 0x7f7f3b71c0b8>: Failed to establish a new connection: [Errno -2] Name or service not known',))
HTTPConnectionPool(host='web.dmi.unict.itcorsi', port=80): Max retries exceeded with url: /lm-40 (Caused by NewConnectionError('<urllib3.connection.HTTPConnection object at 0x7f7f3b71c080>: Failed to establish a new connection: [Errno -2] Name or service not known',))
HTTPConnectionPool(host='www.dieei.unict.itcorsi', port=80): Max retries exceeded with url: /l-8-ele (Caused by NewConnectionError('<urllib3.connection.HTTPConnection object at 0x7f7f3b4f06d8>: Failed to establish a new connection: [Errno -2] Name or service not known',))
HTTPConnectionPool(host='www.dieei.unict.itcorsi', port=80): Max retries exceeded with url: /l-9 (Caused by NewConnectionError('<urllib3.connection.HTTPConnection object at 0x7f7f3b4f0cc0>: Failed to establish a new connection: [Errno -2] Name or service not known',))
HTTPConnectionPool(host='www.dieei.unict.itcorsi', port=80): Max retries exceeded with url: /l-8-inf (Caused by NewConnectionError('<urllib3.connection.HTTPConnection object at 0x7f7f3b4f0080>: Failed to establish a new connection: [Errno -2] Name or service not known',))
HTTPConnectionPool(host='www.dieei.unict.itcorsi', port=80): Max retries exceeded with url: /lm-25 (Caused by NewConnectionError('<urllib3.connection.HTTPConnection object at 0x7f7f3b4f0320>: Failed to establish a new connection: [Errno -2] Name or service not known',))
HTTPConnectionPool(host='www.dieei.unict.itcorsi', port=80): Max retries exceeded with url: /lm-28 (Caused by NewConnectionError('<urllib3.connection.HTTPConnection object at 0x7f7f3b4f0518>: Failed to establish a new connection: [Errno -2] Name or service not known',))
HTTPConnectionPool(host='www.dieei.unict.itcorsi', port=80): Max retries exceeded with url: /lm-29 (Caused by NewConnectionError('<urllib3.connection.HTTPConnection object at 0x7f7f3b4f05f8>: Failed to establish a new connection: [Errno -2] Name or service not known',))
HTTPConnectionPool(host='www.dieei.unict.itcorsi', port=80): Max retries exceeded with url: /lm-27 (Caused by NewConnectionError('<urllib3.connection.HTTPConnection object at 0x7f7f3b4f0ef0>: Failed to establish a new connection: [Errno -2] Name or service not known',))
HTTPConnectionPool(host='www.dieei.unict.itcorsi', port=80): Max retries exceeded with url: /lm-32 (Caused by NewConnectionError('<urllib3.connection.HTTPConnection object at 0x7f7f3b4f0320>: Failed to establish a new connection: [Errno -2] Name or service not known',))
HTTPConnectionPool(host='www.dieei.unict.itcorsi', port=80): Max retries exceeded with url: /l-8-ele (Caused by NewConnectionError('<urllib3.connection.HTTPConnection object at 0x7f7f3b5fe9b0>: Failed to establish a new connection: [Errno -2] Name or service not known',))
HTTPConnectionPool(host='www.dieei.unict.itcorsi', port=80): Max retries exceeded with url: /l-9 (Caused by NewConnectionError('<urllib3.connection.HTTPConnection object at 0x7f7f3b5fed30>: Failed to establish a new connection: [Errno -2] Name or service not known',))
HTTPConnectionPool(host='www.dieei.unict.itcorsi', port=80): Max retries exceeded with url: /l-8-inf (Caused by NewConnectionError('<urllib3.connection.HTTPConnection object at 0x7f7f3b5feac8>: Failed to establish a new connection: [Errno -2] Name or service not known',))
HTTPConnectionPool(host='www.dieei.unict.itcorsi', port=80): Max retries exceeded with url: /lm-25 (Caused by NewConnectionError('<urllib3.connection.HTTPConnection object at 0x7f7f3b5feba8>: Failed to establish a new connection: [Errno -2] Name or service not known',))
HTTPConnectionPool(host='www.dieei.unict.itcorsi', port=80): Max retries exceeded with url: /lm-28 (Caused by NewConnectionError('<urllib3.connection.HTTPConnection object at 0x7f7f3b5feeb8>: Failed to establish a new connection: [Errno -2] Name or service not known',))
HTTPConnectionPool(host='www.dieei.unict.itcorsi', port=80): Max retries exceeded with url: /lm-29 (Caused by NewConnectionError('<urllib3.connection.HTTPConnection object at 0x7f7f3b720a58>: Failed to establish a new connection: [Errno -2] Name or service not known',))
HTTPConnectionPool(host='www.dieei.unict.itcorsi', port=80): Max retries exceeded with url: /lm-27 (Caused by NewConnectionError('<urllib3.connection.HTTPConnection object at 0x7f7f3b5feba8>: Failed to establish a new connection: [Errno -2] Name or service not known',))
HTTPConnectionPool(host='www.dieei.unict.itcorsi', port=80): Max retries exceeded with url: /lm-32 (Caused by NewConnectionError('<urllib3.connection.HTTPConnection object at 0x7f7f3b720a58>: Failed to establish a new connection: [Errno -2] Name or service not known',))
HTTPConnectionPool(host='web.dmi.unict.itcorsi', port=80): Max retries exceeded with url: /l-31 (Caused by NewConnectionError('<urllib3.connection.HTTPConnection object at 0x7f3e80efe208>: Failed to establish a new connection: [Errno -2] Name or service not known',))
HTTPConnectionPool(host='web.dmi.unict.itcorsi', port=80): Max retries exceeded with url: /l-35 (Caused by NewConnectionError('<urllib3.connection.HTTPConnection object at 0x7f3e80efe4a8>: Failed to establish a new connection: [Errno -2] Name or service not known',))
HTTPConnectionPool(host='web.dmi.unict.itcorsi', port=80): Max retries exceeded with url: /lm-18 (Caused by NewConnectionError('<urllib3.connection.HTTPConnection object at 0x7f3e80ee5898>: Failed to establish a new connection: [Errno -2] Name or service not known',))
HTTPConnectionPool(host='web.dmi.unict.itcorsi', port=80): Max retries exceeded with url: /lm-40 (Caused by NewConnectionError('<urllib3.connection.HTTPConnection object at 0x7f3e80ee5860>: Failed to establish a new connection: [Errno -2] Name or service not known',))
HTTPConnectionPool(host='web.dmi.unict.itcorsi', port=80): Max retries exceeded with url: /l-31 (Caused by NewConnectionError('<urllib3.connection.HTTPConnection object at 0x7f3e786d62e8>: Failed to establish a new connection: [Errno -2] Name or service not known',))
HTTPConnectionPool(host='web.dmi.unict.itcorsi', port=80): Max retries exceeded with url: /l-35 (Caused by NewConnectionError('<urllib3.connection.HTTPConnection object at 0x7f3e786d60f0>: Failed to establish a new connection: [Errno -2] Name or service not known',))
HTTPConnectionPool(host='web.dmi.unict.itcorsi', port=80): Max retries exceeded with url: /lm-18 (Caused by NewConnectionError('<urllib3.connection.HTTPConnection object at 0x7f3e786d92e8>: Failed to establish a new connection: [Errno -2] Name or service not known',))
HTTPConnectionPool(host='web.dmi.unict.itcorsi', port=80): Max retries exceeded with url: /lm-40 (Caused by NewConnectionError('<urllib3.connection.HTTPConnection object at 0x7f3e786d90f0>: Failed to establish a new connection: [Errno -2] Name or service not known',))
HTTPConnectionPool(host='www.dieei.unict.itcorsi', port=80): Max retries exceeded with url: /l-8-ele (Caused by NewConnectionError('<urllib3.connection.HTTPConnection object at 0x7f3e7876cbe0>: Failed to establish a new connection: [Errno -2] Name or service not known',))
HTTPConnectionPool(host='www.dieei.unict.itcorsi', port=80): Max retries exceeded with url: /l-9 (Caused by NewConnectionError('<urllib3.connection.HTTPConnection object at 0x7f3e7876c940>: Failed to establish a new connection: [Errno -2] Name or service not known',))
HTTPConnectionPool(host='www.dieei.unict.itcorsi', port=80): Max retries exceeded with url: /l-8-inf (Caused by NewConnectionError('<urllib3.connection.HTTPConnection object at 0x7f3e7876c438>: Failed to establish a new connection: [Errno -2] Name or service not known',))
HTTPConnectionPool(host='www.dieei.unict.itcorsi', port=80): Max retries exceeded with url: /lm-25 (Caused by NewConnectionError('<urllib3.connection.HTTPConnection object at 0x7f3e7876c320>: Failed to establish a new connection: [Errno -2] Name or service not known',))
HTTPConnectionPool(host='www.dieei.unict.itcorsi', port=80): Max retries exceeded with url: /lm-28 (Caused by NewConnectionError('<urllib3.connection.HTTPConnection object at 0x7f3e7876c198>: Failed to establish a new connection: [Errno -2] Name or service not known',))
HTTPConnectionPool(host='www.dieei.unict.itcorsi', port=80): Max retries exceeded with url: /lm-29 (Caused by NewConnectionError('<urllib3.connection.HTTPConnection object at 0x7f3e784e4eb8>: Failed to establish a new connection: [Errno -2] Name or service not known',))
HTTPConnectionPool(host='www.dieei.unict.itcorsi', port=80): Max retries exceeded with url: /lm-27 (Caused by NewConnectionError('<urllib3.connection.HTTPConnection object at 0x7f3e7876c2e8>: Failed to establish a new connection: [Errno -2] Name or service not known',))
HTTPConnectionPool(host='www.dieei.unict.itcorsi', port=80): Max retries exceeded with url: /lm-32 (Caused by NewConnectionError('<urllib3.connection.HTTPConnection object at 0x7f3e7876ca20>: Failed to establish a new connection: [Errno -2] Name or service not known',))
HTTPConnectionPool(host='www.dieei.unict.itcorsi', port=80): Max retries exceeded with url: /l-8-ele (Caused by NewConnectionError('<urllib3.connection.HTTPConnection object at 0x7f3e784cf400>: Failed to establish a new connection: [Errno -2] Name or service not known',))
HTTPConnectionPool(host='www.dieei.unict.itcorsi', port=80): Max retries exceeded with url: /l-9 (Caused by NewConnectionError('<urllib3.connection.HTTPConnection object at 0x7f3e784cf358>: Failed to establish a new connection: [Errno -2] Name or service not known',))
HTTPConnectionPool(host='www.dieei.unict.itcorsi', port=80): Max retries exceeded with url: /l-8-inf (Caused by NewConnectionError('<urllib3.connection.HTTPConnection object at 0x7f3e784cf358>: Failed to establish a new connection: [Errno -2] Name or service not known',))
HTTPConnectionPool(host='www.dieei.unict.itcorsi', port=80): Max retries exceeded with url: /lm-25 (Caused by NewConnectionError('<urllib3.connection.HTTPConnection object at 0x7f3e784cf2e8>: Failed to establish a new connection: [Errno -2] Name or service not known',))
HTTPConnectionPool(host='www.dieei.unict.itcorsi', port=80): Max retries exceeded with url: /lm-28 (Caused by NewConnectionError('<urllib3.connection.HTTPConnection object at 0x7f3e784cf160>: Failed to establish a new connection: [Errno -2] Name or service not known',))
HTTPConnectionPool(host='www.dieei.unict.itcorsi', port=80): Max retries exceeded with url: /lm-29 (Caused by NewConnectionError('<urllib3.connection.HTTPConnection object at 0x7f3e78557710>: Failed to establish a new connection: [Errno -2] Name or service not known',))
HTTPConnectionPool(host='www.dieei.unict.itcorsi', port=80): Max retries exceeded with url: /lm-27 (Caused by NewConnectionError('<urllib3.connection.HTTPConnection object at 0x7f3e784cf2e8>: Failed to establish a new connection: [Errno -2] Name or service not known',))
HTTPConnectionPool(host='www.dieei.unict.itcorsi', port=80): Max retries exceeded with url: /lm-32 (Caused by NewConnectionError('<urllib3.connection.HTTPConnection object at 0x7f3e784cf358>: Failed to establish a new connection: [Errno -2] Name or service not known',))
HTTPConnectionPool(host='web.dmi.unict.itcorsi', port=80): Max retries exceeded with url: /l-31 (Caused by NewConnectionError('<urllib3.connection.HTTPConnection object at 0x7f224c365a90>: Failed to establish a new connection: [Errno -2] Name or service not known',))
HTTPConnectionPool(host='web.dmi.unict.itcorsi', port=80): Max retries exceeded with url: /l-35 (Caused by NewConnectionError('<urllib3.connection.HTTPConnection object at 0x7f224c365dd8>: Failed to establish a new connection: [Errno -2] Name or service not known',))
HTTPConnectionPool(host='web.dmi.unict.itcorsi', port=80): Max retries exceeded with url: /lm-18 (Caused by NewConnectionError('<urllib3.connection.HTTPConnection object at 0x7f224c3659e8>: Failed to establish a new connection: [Errno -2] Name or service not known',))
HTTPConnectionPool(host='web.dmi.unict.itcorsi', port=80): Max retries exceeded with url: /lm-40 (Caused by NewConnectionError('<urllib3.connection.HTTPConnection object at 0x7f224c365cf8>: Failed to establish a new connection: [Errno -2] Name or service not known',))
HTTPConnectionPool(host='web.dmi.unict.itcorsi', port=80): Max retries exceeded with url: /l-31 (Caused by NewConnectionError('<urllib3.connection.HTTPConnection object at 0x7f224c2712e8>: Failed to establish a new connection: [Errno -2] Name or service not known',))
HTTPConnectionPool(host='web.dmi.unict.itcorsi', port=80): Max retries exceeded with url: /l-35 (Caused by NewConnectionError('<urllib3.connection.HTTPConnection object at 0x7f224c2710f0>: Failed to establish a new connection: [Errno -2] Name or service not known',))
HTTPConnectionPool(host='web.dmi.unict.itcorsi', port=80): Max retries exceeded with url: /lm-18 (Caused by NewConnectionError('<urllib3.connection.HTTPConnection object at 0x7f224c2742e8>: Failed to establish a new connection: [Errno -2] Name or service not known',))
HTTPConnectionPool(host='web.dmi.unict.itcorsi', port=80): Max retries exceeded with url: /lm-40 (Caused by NewConnectionError('<urllib3.connection.HTTPConnection object at 0x7f224c2742e8>: Failed to establish a new connection: [Errno -2] Name or service not known',))
HTTPConnectionPool(host='www.dieei.unict.itcorsi', port=80): Max retries exceeded with url: /l-8-ele (Caused by NewConnectionError('<urllib3.connection.HTTPConnection object at 0x7f224c065a20>: Failed to establish a new connection: [Errno -2] Name or service not known',))
HTTPConnectionPool(host='www.dieei.unict.itcorsi', port=80): Max retries exceeded with url: /l-9 (Caused by NewConnectionError('<urllib3.connection.HTTPConnection object at 0x7f224c0650f0>: Failed to establish a new connection: [Errno -2] Name or service not known',))
HTTPConnectionPool(host='www.dieei.unict.itcorsi', port=80): Max retries exceeded with url: /l-8-inf (Caused by NewConnectionError('<urllib3.connection.HTTPConnection object at 0x7f224c065b70>: Failed to establish a new connection: [Errno -2] Name or service not known',))
HTTPConnectionPool(host='www.dieei.unict.itcorsi', port=80): Max retries exceeded with url: /lm-25 (Caused by NewConnectionError('<urllib3.connection.HTTPConnection object at 0x7f224c0655c0>: Failed to establish a new connection: [Errno -2] Name or service not known',))
HTTPConnectionPool(host='www.dieei.unict.itcorsi', port=80): Max retries exceeded with url: /lm-28 (Caused by NewConnectionError('<urllib3.connection.HTTPConnection object at 0x7f224c0650f0>: Failed to establish a new connection: [Errno -2] Name or service not known',))
HTTPConnectionPool(host='www.dieei.unict.itcorsi', port=80): Max retries exceeded with url: /lm-29 (Caused by NewConnectionError('<urllib3.connection.HTTPConnection object at 0x7f224c065b70>: Failed to establish a new connection: [Errno -2] Name or service not known',))
HTTPConnectionPool(host='www.dieei.unict.itcorsi', port=80): Max retries exceeded with url: /lm-27 (Caused by NewConnectionError('<urllib3.connection.HTTPConnection object at 0x7f224c0655c0>: Failed to establish a new connection: [Errno -2] Name or service not known',))
HTTPConnectionPool(host='www.dieei.unict.itcorsi', port=80): Max retries exceeded with url: /lm-32 (Caused by NewConnectionError('<urllib3.connection.HTTPConnection object at 0x7f224c065b70>: Failed to establish a new connection: [Errno -2] Name or service not known',))
HTTPConnectionPool(host='www.dieei.unict.itcorsi', port=80): Max retries exceeded with url: /l-8-ele (Caused by NewConnectionError('<urllib3.connection.HTTPConnection object at 0x7f224c1c0400>: Failed to establish a new connection: [Errno -2] Name or service not known',))
HTTPConnectionPool(host='www.dieei.unict.itcorsi', port=80): Max retries exceeded with url: /l-9 (Caused by NewConnectionError('<urllib3.connection.HTTPConnection object at 0x7f224c1c02e8>: Failed to establish a new connection: [Errno -2] Name or service not known',))
HTTPConnectionPool(host='www.dieei.unict.itcorsi', port=80): Max retries exceeded with url: /l-8-inf (Caused by NewConnectionError('<urllib3.connection.HTTPConnection object at 0x7f224c1c0588>: Failed to establish a new connection: [Errno -2] Name or service not known',))
HTTPConnectionPool(host='www.dieei.unict.itcorsi', port=80): Max retries exceeded with url: /lm-25 (Caused by NewConnectionError('<urllib3.connection.HTTPConnection object at 0x7f224c1c0518>: Failed to establish a new connection: [Errno -2] Name or service not known',))
HTTPConnectionPool(host='www.dieei.unict.itcorsi', port=80): Max retries exceeded with url: /lm-28 (Caused by NewConnectionError('<urllib3.connection.HTTPConnection object at 0x7f224c1c02e8>: Failed to establish a new connection: [Errno -2] Name or service not known',))
HTTPConnectionPool(host='www.dieei.unict.itcorsi', port=80): Max retries exceeded with url: /lm-29 (Caused by NewConnectionError('<urllib3.connection.HTTPConnection object at 0x7f224c1c03c8>: Failed to establish a new connection: [Errno -2] Name or service not known',))
HTTPConnectionPool(host='www.dieei.unict.itcorsi', port=80): Max retries exceeded with url: /lm-27 (Caused by NewConnectionError('<urllib3.connection.HTTPConnection object at 0x7f224c1c0470>: Failed to establish a new connection: [Errno -2] Name or service not known',))
HTTPConnectionPool(host='www.dieei.unict.itcorsi', port=80): Max retries exceeded with url: /lm-32 (Caused by NewConnectionError('<urllib3.connection.HTTPConnection object at 0x7f224c1c03c8>: Failed to establish a new connection: [Errno -2] Name or service not known',))
HTTPConnectionPool(host='web.dmi.unict.itcorsi', port=80): Max retries exceeded with url: /l-31 (Caused by NewConnectionError('<urllib3.connection.HTTPConnection object at 0x7f40002f0a90>: Failed to establish a new connection: [Errno -2] Name or service not known',))
HTTPConnectionPool(host='web.dmi.unict.itcorsi', port=80): Max retries exceeded with url: /l-35 (Caused by NewConnectionError('<urllib3.connection.HTTPConnection object at 0x7f40002f0dd8>: Failed to establish a new connection: [Errno -2] Name or service not known',))
HTTPConnectionPool(host='web.dmi.unict.itcorsi', port=80): Max retries exceeded with url: /lm-18 (Caused by NewConnectionError('<urllib3.connection.HTTPConnection object at 0x7f40002f09e8>: Failed to establish a new connection: [Errno -2] Name or service not known',))
HTTPConnectionPool(host='web.dmi.unict.itcorsi', port=80): Max retries exceeded with url: /lm-40 (Caused by NewConnectionError('<urllib3.connection.HTTPConnection object at 0x7f40002f0cf8>: Failed to establish a new connection: [Errno -2] Name or service not known',))
HTTPConnectionPool(host='web.dmi.unict.itcorsi', port=80): Max retries exceeded with url: /l-31 (Caused by NewConnectionError('<urllib3.connection.HTTPConnection object at 0x7f40001fc320>: Failed to establish a new connection: [Errno -2] Name or service not known',))
HTTPConnectionPool(host='web.dmi.unict.itcorsi', port=80): Max retries exceeded with url: /l-35 (Caused by NewConnectionError('<urllib3.connection.HTTPConnection object at 0x7f40001fc128>: Failed to establish a new connection: [Errno -2] Name or service not known',))
HTTPConnectionPool(host='web.dmi.unict.itcorsi', port=80): Max retries exceeded with url: /lm-18 (Caused by NewConnectionError('<urllib3.connection.HTTPConnection object at 0x7f40001ff320>: Failed to establish a new connection: [Errno -2] Name or service not known',))
HTTPConnectionPool(host='web.dmi.unict.itcorsi', port=80): Max retries exceeded with url: /lm-40 (Caused by NewConnectionError('<urllib3.connection.HTTPConnection object at 0x7f40001ff128>: Failed to establish a new connection: [Errno -2] Name or service not known',))
HTTPConnectionPool(host='www.dieei.unict.itcorsi', port=80): Max retries exceeded with url: /l-8-ele (Caused by NewConnectionError('<urllib3.connection.HTTPConnection object at 0x7f40029eb0b8>: Failed to establish a new connection: [Errno -2] Name or service not known',))
HTTPConnectionPool(host='www.dieei.unict.itcorsi', port=80): Max retries exceeded with url: /l-9 (Caused by NewConnectionError('<urllib3.connection.HTTPConnection object at 0x7f40029ebb70>: Failed to establish a new connection: [Errno -2] Name or service not known',))
HTTPConnectionPool(host='www.dieei.unict.itcorsi', port=80): Max retries exceeded with url: /l-8-inf (Caused by NewConnectionError('<urllib3.connection.HTTPConnection object at 0x7f40029ebe10>: Failed to establish a new connection: [Errno -2] Name or service not known',))
HTTPConnectionPool(host='www.dieei.unict.itcorsi', port=80): Max retries exceeded with url: /lm-25 (Caused by NewConnectionError('<urllib3.connection.HTTPConnection object at 0x7f40029ebe80>: Failed to establish a new connection: [Errno -2] Name or service not known',))
HTTPConnectionPool(host='www.dieei.unict.itcorsi', port=80): Max retries exceeded with url: /lm-28 (Caused by NewConnectionError('<urllib3.connection.HTTPConnection object at 0x7f40029ebe10>: Failed to establish a new connection: [Errno -2] Name or service not known',))
HTTPConnectionPool(host='www.dieei.unict.itcorsi', port=80): Max retries exceeded with url: /lm-29 (Caused by NewConnectionError('<urllib3.connection.HTTPConnection object at 0x7f40029ebb70>: Failed to establish a new connection: [Errno -2] Name or service not known',))
HTTPConnectionPool(host='www.dieei.unict.itcorsi', port=80): Max retries exceeded with url: /lm-27 (Caused by NewConnectionError('<urllib3.connection.HTTPConnection object at 0x7f40029ebe80>: Failed to establish a new connection: [Errno -2] Name or service not known',))
HTTPConnectionPool(host='www.dieei.unict.itcorsi', port=80): Max retries exceeded with url: /lm-32 (Caused by NewConnectionError('<urllib3.connection.HTTPConnection object at 0x7f40029ebb70>: Failed to establish a new connection: [Errno -2] Name or service not known',))
HTTPConnectionPool(host='www.dieei.unict.itcorsi', port=80): Max retries exceeded with url: /l-8-ele (Caused by NewConnectionError('<urllib3.connection.HTTPConnection object at 0x7f40002a63c8>: Failed to establish a new connection: [Errno -2] Name or service not known',))
HTTPConnectionPool(host='www.dieei.unict.itcorsi', port=80): Max retries exceeded with url: /l-9 (Caused by NewConnectionError('<urllib3.connection.HTTPConnection object at 0x7f40002a64a8>: Failed to establish a new connection: [Errno -2] Name or service not known',))
HTTPConnectionPool(host='www.dieei.unict.itcorsi', port=80): Max retries exceeded with url: /l-8-inf (Caused by NewConnectionError('<urllib3.connection.HTTPConnection object at 0x7f40002a6390>: Failed to establish a new connection: [Errno -2] Name or service not known',))
HTTPConnectionPool(host='www.dieei.unict.itcorsi', port=80): Max retries exceeded with url: /lm-25 (Caused by NewConnectionError('<urllib3.connection.HTTPConnection object at 0x7f40002a64a8>: Failed to establish a new connection: [Errno -2] Name or service not known',))
HTTPConnectionPool(host='www.dieei.unict.itcorsi', port=80): Max retries exceeded with url: /lm-28 (Caused by NewConnectionError('<urllib3.connection.HTTPConnection object at 0x7f40002a63c8>: Failed to establish a new connection: [Errno -2] Name or service not known',))
HTTPConnectionPool(host='www.dieei.unict.itcorsi', port=80): Max retries exceeded with url: /lm-29 (Caused by NewConnectionError('<urllib3.connection.HTTPConnection object at 0x7f40001f4908>: Failed to establish a new connection: [Errno -2] Name or service not known',))
HTTPConnectionPool(host='www.dieei.unict.itcorsi', port=80): Max retries exceeded with url: /lm-27 (Caused by NewConnectionError('<urllib3.connection.HTTPConnection object at 0x7f40001f46d8>: Failed to establish a new connection: [Errno -2] Name or service not known',))
HTTPConnectionPool(host='www.dieei.unict.itcorsi', port=80): Max retries exceeded with url: /lm-32 (Caused by NewConnectionError('<urllib3.connection.HTTPConnection object at 0x7f40002a61d0>: Failed to establish a new connection: [Errno -2] Name or service not known',))
HTTPConnectionPool(host='web.dmi.unict.itcorsi', port=80): Max retries exceeded with url: /l-31 (Caused by NewConnectionError('<urllib3.connection.HTTPConnection object at 0x7f9b33d4a4a8>: Failed to establish a new connection: [Errno -2] Name or service not known',))
HTTPConnectionPool(host='web.dmi.unict.itcorsi', port=80): Max retries exceeded with url: /l-35 (Caused by NewConnectionError('<urllib3.connection.HTTPConnection object at 0x7f9b33d4a2b0>: Failed to establish a new connection: [Errno -2] Name or service not known',))
HTTPConnectionPool(host='web.dmi.unict.itcorsi', port=80): Max retries exceeded with url: /lm-18 (Caused by NewConnectionError('<urllib3.connection.HTTPConnection object at 0x7f9b33d31898>: Failed to establish a new connection: [Errno -2] Name or service not known',))
HTTPConnectionPool(host='web.dmi.unict.itcorsi', port=80): Max retries exceeded with url: /lm-40 (Caused by NewConnectionError('<urllib3.connection.HTTPConnection object at 0x7f9b33d31198>: Failed to establish a new connection: [Errno -2] Name or service not known',))
HTTPConnectionPool(host='web.dmi.unict.itcorsi', port=80): Max retries exceeded with url: /l-31 (Caused by NewConnectionError('<urllib3.connection.HTTPConnection object at 0x7f9b305432b0>: Failed to establish a new connection: [Errno -2] Name or service not known',))
HTTPConnectionPool(host='web.dmi.unict.itcorsi', port=80): Max retries exceeded with url: /l-35 (Caused by NewConnectionError('<urllib3.connection.HTTPConnection object at 0x7f9b305430b8>: Failed to establish a new connection: [Errno -2] Name or service not known',))
HTTPConnectionPool(host='web.dmi.unict.itcorsi', port=80): Max retries exceeded with url: /lm-18 (Caused by NewConnectionError('<urllib3.connection.HTTPConnection object at 0x7f9b305462b0>: Failed to establish a new connection: [Errno -2] Name or service not known',))
HTTPConnectionPool(host='web.dmi.unict.itcorsi', port=80): Max retries exceeded with url: /lm-40 (Caused by NewConnectionError('<urllib3.connection.HTTPConnection object at 0x7f9b305460b8>: Failed to establish a new connection: [Errno -2] Name or service not known',))
HTTPConnectionPool(host='www.dieei.unict.itcorsi', port=80): Max retries exceeded with url: /l-8-ele (Caused by NewConnectionError('<urllib3.connection.HTTPConnection object at 0x7f9b302b0358>: Failed to establish a new connection: [Errno -2] Name or service not known',))
HTTPConnectionPool(host='www.dieei.unict.itcorsi', port=80): Max retries exceeded with url: /l-9 (Caused by NewConnectionError('<urllib3.connection.HTTPConnection object at 0x7f9b302b0fd0>: Failed to establish a new connection: [Errno -2] Name or service not known',))
HTTPConnectionPool(host='www.dieei.unict.itcorsi', port=80): Max retries exceeded with url: /l-8-inf (Caused by NewConnectionError('<urllib3.connection.HTTPConnection object at 0x7f9b302b09b0>: Failed to establish a new connection: [Errno -2] Name or service not known',))
HTTPConnectionPool(host='www.dieei.unict.itcorsi', port=80): Max retries exceeded with url: /lm-25 (Caused by NewConnectionError('<urllib3.connection.HTTPConnection object at 0x7f9b302b0550>: Failed to establish a new connection: [Errno -2] Name or service not known',))
HTTPConnectionPool(host='www.dieei.unict.itcorsi', port=80): Max retries exceeded with url: /lm-28 (Caused by NewConnectionError('<urllib3.connection.HTTPConnection object at 0x7f9b302b0fd0>: Failed to establish a new connection: [Errno -2] Name or service not known',))
HTTPConnectionPool(host='www.dieei.unict.itcorsi', port=80): Max retries exceeded with url: /lm-29 (Caused by NewConnectionError('<urllib3.connection.HTTPConnection object at 0x7f9b302b09b0>: Failed to establish a new connection: [Errno -2] Name or service not known',))
HTTPConnectionPool(host='www.dieei.unict.itcorsi', port=80): Max retries exceeded with url: /lm-27 (Caused by NewConnectionError('<urllib3.connection.HTTPConnection object at 0x7f9b302b0fd0>: Failed to establish a new connection: [Errno -2] Name or service not known',))
HTTPConnectionPool(host='www.dieei.unict.itcorsi', port=80): Max retries exceeded with url: /lm-32 (Caused by NewConnectionError('<urllib3.connection.HTTPConnection object at 0x7f9b302b0710>: Failed to establish a new connection: [Errno -2] Name or service not known',))
HTTPConnectionPool(host='www.dieei.unict.itcorsi', port=80): Max retries exceeded with url: /l-8-ele (Caused by NewConnectionError('<urllib3.connection.HTTPConnection object at 0x7f9b302a4550>: Failed to establish a new connection: [Errno -2] Name or service not known',))
HTTPConnectionPool(host='www.dieei.unict.itcorsi', port=80): Max retries exceeded with url: /l-9 (Caused by NewConnectionError('<urllib3.connection.HTTPConnection object at 0x7f9b302a44e0>: Failed to establish a new connection: [Errno -2] Name or service not known',))
HTTPConnectionPool(host='www.dieei.unict.itcorsi', port=80): Max retries exceeded with url: /l-8-inf (Caused by NewConnectionError('<urllib3.connection.HTTPConnection object at 0x7f9b302a45f8>: Failed to establish a new connection: [Errno -2] Name or service not known',))
HTTPConnectionPool(host='www.dieei.unict.itcorsi', port=80): Max retries exceeded with url: /lm-25 (Caused by NewConnectionError('<urllib3.connection.HTTPConnection object at 0x7f9b302a45c0>: Failed to establish a new connection: [Errno -2] Name or service not known',))
HTTPConnectionPool(host='www.dieei.unict.itcorsi', port=80): Max retries exceeded with url: /lm-28 (Caused by NewConnectionError('<urllib3.connection.HTTPConnection object at 0x7f9b302a44e0>: Failed to establish a new connection: [Errno -2] Name or service not known',))
HTTPConnectionPool(host='www.dieei.unict.itcorsi', port=80): Max retries exceeded with url: /lm-29 (Caused by NewConnectionError('<urllib3.connection.HTTPConnection object at 0x7f9b303fe550>: Failed to establish a new connection: [Errno -2] Name or service not known',))
HTTPConnectionPool(host='www.dieei.unict.itcorsi', port=80): Max retries exceeded with url: /lm-27 (Caused by NewConnectionError('<urllib3.connection.HTTPConnection object at 0x7f9b302a44e0>: Failed to establish a new connection: [Errno -2] Name or service not known',))
HTTPConnectionPool(host='www.dieei.unict.itcorsi', port=80): Max retries exceeded with url: /lm-32 (Caused by NewConnectionError('<urllib3.connection.HTTPConnection object at 0x7f9b303fea58>: Failed to establish a new connection: [Errno -2] Name or service not known',))
HTTPConnectionPool(host='web.dmi.unict.itcorsi', port=80): Max retries exceeded with url: /l-31 (Caused by NewConnectionError('<urllib3.connection.HTTPConnection object at 0x7fdbe064aa90>: Failed to establish a new connection: [Errno -2] Name or service not known',))
HTTPConnectionPool(host='web.dmi.unict.itcorsi', port=80): Max retries exceeded with url: /l-35 (Caused by NewConnectionError('<urllib3.connection.HTTPConnection object at 0x7fdbe064add8>: Failed to establish a new connection: [Errno -2] Name or service not known',))
HTTPConnectionPool(host='web.dmi.unict.itcorsi', port=80): Max retries exceeded with url: /lm-18 (Caused by NewConnectionError('<urllib3.connection.HTTPConnection object at 0x7fdbe064a9e8>: Failed to establish a new connection: [Errno -2] Name or service not known',))
HTTPConnectionPool(host='web.dmi.unict.itcorsi', port=80): Max retries exceeded with url: /lm-40 (Caused by NewConnectionError('<urllib3.connection.HTTPConnection object at 0x7fdbe064acf8>: Failed to establish a new connection: [Errno -2] Name or service not known',))
HTTPConnectionPool(host='web.dmi.unict.itcorsi', port=80): Max retries exceeded with url: /l-31 (Caused by NewConnectionError('<urllib3.connection.HTTPConnection object at 0x7fdbe05572e8>: Failed to establish a new connection: [Errno -2] Name or service not known',))
HTTPConnectionPool(host='web.dmi.unict.itcorsi', port=80): Max retries exceeded with url: /l-35 (Caused by NewConnectionError('<urllib3.connection.HTTPConnection object at 0x7fdbe05570f0>: Failed to establish a new connection: [Errno -2] Name or service not known',))
HTTPConnectionPool(host='web.dmi.unict.itcorsi', port=80): Max retries exceeded with url: /lm-18 (Caused by NewConnectionError('<urllib3.connection.HTTPConnection object at 0x7fdbe055a2e8>: Failed to establish a new connection: [Errno -2] Name or service not known',))
HTTPConnectionPool(host='web.dmi.unict.itcorsi', port=80): Max retries exceeded with url: /lm-40 (Caused by NewConnectionError('<urllib3.connection.HTTPConnection object at 0x7fdbe055a0f0>: Failed to establish a new connection: [Errno -2] Name or service not known',))
HTTPConnectionPool(host='www.dieei.unict.itcorsi', port=80): Max retries exceeded with url: /l-8-ele (Caused by NewConnectionError('<urllib3.connection.HTTPConnection object at 0x7fdbe0600860>: Failed to establish a new connection: [Errno -2] Name or service not known',))
HTTPConnectionPool(host='www.dieei.unict.itcorsi', port=80): Max retries exceeded with url: /l-9 (Caused by NewConnectionError('<urllib3.connection.HTTPConnection object at 0x7fdbe0600080>: Failed to establish a new connection: [Errno -2] Name or service not known',))
HTTPConnectionPool(host='www.dieei.unict.itcorsi', port=80): Max retries exceeded with url: /l-8-inf (Caused by NewConnectionError('<urllib3.connection.HTTPConnection object at 0x7fdbe0600a90>: Failed to establish a new connection: [Errno -2] Name or service not known',))
HTTPConnectionPool(host='www.dieei.unict.itcorsi', port=80): Max retries exceeded with url: /lm-25 (Caused by NewConnectionError('<urllib3.connection.HTTPConnection object at 0x7fdbe0600160>: Failed to establish a new connection: [Errno -2] Name or service not known',))
HTTPConnectionPool(host='www.dieei.unict.itcorsi', port=80): Max retries exceeded with url: /lm-28 (Caused by NewConnectionError('<urllib3.connection.HTTPConnection object at 0x7fdbe0600978>: Failed to establish a new connection: [Errno -2] Name or service not known',))
HTTPConnectionPool(host='www.dieei.unict.itcorsi', port=80): Max retries exceeded with url: /lm-29 (Caused by NewConnectionError('<urllib3.connection.HTTPConnection object at 0x7fdbe06000b8>: Failed to establish a new connection: [Errno -2] Name or service not known',))
HTTPConnectionPool(host='www.dieei.unict.itcorsi', port=80): Max retries exceeded with url: /lm-27 (Caused by NewConnectionError('<urllib3.connection.HTTPConnection object at 0x7fdbe0600208>: Failed to establish a new connection: [Errno -2] Name or service not known',))
HTTPConnectionPool(host='www.dieei.unict.itcorsi', port=80): Max retries exceeded with url: /lm-32 (Caused by NewConnectionError('<urllib3.connection.HTTPConnection object at 0x7fdbe06000b8>: Failed to establish a new connection: [Errno -2] Name or service not known',))
HTTPConnectionPool(host='www.dieei.unict.itcorsi', port=80): Max retries exceeded with url: /l-8-ele (Caused by NewConnectionError('<urllib3.connection.HTTPConnection object at 0x7fdbe0360438>: Failed to establish a new connection: [Errno -2] Name or service not known',))
HTTPConnectionPool(host='www.dieei.unict.itcorsi', port=80): Max retries exceeded with url: /l-9 (Caused by NewConnectionError('<urllib3.connection.HTTPConnection object at 0x7fdbe0360390>: Failed to establish a new connection: [Errno -2] Name or service not known',))
HTTPConnectionPool(host='www.dieei.unict.itcorsi', port=80): Max retries exceeded with url: /l-8-inf (Caused by NewConnectionError('<urllib3.connection.HTTPConnection object at 0x7fdbe03603c8>: Failed to establish a new connection: [Errno -2] Name or service not known',))
HTTPConnectionPool(host='www.dieei.unict.itcorsi', port=80): Max retries exceeded with url: /lm-25 (Caused by NewConnectionError('<urllib3.connection.HTTPConnection object at 0x7fdbe0360390>: Failed to establish a new connection: [Errno -2] Name or service not known',))
HTTPConnectionPool(host='www.dieei.unict.itcorsi', port=80): Max retries exceeded with url: /lm-28 (Caused by NewConnectionError('<urllib3.connection.HTTPConnection object at 0x7fdbe0360198>: Failed to establish a new connection: [Errno -2] Name or service not known',))
HTTPConnectionPool(host='www.dieei.unict.itcorsi', port=80): Max retries exceeded with url: /lm-29 (Caused by NewConnectionError('<urllib3.connection.HTTPConnection object at 0x7fdbe063d828>: Failed to establish a new connection: [Errno -2] Name or service not known',))
HTTPConnectionPool(host='www.dieei.unict.itcorsi', port=80): Max retries exceeded with url: /lm-27 (Caused by NewConnectionError('<urllib3.connection.HTTPConnection object at 0x7fdbe0360198>: Failed to establish a new connection: [Errno -2] Name or service not known',))
HTTPConnectionPool(host='www.dieei.unict.itcorsi', port=80): Max retries exceeded with url: /lm-32 (Caused by NewConnectionError('<urllib3.connection.HTTPConnection object at 0x7fdbe0360390>: Failed to establish a new connection: [Errno -2] Name or service not known',))
HTTPConnectionPool(host='web.dmi.unict.itcorsi', port=80): Max retries exceeded with url: /l-31 (Caused by NewConnectionError('<urllib3.connection.HTTPConnection object at 0x7fc4c80d6a90>: Failed to establish a new connection: [Errno -2] Name or service not known',))
HTTPConnectionPool(host='web.dmi.unict.itcorsi', port=80): Max retries exceeded with url: /l-35 (Caused by NewConnectionError('<urllib3.connection.HTTPConnection object at 0x7fc4c80d6dd8>: Failed to establish a new connection: [Errno -2] Name or service not known',))
HTTPConnectionPool(host='web.dmi.unict.itcorsi', port=80): Max retries exceeded with url: /lm-18 (Caused by NewConnectionError('<urllib3.connection.HTTPConnection object at 0x7fc4c80d69e8>: Failed to establish a new connection: [Errno -2] Name or service not known',))
HTTPConnectionPool(host='web.dmi.unict.itcorsi', port=80): Max retries exceeded with url: /lm-40 (Caused by NewConnectionError('<urllib3.connection.HTTPConnection object at 0x7fc4c80d6cf8>: Failed to establish a new connection: [Errno -2] Name or service not known',))
HTTPConnectionPool(host='web.dmi.unict.itcorsi', port=80): Max retries exceeded with url: /l-31 (Caused by NewConnectionError('<urllib3.connection.HTTPConnection object at 0x7fc4b97d72e8>: Failed to establish a new connection: [Errno -2] Name or service not known',))
HTTPConnectionPool(host='web.dmi.unict.itcorsi', port=80): Max retries exceeded with url: /l-35 (Caused by NewConnectionError('<urllib3.connection.HTTPConnection object at 0x7fc4b97d70f0>: Failed to establish a new connection: [Errno -2] Name or service not known',))
HTTPConnectionPool(host='web.dmi.unict.itcorsi', port=80): Max retries exceeded with url: /lm-18 (Caused by NewConnectionError('<urllib3.connection.HTTPConnection object at 0x7fc4b97da2e8>: Failed to establish a new connection: [Errno -2] Name or service not known',))
HTTPConnectionPool(host='web.dmi.unict.itcorsi', port=80): Max retries exceeded with url: /lm-40 (Caused by NewConnectionError('<urllib3.connection.HTTPConnection object at 0x7fc4b97da2e8>: Failed to establish a new connection: [Errno -2] Name or service not known',))
HTTPConnectionPool(host='www.dieei.unict.itcorsi', port=80): Max retries exceeded with url: /l-8-ele (Caused by NewConnectionError('<urllib3.connection.HTTPConnection object at 0x7fc4b97f5908>: Failed to establish a new connection: [Errno -2] Name or service not known',))
HTTPConnectionPool(host='www.dieei.unict.itcorsi', port=80): Max retries exceeded with url: /l-9 (Caused by NewConnectionError('<urllib3.connection.HTTPConnection object at 0x7fc4b97f5780>: Failed to establish a new connection: [Errno -2] Name or service not known',))
HTTPConnectionPool(host='www.dieei.unict.itcorsi', port=80): Max retries exceeded with url: /l-8-inf (Caused by NewConnectionError('<urllib3.connection.HTTPConnection object at 0x7fc4b97f5710>: Failed to establish a new connection: [Errno -2] Name or service not known',))
HTTPConnectionPool(host='www.dieei.unict.itcorsi', port=80): Max retries exceeded with url: /lm-25 (Caused by NewConnectionError('<urllib3.connection.HTTPConnection object at 0x7fc4b97f5c88>: Failed to establish a new connection: [Errno -2] Name or service not known',))
HTTPConnectionPool(host='www.dieei.unict.itcorsi', port=80): Max retries exceeded with url: /lm-28 (Caused by NewConnectionError('<urllib3.connection.HTTPConnection object at 0x7fc4b97f5780>: Failed to establish a new connection: [Errno -2] Name or service not known',))
HTTPConnectionPool(host='www.dieei.unict.itcorsi', port=80): Max retries exceeded with url: /lm-29 (Caused by NewConnectionError('<urllib3.connection.HTTPConnection object at 0x7fc4b97f5710>: Failed to establish a new connection: [Errno -2] Name or service not known',))
HTTPConnectionPool(host='www.dieei.unict.itcorsi', port=80): Max retries exceeded with url: /lm-27 (Caused by NewConnectionError('<urllib3.connection.HTTPConnection object at 0x7fc4b97f5c88>: Failed to establish a new connection: [Errno -2] Name or service not known',))
HTTPConnectionPool(host='www.dieei.unict.itcorsi', port=80): Max retries exceeded with url: /lm-32 (Caused by NewConnectionError('<urllib3.connection.HTTPConnection object at 0x7fc4b97f5710>: Failed to establish a new connection: [Errno -2] Name or service not known',))
HTTPConnectionPool(host='www.dieei.unict.itcorsi', port=80): Max retries exceeded with url: /l-8-ele (Caused by NewConnectionError('<urllib3.connection.HTTPConnection object at 0x7fc4b969d400>: Failed to establish a new connection: [Errno -2] Name or service not known',))
HTTPConnectionPool(host='www.dieei.unict.itcorsi', port=80): Max retries exceeded with url: /l-9 (Caused by NewConnectionError('<urllib3.connection.HTTPConnection object at 0x7fc4b969d390>: Failed to establish a new connection: [Errno -2] Name or service not known',))
HTTPConnectionPool(host='www.dieei.unict.itcorsi', port=80): Max retries exceeded with url: /l-8-inf (Caused by NewConnectionError('<urllib3.connection.HTTPConnection object at 0x7fc4b969d4a8>: Failed to establish a new connection: [Errno -2] Name or service not known',))
HTTPConnectionPool(host='www.dieei.unict.itcorsi', port=80): Max retries exceeded with url: /lm-25 (Caused by NewConnectionError('<urllib3.connection.HTTPConnection object at 0x7fc4b969d390>: Failed to establish a new connection: [Errno -2] Name or service not known',))
HTTPConnectionPool(host='www.dieei.unict.itcorsi', port=80): Max retries exceeded with url: /lm-28 (Caused by NewConnectionError('<urllib3.connection.HTTPConnection object at 0x7fc4b969d4a8>: Failed to establish a new connection: [Errno -2] Name or service not known',))
HTTPConnectionPool(host='www.dieei.unict.itcorsi', port=80): Max retries exceeded with url: /lm-29 (Caused by NewConnectionError('<urllib3.connection.HTTPConnection object at 0x7fc4b969d390>: Failed to establish a new connection: [Errno -2] Name or service not known',))
HTTPConnectionPool(host='www.dieei.unict.itcorsi', port=80): Max retries exceeded with url: /lm-27 (Caused by NewConnectionError('<urllib3.connection.HTTPConnection object at 0x7fc4b9648940>: Failed to establish a new connection: [Errno -2] Name or service not known',))
HTTPConnectionPool(host='www.dieei.unict.itcorsi', port=80): Max retries exceeded with url: /lm-32 (Caused by NewConnectionError('<urllib3.connection.HTTPConnection object at 0x7fc4b969d470>: Failed to establish a new connection: [Errno -2] Name or service not known',))
HTTPConnectionPool(host='web.dmi.unict.itcorsi', port=80): Max retries exceeded with url: /l-31 (Caused by NewConnectionError('<urllib3.connection.HTTPConnection object at 0x7feb945aaa90>: Failed to establish a new connection: [Errno -2] Name or service not known',))
HTTPConnectionPool(host='web.dmi.unict.itcorsi', port=80): Max retries exceeded with url: /l-35 (Caused by NewConnectionError('<urllib3.connection.HTTPConnection object at 0x7feb945aadd8>: Failed to establish a new connection: [Errno -2] Name or service not known',))
HTTPConnectionPool(host='web.dmi.unict.itcorsi', port=80): Max retries exceeded with url: /lm-18 (Caused by NewConnectionError('<urllib3.connection.HTTPConnection object at 0x7feb945aa9e8>: Failed to establish a new connection: [Errno -2] Name or service not known',))
HTTPConnectionPool(host='web.dmi.unict.itcorsi', port=80): Max retries exceeded with url: /lm-40 (Caused by NewConnectionError('<urllib3.connection.HTTPConnection object at 0x7feb945aacf8>: Failed to establish a new connection: [Errno -2] Name or service not known',))
HTTPConnectionPool(host='web.dmi.unict.itcorsi', port=80): Max retries exceeded with url: /l-31 (Caused by NewConnectionError('<urllib3.connection.HTTPConnection object at 0x7feb944b72e8>: Failed to establish a new connection: [Errno -2] Name or service not known',))
HTTPConnectionPool(host='web.dmi.unict.itcorsi', port=80): Max retries exceeded with url: /l-35 (Caused by NewConnectionError('<urllib3.connection.HTTPConnection object at 0x7feb944b70f0>: Failed to establish a new connection: [Errno -2] Name or service not known',))
HTTPConnectionPool(host='web.dmi.unict.itcorsi', port=80): Max retries exceeded with url: /lm-18 (Caused by NewConnectionError('<urllib3.connection.HTTPConnection object at 0x7feb944ba2e8>: Failed to establish a new connection: [Errno -2] Name or service not known',))
HTTPConnectionPool(host='web.dmi.unict.itcorsi', port=80): Max retries exceeded with url: /lm-40 (Caused by NewConnectionError('<urllib3.connection.HTTPConnection object at 0x7feb944ba0f0>: Failed to establish a new connection: [Errno -2] Name or service not known',))
HTTPConnectionPool(host='www.dieei.unict.itcorsi', port=80): Max retries exceeded with url: /l-8-ele (Caused by NewConnectionError('<urllib3.connection.HTTPConnection object at 0x7feb9459ae10>: Failed to establish a new connection: [Errno -2] Name or service not known',))
HTTPConnectionPool(host='www.dieei.unict.itcorsi', port=80): Max retries exceeded with url: /l-9 (Caused by NewConnectionError('<urllib3.connection.HTTPConnection object at 0x7feb9459a128>: Failed to establish a new connection: [Errno -2] Name or service not known',))
HTTPConnectionPool(host='www.dieei.unict.itcorsi', port=80): Max retries exceeded with url: /l-8-inf (Caused by NewConnectionError('<urllib3.connection.HTTPConnection object at 0x7feb9459a5c0>: Failed to establish a new connection: [Errno -2] Name or service not known',))
HTTPConnectionPool(host='www.dieei.unict.itcorsi', port=80): Max retries exceeded with url: /lm-25 (Caused by NewConnectionError('<urllib3.connection.HTTPConnection object at 0x7feb9459a518>: Failed to establish a new connection: [Errno -2] Name or service not known',))
HTTPConnectionPool(host='www.dieei.unict.itcorsi', port=80): Max retries exceeded with url: /lm-28 (Caused by NewConnectionError('<urllib3.connection.HTTPConnection object at 0x7feb9459ae80>: Failed to establish a new connection: [Errno -2] Name or service not known',))
HTTPConnectionPool(host='www.dieei.unict.itcorsi', port=80): Max retries exceeded with url: /lm-29 (Caused by NewConnectionError('<urllib3.connection.HTTPConnection object at 0x7feb9459a588>: Failed to establish a new connection: [Errno -2] Name or service not known',))
HTTPConnectionPool(host='www.dieei.unict.itcorsi', port=80): Max retries exceeded with url: /lm-27 (Caused by NewConnectionError('<urllib3.connection.HTTPConnection object at 0x7feb9459a8d0>: Failed to establish a new connection: [Errno -2] Name or service not known',))
HTTPConnectionPool(host='www.dieei.unict.itcorsi', port=80): Max retries exceeded with url: /lm-32 (Caused by NewConnectionError('<urllib3.connection.HTTPConnection object at 0x7feb9459a278>: Failed to establish a new connection: [Errno -2] Name or service not known',))
HTTPConnectionPool(host='www.dieei.unict.itcorsi', port=80): Max retries exceeded with url: /l-8-ele (Caused by NewConnectionError('<urllib3.connection.HTTPConnection object at 0x7feb9440f898>: Failed to establish a new connection: [Errno -2] Name or service not known',))
HTTPConnectionPool(host='www.dieei.unict.itcorsi', port=80): Max retries exceeded with url: /l-9 (Caused by NewConnectionError('<urllib3.connection.HTTPConnection object at 0x7feb9440f7f0>: Failed to establish a new connection: [Errno -2] Name or service not known',))
HTTPConnectionPool(host='www.dieei.unict.itcorsi', port=80): Max retries exceeded with url: /l-8-inf (Caused by NewConnectionError('<urllib3.connection.HTTPConnection object at 0x7feb9440f908>: Failed to establish a new connection: [Errno -2] Name or service not known',))
HTTPConnectionPool(host='www.dieei.unict.itcorsi', port=80): Max retries exceeded with url: /lm-25 (Caused by NewConnectionError('<urllib3.connection.HTTPConnection object at 0x7feb9440fa58>: Failed to establish a new connection: [Errno -2] Name or service not known',))
HTTPConnectionPool(host='www.dieei.unict.itcorsi', port=80): Max retries exceeded with url: /lm-28 (Caused by NewConnectionError('<urllib3.connection.HTTPConnection object at 0x7feb9440f7f0>: Failed to establish a new connection: [Errno -2] Name or service not known',))
HTTPConnectionPool(host='www.dieei.unict.itcorsi', port=80): Max retries exceeded with url: /lm-29 (Caused by NewConnectionError('<urllib3.connection.HTTPConnection object at 0x7feb9440fa58>: Failed to establish a new connection: [Errno -2] Name or service not known',))
HTTPConnectionPool(host='www.dieei.unict.itcorsi', port=80): Max retries exceeded with url: /lm-27 (Caused by NewConnectionError('<urllib3.connection.HTTPConnection object at 0x7feb9440f7f0>: Failed to establish a new connection: [Errno -2] Name or service not known',))
HTTPConnectionPool(host='www.dieei.unict.itcorsi', port=80): Max retries exceeded with url: /lm-32 (Caused by NewConnectionError('<urllib3.connection.HTTPConnection object at 0x7feb9440fa58>: Failed to establish a new connection: [Errno -2] Name or service not known',))
HTTPConnectionPool(host='web.dmi.unict.itcorsi', port=80): Max retries exceeded with url: /l-31 (Caused by NewConnectionError('<urllib3.connection.HTTPConnection object at 0x7efdb83d0cf8>: Failed to establish a new connection: [Errno -2] Name or service not known',))
HTTPConnectionPool(host='web.dmi.unict.itcorsi', port=80): Max retries exceeded with url: /l-35 (Caused by NewConnectionError('<urllib3.connection.HTTPConnection object at 0x7efdb83d0cc0>: Failed to establish a new connection: [Errno -2] Name or service not known',))
HTTPConnectionPool(host='web.dmi.unict.itcorsi', port=80): Max retries exceeded with url: /lm-18 (Caused by NewConnectionError('<urllib3.connection.HTTPConnection object at 0x7efdb83d0dd8>: Failed to establish a new connection: [Errno -2] Name or service not known',))
HTTPConnectionPool(host='web.dmi.unict.itcorsi', port=80): Max retries exceeded with url: /lm-40 (Caused by NewConnectionError('<urllib3.connection.HTTPConnection object at 0x7efdb83d0e48>: Failed to establish a new connection: [Errno -2] Name or service not known',))
HTTPConnectionPool(host='web.dmi.unict.itcorsi', port=80): Max retries exceeded with url: /l-31 (Caused by NewConnectionError('<urllib3.connection.HTTPConnection object at 0x7efdb82dd320>: Failed to establish a new connection: [Errno -2] Name or service not known',))
HTTPConnectionPool(host='web.dmi.unict.itcorsi', port=80): Max retries exceeded with url: /l-35 (Caused by NewConnectionError('<urllib3.connection.HTTPConnection object at 0x7efdb82dd128>: Failed to establish a new connection: [Errno -2] Name or service not known',))
HTTPConnectionPool(host='web.dmi.unict.itcorsi', port=80): Max retries exceeded with url: /lm-18 (Caused by NewConnectionError('<urllib3.connection.HTTPConnection object at 0x7efdb82e0320>: Failed to establish a new connection: [Errno -2] Name or service not known',))
HTTPConnectionPool(host='web.dmi.unict.itcorsi', port=80): Max retries exceeded with url: /lm-40 (Caused by NewConnectionError('<urllib3.connection.HTTPConnection object at 0x7efdb82e0128>: Failed to establish a new connection: [Errno -2] Name or service not known',))
HTTPConnectionPool(host='www.dieei.unict.itcorsi', port=80): Max retries exceeded with url: /l-8-ele (Caused by NewConnectionError('<urllib3.connection.HTTPConnection object at 0x7efdb83e1d68>: Failed to establish a new connection: [Errno -2] Name or service not known',))
HTTPConnectionPool(host='www.dieei.unict.itcorsi', port=80): Max retries exceeded with url: /l-9 (Caused by NewConnectionError('<urllib3.connection.HTTPConnection object at 0x7efdb83e18d0>: Failed to establish a new connection: [Errno -2] Name or service not known',))
HTTPConnectionPool(host='www.dieei.unict.itcorsi', port=80): Max retries exceeded with url: /l-8-inf (Caused by NewConnectionError('<urllib3.connection.HTTPConnection object at 0x7efdb83e1da0>: Failed to establish a new connection: [Errno -2] Name or service not known',))
HTTPConnectionPool(host='www.dieei.unict.itcorsi', port=80): Max retries exceeded with url: /lm-25 (Caused by NewConnectionError('<urllib3.connection.HTTPConnection object at 0x7efdb83e1b38>: Failed to establish a new connection: [Errno -2] Name or service not known',))
HTTPConnectionPool(host='www.dieei.unict.itcorsi', port=80): Max retries exceeded with url: /lm-28 (Caused by NewConnectionError('<urllib3.connection.HTTPConnection object at 0x7efdb83e1eb8>: Failed to establish a new connection: [Errno -2] Name or service not known',))
HTTPConnectionPool(host='www.dieei.unict.itcorsi', port=80): Max retries exceeded with url: /lm-29 (Caused by NewConnectionError('<urllib3.connection.HTTPConnection object at 0x7efdb83e1978>: Failed to establish a new connection: [Errno -2] Name or service not known',))
HTTPConnectionPool(host='www.dieei.unict.itcorsi', port=80): Max retries exceeded with url: /lm-27 (Caused by NewConnectionError('<urllib3.connection.HTTPConnection object at 0x7efdb83e19e8>: Failed to establish a new connection: [Errno -2] Name or service not known',))
HTTPConnectionPool(host='www.dieei.unict.itcorsi', port=80): Max retries exceeded with url: /lm-32 (Caused by NewConnectionError('<urllib3.connection.HTTPConnection object at 0x7efdb83e1d30>: Failed to establish a new connection: [Errno -2] Name or service not known',))
HTTPConnectionPool(host='www.dieei.unict.itcorsi', port=80): Max retries exceeded with url: /l-8-ele (Caused by NewConnectionError('<urllib3.connection.HTTPConnection object at 0x7efdb8153b00>: Failed to establish a new connection: [Errno -2] Name or service not known',))
HTTPConnectionPool(host='www.dieei.unict.itcorsi', port=80): Max retries exceeded with url: /l-9 (Caused by NewConnectionError('<urllib3.connection.HTTPConnection object at 0x7efdb8153978>: Failed to establish a new connection: [Errno -2] Name or service not known',))
HTTPConnectionPool(host='www.dieei.unict.itcorsi', port=80): Max retries exceeded with url: /l-8-inf (Caused by NewConnectionError('<urllib3.connection.HTTPConnection object at 0x7efdb8153a20>: Failed to establish a new connection: [Errno -2] Name or service not known',))
HTTPConnectionPool(host='www.dieei.unict.itcorsi', port=80): Max retries exceeded with url: /lm-25 (Caused by NewConnectionError('<urllib3.connection.HTTPConnection object at 0x7efdb8153978>: Failed to establish a new connection: [Errno -2] Name or service not known',))
HTTPConnectionPool(host='www.dieei.unict.itcorsi', port=80): Max retries exceeded with url: /lm-28 (Caused by NewConnectionError('<urllib3.connection.HTTPConnection object at 0x7efdb81537b8>: Failed to establish a new connection: [Errno -2] Name or service not known',))
HTTPConnectionPool(host='www.dieei.unict.itcorsi', port=80): Max retries exceeded with url: /lm-29 (Caused by NewConnectionError('<urllib3.connection.HTTPConnection object at 0x7efdb81b2da0>: Failed to establish a new connection: [Errno -2] Name or service not known',))
HTTPConnectionPool(host='www.dieei.unict.itcorsi', port=80): Max retries exceeded with url: /lm-27 (Caused by NewConnectionError('<urllib3.connection.HTTPConnection object at 0x7efdb81537b8>: Failed to establish a new connection: [Errno -2] Name or service not known',))
HTTPConnectionPool(host='www.dieei.unict.itcorsi', port=80): Max retries exceeded with url: /lm-32 (Caused by NewConnectionError('<urllib3.connection.HTTPConnection object at 0x7efdb81b2f28>: Failed to establish a new connection: [Errno -2] Name or service not known',))
HTTPConnectionPool(host='web.dmi.unict.itcorsi', port=80): Max retries exceeded with url: /l-31 (Caused by NewConnectionError('<urllib3.connection.HTTPConnection object at 0x7f9e9c22b470>: Failed to establish a new connection: [Errno -2] Name or service not known',))
HTTPConnectionPool(host='web.dmi.unict.itcorsi', port=80): Max retries exceeded with url: /l-35 (Caused by NewConnectionError('<urllib3.connection.HTTPConnection object at 0x7f9e9c22b4a8>: Failed to establish a new connection: [Errno -2] Name or service not known',))
HTTPConnectionPool(host='web.dmi.unict.itcorsi', port=80): Max retries exceeded with url: /lm-18 (Caused by NewConnectionError('<urllib3.connection.HTTPConnection object at 0x7f9e9c212908>: Failed to establish a new connection: [Errno -2] Name or service not known',))
HTTPConnectionPool(host='web.dmi.unict.itcorsi', port=80): Max retries exceeded with url: /lm-40 (Caused by NewConnectionError('<urllib3.connection.HTTPConnection object at 0x7f9e9c212a20>: Failed to establish a new connection: [Errno -2] Name or service not known',))
HTTPConnectionPool(host='web.dmi.unict.itcorsi', port=80): Max retries exceeded with url: /l-31 (Caused by NewConnectionError('<urllib3.connection.HTTPConnection object at 0x7f9e98223358>: Failed to establish a new connection: [Errno -2] Name or service not known',))
HTTPConnectionPool(host='web.dmi.unict.itcorsi', port=80): Max retries exceeded with url: /l-35 (Caused by NewConnectionError('<urllib3.connection.HTTPConnection object at 0x7f9e98223160>: Failed to establish a new connection: [Errno -2] Name or service not known',))
HTTPConnectionPool(host='web.dmi.unict.itcorsi', port=80): Max retries exceeded with url: /lm-18 (Caused by NewConnectionError('<urllib3.connection.HTTPConnection object at 0x7f9e98223128>: Failed to establish a new connection: [Errno -2] Name or service not known',))
HTTPConnectionPool(host='web.dmi.unict.itcorsi', port=80): Max retries exceeded with url: /lm-40 (Caused by NewConnectionError('<urllib3.connection.HTTPConnection object at 0x7f9e982230f0>: Failed to establish a new connection: [Errno -2] Name or service not known',))
HTTPConnectionPool(host='www.dieei.unict.itcorsi', port=80): Max retries exceeded with url: /l-8-ele (Caused by NewConnectionError('<urllib3.connection.HTTPConnection object at 0x7f9e980cbcc0>: Failed to establish a new connection: [Errno -2] Name or service not known',))
HTTPConnectionPool(host='www.dieei.unict.itcorsi', port=80): Max retries exceeded with url: /l-9 (Caused by NewConnectionError('<urllib3.connection.HTTPConnection object at 0x7f9e980cbba8>: Failed to establish a new connection: [Errno -2] Name or service not known',))
HTTPConnectionPool(host='www.dieei.unict.itcorsi', port=80): Max retries exceeded with url: /l-8-inf (Caused by NewConnectionError('<urllib3.connection.HTTPConnection object at 0x7f9e980cbe10>: Failed to establish a new connection: [Errno -2] Name or service not known',))
HTTPConnectionPool(host='www.dieei.unict.itcorsi', port=80): Max retries exceeded with url: /lm-25 (Caused by NewConnectionError('<urllib3.connection.HTTPConnection object at 0x7f9e980cb9e8>: Failed to establish a new connection: [Errno -2] Name or service not known',))
HTTPConnectionPool(host='www.dieei.unict.itcorsi', port=80): Max retries exceeded with url: /lm-28 (Caused by NewConnectionError('<urllib3.connection.HTTPConnection object at 0x7f9e980cb860>: Failed to establish a new connection: [Errno -2] Name or service not known',))
HTTPConnectionPool(host='www.dieei.unict.itcorsi', port=80): Max retries exceeded with url: /lm-29 (Caused by NewConnectionError('<urllib3.connection.HTTPConnection object at 0x7f9e980cbd30>: Failed to establish a new connection: [Errno -2] Name or service not known',))
HTTPConnectionPool(host='www.dieei.unict.itcorsi', port=80): Max retries exceeded with url: /lm-27 (Caused by NewConnectionError('<urllib3.connection.HTTPConnection object at 0x7f9e980cb8d0>: Failed to establish a new connection: [Errno -2] Name or service not known',))
HTTPConnectionPool(host='www.dieei.unict.itcorsi', port=80): Max retries exceeded with url: /lm-32 (Caused by NewConnectionError('<urllib3.connection.HTTPConnection object at 0x7f9e980cbd30>: Failed to establish a new connection: [Errno -2] Name or service not known',))
HTTPConnectionPool(host='www.dieei.unict.itcorsi', port=80): Max retries exceeded with url: /l-8-ele (Caused by NewConnectionError('<urllib3.connection.HTTPConnection object at 0x7f9e9809e8d0>: Failed to establish a new connection: [Errno -2] Name or service not known',))
HTTPConnectionPool(host='www.dieei.unict.itcorsi', port=80): Max retries exceeded with url: /l-9 (Caused by NewConnectionError('<urllib3.connection.HTTPConnection object at 0x7f9e9809e908>: Failed to establish a new connection: [Errno -2] Name or service not known',))
HTTPConnectionPool(host='www.dieei.unict.itcorsi', port=80): Max retries exceeded with url: /l-8-inf (Caused by NewConnectionError('<urllib3.connection.HTTPConnection object at 0x7f9e9809ea90>: Failed to establish a new connection: [Errno -2] Name or service not known',))
HTTPConnectionPool(host='www.dieei.unict.itcorsi', port=80): Max retries exceeded with url: /lm-25 (Caused by NewConnectionError('<urllib3.connection.HTTPConnection object at 0x7f9e9809ea58>: Failed to establish a new connection: [Errno -2] Name or service not known',))
HTTPConnectionPool(host='www.dieei.unict.itcorsi', port=80): Max retries exceeded with url: /lm-28 (Caused by NewConnectionError('<urllib3.connection.HTTPConnection object at 0x7f9e9809e908>: Failed to establish a new connection: [Errno -2] Name or service not known',))
HTTPConnectionPool(host='www.dieei.unict.itcorsi', port=80): Max retries exceeded with url: /lm-29 (Caused by NewConnectionError('<urllib3.connection.HTTPConnection object at 0x7f9e981efe48>: Failed to establish a new connection: [Errno -2] Name or service not known',))
HTTPConnectionPool(host='www.dieei.unict.itcorsi', port=80): Max retries exceeded with url: /lm-27 (Caused by NewConnectionError('<urllib3.connection.HTTPConnection object at 0x7f9e9809e908>: Failed to establish a new connection: [Errno -2] Name or service not known',))
HTTPConnectionPool(host='www.dieei.unict.itcorsi', port=80): Max retries exceeded with url: /lm-32 (Caused by NewConnectionError('<urllib3.connection.HTTPConnection object at 0x7f9e981eff28>: Failed to establish a new connection: [Errno -2] Name or service not known',))
HTTPConnectionPool(host='web.dmi.unict.itcorsi', port=80): Max retries exceeded with url: /l-31 (Caused by NewConnectionError('<urllib3.connection.HTTPConnection object at 0x7f1374058cf8>: Failed to establish a new connection: [Errno -2] Name or service not known',))
HTTPConnectionPool(host='web.dmi.unict.itcorsi', port=80): Max retries exceeded with url: /l-35 (Caused by NewConnectionError('<urllib3.connection.HTTPConnection object at 0x7f1374058cc0>: Failed to establish a new connection: [Errno -2] Name or service not known',))
HTTPConnectionPool(host='web.dmi.unict.itcorsi', port=80): Max retries exceeded with url: /lm-18 (Caused by NewConnectionError('<urllib3.connection.HTTPConnection object at 0x7f1374058dd8>: Failed to establish a new connection: [Errno -2] Name or service not known',))
HTTPConnectionPool(host='web.dmi.unict.itcorsi', port=80): Max retries exceeded with url: /lm-40 (Caused by NewConnectionError('<urllib3.connection.HTTPConnection object at 0x7f1374058e48>: Failed to establish a new connection: [Errno -2] Name or service not known',))
HTTPConnectionPool(host='web.dmi.unict.itcorsi', port=80): Max retries exceeded with url: /l-31 (Caused by NewConnectionError('<urllib3.connection.HTTPConnection object at 0x7f136c53b320>: Failed to establish a new connection: [Errno -2] Name or service not known',))
HTTPConnectionPool(host='web.dmi.unict.itcorsi', port=80): Max retries exceeded with url: /l-35 (Caused by NewConnectionError('<urllib3.connection.HTTPConnection object at 0x7f136c53b128>: Failed to establish a new connection: [Errno -2] Name or service not known',))
HTTPConnectionPool(host='web.dmi.unict.itcorsi', port=80): Max retries exceeded with url: /lm-18 (Caused by NewConnectionError('<urllib3.connection.HTTPConnection object at 0x7f136c53b320>: Failed to establish a new connection: [Errno -2] Name or service not known',))
HTTPConnectionPool(host='web.dmi.unict.itcorsi', port=80): Max retries exceeded with url: /lm-40 (Caused by NewConnectionError('<urllib3.connection.HTTPConnection object at 0x7f136c540320>: Failed to establish a new connection: [Errno -2] Name or service not known',))
HTTPConnectionPool(host='www.dieei.unict.itcorsi', port=80): Max retries exceeded with url: /l-8-ele (Caused by NewConnectionError('<urllib3.connection.HTTPConnection object at 0x7f136c242320>: Failed to establish a new connection: [Errno -2] Name or service not known',))
HTTPConnectionPool(host='www.dieei.unict.itcorsi', port=80): Max retries exceeded with url: /l-9 (Caused by NewConnectionError('<urllib3.connection.HTTPConnection object at 0x7f136c242898>: Failed to establish a new connection: [Errno -2] Name or service not known',))
HTTPConnectionPool(host='www.dieei.unict.itcorsi', port=80): Max retries exceeded with url: /l-8-inf (Caused by NewConnectionError('<urllib3.connection.HTTPConnection object at 0x7f136c242240>: Failed to establish a new connection: [Errno -2] Name or service not known',))
HTTPConnectionPool(host='www.dieei.unict.itcorsi', port=80): Max retries exceeded with url: /lm-25 (Caused by NewConnectionError('<urllib3.connection.HTTPConnection object at 0x7f136c242438>: Failed to establish a new connection: [Errno -2] Name or service not known',))
HTTPConnectionPool(host='www.dieei.unict.itcorsi', port=80): Max retries exceeded with url: /lm-28 (Caused by NewConnectionError('<urllib3.connection.HTTPConnection object at 0x7f136c242278>: Failed to establish a new connection: [Errno -2] Name or service not known',))
HTTPConnectionPool(host='www.dieei.unict.itcorsi', port=80): Max retries exceeded with url: /lm-29 (Caused by NewConnectionError('<urllib3.connection.HTTPConnection object at 0x7f136c2426d8>: Failed to establish a new connection: [Errno -2] Name or service not known',))
HTTPConnectionPool(host='www.dieei.unict.itcorsi', port=80): Max retries exceeded with url: /lm-27 (Caused by NewConnectionError('<urllib3.connection.HTTPConnection object at 0x7f136c2427f0>: Failed to establish a new connection: [Errno -2] Name or service not known',))
HTTPConnectionPool(host='www.dieei.unict.itcorsi', port=80): Max retries exceeded with url: /lm-32 (Caused by NewConnectionError('<urllib3.connection.HTTPConnection object at 0x7f136c242358>: Failed to establish a new connection: [Errno -2] Name or service not known',))
HTTPConnectionPool(host='www.dieei.unict.itcorsi', port=80): Max retries exceeded with url: /l-8-ele (Caused by NewConnectionError('<urllib3.connection.HTTPConnection object at 0x7f136c436390>: Failed to establish a new connection: [Errno -2] Name or service not known',))
HTTPConnectionPool(host='www.dieei.unict.itcorsi', port=80): Max retries exceeded with url: /l-9 (Caused by NewConnectionError('<urllib3.connection.HTTPConnection object at 0x7f136c4361d0>: Failed to establish a new connection: [Errno -2] Name or service not known',))
HTTPConnectionPool(host='www.dieei.unict.itcorsi', port=80): Max retries exceeded with url: /l-8-inf (Caused by NewConnectionError('<urllib3.connection.HTTPConnection object at 0x7f136c436160>: Failed to establish a new connection: [Errno -2] Name or service not known',))
HTTPConnectionPool(host='www.dieei.unict.itcorsi', port=80): Max retries exceeded with url: /lm-25 (Caused by NewConnectionError('<urllib3.connection.HTTPConnection object at 0x7f136c436080>: Failed to establish a new connection: [Errno -2] Name or service not known',))
HTTPConnectionPool(host='www.dieei.unict.itcorsi', port=80): Max retries exceeded with url: /lm-28 (Caused by NewConnectionError('<urllib3.connection.HTTPConnection object at 0x7f136c4364a8>: Failed to establish a new connection: [Errno -2] Name or service not known',))
HTTPConnectionPool(host='www.dieei.unict.itcorsi', port=80): Max retries exceeded with url: /lm-29 (Caused by NewConnectionError('<urllib3.connection.HTTPConnection object at 0x7f136c436080>: Failed to establish a new connection: [Errno -2] Name or service not known',))
HTTPConnectionPool(host='www.dieei.unict.itcorsi', port=80): Max retries exceeded with url: /lm-27 (Caused by NewConnectionError('<urllib3.connection.HTTPConnection object at 0x7f136c4364a8>: Failed to establish a new connection: [Errno -2] Name or service not known',))
HTTPConnectionPool(host='www.dieei.unict.itcorsi', port=80): Max retries exceeded with url: /lm-32 (Caused by NewConnectionError('<urllib3.connection.HTTPConnection object at 0x7f136c1c1240>: Failed to establish a new connection: [Errno -2] Name or service not known',))
HTTPConnectionPool(host='web.dmi.unict.itcorsi', port=80): Max retries exceeded with url: /l-31 (Caused by NewConnectionError('<urllib3.connection.HTTPConnection object at 0x7fdbc030dcf8>: Failed to establish a new connection: [Errno -2] Name or service not known',))
HTTPConnectionPool(host='web.dmi.unict.itcorsi', port=80): Max retries exceeded with url: /l-35 (Caused by NewConnectionError('<urllib3.connection.HTTPConnection object at 0x7fdbc030dcc0>: Failed to establish a new connection: [Errno -2] Name or service not known',))
HTTPConnectionPool(host='web.dmi.unict.itcorsi', port=80): Max retries exceeded with url: /lm-18 (Caused by NewConnectionError('<urllib3.connection.HTTPConnection object at 0x7fdbc030ddd8>: Failed to establish a new connection: [Errno -2] Name or service not known',))
HTTPConnectionPool(host='web.dmi.unict.itcorsi', port=80): Max retries exceeded with url: /lm-40 (Caused by NewConnectionError('<urllib3.connection.HTTPConnection object at 0x7fdbc030de48>: Failed to establish a new connection: [Errno -2] Name or service not known',))
HTTPConnectionPool(host='web.dmi.unict.itcorsi', port=80): Max retries exceeded with url: /l-31 (Caused by NewConnectionError('<urllib3.connection.HTTPConnection object at 0x7fdbc021a320>: Failed to establish a new connection: [Errno -2] Name or service not known',))
HTTPConnectionPool(host='web.dmi.unict.itcorsi', port=80): Max retries exceeded with url: /l-35 (Caused by NewConnectionError('<urllib3.connection.HTTPConnection object at 0x7fdbc021a128>: Failed to establish a new connection: [Errno -2] Name or service not known',))
HTTPConnectionPool(host='web.dmi.unict.itcorsi', port=80): Max retries exceeded with url: /lm-18 (Caused by NewConnectionError('<urllib3.connection.HTTPConnection object at 0x7fdbc021d320>: Failed to establish a new connection: [Errno -2] Name or service not known',))
HTTPConnectionPool(host='web.dmi.unict.itcorsi', port=80): Max retries exceeded with url: /lm-40 (Caused by NewConnectionError('<urllib3.connection.HTTPConnection object at 0x7fdbc021d128>: Failed to establish a new connection: [Errno -2] Name or service not known',))
HTTPConnectionPool(host='www.dieei.unict.itcorsi', port=80): Max retries exceeded with url: /l-8-ele (Caused by NewConnectionError('<urllib3.connection.HTTPConnection object at 0x7fdbc00ca240>: Failed to establish a new connection: [Errno -2] Name or service not known',))
HTTPConnectionPool(host='www.dieei.unict.itcorsi', port=80): Max retries exceeded with url: /l-9 (Caused by NewConnectionError('<urllib3.connection.HTTPConnection object at 0x7fdbc00ca0f0>: Failed to establish a new connection: [Errno -2] Name or service not known',))
HTTPConnectionPool(host='www.dieei.unict.itcorsi', port=80): Max retries exceeded with url: /l-8-inf (Caused by NewConnectionError('<urllib3.connection.HTTPConnection object at 0x7fdbc00ca128>: Failed to establish a new connection: [Errno -2] Name or service not known',))
HTTPConnectionPool(host='www.dieei.unict.itcorsi', port=80): Max retries exceeded with url: /lm-25 (Caused by NewConnectionError('<urllib3.connection.HTTPConnection object at 0x7fdbc00ca550>: Failed to establish a new connection: [Errno -2] Name or service not known',))
HTTPConnectionPool(host='www.dieei.unict.itcorsi', port=80): Max retries exceeded with url: /lm-28 (Caused by NewConnectionError('<urllib3.connection.HTTPConnection object at 0x7fdbc00ca4a8>: Failed to establish a new connection: [Errno -2] Name or service not known',))
HTTPConnectionPool(host='www.dieei.unict.itcorsi', port=80): Max retries exceeded with url: /lm-29 (Caused by NewConnectionError('<urllib3.connection.HTTPConnection object at 0x7fdbc00ca898>: Failed to establish a new connection: [Errno -2] Name or service not known',))
HTTPConnectionPool(host='www.dieei.unict.itcorsi', port=80): Max retries exceeded with url: /lm-27 (Caused by NewConnectionError('<urllib3.connection.HTTPConnection object at 0x7fdbc00ca4e0>: Failed to establish a new connection: [Errno -2] Name or service not known',))
HTTPConnectionPool(host='www.dieei.unict.itcorsi', port=80): Max retries exceeded with url: /lm-32 (Caused by NewConnectionError('<urllib3.connection.HTTPConnection object at 0x7fdbc00ca898>: Failed to establish a new connection: [Errno -2] Name or service not known',))
HTTPConnectionPool(host='www.dieei.unict.itcorsi', port=80): Max retries exceeded with url: /l-8-ele (Caused by NewConnectionError('<urllib3.connection.HTTPConnection object at 0x7fdbc02ba898>: Failed to establish a new connection: [Errno -2] Name or service not known',))
HTTPConnectionPool(host='www.dieei.unict.itcorsi', port=80): Max retries exceeded with url: /l-9 (Caused by NewConnectionError('<urllib3.connection.HTTPConnection object at 0x7fdbc02ba8d0>: Failed to establish a new connection: [Errno -2] Name or service not known',))
HTTPConnectionPool(host='www.dieei.unict.itcorsi', port=80): Max retries exceeded with url: /l-8-inf (Caused by NewConnectionError('<urllib3.connection.HTTPConnection object at 0x7fdbc02baa58>: Failed to establish a new connection: [Errno -2] Name or service not known',))
HTTPConnectionPool(host='www.dieei.unict.itcorsi', port=80): Max retries exceeded with url: /lm-25 (Caused by NewConnectionError('<urllib3.connection.HTTPConnection object at 0x7fdbc02baa20>: Failed to establish a new connection: [Errno -2] Name or service not known',))
HTTPConnectionPool(host='www.dieei.unict.itcorsi', port=80): Max retries exceeded with url: /lm-28 (Caused by NewConnectionError('<urllib3.connection.HTTPConnection object at 0x7fdbc02ba8d0>: Failed to establish a new connection: [Errno -2] Name or service not known',))
HTTPConnectionPool(host='www.dieei.unict.itcorsi', port=80): Max retries exceeded with url: /lm-29 (Caused by NewConnectionError('<urllib3.connection.HTTPConnection object at 0x7fdbc02efef0>: Failed to establish a new connection: [Errno -2] Name or service not known',))
HTTPConnectionPool(host='www.dieei.unict.itcorsi', port=80): Max retries exceeded with url: /lm-27 (Caused by NewConnectionError('<urllib3.connection.HTTPConnection object at 0x7fdbc02ba8d0>: Failed to establish a new connection: [Errno -2] Name or service not known',))
HTTPConnectionPool(host='www.dieei.unict.itcorsi', port=80): Max retries exceeded with url: /lm-32 (Caused by NewConnectionError('<urllib3.connection.HTTPConnection object at 0x7fdbc02efe80>: Failed to establish a new connection: [Errno -2] Name or service not known',))
HTTPConnectionPool(host='web.dmi.unict.itcorsi', port=80): Max retries exceeded with url: /l-31 (Caused by NewConnectionError('<urllib3.connection.HTTPConnection object at 0x7f9a915564a8>: Failed to establish a new connection: [Errno -2] Name or service not known',))
HTTPConnectionPool(host='web.dmi.unict.itcorsi', port=80): Max retries exceeded with url: /l-35 (Caused by NewConnectionError('<urllib3.connection.HTTPConnection object at 0x7f9a915562b0>: Failed to establish a new connection: [Errno -2] Name or service not known',))
HTTPConnectionPool(host='web.dmi.unict.itcorsi', port=80): Max retries exceeded with url: /lm-18 (Caused by NewConnectionError('<urllib3.connection.HTTPConnection object at 0x7f9a9153d898>: Failed to establish a new connection: [Errno -2] Name or service not known',))
HTTPConnectionPool(host='web.dmi.unict.itcorsi', port=80): Max retries exceeded with url: /lm-40 (Caused by NewConnectionError('<urllib3.connection.HTTPConnection object at 0x7f9a9153d198>: Failed to establish a new connection: [Errno -2] Name or service not known',))
HTTPConnectionPool(host='web.dmi.unict.itcorsi', port=80): Max retries exceeded with url: /l-31 (Caused by NewConnectionError('<urllib3.connection.HTTPConnection object at 0x7f9a88d3b2b0>: Failed to establish a new connection: [Errno -2] Name or service not known',))
HTTPConnectionPool(host='web.dmi.unict.itcorsi', port=80): Max retries exceeded with url: /l-35 (Caused by NewConnectionError('<urllib3.connection.HTTPConnection object at 0x7f9a88d3b0b8>: Failed to establish a new connection: [Errno -2] Name or service not known',))
HTTPConnectionPool(host='web.dmi.unict.itcorsi', port=80): Max retries exceeded with url: /lm-18 (Caused by NewConnectionError('<urllib3.connection.HTTPConnection object at 0x7f9a88d3b2b0>: Failed to establish a new connection: [Errno -2] Name or service not known',))
HTTPConnectionPool(host='web.dmi.unict.itcorsi', port=80): Max retries exceeded with url: /lm-40 (Caused by NewConnectionError('<urllib3.connection.HTTPConnection object at 0x7f9a88d3b2b0>: Failed to establish a new connection: [Errno -2] Name or service not known',))
HTTPConnectionPool(host='www.dieei.unict.itcorsi', port=80): Max retries exceeded with url: /l-8-ele (Caused by NewConnectionError('<urllib3.connection.HTTPConnection object at 0x7f9a88ad0dd8>: Failed to establish a new connection: [Errno -2] Name or service not known',))
HTTPConnectionPool(host='www.dieei.unict.itcorsi', port=80): Max retries exceeded with url: /l-9 (Caused by NewConnectionError('<urllib3.connection.HTTPConnection object at 0x7f9a88ad0cc0>: Failed to establish a new connection: [Errno -2] Name or service not known',))
HTTPConnectionPool(host='www.dieei.unict.itcorsi', port=80): Max retries exceeded with url: /l-8-inf (Caused by NewConnectionError('<urllib3.connection.HTTPConnection object at 0x7f9a88ad0ef0>: Failed to establish a new connection: [Errno -2] Name or service not known',))
HTTPConnectionPool(host='www.dieei.unict.itcorsi', port=80): Max retries exceeded with url: /lm-25 (Caused by NewConnectionError('<urllib3.connection.HTTPConnection object at 0x7f9a88ad09b0>: Failed to establish a new connection: [Errno -2] Name or service not known',))
HTTPConnectionPool(host='www.dieei.unict.itcorsi', port=80): Max retries exceeded with url: /lm-28 (Caused by NewConnectionError('<urllib3.connection.HTTPConnection object at 0x7f9a88ad0908>: Failed to establish a new connection: [Errno -2] Name or service not known',))
HTTPConnectionPool(host='www.dieei.unict.itcorsi', port=80): Max retries exceeded with url: /lm-29 (Caused by NewConnectionError('<urllib3.connection.HTTPConnection object at 0x7f9a88ad0c50>: Failed to establish a new connection: [Errno -2] Name or service not known',))
HTTPConnectionPool(host='www.dieei.unict.itcorsi', port=80): Max retries exceeded with url: /lm-27 (Caused by NewConnectionError('<urllib3.connection.HTTPConnection object at 0x7f9a90024c88>: Failed to establish a new connection: [Errno -2] Name or service not known',))
HTTPConnectionPool(host='www.dieei.unict.itcorsi', port=80): Max retries exceeded with url: /lm-32 (Caused by NewConnectionError('<urllib3.connection.HTTPConnection object at 0x7f9a90024cf8>: Failed to establish a new connection: [Errno -2] Name or service not known',))
HTTPConnectionPool(host='www.dieei.unict.itcorsi', port=80): Max retries exceeded with url: /l-8-ele (Caused by NewConnectionError('<urllib3.connection.HTTPConnection object at 0x7f9a88cfa6a0>: Failed to establish a new connection: [Errno -2] Name or service not known',))
HTTPConnectionPool(host='www.dieei.unict.itcorsi', port=80): Max retries exceeded with url: /l-9 (Caused by NewConnectionError('<urllib3.connection.HTTPConnection object at 0x7f9a88cfa5f8>: Failed to establish a new connection: [Errno -2] Name or service not known',))
HTTPConnectionPool(host='www.dieei.unict.itcorsi', port=80): Max retries exceeded with url: /l-8-inf (Caused by NewConnectionError('<urllib3.connection.HTTPConnection object at 0x7f9a88cfa710>: Failed to establish a new connection: [Errno -2] Name or service not known',))
HTTPConnectionPool(host='www.dieei.unict.itcorsi', port=80): Max retries exceeded with url: /lm-25 (Caused by NewConnectionError('<urllib3.connection.HTTPConnection object at 0x7f9a88cfa860>: Failed to establish a new connection: [Errno -2] Name or service not known',))
HTTPConnectionPool(host='www.dieei.unict.itcorsi', port=80): Max retries exceeded with url: /lm-28 (Caused by NewConnectionError('<urllib3.connection.HTTPConnection object at 0x7f9a88cfa5f8>: Failed to establish a new connection: [Errno -2] Name or service not known',))
HTTPConnectionPool(host='www.dieei.unict.itcorsi', port=80): Max retries exceeded with url: /lm-29 (Caused by NewConnectionError('<urllib3.connection.HTTPConnection object at 0x7f9a88cfa860>: Failed to establish a new connection: [Errno -2] Name or service not known',))
HTTPConnectionPool(host='www.dieei.unict.itcorsi', port=80): Max retries exceeded with url: /lm-27 (Caused by NewConnectionError('<urllib3.connection.HTTPConnection object at 0x7f9a88cfa5f8>: Failed to establish a new connection: [Errno -2] Name or service not known',))
HTTPConnectionPool(host='www.dieei.unict.itcorsi', port=80): Max retries exceeded with url: /lm-32 (Caused by NewConnectionError('<urllib3.connection.HTTPConnection object at 0x7f9a88cfa630>: Failed to establish a new connection: [Errno -2] Name or service not known',))
HTTPConnectionPool(host='web.dmi.unict.itcorsi', port=80): Max retries exceeded with url: /l-31 (Caused by NewConnectionError('<urllib3.connection.HTTPConnection object at 0x7f5f68139668>: Failed to establish a new connection: [Errno -2] Name or service not known',))
HTTPConnectionPool(host='web.dmi.unict.itcorsi', port=80): Max retries exceeded with url: /l-35 (Caused by NewConnectionError('<urllib3.connection.HTTPConnection object at 0x7f5f68139d30>: Failed to establish a new connection: [Errno -2] Name or service not known',))
HTTPConnectionPool(host='web.dmi.unict.itcorsi', port=80): Max retries exceeded with url: /lm-18 (Caused by NewConnectionError('<urllib3.connection.HTTPConnection object at 0x7f5f68139dd8>: Failed to establish a new connection: [Errno -2] Name or service not known',))
HTTPConnectionPool(host='web.dmi.unict.itcorsi', port=80): Max retries exceeded with url: /lm-40 (Caused by NewConnectionError('<urllib3.connection.HTTPConnection object at 0x7f5f68139b00>: Failed to establish a new connection: [Errno -2] Name or service not known',))
HTTPConnectionPool(host='web.dmi.unict.itcorsi', port=80): Max retries exceeded with url: /l-31 (Caused by NewConnectionError('<urllib3.connection.HTTPConnection object at 0x7f5f68047358>: Failed to establish a new connection: [Errno -2] Name or service not known',))
HTTPConnectionPool(host='web.dmi.unict.itcorsi', port=80): Max retries exceeded with url: /l-35 (Caused by NewConnectionError('<urllib3.connection.HTTPConnection object at 0x7f5f68047160>: Failed to establish a new connection: [Errno -2] Name or service not known',))
HTTPConnectionPool(host='web.dmi.unict.itcorsi', port=80): Max retries exceeded with url: /lm-18 (Caused by NewConnectionError('<urllib3.connection.HTTPConnection object at 0x7f5f6804a358>: Failed to establish a new connection: [Errno -2] Name or service not known',))
HTTPConnectionPool(host='web.dmi.unict.itcorsi', port=80): Max retries exceeded with url: /lm-40 (Caused by NewConnectionError('<urllib3.connection.HTTPConnection object at 0x7f5f6804a358>: Failed to establish a new connection: [Errno -2] Name or service not known',))
HTTPConnectionPool(host='www.dieei.unict.itcorsi', port=80): Max retries exceeded with url: /l-8-ele (Caused by NewConnectionError('<urllib3.connection.HTTPConnection object at 0x7f5f680680b8>: Failed to establish a new connection: [Errno -2] Name or service not known',))
HTTPConnectionPool(host='www.dieei.unict.itcorsi', port=80): Max retries exceeded with url: /l-9 (Caused by NewConnectionError('<urllib3.connection.HTTPConnection object at 0x7f5f68068160>: Failed to establish a new connection: [Errno -2] Name or service not known',))
HTTPConnectionPool(host='www.dieei.unict.itcorsi', port=80): Max retries exceeded with url: /l-8-inf (Caused by NewConnectionError('<urllib3.connection.HTTPConnection object at 0x7f5f68068358>: Failed to establish a new connection: [Errno -2] Name or service not known',))
HTTPConnectionPool(host='www.dieei.unict.itcorsi', port=80): Max retries exceeded with url: /lm-25 (Caused by NewConnectionError('<urllib3.connection.HTTPConnection object at 0x7f5f68068898>: Failed to establish a new connection: [Errno -2] Name or service not known',))
HTTPConnectionPool(host='www.dieei.unict.itcorsi', port=80): Max retries exceeded with url: /lm-28 (Caused by NewConnectionError('<urllib3.connection.HTTPConnection object at 0x7f5f68068160>: Failed to establish a new connection: [Errno -2] Name or service not known',))
HTTPConnectionPool(host='www.dieei.unict.itcorsi', port=80): Max retries exceeded with url: /lm-29 (Caused by NewConnectionError('<urllib3.connection.HTTPConnection object at 0x7f5f68068358>: Failed to establish a new connection: [Errno -2] Name or service not known',))
HTTPConnectionPool(host='www.dieei.unict.itcorsi', port=80): Max retries exceeded with url: /lm-27 (Caused by NewConnectionError('<urllib3.connection.HTTPConnection object at 0x7f5f68068320>: Failed to establish a new connection: [Errno -2] Name or service not known',))
HTTPConnectionPool(host='www.dieei.unict.itcorsi', port=80): Max retries exceeded with url: /lm-32 (Caused by NewConnectionError('<urllib3.connection.HTTPConnection object at 0x7f5f69611438>: Failed to establish a new connection: [Errno -2] Name or service not known',))
HTTPConnectionPool(host='www.dieei.unict.itcorsi', port=80): Max retries exceeded with url: /l-8-ele (Caused by NewConnectionError('<urllib3.connection.HTTPConnection object at 0x7f5f60b1bf60>: Failed to establish a new connection: [Errno -2] Name or service not known',))
HTTPConnectionPool(host='www.dieei.unict.itcorsi', port=80): Max retries exceeded with url: /l-9 (Caused by NewConnectionError('<urllib3.connection.HTTPConnection object at 0x7f5f60b871d0>: Failed to establish a new connection: [Errno -2] Name or service not known',))
HTTPConnectionPool(host='www.dieei.unict.itcorsi', port=80): Max retries exceeded with url: /l-8-inf (Caused by NewConnectionError('<urllib3.connection.HTTPConnection object at 0x7f5f60b87240>: Failed to establish a new connection: [Errno -2] Name or service not known',))
HTTPConnectionPool(host='www.dieei.unict.itcorsi', port=80): Max retries exceeded with url: /lm-25 (Caused by NewConnectionError('<urllib3.connection.HTTPConnection object at 0x7f5f60b871d0>: Failed to establish a new connection: [Errno -2] Name or service not known',))
HTTPConnectionPool(host='www.dieei.unict.itcorsi', port=80): Max retries exceeded with url: /lm-28 (Caused by NewConnectionError('<urllib3.connection.HTTPConnection object at 0x7f5f60b87208>: Failed to establish a new connection: [Errno -2] Name or service not known',))
HTTPConnectionPool(host='www.dieei.unict.itcorsi', port=80): Max retries exceeded with url: /lm-29 (Caused by NewConnectionError('<urllib3.connection.HTTPConnection object at 0x7f5f680fa9e8>: Failed to establish a new connection: [Errno -2] Name or service not known',))
HTTPConnectionPool(host='www.dieei.unict.itcorsi', port=80): Max retries exceeded with url: /lm-27 (Caused by NewConnectionError('<urllib3.connection.HTTPConnection object at 0x7f5f60b87208>: Failed to establish a new connection: [Errno -2] Name or service not known',))
HTTPConnectionPool(host='www.dieei.unict.itcorsi', port=80): Max retries exceeded with url: /lm-32 (Caused by NewConnectionError('<urllib3.connection.HTTPConnection object at 0x7f5f680fac50>: Failed to establish a new connection: [Errno -2] Name or service not known',))
HTTPConnectionPool(host='web.dmi.unict.itcorsi', port=80): Max retries exceeded with url: /l-31 (Caused by NewConnectionError('<urllib3.connection.HTTPConnection object at 0x7fce206a2668>: Failed to establish a new connection: [Errno -2] Name or service not known',))
HTTPConnectionPool(host='web.dmi.unict.itcorsi', port=80): Max retries exceeded with url: /l-35 (Caused by NewConnectionError('<urllib3.connection.HTTPConnection object at 0x7fce206a2d30>: Failed to establish a new connection: [Errno -2] Name or service not known',))
HTTPConnectionPool(host='web.dmi.unict.itcorsi', port=80): Max retries exceeded with url: /lm-18 (Caused by NewConnectionError('<urllib3.connection.HTTPConnection object at 0x7fce206a2dd8>: Failed to establish a new connection: [Errno -2] Name or service not known',))
HTTPConnectionPool(host='web.dmi.unict.itcorsi', port=80): Max retries exceeded with url: /lm-40 (Caused by NewConnectionError('<urllib3.connection.HTTPConnection object at 0x7fce206a2b00>: Failed to establish a new connection: [Errno -2] Name or service not known',))
HTTPConnectionPool(host='web.dmi.unict.itcorsi', port=80): Max retries exceeded with url: /l-31 (Caused by NewConnectionError('<urllib3.connection.HTTPConnection object at 0x7fce205ae358>: Failed to establish a new connection: [Errno -2] Name or service not known',))
HTTPConnectionPool(host='web.dmi.unict.itcorsi', port=80): Max retries exceeded with url: /l-35 (Caused by NewConnectionError('<urllib3.connection.HTTPConnection object at 0x7fce205ae160>: Failed to establish a new connection: [Errno -2] Name or service not known',))
HTTPConnectionPool(host='web.dmi.unict.itcorsi', port=80): Max retries exceeded with url: /lm-18 (Caused by NewConnectionError('<urllib3.connection.HTTPConnection object at 0x7fce205b1358>: Failed to establish a new connection: [Errno -2] Name or service not known',))
HTTPConnectionPool(host='web.dmi.unict.itcorsi', port=80): Max retries exceeded with url: /lm-40 (Caused by NewConnectionError('<urllib3.connection.HTTPConnection object at 0x7fce205b1358>: Failed to establish a new connection: [Errno -2] Name or service not known',))
HTTPConnectionPool(host='www.dieei.unict.itcorsi', port=80): Max retries exceeded with url: /l-8-ele (Caused by NewConnectionError('<urllib3.connection.HTTPConnection object at 0x7fce202c2b70>: Failed to establish a new connection: [Errno -2] Name or service not known',))
HTTPConnectionPool(host='www.dieei.unict.itcorsi', port=80): Max retries exceeded with url: /l-9 (Caused by NewConnectionError('<urllib3.connection.HTTPConnection object at 0x7fce202c28d0>: Failed to establish a new connection: [Errno -2] Name or service not known',))
HTTPConnectionPool(host='www.dieei.unict.itcorsi', port=80): Max retries exceeded with url: /l-8-inf (Caused by NewConnectionError('<urllib3.connection.HTTPConnection object at 0x7fce202c27f0>: Failed to establish a new connection: [Errno -2] Name or service not known',))
HTTPConnectionPool(host='www.dieei.unict.itcorsi', port=80): Max retries exceeded with url: /lm-25 (Caused by NewConnectionError('<urllib3.connection.HTTPConnection object at 0x7fce202c2128>: Failed to establish a new connection: [Errno -2] Name or service not known',))
HTTPConnectionPool(host='www.dieei.unict.itcorsi', port=80): Max retries exceeded with url: /lm-28 (Caused by NewConnectionError('<urllib3.connection.HTTPConnection object at 0x7fce22605048>: Failed to establish a new connection: [Errno -2] Name or service not known',))
HTTPConnectionPool(host='www.dieei.unict.itcorsi', port=80): Max retries exceeded with url: /lm-29 (Caused by NewConnectionError('<urllib3.connection.HTTPConnection object at 0x7fce226052b0>: Failed to establish a new connection: [Errno -2] Name or service not known',))
HTTPConnectionPool(host='www.dieei.unict.itcorsi', port=80): Max retries exceeded with url: /lm-27 (Caused by NewConnectionError('<urllib3.connection.HTTPConnection object at 0x7fce22605128>: Failed to establish a new connection: [Errno -2] Name or service not known',))
HTTPConnectionPool(host='www.dieei.unict.itcorsi', port=80): Max retries exceeded with url: /lm-32 (Caused by NewConnectionError('<urllib3.connection.HTTPConnection object at 0x7fce22605438>: Failed to establish a new connection: [Errno -2] Name or service not known',))
HTTPConnectionPool(host='www.dieei.unict.itcorsi', port=80): Max retries exceeded with url: /l-8-ele (Caused by NewConnectionError('<urllib3.connection.HTTPConnection object at 0x7fce226051d0>: Failed to establish a new connection: [Errno -2] Name or service not known',))
HTTPConnectionPool(host='www.dieei.unict.itcorsi', port=80): Max retries exceeded with url: /l-9 (Caused by NewConnectionError('<urllib3.connection.HTTPConnection object at 0x7fce22605588>: Failed to establish a new connection: [Errno -2] Name or service not known',))
HTTPConnectionPool(host='www.dieei.unict.itcorsi', port=80): Max retries exceeded with url: /l-8-inf (Caused by NewConnectionError('<urllib3.connection.HTTPConnection object at 0x7fce22605320>: Failed to establish a new connection: [Errno -2] Name or service not known',))
HTTPConnectionPool(host='www.dieei.unict.itcorsi', port=80): Max retries exceeded with url: /lm-25 (Caused by NewConnectionError('<urllib3.connection.HTTPConnection object at 0x7fce22605ba8>: Failed to establish a new connection: [Errno -2] Name or service not known',))
HTTPConnectionPool(host='www.dieei.unict.itcorsi', port=80): Max retries exceeded with url: /lm-28 (Caused by NewConnectionError('<urllib3.connection.HTTPConnection object at 0x7fce22605588>: Failed to establish a new connection: [Errno -2] Name or service not known',))
HTTPConnectionPool(host='www.dieei.unict.itcorsi', port=80): Max retries exceeded with url: /lm-29 (Caused by NewConnectionError('<urllib3.connection.HTTPConnection object at 0x7fce22605320>: Failed to establish a new connection: [Errno -2] Name or service not known',))
HTTPConnectionPool(host='www.dieei.unict.itcorsi', port=80): Max retries exceeded with url: /lm-27 (Caused by NewConnectionError('<urllib3.connection.HTTPConnection object at 0x7fce22605588>: Failed to establish a new connection: [Errno -2] Name or service not known',))
HTTPConnectionPool(host='www.dieei.unict.itcorsi', port=80): Max retries exceeded with url: /lm-32 (Caused by NewConnectionError('<urllib3.connection.HTTPConnection object at 0x7fce202ebf28>: Failed to establish a new connection: [Errno -2] Name or service not known',))
HTTPConnectionPool(host='web.dmi.unict.itcorsi', port=80): Max retries exceeded with url: /l-31 (Caused by NewConnectionError('<urllib3.connection.HTTPConnection object at 0x7f369859da90>: Failed to establish a new connection: [Errno -2] Name or service not known',))
HTTPConnectionPool(host='web.dmi.unict.itcorsi', port=80): Max retries exceeded with url: /l-35 (Caused by NewConnectionError('<urllib3.connection.HTTPConnection object at 0x7f369859ddd8>: Failed to establish a new connection: [Errno -2] Name or service not known',))
HTTPConnectionPool(host='web.dmi.unict.itcorsi', port=80): Max retries exceeded with url: /lm-18 (Caused by NewConnectionError('<urllib3.connection.HTTPConnection object at 0x7f369859d9e8>: Failed to establish a new connection: [Errno -2] Name or service not known',))
HTTPConnectionPool(host='web.dmi.unict.itcorsi', port=80): Max retries exceeded with url: /lm-40 (Caused by NewConnectionError('<urllib3.connection.HTTPConnection object at 0x7f369859dcf8>: Failed to establish a new connection: [Errno -2] Name or service not known',))
HTTPConnectionPool(host='web.dmi.unict.itcorsi', port=80): Max retries exceeded with url: /l-31 (Caused by NewConnectionError('<urllib3.connection.HTTPConnection object at 0x7f36984a92e8>: Failed to establish a new connection: [Errno -2] Name or service not known',))
HTTPConnectionPool(host='web.dmi.unict.itcorsi', port=80): Max retries exceeded with url: /l-35 (Caused by NewConnectionError('<urllib3.connection.HTTPConnection object at 0x7f36984a90f0>: Failed to establish a new connection: [Errno -2] Name or service not known',))
HTTPConnectionPool(host='web.dmi.unict.itcorsi', port=80): Max retries exceeded with url: /lm-18 (Caused by NewConnectionError('<urllib3.connection.HTTPConnection object at 0x7f36984a92e8>: Failed to establish a new connection: [Errno -2] Name or service not known',))
HTTPConnectionPool(host='web.dmi.unict.itcorsi', port=80): Max retries exceeded with url: /lm-40 (Caused by NewConnectionError('<urllib3.connection.HTTPConnection object at 0x7f36984ae2e8>: Failed to establish a new connection: [Errno -2] Name or service not known',))
HTTPConnectionPool(host='www.dieei.unict.itcorsi', port=80): Max retries exceeded with url: /l-8-ele (Caused by NewConnectionError('<urllib3.connection.HTTPConnection object at 0x7f3698242e10>: Failed to establish a new connection: [Errno -2] Name or service not known',))
HTTPConnectionPool(host='www.dieei.unict.itcorsi', port=80): Max retries exceeded with url: /l-9 (Caused by NewConnectionError('<urllib3.connection.HTTPConnection object at 0x7f3698242f98>: Failed to establish a new connection: [Errno -2] Name or service not known',))
HTTPConnectionPool(host='www.dieei.unict.itcorsi', port=80): Max retries exceeded with url: /l-8-inf (Caused by NewConnectionError('<urllib3.connection.HTTPConnection object at 0x7f36982426a0>: Failed to establish a new connection: [Errno -2] Name or service not known',))
HTTPConnectionPool(host='www.dieei.unict.itcorsi', port=80): Max retries exceeded with url: /lm-25 (Caused by NewConnectionError('<urllib3.connection.HTTPConnection object at 0x7f3698242ac8>: Failed to establish a new connection: [Errno -2] Name or service not known',))
HTTPConnectionPool(host='www.dieei.unict.itcorsi', port=80): Max retries exceeded with url: /lm-28 (Caused by NewConnectionError('<urllib3.connection.HTTPConnection object at 0x7f3698242cf8>: Failed to establish a new connection: [Errno -2] Name or service not known',))
HTTPConnectionPool(host='www.dieei.unict.itcorsi', port=80): Max retries exceeded with url: /lm-29 (Caused by NewConnectionError('<urllib3.connection.HTTPConnection object at 0x7f3698242908>: Failed to establish a new connection: [Errno -2] Name or service not known',))
HTTPConnectionPool(host='www.dieei.unict.itcorsi', port=80): Max retries exceeded with url: /lm-27 (Caused by NewConnectionError('<urllib3.connection.HTTPConnection object at 0x7f36984969e8>: Failed to establish a new connection: [Errno -2] Name or service not known',))
HTTPConnectionPool(host='www.dieei.unict.itcorsi', port=80): Max retries exceeded with url: /lm-32 (Caused by NewConnectionError('<urllib3.connection.HTTPConnection object at 0x7f36984962e8>: Failed to establish a new connection: [Errno -2] Name or service not known',))
HTTPConnectionPool(host='www.dieei.unict.itcorsi', port=80): Max retries exceeded with url: /l-8-ele (Caused by NewConnectionError('<urllib3.connection.HTTPConnection object at 0x7f36984841d0>: Failed to establish a new connection: [Errno -2] Name or service not known',))
HTTPConnectionPool(host='www.dieei.unict.itcorsi', port=80): Max retries exceeded with url: /l-9 (Caused by NewConnectionError('<urllib3.connection.HTTPConnection object at 0x7f3698488390>: Failed to establish a new connection: [Errno -2] Name or service not known',))
HTTPConnectionPool(host='www.dieei.unict.itcorsi', port=80): Max retries exceeded with url: /l-8-inf (Caused by NewConnectionError('<urllib3.connection.HTTPConnection object at 0x7f36984842e8>: Failed to establish a new connection: [Errno -2] Name or service not known',))
HTTPConnectionPool(host='www.dieei.unict.itcorsi', port=80): Max retries exceeded with url: /lm-25 (Caused by NewConnectionError('<urllib3.connection.HTTPConnection object at 0x7f3698484240>: Failed to establish a new connection: [Errno -2] Name or service not known',))
HTTPConnectionPool(host='www.dieei.unict.itcorsi', port=80): Max retries exceeded with url: /lm-28 (Caused by NewConnectionError('<urllib3.connection.HTTPConnection object at 0x7f36984842e8>: Failed to establish a new connection: [Errno -2] Name or service not known',))
HTTPConnectionPool(host='www.dieei.unict.itcorsi', port=80): Max retries exceeded with url: /lm-29 (Caused by NewConnectionError('<urllib3.connection.HTTPConnection object at 0x7f36985bbe80>: Failed to establish a new connection: [Errno -2] Name or service not known',))
HTTPConnectionPool(host='www.dieei.unict.itcorsi', port=80): Max retries exceeded with url: /lm-27 (Caused by NewConnectionError('<urllib3.connection.HTTPConnection object at 0x7f3698435668>: Failed to establish a new connection: [Errno -2] Name or service not known',))
HTTPConnectionPool(host='www.dieei.unict.itcorsi', port=80): Max retries exceeded with url: /lm-32 (Caused by NewConnectionError('<urllib3.connection.HTTPConnection object at 0x7f3698484160>: Failed to establish a new connection: [Errno -2] Name or service not known',))
HTTPConnectionPool(host='web.dmi.unict.itcorsi', port=80): Max retries exceeded with url: /l-31 (Caused by NewConnectionError('<urllib3.connection.HTTPConnection object at 0x7f31cc07ca90>: Failed to establish a new connection: [Errno -2] Name or service not known',))
HTTPConnectionPool(host='web.dmi.unict.itcorsi', port=80): Max retries exceeded with url: /l-35 (Caused by NewConnectionError('<urllib3.connection.HTTPConnection object at 0x7f31cc07cdd8>: Failed to establish a new connection: [Errno -2] Name or service not known',))
HTTPConnectionPool(host='web.dmi.unict.itcorsi', port=80): Max retries exceeded with url: /lm-18 (Caused by NewConnectionError('<urllib3.connection.HTTPConnection object at 0x7f31cc07c9e8>: Failed to establish a new connection: [Errno -2] Name or service not known',))
HTTPConnectionPool(host='web.dmi.unict.itcorsi', port=80): Max retries exceeded with url: /lm-40 (Caused by NewConnectionError('<urllib3.connection.HTTPConnection object at 0x7f31cc07ccf8>: Failed to establish a new connection: [Errno -2] Name or service not known',))
HTTPConnectionPool(host='web.dmi.unict.itcorsi', port=80): Max retries exceeded with url: /l-31 (Caused by NewConnectionError('<urllib3.connection.HTTPConnection object at 0x7f31c4d3c2e8>: Failed to establish a new connection: [Errno -2] Name or service not known',))
HTTPConnectionPool(host='web.dmi.unict.itcorsi', port=80): Max retries exceeded with url: /l-35 (Caused by NewConnectionError('<urllib3.connection.HTTPConnection object at 0x7f31c4d3c0f0>: Failed to establish a new connection: [Errno -2] Name or service not known',))
HTTPConnectionPool(host='web.dmi.unict.itcorsi', port=80): Max retries exceeded with url: /lm-18 (Caused by NewConnectionError('<urllib3.connection.HTTPConnection object at 0x7f31c4d3c2e8>: Failed to establish a new connection: [Errno -2] Name or service not known',))
HTTPConnectionPool(host='web.dmi.unict.itcorsi', port=80): Max retries exceeded with url: /lm-40 (Caused by NewConnectionError('<urllib3.connection.HTTPConnection object at 0x7f31c4d412e8>: Failed to establish a new connection: [Errno -2] Name or service not known',))
HTTPConnectionPool(host='www.dieei.unict.itcorsi', port=80): Max retries exceeded with url: /l-8-ele (Caused by NewConnectionError('<urllib3.connection.HTTPConnection object at 0x7f31c4a7d320>: Failed to establish a new connection: [Errno -2] Name or service not known',))
HTTPConnectionPool(host='www.dieei.unict.itcorsi', port=80): Max retries exceeded with url: /l-9 (Caused by NewConnectionError('<urllib3.connection.HTTPConnection object at 0x7f31c4a7d828>: Failed to establish a new connection: [Errno -2] Name or service not known',))
HTTPConnectionPool(host='www.dieei.unict.itcorsi', port=80): Max retries exceeded with url: /l-8-inf (Caused by NewConnectionError('<urllib3.connection.HTTPConnection object at 0x7f31c4a7d0f0>: Failed to establish a new connection: [Errno -2] Name or service not known',))
HTTPConnectionPool(host='www.dieei.unict.itcorsi', port=80): Max retries exceeded with url: /lm-25 (Caused by NewConnectionError('<urllib3.connection.HTTPConnection object at 0x7f31c4a7d4e0>: Failed to establish a new connection: [Errno -2] Name or service not known',))
HTTPConnectionPool(host='www.dieei.unict.itcorsi', port=80): Max retries exceeded with url: /lm-28 (Caused by NewConnectionError('<urllib3.connection.HTTPConnection object at 0x7f31c4a7d470>: Failed to establish a new connection: [Errno -2] Name or service not known',))
HTTPConnectionPool(host='www.dieei.unict.itcorsi', port=80): Max retries exceeded with url: /lm-29 (Caused by NewConnectionError('<urllib3.connection.HTTPConnection object at 0x7f31c4ccaba8>: Failed to establish a new connection: [Errno -2] Name or service not known',))
HTTPConnectionPool(host='www.dieei.unict.itcorsi', port=80): Max retries exceeded with url: /lm-27 (Caused by NewConnectionError('<urllib3.connection.HTTPConnection object at 0x7f31c4cca240>: Failed to establish a new connection: [Errno -2] Name or service not known',))
HTTPConnectionPool(host='www.dieei.unict.itcorsi', port=80): Max retries exceeded with url: /lm-32 (Caused by NewConnectionError('<urllib3.connection.HTTPConnection object at 0x7f31c4a7d898>: Failed to establish a new connection: [Errno -2] Name or service not known',))
HTTPConnectionPool(host='www.dieei.unict.itcorsi', port=80): Max retries exceeded with url: /l-8-ele (Caused by NewConnectionError('<urllib3.connection.HTTPConnection object at 0x7f31c4a81f98>: Failed to establish a new connection: [Errno -2] Name or service not known',))
HTTPConnectionPool(host='www.dieei.unict.itcorsi', port=80): Max retries exceeded with url: /l-9 (Caused by NewConnectionError('<urllib3.connection.HTTPConnection object at 0x7f31c4caee48>: Failed to establish a new connection: [Errno -2] Name or service not known',))
HTTPConnectionPool(host='www.dieei.unict.itcorsi', port=80): Max retries exceeded with url: /l-8-inf (Caused by NewConnectionError('<urllib3.connection.HTTPConnection object at 0x7f31c4caefd0>: Failed to establish a new connection: [Errno -2] Name or service not known',))
HTTPConnectionPool(host='www.dieei.unict.itcorsi', port=80): Max retries exceeded with url: /lm-25 (Caused by NewConnectionError('<urllib3.connection.HTTPConnection object at 0x7f31c4d62ac8>: Failed to establish a new connection: [Errno -2] Name or service not known',))
HTTPConnectionPool(host='www.dieei.unict.itcorsi', port=80): Max retries exceeded with url: /lm-28 (Caused by NewConnectionError('<urllib3.connection.HTTPConnection object at 0x7f31c4d62898>: Failed to establish a new connection: [Errno -2] Name or service not known',))
HTTPConnectionPool(host='www.dieei.unict.itcorsi', port=80): Max retries exceeded with url: /lm-29 (Caused by NewConnectionError('<urllib3.connection.HTTPConnection object at 0x7f31c4caed68>: Failed to establish a new connection: [Errno -2] Name or service not known',))
HTTPConnectionPool(host='www.dieei.unict.itcorsi', port=80): Max retries exceeded with url: /lm-27 (Caused by NewConnectionError('<urllib3.connection.HTTPConnection object at 0x7f31c4d62cc0>: Failed to establish a new connection: [Errno -2] Name or service not known',))
HTTPConnectionPool(host='www.dieei.unict.itcorsi', port=80): Max retries exceeded with url: /lm-32 (Caused by NewConnectionError('<urllib3.connection.HTTPConnection object at 0x7f31c4d62b70>: Failed to establish a new connection: [Errno -2] Name or service not known',))
HTTPConnectionPool(host='web.dmi.unict.itcorsi', port=80): Max retries exceeded with url: /l-31 (Caused by NewConnectionError('<urllib3.connection.HTTPConnection object at 0x7f34100fdcf8>: Failed to establish a new connection: [Errno -2] Name or service not known',))
HTTPConnectionPool(host='web.dmi.unict.itcorsi', port=80): Max retries exceeded with url: /l-35 (Caused by NewConnectionError('<urllib3.connection.HTTPConnection object at 0x7f34100fdcc0>: Failed to establish a new connection: [Errno -2] Name or service not known',))
HTTPConnectionPool(host='web.dmi.unict.itcorsi', port=80): Max retries exceeded with url: /lm-18 (Caused by NewConnectionError('<urllib3.connection.HTTPConnection object at 0x7f34100fddd8>: Failed to establish a new connection: [Errno -2] Name or service not known',))
HTTPConnectionPool(host='web.dmi.unict.itcorsi', port=80): Max retries exceeded with url: /lm-40 (Caused by NewConnectionError('<urllib3.connection.HTTPConnection object at 0x7f34100fde48>: Failed to establish a new connection: [Errno -2] Name or service not known',))
HTTPConnectionPool(host='web.dmi.unict.itcorsi', port=80): Max retries exceeded with url: /l-31 (Caused by NewConnectionError('<urllib3.connection.HTTPConnection object at 0x7f33f3fdc320>: Failed to establish a new connection: [Errno -2] Name or service not known',))
HTTPConnectionPool(host='web.dmi.unict.itcorsi', port=80): Max retries exceeded with url: /l-35 (Caused by NewConnectionError('<urllib3.connection.HTTPConnection object at 0x7f33f3fdc128>: Failed to establish a new connection: [Errno -2] Name or service not known',))
HTTPConnectionPool(host='web.dmi.unict.itcorsi', port=80): Max retries exceeded with url: /lm-18 (Caused by NewConnectionError('<urllib3.connection.HTTPConnection object at 0x7f33f3fdf320>: Failed to establish a new connection: [Errno -2] Name or service not known',))
HTTPConnectionPool(host='web.dmi.unict.itcorsi', port=80): Max retries exceeded with url: /lm-40 (Caused by NewConnectionError('<urllib3.connection.HTTPConnection object at 0x7f33f3fdf320>: Failed to establish a new connection: [Errno -2] Name or service not known',))
HTTPConnectionPool(host='www.dieei.unict.itcorsi', port=80): Max retries exceeded with url: /l-8-ele (Caused by NewConnectionError('<urllib3.connection.HTTPConnection object at 0x7f33f3f13e80>: Failed to establish a new connection: [Errno -2] Name or service not known',))
HTTPConnectionPool(host='www.dieei.unict.itcorsi', port=80): Max retries exceeded with url: /l-9 (Caused by NewConnectionError('<urllib3.connection.HTTPConnection object at 0x7f33f3f139e8>: Failed to establish a new connection: [Errno -2] Name or service not known',))
HTTPConnectionPool(host='www.dieei.unict.itcorsi', port=80): Max retries exceeded with url: /l-8-inf (Caused by NewConnectionError('<urllib3.connection.HTTPConnection object at 0x7f33f3f13f28>: Failed to establish a new connection: [Errno -2] Name or service not known',))
HTTPConnectionPool(host='www.dieei.unict.itcorsi', port=80): Max retries exceeded with url: /lm-25 (Caused by NewConnectionError('<urllib3.connection.HTTPConnection object at 0x7f33f3f13ba8>: Failed to establish a new connection: [Errno -2] Name or service not known',))
HTTPConnectionPool(host='www.dieei.unict.itcorsi', port=80): Max retries exceeded with url: /lm-28 (Caused by NewConnectionError('<urllib3.connection.HTTPConnection object at 0x7f33f3f13c50>: Failed to establish a new connection: [Errno -2] Name or service not known',))
HTTPConnectionPool(host='www.dieei.unict.itcorsi', port=80): Max retries exceeded with url: /lm-29 (Caused by NewConnectionError('<urllib3.connection.HTTPConnection object at 0x7f33f3f13908>: Failed to establish a new connection: [Errno -2] Name or service not known',))
HTTPConnectionPool(host='www.dieei.unict.itcorsi', port=80): Max retries exceeded with url: /lm-27 (Caused by NewConnectionError('<urllib3.connection.HTTPConnection object at 0x7f33f3f13c88>: Failed to establish a new connection: [Errno -2] Name or service not known',))
HTTPConnectionPool(host='www.dieei.unict.itcorsi', port=80): Max retries exceeded with url: /lm-32 (Caused by NewConnectionError('<urllib3.connection.HTTPConnection object at 0x7f33f3e57978>: Failed to establish a new connection: [Errno -2] Name or service not known',))
HTTPConnectionPool(host='www.dieei.unict.itcorsi', port=80): Max retries exceeded with url: /l-8-ele (Caused by NewConnectionError('<urllib3.connection.HTTPConnection object at 0x7f33f3d31278>: Failed to establish a new connection: [Errno -2] Name or service not known',))
HTTPConnectionPool(host='www.dieei.unict.itcorsi', port=80): Max retries exceeded with url: /l-9 (Caused by NewConnectionError('<urllib3.connection.HTTPConnection object at 0x7f33f3d31208>: Failed to establish a new connection: [Errno -2] Name or service not known',))
HTTPConnectionPool(host='www.dieei.unict.itcorsi', port=80): Max retries exceeded with url: /l-8-inf (Caused by NewConnectionError('<urllib3.connection.HTTPConnection object at 0x7f33f3d312e8>: Failed to establish a new connection: [Errno -2] Name or service not known',))
HTTPConnectionPool(host='www.dieei.unict.itcorsi', port=80): Max retries exceeded with url: /lm-25 (Caused by NewConnectionError('<urllib3.connection.HTTPConnection object at 0x7f33f3d31160>: Failed to establish a new connection: [Errno -2] Name or service not known',))
HTTPConnectionPool(host='www.dieei.unict.itcorsi', port=80): Max retries exceeded with url: /lm-28 (Caused by NewConnectionError('<urllib3.connection.HTTPConnection object at 0x7f33f3d31208>: Failed to establish a new connection: [Errno -2] Name or service not known',))
HTTPConnectionPool(host='www.dieei.unict.itcorsi', port=80): Max retries exceeded with url: /lm-29 (Caused by NewConnectionError('<urllib3.connection.HTTPConnection object at 0x7f33f3d310f0>: Failed to establish a new connection: [Errno -2] Name or service not known',))
HTTPConnectionPool(host='www.dieei.unict.itcorsi', port=80): Max retries exceeded with url: /lm-27 (Caused by NewConnectionError('<urllib3.connection.HTTPConnection object at 0x7f34100de748>: Failed to establish a new connection: [Errno -2] Name or service not known',))
HTTPConnectionPool(host='www.dieei.unict.itcorsi', port=80): Max retries exceeded with url: /lm-32 (Caused by NewConnectionError('<urllib3.connection.HTTPConnection object at 0x7f33f3d31358>: Failed to establish a new connection: [Errno -2] Name or service not known',))
HTTPConnectionPool(host='web.dmi.unict.itcorsi', port=80): Max retries exceeded with url: /l-31 (Caused by NewConnectionError('<urllib3.connection.HTTPConnection object at 0x7f9dea2ef390>: Failed to establish a new connection: [Errno -2] Name or service not known',))
HTTPConnectionPool(host='web.dmi.unict.itcorsi', port=80): Max retries exceeded with url: /l-35 (Caused by NewConnectionError('<urllib3.connection.HTTPConnection object at 0x7f9dea2d6940>: Failed to establish a new connection: [Errno -2] Name or service not known',))
HTTPConnectionPool(host='web.dmi.unict.itcorsi', port=80): Max retries exceeded with url: /lm-18 (Caused by NewConnectionError('<urllib3.connection.HTTPConnection object at 0x7f9dea2d6f98>: Failed to establish a new connection: [Errno -2] Name or service not known',))
HTTPConnectionPool(host='web.dmi.unict.itcorsi', port=80): Max retries exceeded with url: /lm-40 (Caused by NewConnectionError('<urllib3.connection.HTTPConnection object at 0x7f9dea2d6be0>: Failed to establish a new connection: [Errno -2] Name or service not known',))
HTTPConnectionPool(host='web.dmi.unict.itcorsi', port=80): Max retries exceeded with url: /l-31 (Caused by NewConnectionError('<urllib3.connection.HTTPConnection object at 0x7f9de82eb2e8>: Failed to establish a new connection: [Errno -2] Name or service not known',))
HTTPConnectionPool(host='web.dmi.unict.itcorsi', port=80): Max retries exceeded with url: /l-35 (Caused by NewConnectionError('<urllib3.connection.HTTPConnection object at 0x7f9de82eb0f0>: Failed to establish a new connection: [Errno -2] Name or service not known',))
HTTPConnectionPool(host='web.dmi.unict.itcorsi', port=80): Max retries exceeded with url: /lm-18 (Caused by NewConnectionError('<urllib3.connection.HTTPConnection object at 0x7f9de82eb0b8>: Failed to establish a new connection: [Errno -2] Name or service not known',))
HTTPConnectionPool(host='web.dmi.unict.itcorsi', port=80): Max retries exceeded with url: /lm-40 (Caused by NewConnectionError('<urllib3.connection.HTTPConnection object at 0x7f9de82eb080>: Failed to establish a new connection: [Errno -2] Name or service not known',))
HTTPConnectionPool(host='www.dieei.unict.itcorsi', port=80): Max retries exceeded with url: /l-8-ele (Caused by NewConnectionError('<urllib3.connection.HTTPConnection object at 0x7f9de80e9c50>: Failed to establish a new connection: [Errno -2] Name or service not known',))
HTTPConnectionPool(host='www.dieei.unict.itcorsi', port=80): Max retries exceeded with url: /l-9 (Caused by NewConnectionError('<urllib3.connection.HTTPConnection object at 0x7f9de80e9ac8>: Failed to establish a new connection: [Errno -2] Name or service not known',))
HTTPConnectionPool(host='www.dieei.unict.itcorsi', port=80): Max retries exceeded with url: /l-8-inf (Caused by NewConnectionError('<urllib3.connection.HTTPConnection object at 0x7f9de80e9fd0>: Failed to establish a new connection: [Errno -2] Name or service not known',))
HTTPConnectionPool(host='www.dieei.unict.itcorsi', port=80): Max retries exceeded with url: /lm-25 (Caused by NewConnectionError('<urllib3.connection.HTTPConnection object at 0x7f9de80e9b70>: Failed to establish a new connection: [Errno -2] Name or service not known',))
HTTPConnectionPool(host='www.dieei.unict.itcorsi', port=80): Max retries exceeded with url: /lm-28 (Caused by NewConnectionError('<urllib3.connection.HTTPConnection object at 0x7f9de80e9eb8>: Failed to establish a new connection: [Errno -2] Name or service not known',))
HTTPConnectionPool(host='www.dieei.unict.itcorsi', port=80): Max retries exceeded with url: /lm-29 (Caused by NewConnectionError('<urllib3.connection.HTTPConnection object at 0x7f9de80e99e8>: Failed to establish a new connection: [Errno -2] Name or service not known',))
HTTPConnectionPool(host='www.dieei.unict.itcorsi', port=80): Max retries exceeded with url: /lm-27 (Caused by NewConnectionError('<urllib3.connection.HTTPConnection object at 0x7f9de80e9e80>: Failed to establish a new connection: [Errno -2] Name or service not known',))
HTTPConnectionPool(host='www.dieei.unict.itcorsi', port=80): Max retries exceeded with url: /lm-32 (Caused by NewConnectionError('<urllib3.connection.HTTPConnection object at 0x7f9de80bf2b0>: Failed to establish a new connection: [Errno -2] Name or service not known',))
HTTPConnectionPool(host='www.dieei.unict.itcorsi', port=80): Max retries exceeded with url: /l-8-ele (Caused by NewConnectionError('<urllib3.connection.HTTPConnection object at 0x7f9de84032b0>: Failed to establish a new connection: [Errno -2] Name or service not known',))
HTTPConnectionPool(host='www.dieei.unict.itcorsi', port=80): Max retries exceeded with url: /l-9 (Caused by NewConnectionError('<urllib3.connection.HTTPConnection object at 0x7f9de83d8208>: Failed to establish a new connection: [Errno -2] Name or service not known',))
HTTPConnectionPool(host='www.dieei.unict.itcorsi', port=80): Max retries exceeded with url: /l-8-inf (Caused by NewConnectionError('<urllib3.connection.HTTPConnection object at 0x7f9de83d8128>: Failed to establish a new connection: [Errno -2] Name or service not known',))
HTTPConnectionPool(host='www.dieei.unict.itcorsi', port=80): Max retries exceeded with url: /lm-25 (Caused by NewConnectionError('<urllib3.connection.HTTPConnection object at 0x7f9de8398be0>: Failed to establish a new connection: [Errno -2] Name or service not known',))
HTTPConnectionPool(host='www.dieei.unict.itcorsi', port=80): Max retries exceeded with url: /lm-28 (Caused by NewConnectionError('<urllib3.connection.HTTPConnection object at 0x7f9de82d4eb8>: Failed to establish a new connection: [Errno -2] Name or service not known',))
HTTPConnectionPool(host='www.dieei.unict.itcorsi', port=80): Max retries exceeded with url: /lm-29 (Caused by NewConnectionError('<urllib3.connection.HTTPConnection object at 0x7f9de83982b0>: Failed to establish a new connection: [Errno -2] Name or service not known',))
HTTPConnectionPool(host='www.dieei.unict.itcorsi', port=80): Max retries exceeded with url: /lm-27 (Caused by NewConnectionError('<urllib3.connection.HTTPConnection object at 0x7f9de8398358>: Failed to establish a new connection: [Errno -2] Name or service not known',))
HTTPConnectionPool(host='www.dieei.unict.itcorsi', port=80): Max retries exceeded with url: /lm-32 (Caused by NewConnectionError('<urllib3.connection.HTTPConnection object at 0x7f9de83984e0>: Failed to establish a new connection: [Errno -2] Name or service not known',))
HTTPConnectionPool(host='web.dmi.unict.itcorsi', port=80): Max retries exceeded with url: /l-31 (Caused by NewConnectionError('<urllib3.connection.HTTPConnection object at 0x7f7b6851fa90>: Failed to establish a new connection: [Errno -2] Name or service not known',))
HTTPConnectionPool(host='web.dmi.unict.itcorsi', port=80): Max retries exceeded with url: /l-35 (Caused by NewConnectionError('<urllib3.connection.HTTPConnection object at 0x7f7b6851fdd8>: Failed to establish a new connection: [Errno -2] Name or service not known',))
HTTPConnectionPool(host='web.dmi.unict.itcorsi', port=80): Max retries exceeded with url: /lm-18 (Caused by NewConnectionError('<urllib3.connection.HTTPConnection object at 0x7f7b6851f9e8>: Failed to establish a new connection: [Errno -2] Name or service not known',))
HTTPConnectionPool(host='web.dmi.unict.itcorsi', port=80): Max retries exceeded with url: /lm-40 (Caused by NewConnectionError('<urllib3.connection.HTTPConnection object at 0x7f7b6851fcf8>: Failed to establish a new connection: [Errno -2] Name or service not known',))
HTTPConnectionPool(host='web.dmi.unict.itcorsi', port=80): Max retries exceeded with url: /l-31 (Caused by NewConnectionError('<urllib3.connection.HTTPConnection object at 0x7f7b6842b2e8>: Failed to establish a new connection: [Errno -2] Name or service not known',))
HTTPConnectionPool(host='web.dmi.unict.itcorsi', port=80): Max retries exceeded with url: /l-35 (Caused by NewConnectionError('<urllib3.connection.HTTPConnection object at 0x7f7b6842b0f0>: Failed to establish a new connection: [Errno -2] Name or service not known',))
HTTPConnectionPool(host='web.dmi.unict.itcorsi', port=80): Max retries exceeded with url: /lm-18 (Caused by NewConnectionError('<urllib3.connection.HTTPConnection object at 0x7f7b6842e2e8>: Failed to establish a new connection: [Errno -2] Name or service not known',))
HTTPConnectionPool(host='web.dmi.unict.itcorsi', port=80): Max retries exceeded with url: /lm-40 (Caused by NewConnectionError('<urllib3.connection.HTTPConnection object at 0x7f7b6842e0f0>: Failed to establish a new connection: [Errno -2] Name or service not known',))
HTTPConnectionPool(host='www.dieei.unict.itcorsi', port=80): Max retries exceeded with url: /l-8-ele (Caused by NewConnectionError('<urllib3.connection.HTTPConnection object at 0x7f7b68156208>: Failed to establish a new connection: [Errno -2] Name or service not known',))
HTTPConnectionPool(host='www.dieei.unict.itcorsi', port=80): Max retries exceeded with url: /l-9 (Caused by NewConnectionError('<urllib3.connection.HTTPConnection object at 0x7f7b68156978>: Failed to establish a new connection: [Errno -2] Name or service not known',))
HTTPConnectionPool(host='www.dieei.unict.itcorsi', port=80): Max retries exceeded with url: /l-8-inf (Caused by NewConnectionError('<urllib3.connection.HTTPConnection object at 0x7f7b681560f0>: Failed to establish a new connection: [Errno -2] Name or service not known',))
HTTPConnectionPool(host='www.dieei.unict.itcorsi', port=80): Max retries exceeded with url: /lm-25 (Caused by NewConnectionError('<urllib3.connection.HTTPConnection object at 0x7f7b68156a90>: Failed to establish a new connection: [Errno -2] Name or service not known',))
HTTPConnectionPool(host='www.dieei.unict.itcorsi', port=80): Max retries exceeded with url: /lm-28 (Caused by NewConnectionError('<urllib3.connection.HTTPConnection object at 0x7f7b68156978>: Failed to establish a new connection: [Errno -2] Name or service not known',))
HTTPConnectionPool(host='www.dieei.unict.itcorsi', port=80): Max retries exceeded with url: /lm-29 (Caused by NewConnectionError('<urllib3.connection.HTTPConnection object at 0x7f7b681560f0>: Failed to establish a new connection: [Errno -2] Name or service not known',))
HTTPConnectionPool(host='www.dieei.unict.itcorsi', port=80): Max retries exceeded with url: /lm-27 (Caused by NewConnectionError('<urllib3.connection.HTTPConnection object at 0x7f7b69c102e8>: Failed to establish a new connection: [Errno -2] Name or service not known',))
HTTPConnectionPool(host='www.dieei.unict.itcorsi', port=80): Max retries exceeded with url: /lm-32 (Caused by NewConnectionError('<urllib3.connection.HTTPConnection object at 0x7f7b69c10128>: Failed to establish a new connection: [Errno -2] Name or service not known',))
HTTPConnectionPool(host='www.dieei.unict.itcorsi', port=80): Max retries exceeded with url: /l-8-ele (Caused by NewConnectionError('<urllib3.connection.HTTPConnection object at 0x7f7b681866d8>: Failed to establish a new connection: [Errno -2] Name or service not known',))
HTTPConnectionPool(host='www.dieei.unict.itcorsi', port=80): Max retries exceeded with url: /l-9 (Caused by NewConnectionError('<urllib3.connection.HTTPConnection object at 0x7f7b68186a58>: Failed to establish a new connection: [Errno -2] Name or service not known',))
HTTPConnectionPool(host='www.dieei.unict.itcorsi', port=80): Max retries exceeded with url: /l-8-inf (Caused by NewConnectionError('<urllib3.connection.HTTPConnection object at 0x7f7b68186a58>: Failed to establish a new connection: [Errno -2] Name or service not known',))
HTTPConnectionPool(host='www.dieei.unict.itcorsi', port=80): Max retries exceeded with url: /lm-25 (Caused by NewConnectionError('<urllib3.connection.HTTPConnection object at 0x7f7b681864a8>: Failed to establish a new connection: [Errno -2] Name or service not known',))
HTTPConnectionPool(host='www.dieei.unict.itcorsi', port=80): Max retries exceeded with url: /lm-28 (Caused by NewConnectionError('<urllib3.connection.HTTPConnection object at 0x7f7b681863c8>: Failed to establish a new connection: [Errno -2] Name or service not known',))
HTTPConnectionPool(host='www.dieei.unict.itcorsi', port=80): Max retries exceeded with url: /lm-29 (Caused by NewConnectionError('<urllib3.connection.HTTPConnection object at 0x7f7b680c2b70>: Failed to establish a new connection: [Errno -2] Name or service not known',))
HTTPConnectionPool(host='www.dieei.unict.itcorsi', port=80): Max retries exceeded with url: /lm-27 (Caused by NewConnectionError('<urllib3.connection.HTTPConnection object at 0x7f7b681864a8>: Failed to establish a new connection: [Errno -2] Name or service not known',))
HTTPConnectionPool(host='www.dieei.unict.itcorsi', port=80): Max retries exceeded with url: /lm-32 (Caused by NewConnectionError('<urllib3.connection.HTTPConnection object at 0x7f7b681864a8>: Failed to establish a new connection: [Errno -2] Name or service not known',))
HTTPConnectionPool(host='web.dmi.unict.itcorsi', port=80): Max retries exceeded with url: /l-31 (Caused by NewConnectionError('<urllib3.connection.HTTPConnection object at 0x7f9b68390cf8>: Failed to establish a new connection: [Errno -2] Name or service not known',))
HTTPConnectionPool(host='web.dmi.unict.itcorsi', port=80): Max retries exceeded with url: /l-35 (Caused by NewConnectionError('<urllib3.connection.HTTPConnection object at 0x7f9b68390cc0>: Failed to establish a new connection: [Errno -2] Name or service not known',))
HTTPConnectionPool(host='web.dmi.unict.itcorsi', port=80): Max retries exceeded with url: /lm-18 (Caused by NewConnectionError('<urllib3.connection.HTTPConnection object at 0x7f9b68390dd8>: Failed to establish a new connection: [Errno -2] Name or service not known',))
HTTPConnectionPool(host='web.dmi.unict.itcorsi', port=80): Max retries exceeded with url: /lm-40 (Caused by NewConnectionError('<urllib3.connection.HTTPConnection object at 0x7f9b68390e48>: Failed to establish a new connection: [Errno -2] Name or service not known',))
HTTPConnectionPool(host='web.dmi.unict.itcorsi', port=80): Max retries exceeded with url: /l-31 (Caused by NewConnectionError('<urllib3.connection.HTTPConnection object at 0x7f9b6829d2e8>: Failed to establish a new connection: [Errno -2] Name or service not known',))
HTTPConnectionPool(host='web.dmi.unict.itcorsi', port=80): Max retries exceeded with url: /l-35 (Caused by NewConnectionError('<urllib3.connection.HTTPConnection object at 0x7f9b6829d2e8>: Failed to establish a new connection: [Errno -2] Name or service not known',))
HTTPConnectionPool(host='web.dmi.unict.itcorsi', port=80): Max retries exceeded with url: /lm-18 (Caused by NewConnectionError('<urllib3.connection.HTTPConnection object at 0x7f9b6829d0f0>: Failed to establish a new connection: [Errno -2] Name or service not known',))
HTTPConnectionPool(host='web.dmi.unict.itcorsi', port=80): Max retries exceeded with url: /lm-40 (Caused by NewConnectionError('<urllib3.connection.HTTPConnection object at 0x7f9b6829d0b8>: Failed to establish a new connection: [Errno -2] Name or service not known',))
HTTPConnectionPool(host='www.dieei.unict.itcorsi', port=80): Max retries exceeded with url: /l-8-ele (Caused by NewConnectionError('<urllib3.connection.HTTPConnection object at 0x7f9b52f6d9b0>: Failed to establish a new connection: [Errno -2] Name or service not known',))
HTTPConnectionPool(host='www.dieei.unict.itcorsi', port=80): Max retries exceeded with url: /l-9 (Caused by NewConnectionError('<urllib3.connection.HTTPConnection object at 0x7f9b52f6df98>: Failed to establish a new connection: [Errno -2] Name or service not known',))
HTTPConnectionPool(host='www.dieei.unict.itcorsi', port=80): Max retries exceeded with url: /l-8-inf (Caused by NewConnectionError('<urllib3.connection.HTTPConnection object at 0x7f9b52f6d278>: Failed to establish a new connection: [Errno -2] Name or service not known',))
HTTPConnectionPool(host='www.dieei.unict.itcorsi', port=80): Max retries exceeded with url: /lm-25 (Caused by NewConnectionError('<urllib3.connection.HTTPConnection object at 0x7f9b52f6dd30>: Failed to establish a new connection: [Errno -2] Name or service not known',))
HTTPConnectionPool(host='www.dieei.unict.itcorsi', port=80): Max retries exceeded with url: /lm-28 (Caused by NewConnectionError('<urllib3.connection.HTTPConnection object at 0x7f9b52f6df98>: Failed to establish a new connection: [Errno -2] Name or service not known',))
HTTPConnectionPool(host='www.dieei.unict.itcorsi', port=80): Max retries exceeded with url: /lm-29 (Caused by NewConnectionError('<urllib3.connection.HTTPConnection object at 0x7f9b52f6da58>: Failed to establish a new connection: [Errno -2] Name or service not known',))
HTTPConnectionPool(host='www.dieei.unict.itcorsi', port=80): Max retries exceeded with url: /lm-27 (Caused by NewConnectionError('<urllib3.connection.HTTPConnection object at 0x7f9b6ba86f28>: Failed to establish a new connection: [Errno -2] Name or service not known',))
HTTPConnectionPool(host='www.dieei.unict.itcorsi', port=80): Max retries exceeded with url: /lm-32 (Caused by NewConnectionError('<urllib3.connection.HTTPConnection object at 0x7f9b6ba86e10>: Failed to establish a new connection: [Errno -2] Name or service not known',))
HTTPConnectionPool(host='www.dieei.unict.itcorsi', port=80): Max retries exceeded with url: /l-8-ele (Caused by NewConnectionError('<urllib3.connection.HTTPConnection object at 0x7f9b52ff2f98>: Failed to establish a new connection: [Errno -2] Name or service not known',))
HTTPConnectionPool(host='www.dieei.unict.itcorsi', port=80): Max retries exceeded with url: /l-9 (Caused by NewConnectionError('<urllib3.connection.HTTPConnection object at 0x7f9b52ff2e48>: Failed to establish a new connection: [Errno -2] Name or service not known',))
HTTPConnectionPool(host='www.dieei.unict.itcorsi', port=80): Max retries exceeded with url: /l-8-inf (Caused by NewConnectionError('<urllib3.connection.HTTPConnection object at 0x7f9b52ff2ba8>: Failed to establish a new connection: [Errno -2] Name or service not known',))
HTTPConnectionPool(host='www.dieei.unict.itcorsi', port=80): Max retries exceeded with url: /lm-25 (Caused by NewConnectionError('<urllib3.connection.HTTPConnection object at 0x7f9b52ff2f60>: Failed to establish a new connection: [Errno -2] Name or service not known',))
HTTPConnectionPool(host='www.dieei.unict.itcorsi', port=80): Max retries exceeded with url: /lm-28 (Caused by NewConnectionError('<urllib3.connection.HTTPConnection object at 0x7f9b52ff2ba8>: Failed to establish a new connection: [Errno -2] Name or service not known',))
HTTPConnectionPool(host='www.dieei.unict.itcorsi', port=80): Max retries exceeded with url: /lm-29 (Caused by NewConnectionError('<urllib3.connection.HTTPConnection object at 0x7f9b52ff2e48>: Failed to establish a new connection: [Errno -2] Name or service not known',))
HTTPConnectionPool(host='www.dieei.unict.itcorsi', port=80): Max retries exceeded with url: /lm-27 (Caused by NewConnectionError('<urllib3.connection.HTTPConnection object at 0x7f9b52ff2ba8>: Failed to establish a new connection: [Errno -2] Name or service not known',))
HTTPConnectionPool(host='www.dieei.unict.itcorsi', port=80): Max retries exceeded with url: /lm-32 (Caused by NewConnectionError('<urllib3.connection.HTTPConnection object at 0x7f9b52ff2e48>: Failed to establish a new connection: [Errno -2] Name or service not known',))
HTTPConnectionPool(host='web.dmi.unict.itcorsi', port=80): Max retries exceeded with url: /l-31 (Caused by NewConnectionError('<urllib3.connection.HTTPConnection object at 0x7f5397a09208>: Failed to establish a new connection: [Errno -2] Name or service not known',))
HTTPConnectionPool(host='web.dmi.unict.itcorsi', port=80): Max retries exceeded with url: /l-35 (Caused by NewConnectionError('<urllib3.connection.HTTPConnection object at 0x7f5397a094a8>: Failed to establish a new connection: [Errno -2] Name or service not known',))
HTTPConnectionPool(host='web.dmi.unict.itcorsi', port=80): Max retries exceeded with url: /lm-18 (Caused by NewConnectionError('<urllib3.connection.HTTPConnection object at 0x7f53979f0898>: Failed to establish a new connection: [Errno -2] Name or service not known',))
HTTPConnectionPool(host='web.dmi.unict.itcorsi', port=80): Max retries exceeded with url: /lm-40 (Caused by NewConnectionError('<urllib3.connection.HTTPConnection object at 0x7f53979f0860>: Failed to establish a new connection: [Errno -2] Name or service not known',))
HTTPConnectionPool(host='web.dmi.unict.itcorsi', port=80): Max retries exceeded with url: /l-31 (Caused by NewConnectionError('<urllib3.connection.HTTPConnection object at 0x7f5394202278>: Failed to establish a new connection: [Errno -2] Name or service not known',))
HTTPConnectionPool(host='web.dmi.unict.itcorsi', port=80): Max retries exceeded with url: /l-35 (Caused by NewConnectionError('<urllib3.connection.HTTPConnection object at 0x7f5394202080>: Failed to establish a new connection: [Errno -2] Name or service not known',))
HTTPConnectionPool(host='web.dmi.unict.itcorsi', port=80): Max retries exceeded with url: /lm-18 (Caused by NewConnectionError('<urllib3.connection.HTTPConnection object at 0x7f5394205278>: Failed to establish a new connection: [Errno -2] Name or service not known',))
HTTPConnectionPool(host='web.dmi.unict.itcorsi', port=80): Max retries exceeded with url: /lm-40 (Caused by NewConnectionError('<urllib3.connection.HTTPConnection object at 0x7f5394205080>: Failed to establish a new connection: [Errno -2] Name or service not known',))
HTTPConnectionPool(host='www.dieei.unict.itcorsi', port=80): Max retries exceeded with url: /l-8-ele (Caused by NewConnectionError('<urllib3.connection.HTTPConnection object at 0x7f537efe24a8>: Failed to establish a new connection: [Errno -2] Name or service not known',))
HTTPConnectionPool(host='www.dieei.unict.itcorsi', port=80): Max retries exceeded with url: /l-9 (Caused by NewConnectionError('<urllib3.connection.HTTPConnection object at 0x7f537efe2fd0>: Failed to establish a new connection: [Errno -2] Name or service not known',))
HTTPConnectionPool(host='www.dieei.unict.itcorsi', port=80): Max retries exceeded with url: /l-8-inf (Caused by NewConnectionError('<urllib3.connection.HTTPConnection object at 0x7f537efe2b38>: Failed to establish a new connection: [Errno -2] Name or service not known',))
HTTPConnectionPool(host='www.dieei.unict.itcorsi', port=80): Max retries exceeded with url: /lm-25 (Caused by NewConnectionError('<urllib3.connection.HTTPConnection object at 0x7f537efe2358>: Failed to establish a new connection: [Errno -2] Name or service not known',))
HTTPConnectionPool(host='www.dieei.unict.itcorsi', port=80): Max retries exceeded with url: /lm-28 (Caused by NewConnectionError('<urllib3.connection.HTTPConnection object at 0x7f537efe22e8>: Failed to establish a new connection: [Errno -2] Name or service not known',))
HTTPConnectionPool(host='www.dieei.unict.itcorsi', port=80): Max retries exceeded with url: /lm-29 (Caused by NewConnectionError('<urllib3.connection.HTTPConnection object at 0x7f537efe2278>: Failed to establish a new connection: [Errno -2] Name or service not known',))
HTTPConnectionPool(host='www.dieei.unict.itcorsi', port=80): Max retries exceeded with url: /lm-27 (Caused by NewConnectionError('<urllib3.connection.HTTPConnection object at 0x7f537efe2f98>: Failed to establish a new connection: [Errno -2] Name or service not known',))
HTTPConnectionPool(host='www.dieei.unict.itcorsi', port=80): Max retries exceeded with url: /lm-32 (Caused by NewConnectionError('<urllib3.connection.HTTPConnection object at 0x7f53979f0898>: Failed to establish a new connection: [Errno -2] Name or service not known',))
HTTPConnectionPool(host='www.dieei.unict.itcorsi', port=80): Max retries exceeded with url: /l-8-ele (Caused by NewConnectionError('<urllib3.connection.HTTPConnection object at 0x7f5394060400>: Failed to establish a new connection: [Errno -2] Name or service not known',))
HTTPConnectionPool(host='www.dieei.unict.itcorsi', port=80): Max retries exceeded with url: /l-9 (Caused by NewConnectionError('<urllib3.connection.HTTPConnection object at 0x7f5394060be0>: Failed to establish a new connection: [Errno -2] Name or service not known',))
HTTPConnectionPool(host='www.dieei.unict.itcorsi', port=80): Max retries exceeded with url: /l-8-inf (Caused by NewConnectionError('<urllib3.connection.HTTPConnection object at 0x7f5394060208>: Failed to establish a new connection: [Errno -2] Name or service not known',))
HTTPConnectionPool(host='www.dieei.unict.itcorsi', port=80): Max retries exceeded with url: /lm-25 (Caused by NewConnectionError('<urllib3.connection.HTTPConnection object at 0x7f537eee8ac8>: Failed to establish a new connection: [Errno -2] Name or service not known',))
HTTPConnectionPool(host='www.dieei.unict.itcorsi', port=80): Max retries exceeded with url: /lm-28 (Caused by NewConnectionError('<urllib3.connection.HTTPConnection object at 0x7f537eee8710>: Failed to establish a new connection: [Errno -2] Name or service not known',))
HTTPConnectionPool(host='www.dieei.unict.itcorsi', port=80): Max retries exceeded with url: /lm-29 (Caused by NewConnectionError('<urllib3.connection.HTTPConnection object at 0x7f537eee8ac8>: Failed to establish a new connection: [Errno -2] Name or service not known',))
HTTPConnectionPool(host='www.dieei.unict.itcorsi', port=80): Max retries exceeded with url: /lm-27 (Caused by NewConnectionError('<urllib3.connection.HTTPConnection object at 0x7f537eee8710>: Failed to establish a new connection: [Errno -2] Name or service not known',))
HTTPConnectionPool(host='www.dieei.unict.itcorsi', port=80): Max retries exceeded with url: /lm-32 (Caused by NewConnectionError('<urllib3.connection.HTTPConnection object at 0x7f537eee86a0>: Failed to establish a new connection: [Errno -2] Name or service not known',))
HTTPConnectionPool(host='web.dmi.unict.itcorsi', port=80): Max retries exceeded with url: /l-31 (Caused by NewConnectionError('<urllib3.connection.HTTPConnection object at 0x7f39284c4cf8>: Failed to establish a new connection: [Errno -2] Name or service not known',))
HTTPConnectionPool(host='web.dmi.unict.itcorsi', port=80): Max retries exceeded with url: /l-35 (Caused by NewConnectionError('<urllib3.connection.HTTPConnection object at 0x7f39284c4cc0>: Failed to establish a new connection: [Errno -2] Name or service not known',))
HTTPConnectionPool(host='web.dmi.unict.itcorsi', port=80): Max retries exceeded with url: /lm-18 (Caused by NewConnectionError('<urllib3.connection.HTTPConnection object at 0x7f39284c4dd8>: Failed to establish a new connection: [Errno -2] Name or service not known',))
HTTPConnectionPool(host='web.dmi.unict.itcorsi', port=80): Max retries exceeded with url: /lm-40 (Caused by NewConnectionError('<urllib3.connection.HTTPConnection object at 0x7f39284c4e48>: Failed to establish a new connection: [Errno -2] Name or service not known',))
HTTPConnectionPool(host='web.dmi.unict.itcorsi', port=80): Max retries exceeded with url: /l-31 (Caused by NewConnectionError('<urllib3.connection.HTTPConnection object at 0x7f39283d0320>: Failed to establish a new connection: [Errno -2] Name or service not known',))
HTTPConnectionPool(host='web.dmi.unict.itcorsi', port=80): Max retries exceeded with url: /l-35 (Caused by NewConnectionError('<urllib3.connection.HTTPConnection object at 0x7f39283d0320>: Failed to establish a new connection: [Errno -2] Name or service not known',))
HTTPConnectionPool(host='web.dmi.unict.itcorsi', port=80): Max retries exceeded with url: /lm-18 (Caused by NewConnectionError('<urllib3.connection.HTTPConnection object at 0x7f39283d0128>: Failed to establish a new connection: [Errno -2] Name or service not known',))
HTTPConnectionPool(host='web.dmi.unict.itcorsi', port=80): Max retries exceeded with url: /lm-40 (Caused by NewConnectionError('<urllib3.connection.HTTPConnection object at 0x7f39283d00f0>: Failed to establish a new connection: [Errno -2] Name or service not known',))
HTTPConnectionPool(host='www.dieei.unict.itcorsi', port=80): Max retries exceeded with url: /l-8-ele (Caused by NewConnectionError('<urllib3.connection.HTTPConnection object at 0x7f3928168240>: Failed to establish a new connection: [Errno -2] Name or service not known',))
HTTPConnectionPool(host='www.dieei.unict.itcorsi', port=80): Max retries exceeded with url: /l-9 (Caused by NewConnectionError('<urllib3.connection.HTTPConnection object at 0x7f39281680b8>: Failed to establish a new connection: [Errno -2] Name or service not known',))
HTTPConnectionPool(host='www.dieei.unict.itcorsi', port=80): Max retries exceeded with url: /l-8-inf (Caused by NewConnectionError('<urllib3.connection.HTTPConnection object at 0x7f3928168208>: Failed to establish a new connection: [Errno -2] Name or service not known',))
HTTPConnectionPool(host='www.dieei.unict.itcorsi', port=80): Max retries exceeded with url: /lm-25 (Caused by NewConnectionError('<urllib3.connection.HTTPConnection object at 0x7f3928168438>: Failed to establish a new connection: [Errno -2] Name or service not known',))
HTTPConnectionPool(host='www.dieei.unict.itcorsi', port=80): Max retries exceeded with url: /lm-28 (Caused by NewConnectionError('<urllib3.connection.HTTPConnection object at 0x7f39281680b8>: Failed to establish a new connection: [Errno -2] Name or service not known',))
HTTPConnectionPool(host='www.dieei.unict.itcorsi', port=80): Max retries exceeded with url: /lm-29 (Caused by NewConnectionError('<urllib3.connection.HTTPConnection object at 0x7f3928168208>: Failed to establish a new connection: [Errno -2] Name or service not known',))
HTTPConnectionPool(host='www.dieei.unict.itcorsi', port=80): Max retries exceeded with url: /lm-27 (Caused by NewConnectionError('<urllib3.connection.HTTPConnection object at 0x7f3928168438>: Failed to establish a new connection: [Errno -2] Name or service not known',))
HTTPConnectionPool(host='www.dieei.unict.itcorsi', port=80): Max retries exceeded with url: /lm-32 (Caused by NewConnectionError('<urllib3.connection.HTTPConnection object at 0x7f392abad5f8>: Failed to establish a new connection: [Errno -2] Name or service not known',))
HTTPConnectionPool(host='www.dieei.unict.itcorsi', port=80): Max retries exceeded with url: /l-8-ele (Caused by NewConnectionError('<urllib3.connection.HTTPConnection object at 0x7f392abad240>: Failed to establish a new connection: [Errno -2] Name or service not known',))
HTTPConnectionPool(host='www.dieei.unict.itcorsi', port=80): Max retries exceeded with url: /l-9 (Caused by NewConnectionError('<urllib3.connection.HTTPConnection object at 0x7f392abad2b0>: Failed to establish a new connection: [Errno -2] Name or service not known',))
HTTPConnectionPool(host='www.dieei.unict.itcorsi', port=80): Max retries exceeded with url: /l-8-inf (Caused by NewConnectionError('<urllib3.connection.HTTPConnection object at 0x7f392abade80>: Failed to establish a new connection: [Errno -2] Name or service not known',))
HTTPConnectionPool(host='www.dieei.unict.itcorsi', port=80): Max retries exceeded with url: /lm-25 (Caused by NewConnectionError('<urllib3.connection.HTTPConnection object at 0x7f392abad668>: Failed to establish a new connection: [Errno -2] Name or service not known',))
HTTPConnectionPool(host='www.dieei.unict.itcorsi', port=80): Max retries exceeded with url: /lm-28 (Caused by NewConnectionError('<urllib3.connection.HTTPConnection object at 0x7f392abad2b0>: Failed to establish a new connection: [Errno -2] Name or service not known',))
HTTPConnectionPool(host='www.dieei.unict.itcorsi', port=80): Max retries exceeded with url: /lm-29 (Caused by NewConnectionError('<urllib3.connection.HTTPConnection object at 0x7f3928370c50>: Failed to establish a new connection: [Errno -2] Name or service not known',))
HTTPConnectionPool(host='www.dieei.unict.itcorsi', port=80): Max retries exceeded with url: /lm-27 (Caused by NewConnectionError('<urllib3.connection.HTTPConnection object at 0x7f392abad2b0>: Failed to establish a new connection: [Errno -2] Name or service not known',))
HTTPConnectionPool(host='www.dieei.unict.itcorsi', port=80): Max retries exceeded with url: /lm-32 (Caused by NewConnectionError('<urllib3.connection.HTTPConnection object at 0x7f3928370c88>: Failed to establish a new connection: [Errno -2] Name or service not known',))
HTTPConnectionPool(host='web.dmi.unict.itcorsi', port=80): Max retries exceeded with url: /l-31 (Caused by NewConnectionError('<urllib3.connection.HTTPConnection object at 0x7f2ac4277208>: Failed to establish a new connection: [Errno -2] Name or service not known',))
HTTPConnectionPool(host='web.dmi.unict.itcorsi', port=80): Max retries exceeded with url: /l-35 (Caused by NewConnectionError('<urllib3.connection.HTTPConnection object at 0x7f2ac42774a8>: Failed to establish a new connection: [Errno -2] Name or service not known',))
HTTPConnectionPool(host='web.dmi.unict.itcorsi', port=80): Max retries exceeded with url: /lm-18 (Caused by NewConnectionError('<urllib3.connection.HTTPConnection object at 0x7f2ac425e898>: Failed to establish a new connection: [Errno -2] Name or service not known',))
HTTPConnectionPool(host='web.dmi.unict.itcorsi', port=80): Max retries exceeded with url: /lm-40 (Caused by NewConnectionError('<urllib3.connection.HTTPConnection object at 0x7f2ac425e860>: Failed to establish a new connection: [Errno -2] Name or service not known',))
HTTPConnectionPool(host='web.dmi.unict.itcorsi', port=80): Max retries exceeded with url: /l-31 (Caused by NewConnectionError('<urllib3.connection.HTTPConnection object at 0x7f2ac026d2b0>: Failed to establish a new connection: [Errno -2] Name or service not known',))
HTTPConnectionPool(host='web.dmi.unict.itcorsi', port=80): Max retries exceeded with url: /l-35 (Caused by NewConnectionError('<urllib3.connection.HTTPConnection object at 0x7f2ac026d0b8>: Failed to establish a new connection: [Errno -2] Name or service not known',))
HTTPConnectionPool(host='web.dmi.unict.itcorsi', port=80): Max retries exceeded with url: /lm-18 (Caused by NewConnectionError('<urllib3.connection.HTTPConnection object at 0x7f2ac02702b0>: Failed to establish a new connection: [Errno -2] Name or service not known',))
HTTPConnectionPool(host='web.dmi.unict.itcorsi', port=80): Max retries exceeded with url: /lm-40 (Caused by NewConnectionError('<urllib3.connection.HTTPConnection object at 0x7f2ac02702b0>: Failed to establish a new connection: [Errno -2] Name or service not known',))
HTTPConnectionPool(host='www.dieei.unict.itcorsi', port=80): Max retries exceeded with url: /l-8-ele (Caused by NewConnectionError('<urllib3.connection.HTTPConnection object at 0x7f2aa37a8e80>: Failed to establish a new connection: [Errno -2] Name or service not known',))
HTTPConnectionPool(host='www.dieei.unict.itcorsi', port=80): Max retries exceeded with url: /l-9 (Caused by NewConnectionError('<urllib3.connection.HTTPConnection object at 0x7f2aa37a8b38>: Failed to establish a new connection: [Errno -2] Name or service not known',))
HTTPConnectionPool(host='www.dieei.unict.itcorsi', port=80): Max retries exceeded with url: /l-8-inf (Caused by NewConnectionError('<urllib3.connection.HTTPConnection object at 0x7f2aa37a85f8>: Failed to establish a new connection: [Errno -2] Name or service not known',))
HTTPConnectionPool(host='www.dieei.unict.itcorsi', port=80): Max retries exceeded with url: /lm-25 (Caused by NewConnectionError('<urllib3.connection.HTTPConnection object at 0x7f2aa37a8d30>: Failed to establish a new connection: [Errno -2] Name or service not known',))
HTTPConnectionPool(host='www.dieei.unict.itcorsi', port=80): Max retries exceeded with url: /lm-28 (Caused by NewConnectionError('<urllib3.connection.HTTPConnection object at 0x7f2aa37a8f98>: Failed to establish a new connection: [Errno -2] Name or service not known',))
HTTPConnectionPool(host='www.dieei.unict.itcorsi', port=80): Max retries exceeded with url: /lm-29 (Caused by NewConnectionError('<urllib3.connection.HTTPConnection object at 0x7f2aa37a8a58>: Failed to establish a new connection: [Errno -2] Name or service not known',))
HTTPConnectionPool(host='www.dieei.unict.itcorsi', port=80): Max retries exceeded with url: /lm-27 (Caused by NewConnectionError('<urllib3.connection.HTTPConnection object at 0x7f2aa37a8f60>: Failed to establish a new connection: [Errno -2] Name or service not known',))
HTTPConnectionPool(host='www.dieei.unict.itcorsi', port=80): Max retries exceeded with url: /lm-32 (Caused by NewConnectionError('<urllib3.connection.HTTPConnection object at 0x7f2ac0289630>: Failed to establish a new connection: [Errno -2] Name or service not known',))
HTTPConnectionPool(host='www.dieei.unict.itcorsi', port=80): Max retries exceeded with url: /l-8-ele (Caused by NewConnectionError('<urllib3.connection.HTTPConnection object at 0x7f2ac0281f60>: Failed to establish a new connection: [Errno -2] Name or service not known',))
HTTPConnectionPool(host='www.dieei.unict.itcorsi', port=80): Max retries exceeded with url: /l-9 (Caused by NewConnectionError('<urllib3.connection.HTTPConnection object at 0x7f2ac027c240>: Failed to establish a new connection: [Errno -2] Name or service not known',))
HTTPConnectionPool(host='www.dieei.unict.itcorsi', port=80): Max retries exceeded with url: /l-8-inf (Caused by NewConnectionError('<urllib3.connection.HTTPConnection object at 0x7f2ac027c048>: Failed to establish a new connection: [Errno -2] Name or service not known',))
HTTPConnectionPool(host='www.dieei.unict.itcorsi', port=80): Max retries exceeded with url: /lm-25 (Caused by NewConnectionError('<urllib3.connection.HTTPConnection object at 0x7f2ac00d0b38>: Failed to establish a new connection: [Errno -2] Name or service not known',))
HTTPConnectionPool(host='www.dieei.unict.itcorsi', port=80): Max retries exceeded with url: /lm-28 (Caused by NewConnectionError('<urllib3.connection.HTTPConnection object at 0x7f2ac00d0908>: Failed to establish a new connection: [Errno -2] Name or service not known',))
HTTPConnectionPool(host='www.dieei.unict.itcorsi', port=80): Max retries exceeded with url: /lm-29 (Caused by NewConnectionError('<urllib3.connection.HTTPConnection object at 0x7f2ac00d0b38>: Failed to establish a new connection: [Errno -2] Name or service not known',))
HTTPConnectionPool(host='www.dieei.unict.itcorsi', port=80): Max retries exceeded with url: /lm-27 (Caused by NewConnectionError('<urllib3.connection.HTTPConnection object at 0x7f2aa36e7748>: Failed to establish a new connection: [Errno -2] Name or service not known',))
HTTPConnectionPool(host='www.dieei.unict.itcorsi', port=80): Max retries exceeded with url: /lm-32 (Caused by NewConnectionError('<urllib3.connection.HTTPConnection object at 0x7f2ac00d0e80>: Failed to establish a new connection: [Errno -2] Name or service not known',))
HTTPConnectionPool(host='web.dmi.unict.itcorsi', port=80): Max retries exceeded with url: /l-31 (Caused by NewConnectionError('<urllib3.connection.HTTPConnection object at 0x7fab1e8f74a8>: Failed to establish a new connection: [Errno -2] Name or service not known',))
HTTPConnectionPool(host='web.dmi.unict.itcorsi', port=80): Max retries exceeded with url: /l-35 (Caused by NewConnectionError('<urllib3.connection.HTTPConnection object at 0x7fab1e8f72b0>: Failed to establish a new connection: [Errno -2] Name or service not known',))
HTTPConnectionPool(host='web.dmi.unict.itcorsi', port=80): Max retries exceeded with url: /lm-18 (Caused by NewConnectionError('<urllib3.connection.HTTPConnection object at 0x7fab1e8de898>: Failed to establish a new connection: [Errno -2] Name or service not known',))
HTTPConnectionPool(host='web.dmi.unict.itcorsi', port=80): Max retries exceeded with url: /lm-40 (Caused by NewConnectionError('<urllib3.connection.HTTPConnection object at 0x7fab1e8de198>: Failed to establish a new connection: [Errno -2] Name or service not known',))
HTTPConnectionPool(host='web.dmi.unict.itcorsi', port=80): Max retries exceeded with url: /l-31 (Caused by NewConnectionError('<urllib3.connection.HTTPConnection object at 0x7fab1c0f12b0>: Failed to establish a new connection: [Errno -2] Name or service not known',))
HTTPConnectionPool(host='web.dmi.unict.itcorsi', port=80): Max retries exceeded with url: /l-35 (Caused by NewConnectionError('<urllib3.connection.HTTPConnection object at 0x7fab1c0f10b8>: Failed to establish a new connection: [Errno -2] Name or service not known',))
HTTPConnectionPool(host='web.dmi.unict.itcorsi', port=80): Max retries exceeded with url: /lm-18 (Caused by NewConnectionError('<urllib3.connection.HTTPConnection object at 0x7fab1c0f42b0>: Failed to establish a new connection: [Errno -2] Name or service not known',))
HTTPConnectionPool(host='web.dmi.unict.itcorsi', port=80): Max retries exceeded with url: /lm-40 (Caused by NewConnectionError('<urllib3.connection.HTTPConnection object at 0x7fab1c0f40b8>: Failed to establish a new connection: [Errno -2] Name or service not known',))
HTTPConnectionPool(host='www.dieei.unict.itcorsi', port=80): Max retries exceeded with url: /l-8-ele (Caused by NewConnectionError('<urllib3.connection.HTTPConnection object at 0x7fab0de967b8>: Failed to establish a new connection: [Errno -2] Name or service not known',))
HTTPConnectionPool(host='www.dieei.unict.itcorsi', port=80): Max retries exceeded with url: /l-9 (Caused by NewConnectionError('<urllib3.connection.HTTPConnection object at 0x7fab0de966a0>: Failed to establish a new connection: [Errno -2] Name or service not known',))
HTTPConnectionPool(host='www.dieei.unict.itcorsi', port=80): Max retries exceeded with url: /l-8-inf (Caused by NewConnectionError('<urllib3.connection.HTTPConnection object at 0x7fab0de96c50>: Failed to establish a new connection: [Errno -2] Name or service not known',))
HTTPConnectionPool(host='www.dieei.unict.itcorsi', port=80): Max retries exceeded with url: /lm-25 (Caused by NewConnectionError('<urllib3.connection.HTTPConnection object at 0x7fab0de965f8>: Failed to establish a new connection: [Errno -2] Name or service not known',))
HTTPConnectionPool(host='www.dieei.unict.itcorsi', port=80): Max retries exceeded with url: /lm-28 (Caused by NewConnectionError('<urllib3.connection.HTTPConnection object at 0x7fab1e8cf7b8>: Failed to establish a new connection: [Errno -2] Name or service not known',))
HTTPConnectionPool(host='www.dieei.unict.itcorsi', port=80): Max retries exceeded with url: /lm-29 (Caused by NewConnectionError('<urllib3.connection.HTTPConnection object at 0x7fab1e8cf6d8>: Failed to establish a new connection: [Errno -2] Name or service not known',))
HTTPConnectionPool(host='www.dieei.unict.itcorsi', port=80): Max retries exceeded with url: /lm-27 (Caused by NewConnectionError('<urllib3.connection.HTTPConnection object at 0x7fab1e8cf240>: Failed to establish a new connection: [Errno -2] Name or service not known',))
HTTPConnectionPool(host='www.dieei.unict.itcorsi', port=80): Max retries exceeded with url: /lm-32 (Caused by NewConnectionError('<urllib3.connection.HTTPConnection object at 0x7fab1e8cf9e8>: Failed to establish a new connection: [Errno -2] Name or service not known',))
HTTPConnectionPool(host='www.dieei.unict.itcorsi', port=80): Max retries exceeded with url: /l-8-ele (Caused by NewConnectionError('<urllib3.connection.HTTPConnection object at 0x7fab1e8d9fd0>: Failed to establish a new connection: [Errno -2] Name or service not known',))
HTTPConnectionPool(host='www.dieei.unict.itcorsi', port=80): Max retries exceeded with url: /l-9 (Caused by NewConnectionError('<urllib3.connection.HTTPConnection object at 0x7fab1e8d9278>: Failed to establish a new connection: [Errno -2] Name or service not known',))
HTTPConnectionPool(host='www.dieei.unict.itcorsi', port=80): Max retries exceeded with url: /l-8-inf (Caused by NewConnectionError('<urllib3.connection.HTTPConnection object at 0x7fab1e8d9be0>: Failed to establish a new connection: [Errno -2] Name or service not known',))
HTTPConnectionPool(host='www.dieei.unict.itcorsi', port=80): Max retries exceeded with url: /lm-25 (Caused by NewConnectionError('<urllib3.connection.HTTPConnection object at 0x7fab1e8d9f98>: Failed to establish a new connection: [Errno -2] Name or service not known',))
HTTPConnectionPool(host='www.dieei.unict.itcorsi', port=80): Max retries exceeded with url: /lm-28 (Caused by NewConnectionError('<urllib3.connection.HTTPConnection object at 0x7fab1e8d9278>: Failed to establish a new connection: [Errno -2] Name or service not known',))
HTTPConnectionPool(host='www.dieei.unict.itcorsi', port=80): Max retries exceeded with url: /lm-29 (Caused by NewConnectionError('<urllib3.connection.HTTPConnection object at 0x7fab1c204cc0>: Failed to establish a new connection: [Errno -2] Name or service not known',))
HTTPConnectionPool(host='www.dieei.unict.itcorsi', port=80): Max retries exceeded with url: /lm-27 (Caused by NewConnectionError('<urllib3.connection.HTTPConnection object at 0x7fab1e8d9278>: Failed to establish a new connection: [Errno -2] Name or service not known',))
HTTPConnectionPool(host='www.dieei.unict.itcorsi', port=80): Max retries exceeded with url: /lm-32 (Caused by NewConnectionError('<urllib3.connection.HTTPConnection object at 0x7fab1c204c18>: Failed to establish a new connection: [Errno -2] Name or service not known',))
HTTPConnectionPool(host='web.dmi.unict.itcorsi', port=80): Max retries exceeded with url: /l-31 (Caused by NewConnectionError('<urllib3.connection.HTTPConnection object at 0x7fb670492a90>: Failed to establish a new connection: [Errno -2] Name or service not known',))
HTTPConnectionPool(host='web.dmi.unict.itcorsi', port=80): Max retries exceeded with url: /l-35 (Caused by NewConnectionError('<urllib3.connection.HTTPConnection object at 0x7fb670492dd8>: Failed to establish a new connection: [Errno -2] Name or service not known',))
HTTPConnectionPool(host='web.dmi.unict.itcorsi', port=80): Max retries exceeded with url: /lm-18 (Caused by NewConnectionError('<urllib3.connection.HTTPConnection object at 0x7fb6704929e8>: Failed to establish a new connection: [Errno -2] Name or service not known',))
HTTPConnectionPool(host='web.dmi.unict.itcorsi', port=80): Max retries exceeded with url: /lm-40 (Caused by NewConnectionError('<urllib3.connection.HTTPConnection object at 0x7fb670492cf8>: Failed to establish a new connection: [Errno -2] Name or service not known',))
HTTPConnectionPool(host='web.dmi.unict.itcorsi', port=80): Max retries exceeded with url: /l-31 (Caused by NewConnectionError('<urllib3.connection.HTTPConnection object at 0x7fb67039e2e8>: Failed to establish a new connection: [Errno -2] Name or service not known',))
HTTPConnectionPool(host='web.dmi.unict.itcorsi', port=80): Max retries exceeded with url: /l-35 (Caused by NewConnectionError('<urllib3.connection.HTTPConnection object at 0x7fb67039e0f0>: Failed to establish a new connection: [Errno -2] Name or service not known',))
HTTPConnectionPool(host='web.dmi.unict.itcorsi', port=80): Max retries exceeded with url: /lm-18 (Caused by NewConnectionError('<urllib3.connection.HTTPConnection object at 0x7fb67039e2e8>: Failed to establish a new connection: [Errno -2] Name or service not known',))
HTTPConnectionPool(host='web.dmi.unict.itcorsi', port=80): Max retries exceeded with url: /lm-40 (Caused by NewConnectionError('<urllib3.connection.HTTPConnection object at 0x7fb6703a32e8>: Failed to establish a new connection: [Errno -2] Name or service not known',))
HTTPConnectionPool(host='www.dieei.unict.itcorsi', port=80): Max retries exceeded with url: /l-8-ele (Caused by NewConnectionError('<urllib3.connection.HTTPConnection object at 0x7fb6701e09b0>: Failed to establish a new connection: [Errno -2] Name or service not known',))
HTTPConnectionPool(host='www.dieei.unict.itcorsi', port=80): Max retries exceeded with url: /l-9 (Caused by NewConnectionError('<urllib3.connection.HTTPConnection object at 0x7fb6701e02e8>: Failed to establish a new connection: [Errno -2] Name or service not known',))
HTTPConnectionPool(host='www.dieei.unict.itcorsi', port=80): Max retries exceeded with url: /l-8-inf (Caused by NewConnectionError('<urllib3.connection.HTTPConnection object at 0x7fb6701e05f8>: Failed to establish a new connection: [Errno -2] Name or service not known',))
HTTPConnectionPool(host='www.dieei.unict.itcorsi', port=80): Max retries exceeded with url: /lm-25 (Caused by NewConnectionError('<urllib3.connection.HTTPConnection object at 0x7fb6701e0cf8>: Failed to establish a new connection: [Errno -2] Name or service not known',))
HTTPConnectionPool(host='www.dieei.unict.itcorsi', port=80): Max retries exceeded with url: /lm-28 (Caused by NewConnectionError('<urllib3.connection.HTTPConnection object at 0x7fb6701e0be0>: Failed to establish a new connection: [Errno -2] Name or service not known',))
HTTPConnectionPool(host='www.dieei.unict.itcorsi', port=80): Max retries exceeded with url: /lm-29 (Caused by NewConnectionError('<urllib3.connection.HTTPConnection object at 0x7fb673bf2e80>: Failed to establish a new connection: [Errno -2] Name or service not known',))
HTTPConnectionPool(host='www.dieei.unict.itcorsi', port=80): Max retries exceeded with url: /lm-27 (Caused by NewConnectionError('<urllib3.connection.HTTPConnection object at 0x7fb673bf2fd0>: Failed to establish a new connection: [Errno -2] Name or service not known',))
HTTPConnectionPool(host='www.dieei.unict.itcorsi', port=80): Max retries exceeded with url: /lm-32 (Caused by NewConnectionError('<urllib3.connection.HTTPConnection object at 0x7fb673bf2ba8>: Failed to establish a new connection: [Errno -2] Name or service not known',))
HTTPConnectionPool(host='www.dieei.unict.itcorsi', port=80): Max retries exceeded with url: /l-8-ele (Caused by NewConnectionError('<urllib3.connection.HTTPConnection object at 0x7fb673bd6b38>: Failed to establish a new connection: [Errno -2] Name or service not known',))
HTTPConnectionPool(host='www.dieei.unict.itcorsi', port=80): Max retries exceeded with url: /l-9 (Caused by NewConnectionError('<urllib3.connection.HTTPConnection object at 0x7fb6704fbe10>: Failed to establish a new connection: [Errno -2] Name or service not known',))
HTTPConnectionPool(host='www.dieei.unict.itcorsi', port=80): Max retries exceeded with url: /l-8-inf (Caused by NewConnectionError('<urllib3.connection.HTTPConnection object at 0x7fb6704fbe10>: Failed to establish a new connection: [Errno -2] Name or service not known',))
HTTPConnectionPool(host='www.dieei.unict.itcorsi', port=80): Max retries exceeded with url: /lm-25 (Caused by NewConnectionError('<urllib3.connection.HTTPConnection object at 0x7fb6704fbda0>: Failed to establish a new connection: [Errno -2] Name or service not known',))
HTTPConnectionPool(host='www.dieei.unict.itcorsi', port=80): Max retries exceeded with url: /lm-28 (Caused by NewConnectionError('<urllib3.connection.HTTPConnection object at 0x7fb670438240>: Failed to establish a new connection: [Errno -2] Name or service not known',))
HTTPConnectionPool(host='www.dieei.unict.itcorsi', port=80): Max retries exceeded with url: /lm-29 (Caused by NewConnectionError('<urllib3.connection.HTTPConnection object at 0x7fb670438a20>: Failed to establish a new connection: [Errno -2] Name or service not known',))
HTTPConnectionPool(host='www.dieei.unict.itcorsi', port=80): Max retries exceeded with url: /lm-27 (Caused by NewConnectionError('<urllib3.connection.HTTPConnection object at 0x7fb670438240>: Failed to establish a new connection: [Errno -2] Name or service not known',))
HTTPConnectionPool(host='www.dieei.unict.itcorsi', port=80): Max retries exceeded with url: /lm-32 (Caused by NewConnectionError('<urllib3.connection.HTTPConnection object at 0x7fb670438470>: Failed to establish a new connection: [Errno -2] Name or service not known',))
HTTPConnectionPool(host='web.dmi.unict.itcorsi', port=80): Max retries exceeded with url: /l-31 (Caused by NewConnectionError('<urllib3.connection.HTTPConnection object at 0x7ff10c2b2a90>: Failed to establish a new connection: [Errno -2] Name or service not known',))
HTTPConnectionPool(host='web.dmi.unict.itcorsi', port=80): Max retries exceeded with url: /l-35 (Caused by NewConnectionError('<urllib3.connection.HTTPConnection object at 0x7ff10c2b2dd8>: Failed to establish a new connection: [Errno -2] Name or service not known',))
HTTPConnectionPool(host='web.dmi.unict.itcorsi', port=80): Max retries exceeded with url: /lm-18 (Caused by NewConnectionError('<urllib3.connection.HTTPConnection object at 0x7ff10c2b29e8>: Failed to establish a new connection: [Errno -2] Name or service not known',))
HTTPConnectionPool(host='web.dmi.unict.itcorsi', port=80): Max retries exceeded with url: /lm-40 (Caused by NewConnectionError('<urllib3.connection.HTTPConnection object at 0x7ff10c2b2cf8>: Failed to establish a new connection: [Errno -2] Name or service not known',))
HTTPConnectionPool(host='web.dmi.unict.itcorsi', port=80): Max retries exceeded with url: /l-31 (Caused by NewConnectionError('<urllib3.connection.HTTPConnection object at 0x7ff10c1c02e8>: Failed to establish a new connection: [Errno -2] Name or service not known',))
HTTPConnectionPool(host='web.dmi.unict.itcorsi', port=80): Max retries exceeded with url: /l-35 (Caused by NewConnectionError('<urllib3.connection.HTTPConnection object at 0x7ff10c1c00f0>: Failed to establish a new connection: [Errno -2] Name or service not known',))
HTTPConnectionPool(host='web.dmi.unict.itcorsi', port=80): Max retries exceeded with url: /lm-18 (Caused by NewConnectionError('<urllib3.connection.HTTPConnection object at 0x7ff10c1c32e8>: Failed to establish a new connection: [Errno -2] Name or service not known',))
HTTPConnectionPool(host='web.dmi.unict.itcorsi', port=80): Max retries exceeded with url: /lm-40 (Caused by NewConnectionError('<urllib3.connection.HTTPConnection object at 0x7ff10c1c30f0>: Failed to establish a new connection: [Errno -2] Name or service not known',))
HTTPConnectionPool(host='www.dieei.unict.itcorsi', port=80): Max retries exceeded with url: /l-8-ele (Caused by NewConnectionError('<urllib3.connection.HTTPConnection object at 0x7ff0f66abda0>: Failed to establish a new connection: [Errno -2] Name or service not known',))
HTTPConnectionPool(host='www.dieei.unict.itcorsi', port=80): Max retries exceeded with url: /l-9 (Caused by NewConnectionError('<urllib3.connection.HTTPConnection object at 0x7ff0f66abc88>: Failed to establish a new connection: [Errno -2] Name or service not known',))
HTTPConnectionPool(host='www.dieei.unict.itcorsi', port=80): Max retries exceeded with url: /l-8-inf (Caused by NewConnectionError('<urllib3.connection.HTTPConnection object at 0x7ff0f66abfd0>: Failed to establish a new connection: [Errno -2] Name or service not known',))
HTTPConnectionPool(host='www.dieei.unict.itcorsi', port=80): Max retries exceeded with url: /lm-25 (Caused by NewConnectionError('<urllib3.connection.HTTPConnection object at 0x7ff0f66abda0>: Failed to establish a new connection: [Errno -2] Name or service not known',))
HTTPConnectionPool(host='www.dieei.unict.itcorsi', port=80): Max retries exceeded with url: /lm-28 (Caused by NewConnectionError('<urllib3.connection.HTTPConnection object at 0x7ff10c0360f0>: Failed to establish a new connection: [Errno -2] Name or service not known',))
HTTPConnectionPool(host='www.dieei.unict.itcorsi', port=80): Max retries exceeded with url: /lm-29 (Caused by NewConnectionError('<urllib3.connection.HTTPConnection object at 0x7ff10c036940>: Failed to establish a new connection: [Errno -2] Name or service not known',))
HTTPConnectionPool(host='www.dieei.unict.itcorsi', port=80): Max retries exceeded with url: /lm-27 (Caused by NewConnectionError('<urllib3.connection.HTTPConnection object at 0x7ff10c0362b0>: Failed to establish a new connection: [Errno -2] Name or service not known',))
HTTPConnectionPool(host='www.dieei.unict.itcorsi', port=80): Max retries exceeded with url: /lm-32 (Caused by NewConnectionError('<urllib3.connection.HTTPConnection object at 0x7ff10c0364a8>: Failed to establish a new connection: [Errno -2] Name or service not known',))
HTTPConnectionPool(host='www.dieei.unict.itcorsi', port=80): Max retries exceeded with url: /l-8-ele (Caused by NewConnectionError('<urllib3.connection.HTTPConnection object at 0x7ff10c3176a0>: Failed to establish a new connection: [Errno -2] Name or service not known',))
HTTPConnectionPool(host='www.dieei.unict.itcorsi', port=80): Max retries exceeded with url: /l-9 (Caused by NewConnectionError('<urllib3.connection.HTTPConnection object at 0x7ff10c317518>: Failed to establish a new connection: [Errno -2] Name or service not known',))
HTTPConnectionPool(host='www.dieei.unict.itcorsi', port=80): Max retries exceeded with url: /l-8-inf (Caused by NewConnectionError('<urllib3.connection.HTTPConnection object at 0x7ff10c317710>: Failed to establish a new connection: [Errno -2] Name or service not known',))
HTTPConnectionPool(host='www.dieei.unict.itcorsi', port=80): Max retries exceeded with url: /lm-25 (Caused by NewConnectionError('<urllib3.connection.HTTPConnection object at 0x7ff10c3175c0>: Failed to establish a new connection: [Errno -2] Name or service not known',))
HTTPConnectionPool(host='www.dieei.unict.itcorsi', port=80): Max retries exceeded with url: /lm-28 (Caused by NewConnectionError('<urllib3.connection.HTTPConnection object at 0x7ff10c317828>: Failed to establish a new connection: [Errno -2] Name or service not known',))
HTTPConnectionPool(host='www.dieei.unict.itcorsi', port=80): Max retries exceeded with url: /lm-29 (Caused by NewConnectionError('<urllib3.connection.HTTPConnection object at 0x7ff10c317668>: Failed to establish a new connection: [Errno -2] Name or service not known',))
HTTPConnectionPool(host='www.dieei.unict.itcorsi', port=80): Max retries exceeded with url: /lm-27 (Caused by NewConnectionError('<urllib3.connection.HTTPConnection object at 0x7ff10c317828>: Failed to establish a new connection: [Errno -2] Name or service not known',))
HTTPConnectionPool(host='www.dieei.unict.itcorsi', port=80): Max retries exceeded with url: /lm-32 (Caused by NewConnectionError('<urllib3.connection.HTTPConnection object at 0x7ff10c317668>: Failed to establish a new connection: [Errno -2] Name or service not known',))
HTTPConnectionPool(host='web.dmi.unict.itcorsi', port=80): Max retries exceeded with url: /l-31 (Caused by NewConnectionError('<urllib3.connection.HTTPConnection object at 0x7fdd11855128>: Failed to establish a new connection: [Errno -2] Name or service not known',))
HTTPConnectionPool(host='web.dmi.unict.itcorsi', port=80): Max retries exceeded with url: /l-35 (Caused by NewConnectionError('<urllib3.connection.HTTPConnection object at 0x7fdd1183ceb8>: Failed to establish a new connection: [Errno -2] Name or service not known',))
HTTPConnectionPool(host='web.dmi.unict.itcorsi', port=80): Max retries exceeded with url: /lm-18 (Caused by NewConnectionError('<urllib3.connection.HTTPConnection object at 0x7fdd1183ccf8>: Failed to establish a new connection: [Errno -2] Name or service not known',))
HTTPConnectionPool(host='web.dmi.unict.itcorsi', port=80): Max retries exceeded with url: /lm-40 (Caused by NewConnectionError('<urllib3.connection.HTTPConnection object at 0x7fdd1183cc88>: Failed to establish a new connection: [Errno -2] Name or service not known',))
HTTPConnectionPool(host='web.dmi.unict.itcorsi', port=80): Max retries exceeded with url: /l-31 (Caused by NewConnectionError('<urllib3.connection.HTTPConnection object at 0x7fdd10052320>: Failed to establish a new connection: [Errno -2] Name or service not known',))
HTTPConnectionPool(host='web.dmi.unict.itcorsi', port=80): Max retries exceeded with url: /l-35 (Caused by NewConnectionError('<urllib3.connection.HTTPConnection object at 0x7fdd10052128>: Failed to establish a new connection: [Errno -2] Name or service not known',))
HTTPConnectionPool(host='web.dmi.unict.itcorsi', port=80): Max retries exceeded with url: /lm-18 (Caused by NewConnectionError('<urllib3.connection.HTTPConnection object at 0x7fdd100520f0>: Failed to establish a new connection: [Errno -2] Name or service not known',))
HTTPConnectionPool(host='web.dmi.unict.itcorsi', port=80): Max retries exceeded with url: /lm-40 (Caused by NewConnectionError('<urllib3.connection.HTTPConnection object at 0x7fdd100520b8>: Failed to establish a new connection: [Errno -2] Name or service not known',))
HTTPConnectionPool(host='www.dieei.unict.itcorsi', port=80): Max retries exceeded with url: /l-8-ele (Caused by NewConnectionError('<urllib3.connection.HTTPConnection object at 0x7fdd08d79e10>: Failed to establish a new connection: [Errno -2] Name or service not known',))
HTTPConnectionPool(host='www.dieei.unict.itcorsi', port=80): Max retries exceeded with url: /l-9 (Caused by NewConnectionError('<urllib3.connection.HTTPConnection object at 0x7fdd08d79940>: Failed to establish a new connection: [Errno -2] Name or service not known',))
HTTPConnectionPool(host='www.dieei.unict.itcorsi', port=80): Max retries exceeded with url: /l-8-inf (Caused by NewConnectionError('<urllib3.connection.HTTPConnection object at 0x7fdd08d794a8>: Failed to establish a new connection: [Errno -2] Name or service not known',))
HTTPConnectionPool(host='www.dieei.unict.itcorsi', port=80): Max retries exceeded with url: /lm-25 (Caused by NewConnectionError('<urllib3.connection.HTTPConnection object at 0x7fdd08d79ac8>: Failed to establish a new connection: [Errno -2] Name or service not known',))
HTTPConnectionPool(host='www.dieei.unict.itcorsi', port=80): Max retries exceeded with url: /lm-28 (Caused by NewConnectionError('<urllib3.connection.HTTPConnection object at 0x7fdd08d79eb8>: Failed to establish a new connection: [Errno -2] Name or service not known',))
HTTPConnectionPool(host='www.dieei.unict.itcorsi', port=80): Max retries exceeded with url: /lm-29 (Caused by NewConnectionError('<urllib3.connection.HTTPConnection object at 0x7fdd08d79908>: Failed to establish a new connection: [Errno -2] Name or service not known',))
HTTPConnectionPool(host='www.dieei.unict.itcorsi', port=80): Max retries exceeded with url: /lm-27 (Caused by NewConnectionError('<urllib3.connection.HTTPConnection object at 0x7fdd08d79978>: Failed to establish a new connection: [Errno -2] Name or service not known',))
HTTPConnectionPool(host='www.dieei.unict.itcorsi', port=80): Max retries exceeded with url: /lm-32 (Caused by NewConnectionError('<urllib3.connection.HTTPConnection object at 0x7fdd08e79898>: Failed to establish a new connection: [Errno -2] Name or service not known',))
HTTPConnectionPool(host='www.dieei.unict.itcorsi', port=80): Max retries exceeded with url: /l-8-ele (Caused by NewConnectionError('<urllib3.connection.HTTPConnection object at 0x7fdd08fa3f60>: Failed to establish a new connection: [Errno -2] Name or service not known',))
HTTPConnectionPool(host='www.dieei.unict.itcorsi', port=80): Max retries exceeded with url: /l-9 (Caused by NewConnectionError('<urllib3.connection.HTTPConnection object at 0x7fdd10161cf8>: Failed to establish a new connection: [Errno -2] Name or service not known',))
HTTPConnectionPool(host='www.dieei.unict.itcorsi', port=80): Max retries exceeded with url: /l-8-inf (Caused by NewConnectionError('<urllib3.connection.HTTPConnection object at 0x7fdd10161cf8>: Failed to establish a new connection: [Errno -2] Name or service not known',))
HTTPConnectionPool(host='www.dieei.unict.itcorsi', port=80): Max retries exceeded with url: /lm-25 (Caused by NewConnectionError('<urllib3.connection.HTTPConnection object at 0x7fdd08efac18>: Failed to establish a new connection: [Errno -2] Name or service not known',))
HTTPConnectionPool(host='www.dieei.unict.itcorsi', port=80): Max retries exceeded with url: /lm-28 (Caused by NewConnectionError('<urllib3.connection.HTTPConnection object at 0x7fdd10161e10>: Failed to establish a new connection: [Errno -2] Name or service not known',))
HTTPConnectionPool(host='www.dieei.unict.itcorsi', port=80): Max retries exceeded with url: /lm-29 (Caused by NewConnectionError('<urllib3.connection.HTTPConnection object at 0x7fdd08e4d668>: Failed to establish a new connection: [Errno -2] Name or service not known',))
HTTPConnectionPool(host='www.dieei.unict.itcorsi', port=80): Max retries exceeded with url: /lm-27 (Caused by NewConnectionError('<urllib3.connection.HTTPConnection object at 0x7fdd10161e10>: Failed to establish a new connection: [Errno -2] Name or service not known',))
HTTPConnectionPool(host='www.dieei.unict.itcorsi', port=80): Max retries exceeded with url: /lm-32 (Caused by NewConnectionError('<urllib3.connection.HTTPConnection object at 0x7fdd10161e10>: Failed to establish a new connection: [Errno -2] Name or service not known',))
HTTPConnectionPool(host='web.dmi.unict.itcorsi', port=80): Max retries exceeded with url: /l-31 (Caused by NewConnectionError('<urllib3.connection.HTTPConnection object at 0x7f6c60e4c278>: Failed to establish a new connection: [Errno -2] Name or service not known',))
HTTPConnectionPool(host='web.dmi.unict.itcorsi', port=80): Max retries exceeded with url: /l-35 (Caused by NewConnectionError('<urllib3.connection.HTTPConnection object at 0x7f6c60e4c3c8>: Failed to establish a new connection: [Errno -2] Name or service not known',))
HTTPConnectionPool(host='web.dmi.unict.itcorsi', port=80): Max retries exceeded with url: /lm-18 (Caused by NewConnectionError('<urllib3.connection.HTTPConnection object at 0x7f6c60e4c080>: Failed to establish a new connection: [Errno -2] Name or service not known',))
HTTPConnectionPool(host='web.dmi.unict.itcorsi', port=80): Max retries exceeded with url: /lm-40 (Caused by NewConnectionError('<urllib3.connection.HTTPConnection object at 0x7f6c60157e10>: Failed to establish a new connection: [Errno -2] Name or service not known',))
HTTPConnectionPool(host='web.dmi.unict.itcorsi', port=80): Max retries exceeded with url: /l-31 (Caused by NewConnectionError('<urllib3.connection.HTTPConnection object at 0x7f6c600642b0>: Failed to establish a new connection: [Errno -2] Name or service not known',))
HTTPConnectionPool(host='web.dmi.unict.itcorsi', port=80): Max retries exceeded with url: /l-35 (Caused by NewConnectionError('<urllib3.connection.HTTPConnection object at 0x7f6c600640b8>: Failed to establish a new connection: [Errno -2] Name or service not known',))
HTTPConnectionPool(host='web.dmi.unict.itcorsi', port=80): Max retries exceeded with url: /lm-18 (Caused by NewConnectionError('<urllib3.connection.HTTPConnection object at 0x7f6c60064048>: Failed to establish a new connection: [Errno -2] Name or service not known',))
HTTPConnectionPool(host='web.dmi.unict.itcorsi', port=80): Max retries exceeded with url: /lm-40 (Caused by NewConnectionError('<urllib3.connection.HTTPConnection object at 0x7f6c60064160>: Failed to establish a new connection: [Errno -2] Name or service not known',))
HTTPConnectionPool(host='www.dieei.unict.itcorsi', port=80): Max retries exceeded with url: /l-8-ele (Caused by NewConnectionError('<urllib3.connection.HTTPConnection object at 0x7f6c60e8a128>: Failed to establish a new connection: [Errno -2] Name or service not known',))
HTTPConnectionPool(host='www.dieei.unict.itcorsi', port=80): Max retries exceeded with url: /l-9 (Caused by NewConnectionError('<urllib3.connection.HTTPConnection object at 0x7f6c60e8ad68>: Failed to establish a new connection: [Errno -2] Name or service not known',))
HTTPConnectionPool(host='www.dieei.unict.itcorsi', port=80): Max retries exceeded with url: /l-8-inf (Caused by NewConnectionError('<urllib3.connection.HTTPConnection object at 0x7f6c60e8aeb8>: Failed to establish a new connection: [Errno -2] Name or service not known',))
HTTPConnectionPool(host='www.dieei.unict.itcorsi', port=80): Max retries exceeded with url: /lm-25 (Caused by NewConnectionError('<urllib3.connection.HTTPConnection object at 0x7f6c60e8a5c0>: Failed to establish a new connection: [Errno -2] Name or service not known',))
HTTPConnectionPool(host='www.dieei.unict.itcorsi', port=80): Max retries exceeded with url: /lm-28 (Caused by NewConnectionError('<urllib3.connection.HTTPConnection object at 0x7f6c60e8a6a0>: Failed to establish a new connection: [Errno -2] Name or service not known',))
HTTPConnectionPool(host='www.dieei.unict.itcorsi', port=80): Max retries exceeded with url: /lm-29 (Caused by NewConnectionError('<urllib3.connection.HTTPConnection object at 0x7f6c6014a390>: Failed to establish a new connection: [Errno -2] Name or service not known',))
HTTPConnectionPool(host='www.dieei.unict.itcorsi', port=80): Max retries exceeded with url: /lm-27 (Caused by NewConnectionError('<urllib3.connection.HTTPConnection object at 0x7f6c6014a0b8>: Failed to establish a new connection: [Errno -2] Name or service not known',))
HTTPConnectionPool(host='www.dieei.unict.itcorsi', port=80): Max retries exceeded with url: /lm-32 (Caused by NewConnectionError('<urllib3.connection.HTTPConnection object at 0x7f6c6014a940>: Failed to establish a new connection: [Errno -2] Name or service not known',))
HTTPConnectionPool(host='www.dieei.unict.itcorsi', port=80): Max retries exceeded with url: /l-8-ele (Caused by NewConnectionError('<urllib3.connection.HTTPConnection object at 0x7f6c584480b8>: Failed to establish a new connection: [Errno -2] Name or service not known',))
HTTPConnectionPool(host='www.dieei.unict.itcorsi', port=80): Max retries exceeded with url: /l-9 (Caused by NewConnectionError('<urllib3.connection.HTTPConnection object at 0x7f6c5845ae80>: Failed to establish a new connection: [Errno -2] Name or service not known',))
HTTPConnectionPool(host='www.dieei.unict.itcorsi', port=80): Max retries exceeded with url: /l-8-inf (Caused by NewConnectionError('<urllib3.connection.HTTPConnection object at 0x7f6c5845ae80>: Failed to establish a new connection: [Errno -2] Name or service not known',))
HTTPConnectionPool(host='www.dieei.unict.itcorsi', port=80): Max retries exceeded with url: /lm-25 (Caused by NewConnectionError('<urllib3.connection.HTTPConnection object at 0x7f6c5845ac50>: Failed to establish a new connection: [Errno -2] Name or service not known',))
HTTPConnectionPool(host='www.dieei.unict.itcorsi', port=80): Max retries exceeded with url: /lm-28 (Caused by NewConnectionError('<urllib3.connection.HTTPConnection object at 0x7f6c5845ae10>: Failed to establish a new connection: [Errno -2] Name or service not known',))
HTTPConnectionPool(host='www.dieei.unict.itcorsi', port=80): Max retries exceeded with url: /lm-29 (Caused by NewConnectionError('<urllib3.connection.HTTPConnection object at 0x7f6c5845aef0>: Failed to establish a new connection: [Errno -2] Name or service not known',))
HTTPConnectionPool(host='www.dieei.unict.itcorsi', port=80): Max retries exceeded with url: /lm-27 (Caused by NewConnectionError('<urllib3.connection.HTTPConnection object at 0x7f6c5845ae10>: Failed to establish a new connection: [Errno -2] Name or service not known',))
HTTPConnectionPool(host='www.dieei.unict.itcorsi', port=80): Max retries exceeded with url: /lm-32 (Caused by NewConnectionError('<urllib3.connection.HTTPConnection object at 0x7f6c5845aef0>: Failed to establish a new connection: [Errno -2] Name or service not known',))
HTTPConnectionPool(host='web.dmi.unict.itcorsi', port=80): Max retries exceeded with url: /l-31 (Caused by NewConnectionError('<urllib3.connection.HTTPConnection object at 0x7fb5500b0a90>: Failed to establish a new connection: [Errno -2] Name or service not known',))
HTTPConnectionPool(host='web.dmi.unict.itcorsi', port=80): Max retries exceeded with url: /l-35 (Caused by NewConnectionError('<urllib3.connection.HTTPConnection object at 0x7fb5500b0dd8>: Failed to establish a new connection: [Errno -2] Name or service not known',))
HTTPConnectionPool(host='web.dmi.unict.itcorsi', port=80): Max retries exceeded with url: /lm-18 (Caused by NewConnectionError('<urllib3.connection.HTTPConnection object at 0x7fb5500b09e8>: Failed to establish a new connection: [Errno -2] Name or service not known',))
HTTPConnectionPool(host='web.dmi.unict.itcorsi', port=80): Max retries exceeded with url: /lm-40 (Caused by NewConnectionError('<urllib3.connection.HTTPConnection object at 0x7fb5500b0cf8>: Failed to establish a new connection: [Errno -2] Name or service not known',))
HTTPConnectionPool(host='web.dmi.unict.itcorsi', port=80): Max retries exceeded with url: /l-31 (Caused by NewConnectionError('<urllib3.connection.HTTPConnection object at 0x7fb5487962e8>: Failed to establish a new connection: [Errno -2] Name or service not known',))
HTTPConnectionPool(host='web.dmi.unict.itcorsi', port=80): Max retries exceeded with url: /l-35 (Caused by NewConnectionError('<urllib3.connection.HTTPConnection object at 0x7fb5487962e8>: Failed to establish a new connection: [Errno -2] Name or service not known',))
HTTPConnectionPool(host='web.dmi.unict.itcorsi', port=80): Max retries exceeded with url: /lm-18 (Caused by NewConnectionError('<urllib3.connection.HTTPConnection object at 0x7fb5487960f0>: Failed to establish a new connection: [Errno -2] Name or service not known',))
HTTPConnectionPool(host='web.dmi.unict.itcorsi', port=80): Max retries exceeded with url: /lm-40 (Caused by NewConnectionError('<urllib3.connection.HTTPConnection object at 0x7fb5487960b8>: Failed to establish a new connection: [Errno -2] Name or service not known',))
HTTPConnectionPool(host='www.dieei.unict.itcorsi', port=80): Max retries exceeded with url: /l-8-ele (Caused by NewConnectionError('<urllib3.connection.HTTPConnection object at 0x7fb5486ad860>: Failed to establish a new connection: [Errno -2] Name or service not known',))
HTTPConnectionPool(host='www.dieei.unict.itcorsi', port=80): Max retries exceeded with url: /l-9 (Caused by NewConnectionError('<urllib3.connection.HTTPConnection object at 0x7fb5486ad6d8>: Failed to establish a new connection: [Errno -2] Name or service not known',))
HTTPConnectionPool(host='www.dieei.unict.itcorsi', port=80): Max retries exceeded with url: /l-8-inf (Caused by NewConnectionError('<urllib3.connection.HTTPConnection object at 0x7fb5486ad978>: Failed to establish a new connection: [Errno -2] Name or service not known',))
HTTPConnectionPool(host='www.dieei.unict.itcorsi', port=80): Max retries exceeded with url: /lm-25 (Caused by NewConnectionError('<urllib3.connection.HTTPConnection object at 0x7fb5486ada90>: Failed to establish a new connection: [Errno -2] Name or service not known',))
HTTPConnectionPool(host='www.dieei.unict.itcorsi', port=80): Max retries exceeded with url: /lm-28 (Caused by NewConnectionError('<urllib3.connection.HTTPConnection object at 0x7fb5486ad7b8>: Failed to establish a new connection: [Errno -2] Name or service not known',))
HTTPConnectionPool(host='www.dieei.unict.itcorsi', port=80): Max retries exceeded with url: /lm-29 (Caused by NewConnectionError('<urllib3.connection.HTTPConnection object at 0x7fb550fa9f98>: Failed to establish a new connection: [Errno -2] Name or service not known',))
HTTPConnectionPool(host='www.dieei.unict.itcorsi', port=80): Max retries exceeded with url: /lm-27 (Caused by NewConnectionError('<urllib3.connection.HTTPConnection object at 0x7fb550fa9a20>: Failed to establish a new connection: [Errno -2] Name or service not known',))
HTTPConnectionPool(host='www.dieei.unict.itcorsi', port=80): Max retries exceeded with url: /lm-32 (Caused by NewConnectionError('<urllib3.connection.HTTPConnection object at 0x7fb5486ad748>: Failed to establish a new connection: [Errno -2] Name or service not known',))
HTTPConnectionPool(host='www.dieei.unict.itcorsi', port=80): Max retries exceeded with url: /l-8-ele (Caused by NewConnectionError('<urllib3.connection.HTTPConnection object at 0x7fb550fa19e8>: Failed to establish a new connection: [Errno -2] Name or service not known',))
HTTPConnectionPool(host='www.dieei.unict.itcorsi', port=80): Max retries exceeded with url: /l-9 (Caused by NewConnectionError('<urllib3.connection.HTTPConnection object at 0x7fb550fa1a58>: Failed to establish a new connection: [Errno -2] Name or service not known',))
HTTPConnectionPool(host='www.dieei.unict.itcorsi', port=80): Max retries exceeded with url: /l-8-inf (Caused by NewConnectionError('<urllib3.connection.HTTPConnection object at 0x7fb550fa1b00>: Failed to establish a new connection: [Errno -2] Name or service not known',))
HTTPConnectionPool(host='www.dieei.unict.itcorsi', port=80): Max retries exceeded with url: /lm-25 (Caused by NewConnectionError('<urllib3.connection.HTTPConnection object at 0x7fb550fa1a58>: Failed to establish a new connection: [Errno -2] Name or service not known',))
HTTPConnectionPool(host='www.dieei.unict.itcorsi', port=80): Max retries exceeded with url: /lm-28 (Caused by NewConnectionError('<urllib3.connection.HTTPConnection object at 0x7fb550fa1358>: Failed to establish a new connection: [Errno -2] Name or service not known',))
HTTPConnectionPool(host='www.dieei.unict.itcorsi', port=80): Max retries exceeded with url: /lm-29 (Caused by NewConnectionError('<urllib3.connection.HTTPConnection object at 0x7fb54864fbe0>: Failed to establish a new connection: [Errno -2] Name or service not known',))
HTTPConnectionPool(host='www.dieei.unict.itcorsi', port=80): Max retries exceeded with url: /lm-27 (Caused by NewConnectionError('<urllib3.connection.HTTPConnection object at 0x7fb550fa1a58>: Failed to establish a new connection: [Errno -2] Name or service not known',))
HTTPConnectionPool(host='www.dieei.unict.itcorsi', port=80): Max retries exceeded with url: /lm-32 (Caused by NewConnectionError('<urllib3.connection.HTTPConnection object at 0x7fb54864fbe0>: Failed to establish a new connection: [Errno -2] Name or service not known',))
HTTPConnectionPool(host='web.dmi.unict.itcorsi', port=80): Max retries exceeded with url: /l-31 (Caused by NewConnectionError('<urllib3.connection.HTTPConnection object at 0x7f8a2efd0a90>: Failed to establish a new connection: [Errno -2] Name or service not known',))
HTTPConnectionPool(host='web.dmi.unict.itcorsi', port=80): Max retries exceeded with url: /l-35 (Caused by NewConnectionError('<urllib3.connection.HTTPConnection object at 0x7f8a2efd0dd8>: Failed to establish a new connection: [Errno -2] Name or service not known',))
HTTPConnectionPool(host='web.dmi.unict.itcorsi', port=80): Max retries exceeded with url: /lm-18 (Caused by NewConnectionError('<urllib3.connection.HTTPConnection object at 0x7f8a2efd09e8>: Failed to establish a new connection: [Errno -2] Name or service not known',))
HTTPConnectionPool(host='web.dmi.unict.itcorsi', port=80): Max retries exceeded with url: /lm-40 (Caused by NewConnectionError('<urllib3.connection.HTTPConnection object at 0x7f8a2efd0cf8>: Failed to establish a new connection: [Errno -2] Name or service not known',))
HTTPConnectionPool(host='web.dmi.unict.itcorsi', port=80): Max retries exceeded with url: /l-31 (Caused by NewConnectionError('<urllib3.connection.HTTPConnection object at 0x7f8a2eedc320>: Failed to establish a new connection: [Errno -2] Name or service not known',))
HTTPConnectionPool(host='web.dmi.unict.itcorsi', port=80): Max retries exceeded with url: /l-35 (Caused by NewConnectionError('<urllib3.connection.HTTPConnection object at 0x7f8a2eedc128>: Failed to establish a new connection: [Errno -2] Name or service not known',))
HTTPConnectionPool(host='web.dmi.unict.itcorsi', port=80): Max retries exceeded with url: /lm-18 (Caused by NewConnectionError('<urllib3.connection.HTTPConnection object at 0x7f8a2eedf320>: Failed to establish a new connection: [Errno -2] Name or service not known',))
HTTPConnectionPool(host='web.dmi.unict.itcorsi', port=80): Max retries exceeded with url: /lm-40 (Caused by NewConnectionError('<urllib3.connection.HTTPConnection object at 0x7f8a2eedf128>: Failed to establish a new connection: [Errno -2] Name or service not known',))
HTTPConnectionPool(host='www.dieei.unict.itcorsi', port=80): Max retries exceeded with url: /l-8-ele (Caused by NewConnectionError('<urllib3.connection.HTTPConnection object at 0x7f8a2ecc57b8>: Failed to establish a new connection: [Errno -2] Name or service not known',))
HTTPConnectionPool(host='www.dieei.unict.itcorsi', port=80): Max retries exceeded with url: /l-9 (Caused by NewConnectionError('<urllib3.connection.HTTPConnection object at 0x7f8a2ecc5b70>: Failed to establish a new connection: [Errno -2] Name or service not known',))
HTTPConnectionPool(host='www.dieei.unict.itcorsi', port=80): Max retries exceeded with url: /l-8-inf (Caused by NewConnectionError('<urllib3.connection.HTTPConnection object at 0x7f8a2ecc5ef0>: Failed to establish a new connection: [Errno -2] Name or service not known',))
HTTPConnectionPool(host='www.dieei.unict.itcorsi', port=80): Max retries exceeded with url: /lm-25 (Caused by NewConnectionError('<urllib3.connection.HTTPConnection object at 0x7f8a2ecc5e80>: Failed to establish a new connection: [Errno -2] Name or service not known',))
HTTPConnectionPool(host='www.dieei.unict.itcorsi', port=80): Max retries exceeded with url: /lm-28 (Caused by NewConnectionError('<urllib3.connection.HTTPConnection object at 0x7f8a2ecc5b70>: Failed to establish a new connection: [Errno -2] Name or service not known',))
HTTPConnectionPool(host='www.dieei.unict.itcorsi', port=80): Max retries exceeded with url: /lm-29 (Caused by NewConnectionError('<urllib3.connection.HTTPConnection object at 0x7f8a2ecc5ef0>: Failed to establish a new connection: [Errno -2] Name or service not known',))
HTTPConnectionPool(host='www.dieei.unict.itcorsi', port=80): Max retries exceeded with url: /lm-27 (Caused by NewConnectionError('<urllib3.connection.HTTPConnection object at 0x7f8a2ecc59e8>: Failed to establish a new connection: [Errno -2] Name or service not known',))
HTTPConnectionPool(host='www.dieei.unict.itcorsi', port=80): Max retries exceeded with url: /lm-32 (Caused by NewConnectionError('<urllib3.connection.HTTPConnection object at 0x7f8a2ecc5ef0>: Failed to establish a new connection: [Errno -2] Name or service not known',))
HTTPConnectionPool(host='www.dieei.unict.itcorsi', port=80): Max retries exceeded with url: /l-8-ele (Caused by NewConnectionError('<urllib3.connection.HTTPConnection object at 0x7f8a2effc6d8>: Failed to establish a new connection: [Errno -2] Name or service not known',))
HTTPConnectionPool(host='www.dieei.unict.itcorsi', port=80): Max retries exceeded with url: /l-9 (Caused by NewConnectionError('<urllib3.connection.HTTPConnection object at 0x7f8a2effcd68>: Failed to establish a new connection: [Errno -2] Name or service not known',))
HTTPConnectionPool(host='www.dieei.unict.itcorsi', port=80): Max retries exceeded with url: /l-8-inf (Caused by NewConnectionError('<urllib3.connection.HTTPConnection object at 0x7f8a2effc860>: Failed to establish a new connection: [Errno -2] Name or service not known',))
HTTPConnectionPool(host='www.dieei.unict.itcorsi', port=80): Max retries exceeded with url: /lm-25 (Caused by NewConnectionError('<urllib3.connection.HTTPConnection object at 0x7f8a4772e6d8>: Failed to establish a new connection: [Errno -2] Name or service not known',))
HTTPConnectionPool(host='www.dieei.unict.itcorsi', port=80): Max retries exceeded with url: /lm-28 (Caused by NewConnectionError('<urllib3.connection.HTTPConnection object at 0x7f8a2effc9b0>: Failed to establish a new connection: [Errno -2] Name or service not known',))
HTTPConnectionPool(host='www.dieei.unict.itcorsi', port=80): Max retries exceeded with url: /lm-29 (Caused by NewConnectionError('<urllib3.connection.HTTPConnection object at 0x7f8a2ef28cf8>: Failed to establish a new connection: [Errno -2] Name or service not known',))
HTTPConnectionPool(host='www.dieei.unict.itcorsi', port=80): Max retries exceeded with url: /lm-27 (Caused by NewConnectionError('<urllib3.connection.HTTPConnection object at 0x7f8a2effc9b0>: Failed to establish a new connection: [Errno -2] Name or service not known',))
HTTPConnectionPool(host='www.dieei.unict.itcorsi', port=80): Max retries exceeded with url: /lm-32 (Caused by NewConnectionError('<urllib3.connection.HTTPConnection object at 0x7f8a2ef28c50>: Failed to establish a new connection: [Errno -2] Name or service not known',))
HTTPConnectionPool(host='web.dmi.unict.itcorsi', port=80): Max retries exceeded with url: /l-31 (Caused by NewConnectionError('<urllib3.connection.HTTPConnection object at 0x7f9ed00fc668>: Failed to establish a new connection: [Errno -2] Name or service not known',))
HTTPConnectionPool(host='web.dmi.unict.itcorsi', port=80): Max retries exceeded with url: /l-35 (Caused by NewConnectionError('<urllib3.connection.HTTPConnection object at 0x7f9ed00fcd30>: Failed to establish a new connection: [Errno -2] Name or service not known',))
HTTPConnectionPool(host='web.dmi.unict.itcorsi', port=80): Max retries exceeded with url: /lm-18 (Caused by NewConnectionError('<urllib3.connection.HTTPConnection object at 0x7f9ed00fcdd8>: Failed to establish a new connection: [Errno -2] Name or service not known',))
HTTPConnectionPool(host='web.dmi.unict.itcorsi', port=80): Max retries exceeded with url: /lm-40 (Caused by NewConnectionError('<urllib3.connection.HTTPConnection object at 0x7f9ed00fcb00>: Failed to establish a new connection: [Errno -2] Name or service not known',))
HTTPConnectionPool(host='web.dmi.unict.itcorsi', port=80): Max retries exceeded with url: /l-31 (Caused by NewConnectionError('<urllib3.connection.HTTPConnection object at 0x7f9ec85bb320>: Failed to establish a new connection: [Errno -2] Name or service not known',))
HTTPConnectionPool(host='web.dmi.unict.itcorsi', port=80): Max retries exceeded with url: /l-35 (Caused by NewConnectionError('<urllib3.connection.HTTPConnection object at 0x7f9ec85bb128>: Failed to establish a new connection: [Errno -2] Name or service not known',))
HTTPConnectionPool(host='web.dmi.unict.itcorsi', port=80): Max retries exceeded with url: /lm-18 (Caused by NewConnectionError('<urllib3.connection.HTTPConnection object at 0x7f9ec85bb320>: Failed to establish a new connection: [Errno -2] Name or service not known',))
HTTPConnectionPool(host='web.dmi.unict.itcorsi', port=80): Max retries exceeded with url: /lm-40 (Caused by NewConnectionError('<urllib3.connection.HTTPConnection object at 0x7f9ec85c0320>: Failed to establish a new connection: [Errno -2] Name or service not known',))
HTTPConnectionPool(host='www.dieei.unict.itcorsi', port=80): Max retries exceeded with url: /l-8-ele (Caused by NewConnectionError('<urllib3.connection.HTTPConnection object at 0x7f9ec82914a8>: Failed to establish a new connection: [Errno -2] Name or service not known',))
HTTPConnectionPool(host='www.dieei.unict.itcorsi', port=80): Max retries exceeded with url: /l-9 (Caused by NewConnectionError('<urllib3.connection.HTTPConnection object at 0x7f9ec8291e80>: Failed to establish a new connection: [Errno -2] Name or service not known',))
HTTPConnectionPool(host='www.dieei.unict.itcorsi', port=80): Max retries exceeded with url: /l-8-inf (Caused by NewConnectionError('<urllib3.connection.HTTPConnection object at 0x7f9ec8291550>: Failed to establish a new connection: [Errno -2] Name or service not known',))
HTTPConnectionPool(host='www.dieei.unict.itcorsi', port=80): Max retries exceeded with url: /lm-25 (Caused by NewConnectionError('<urllib3.connection.HTTPConnection object at 0x7f9ec8291208>: Failed to establish a new connection: [Errno -2] Name or service not known',))
HTTPConnectionPool(host='www.dieei.unict.itcorsi', port=80): Max retries exceeded with url: /lm-28 (Caused by NewConnectionError('<urllib3.connection.HTTPConnection object at 0x7f9ec8291320>: Failed to establish a new connection: [Errno -2] Name or service not known',))
HTTPConnectionPool(host='www.dieei.unict.itcorsi', port=80): Max retries exceeded with url: /lm-29 (Caused by NewConnectionError('<urllib3.connection.HTTPConnection object at 0x7f9ec8291438>: Failed to establish a new connection: [Errno -2] Name or service not known',))
HTTPConnectionPool(host='www.dieei.unict.itcorsi', port=80): Max retries exceeded with url: /lm-27 (Caused by NewConnectionError('<urllib3.connection.HTTPConnection object at 0x7f9ec84ab860>: Failed to establish a new connection: [Errno -2] Name or service not known',))
HTTPConnectionPool(host='www.dieei.unict.itcorsi', port=80): Max retries exceeded with url: /lm-32 (Caused by NewConnectionError('<urllib3.connection.HTTPConnection object at 0x7f9ec84abac8>: Failed to establish a new connection: [Errno -2] Name or service not known',))
HTTPConnectionPool(host='www.dieei.unict.itcorsi', port=80): Max retries exceeded with url: /l-8-ele (Caused by NewConnectionError('<urllib3.connection.HTTPConnection object at 0x7f9ec84abd30>: Failed to establish a new connection: [Errno -2] Name or service not known',))
HTTPConnectionPool(host='www.dieei.unict.itcorsi', port=80): Max retries exceeded with url: /l-9 (Caused by NewConnectionError('<urllib3.connection.HTTPConnection object at 0x7f9ec84ab470>: Failed to establish a new connection: [Errno -2] Name or service not known',))
HTTPConnectionPool(host='www.dieei.unict.itcorsi', port=80): Max retries exceeded with url: /l-8-inf (Caused by NewConnectionError('<urllib3.connection.HTTPConnection object at 0x7f9ec84ab1d0>: Failed to establish a new connection: [Errno -2] Name or service not known',))
HTTPConnectionPool(host='www.dieei.unict.itcorsi', port=80): Max retries exceeded with url: /lm-25 (Caused by NewConnectionError('<urllib3.connection.HTTPConnection object at 0x7f9ec84ab6a0>: Failed to establish a new connection: [Errno -2] Name or service not known',))
HTTPConnectionPool(host='www.dieei.unict.itcorsi', port=80): Max retries exceeded with url: /lm-28 (Caused by NewConnectionError('<urllib3.connection.HTTPConnection object at 0x7f9ec84ab0f0>: Failed to establish a new connection: [Errno -2] Name or service not known',))
HTTPConnectionPool(host='www.dieei.unict.itcorsi', port=80): Max retries exceeded with url: /lm-29 (Caused by NewConnectionError('<urllib3.connection.HTTPConnection object at 0x7f9ec8450eb8>: Failed to establish a new connection: [Errno -2] Name or service not known',))
HTTPConnectionPool(host='www.dieei.unict.itcorsi', port=80): Max retries exceeded with url: /lm-27 (Caused by NewConnectionError('<urllib3.connection.HTTPConnection object at 0x7f9ec84ab6a0>: Failed to establish a new connection: [Errno -2] Name or service not known',))
HTTPConnectionPool(host='www.dieei.unict.itcorsi', port=80): Max retries exceeded with url: /lm-32 (Caused by NewConnectionError('<urllib3.connection.HTTPConnection object at 0x7f9ec8450e80>: Failed to establish a new connection: [Errno -2] Name or service not known',))
HTTPConnectionPool(host='web.dmi.unict.itcorsi', port=80): Max retries exceeded with url: /l-31 (Caused by NewConnectionError('<urllib3.connection.HTTPConnection object at 0x7f2ac83d1cf8>: Failed to establish a new connection: [Errno -2] Name or service not known',))
HTTPConnectionPool(host='web.dmi.unict.itcorsi', port=80): Max retries exceeded with url: /l-35 (Caused by NewConnectionError('<urllib3.connection.HTTPConnection object at 0x7f2ac83d1cc0>: Failed to establish a new connection: [Errno -2] Name or service not known',))
HTTPConnectionPool(host='web.dmi.unict.itcorsi', port=80): Max retries exceeded with url: /lm-18 (Caused by NewConnectionError('<urllib3.connection.HTTPConnection object at 0x7f2ac83d1dd8>: Failed to establish a new connection: [Errno -2] Name or service not known',))
HTTPConnectionPool(host='web.dmi.unict.itcorsi', port=80): Max retries exceeded with url: /lm-40 (Caused by NewConnectionError('<urllib3.connection.HTTPConnection object at 0x7f2ac83d1e48>: Failed to establish a new connection: [Errno -2] Name or service not known',))
HTTPConnectionPool(host='web.dmi.unict.itcorsi', port=80): Max retries exceeded with url: /l-31 (Caused by NewConnectionError('<urllib3.connection.HTTPConnection object at 0x7f2ac82df320>: Failed to establish a new connection: [Errno -2] Name or service not known',))
HTTPConnectionPool(host='web.dmi.unict.itcorsi', port=80): Max retries exceeded with url: /l-35 (Caused by NewConnectionError('<urllib3.connection.HTTPConnection object at 0x7f2ac82df128>: Failed to establish a new connection: [Errno -2] Name or service not known',))
HTTPConnectionPool(host='web.dmi.unict.itcorsi', port=80): Max retries exceeded with url: /lm-18 (Caused by NewConnectionError('<urllib3.connection.HTTPConnection object at 0x7f2ac82e2320>: Failed to establish a new connection: [Errno -2] Name or service not known',))
HTTPConnectionPool(host='web.dmi.unict.itcorsi', port=80): Max retries exceeded with url: /lm-40 (Caused by NewConnectionError('<urllib3.connection.HTTPConnection object at 0x7f2ac82e2320>: Failed to establish a new connection: [Errno -2] Name or service not known',))
HTTPConnectionPool(host='www.dieei.unict.itcorsi', port=80): Max retries exceeded with url: /l-8-ele (Caused by NewConnectionError('<urllib3.connection.HTTPConnection object at 0x7f2ab9feb6d8>: Failed to establish a new connection: [Errno -2] Name or service not known',))
HTTPConnectionPool(host='www.dieei.unict.itcorsi', port=80): Max retries exceeded with url: /l-9 (Caused by NewConnectionError('<urllib3.connection.HTTPConnection object at 0x7f2ab9febf28>: Failed to establish a new connection: [Errno -2] Name or service not known',))
HTTPConnectionPool(host='www.dieei.unict.itcorsi', port=80): Max retries exceeded with url: /l-8-inf (Caused by NewConnectionError('<urllib3.connection.HTTPConnection object at 0x7f2ab9feb470>: Failed to establish a new connection: [Errno -2] Name or service not known',))
HTTPConnectionPool(host='www.dieei.unict.itcorsi', port=80): Max retries exceeded with url: /lm-25 (Caused by NewConnectionError('<urllib3.connection.HTTPConnection object at 0x7f2ab9feba58>: Failed to establish a new connection: [Errno -2] Name or service not known',))
HTTPConnectionPool(host='www.dieei.unict.itcorsi', port=80): Max retries exceeded with url: /lm-28 (Caused by NewConnectionError('<urllib3.connection.HTTPConnection object at 0x7f2ab9febef0>: Failed to establish a new connection: [Errno -2] Name or service not known',))
HTTPConnectionPool(host='www.dieei.unict.itcorsi', port=80): Max retries exceeded with url: /lm-29 (Caused by NewConnectionError('<urllib3.connection.HTTPConnection object at 0x7f2ab9febdd8>: Failed to establish a new connection: [Errno -2] Name or service not known',))
HTTPConnectionPool(host='www.dieei.unict.itcorsi', port=80): Max retries exceeded with url: /lm-27 (Caused by NewConnectionError('<urllib3.connection.HTTPConnection object at 0x7f2aca2c6fd0>: Failed to establish a new connection: [Errno -2] Name or service not known',))
HTTPConnectionPool(host='www.dieei.unict.itcorsi', port=80): Max retries exceeded with url: /lm-32 (Caused by NewConnectionError('<urllib3.connection.HTTPConnection object at 0x7f2aca2c6e10>: Failed to establish a new connection: [Errno -2] Name or service not known',))
HTTPConnectionPool(host='www.dieei.unict.itcorsi', port=80): Max retries exceeded with url: /l-8-ele (Caused by NewConnectionError('<urllib3.connection.HTTPConnection object at 0x7f2ac801bc18>: Failed to establish a new connection: [Errno -2] Name or service not known',))
HTTPConnectionPool(host='www.dieei.unict.itcorsi', port=80): Max retries exceeded with url: /l-9 (Caused by NewConnectionError('<urllib3.connection.HTTPConnection object at 0x7f2ac801bef0>: Failed to establish a new connection: [Errno -2] Name or service not known',))
HTTPConnectionPool(host='www.dieei.unict.itcorsi', port=80): Max retries exceeded with url: /l-8-inf (Caused by NewConnectionError('<urllib3.connection.HTTPConnection object at 0x7f2ab9f5cb70>: Failed to establish a new connection: [Errno -2] Name or service not known',))
HTTPConnectionPool(host='www.dieei.unict.itcorsi', port=80): Max retries exceeded with url: /lm-25 (Caused by NewConnectionError('<urllib3.connection.HTTPConnection object at 0x7f2ab9f5cc50>: Failed to establish a new connection: [Errno -2] Name or service not known',))
HTTPConnectionPool(host='www.dieei.unict.itcorsi', port=80): Max retries exceeded with url: /lm-28 (Caused by NewConnectionError('<urllib3.connection.HTTPConnection object at 0x7f2ab9f5ca20>: Failed to establish a new connection: [Errno -2] Name or service not known',))
HTTPConnectionPool(host='www.dieei.unict.itcorsi', port=80): Max retries exceeded with url: /lm-29 (Caused by NewConnectionError('<urllib3.connection.HTTPConnection object at 0x7f2ac801b198>: Failed to establish a new connection: [Errno -2] Name or service not known',))
HTTPConnectionPool(host='www.dieei.unict.itcorsi', port=80): Max retries exceeded with url: /lm-27 (Caused by NewConnectionError('<urllib3.connection.HTTPConnection object at 0x7f2ac801b208>: Failed to establish a new connection: [Errno -2] Name or service not known',))
HTTPConnectionPool(host='www.dieei.unict.itcorsi', port=80): Max retries exceeded with url: /lm-32 (Caused by NewConnectionError('<urllib3.connection.HTTPConnection object at 0x7f2ac801b198>: Failed to establish a new connection: [Errno -2] Name or service not known',))
HTTPConnectionPool(host='web.dmi.unict.itcorsi', port=80): Max retries exceeded with url: /l-31 (Caused by NewConnectionError('<urllib3.connection.HTTPConnection object at 0x7f09f0208a90>: Failed to establish a new connection: [Errno -2] Name or service not known',))
HTTPConnectionPool(host='web.dmi.unict.itcorsi', port=80): Max retries exceeded with url: /l-35 (Caused by NewConnectionError('<urllib3.connection.HTTPConnection object at 0x7f09f0208dd8>: Failed to establish a new connection: [Errno -2] Name or service not known',))
HTTPConnectionPool(host='web.dmi.unict.itcorsi', port=80): Max retries exceeded with url: /lm-18 (Caused by NewConnectionError('<urllib3.connection.HTTPConnection object at 0x7f09f02089e8>: Failed to establish a new connection: [Errno -2] Name or service not known',))
HTTPConnectionPool(host='web.dmi.unict.itcorsi', port=80): Max retries exceeded with url: /lm-40 (Caused by NewConnectionError('<urllib3.connection.HTTPConnection object at 0x7f09f0208cf8>: Failed to establish a new connection: [Errno -2] Name or service not known',))
HTTPConnectionPool(host='web.dmi.unict.itcorsi', port=80): Max retries exceeded with url: /l-31 (Caused by NewConnectionError('<urllib3.connection.HTTPConnection object at 0x7f09f0115518>: Failed to establish a new connection: [Errno -2] Name or service not known',))
HTTPConnectionPool(host='web.dmi.unict.itcorsi', port=80): Max retries exceeded with url: /l-35 (Caused by NewConnectionError('<urllib3.connection.HTTPConnection object at 0x7f09f0115518>: Failed to establish a new connection: [Errno -2] Name or service not known',))
HTTPConnectionPool(host='web.dmi.unict.itcorsi', port=80): Max retries exceeded with url: /lm-18 (Caused by NewConnectionError('<urllib3.connection.HTTPConnection object at 0x7f09f0115320>: Failed to establish a new connection: [Errno -2] Name or service not known',))
HTTPConnectionPool(host='web.dmi.unict.itcorsi', port=80): Max retries exceeded with url: /lm-40 (Caused by NewConnectionError('<urllib3.connection.HTTPConnection object at 0x7f09f0115358>: Failed to establish a new connection: [Errno -2] Name or service not known',))
HTTPConnectionPool(host='www.dieei.unict.itcorsi', port=80): Max retries exceeded with url: /l-8-ele (Caused by NewConnectionError('<urllib3.connection.HTTPConnection object at 0x7f09f01c62b0>: Failed to establish a new connection: [Errno -2] Name or service not known',))
HTTPConnectionPool(host='www.dieei.unict.itcorsi', port=80): Max retries exceeded with url: /l-9 (Caused by NewConnectionError('<urllib3.connection.HTTPConnection object at 0x7f09f01c62e8>: Failed to establish a new connection: [Errno -2] Name or service not known',))
HTTPConnectionPool(host='www.dieei.unict.itcorsi', port=80): Max retries exceeded with url: /l-8-inf (Caused by NewConnectionError('<urllib3.connection.HTTPConnection object at 0x7f09f01c6208>: Failed to establish a new connection: [Errno -2] Name or service not known',))
HTTPConnectionPool(host='www.dieei.unict.itcorsi', port=80): Max retries exceeded with url: /lm-25 (Caused by NewConnectionError('<urllib3.connection.HTTPConnection object at 0x7f09f01c6128>: Failed to establish a new connection: [Errno -2] Name or service not known',))
HTTPConnectionPool(host='www.dieei.unict.itcorsi', port=80): Max retries exceeded with url: /lm-28 (Caused by NewConnectionError('<urllib3.connection.HTTPConnection object at 0x7f09f01c62e8>: Failed to establish a new connection: [Errno -2] Name or service not known',))
HTTPConnectionPool(host='www.dieei.unict.itcorsi', port=80): Max retries exceeded with url: /lm-29 (Caused by NewConnectionError('<urllib3.connection.HTTPConnection object at 0x7f09f01c61d0>: Failed to establish a new connection: [Errno -2] Name or service not known',))
HTTPConnectionPool(host='www.dieei.unict.itcorsi', port=80): Max retries exceeded with url: /lm-27 (Caused by NewConnectionError('<urllib3.connection.HTTPConnection object at 0x7f09dafc8dd8>: Failed to establish a new connection: [Errno -2] Name or service not known',))
HTTPConnectionPool(host='www.dieei.unict.itcorsi', port=80): Max retries exceeded with url: /lm-32 (Caused by NewConnectionError('<urllib3.connection.HTTPConnection object at 0x7f09dafc8198>: Failed to establish a new connection: [Errno -2] Name or service not known',))
HTTPConnectionPool(host='www.dieei.unict.itcorsi', port=80): Max retries exceeded with url: /l-8-ele (Caused by NewConnectionError('<urllib3.connection.HTTPConnection object at 0x7f09dad98f98>: Failed to establish a new connection: [Errno -2] Name or service not known',))
HTTPConnectionPool(host='www.dieei.unict.itcorsi', port=80): Max retries exceeded with url: /l-9 (Caused by NewConnectionError('<urllib3.connection.HTTPConnection object at 0x7f09dad98ba8>: Failed to establish a new connection: [Errno -2] Name or service not known',))
HTTPConnectionPool(host='www.dieei.unict.itcorsi', port=80): Max retries exceeded with url: /l-8-inf (Caused by NewConnectionError('<urllib3.connection.HTTPConnection object at 0x7f09dae84550>: Failed to establish a new connection: [Errno -2] Name or service not known',))
HTTPConnectionPool(host='www.dieei.unict.itcorsi', port=80): Max retries exceeded with url: /lm-25 (Caused by NewConnectionError('<urllib3.connection.HTTPConnection object at 0x7f09dae843c8>: Failed to establish a new connection: [Errno -2] Name or service not known',))
HTTPConnectionPool(host='www.dieei.unict.itcorsi', port=80): Max retries exceeded with url: /lm-28 (Caused by NewConnectionError('<urllib3.connection.HTTPConnection object at 0x7f09dae84198>: Failed to establish a new connection: [Errno -2] Name or service not known',))
HTTPConnectionPool(host='www.dieei.unict.itcorsi', port=80): Max retries exceeded with url: /lm-29 (Caused by NewConnectionError('<urllib3.connection.HTTPConnection object at 0x7f09dae84400>: Failed to establish a new connection: [Errno -2] Name or service not known',))
HTTPConnectionPool(host='www.dieei.unict.itcorsi', port=80): Max retries exceeded with url: /lm-27 (Caused by NewConnectionError('<urllib3.connection.HTTPConnection object at 0x7f09dae843c8>: Failed to establish a new connection: [Errno -2] Name or service not known',))
HTTPConnectionPool(host='www.dieei.unict.itcorsi', port=80): Max retries exceeded with url: /lm-32 (Caused by NewConnectionError('<urllib3.connection.HTTPConnection object at 0x7f09dae84710>: Failed to establish a new connection: [Errno -2] Name or service not known',))
HTTPConnectionPool(host='web.dmi.unict.itcorsi', port=80): Max retries exceeded with url: /l-31 (Caused by NewConnectionError('<urllib3.connection.HTTPConnection object at 0x7fb6e013b6a0>: Failed to establish a new connection: [Errno -2] Name or service not known',))
HTTPConnectionPool(host='web.dmi.unict.itcorsi', port=80): Max retries exceeded with url: /l-35 (Caused by NewConnectionError('<urllib3.connection.HTTPConnection object at 0x7fb6e013bd68>: Failed to establish a new connection: [Errno -2] Name or service not known',))
HTTPConnectionPool(host='web.dmi.unict.itcorsi', port=80): Max retries exceeded with url: /lm-18 (Caused by NewConnectionError('<urllib3.connection.HTTPConnection object at 0x7fb6e013be10>: Failed to establish a new connection: [Errno -2] Name or service not known',))
HTTPConnectionPool(host='web.dmi.unict.itcorsi', port=80): Max retries exceeded with url: /lm-40 (Caused by NewConnectionError('<urllib3.connection.HTTPConnection object at 0x7fb6e013bb38>: Failed to establish a new connection: [Errno -2] Name or service not known',))
HTTPConnectionPool(host='web.dmi.unict.itcorsi', port=80): Max retries exceeded with url: /l-31 (Caused by NewConnectionError('<urllib3.connection.HTTPConnection object at 0x7fb6e00475c0>: Failed to establish a new connection: [Errno -2] Name or service not known',))
HTTPConnectionPool(host='web.dmi.unict.itcorsi', port=80): Max retries exceeded with url: /l-35 (Caused by NewConnectionError('<urllib3.connection.HTTPConnection object at 0x7fb6e00473c8>: Failed to establish a new connection: [Errno -2] Name or service not known',))
HTTPConnectionPool(host='web.dmi.unict.itcorsi', port=80): Max retries exceeded with url: /lm-18 (Caused by NewConnectionError('<urllib3.connection.HTTPConnection object at 0x7fb6e0047400>: Failed to establish a new connection: [Errno -2] Name or service not known',))
HTTPConnectionPool(host='web.dmi.unict.itcorsi', port=80): Max retries exceeded with url: /lm-40 (Caused by NewConnectionError('<urllib3.connection.HTTPConnection object at 0x7fb6e0047588>: Failed to establish a new connection: [Errno -2] Name or service not known',))
HTTPConnectionPool(host='www.dieei.unict.itcorsi', port=80): Max retries exceeded with url: /l-8-ele (Caused by NewConnectionError('<urllib3.connection.HTTPConnection object at 0x7fb6d85d65f8>: Failed to establish a new connection: [Errno -2] Name or service not known',))
HTTPConnectionPool(host='www.dieei.unict.itcorsi', port=80): Max retries exceeded with url: /l-9 (Caused by NewConnectionError('<urllib3.connection.HTTPConnection object at 0x7fb6d85d6518>: Failed to establish a new connection: [Errno -2] Name or service not known',))
HTTPConnectionPool(host='www.dieei.unict.itcorsi', port=80): Max retries exceeded with url: /l-8-inf (Caused by NewConnectionError('<urllib3.connection.HTTPConnection object at 0x7fb6d85d6588>: Failed to establish a new connection: [Errno -2] Name or service not known',))
HTTPConnectionPool(host='www.dieei.unict.itcorsi', port=80): Max retries exceeded with url: /lm-25 (Caused by NewConnectionError('<urllib3.connection.HTTPConnection object at 0x7fb6d85d6550>: Failed to establish a new connection: [Errno -2] Name or service not known',))
HTTPConnectionPool(host='www.dieei.unict.itcorsi', port=80): Max retries exceeded with url: /lm-28 (Caused by NewConnectionError('<urllib3.connection.HTTPConnection object at 0x7fb6d85d65c0>: Failed to establish a new connection: [Errno -2] Name or service not known',))
HTTPConnectionPool(host='www.dieei.unict.itcorsi', port=80): Max retries exceeded with url: /lm-29 (Caused by NewConnectionError('<urllib3.connection.HTTPConnection object at 0x7fb6d85d64e0>: Failed to establish a new connection: [Errno -2] Name or service not known',))
HTTPConnectionPool(host='www.dieei.unict.itcorsi', port=80): Max retries exceeded with url: /lm-27 (Caused by NewConnectionError('<urllib3.connection.HTTPConnection object at 0x7fb6d85d6550>: Failed to establish a new connection: [Errno -2] Name or service not known',))
HTTPConnectionPool(host='www.dieei.unict.itcorsi', port=80): Max retries exceeded with url: /lm-32 (Caused by NewConnectionError('<urllib3.connection.HTTPConnection object at 0x7fb6d85d6198>: Failed to establish a new connection: [Errno -2] Name or service not known',))
HTTPConnectionPool(host='www.dieei.unict.itcorsi', port=80): Max retries exceeded with url: /l-8-ele (Caused by NewConnectionError('<urllib3.connection.HTTPConnection object at 0x7fb6e00a3fd0>: Failed to establish a new connection: [Errno -2] Name or service not known',))
HTTPConnectionPool(host='www.dieei.unict.itcorsi', port=80): Max retries exceeded with url: /l-9 (Caused by NewConnectionError('<urllib3.connection.HTTPConnection object at 0x7fb6e00a3da0>: Failed to establish a new connection: [Errno -2] Name or service not known',))
HTTPConnectionPool(host='www.dieei.unict.itcorsi', port=80): Max retries exceeded with url: /l-8-inf (Caused by NewConnectionError('<urllib3.connection.HTTPConnection object at 0x7fb6d867aa90>: Failed to establish a new connection: [Errno -2] Name or service not known',))
HTTPConnectionPool(host='www.dieei.unict.itcorsi', port=80): Max retries exceeded with url: /lm-25 (Caused by NewConnectionError('<urllib3.connection.HTTPConnection object at 0x7fb6d867a5c0>: Failed to establish a new connection: [Errno -2] Name or service not known',))
HTTPConnectionPool(host='www.dieei.unict.itcorsi', port=80): Max retries exceeded with url: /lm-28 (Caused by NewConnectionError('<urllib3.connection.HTTPConnection object at 0x7fb6d867a1d0>: Failed to establish a new connection: [Errno -2] Name or service not known',))
HTTPConnectionPool(host='www.dieei.unict.itcorsi', port=80): Max retries exceeded with url: /lm-29 (Caused by NewConnectionError('<urllib3.connection.HTTPConnection object at 0x7fb6d867acc0>: Failed to establish a new connection: [Errno -2] Name or service not known',))
HTTPConnectionPool(host='www.dieei.unict.itcorsi', port=80): Max retries exceeded with url: /lm-27 (Caused by NewConnectionError('<urllib3.connection.HTTPConnection object at 0x7fb6d867aeb8>: Failed to establish a new connection: [Errno -2] Name or service not known',))
HTTPConnectionPool(host='www.dieei.unict.itcorsi', port=80): Max retries exceeded with url: /lm-32 (Caused by NewConnectionError('<urllib3.connection.HTTPConnection object at 0x7fb6d867aa20>: Failed to establish a new connection: [Errno -2] Name or service not known',))
